<html>
<body>
<pre>
<h1>µVision Build Log</h1>
<h2>Project:</h2>
C:\Users\Jeehong\projects\grow-tube-clock\sofware\Project\OS.uvproj
Project File Date:  04/27/2016

<h2>Output:</h2>
Build target 'FreeRTOS'
compiling LwIPEntry.c...
linking...
Program Size: Code=49290 RO-data=598 RW-data=392 ZI-data=39552  
FromELF: creating hex file...
".\Obj\OS.axf" - 0 Error(s), 0 Warning(s).
</pre>
</body>
</html>
, ethernetif_init, tcpip_input);
..\Lwip-1.3.2\src\LwIPEntry\LwIPEntry.c: 0 warnings, 1 error
".\Obj\OS.axf" - 1 Error(s), 0 Warning(s).
Target not created
"prvInitialiseMutex" was declared but never referenced
  static void prvInitialiseMutex( Queue_t *pxNewQueue )
..\FreeRTOS\queue.c: 1 warning, 0 errors
compiling tasks.c...
compiling timers.c...
compiling port.c...
compiling heap_2.c...
compiling ethernetif.c...
compiling sys_arch.c...
..\Lwip-1.3.2\src\arch\sys_arch.c(414): warning:  #167-D: argument of type "signed char *" is incompatible with parameter of type "const char *const"
        result = xTaskCreate( thread, ( signed portCHAR * ) name, stacksize, arg, prio, &CreatedTask );
..\Lwip-1.3.2\src\arch\sys_arch.c: 1 warning, 0 errors
compiling etharp.c...
compiling dhcp.c...
compiling dns.c...
compiling init.c...
compiling mem.c...
compiling memp.c...
compiling netif.c...
compiling pbuf.c...
..\Lwip-1.3.2\src\core\pbuf.c(916): warning:  #550-D: variable "err" was set but never used
    err_t err;
..\Lwip-1.3.2\src\core\pbuf.c: 1 warning, 0 errors
compiling raw.c...
compiling stats.c...
compiling sys.c...
compiling tcp.c...
compiling tcp_in.c...
compiling tcp_out.c...
compiling udp.c...
compiling icmp.c...
compiling igmp.c...
compiling inet.c...
compiling inet_chksum.c...
compiling ip.c...
compiling ip_addr.c...
compiling ip_frag.c...
compiling LwIPEntry.c...
compiling api_lib.c...
compiling api_msg.c...
compiling err.c...
compiling netbuf.c...
compiling netdb.c...
compiling netifapi.c...
compiling sockets.c...
compiling tcpip.c...
linking...
Program Size: Code=49034 RO-data=598 RW-data=392 ZI-data=39552  
FromELF: creating hex file...
".\Obj\OS.axf" - 0 Error(s), 3 Warning(s).
