Product: MDK-ARM Standard 5.10
Component: ARM Compiler 5.04 update 1 (build 49)
Tool: armlink [5040049]

==============================================================================

Section Cross References

    app_buz.o(.text) refers to stm32f10x_tim.o(.text) for TIM_CtrlPWMOutputs
    app_buz.o(.text) refers to tasks.o(.text) for vTaskDelay
    app_buz.o(.text) refers to app_buz.o(.data) for warning_times
    app_cli.o(.text) refers to mid_cli.o(.text) for mid_cli_register
    app_cli.o(.text) refers to strcat.o(.text) for strcat
    app_cli.o(.text) refers to strcpy.o(.text) for strcpy
    app_cli.o(.text) refers to mid_rtc.o(.text) for mid_rtc_get_time
    app_cli.o(.text) refers to printfa.o(i.__0sprintf) for __2sprintf
    app_cli.o(.text) refers to atoi.o(.text) for atoi
    app_cli.o(.text) refers to app_th.o(.text) for app_th_get_data
    app_cli.o(.text) refers to cfcmple.o(.text) for __aeabi_cfcmpeq
    app_cli.o(.text) refers to f2d.o(.text) for __aeabi_f2d
    app_cli.o(.text) refers to main.o(.text) for main_get_task_handle
    app_cli.o(.text) refers to app_led.o(.text) for app_led_set_color
    app_cli.o(.text) refers to tasks.o(.text) for vTaskResume
    app_cli.o(.text) refers to app_display.o(.text) for app_display_on
    app_cli.o(.text) refers to ffltui.o(.text) for __aeabi_ui2f
    app_cli.o(.text) refers to fdiv.o(.text) for __aeabi_fdiv
    app_cli.o(.text) refers to fmul.o(.text) for __aeabi_fmul
    app_cli.o(.text) refers to ffixui.o(.text) for __aeabi_f2uiz
    app_cli.o(.text) refers to app_cli.o(.constdata) for info
    app_cli.o(.text) refers to app_cli.o(.data) for dev_info
    app_cli.o(.text) refers to app_cli.o(.bss) for ptasks
    app_cli.o(.text) refers to app_cli.o(.conststring) for .conststring
    app_cli.o(.text) refers to app_time.o(.text) for app_time_set_showtime
    app_cli.o(.constdata) refers to app_cli.o(.conststring) for .conststring
    app_cli.o(.constdata) refers to app_cli.o(.text) for info_main
    app_cli.o(.data) refers to app_cli.o(.conststring) for .conststring
    app_data.o(.text) refers to stm32f10x_flash.o(.text) for FLASH_Unlock
    app_data.o(.text) refers to queue.o(.text) for xQueueCreateMutex
    app_data.o(.text) refers to port.o(.text) for vPortEnterCritical
    app_data.o(.text) refers to app_data.o(.data) for mData
    app_display.o(.text) refers to app_display.o(i.bsp_74hc595_set_SH_CP) for bsp_74hc595_set_SH_CP
    app_display.o(.text) refers to app_display.o(i.bsp_74hc595_set_DATA) for bsp_74hc595_set_DATA
    app_display.o(.text) refers to app_display.o(i.bsp_74hc595_set_ST_CP) for bsp_74hc595_set_ST_CP
    app_display.o(.text) refers to port.o(.text) for vPortEnterCritical
    app_display.o(.text) refers to app_display.o(i.bsp_set_hv_state) for bsp_set_hv_state
    app_display.o(.text) refers to app_display.o(i.app_display_set_show) for app_display_set_show
    app_display.o(.text) refers to main.o(.text) for main_get_task_handle
    app_display.o(.text) refers to tasks.o(.text) for vTaskResume
    app_display.o(.text) refers to memseta.o(.text) for __aeabi_memset
    app_display.o(.text) refers to stm32f10x_gpio.o(.text) for GPIO_ResetBits
    app_display.o(.text) refers to app_display.o(.constdata) for .constdata
    app_display.o(.text) refers to app_display.o(.data) for hv_state
    app_led.o(.text) refers to stm32f10x_rcc.o(.text) for RCC_APB2PeriphClockCmd
    app_led.o(.text) refers to stm32f10x_gpio.o(.text) for GPIO_Init
    app_led.o(.text) refers to app_data.o(.text) for app_data_read_led_color
    app_led.o(.text) refers to tasks.o(.text) for xTaskGetTickCount
    app_led.o(.text) refers to app_led.o(.data) for led_color
    app_led.o(.text) refers to app_led.o(.constdata) for port_list
    main.o(.text) refers to bsp.o(.text) for bsp_init
    main.o(.text) refers to mid_dbg.o(.text) for mid_dbg_init
    main.o(.text) refers to app_led.o(.text) for app_led_init
    main.o(.text) refers to app_data.o(.text) for app_data_init
    main.o(.text) refers to printfa.o(i.__0sprintf) for __2sprintf
    main.o(.text) refers to app_cli.o(.text) for app_cli_init
    main.o(.text) refers to tasks.o(.text) for xTaskCreate
    main.o(.text) refers to main.o(.bss) for task_handle
    main.o(.text) refers to app_display.o(.text) for app_display_task
    main.o(.text) refers to app_th.o(.text) for app_th_task
    main.o(.text) refers to app_time.o(.text) for app_time_task
    main.o(.text) refers to app_buz.o(.text) for app_buz_task
    app_th.o(.text) refers to mid_kalman.o(.text) for kalman1_init
    app_th.o(.text) refers to tasks.o(.text) for vTaskDelay
    app_th.o(.text) refers to mid_th.o(.text) for mid_th_get_data
    app_th.o(.text) refers to mid_dbg.o(.text) for dbg_string
    app_th.o(.text) refers to fmul.o(.text) for __aeabi_fmul
    app_th.o(.text) refers to ffixui.o(.text) for __aeabi_f2uiz
    app_th.o(.text) refers to app_display.o(.text) for app_display_show_info
[...]
    prvInitialiseNewTask                     0x08005a63   Thumb Code   154  tasks.o(.text)
    prvResetNextTaskUnblockTime              0x08005b59   Thumb Code    42  tasks.o(.text)
    prvDeleteTCB                             0x08005b83   Thumb Code    18  tasks.o(.text)
    prvAddCurrentTaskToDelayedList           0x08005e4f   Thumb Code   124  tasks.o(.text)
    prvTaskIsTaskSuspended                   0x08006223   Thumb Code    56  tasks.o(.text)
    prvCheckTasksWaitingTermination          0x08006345   Thumb Code    86  tasks.o(.text)
    prvIdleTask                              0x0800639b   Thumb Code    32  tasks.o(.text)
    prvTaskCheckFreeStackSpace               0x08006457   Thumb Code    22  tasks.o(.text)
    prvListTasksWithinSingleList             0x080064df   Thumb Code   106  tasks.o(.text)
    .text                                    0x08006d14   Section        0  timers.o(.text)
    prvInsertTimerInActiveList               0x08006d15   Thumb Code    80  timers.o(.text)
    prvSwitchTimerLists                      0x08006dcb   Thumb Code   122  timers.o(.text)
    prvSampleTimeNow                         0x08006e45   Thumb Code    40  timers.o(.text)
    prvProcessReceivedCommands               0x08006e6d   Thumb Code   184  timers.o(.text)
    prvProcessExpiredTimer                   0x08006f25   Thumb Code    70  timers.o(.text)
    prvProcessTimerOrBlockTask               0x08006f6b   Thumb Code   102  timers.o(.text)
    prvGetNextExpireTime                     0x08006fd1   Thumb Code    36  timers.o(.text)
    prvTimerTask                             0x08006ff5   Thumb Code    26  timers.o(.text)
    prvCheckForValidListAndQueue             0x0800700f   Thumb Code    56  timers.o(.text)
    prvInitialiseNewTimer                    0x08007071   Thumb Code    46  timers.o(.text)
    .text                                    0x08007160   Section        0  heap_2.o(.text)
    prvHeapInit                              0x08007161   Thumb Code    42  heap_2.o(.text)
    .text                                    0x08007284   Section        0  port.o(.text)
    prvTaskExitError                         0x08007285   Thumb Code    22  port.o(.text)
    .text                                    0x08007368   Section        0  memcpya.o(.text)
    .text                                    0x0800738c   Section        0  memseta.o(.text)
    .text                                    0x080073b0   Section        0  strcat.o(.text)
    .text                                    0x080073c8   Section        0  strlen.o(.text)
    .text                                    0x080073d6   Section        0  strcmp.o(.text)
    .text                                    0x080073f2   Section        0  strcpy.o(.text)
    .text                                    0x08007404   Section        0  strncmp.o(.text)
    .text                                    0x08007422   Section        0  atoi.o(.text)
    .text                                    0x0800743c   Section        0  fadd.o(.text)
    .text                                    0x080074ec   Section        0  fmul.o(.text)
    .text                                    0x08007550   Section        0  fdiv.o(.text)
    .text                                    0x080075cc   Section        0  ffltui.o(.text)
    .text                                    0x080075d6   Section        0  ffixui.o(.text)
    .text                                    0x080075fe   Section        0  f2d.o(.text)
    .text                                    0x08007624   Section       40  cdcmple.o(.text)
    .text                                    0x0800764c   Section       20  cfcmple.o(.text)
    .text                                    0x08007660   Section       20  cfrcmple.o(.text)
    .text                                    0x08007674   Section        0  uidiv.o(.text)
    .text                                    0x080076a0   Section        0  uldiv.o(.text)
    .text                                    0x08007702   Section        0  strtol.o(.text)
    .text                                    0x08007772   Section        0  fepilogue.o(.text)
    .text                                    0x08007772   Section        0  iusefp.o(.text)
    .text                                    0x080077e0   Section        0  dadd.o(.text)
    .text                                    0x0800792e   Section        0  dmul.o(.text)
    .text                                    0x08007a12   Section        0  ddiv.o(.text)
    .text                                    0x08007af0   Section        0  dfixul.o(.text)
    .text                                    0x08007b20   Section       40  cdrcmple.o(.text)
    .text                                    0x08007b48   Section       36  init.o(.text)
    .text                                    0x08007b6c   Section        0  llshl.o(.text)
    .text                                    0x08007b8a   Section        0  llushr.o(.text)
    .text                                    0x08007baa   Section        0  llsshr.o(.text)
    .text                                    0x08007bd0   Section        0  ctype_o.o(.text)
    .text                                    0x08007bd8   Section        0  _strtoul.o(.text)
    .text                                    0x08007c76   Section        0  depilogue.o(.text)
    .text                                    0x08007d2c   Section        0  _chval.o(.text)
    i.__0sprintf                             0x08007d48   Section        0  printfa.o(i.__0sprintf)
    i.__0vsprintf                            0x08007d70   Section        0  printfa.o(i.__0vsprintf)
    i.__aeabi_errno_addr                     0x08007d94   Section        0  errno.o(i.__aeabi_errno_addr)
    i.__scatterload_copy                     0x08007d9c   Section       14  handlers.o(i.__scatterload_copy)
    i.__scatterload_null                     0x08007daa   Section        2  handlers.o(i.__scatterload_null)
    i.__scatterload_zeroinit                 0x08007dac   Section       14  handlers.o(i.__scatterload_zeroinit)
    i._fp_digits                             0x08007dbc   Section        0  printfa.o(i._fp_digits)
    _fp_digits                               0x08007dbd   Thumb Code   334  printfa.o(i._fp_digits)
    i._printf_core                           0x08007f20   Section        0  printfa.o(i._printf_core)
    _printf_core                             0x08007f21   Thumb Code  1744  printfa.o(i._printf_core)
    i._printf_post_padding                   0x080085fc   Section        0  printfa.o(i._printf_post_padding)
    _printf_post_padding                     0x080085fd   Thumb Code    36  printfa.o(i._printf_post_padding)
    i._printf_pre_padding                    0x08008620   Section        0  printfa.o(i._printf_pre_padding)
    _printf_pre_padding                      0x08008621   Thumb Code    46  printfa.o(i._printf_pre_padding)
    i._sputc                                 0x0800864e   Section        0  printfa.o(i._sputc)
    _sputc                                   0x0800864f   Thumb Code    10  printfa.o(i._sputc)
    i.app_display_set_show                   0x08008658   Section        0  app_display.o(i.app_display_set_show)
    i.bsp_74hc595_set_DATA                   0x08008680   Section        0  app_display.o(i.bsp_74hc595_set_DATA)
    i.bsp_74hc595_set_SH_CP                  0x0800869c   Section        0  app_display.o(i.bsp_74hc595_set_SH_CP)
    i.bsp_74hc595_set_ST_CP                  0x080086b8   Section        0  app_display.o(i.bsp_74hc595_set_ST_CP)
    i.bsp_set_hv_state                       0x080086d4   Section        0  app_display.o(i.bsp_set_hv_state)
    .constdata                               0x080086f0   Section      160  app_cli.o(.constdata)
    info                                     0x080086f0   Data          16  app_cli.o(.constdata)
    clear                                    0x08008700   Data          16  app_cli.o(.constdata)
    date                                     0x08008710   Data          16  app_cli.o(.constdata)
    sdate                                    0x08008720   Data          16  app_cli.o(.constdata)
    th                                       0x08008730   Data          16  app_cli.o(.constdata)
    led                                      0x08008740   Data          16  app_cli.o(.constdata)
    reboot                                   0x08008750   Data          16  app_cli.o(.constdata)
    lcd                                      0x08008760   Data          16  app_cli.o(.constdata)
    top                                      0x08008770   Data          16  app_cli.o(.constdata)
    setlcd                                   0x08008780   Data          16  app_cli.o(.constdata)
    .constdata                               0x08008790   Section        8  app_display.o(.constdata)
    .constdata                               0x08008798   Section        6  app_led.o(.constdata)
    .constdata                               0x080087a0   Section       36  mid_cli.o(.constdata)
    passwd                                   0x080087a0   Data           4  mid_cli.o(.constdata)
    input_passwd_msg                         0x080087a4   Data           4  mid_cli.o(.constdata)
    incorrect_passwd_msg                     0x080087a8   Data           4  mid_cli.o(.constdata)
    pcNewLine                                0x080087ac   Data           4  mid_cli.o(.constdata)
    backspace                                0x080087b0   Data           4  mid_cli.o(.constdata)
    help                                     0x080087b4   Data          16  mid_cli.o(.constdata)
    .constdata                               0x080087c4   Section       12  mid_rtc.o(.constdata)
    rtc_days_in_month                        0x080087c4   Data          12  mid_rtc.o(.constdata)
    .constdata                               0x080087d0   Section      129  ctype_o.o(.constdata)
    .constdata                               0x08008854   Section        4  ctype_o.o(.constdata)
    table                                    0x08008854   Data           4  ctype_o.o(.constdata)
    .conststring                             0x08008858   Section      855  app_cli.o(.conststring)
    .conststring                             0x08008bb0   Section      253  mid_cli.o(.conststring)
    .data                                    0x20000000   Section        4  app_buz.o(.data)
    warning_times                            0x20000000   Data           4  app_buz.o(.data)
    .data                                    0x20000004   Section       29  app_cli.o(.data)
    dev_info                                 0x20000004   Data          24  app_cli.o(.data)
    string                                   0x2000001c   Data           4  app_cli.o(.data)
    curr_task                                0x20000020   Data           1  app_cli.o(.data)
    .data                                    0x20000024   Section       12  app_data.o(.data)
    mData                                    0x20000024   Data           8  app_data.o(.data)
    dataSync                                 0x2000002c   Data           4  app_data.o(.data)
    .data                                    0x20000030   Section        9  app_display.o(.data)
    lcd_pixel                                0x20000030   Data           7  app_display.o(.data)
    hv_state                                 0x20000037   Data           1  app_display.o(.data)
    processing                               0x20000038   Data           1  app_display.o(.data)
    .data                                    0x2000003a   Section        2  app_led.o(.data)
    led_color                                0x2000003a   Data           2  app_led.o(.data)
    .data                                    0x2000003c   Section        8  app_th.o(.data)
    th_data                                  0x2000003c   Data           8  app_th.o(.data)
    .data                                    0x20000044   Section        8  app_time.o(.data)
    ontime                                   0x20000044   Data           2  app_time.o(.data)
    offtime                                  0x20000046   Data           2  app_time.o(.data)
    xTimer500ms                              0x20000048   Data           4  app_time.o(.data)
    .data                                    0x2000004c   Section       40  mid_cli.o(.data)
    def_prefix                               0x2000004c   Data           4  mid_cli.o(.data)
    prefix                                   0x20000050   Data           4  mid_cli.o(.data)
    err_remind                               0x20000054   Data           4  mid_cli.o(.data)
    cmd_list_head                            0x20000058   Data           8  mid_cli.o(.data)
    pxLastCommandInList                      0x20000060   Data           4  mid_cli.o(.data)
    pxNewListItem                            0x20000064   Data           4  mid_cli.o(.data)
    permission                               0x20000068   Data           1  mid_cli.o(.data)
    cmd                                      0x2000006c   Data           4  mid_cli.o(.data)
    cmd                                      0x20000070   Data           4  mid_cli.o(.data)
    .data                                    0x20000074   Section        8  hal_uart.o(.data)
    xRxedChars                               0x20000074   Data           4  hal_uart.o(.data)
    xCharsForTx                              0x20000078   Data           4  hal_uart.o(.data)
    .data                                    0x2000007c   Section        4  hal_ds3231.o(.data)
    time_sync                                0x2000007c   Data           4  hal_ds3231.o(.data)
    .data                                    0x20000080   Section       20  stm32f10x_rcc.o(.data)
    APBAHBPrescTable                         0x20000080   Data          16  stm32f10x_rcc.o(.data)
    ADCPrescTable                            0x20000090   Data           4  stm32f10x_rcc.o(.data)
    .data                                    0x20000094   Section       60  tasks.o(.data)
    pxDelayedTaskList                        0x20000098   Data           4  tasks.o(.data)
    pxOverflowDelayedTaskList                0x2000009c   Data           4  tasks.o(.data)
    uxDeletedTasksWaitingCleanUp             0x200000a0   Data           4  tasks.o(.data)
    uxCurrentNumberOfTasks                   0x200000a4   Data           4  tasks.o(.data)
    xTickCount                               0x200000a8   Data           4  tasks.o(.data)
    uxTopReadyPriority                       0x200000ac   Data           4  tasks.o(.data)
    xSchedulerRunning                        0x200000b0   Data           4  tasks.o(.data)
    uxPendedTicks                            0x200000b4   Data           4  tasks.o(.data)
    xYieldPending                            0x200000b8   Data           4  tasks.o(.data)
    xNumOfOverflows                          0x200000bc   Data           4  tasks.o(.data)
    uxTaskNumber                             0x200000c0   Data           4  tasks.o(.data)
    xNextTaskUnblockTime                     0x200000c4   Data           4  tasks.o(.data)
    xIdleTaskHandle                          0x200000c8   Data           4  tasks.o(.data)
    uxSchedulerSuspended                     0x200000cc   Data           4  tasks.o(.data)
    .data                                    0x200000d0   Section       20  timers.o(.data)
    pxCurrentTimerList                       0x200000d0   Data           4  timers.o(.data)
    pxOverflowTimerList                      0x200000d4   Data           4  timers.o(.data)
    xTimerQueue                              0x200000d8   Data           4  timers.o(.data)
    xTimerTaskHandle                         0x200000dc   Data           4  timers.o(.data)
    xLastTime                                0x200000e0   Data           4  timers.o(.data)
    .data                                    0x200000e4   Section       24  heap_2.o(.data)
    xStart                                   0x200000e4   Data           8  heap_2.o(.data)
    xEnd                                     0x200000ec   Data           8  heap_2.o(.data)
    xFreeBytesRemaining                      0x200000f4   Data           4  heap_2.o(.data)
    xHeapHasBeenInitialised                  0x200000f8   Data           4  heap_2.o(.data)
    .data                                    0x200000fc   Section        4  port.o(.data)
    uxCriticalNesting                        0x200000fc   Data           4  port.o(.data)
    .data                                    0x20000100   Section        4  errno.o(.data)
    _errno                                   0x20000100   Data           4  errno.o(.data)
    .bss                                     0x20000104   Section     1080  app_cli.o(.bss)
    ptasks                                   0x20000104   Data        1080  app_cli.o(.bss)
    .bss                                     0x2000053c   Section       48  main.o(.bss)
    task_handle                              0x2000053c   Data          28  main.o(.bss)
    cmd_prefix                               0x20000558   Data          20  main.o(.bss)
    .bss                                     0x2000056c   Section       28  app_th.o(.bss)
    temp_state                               0x2000056c   Data          28  app_th.o(.bss)
    .bss                                     0x20000588   Section      744  app_time.o(.bss)
    events                                   0x20000588   Data         744  app_time.o(.bss)
    .bss                                     0x20000870   Section      752  mid_cli.o(.bss)
    vars                                     0x20000870   Data         200  mid_cli.o(.bss)
    argv                                     0x20000938   Data          40  mid_cli.o(.bss)
    cOutputString                            0x20000960   Data         256  mid_cli.o(.bss)
    cInputString                             0x20000a60   Data         256  mid_cli.o(.bss)
    .bss                                     0x20000b60   Section       48  i2c_bus.o(.bss)
    i2c_bus                                  0x20000b60   Data          48  i2c_bus.o(.bss)
    .bss                                     0x20000b90   Section      300  tasks.o(.bss)
    pxReadyTasksLists                        0x20000b90   Data         200  tasks.o(.bss)
    xDelayedTaskList1                        0x20000c58   Data          20  tasks.o(.bss)
    xDelayedTaskList2                        0x20000c6c   Data          20  tasks.o(.bss)
    xPendingReadyList                        0x20000c80   Data          20  tasks.o(.bss)
    xTasksWaitingTermination                 0x20000c94   Data          20  tasks.o(.bss)
    xSuspendedTaskList                       0x20000ca8   Data          20  tasks.o(.bss)
    .bss                                     0x20000cbc   Section       40  timers.o(.bss)
    xActiveTimerList1                        0x20000cbc   Data          20  timers.o(.bss)
    xActiveTimerList2                        0x20000cd0   Data          20  timers.o(.bss)
    .bss                                     0x20000ce4   Section    17408  heap_2.o(.bss)
    ucHeap                                   0x20000ce4   Data       17408  heap_2.o(.bss)
    STACK                                    0x200050e8   Section     1024  cstartup.o(STACK)

    Global Symbols

    Symbol Name                              Value     Ov Type        Size  Object(Section)

    BuildAttributes$$THM_ISAv4$P$D$K$B$S$PE$A:L22UL41UL21$X:L11$S22US41US21$IEEE1$IW$USESV6$~STKCKD$USESV7$~SHL$OTIME$ROPI$EBA8$MICROLIB$REQ8$PRES8$EABIv2 0x00000000   Number         0  anon$$obj.o ABSOLUTE
    __ARM_use_no_argv                        0x00000000   Number         0  main.o ABSOLUTE
    _printf_a                                0x00000000   Number         0  stubs.o ABSOLUTE
    _printf_c                                0x00000000   Number         0  stubs.o ABSOLUTE
    _printf_charcount                        0x00000000   Number         0  stubs.o ABSOLUTE
    _printf_d                                0x00000000   Number         0  stubs.o ABSOLUTE
    _printf_e                                0x00000000   Number         0  stubs.o ABSOLUTE
    _printf_f                                0x00000000   Number         0  stubs.o ABSOLUTE
    _printf_flags                            0x00000000   Number         0  stubs.o ABSOLUTE
    _printf_fp_dec                           0x00000000   Number         0  stubs.o ABSOLUTE
    _printf_fp_hex                           0x00000000   Number         0  stubs.o ABSOLUTE
    _printf_g                                0x00000000   Number         0  stubs.o ABSOLUTE
    _printf_i                                0x00000000   Number         0  stubs.o ABSOLUTE
    _printf_int_dec                          0x00000000   Number         0  stubs.o ABSOLUTE
    _printf_l                                0x00000000   Number         0  stubs.o ABSOLUTE
    _printf_lc                               0x00000000   Number         0  stubs.o ABSOLUTE
    _printf_ll                               0x00000000   Number         0  stubs.o ABSOLUTE
    _printf_lld                              0x00000000   Number         0  stubs.o ABSOLUTE
    _printf_lli                              0x00000000   Number         0  stubs.o ABSOLUTE
    _printf_llo                              0x00000000   Number         0  stubs.o ABSOLUTE
    _printf_llu                              0x00000000   Number         0  stubs.o ABSOLUTE
    _printf_llx                              0x00000000   Number         0  stubs.o ABSOLUTE
    _printf_longlong_dec                     0x00000000   Number         0  stubs.o ABSOLUTE
    _printf_longlong_hex                     0x00000000   Number         0  stubs.o ABSOLUTE
    _printf_longlong_oct                     0x00000000   Number         0  stubs.o ABSOLUTE
    _printf_ls                               0x00000000   Number         0  stubs.o ABSOLUTE
    _printf_mbtowc                           0x00000000   Number         0  stubs.o ABSOLUTE
    _printf_n                                0x00000000   Number         0  stubs.o ABSOLUTE
    _printf_o                                0x00000000   Number         0  stubs.o ABSOLUTE
    _printf_p                                0x00000000   Number         0  stubs.o ABSOLUTE
    _printf_percent                          0x00000000   Number         0  stubs.o ABSOLUTE
    _printf_pre_padding                      0x00000000   Number         0  stubs.o ABSOLUTE
    _printf_return_value                     0x00000000   Number         0  stubs.o ABSOLUTE
    _printf_s                                0x00000000   Number         0  stubs.o ABSOLUTE
    _printf_sizespec                         0x00000000   Number         0  stubs.o ABSOLUTE
    _printf_str                              0x00000000   Number         0  stubs.o ABSOLUTE
    _printf_truncate_signed                  0x00000000   Number         0  stubs.o ABSOLUTE
    _printf_truncate_unsigned                0x00000000   Number         0  stubs.o ABSOLUTE
    _printf_u                                0x00000000   Number         0  stubs.o ABSOLUTE
    _printf_wc                               0x00000000   Number         0  stubs.o ABSOLUTE
    _printf_wctomb                           0x00000000   Number         0  stubs.o ABSOLUTE
    _printf_widthprec                        0x00000000   Number         0  stubs.o ABSOLUTE
    _printf_x                                0x00000000   Number         0  stubs.o ABSOLUTE
    __cpp_initialize__aeabi_                  - Undefined Weak Reference
    __cxa_finalize                            - Undefined Weak Reference
    __decompress                              - Undefined Weak Reference
    _clock_init                               - Undefined Weak Reference
    _microlib_exit                            - Undefined Weak Reference
    __Vectors                                0x08000000   Data           4  cstartup.o(RESET)
    __main                                   0x080000ed   Thumb Code     0  entry.o(.ARM.Collect$$$$00000000)
    _main_stk                                0x080000ed   Thumb Code     0  entry2.o(.ARM.Collect$$$$00000001)
    _main_scatterload                        0x080000f1   Thumb Code     0  entry5.o(.ARM.Collect$$$$00000004)
    __main_after_scatterload                 0x080000f5   Thumb Code     0  entry5.o(.ARM.Collect$$$$00000004)
    _main_clock                              0x080000f5   Thumb Code     0  entry7b.o(.ARM.Collect$$$$00000008)
    _main_cpp_init                           0x080000f5   Thumb Code     0  entry8b.o(.ARM.Collect$$$$0000000A)
    _main_init                               0x080000f5   Thumb Code     0  entry9a.o(.ARM.Collect$$$$0000000B)
    __rt_final_cpp                           0x080000fd   Thumb Code     0  entry10a.o(.ARM.Collect$$$$0000000D)
    __rt_final_exit                          0x080000fd   Thumb Code     0  entry11a.o(.ARM.Collect$$$$0000000F)
    vPortSVCHandler                          0x08000101   Thumb Code    32  port.o(.emb_text)
    __asm___6_port_c_39a90d8d__prvStartFirstTask 0x08000125   Thumb Code    28  port.o(.emb_text)
    xPortPendSVHandler                       0x08000145   Thumb Code    72  port.o(.emb_text)
    vPortGetIPSR                             0x08000191   Thumb Code     6  port.o(.emb_text)
    app_buz_task                             0x08000199   Thumb Code    62  app_buz.o(.text)
    app_buzzer_set_times                     0x080001d7   Thumb Code    12  app_buz.o(.text)
    app_cli_init                             0x08000951   Thumb Code    28  app_cli.o(.text)
    app_data_init                            0x080009f9   Thumb Code    34  app_data.o(.text)
    app_data_read_showtime                   0x08000a1f   Thumb Code    30  app_data.o(.text)
    app_data_write_showtime                  0x08000a3d   Thumb Code    28  app_data.o(.text)
    app_data_read_led_color                  0x08000a59   Thumb Code    24  app_data.o(.text)
    app_data_write_led_color                 0x08000a71   Thumb Code    24  app_data.o(.text)
    app_data_store_task                      0x08000a89   Thumb Code   114  app_data.o(.text)
    app_display_task                         0x08000c8f   Thumb Code   232  app_display.o(.text)
    app_display_show_info                    0x08000d77   Thumb Code    40  app_display.o(.text)
    app_display_on                           0x08000da5   Thumb Code    24  app_display.o(.text)
    app_display_off                          0x08000dbd   Thumb Code    12  app_display.o(.text)
    app_led_init                             0x08000de5   Thumb Code    46  app_led.o(.text)
    app_led_task_blink                       0x08000e13   Thumb Code    78  app_led.o(.text)
    app_led_set_color                        0x08000e61   Thumb Code    30  app_led.o(.text)
    main_get_task_handle                     0x08000e8d   Thumb Code    10  main.o(.text)
    main                                     0x08000eab   Thumb Code   190  main.o(.text)
    app_th_task                              0x08000fe9   Thumb Code    36  app_th.o(.text)
    app_th_refresh_display                   0x0800100d   Thumb Code   122  app_th.o(.text)
    app_th_get_data                          0x08001087   Thumb Code    24  app_th.o(.text)
    app_time_get_event                       0x080010e1   Thumb Code    18  app_time.o(.text)
    app_time_set_showtime                    0x080010f3   Thumb Code    94  app_time.o(.text)
    app_time_get_showtime                    0x08001151   Thumb Code    14  app_time.o(.text)
    app_time_init_event                      0x0800115f   Thumb Code   180  app_time.o(.text)
    app_time_insert_event                    0x08001213   Thumb Code    62  app_time.o(.text)
    app_time_remove_event                    0x08001251   Thumb Code    60  app_time.o(.text)
    app_time_task                            0x0800148b   Thumb Code   360  app_time.o(.text)
    mid_th_get_data                          0x08001605   Thumb Code    70  mid_th.o(.text)
    mid_cli_register                         0x0800164d   Thumb Code    68  mid_cli.o(.text)
    mid_cli_init                             0x08001927   Thumb Code    76  mid_cli.o(.text)
    mid_dbg_init                             0x08001a61   Thumb Code    12  mid_dbg.o(.text)
    dbg_string                               0x08001a6d   Thumb Code    50  mid_dbg.o(.text)
    rtc_month_days                           0x08001aa1   Thumb Code    64  mid_rtc.o(.text)
    rtc_valid_tm                             0x08001ae1   Thumb Code    72  mid_rtc.o(.text)
    mid_rtc_de_irq                           0x08001b29   Thumb Code     8  mid_rtc.o(.text)
    mid_rtc_set_match                        0x08001b31   Thumb Code    16  mid_rtc.o(.text)
    mid_rtc_init                             0x08001b41   Thumb Code    30  mid_rtc.o(.text)
    mid_rtc_set_time                         0x08001b5f   Thumb Code    12  mid_rtc.o(.text)
    mid_rtc_get_time                         0x08001b6b   Thumb Code    12  mid_rtc.o(.text)
    mid_rtc_en_irq                           0x08001b77   Thumb Code    12  mid_rtc.o(.text)
    mid_rtc_read_alarm                       0x08001b83   Thumb Code    12  mid_rtc.o(.text)
    kalman1_init                             0x08001b95   Thumb Code    24  mid_kalman.o(.text)
    kalman1_filter                           0x08001bad   Thumb Code   156  mid_kalman.o(.text)
    kalman2_init                             0x08001c49   Thumb Code    62  mid_kalman.o(.text)
    kalman2_filter                           0x08001c87   Thumb Code   508  mid_kalman.o(.text)
    hal_sht10_get_data                       0x08001fe9   Thumb Code    80  hal_sht10.o(.text)
    i2c_bus_sda_dir                          0x0800207f   Thumb Code    72  i2c_bus.o(.text)
    i2c_bus_start                            0x080020c7   Thumb Code   256  i2c_bus.o(.text)
    i2c_bus_init                             0x08002251   Thumb Code   218  i2c_bus.o(.text)
    I2C_BUS_SDA_STATE                        0x08002431   Thumb Code    40  i2c_bus.o(.text)
    i2c_bus_write_byte                       0x08002459   Thumb Code   266  i2c_bus.o(.text)
    i2c_bus_read_byte                        0x08002563   Thumb Code   124  i2c_bus.o(.text)
    i2c_bus_write_ds3231                     0x080025df   Thumb Code    80  i2c_bus.o(.text)
    i2c_bus_read_ds3231                      0x0800262f   Thumb Code   106  i2c_bus.o(.text)
    bsp_init                                 0x08002977   Thumb Code    36  bsp.o(.text)
    hal_cli_data_tx                          0x080029b1   Thumb Code    20  hal_cli.o(.text)
    hal_cli_data_rx                          0x080029c5   Thumb Code    20  hal_cli.o(.text)
    hal_uart_init                            0x080029d9   Thumb Code   236  hal_uart.o(.text)
    hal_uart_get_char                        0x08002ac5   Thumb Code    32  hal_uart.o(.text)
    hal_uart_put_char                        0x08002ae5   Thumb Code    46  hal_uart.o(.text)
    hal_uart_put_string                      0x08002b13   Thumb Code    36  hal_uart.o(.text)
    USART1_IRQHandler                        0x08002b37   Thumb Code   156  hal_uart.o(.text)
    hal_ds3231_read_time                     0x08002be9   Thumb Code   302  hal_ds3231.o(.text)
    hal_ds3231_set_time                      0x08002d17   Thumb Code   292  hal_ds3231.o(.text)
    hal_ds3231_read_alarm                    0x08002e3b   Thumb Code    80  hal_ds3231.o(.text)
    hal_ds3231_set_alarm                     0x08002e8b   Thumb Code   192  hal_ds3231.o(.text)
    hal_ds3231_set_match                     0x08002f4b   Thumb Code   144  hal_ds3231.o(.text)
    hal_ds3231_de_irq                        0x08002fdb   Thumb Code    46  hal_ds3231.o(.text)
    hal_ds3231_en_irq                        0x08003009   Thumb Code    62  hal_ds3231.o(.text)
    hal_ds3231_init                          0x08003047   Thumb Code     6  hal_ds3231.o(.text)
    EXTI0_IRQHandler                         0x0800304d   Thumb Code    54  hal_ds3231.o(.text)
    Reset_Handler                            0x0800308d   Thumb Code     4  cstartup.o(.text)
    NMI_Handler                              0x08003091   Thumb Code     2  cstartup.o(.text)
    HardFault_Handler                        0x08003093   Thumb Code     2  cstartup.o(.text)
    MemManage_Handler                        0x08003095   Thumb Code     2  cstartup.o(.text)
    BusFault_Handler                         0x08003097   Thumb Code     2  cstartup.o(.text)
    UsageFault_Handler                       0x08003099   Thumb Code     2  cstartup.o(.text)
    SVC_Handler                              0x0800309b   Thumb Code     2  cstartup.o(.text)
    DebugMon_Handler                         0x0800309d   Thumb Code     2  cstartup.o(.text)
    PendSV_Handler                           0x0800309f   Thumb Code     2  cstartup.o(.text)
    SysTick_Handler                          0x080030a1   Thumb Code     2  cstartup.o(.text)
    ADC_IRQHandler                           0x080030a3   Thumb Code     0  cstartup.o(.text)
    CAN_RX1_IRQHandler                       0x080030a3   Thumb Code     0  cstartup.o(.text)
    CAN_SCE_IRQHandler                       0x080030a3   Thumb Code     0  cstartup.o(.text)
    DMAChannel1_IRQHandler                   0x080030a3   Thumb Code     0  cstartup.o(.text)
    DMAChannel2_IRQHandler                   0x080030a3   Thumb Code     0  cstartup.o(.text)
    DMAChannel3_IRQHandler                   0x080030a3   Thumb Code     0  cstartup.o(.text)
    DMAChannel4_IRQHandler                   0x080030a3   Thumb Code     0  cstartup.o(.text)
    DMAChannel5_IRQHandler                   0x080030a3   Thumb Code     0  cstartup.o(.text)
    DMAChannel6_IRQHandler                   0x080030a3   Thumb Code     0  cstartup.o(.text)
    DMAChannel7_IRQHandler                   0x080030a3   Thumb Code     0  cstartup.o(.text)
    EXTI15_10_IRQHandler                     0x080030a3   Thumb Code     0  cstartup.o(.text)
    EXTI1_IRQHandler                         0x080030a3   Thumb Code     0  cstartup.o(.text)
    EXTI2_IRQHandler                         0x080030a3   Thumb Code     0  cstartup.o(.text)
    EXTI3_IRQHandler                         0x080030a3   Thumb Code     0  cstartup.o(.text)
    EXTI4_IRQHandler                         0x080030a3   Thumb Code     0  cstartup.o(.text)
    EXTI9_5_IRQHandler                       0x080030a3   Thumb Code     0  cstartup.o(.text)
    FLASH_IRQHandler                         0x080030a3   Thumb Code     0  cstartup.o(.text)
    I2C1_ER_IRQHandler                       0x080030a3   Thumb Code     0  cstartup.o(.text)
    I2C1_EV_IRQHandler                       0x080030a3   Thumb Code     0  cstartup.o(.text)
    I2C2_ER_IRQHandler                       0x080030a3   Thumb Code     0  cstartup.o(.text)
    I2C2_EV_IRQHandler                       0x080030a3   Thumb Code     0  cstartup.o(.text)
    PVD_IRQHandler                           0x080030a3   Thumb Code     0  cstartup.o(.text)
    RCC_IRQHandler                           0x080030a3   Thumb Code     0  cstartup.o(.text)
    RTCAlarm_IRQHandler                      0x080030a3   Thumb Code     0  cstartup.o(.text)
    RTC_IRQHandler                           0x080030a3   Thumb Code     0  cstartup.o(.text)
    SPI1_IRQHandler                          0x080030a3   Thumb Code     0  cstartup.o(.text)
    SPI2_IRQHandler                          0x080030a3   Thumb Code     0  cstartup.o(.text)
    TAMPER_IRQHandler                        0x080030a3   Thumb Code     0  cstartup.o(.text)
    TIM1_BRK_IRQHandler                      0x080030a3   Thumb Code     0  cstartup.o(.text)
    TIM1_CC_IRQHandler                       0x080030a3   Thumb Code     0  cstartup.o(.text)
    TIM1_TRG_COM_IRQHandler                  0x080030a3   Thumb Code     0  cstartup.o(.text)
    TIM1_UP_IRQHandler                       0x080030a3   Thumb Code     0  cstartup.o(.text)
    TIM2_IRQHandler                          0x080030a3   Thumb Code     0  cstartup.o(.text)
    TIM3_IRQHandler                          0x080030a3   Thumb Code     0  cstartup.o(.text)
    TIM4_IRQHandler                          0x080030a3   Thumb Code     0  cstartup.o(.text)
    USART2_IRQHandler                        0x080030a3   Thumb Code     0  cstartup.o(.text)
    USART3_IRQHandler                        0x080030a3   Thumb Code     0  cstartup.o(.text)
    USBWakeUp_IRQHandler                     0x080030a3   Thumb Code     0  cstartup.o(.text)
    USB_HP_CAN_TX_IRQHandler                 0x080030a3   Thumb Code     0  cstartup.o(.text)
    USB_LP_CAN_RX0_IRQHandler                0x080030a3   Thumb Code     0  cstartup.o(.text)
    WWDG_IRQHandler                          0x080030a3   Thumb Code     0  cstartup.o(.text)
    GPIO_DeInit                              0x080030a9   Thumb Code   172  stm32f10x_gpio.o(.text)
    GPIO_AFIODeInit                          0x08003155   Thumb Code    20  stm32f10x_gpio.o(.text)
    GPIO_Init                                0x08003169   Thumb Code   278  stm32f10x_gpio.o(.text)
    GPIO_StructInit                          0x0800327f   Thumb Code    16  stm32f10x_gpio.o(.text)
    GPIO_ReadInputDataBit                    0x0800328f   Thumb Code    18  stm32f10x_gpio.o(.text)
    GPIO_ReadInputData                       0x080032a1   Thumb Code     8  stm32f10x_gpio.o(.text)
    GPIO_ReadOutputDataBit                   0x080032a9   Thumb Code    18  stm32f10x_gpio.o(.text)
    GPIO_ReadOutputData                      0x080032bb   Thumb Code     8  stm32f10x_gpio.o(.text)
    GPIO_SetBits                             0x080032c3   Thumb Code     4  stm32f10x_gpio.o(.text)
    GPIO_ResetBits                           0x080032c7   Thumb Code     4  stm32f10x_gpio.o(.text)
    GPIO_WriteBit                            0x080032cb   Thumb Code    10  stm32f10x_gpio.o(.text)
    GPIO_Write                               0x080032d5   Thumb Code     4  stm32f10x_gpio.o(.text)
    GPIO_PinLockConfig                       0x080032d9   Thumb Code    18  stm32f10x_gpio.o(.text)
    GPIO_EventOutputConfig                   0x080032eb   Thumb Code    26  stm32f10x_gpio.o(.text)
    GPIO_EventOutputCmd                      0x08003305   Thumb Code     6  stm32f10x_gpio.o(.text)
    GPIO_PinRemapConfig                      0x0800330b   Thumb Code   138  stm32f10x_gpio.o(.text)
    GPIO_EXTILineConfig                      0x08003395   Thumb Code    66  stm32f10x_gpio.o(.text)
    GPIO_ETH_MediaInterfaceConfig            0x080033d7   Thumb Code     8  stm32f10x_gpio.o(.text)
    RCC_DeInit                               0x08003405   Thumb Code    64  stm32f10x_rcc.o(.text)
    RCC_HSEConfig                            0x08003445   Thumb Code    70  stm32f10x_rcc.o(.text)
    RCC_GetFlagStatus                        0x0800348b   Thumb Code    56  stm32f10x_rcc.o(.text)
    RCC_WaitForHSEStartUp                    0x080034c3   Thumb Code    56  stm32f10x_rcc.o(.text)
    RCC_AdjustHSICalibrationValue            0x080034fb   Thumb Code    20  stm32f10x_rcc.o(.text)
    RCC_HSICmd                               0x0800350f   Thumb Code     6  stm32f10x_rcc.o(.text)
    RCC_PLLConfig                            0x08003515   Thumb Code    24  stm32f10x_rcc.o(.text)
    RCC_PLLCmd                               0x0800352d   Thumb Code     6  stm32f10x_rcc.o(.text)
    RCC_SYSCLKConfig                         0x08003533   Thumb Code    18  stm32f10x_rcc.o(.text)
    RCC_GetSYSCLKSource                      0x08003545   Thumb Code    10  stm32f10x_rcc.o(.text)
    RCC_HCLKConfig                           0x0800354f   Thumb Code    18  stm32f10x_rcc.o(.text)
    RCC_PCLK1Config                          0x08003561   Thumb Code    18  stm32f10x_rcc.o(.text)
    RCC_PCLK2Config                          0x08003573   Thumb Code    20  stm32f10x_rcc.o(.text)
    RCC_ITConfig                             0x08003587   Thumb Code    26  stm32f10x_rcc.o(.text)
    RCC_USBCLKConfig                         0x080035a1   Thumb Code     8  stm32f10x_rcc.o(.text)
    RCC_ADCCLKConfig                         0x080035a9   Thumb Code    18  stm32f10x_rcc.o(.text)
    RCC_LSEConfig                            0x080035bb   Thumb Code    50  stm32f10x_rcc.o(.text)
    RCC_LSICmd                               0x080035ed   Thumb Code     6  stm32f10x_rcc.o(.text)
    RCC_RTCCLKConfig                         0x080035f3   Thumb Code    12  stm32f10x_rcc.o(.text)
    RCC_RTCCLKCmd                            0x080035ff   Thumb Code     8  stm32f10x_rcc.o(.text)
    RCC_GetClocksFreq                        0x08003607   Thumb Code   192  stm32f10x_rcc.o(.text)
    RCC_AHBPeriphClockCmd                    0x080036c7   Thumb Code    26  stm32f10x_rcc.o(.text)
    RCC_APB2PeriphClockCmd                   0x080036e1   Thumb Code    26  stm32f10x_rcc.o(.text)
    RCC_APB1PeriphClockCmd                   0x080036fb   Thumb Code    26  stm32f10x_rcc.o(.text)
    RCC_APB2PeriphResetCmd                   0x08003715   Thumb Code    26  stm32f10x_rcc.o(.text)
    RCC_APB1PeriphResetCmd                   0x0800372f   Thumb Code    26  stm32f10x_rcc.o(.text)
    RCC_BackupResetCmd                       0x08003749   Thumb Code     8  stm32f10x_rcc.o(.text)
    RCC_ClockSecuritySystemCmd               0x08003751   Thumb Code     6  stm32f10x_rcc.o(.text)
    RCC_MCOConfig                            0x08003757   Thumb Code     6  stm32f10x_rcc.o(.text)
    RCC_ClearFlag                            0x0800375d   Thumb Code    14  stm32f10x_rcc.o(.text)
    RCC_GetITStatus                          0x0800376b   Thumb Code    20  stm32f10x_rcc.o(.text)
    RCC_ClearITPendingBit                    0x0800377f   Thumb Code     6  stm32f10x_rcc.o(.text)
    NVIC_PriorityGroupConfig                 0x080037a9   Thumb Code    10  misc.o(.text)
    NVIC_Init                                0x080037b3   Thumb Code   100  misc.o(.text)
    NVIC_SetVectorTable                      0x08003817   Thumb Code    14  misc.o(.text)
    NVIC_SystemLPConfig                      0x08003825   Thumb Code    34  misc.o(.text)
    SysTick_CLKSourceConfig                  0x08003847   Thumb Code    40  misc.o(.text)
    USART_DeInit                             0x08003885   Thumb Code   134  stm32f10x_usart.o(.text)
    USART_Init                               0x0800390b   Thumb Code   210  stm32f10x_usart.o(.text)
    USART_StructInit                         0x080039dd   Thumb Code    24  stm32f10x_usart.o(.text)
    USART_ClockInit                          0x080039f5   Thumb Code    34  stm32f10x_usart.o(.text)
    USART_ClockStructInit                    0x08003a17   Thumb Code    12  stm32f10x_usart.o(.text)
    USART_Cmd                                0x08003a23   Thumb Code    24  stm32f10x_usart.o(.text)
    USART_ITConfig                           0x08003a3b   Thumb Code    74  stm32f10x_usart.o(.text)
    USART_DMACmd                             0x08003a85   Thumb Code    18  stm32f10x_usart.o(.text)
    USART_SetAddress                         0x08003a97   Thumb Code    18  stm32f10x_usart.o(.text)
    USART_WakeUpConfig                       0x08003aa9   Thumb Code    18  stm32f10x_usart.o(.text)
    USART_ReceiverWakeUpCmd                  0x08003abb   Thumb Code    24  stm32f10x_usart.o(.text)
    USART_LINBreakDetectLengthConfig         0x08003ad3   Thumb Code    18  stm32f10x_usart.o(.text)
    USART_LINCmd                             0x08003ae5   Thumb Code    24  stm32f10x_usart.o(.text)
    USART_SendData                           0x08003afd   Thumb Code     8  stm32f10x_usart.o(.text)
    USART_ReceiveData                        0x08003b05   Thumb Code    10  stm32f10x_usart.o(.text)
    USART_SendBreak                          0x08003b0f   Thumb Code    10  stm32f10x_usart.o(.text)
    USART_SetGuardTime                       0x08003b19   Thumb Code    16  stm32f10x_usart.o(.text)
    USART_SetPrescaler                       0x08003b29   Thumb Code    16  stm32f10x_usart.o(.text)
    USART_SmartCardCmd                       0x08003b39   Thumb Code    24  stm32f10x_usart.o(.text)
    USART_SmartCardNACKCmd                   0x08003b51   Thumb Code    24  stm32f10x_usart.o(.text)
    USART_HalfDuplexCmd                      0x08003b69   Thumb Code    24  stm32f10x_usart.o(.text)
    USART_OverSampling8Cmd                   0x08003b81   Thumb Code    22  stm32f10x_usart.o(.text)
    USART_OneBitMethodCmd                    0x08003b97   Thumb Code    24  stm32f10x_usart.o(.text)
    USART_IrDAConfig                         0x08003baf   Thumb Code    18  stm32f10x_usart.o(.text)
    USART_IrDACmd                            0x08003bc1   Thumb Code    24  stm32f10x_usart.o(.text)
    USART_GetFlagStatus                      0x08003bd9   Thumb Code    26  stm32f10x_usart.o(.text)
    USART_ClearFlag                          0x08003bf3   Thumb Code    18  stm32f10x_usart.o(.text)
    USART_GetITStatus                        0x08003c05   Thumb Code    84  stm32f10x_usart.o(.text)
    USART_ClearITPendingBit                  0x08003c59   Thumb Code    52  stm32f10x_usart.o(.text)
    EXTI_DeInit                              0x08003c8d   Thumb Code    28  stm32f10x_exti.o(.text)
    EXTI_Init                                0x08003ca9   Thumb Code   142  stm32f10x_exti.o(.text)
    EXTI_StructInit                          0x08003d37   Thumb Code    16  stm32f10x_exti.o(.text)
    EXTI_GenerateSWInterrupt                 0x08003d47   Thumb Code    16  stm32f10x_exti.o(.text)
    EXTI_GetFlagStatus                       0x08003d57   Thumb Code    22  stm32f10x_exti.o(.text)
    EXTI_ClearFlag                           0x08003d6d   Thumb Code     8  stm32f10x_exti.o(.text)
    EXTI_GetITStatus                         0x08003d75   Thumb Code    34  stm32f10x_exti.o(.text)
    EXTI_ClearITPendingBit                   0x08003d97   Thumb Code     8  stm32f10x_exti.o(.text)
    TIM_DeInit                               0x08003da9   Thumb Code   424  stm32f10x_tim.o(.text)
    TIM_TimeBaseInit                         0x08003f51   Thumb Code   122  stm32f10x_tim.o(.text)
    TIM_OC1Init                              0x08003fcb   Thumb Code   132  stm32f10x_tim.o(.text)
    TIM_OC2Init                              0x0800404f   Thumb Code   154  stm32f10x_tim.o(.text)
    TIM_OC3Init                              0x080040e9   Thumb Code   150  stm32f10x_tim.o(.text)
    TIM_OC4Init                              0x0800417f   Thumb Code   182  stm32f10x_tim.o(.text)
    TIM_SetIC4Prescaler                      0x08004235   Thumb Code    26  stm32f10x_tim.o(.text)
    TIM_SetIC3Prescaler                      0x080042d1   Thumb Code    18  stm32f10x_tim.o(.text)
    TIM_SetIC2Prescaler                      0x0800435d   Thumb Code    26  stm32f10x_tim.o(.text)
    TIM_SetIC1Prescaler                      0x080043f9   Thumb Code    18  stm32f10x_tim.o(.text)
    TIM_ICInit                               0x08004477   Thumb Code   150  stm32f10x_tim.o(.text)
    TIM_PWMIConfig                           0x0800450d   Thumb Code   124  stm32f10x_tim.o(.text)
    TIM_BDTRConfig                           0x08004589   Thumb Code    32  stm32f10x_tim.o(.text)
    TIM_TimeBaseStructInit                   0x080045a9   Thumb Code    18  stm32f10x_tim.o(.text)
    TIM_OCStructInit                         0x080045bb   Thumb Code    20  stm32f10x_tim.o(.text)
    TIM_ICStructInit                         0x080045cf   Thumb Code    18  stm32f10x_tim.o(.text)
    TIM_BDTRStructInit                       0x080045e1   Thumb Code    40  stm32f10x_tim.o(.text)
    TIM_Cmd                                  0x08004609   Thumb Code    24  stm32f10x_tim.o(.text)
    TIM_CtrlPWMOutputs                       0x08004621   Thumb Code    30  stm32f10x_tim.o(.text)
    TIM_ITConfig                             0x0800463f   Thumb Code    18  stm32f10x_tim.o(.text)
    TIM_GenerateEvent                        0x08004651   Thumb Code     4  stm32f10x_tim.o(.text)
    TIM_DMAConfig                            0x08004655   Thumb Code    10  stm32f10x_tim.o(.text)
    TIM_DMACmd                               0x0800465f   Thumb Code    18  stm32f10x_tim.o(.text)
    TIM_InternalClockConfig                  0x08004671   Thumb Code    12  stm32f10x_tim.o(.text)
    TIM_SelectInputTrigger                   0x0800467d   Thumb Code    18  stm32f10x_tim.o(.text)
    TIM_ITRxExternalClockConfig              0x0800468f   Thumb Code    24  stm32f10x_tim.o(.text)
    TIM_TIxExternalClockConfig               0x080046a7   Thumb Code    62  stm32f10x_tim.o(.text)
    TIM_ETRConfig                            0x080046e5   Thumb Code    28  stm32f10x_tim.o(.text)
    TIM_ETRClockMode1Config                  0x08004701   Thumb Code    54  stm32f10x_tim.o(.text)
    TIM_ETRClockMode2Config                  0x08004737   Thumb Code    32  stm32f10x_tim.o(.text)
    TIM_PrescalerConfig                      0x08004757   Thumb Code     6  stm32f10x_tim.o(.text)
    TIM_CounterModeConfig                    0x0800475d   Thumb Code    18  stm32f10x_tim.o(.text)
    TIM_EncoderInterfaceConfig               0x0800476f   Thumb Code    66  stm32f10x_tim.o(.text)
    TIM_ForcedOC1Config                      0x080047b1   Thumb Code    18  stm32f10x_tim.o(.text)
    TIM_ForcedOC2Config                      0x080047c3   Thumb Code    26  stm32f10x_tim.o(.text)
    TIM_ForcedOC3Config                      0x080047dd   Thumb Code    18  stm32f10x_tim.o(.text)
    TIM_ForcedOC4Config                      0x080047ef   Thumb Code    26  stm32f10x_tim.o(.text)
    TIM_ARRPreloadConfig                     0x08004809   Thumb Code    24  stm32f10x_tim.o(.text)
    TIM_SelectCOM                            0x08004821   Thumb Code    24  stm32f10x_tim.o(.text)
    TIM_SelectCCDMA                          0x08004839   Thumb Code    24  stm32f10x_tim.o(.text)
    TIM_CCPreloadControl                     0x08004851   Thumb Code    24  stm32f10x_tim.o(.text)
    TIM_OC1PreloadConfig                     0x08004869   Thumb Code    18  stm32f10x_tim.o(.text)
    TIM_OC2PreloadConfig                     0x0800487b   Thumb Code    26  stm32f10x_tim.o(.text)
    TIM_OC3PreloadConfig                     0x08004895   Thumb Code    18  stm32f10x_tim.o(.text)
    TIM_OC4PreloadConfig                     0x080048a7   Thumb Code    26  stm32f10x_tim.o(.text)
    TIM_OC1FastConfig                        0x080048c1   Thumb Code    18  stm32f10x_tim.o(.text)
    TIM_OC2FastConfig                        0x080048d3   Thumb Code    26  stm32f10x_tim.o(.text)
    TIM_OC3FastConfig                        0x080048ed   Thumb Code    18  stm32f10x_tim.o(.text)
    TIM_OC4FastConfig                        0x080048ff   Thumb Code    26  stm32f10x_tim.o(.text)
    TIM_ClearOC1Ref                          0x08004919   Thumb Code    18  stm32f10x_tim.o(.text)
    TIM_ClearOC2Ref                          0x0800492b   Thumb Code    24  stm32f10x_tim.o(.text)
    TIM_ClearOC3Ref                          0x08004943   Thumb Code    18  stm32f10x_tim.o(.text)
    TIM_ClearOC4Ref                          0x08004955   Thumb Code    24  stm32f10x_tim.o(.text)
    TIM_OC1PolarityConfig                    0x0800496d   Thumb Code    18  stm32f10x_tim.o(.text)
    TIM_OC1NPolarityConfig                   0x0800497f   Thumb Code    18  stm32f10x_tim.o(.text)
    TIM_OC2PolarityConfig                    0x08004991   Thumb Code    26  stm32f10x_tim.o(.text)
    TIM_OC2NPolarityConfig                   0x080049ab   Thumb Code    26  stm32f10x_tim.o(.text)
    TIM_OC3PolarityConfig                    0x080049c5   Thumb Code    26  stm32f10x_tim.o(.text)
    TIM_OC3NPolarityConfig                   0x080049df   Thumb Code    26  stm32f10x_tim.o(.text)
    TIM_OC4PolarityConfig                    0x080049f9   Thumb Code    26  stm32f10x_tim.o(.text)
    TIM_CCxCmd                               0x08004a13   Thumb Code    30  stm32f10x_tim.o(.text)
    TIM_CCxNCmd                              0x08004a31   Thumb Code    30  stm32f10x_tim.o(.text)
    TIM_SelectOCxM                           0x08004a4f   Thumb Code    82  stm32f10x_tim.o(.text)
    TIM_UpdateDisableConfig                  0x08004aa1   Thumb Code    24  stm32f10x_tim.o(.text)
    TIM_UpdateRequestConfig                  0x08004ab9   Thumb Code    24  stm32f10x_tim.o(.text)
    TIM_SelectHallSensor                     0x08004ad1   Thumb Code    24  stm32f10x_tim.o(.text)
    TIM_SelectOnePulseMode                   0x08004ae9   Thumb Code    18  stm32f10x_tim.o(.text)
    TIM_SelectOutputTrigger                  0x08004afb   Thumb Code    18  stm32f10x_tim.o(.text)
    TIM_SelectSlaveMode                      0x08004b0d   Thumb Code    18  stm32f10x_tim.o(.text)
    TIM_SelectMasterSlaveMode                0x08004b1f   Thumb Code    18  stm32f10x_tim.o(.text)
    TIM_SetCounter                           0x08004b31   Thumb Code     4  stm32f10x_tim.o(.text)
    TIM_SetAutoreload                        0x08004b35   Thumb Code     4  stm32f10x_tim.o(.text)
    TIM_SetCompare1                          0x08004b39   Thumb Code     4  stm32f10x_tim.o(.text)
    TIM_SetCompare2                          0x08004b3d   Thumb Code     4  stm32f10x_tim.o(.text)
    TIM_SetCompare3                          0x08004b41   Thumb Code     4  stm32f10x_tim.o(.text)
    TIM_SetCompare4                          0x08004b45   Thumb Code     6  stm32f10x_tim.o(.text)
    TIM_SetClockDivision                     0x08004b4b   Thumb Code    18  stm32f10x_tim.o(.text)
    TIM_GetCapture1                          0x08004b5d   Thumb Code     6  stm32f10x_tim.o(.text)
    TIM_GetCapture2                          0x08004b63   Thumb Code     6  stm32f10x_tim.o(.text)
    TIM_GetCapture3                          0x08004b69   Thumb Code     6  stm32f10x_tim.o(.text)
    TIM_GetCapture4                          0x08004b6f   Thumb Code     8  stm32f10x_tim.o(.text)
    TIM_GetCounter                           0x08004b77   Thumb Code     6  stm32f10x_tim.o(.text)
    TIM_GetPrescaler                         0x08004b7d   Thumb Code     6  stm32f10x_tim.o(.text)
    TIM_GetFlagStatus                        0x08004b83   Thumb Code    18  stm32f10x_tim.o(.text)
    TIM_ClearFlag                            0x08004b95   Thumb Code     6  stm32f10x_tim.o(.text)
    TIM_GetITStatus                          0x08004b9b   Thumb Code    34  stm32f10x_tim.o(.text)
    TIM_ClearITPendingBit                    0x08004bbd   Thumb Code     6  stm32f10x_tim.o(.text)
    FLASH_SetLatency                         0x08004bc5   Thumb Code    18  stm32f10x_flash.o(.text)
    FLASH_HalfCycleAccessCmd                 0x08004bd7   Thumb Code    22  stm32f10x_flash.o(.text)
    FLASH_PrefetchBufferCmd                  0x08004bed   Thumb Code    22  stm32f10x_flash.o(.text)
    FLASH_Unlock                             0x08004c03   Thumb Code    12  stm32f10x_flash.o(.text)
    FLASH_UnlockBank1                        0x08004c0f   Thumb Code    12  stm32f10x_flash.o(.text)
    FLASH_Lock                               0x08004c1b   Thumb Code    14  stm32f10x_flash.o(.text)
    FLASH_LockBank1                          0x08004c29   Thumb Code    14  stm32f10x_flash.o(.text)
    FLASH_GetBank1Status                     0x08004c37   Thumb Code    48  stm32f10x_flash.o(.text)
    FLASH_WaitForLastOperation               0x08004c67   Thumb Code    38  stm32f10x_flash.o(.text)
    FLASH_ErasePage                          0x08004c8d   Thumb Code    72  stm32f10x_flash.o(.text)
    FLASH_EraseAllPages                      0x08004cd5   Thumb Code    68  stm32f10x_flash.o(.text)
    FLASH_WaitForLastBank1Operation          0x08004d19   Thumb Code    38  stm32f10x_flash.o(.text)
    FLASH_EraseAllBank1Pages                 0x08004d3f   Thumb Code    68  stm32f10x_flash.o(.text)
    FLASH_GetReadOutProtectionStatus         0x08004d83   Thumb Code    20  stm32f10x_flash.o(.text)
    FLASH_EraseOptionBytes                   0x08004d97   Thumb Code   150  stm32f10x_flash.o(.text)
    FLASH_ProgramWord                        0x08004e2d   Thumb Code   102  stm32f10x_flash.o(.text)
    FLASH_ProgramHalfWord                    0x08004e93   Thumb Code    60  stm32f10x_flash.o(.text)
    FLASH_ProgramOptionByteData              0x08004ecf   Thumb Code    72  stm32f10x_flash.o(.text)
    FLASH_EnableWriteProtection              0x08004f17   Thumb Code   200  stm32f10x_flash.o(.text)
    FLASH_ReadOutProtection                  0x08004fdf   Thumb Code   156  stm32f10x_flash.o(.text)
    FLASH_UserOptionByteConfig               0x0800507b   Thumb Code    88  stm32f10x_flash.o(.text)
    FLASH_GetUserOptionByte                  0x080050d3   Thumb Code     8  stm32f10x_flash.o(.text)
    FLASH_GetWriteProtectionOptionByte       0x080050db   Thumb Code     6  stm32f10x_flash.o(.text)
    FLASH_GetPrefetchBufferStatus            0x080050e1   Thumb Code    20  stm32f10x_flash.o(.text)
    FLASH_ITConfig                           0x080050f5   Thumb Code    26  stm32f10x_flash.o(.text)
    FLASH_GetFlagStatus                      0x0800510f   Thumb Code    42  stm32f10x_flash.o(.text)
    FLASH_ClearFlag                          0x08005139   Thumb Code     6  stm32f10x_flash.o(.text)
    FLASH_GetStatus                          0x0800513f   Thumb Code    48  stm32f10x_flash.o(.text)
    vListInitialise                          0x08005181   Thumb Code    26  list.o(.text)
    vListInitialiseItem                      0x0800519b   Thumb Code     6  list.o(.text)
    vListInsertEnd                           0x080051a1   Thumb Code    24  list.o(.text)
    vListInsert                              0x080051b9   Thumb Code    52  list.o(.text)
    uxListRemove                             0x080051ed   Thumb Code    40  list.o(.text)
    xQueueGenericReset                       0x08005215   Thumb Code   122  queue.o(.text)
    xQueueGenericCreate                      0x080052b9   Thumb Code    56  queue.o(.text)
    xQueueGenericSend                        0x08005409   Thumb Code   276  queue.o(.text)
    xQueueCreateMutex                        0x08005539   Thumb Code    34  queue.o(.text)
    xQueueGenericSendFromISR                 0x0800555b   Thumb Code   134  queue.o(.text)
    xQueueGiveFromISR                        0x080055e1   Thumb Code   124  queue.o(.text)
    xQueueGenericReceive                     0x080056a1   Thumb Code   342  queue.o(.text)
    xQueueReceiveFromISR                     0x080057f7   Thumb Code   130  queue.o(.text)
    xQueuePeekFromISR                        0x08005879   Thumb Code    74  queue.o(.text)
    uxQueueMessagesWaiting                   0x080058c3   Thumb Code    18  queue.o(.text)
    uxQueueSpacesAvailable                   0x080058d5   Thumb Code    24  queue.o(.text)
    uxQueueMessagesWaitingFromISR            0x080058ed   Thumb Code     6  queue.o(.text)
    vQueueDelete                             0x080058f3   Thumb Code    14  queue.o(.text)
    uxQueueGetQueueNumber                    0x08005901   Thumb Code     6  queue.o(.text)
    vQueueSetQueueNumber                     0x08005907   Thumb Code     4  queue.o(.text)
    ucQueueGetQueueType                      0x0800590b   Thumb Code     8  queue.o(.text)
    xQueueIsQueueEmptyFromISR                0x08005913   Thumb Code    14  queue.o(.text)
    xQueueIsQueueFullFromISR                 0x08005921   Thumb Code    18  queue.o(.text)
    vQueueWaitForMessageRestricted           0x08005933   Thumb Code    74  queue.o(.text)
    xTaskCreate                              0x08005afd   Thumb Code    92  tasks.o(.text)
    vTaskDelete                              0x08005b95   Thumb Code   176  tasks.o(.text)
    xTaskIncrementTick                       0x08005c45   Thumb Code   238  tasks.o(.text)
    xTaskResumeAll                           0x08005d33   Thumb Code   284  tasks.o(.text)
    vTaskSuspendAll                          0x08005ecb   Thumb Code    12  tasks.o(.text)
    vTaskDelayUntil                          0x08005ed7   Thumb Code   106  tasks.o(.text)
    vTaskDelay                               0x08005f41   Thumb Code    46  tasks.o(.text)
    eTaskGetState                            0x08005f6f   Thumb Code    88  tasks.o(.text)
    uxTaskPriorityGet                        0x08005fc7   Thumb Code    30  tasks.o(.text)
    uxTaskPriorityGetFromISR                 0x08005fe5   Thumb Code    52  tasks.o(.text)
    vTaskPrioritySet                         0x08006019   Thumb Code   226  tasks.o(.text)
    vTaskSwitchContext                       0x080060fb   Thumb Code    76  tasks.o(.text)
    vTaskSuspend                             0x08006147   Thumb Code   220  tasks.o(.text)
    vTaskResume                              0x0800625b   Thumb Code   104  tasks.o(.text)
    xTaskResumeFromISR                       0x080062c3   Thumb Code   130  tasks.o(.text)
    vTaskStartScheduler                      0x080063bb   Thumb Code    84  tasks.o(.text)
    vTaskEndScheduler                        0x0800640f   Thumb Code    32  tasks.o(.text)
    xTaskGetTickCount                        0x0800642f   Thumb Code     6  tasks.o(.text)
    xTaskGetTickCountFromISR                 0x08006435   Thumb Code     8  tasks.o(.text)
    uxTaskGetNumberOfTasks                   0x0800643d   Thumb Code     6  tasks.o(.text)
    pcTaskGetName                            0x08006443   Thumb Code    20  tasks.o(.text)
    vTaskGetTaskInfo                         0x0800646d   Thumb Code   114  tasks.o(.text)
    uxTaskGetSystemState                     0x08006549   Thumb Code   152  tasks.o(.text)
    vTaskPlaceOnEventList                    0x080065e1   Thumb Code   104  tasks.o(.text)
    vTaskPlaceOnUnorderedEventList           0x08006649   Thumb Code    40  tasks.o(.text)
    vTaskPlaceOnEventListRestricted          0x08006671   Thumb Code    36  tasks.o(.text)
    xTaskRemoveFromEventList                 0x08006695   Thumb Code   104  tasks.o(.text)
    xTaskRemoveFromUnorderedEventList        0x080066fd   Thumb Code    94  tasks.o(.text)
    vTaskSetTimeOutState                     0x0800675b   Thumb Code    14  tasks.o(.text)
    xTaskCheckForTimeOut                     0x08006769   Thumb Code    84  tasks.o(.text)
    vTaskMissedYield                         0x080067bd   Thumb Code     8  tasks.o(.text)
    uxTaskGetTaskNumber                      0x080067c5   Thumb Code    14  tasks.o(.text)
    vTaskSetTaskNumber                       0x080067d3   Thumb Code     8  tasks.o(.text)
    uxTaskGetStackHighWaterMark              0x080067db   Thumb Code    34  tasks.o(.text)
    xTaskGetCurrentTaskHandle                0x080067fd   Thumb Code     6  tasks.o(.text)
    xTaskGetSchedulerState                   0x08006803   Thumb Code    24  tasks.o(.text)
    vTaskPriorityInherit                     0x0800681b   Thumb Code   164  tasks.o(.text)
    xTaskPriorityDisinherit                  0x080068bf   Thumb Code   122  tasks.o(.text)
    uxTaskResetEventItemValue                0x08006939   Thumb Code    24  tasks.o(.text)
    pvTaskIncrementMutexHeldCount            0x08006951   Thumb Code    26  tasks.o(.text)
    ulTaskNotifyTake                         0x0800696b   Thumb Code   108  tasks.o(.text)
    xTaskNotifyWait                          0x080069d7   Thumb Code   192  tasks.o(.text)
    xTaskGenericNotify                       0x08006a97   Thumb Code   178  tasks.o(.text)
    xTaskGenericNotifyFromISR                0x08006b49   Thumb Code   228  tasks.o(.text)
    vTaskNotifyGiveFromISR                   0x08006c2d   Thumb Code   154  tasks.o(.text)
    xTaskNotifyStateClear                    0x08006cc7   Thumb Code    48  tasks.o(.text)
    xTimerGenericCommand                     0x08006d65   Thumb Code   102  timers.o(.text)
    xTimerCreateTimerTask                    0x08007047   Thumb Code    42  timers.o(.text)
    xTimerCreate                             0x0800709f   Thumb Code    48  timers.o(.text)
    xTimerGetTimerDaemonTaskHandle           0x080070cf   Thumb Code     6  timers.o(.text)
    xTimerGetPeriod                          0x080070d5   Thumb Code     8  timers.o(.text)
    xTimerGetExpiryTime                      0x080070dd   Thumb Code     8  timers.o(.text)
    pcTimerGetName                           0x080070e5   Thumb Code     8  timers.o(.text)
    xTimerIsTimerActive                      0x080070ed   Thumb Code    32  timers.o(.text)
    pvTimerGetTimerID                        0x0800710d   Thumb Code    64  timers.o(.text)
    vTimerSetTimerID                         0x0800714d   Thumb Code    20  timers.o(.text)
    pvPortMalloc                             0x0800718b   Thumb Code   166  heap_2.o(.text)
    vPortFree                                0x08007231   Thumb Code    56  heap_2.o(.text)
    xPortGetFreeHeapSize                     0x08007269   Thumb Code     6  heap_2.o(.text)
    vPortInitialiseBlocks                    0x0800726f   Thumb Code     2  heap_2.o(.text)
    pxPortInitialiseStack                    0x0800729b   Thumb Code    26  port.o(.text)
    vPortSetupTimerInterrupt                 0x080072b5   Thumb Code    14  port.o(.text)
    xPortStartScheduler                      0x080072c3   Thumb Code    42  port.o(.text)
    vPortEndScheduler                        0x080072ed   Thumb Code     2  port.o(.text)
    vPortEnterCritical                       0x080072ef   Thumb Code    30  port.o(.text)
    vPortExitCritical                        0x0800730d   Thumb Code    28  port.o(.text)
    xPortSysTickHandler                      0x08007329   Thumb Code    48  port.o(.text)
    __aeabi_memcpy                           0x08007369   Thumb Code    36  memcpya.o(.text)
    __aeabi_memcpy4                          0x08007369   Thumb Code     0  memcpya.o(.text)
    __aeabi_memcpy8                          0x08007369   Thumb Code     0  memcpya.o(.text)
    __aeabi_memset                           0x0800738d   Thumb Code    14  memseta.o(.text)
    __aeabi_memset4                          0x0800738d   Thumb Code     0  memseta.o(.text)
    __aeabi_memset8                          0x0800738d   Thumb Code     0  memseta.o(.text)
    __aeabi_memclr                           0x0800739b   Thumb Code     4  memseta.o(.text)
    __aeabi_memclr4                          0x0800739b   Thumb Code     0  memseta.o(.text)
    __aeabi_memclr8                          0x0800739b   Thumb Code     0  memseta.o(.text)
    _memset$wrapper                          0x0800739f   Thumb Code    18  memseta.o(.text)
    strcat                                   0x080073b1   Thumb Code    24  strcat.o(.text)
    strlen                                   0x080073c9   Thumb Code    14  strlen.o(.text)
    strcmp                                   0x080073d7   Thumb Code    28  strcmp.o(.text)
    strcpy                                   0x080073f3   Thumb Code    18  strcpy.o(.text)
    strncmp                                  0x08007405   Thumb Code    30  strncmp.o(.text)
    atoi                                     0x08007423   Thumb Code    26  atoi.o(.text)
    __aeabi_fadd                             0x0800743d   Thumb Code   164  fadd.o(.text)
    __aeabi_fsub                             0x080074e1   Thumb Code     6  fadd.o(.text)
    __aeabi_frsub                            0x080074e7   Thumb Code     6  fadd.o(.text)
    __aeabi_fmul                             0x080074ed   Thumb Code   100  fmul.o(.text)
    __aeabi_fdiv                             0x08007551   Thumb Code   124  fdiv.o(.text)
    __aeabi_ui2f                             0x080075cd   Thumb Code    10  ffltui.o(.text)
    __aeabi_f2uiz                            0x080075d7   Thumb Code    40  ffixui.o(.text)
    __aeabi_f2d                              0x080075ff   Thumb Code    38  f2d.o(.text)
    __aeabi_cdcmpeq                          0x08007625   Thumb Code     0  cdcmple.o(.text)
    __aeabi_cdcmple                          0x08007625   Thumb Code    38  cdcmple.o(.text)
    __aeabi_cfcmpeq                          0x0800764d   Thumb Code     0  cfcmple.o(.text)
    __aeabi_cfcmple                          0x0800764d   Thumb Code    20  cfcmple.o(.text)
    __aeabi_cfrcmple                         0x08007661   Thumb Code    20  cfrcmple.o(.text)
    __aeabi_uidiv                            0x08007675   Thumb Code     0  uidiv.o(.text)
    __aeabi_uidivmod                         0x08007675   Thumb Code    44  uidiv.o(.text)
    __aeabi_uldivmod                         0x080076a1   Thumb Code    98  uldiv.o(.text)
    strtol                                   0x08007703   Thumb Code   112  strtol.o(.text)
    __I$use$fp                               0x08007773   Thumb Code     0  iusefp.o(.text)
    _float_round                             0x08007773   Thumb Code    18  fepilogue.o(.text)
    _float_epilogue                          0x08007785   Thumb Code    92  fepilogue.o(.text)
    __aeabi_dadd                             0x080077e1   Thumb Code   322  dadd.o(.text)
    __aeabi_dsub                             0x08007923   Thumb Code     6  dadd.o(.text)
    __aeabi_drsub                            0x08007929   Thumb Code     6  dadd.o(.text)
    __aeabi_dmul                             0x0800792f   Thumb Code   228  dmul.o(.text)
    __aeabi_ddiv                             0x08007a13   Thumb Code   222  ddiv.o(.text)
    __aeabi_d2ulz                            0x08007af1   Thumb Code    48  dfixul.o(.text)
    __aeabi_cdrcmple                         0x08007b21   Thumb Code    38  cdrcmple.o(.text)
    __scatterload                            0x08007b49   Thumb Code    28  init.o(.text)
    __scatterload_rt2                        0x08007b49   Thumb Code     0  init.o(.text)
    __aeabi_llsl                             0x08007b6d   Thumb Code    30  llshl.o(.text)
    _ll_shift_l                              0x08007b6d   Thumb Code     0  llshl.o(.text)
    __aeabi_llsr                             0x08007b8b   Thumb Code    32  llushr.o(.text)
    _ll_ushift_r                             0x08007b8b   Thumb Code     0  llushr.o(.text)
    __aeabi_lasr                             0x08007bab   Thumb Code    36  llsshr.o(.text)
    _ll_sshift_r                             0x08007bab   Thumb Code     0  llsshr.o(.text)
    __rt_ctype_table                         0x08007bd1   Thumb Code     4  ctype_o.o(.text)
    _strtoul                                 0x08007bd9   Thumb Code   158  _strtoul.o(.text)
    _double_round                            0x08007c77   Thumb Code    26  depilogue.o(.text)
    _double_epilogue                         0x08007c91   Thumb Code   156  depilogue.o(.text)
    _chval                                   0x08007d2d   Thumb Code    28  _chval.o(.text)
    __0sprintf                               0x08007d49   Thumb Code    34  printfa.o(i.__0sprintf)
    __1sprintf                               0x08007d49   Thumb Code     0  printfa.o(i.__0sprintf)
    __2sprintf                               0x08007d49   Thumb Code     0  printfa.o(i.__0sprintf)
    __c89sprintf                             0x08007d49   Thumb Code     0  printfa.o(i.__0sprintf)
    sprintf                                  0x08007d49   Thumb Code     0  printfa.o(i.__0sprintf)
    __0vsprintf                              0x08007d71   Thumb Code    30  printfa.o(i.__0vsprintf)
    __1vsprintf                              0x08007d71   Thumb Code     0  printfa.o(i.__0vsprintf)
    __2vsprintf                              0x08007d71   Thumb Code     0  printfa.o(i.__0vsprintf)
    __c89vsprintf                            0x08007d71   Thumb Code     0  printfa.o(i.__0vsprintf)
    vsprintf                                 0x08007d71   Thumb Code     0  printfa.o(i.__0vsprintf)
    __aeabi_errno_addr                       0x08007d95   Thumb Code     4  errno.o(i.__aeabi_errno_addr)
    __rt_errno_addr                          0x08007d95   Thumb Code     0  errno.o(i.__aeabi_errno_addr)
    __scatterload_copy                       0x08007d9d   Thumb Code    14  handlers.o(i.__scatterload_copy)
    __scatterload_null                       0x08007dab   Thumb Code     2  handlers.o(i.__scatterload_null)
    __scatterload_zeroinit                   0x08007dad   Thumb Code    14  handlers.o(i.__scatterload_zeroinit)
    app_display_set_show                     0x08008659   Thumb Code    34  app_display.o(i.app_display_set_show)
    bsp_74hc595_set_DATA                     0x08008681   Thumb Code    22  app_display.o(i.bsp_74hc595_set_DATA)
    bsp_74hc595_set_SH_CP                    0x0800869d   Thumb Code    22  app_display.o(i.bsp_74hc595_set_SH_CP)
    bsp_74hc595_set_ST_CP                    0x080086b9   Thumb Code    22  app_display.o(i.bsp_74hc595_set_ST_CP)
    bsp_set_hv_state                         0x080086d5   Thumb Code    22  app_display.o(i.bsp_set_hv_state)
    port_list                                0x08008798   Data           6  app_led.o(.constdata)
    __ctype_table                            0x080087d0   Data         129  ctype_o.o(.constdata)
    Region$$Table$$Base                      0x08008cb0   Number         0  anon$$obj.o(Region$$Table)
    Region$$Table$$Limit                     0x08008cd0   Number         0  anon$$obj.o(Region$$Table)
    pxCurrentTCB                             0x20000094   Data           4  tasks.o(.data)
    __initial_sp                             0x200054e8   Data           0  cstartup.o(STACK)



==============================================================================

Memory Map of the image

  Image Entry point : 0x080000ed

  Load Region LR_IROM1 (Base: 0x08000000, Size: 0x00008dd4, Max: 0x00040000, ABSOLUTE)

    Execution Region ER_IROM1 (Base: 0x08000000, Size: 0x00008cd0, Max: 0x00040000, ABSOLUTE)

    Base Addr    Size         Type   Attr      Idx    E Section Name        Object

    0x08000000   0x000000ec   Data   RO          700    RESET               cstartup.o
    0x080000ec   0x00000000   Code   RO         1012  * .ARM.Collect$$$$00000000  mc_w.l(entry.o)
    0x080000ec   0x00000004   Code   RO         1312    .ARM.Collect$$$$00000001  mc_w.l(entry2.o)
    0x080000f0   0x00000004   Code   RO         1315    .ARM.Collect$$$$00000004  mc_w.l(entry5.o)
    0x080000f4   0x00000000   Code   RO         1317    .ARM.Collect$$$$00000008  mc_w.l(entry7b.o)
    0x080000f4   0x00000000   Code   RO         1319    .ARM.Collect$$$$0000000A  mc_w.l(entry8b.o)
    0x080000f4   0x00000008   Code   RO         1320    .ARM.Collect$$$$0000000B  mc_w.l(entry9a.o)
    0x080000fc   0x00000000   Code   RO         1322    .ARM.Collect$$$$0000000D  mc_w.l(entry10a.o)
    0x080000fc   0x00000000   Code   RO         1324    .ARM.Collect$$$$0000000F  mc_w.l(entry11a.o)
    0x080000fc   0x00000004   Code   RO         1313    .ARM.Collect$$$$00002712  mc_w.l(entry2.o)
    0x08000100   0x00000096   Code   RO          982    .emb_text           port.o
    0x08000196   0x00000002   PAD
    0x08000198   0x00000054   Code   RO            3    .text               app_buz.o
    0x080001ec   0x000007c8   Code   RO          150    .text               app_cli.o
    0x080009b4   0x00000154   Code   RO          198    .text               app_data.o
    0x08000b08   0x000002dc   Code   RO          236    .text               app_display.o
    0x08000de4   0x000000a8   Code   RO          310    .text               app_led.o
    0x08000e8c   0x0000015c   Code   RO          334    .text               main.o
    0x08000fe8   0x000000f8   Code   RO          359    .text               app_th.o
    0x080010e0   0x00000524   Code   RO          385    .text               app_time.o
    0x08001604   0x00000046   Code   RO          412    .text               mid_th.o
    0x0800164a   0x00000002   PAD
    0x0800164c   0x00000414   Code   RO          424    .text               mid_cli.o
    0x08001a60   0x0000003e   Code   RO          446    .text               mid_dbg.o
    0x08001a9e   0x00000002   PAD
    0x08001aa0   0x000000f4   Code   RO          486    .text               mid_rtc.o
    0x08001b94   0x000002fc   Code   RO          509    .text               mid_kalman.o
    0x08001e90   0x000001d8   Code   RO          523    .text               hal_sht10.o
    0x08002068   0x000006bc   Code   RO          543    .text               i2c_bus.o
    0x08002724   0x0000028c   Code   RO          565    .text               bsp.o
    0x080029b0   0x00000028   Code   RO          626    .text               hal_cli.o
    0x080029d8   0x00000210   Code   RO          646    .text               hal_uart.o
    0x08002be8   0x000004a4   Code   RO          678    .text               hal_ds3231.o
    0x0800308c   0x0000001c   Code   RO          701    .text               cstartup.o
    0x080030a8   0x0000035c   Code   RO          707    .text               stm32f10x_gpio.o
    0x08003404   0x000003a4   Code   RO          727    .text               stm32f10x_rcc.o
    0x080037a8   0x000000dc   Code   RO          749    .text               misc.o
    0x08003884   0x00000408   Code   RO          795    .text               stm32f10x_usart.o
    0x08003c8c   0x0000011c   Code   RO          815    .text               stm32f10x_exti.o
    0x08003da8   0x00000e1a   Code   RO          835    .text               stm32f10x_tim.o
    0x08004bc2   0x00000002   PAD
    0x08004bc4   0x000005bc   Code   RO          855    .text               stm32f10x_flash.o
    0x08005180   0x00000094   Code   RO          873    .text               list.o
    0x08005214   0x0000076c   Code   RO          894    .text               queue.o
    0x08005980   0x00001394   Code   RO          921    .text               tasks.o
    0x08006d14   0x0000044c   Code   RO          952    .text               timers.o
    0x08007160   0x00000124   Code   RO          967    .text               heap_2.o
    0x08007284   0x000000e4   Code   RO          983    .text               port.o
    0x08007368   0x00000024   Code   RO         1015    .text               mc_w.l(memcpya.o)
    0x0800738c   0x00000024   Code   RO         1017    .text               mc_w.l(memseta.o)
    0x080073b0   0x00000018   Code   RO         1019    .text               mc_w.l(strcat.o)
    0x080073c8   0x0000000e   Code   RO         1021    .text               mc_w.l(strlen.o)
    0x080073d6   0x0000001c   Code   RO         1023    .text               mc_w.l(strcmp.o)
    0x080073f2   0x00000012   Code   RO         1025    .text               mc_w.l(strcpy.o)
    0x08007404   0x0000001e   Code   RO         1027    .text               mc_w.l(strncmp.o)
    0x08007422   0x0000001a   Code   RO         1292    .text               mc_w.l(atoi.o)
    0x0800743c   0x000000b0   Code   RO         1294    .text               mf_w.l(fadd.o)
    0x080074ec   0x00000064   Code   RO         1296    .text               mf_w.l(fmul.o)
    0x08007550   0x0000007c   Code   RO         1298    .text               mf_w.l(fdiv.o)
    0x080075cc   0x0000000a   Code   RO         1300    .text               mf_w.l(ffltui.o)
    0x080075d6   0x00000028   Code   RO         1302    .text               mf_w.l(ffixui.o)
    0x080075fe   0x00000026   Code   RO         1304    .text               mf_w.l(f2d.o)
    0x08007624   0x00000028   Code   RO         1306    .text               mf_w.l(cdcmple.o)
    0x0800764c   0x00000014   Code   RO         1308    .text               mf_w.l(cfcmple.o)
    0x08007660   0x00000014   Code   RO         1310    .text               mf_w.l(cfrcmple.o)
    0x08007674   0x0000002c   Code   RO         1329    .text               mc_w.l(uidiv.o)
    0x080076a0   0x00000062   Code   RO         1331    .text               mc_w.l(uldiv.o)
    0x08007702   0x00000070   Code   RO         1340    .text               mc_w.l(strtol.o)
    0x08007772   0x00000000   Code   RO         1342    .text               mc_w.l(iusefp.o)
    0x08007772   0x0000006e   Code   RO         1343    .text               mf_w.l(fepilogue.o)
    0x080077e0   0x0000014e   Code   RO         1345    .text               mf_w.l(dadd.o)
    0x0800792e   0x000000e4   Code   RO         1347    .text               mf_w.l(dmul.o)
    0x08007a12   0x000000de   Code   RO         1349    .text               mf_w.l(ddiv.o)
    0x08007af0   0x00000030   Code   RO         1351    .text               mf_w.l(dfixul.o)
    0x08007b20   0x00000028   Code   RO         1353    .text               mf_w.l(cdrcmple.o)
    0x08007b48   0x00000024   Code   RO         1355    .text               mc_w.l(init.o)
    0x08007b6c   0x0000001e   Code   RO         1358    .text               mc_w.l(llshl.o)
    0x08007b8a   0x00000020   Code   RO         1360    .text               mc_w.l(llushr.o)
    0x08007baa   0x00000024   Code   RO         1362    .text               mc_w.l(llsshr.o)
    0x08007bce   0x00000002   PAD
    0x08007bd0   0x00000008   Code   RO         1364    .text               mc_w.l(ctype_o.o)
    0x08007bd8   0x0000009e   Code   RO         1392    .text               mc_w.l(_strtoul.o)
    0x08007c76   0x000000b6   Code   RO         1395    .text               mf_w.l(depilogue.o)
    0x08007d2c   0x0000001c   Code   RO         1397    .text               mc_w.l(_chval.o)
    0x08007d48   0x00000028   Code   RO         1266    i.__0sprintf        mc_w.l(printfa.o)
    0x08007d70   0x00000024   Code   RO         1270    i.__0vsprintf       mc_w.l(printfa.o)
    0x08007d94   0x00000008   Code   RO         1333    i.__aeabi_errno_addr  mc_w.l(errno.o)
    0x08007d9c   0x0000000e   Code   RO         1401    i.__scatterload_copy  mc_w.l(handlers.o)
    0x08007daa   0x00000002   Code   RO         1402    i.__scatterload_null  mc_w.l(handlers.o)
    0x08007dac   0x0000000e   Code   RO         1403    i.__scatterload_zeroinit  mc_w.l(handlers.o)
    0x08007dba   0x00000002   PAD
    0x08007dbc   0x00000164   Code   RO         1271    i._fp_digits        mc_w.l(printfa.o)
    0x08007f20   0x000006dc   Code   RO         1272    i._printf_core      mc_w.l(printfa.o)
    0x080085fc   0x00000024   Code   RO         1273    i._printf_post_padding  mc_w.l(printfa.o)
    0x08008620   0x0000002e   Code   RO         1274    i._printf_pre_padding  mc_w.l(printfa.o)
    0x0800864e   0x0000000a   Code   RO         1276    i._sputc            mc_w.l(printfa.o)
    0x08008658   0x00000028   Code   RO          254    i.app_display_set_show  app_display.o
    0x08008680   0x0000001c   Code   RO          275    i.bsp_74hc595_set_DATA  app_display.o
    0x0800869c   0x0000001c   Code   RO          270    i.bsp_74hc595_set_SH_CP  app_display.o
    0x080086b8   0x0000001c   Code   RO          265    i.bsp_74hc595_set_ST_CP  app_display.o
    0x080086d4   0x0000001c   Code   RO          260    i.bsp_set_hv_state  app_display.o
    0x080086f0   0x000000a0   Data   RO          152    .constdata          app_cli.o
    0x08008790   0x00000008   Data   RO          237    .constdata          app_display.o
    0x08008798   0x00000006   Data   RO          311    .constdata          app_led.o
    0x0800879e   0x00000002   PAD
    0x080087a0   0x00000024   Data   RO          426    .constdata          mid_cli.o
    0x080087c4   0x0000000c   Data   RO          487    .constdata          mid_rtc.o
    0x080087d0   0x00000081   Data   RO         1365    .constdata          mc_w.l(ctype_o.o)
    0x08008851   0x00000003   PAD
    0x08008854   0x00000004   Data   RO         1366    .constdata          mc_w.l(ctype_o.o)
    0x08008858   0x00000357   Data   RO          153    .conststring        app_cli.o
    0x08008baf   0x00000001   PAD
    0x08008bb0   0x000000fd   Data   RO          427    .conststring        mid_cli.o
    0x08008cad   0x00000003   PAD
    0x08008cb0   0x00000020   Data   RO         1399    Region$$Table       anon$$obj.o


    Execution Region RW_IRAM1 (Base: 0x20000000, Size: 0x000054e8, Max: 0x0000c000, ABSOLUTE)

    Base Addr    Size         Type   Attr      Idx    E Section Name        Object

    0x20000000   0x00000004   Data   RW            4    .data               app_buz.o
    0x20000004   0x0000001d   Data   RW          154    .data               app_cli.o
    0x20000021   0x00000003   PAD
    0x20000024   0x0000000c   Data   RW          199    .data               app_data.o
    0x20000030   0x00000009   Data   RW          238    .data               app_display.o
    0x20000039   0x00000001   PAD
    0x2000003a   0x00000002   Data   RW          312    .data               app_led.o
    0x2000003c   0x00000008   Data   RW          361    .data               app_th.o
    0x20000044   0x00000008   Data   RW          387    .data               app_time.o
    0x2000004c   0x00000028   Data   RW          428    .data               mid_cli.o
    0x20000074   0x00000008   Data   RW          647    .data               hal_uart.o
    0x2000007c   0x00000004   Data   RW          679    .data               hal_ds3231.o
    0x20000080   0x00000014   Data   RW          728    .data               stm32f10x_rcc.o
    0x20000094   0x0000003c   Data   RW          923    .data               tasks.o
    0x200000d0   0x00000014   Data   RW          954    .data               timers.o
    0x200000e4   0x00000018   Data   RW          969    .data               heap_2.o
    0x200000fc   0x00000004   Data   RW          984    .data               port.o
    0x20000100   0x00000004   Data   RW         1336    .data               mc_w.l(errno.o)
    0x20000104   0x00000438   Zero   RW          151    .bss                app_cli.o
    0x2000053c   0x00000030   Zero   RW          335    .bss                main.o
    0x2000056c   0x0000001c   Zero   RW          360    .bss                app_th.o
    0x20000588   0x000002e8   Zero   RW          386    .bss                app_time.o
    0x20000870   0x000002f0   Zero   RW          425    .bss                mid_cli.o
    0x20000b60   0x00000030   Zero   RW          544    .bss                i2c_bus.o
    0x20000b90   0x0000012c   Zero   RW          922    .bss                tasks.o
    0x20000cbc   0x00000028   Zero   RW          953    .bss                timers.o
    0x20000ce4   0x00004400   Zero   RW          968    .bss                heap_2.o
    0x200050e4   0x00000004   PAD
    0x200050e8   0x00000400   Zero   RW          698    STACK               cstartup.o


==============================================================================

Image component sizes


      Code (inc. data)   RO Data    RW Data    ZI Data      Debug   Object Name

        84         10          0          4          0     264947   app_buz.o
      1992        706       1015         29       1080      27994   app_cli.o
       340         14          0         12          0      10056   app_data.o
       884         58          8          9          0       8145   app_display.o
       168         14          6          2          0       1540   app_led.o
       248         66          0          8         28       1649   app_th.o
      1316         64          0          8        744       5283   app_time.o
       652         22          0          0          0       3943   bsp.o
        28          4        236          0       1024        764   cstartup.o
        40          0          0          0          0        742   hal_cli.o
      1188         10          0          4          0       3612   hal_ds3231.o
       472         48          0          0          0       1909   hal_sht10.o
       528         22          0          8          0       8130   hal_uart.o
       292         20          0         24      17408       3072   heap_2.o
      1724         18          0          0         48       4845   i2c_bus.o
       148          0          0          0          0       3182   list.o
       348        128          0          0         48       1524   main.o
      1044        126        289         40        752       3868   mid_cli.o
        62          0          0          0          0       4850   mid_dbg.o
       764         14          0          0          0       1682   mid_kalman.o
       244          6         12          0          0       3343   mid_rtc.o
        70          0          0          0          0        798   mid_th.o
       220         22          0          0          0       1713   misc.o
       378         28          0          4          0       6884   port.o
      1900          8          0          0          0      19574   queue.o
       284         10          0          0          0       2147   stm32f10x_exti.o
      1468         34          0          0          0       7942   stm32f10x_flash.o
       860         38          0          0          0       5553   stm32f10x_gpio.o
       932         36          0         20          0       8692   stm32f10x_rcc.o
      3610         88          0          0          0      22044   stm32f10x_tim.o
      1032         22          0          0          0       8284   stm32f10x_usart.o
      5012        306          0         60        300      30254   tasks.o
      1100         54          0         20         40       7351   timers.o

    ----------------------------------------------------------------------
     29440       1996       1604        256      21476     486316   Object Totals
         0          0         32          0          0          0   (incl. Generated)
         8          0          6          4          4          0   (incl. Padding)

    ----------------------------------------------------------------------

      Code (inc. data)   RO Data    RW Data    ZI Data      Debug   Library Member Name

        28          0          0          0          0         68   _chval.o
       158          0          0          0          0         92   _strtoul.o
        26          0          0          0          0         80   atoi.o
         8          4        133          0          0         68   ctype_o.o
         0          0          0          0          0          0   entry.o
         0          0          0          0          0          0   entry10a.o
         0          0          0          0          0          0   entry11a.o
         8          4          0          0          0          0   entry2.o
         4          0          0          0          0          0   entry5.o
         0          0          0          0          0          0   entry7b.o
         0          0          0          0          0          0   entry8b.o
         8          4          0          0          0          0   entry9a.o
         8          4          0          4          0         68   errno.o
        30          0          0          0          0          0   handlers.o
        36          8          0          0          0         68   init.o
         0          0          0          0          0          0   iusefp.o
        30          0          0          0          0         68   llshl.o
        36          0          0          0          0         68   llsshr.o
        32          0          0          0          0         68   llushr.o
        36          0          0          0          0         68   memcpya.o
        36          0          0          0          0        108   memseta.o
      2280         92          0          0          0        592   printfa.o
        24          0          0          0          0         68   strcat.o
        28          0          0          0          0         76   strcmp.o
        18          0          0          0          0         68   strcpy.o
        14          0          0          0          0         68   strlen.o
        30          0          0          0          0         80   strncmp.o
       112          0          0          0          0         88   strtol.o
        44          0          0          0          0         80   uidiv.o
        98          0          0          0          0         92   uldiv.o
        40          2          0          0          0         68   cdcmple.o
        40          2          0          0          0         68   cdrcmple.o
        20          0          0          0          0         68   cfcmple.o
        20          0          0          0          0         68   cfrcmple.o
       334          0          0          0          0        148   dadd.o
       222          0          0          0          0        100   ddiv.o
       182          0          0          0          0        176   depilogue.o
        48          0          0          0          0         68   dfixul.o
       228          0          0          0          0         96   dmul.o
        38          0          0          0          0         68   f2d.o
       176          0          0          0          0        140   fadd.o
       124          0          0          0          0         88   fdiv.o
       110          0          0          0          0        168   fepilogue.o
        40          0          0          0          0         68   ffixui.o
        10          0          0          0          0         68   ffltui.o
       100          0          0          0          0         76   fmul.o

    ----------------------------------------------------------------------
      4868        120        136          4          0       3572   Library Totals
         4          0          3          0          0          0   (incl. Padding)

    ----------------------------------------------------------------------

      Code (inc. data)   RO Data    RW Data    ZI Data      Debug   Library Name

      3132        116        133          4          0       2036   mc_w.l
      1732          4          0          0          0       1536   mf_w.l

    ----------------------------------------------------------------------
      4868        120        136          4          0       3572   Library Totals

    ----------------------------------------------------------------------

==============================================================================


      Code (inc. data)   RO Data    RW Data    ZI Data      Debug   

     34308       2116       1740        260      21476     484528   Grand Totals
     34308       2116       1740        260      21476     484528   ELF Image Totals
     34308       2116       1740        260          0          0   ROM Totals

==============================================================================

    Total RO  Size (Code + RO Data)                36048 (  35.20kB)
    Total RW  Size (RW Data + ZI Data)             21736 (  21.23kB)
    Total ROM Size (Code + RO Data + RW Data)      36308 (  35.46kB)

==============================================================================

