Component: ARM Compiler 5.06 update 6 (build 750) Tool: armlink [4d35ed]

==============================================================================

Section Cross References

    app_buz.o(.text) refers to stm32f10x_tim.o(.text) for TIM_CtrlPWMOutputs
    app_buz.o(.text) refers to tasks.o(.text) for vTaskDelay
    app_buz.o(.text) refers to app_buz.o(.data) for warning_times
    app_cli.o(.text) refers to mid_cli.o(.text) for mid_cli_register
    app_cli.o(.text) refers to strcat.o(.text) for strcat
    app_cli.o(.text) refers to strcpy.o(.text) for strcpy
    app_cli.o(.text) refers to mid_rtc.o(.text) for mid_rtc_get_time
    app_cli.o(.text) refers to printfa.o(i.__0sprintf) for __2sprintf
    app_cli.o(.text) refers to atoi.o(.text) for atoi
    app_cli.o(.text) refers to app_th.o(.text) for app_th_get_data
    app_cli.o(.text) refers to cfcmple.o(.text) for __aeabi_cfcmpeq
    app_cli.o(.text) refers to f2d.o(.text) for __aeabi_f2d
    app_cli.o(.text) refers to main.o(.text) for main_get_task_handle
    app_cli.o(.text) refers to app_led.o(.text) for app_led_set_color
    app_cli.o(.text) refers to tasks.o(.text) for vTaskResume
    app_cli.o(.text) refers to app_display.o(.text) for app_display_on
    app_cli.o(.text) refers to ffltui.o(.text) for __aeabi_ui2f
    app_cli.o(.text) refers to fdiv.o(.text) for __aeabi_fdiv
    app_cli.o(.text) refers to fmul.o(.text) for __aeabi_fmul
    app_cli.o(.text) refers to ffixui.o(.text) for __aeabi_f2uiz
    app_cli.o(.text) refers to app_cli.o(.constdata) for info
    app_cli.o(.text) refers to app_cli.o(.data) for dev_info
    app_cli.o(.text) refers to app_cli.o(.bss) for ptasks
    app_cli.o(.text) refers to app_cli.o(.conststring) for .conststring
    app_cli.o(.text) refers to app_time.o(.text) for app_time_set_showtime
    app_cli.o(.constdata) refers to app_cli.o(.conststring) for .conststring
    app_cli.o(.constdata) refers to app_cli.o(.text) for info_main
    app_cli.o(.data) refers to app_cli.o(.conststring) for .conststring
    app_data.o(.text) refers to stm32f10x_flash.o(.text) for FLASH_Unlock
    app_data.o(.text) refers to queue.o(.text) for xQueueCreateMutex
    app_data.o(.text) refers to port.o(.text) for vPortEnterCritical
    app_data.o(.text) refers to app_data.o(.data) for mData
    app_display.o(.text) refers to app_display.o(i.bsp_74hc595_set_SH_CP) for bsp_74hc595_set_SH_CP
    app_display.o(.text) refers to app_display.o(i.bsp_74hc595_set_DATA) for bsp_74hc595_set_DATA
    app_display.o(.text) refers to app_display.o(i.bsp_74hc595_set_ST_CP) for bsp_74hc595_set_ST_CP
    app_display.o(.text) refers to port.o(.text) for vPortEnterCritical
    app_display.o(.text) refers to app_display.o(i.bsp_set_hv_state) for bsp_set_hv_state
    app_display.o(.text) refers to app_display.o(i.app_display_set_show) for app_display_set_show
    app_display.o(.text) refers to main.o(.text) for main_get_task_handle
    app_display.o(.text) refers to tasks.o(.text) for vTaskResume
    app_display.o(.text) refers to memseta.o(.text) for __aeabi_memset
    app_display.o(.text) refers to stm32f10x_gpio.o(.text) for GPIO_ResetBits
    app_display.o(.text) refers to app_display.o(.constdata) for .constdata
    app_display.o(.text) refers to app_display.o(.data) for hv_state
    app_led.o(.text) refers to stm32f10x_rcc.o(.text) for RCC_APB2PeriphClockCmd
    app_led.o(.text) refers to stm32f10x_gpio.o(.text) for GPIO_Init
    app_led.o(.text) refers to app_data.o(.text) for app_data_read_led_color
    app_led.o(.text) refers to tasks.o(.text) for xTaskGetTickCount
    app_led.o(.text) refers to app_led.o(.data) for led_color
    app_led.o(.text) refers to app_led.o(.constdata) for port_list
    main.o(.text) refers to bsp.o(.text) for bsp_init
    main.o(.text) refers to mid_dbg.o(.text) for mid_dbg_init
    main.o(.text) refers to app_led.o(.text) for app_led_init
    main.o(.text) refers to app_data.o(.text) for app_data_init
    main.o(.text) refers to printfa.o(i.__0sprintf) for __2sprintf
    main.o(.text) refers to app_cli.o(.text) for app_cli_init
    main.o(.text) refers to netconfig.o(.text) for LwIP_Init
    main.o(.text) refers to tasks.o(.text) for xTaskCreate
    main.o(.text) refers to main.o(.bss) for task_handle
    main.o(.text) refers to app_display.o(.text) for app_display_task
    main.o(.text) refers to app_th.o(.text) for app_th_task
    main.o(.text) refers to app_time.o(.text) for app_time_task
    main.o(.text) refers to app_buz.o(.text) for app_buzzer_task
    app_th.o(.text) refers to mid_kalman.o(.text) for kalman1_init
    app_th.o(.text) refers to tasks.o(.text) for vTaskDelay
    app_th.o(.text) refers to mid_th.o(.text) for mid_th_get_data
    app_th.o(.text) refers to mid_dbg.o(.text) for dbg_string
    app_th.o(.text) refers to fmul.o(.text) for __aeabi_fmul
    app_th.o(.text) refers to ffixui.o(.text) for __aeabi_f2uiz
    app_th.o(.text) refers to app_display.o(.text) for app_display_show_info
[...]
    UsageFault_Handler                       0x0800375d   Thumb Code     2  cstartup.o(.text)
    SVC_Handler                              0x0800375f   Thumb Code     2  cstartup.o(.text)
    DebugMon_Handler                         0x08003761   Thumb Code     2  cstartup.o(.text)
    PendSV_Handler                           0x08003763   Thumb Code     2  cstartup.o(.text)
    SysTick_Handler                          0x08003765   Thumb Code     2  cstartup.o(.text)
    ADC_IRQHandler                           0x08003767   Thumb Code     0  cstartup.o(.text)
    CAN_RX1_IRQHandler                       0x08003767   Thumb Code     0  cstartup.o(.text)
    CAN_SCE_IRQHandler                       0x08003767   Thumb Code     0  cstartup.o(.text)
    DMAChannel1_IRQHandler                   0x08003767   Thumb Code     0  cstartup.o(.text)
    DMAChannel2_IRQHandler                   0x08003767   Thumb Code     0  cstartup.o(.text)
    DMAChannel3_IRQHandler                   0x08003767   Thumb Code     0  cstartup.o(.text)
    DMAChannel4_IRQHandler                   0x08003767   Thumb Code     0  cstartup.o(.text)
    DMAChannel5_IRQHandler                   0x08003767   Thumb Code     0  cstartup.o(.text)
    DMAChannel6_IRQHandler                   0x08003767   Thumb Code     0  cstartup.o(.text)
    DMAChannel7_IRQHandler                   0x08003767   Thumb Code     0  cstartup.o(.text)
    EXTI15_10_IRQHandler                     0x08003767   Thumb Code     0  cstartup.o(.text)
    EXTI1_IRQHandler                         0x08003767   Thumb Code     0  cstartup.o(.text)
    EXTI2_IRQHandler                         0x08003767   Thumb Code     0  cstartup.o(.text)
    EXTI3_IRQHandler                         0x08003767   Thumb Code     0  cstartup.o(.text)
    EXTI4_IRQHandler                         0x08003767   Thumb Code     0  cstartup.o(.text)
    EXTI9_5_IRQHandler                       0x08003767   Thumb Code     0  cstartup.o(.text)
    FLASH_IRQHandler                         0x08003767   Thumb Code     0  cstartup.o(.text)
    I2C1_ER_IRQHandler                       0x08003767   Thumb Code     0  cstartup.o(.text)
    I2C1_EV_IRQHandler                       0x08003767   Thumb Code     0  cstartup.o(.text)
    I2C2_ER_IRQHandler                       0x08003767   Thumb Code     0  cstartup.o(.text)
    I2C2_EV_IRQHandler                       0x08003767   Thumb Code     0  cstartup.o(.text)
    PVD_IRQHandler                           0x08003767   Thumb Code     0  cstartup.o(.text)
    RCC_IRQHandler                           0x08003767   Thumb Code     0  cstartup.o(.text)
    RTCAlarm_IRQHandler                      0x08003767   Thumb Code     0  cstartup.o(.text)
    RTC_IRQHandler                           0x08003767   Thumb Code     0  cstartup.o(.text)
    SPI1_IRQHandler                          0x08003767   Thumb Code     0  cstartup.o(.text)
    SPI2_IRQHandler                          0x08003767   Thumb Code     0  cstartup.o(.text)
    TAMPER_IRQHandler                        0x08003767   Thumb Code     0  cstartup.o(.text)
    TIM1_BRK_IRQHandler                      0x08003767   Thumb Code     0  cstartup.o(.text)
    TIM1_CC_IRQHandler                       0x08003767   Thumb Code     0  cstartup.o(.text)
    TIM1_TRG_COM_IRQHandler                  0x08003767   Thumb Code     0  cstartup.o(.text)
    TIM1_UP_IRQHandler                       0x08003767   Thumb Code     0  cstartup.o(.text)
    TIM2_IRQHandler                          0x08003767   Thumb Code     0  cstartup.o(.text)
    TIM3_IRQHandler                          0x08003767   Thumb Code     0  cstartup.o(.text)
    TIM4_IRQHandler                          0x08003767   Thumb Code     0  cstartup.o(.text)
    USART2_IRQHandler                        0x08003767   Thumb Code     0  cstartup.o(.text)
    USART3_IRQHandler                        0x08003767   Thumb Code     0  cstartup.o(.text)
    USBWakeUp_IRQHandler                     0x08003767   Thumb Code     0  cstartup.o(.text)
    USB_HP_CAN_TX_IRQHandler                 0x08003767   Thumb Code     0  cstartup.o(.text)
    USB_LP_CAN_RX0_IRQHandler                0x08003767   Thumb Code     0  cstartup.o(.text)
    WWDG_IRQHandler                          0x08003767   Thumb Code     0  cstartup.o(.text)
    GPIO_DeInit                              0x0800376d   Thumb Code   172  stm32f10x_gpio.o(.text)
    GPIO_AFIODeInit                          0x08003819   Thumb Code    20  stm32f10x_gpio.o(.text)
    GPIO_Init                                0x0800382d   Thumb Code   278  stm32f10x_gpio.o(.text)
    GPIO_StructInit                          0x08003943   Thumb Code    16  stm32f10x_gpio.o(.text)
    GPIO_ReadInputDataBit                    0x08003953   Thumb Code    18  stm32f10x_gpio.o(.text)
    GPIO_ReadInputData                       0x08003965   Thumb Code     8  stm32f10x_gpio.o(.text)
    GPIO_ReadOutputDataBit                   0x0800396d   Thumb Code    18  stm32f10x_gpio.o(.text)
    GPIO_ReadOutputData                      0x0800397f   Thumb Code     8  stm32f10x_gpio.o(.text)
    GPIO_SetBits                             0x08003987   Thumb Code     4  stm32f10x_gpio.o(.text)
    GPIO_ResetBits                           0x0800398b   Thumb Code     4  stm32f10x_gpio.o(.text)
    GPIO_WriteBit                            0x0800398f   Thumb Code    10  stm32f10x_gpio.o(.text)
    GPIO_Write                               0x08003999   Thumb Code     4  stm32f10x_gpio.o(.text)
    GPIO_PinLockConfig                       0x0800399d   Thumb Code    18  stm32f10x_gpio.o(.text)
    GPIO_EventOutputConfig                   0x080039af   Thumb Code    26  stm32f10x_gpio.o(.text)
    GPIO_EventOutputCmd                      0x080039c9   Thumb Code     6  stm32f10x_gpio.o(.text)
    GPIO_PinRemapConfig                      0x080039cf   Thumb Code   138  stm32f10x_gpio.o(.text)
    GPIO_EXTILineConfig                      0x08003a59   Thumb Code    66  stm32f10x_gpio.o(.text)
    GPIO_ETH_MediaInterfaceConfig            0x08003a9b   Thumb Code     8  stm32f10x_gpio.o(.text)
    RCC_DeInit                               0x08003ac9   Thumb Code    64  stm32f10x_rcc.o(.text)
    RCC_HSEConfig                            0x08003b09   Thumb Code    70  stm32f10x_rcc.o(.text)
    RCC_GetFlagStatus                        0x08003b4f   Thumb Code    56  stm32f10x_rcc.o(.text)
    RCC_WaitForHSEStartUp                    0x08003b87   Thumb Code    56  stm32f10x_rcc.o(.text)
    RCC_AdjustHSICalibrationValue            0x08003bbf   Thumb Code    20  stm32f10x_rcc.o(.text)
    RCC_HSICmd                               0x08003bd3   Thumb Code     6  stm32f10x_rcc.o(.text)
    RCC_PLLConfig                            0x08003bd9   Thumb Code    24  stm32f10x_rcc.o(.text)
    RCC_PLLCmd                               0x08003bf1   Thumb Code     6  stm32f10x_rcc.o(.text)
    RCC_SYSCLKConfig                         0x08003bf7   Thumb Code    18  stm32f10x_rcc.o(.text)
    RCC_GetSYSCLKSource                      0x08003c09   Thumb Code    10  stm32f10x_rcc.o(.text)
    RCC_HCLKConfig                           0x08003c13   Thumb Code    18  stm32f10x_rcc.o(.text)
    RCC_PCLK1Config                          0x08003c25   Thumb Code    18  stm32f10x_rcc.o(.text)
    RCC_PCLK2Config                          0x08003c37   Thumb Code    20  stm32f10x_rcc.o(.text)
    RCC_ITConfig                             0x08003c4b   Thumb Code    26  stm32f10x_rcc.o(.text)
    RCC_USBCLKConfig                         0x08003c65   Thumb Code     8  stm32f10x_rcc.o(.text)
    RCC_ADCCLKConfig                         0x08003c6d   Thumb Code    18  stm32f10x_rcc.o(.text)
    RCC_LSEConfig                            0x08003c7f   Thumb Code    50  stm32f10x_rcc.o(.text)
    RCC_LSICmd                               0x08003cb1   Thumb Code     6  stm32f10x_rcc.o(.text)
    RCC_RTCCLKConfig                         0x08003cb7   Thumb Code    12  stm32f10x_rcc.o(.text)
    RCC_RTCCLKCmd                            0x08003cc3   Thumb Code     8  stm32f10x_rcc.o(.text)
    RCC_GetClocksFreq                        0x08003ccb   Thumb Code   192  stm32f10x_rcc.o(.text)
    RCC_AHBPeriphClockCmd                    0x08003d8b   Thumb Code    26  stm32f10x_rcc.o(.text)
    RCC_APB2PeriphClockCmd                   0x08003da5   Thumb Code    26  stm32f10x_rcc.o(.text)
    RCC_APB1PeriphClockCmd                   0x08003dbf   Thumb Code    26  stm32f10x_rcc.o(.text)
    RCC_APB2PeriphResetCmd                   0x08003dd9   Thumb Code    26  stm32f10x_rcc.o(.text)
    RCC_APB1PeriphResetCmd                   0x08003df3   Thumb Code    26  stm32f10x_rcc.o(.text)
    RCC_BackupResetCmd                       0x08003e0d   Thumb Code     8  stm32f10x_rcc.o(.text)
    RCC_ClockSecuritySystemCmd               0x08003e15   Thumb Code     6  stm32f10x_rcc.o(.text)
    RCC_MCOConfig                            0x08003e1b   Thumb Code     6  stm32f10x_rcc.o(.text)
    RCC_ClearFlag                            0x08003e21   Thumb Code    14  stm32f10x_rcc.o(.text)
    RCC_GetITStatus                          0x08003e2f   Thumb Code    20  stm32f10x_rcc.o(.text)
    RCC_ClearITPendingBit                    0x08003e43   Thumb Code     6  stm32f10x_rcc.o(.text)
    NVIC_PriorityGroupConfig                 0x08003e6d   Thumb Code    10  misc.o(.text)
    NVIC_Init                                0x08003e77   Thumb Code   100  misc.o(.text)
    NVIC_SetVectorTable                      0x08003edb   Thumb Code    14  misc.o(.text)
    NVIC_SystemLPConfig                      0x08003ee9   Thumb Code    34  misc.o(.text)
    SysTick_CLKSourceConfig                  0x08003f0b   Thumb Code    40  misc.o(.text)
    USART_DeInit                             0x08003f49   Thumb Code   134  stm32f10x_usart.o(.text)
    USART_Init                               0x08003fcf   Thumb Code   210  stm32f10x_usart.o(.text)
    USART_StructInit                         0x080040a1   Thumb Code    24  stm32f10x_usart.o(.text)
    USART_ClockInit                          0x080040b9   Thumb Code    34  stm32f10x_usart.o(.text)
    USART_ClockStructInit                    0x080040db   Thumb Code    12  stm32f10x_usart.o(.text)
    USART_Cmd                                0x080040e7   Thumb Code    24  stm32f10x_usart.o(.text)
    USART_ITConfig                           0x080040ff   Thumb Code    74  stm32f10x_usart.o(.text)
    USART_DMACmd                             0x08004149   Thumb Code    18  stm32f10x_usart.o(.text)
    USART_SetAddress                         0x0800415b   Thumb Code    18  stm32f10x_usart.o(.text)
    USART_WakeUpConfig                       0x0800416d   Thumb Code    18  stm32f10x_usart.o(.text)
    USART_ReceiverWakeUpCmd                  0x0800417f   Thumb Code    24  stm32f10x_usart.o(.text)
    USART_LINBreakDetectLengthConfig         0x08004197   Thumb Code    18  stm32f10x_usart.o(.text)
    USART_LINCmd                             0x080041a9   Thumb Code    24  stm32f10x_usart.o(.text)
    USART_SendData                           0x080041c1   Thumb Code     8  stm32f10x_usart.o(.text)
    USART_ReceiveData                        0x080041c9   Thumb Code    10  stm32f10x_usart.o(.text)
    USART_SendBreak                          0x080041d3   Thumb Code    10  stm32f10x_usart.o(.text)
    USART_SetGuardTime                       0x080041dd   Thumb Code    16  stm32f10x_usart.o(.text)
    USART_SetPrescaler                       0x080041ed   Thumb Code    16  stm32f10x_usart.o(.text)
    USART_SmartCardCmd                       0x080041fd   Thumb Code    24  stm32f10x_usart.o(.text)
    USART_SmartCardNACKCmd                   0x08004215   Thumb Code    24  stm32f10x_usart.o(.text)
    USART_HalfDuplexCmd                      0x0800422d   Thumb Code    24  stm32f10x_usart.o(.text)
    USART_OverSampling8Cmd                   0x08004245   Thumb Code    22  stm32f10x_usart.o(.text)
    USART_OneBitMethodCmd                    0x0800425b   Thumb Code    24  stm32f10x_usart.o(.text)
    USART_IrDAConfig                         0x08004273   Thumb Code    18  stm32f10x_usart.o(.text)
    USART_IrDACmd                            0x08004285   Thumb Code    24  stm32f10x_usart.o(.text)
    USART_GetFlagStatus                      0x0800429d   Thumb Code    26  stm32f10x_usart.o(.text)
    USART_ClearFlag                          0x080042b7   Thumb Code    18  stm32f10x_usart.o(.text)
    USART_GetITStatus                        0x080042c9   Thumb Code    84  stm32f10x_usart.o(.text)
    USART_ClearITPendingBit                  0x0800431d   Thumb Code    52  stm32f10x_usart.o(.text)
    EXTI_DeInit                              0x08004351   Thumb Code    28  stm32f10x_exti.o(.text)
    EXTI_Init                                0x0800436d   Thumb Code   142  stm32f10x_exti.o(.text)
    EXTI_StructInit                          0x080043fb   Thumb Code    16  stm32f10x_exti.o(.text)
    EXTI_GenerateSWInterrupt                 0x0800440b   Thumb Code    16  stm32f10x_exti.o(.text)
    EXTI_GetFlagStatus                       0x0800441b   Thumb Code    22  stm32f10x_exti.o(.text)
    EXTI_ClearFlag                           0x08004431   Thumb Code     8  stm32f10x_exti.o(.text)
    EXTI_GetITStatus                         0x08004439   Thumb Code    34  stm32f10x_exti.o(.text)
    EXTI_ClearITPendingBit                   0x0800445b   Thumb Code     8  stm32f10x_exti.o(.text)
    TIM_DeInit                               0x0800446d   Thumb Code   424  stm32f10x_tim.o(.text)
    TIM_TimeBaseInit                         0x08004615   Thumb Code   122  stm32f10x_tim.o(.text)
    TIM_OC1Init                              0x0800468f   Thumb Code   132  stm32f10x_tim.o(.text)
    TIM_OC2Init                              0x08004713   Thumb Code   154  stm32f10x_tim.o(.text)
    TIM_OC3Init                              0x080047ad   Thumb Code   150  stm32f10x_tim.o(.text)
    TIM_OC4Init                              0x08004843   Thumb Code   182  stm32f10x_tim.o(.text)
    TIM_SetIC4Prescaler                      0x080048f9   Thumb Code    26  stm32f10x_tim.o(.text)
    TIM_SetIC3Prescaler                      0x08004995   Thumb Code    18  stm32f10x_tim.o(.text)
    TIM_SetIC2Prescaler                      0x08004a21   Thumb Code    26  stm32f10x_tim.o(.text)
    TIM_SetIC1Prescaler                      0x08004abd   Thumb Code    18  stm32f10x_tim.o(.text)
    TIM_ICInit                               0x08004b3b   Thumb Code   150  stm32f10x_tim.o(.text)
    TIM_PWMIConfig                           0x08004bd1   Thumb Code   124  stm32f10x_tim.o(.text)
    TIM_BDTRConfig                           0x08004c4d   Thumb Code    32  stm32f10x_tim.o(.text)
    TIM_TimeBaseStructInit                   0x08004c6d   Thumb Code    18  stm32f10x_tim.o(.text)
    TIM_OCStructInit                         0x08004c7f   Thumb Code    20  stm32f10x_tim.o(.text)
    TIM_ICStructInit                         0x08004c93   Thumb Code    18  stm32f10x_tim.o(.text)
    TIM_BDTRStructInit                       0x08004ca5   Thumb Code    40  stm32f10x_tim.o(.text)
    TIM_Cmd                                  0x08004ccd   Thumb Code    24  stm32f10x_tim.o(.text)
    TIM_CtrlPWMOutputs                       0x08004ce5   Thumb Code    30  stm32f10x_tim.o(.text)
    TIM_ITConfig                             0x08004d03   Thumb Code    18  stm32f10x_tim.o(.text)
    TIM_GenerateEvent                        0x08004d15   Thumb Code     4  stm32f10x_tim.o(.text)
    TIM_DMAConfig                            0x08004d19   Thumb Code    10  stm32f10x_tim.o(.text)
    TIM_DMACmd                               0x08004d23   Thumb Code    18  stm32f10x_tim.o(.text)
    TIM_InternalClockConfig                  0x08004d35   Thumb Code    12  stm32f10x_tim.o(.text)
    TIM_SelectInputTrigger                   0x08004d41   Thumb Code    18  stm32f10x_tim.o(.text)
    TIM_ITRxExternalClockConfig              0x08004d53   Thumb Code    24  stm32f10x_tim.o(.text)
    TIM_TIxExternalClockConfig               0x08004d6b   Thumb Code    62  stm32f10x_tim.o(.text)
    TIM_ETRConfig                            0x08004da9   Thumb Code    28  stm32f10x_tim.o(.text)
    TIM_ETRClockMode1Config                  0x08004dc5   Thumb Code    54  stm32f10x_tim.o(.text)
    TIM_ETRClockMode2Config                  0x08004dfb   Thumb Code    32  stm32f10x_tim.o(.text)
    TIM_PrescalerConfig                      0x08004e1b   Thumb Code     6  stm32f10x_tim.o(.text)
    TIM_CounterModeConfig                    0x08004e21   Thumb Code    18  stm32f10x_tim.o(.text)
    TIM_EncoderInterfaceConfig               0x08004e33   Thumb Code    66  stm32f10x_tim.o(.text)
    TIM_ForcedOC1Config                      0x08004e75   Thumb Code    18  stm32f10x_tim.o(.text)
    TIM_ForcedOC2Config                      0x08004e87   Thumb Code    26  stm32f10x_tim.o(.text)
    TIM_ForcedOC3Config                      0x08004ea1   Thumb Code    18  stm32f10x_tim.o(.text)
    TIM_ForcedOC4Config                      0x08004eb3   Thumb Code    26  stm32f10x_tim.o(.text)
    TIM_ARRPreloadConfig                     0x08004ecd   Thumb Code    24  stm32f10x_tim.o(.text)
    TIM_SelectCOM                            0x08004ee5   Thumb Code    24  stm32f10x_tim.o(.text)
    TIM_SelectCCDMA                          0x08004efd   Thumb Code    24  stm32f10x_tim.o(.text)
    TIM_CCPreloadControl                     0x08004f15   Thumb Code    24  stm32f10x_tim.o(.text)
    TIM_OC1PreloadConfig                     0x08004f2d   Thumb Code    18  stm32f10x_tim.o(.text)
    TIM_OC2PreloadConfig                     0x08004f3f   Thumb Code    26  stm32f10x_tim.o(.text)
    TIM_OC3PreloadConfig                     0x08004f59   Thumb Code    18  stm32f10x_tim.o(.text)
    TIM_OC4PreloadConfig                     0x08004f6b   Thumb Code    26  stm32f10x_tim.o(.text)
    TIM_OC1FastConfig                        0x08004f85   Thumb Code    18  stm32f10x_tim.o(.text)
    TIM_OC2FastConfig                        0x08004f97   Thumb Code    26  stm32f10x_tim.o(.text)
    TIM_OC3FastConfig                        0x08004fb1   Thumb Code    18  stm32f10x_tim.o(.text)
    TIM_OC4FastConfig                        0x08004fc3   Thumb Code    26  stm32f10x_tim.o(.text)
    TIM_ClearOC1Ref                          0x08004fdd   Thumb Code    18  stm32f10x_tim.o(.text)
    TIM_ClearOC2Ref                          0x08004fef   Thumb Code    24  stm32f10x_tim.o(.text)
    TIM_ClearOC3Ref                          0x08005007   Thumb Code    18  stm32f10x_tim.o(.text)
    TIM_ClearOC4Ref                          0x08005019   Thumb Code    24  stm32f10x_tim.o(.text)
    TIM_OC1PolarityConfig                    0x08005031   Thumb Code    18  stm32f10x_tim.o(.text)
    TIM_OC1NPolarityConfig                   0x08005043   Thumb Code    18  stm32f10x_tim.o(.text)
    TIM_OC2PolarityConfig                    0x08005055   Thumb Code    26  stm32f10x_tim.o(.text)
    TIM_OC2NPolarityConfig                   0x0800506f   Thumb Code    26  stm32f10x_tim.o(.text)
    TIM_OC3PolarityConfig                    0x08005089   Thumb Code    26  stm32f10x_tim.o(.text)
    TIM_OC3NPolarityConfig                   0x080050a3   Thumb Code    26  stm32f10x_tim.o(.text)
    TIM_OC4PolarityConfig                    0x080050bd   Thumb Code    26  stm32f10x_tim.o(.text)
    TIM_CCxCmd                               0x080050d7   Thumb Code    30  stm32f10x_tim.o(.text)
    TIM_CCxNCmd                              0x080050f5   Thumb Code    30  stm32f10x_tim.o(.text)
    TIM_SelectOCxM                           0x08005113   Thumb Code    82  stm32f10x_tim.o(.text)
    TIM_UpdateDisableConfig                  0x08005165   Thumb Code    24  stm32f10x_tim.o(.text)
    TIM_UpdateRequestConfig                  0x0800517d   Thumb Code    24  stm32f10x_tim.o(.text)
    TIM_SelectHallSensor                     0x08005195   Thumb Code    24  stm32f10x_tim.o(.text)
    TIM_SelectOnePulseMode                   0x080051ad   Thumb Code    18  stm32f10x_tim.o(.text)
    TIM_SelectOutputTrigger                  0x080051bf   Thumb Code    18  stm32f10x_tim.o(.text)
    TIM_SelectSlaveMode                      0x080051d1   Thumb Code    18  stm32f10x_tim.o(.text)
    TIM_SelectMasterSlaveMode                0x080051e3   Thumb Code    18  stm32f10x_tim.o(.text)
    TIM_SetCounter                           0x080051f5   Thumb Code     4  stm32f10x_tim.o(.text)
    TIM_SetAutoreload                        0x080051f9   Thumb Code     4  stm32f10x_tim.o(.text)
    TIM_SetCompare1                          0x080051fd   Thumb Code     4  stm32f10x_tim.o(.text)
    TIM_SetCompare2                          0x08005201   Thumb Code     4  stm32f10x_tim.o(.text)
    TIM_SetCompare3                          0x08005205   Thumb Code     4  stm32f10x_tim.o(.text)
    TIM_SetCompare4                          0x08005209   Thumb Code     6  stm32f10x_tim.o(.text)
    TIM_SetClockDivision                     0x0800520f   Thumb Code    18  stm32f10x_tim.o(.text)
    TIM_GetCapture1                          0x08005221   Thumb Code     6  stm32f10x_tim.o(.text)
    TIM_GetCapture2                          0x08005227   Thumb Code     6  stm32f10x_tim.o(.text)
    TIM_GetCapture3                          0x0800522d   Thumb Code     6  stm32f10x_tim.o(.text)
    TIM_GetCapture4                          0x08005233   Thumb Code     8  stm32f10x_tim.o(.text)
    TIM_GetCounter                           0x0800523b   Thumb Code     6  stm32f10x_tim.o(.text)
    TIM_GetPrescaler                         0x08005241   Thumb Code     6  stm32f10x_tim.o(.text)
    TIM_GetFlagStatus                        0x08005247   Thumb Code    18  stm32f10x_tim.o(.text)
    TIM_ClearFlag                            0x08005259   Thumb Code     6  stm32f10x_tim.o(.text)
    TIM_GetITStatus                          0x0800525f   Thumb Code    34  stm32f10x_tim.o(.text)
    TIM_ClearITPendingBit                    0x08005281   Thumb Code     6  stm32f10x_tim.o(.text)
    FLASH_SetLatency                         0x08005289   Thumb Code    18  stm32f10x_flash.o(.text)
    FLASH_HalfCycleAccessCmd                 0x0800529b   Thumb Code    22  stm32f10x_flash.o(.text)
    FLASH_PrefetchBufferCmd                  0x080052b1   Thumb Code    22  stm32f10x_flash.o(.text)
    FLASH_Unlock                             0x080052c7   Thumb Code    12  stm32f10x_flash.o(.text)
    FLASH_UnlockBank1                        0x080052d3   Thumb Code    12  stm32f10x_flash.o(.text)
    FLASH_Lock                               0x080052df   Thumb Code    14  stm32f10x_flash.o(.text)
    FLASH_LockBank1                          0x080052ed   Thumb Code    14  stm32f10x_flash.o(.text)
    FLASH_GetBank1Status                     0x080052fb   Thumb Code    48  stm32f10x_flash.o(.text)
    FLASH_WaitForLastOperation               0x0800532b   Thumb Code    38  stm32f10x_flash.o(.text)
    FLASH_ErasePage                          0x08005351   Thumb Code    72  stm32f10x_flash.o(.text)
    FLASH_EraseAllPages                      0x08005399   Thumb Code    68  stm32f10x_flash.o(.text)
    FLASH_WaitForLastBank1Operation          0x080053dd   Thumb Code    38  stm32f10x_flash.o(.text)
    FLASH_EraseAllBank1Pages                 0x08005403   Thumb Code    68  stm32f10x_flash.o(.text)
    FLASH_GetReadOutProtectionStatus         0x08005447   Thumb Code    20  stm32f10x_flash.o(.text)
    FLASH_EraseOptionBytes                   0x0800545b   Thumb Code   150  stm32f10x_flash.o(.text)
    FLASH_ProgramWord                        0x080054f1   Thumb Code   102  stm32f10x_flash.o(.text)
    FLASH_ProgramHalfWord                    0x08005557   Thumb Code    60  stm32f10x_flash.o(.text)
    FLASH_ProgramOptionByteData              0x08005593   Thumb Code    72  stm32f10x_flash.o(.text)
    FLASH_EnableWriteProtection              0x080055db   Thumb Code   200  stm32f10x_flash.o(.text)
    FLASH_ReadOutProtection                  0x080056a3   Thumb Code   156  stm32f10x_flash.o(.text)
    FLASH_UserOptionByteConfig               0x0800573f   Thumb Code    88  stm32f10x_flash.o(.text)
    FLASH_GetUserOptionByte                  0x08005797   Thumb Code     8  stm32f10x_flash.o(.text)
    FLASH_GetWriteProtectionOptionByte       0x0800579f   Thumb Code     6  stm32f10x_flash.o(.text)
    FLASH_GetPrefetchBufferStatus            0x080057a5   Thumb Code    20  stm32f10x_flash.o(.text)
    FLASH_ITConfig                           0x080057b9   Thumb Code    26  stm32f10x_flash.o(.text)
    FLASH_GetFlagStatus                      0x080057d3   Thumb Code    42  stm32f10x_flash.o(.text)
    FLASH_ClearFlag                          0x080057fd   Thumb Code     6  stm32f10x_flash.o(.text)
    FLASH_GetStatus                          0x08005803   Thumb Code    48  stm32f10x_flash.o(.text)
    vListInitialise                          0x08005845   Thumb Code    26  list.o(.text)
    vListInitialiseItem                      0x0800585f   Thumb Code     6  list.o(.text)
    vListInsertEnd                           0x08005865   Thumb Code    24  list.o(.text)
    vListInsert                              0x0800587d   Thumb Code    52  list.o(.text)
    uxListRemove                             0x080058b1   Thumb Code    40  list.o(.text)
    xQueueGenericReset                       0x080058d9   Thumb Code   122  queue.o(.text)
    xQueueGenericCreate                      0x0800597d   Thumb Code    56  queue.o(.text)
    xQueueGenericSend                        0x08005acd   Thumb Code   276  queue.o(.text)
    xQueueCreateMutex                        0x08005bfd   Thumb Code    34  queue.o(.text)
    xQueueGenericSendFromISR                 0x08005c1f   Thumb Code   134  queue.o(.text)
    xQueueGiveFromISR                        0x08005ca5   Thumb Code   124  queue.o(.text)
    xQueueGenericReceive                     0x08005d65   Thumb Code   342  queue.o(.text)
    xQueueReceiveFromISR                     0x08005ebb   Thumb Code   130  queue.o(.text)
    xQueuePeekFromISR                        0x08005f3d   Thumb Code    74  queue.o(.text)
    uxQueueMessagesWaiting                   0x08005f87   Thumb Code    18  queue.o(.text)
    uxQueueSpacesAvailable                   0x08005f99   Thumb Code    24  queue.o(.text)
    uxQueueMessagesWaitingFromISR            0x08005fb1   Thumb Code     6  queue.o(.text)
    vQueueDelete                             0x08005fb7   Thumb Code    14  queue.o(.text)
    uxQueueGetQueueNumber                    0x08005fc5   Thumb Code     6  queue.o(.text)
    vQueueSetQueueNumber                     0x08005fcb   Thumb Code     4  queue.o(.text)
    ucQueueGetQueueType                      0x08005fcf   Thumb Code     8  queue.o(.text)
    xQueueIsQueueEmptyFromISR                0x08005fd7   Thumb Code    14  queue.o(.text)
    xQueueIsQueueFullFromISR                 0x08005fe5   Thumb Code    18  queue.o(.text)
    vQueueWaitForMessageRestricted           0x08005ff7   Thumb Code    74  queue.o(.text)
    xTaskCreate                              0x080061c1   Thumb Code    92  tasks.o(.text)
    vTaskDelete                              0x08006259   Thumb Code   176  tasks.o(.text)
    xTaskIncrementTick                       0x08006309   Thumb Code   238  tasks.o(.text)
    xTaskResumeAll                           0x080063f7   Thumb Code   284  tasks.o(.text)
    vTaskSuspendAll                          0x0800658f   Thumb Code    12  tasks.o(.text)
    vTaskDelayUntil                          0x0800659b   Thumb Code   106  tasks.o(.text)
    vTaskDelay                               0x08006605   Thumb Code    46  tasks.o(.text)
    eTaskGetState                            0x08006633   Thumb Code    88  tasks.o(.text)
    uxTaskPriorityGet                        0x0800668b   Thumb Code    30  tasks.o(.text)
    uxTaskPriorityGetFromISR                 0x080066a9   Thumb Code    52  tasks.o(.text)
    vTaskPrioritySet                         0x080066dd   Thumb Code   226  tasks.o(.text)
    vTaskSwitchContext                       0x080067bf   Thumb Code    76  tasks.o(.text)
    vTaskSuspend                             0x0800680b   Thumb Code   220  tasks.o(.text)
    vTaskResume                              0x0800691f   Thumb Code   104  tasks.o(.text)
    xTaskResumeFromISR                       0x08006987   Thumb Code   130  tasks.o(.text)
    vTaskStartScheduler                      0x08006a7f   Thumb Code    84  tasks.o(.text)
    vTaskEndScheduler                        0x08006ad3   Thumb Code    32  tasks.o(.text)
    xTaskGetTickCount                        0x08006af3   Thumb Code     6  tasks.o(.text)
    xTaskGetTickCountFromISR                 0x08006af9   Thumb Code     8  tasks.o(.text)
    uxTaskGetNumberOfTasks                   0x08006b01   Thumb Code     6  tasks.o(.text)
    pcTaskGetName                            0x08006b07   Thumb Code    20  tasks.o(.text)
    vTaskGetTaskInfo                         0x08006b31   Thumb Code   114  tasks.o(.text)
    uxTaskGetSystemState                     0x08006c0d   Thumb Code   152  tasks.o(.text)
    vTaskPlaceOnEventList                    0x08006ca5   Thumb Code   104  tasks.o(.text)
    vTaskPlaceOnUnorderedEventList           0x08006d0d   Thumb Code    40  tasks.o(.text)
    vTaskPlaceOnEventListRestricted          0x08006d35   Thumb Code    36  tasks.o(.text)
    xTaskRemoveFromEventList                 0x08006d59   Thumb Code   104  tasks.o(.text)
    xTaskRemoveFromUnorderedEventList        0x08006dc1   Thumb Code    94  tasks.o(.text)
    vTaskSetTimeOutState                     0x08006e1f   Thumb Code    14  tasks.o(.text)
    xTaskCheckForTimeOut                     0x08006e2d   Thumb Code    84  tasks.o(.text)
    vTaskMissedYield                         0x08006e81   Thumb Code     8  tasks.o(.text)
    uxTaskGetTaskNumber                      0x08006e89   Thumb Code    14  tasks.o(.text)
    vTaskSetTaskNumber                       0x08006e97   Thumb Code     8  tasks.o(.text)
    uxTaskGetStackHighWaterMark              0x08006e9f   Thumb Code    34  tasks.o(.text)
    xTaskGetCurrentTaskHandle                0x08006ec1   Thumb Code     6  tasks.o(.text)
    xTaskGetSchedulerState                   0x08006ec7   Thumb Code    24  tasks.o(.text)
    vTaskPriorityInherit                     0x08006edf   Thumb Code   164  tasks.o(.text)
    xTaskPriorityDisinherit                  0x08006f83   Thumb Code   122  tasks.o(.text)
    uxTaskResetEventItemValue                0x08006ffd   Thumb Code    24  tasks.o(.text)
    pvTaskIncrementMutexHeldCount            0x08007015   Thumb Code    26  tasks.o(.text)
    ulTaskNotifyTake                         0x0800702f   Thumb Code   108  tasks.o(.text)
    xTaskNotifyWait                          0x0800709b   Thumb Code   192  tasks.o(.text)
    xTaskGenericNotify                       0x0800715b   Thumb Code   178  tasks.o(.text)
    xTaskGenericNotifyFromISR                0x0800720d   Thumb Code   228  tasks.o(.text)
    vTaskNotifyGiveFromISR                   0x080072f1   Thumb Code   154  tasks.o(.text)
    xTaskNotifyStateClear                    0x0800738b   Thumb Code    48  tasks.o(.text)
    xTimerGenericCommand                     0x08007429   Thumb Code   102  timers.o(.text)
    xTimerCreateTimerTask                    0x0800770b   Thumb Code    42  timers.o(.text)
    xTimerCreate                             0x08007763   Thumb Code    48  timers.o(.text)
    xTimerGetTimerDaemonTaskHandle           0x08007793   Thumb Code     6  timers.o(.text)
    xTimerGetPeriod                          0x08007799   Thumb Code     8  timers.o(.text)
    xTimerGetExpiryTime                      0x080077a1   Thumb Code     8  timers.o(.text)
    pcTimerGetName                           0x080077a9   Thumb Code     8  timers.o(.text)
    xTimerIsTimerActive                      0x080077b1   Thumb Code    32  timers.o(.text)
    pvTimerGetTimerID                        0x080077d1   Thumb Code    64  timers.o(.text)
    vTimerSetTimerID                         0x08007811   Thumb Code    20  timers.o(.text)
    pvPortMalloc                             0x0800784f   Thumb Code   166  heap_2.o(.text)
    vPortFree                                0x080078f5   Thumb Code    56  heap_2.o(.text)
    xPortGetFreeHeapSize                     0x0800792d   Thumb Code     6  heap_2.o(.text)
    vPortInitialiseBlocks                    0x08007933   Thumb Code     2  heap_2.o(.text)
    pxPortInitialiseStack                    0x0800795f   Thumb Code    26  port.o(.text)
    vPortSetupTimerInterrupt                 0x08007979   Thumb Code    14  port.o(.text)
    xPortStartScheduler                      0x08007987   Thumb Code    42  port.o(.text)
    vPortEndScheduler                        0x080079b1   Thumb Code     2  port.o(.text)
    vPortEnterCritical                       0x080079b3   Thumb Code    30  port.o(.text)
    vPortExitCritical                        0x080079d1   Thumb Code    28  port.o(.text)
    xPortSysTickHandler                      0x080079ed   Thumb Code    48  port.o(.text)
    dns_setserver                            0x08007a2d   Thumb Code    28  dns.o(.text)
    dns_init                                 0x08007c11   Thumb Code    64  dns.o(.text)
    dns_getserver                            0x08007c51   Thumb Code    28  dns.o(.text)
    dns_tmr                                  0x08007e53   Thumb Code    14  dns.o(.text)
    dns_gethostbyname                        0x08007f6f   Thumb Code    84  dns.o(.text)
    lwip_init                                0x08007fd1   Thumb Code    24  init.o(.text)
    mem_init                                 0x08008055   Thumb Code    92  mem.o(.text)
    mem_free                                 0x080080b1   Thumb Code   128  mem.o(.text)
    mem_realloc                              0x08008131   Thumb Code   310  mem.o(.text)
    mem_malloc                               0x08008267   Thumb Code   390  mem.o(.text)
    mem_calloc                               0x080083ed   Thumb Code    34  mem.o(.text)
    memp_init                                0x08008411   Thumb Code   136  memp.o(.text)
    memp_malloc                              0x08008499   Thumb Code   150  memp.o(.text)
    memp_free                                0x0800852f   Thumb Code    74  memp.o(.text)
    netif_set_gw                             0x0800858d   Thumb Code    12  netif.o(.text)
    netif_set_netmask                        0x08008599   Thumb Code    12  netif.o(.text)
    netif_set_ipaddr                         0x080085a5   Thumb Code   110  netif.o(.text)
    netif_set_addr                           0x08008613   Thumb Code    40  netif.o(.text)
    netif_add                                0x0800863b   Thumb Code    96  netif.o(.text)
    netif_set_default                        0x0800869b   Thumb Code     6  netif.o(.text)
    netif_remove                             0x080086a1   Thumb Code    74  netif.o(.text)
    netif_find                               0x080086eb   Thumb Code    64  netif.o(.text)
    netif_set_up                             0x0800872b   Thumb Code    44  netif.o(.text)
    netif_set_down                           0x08008757   Thumb Code    24  netif.o(.text)
    netif_is_up                              0x0800876f   Thumb Code    12  netif.o(.text)
    pbuf_free                                0x08008801   Thumb Code   108  pbuf.o(.text)
    pbuf_alloc                               0x0800886d   Thumb Code   386  pbuf.o(.text)
    pbuf_realloc                             0x080089ef   Thumb Code   100  pbuf.o(.text)
    pbuf_header                              0x08008a53   Thumb Code   106  pbuf.o(.text)
    pbuf_clen                                0x08008abd   Thumb Code    18  pbuf.o(.text)
    pbuf_ref                                 0x08008acf   Thumb Code    26  pbuf.o(.text)
    pbuf_cat                                 0x08008ae9   Thumb Code    36  pbuf.o(.text)
    pbuf_chain                               0x08008b0d   Thumb Code    22  pbuf.o(.text)
    pbuf_dechain                             0x08008b23   Thumb Code    48  pbuf.o(.text)
    pbuf_copy                                0x08008b53   Thumb Code   114  pbuf.o(.text)
    pbuf_copy_partial                        0x08008bc5   Thumb Code   116  pbuf.o(.text)
    pbuf_take                                0x08008c39   Thumb Code    86  pbuf.o(.text)
    pbuf_coalesce                            0x08008c8f   Thumb Code    56  pbuf.o(.text)
    raw_input                                0x08008cc9   Thumb Code   100  raw.o(.text)
    raw_bind                                 0x08008d2d   Thumb Code    16  raw.o(.text)
    raw_connect                              0x08008d3d   Thumb Code    16  raw.o(.text)
    raw_recv                                 0x08008d4d   Thumb Code     6  raw.o(.text)
    raw_sendto                               0x08008d53   Thumb Code   150  raw.o(.text)
    raw_send                                 0x08008de9   Thumb Code    18  raw.o(.text)
    raw_remove                               0x08008dfb   Thumb Code    60  raw.o(.text)
    raw_new                                  0x08008e37   Thumb Code    42  raw.o(.text)
    sys_mbox_fetch                           0x08008e65   Thumb Code   124  sys.o(.text)
    sys_sem_wait                             0x08008ee1   Thumb Code   116  sys.o(.text)
    sys_timeout                              0x08008f55   Thumb Code   144  sys.o(.text)
    sys_untimeout                            0x08008fe5   Thumb Code    94  sys.o(.text)
    sys_sem_wait_timeout                     0x08009057   Thumb Code    58  sys.o(.text)
    sys_msleep                               0x08009091   Thumb Code    28  sys.o(.text)
    tcp_seg_free                             0x080090b1   Thumb Code    32  tcp.o(.text)
    tcp_segs_free                            0x080090d1   Thumb Code    30  tcp.o(.text)
    tcp_pcb_purge                            0x080090ef   Thumb Code    76  tcp.o(.text)
    tcp_slowtmr                              0x0800913b   Thumb Code   714  tcp.o(.text)
    tcp_pcb_remove                           0x08009405   Thumb Code   128  tcp.o(.text)
    tcp_close                                0x08009485   Thumb Code   274  tcp.o(.text)
    tcp_update_rcv_ann_wnd                   0x08009597   Thumb Code    70  tcp.o(.text)
    tcp_recved                               0x080095dd   Thumb Code    62  tcp.o(.text)
    tcp_recv_null                            0x0800961b   Thumb Code    46  tcp.o(.text)
    tcp_fasttmr                              0x08009649   Thumb Code   122  tcp.o(.text)
    tcp_tmr                                  0x080096c3   Thumb Code    30  tcp.o(.text)
    tcp_abandon                              0x080096e1   Thumb Code   158  tcp.o(.text)
    tcp_bind                                 0x080097e7   Thumb Code   218  tcp.o(.text)
    tcp_listen_with_backlog                  0x080098c9   Thumb Code   184  tcp.o(.text)
    tcp_eff_send_mss                         0x08009981   Thumb Code    46  tcp.o(.text)
    tcp_next_iss                             0x080099af   Thumb Code    20  tcp.o(.text)
    tcp_connect                              0x080099c3   Thumb Code   294  tcp.o(.text)
    tcp_setprio                              0x08009ae9   Thumb Code     4  tcp.o(.text)
    tcp_seg_copy                             0x08009aed   Thumb Code    38  tcp.o(.text)
    tcp_alloc                                0x08009b95   Thumb Code   202  tcp.o(.text)
    tcp_new                                  0x08009c5f   Thumb Code    10  tcp.o(.text)
    tcp_arg                                  0x08009c69   Thumb Code     4  tcp.o(.text)
    tcp_recv                                 0x08009c6d   Thumb Code     6  tcp.o(.text)
    tcp_sent                                 0x08009c73   Thumb Code     6  tcp.o(.text)
    tcp_err                                  0x08009c79   Thumb Code     6  tcp.o(.text)
    tcp_accept                               0x08009c7f   Thumb Code     4  tcp.o(.text)
    tcp_poll                                 0x08009c83   Thumb Code    10  tcp.o(.text)
    tcp_debug_state_str                      0x08009c8d   Thumb Code    10  tcp.o(.text)
    tcp_input                                0x0800aea7   Thumb Code  1324  tcp_in.o(.text)
    tcp_enqueue                              0x0800b48f   Thumb Code   986  tcp_out.o(.text)
    tcp_send_ctrl                            0x0800b869   Thumb Code    28  tcp_out.o(.text)
    tcp_write                                0x0800b885   Thumb Code    72  tcp_out.o(.text)
    tcp_send_empty_ack                       0x0800b8cd   Thumb Code   118  tcp_out.o(.text)
    tcp_output                               0x0800ba29   Thumb Code   462  tcp_out.o(.text)
    tcp_rst                                  0x0800bbf7   Thumb Code   198  tcp_out.o(.text)
    tcp_rexmit_rto                           0x0800bcbd   Thumb Code    58  tcp_out.o(.text)
    tcp_rexmit                               0x0800bcf7   Thumb Code    80  tcp_out.o(.text)
    tcp_rexmit_fast                          0x0800bd47   Thumb Code   132  tcp_out.o(.text)
    tcp_keepalive                            0x0800bdcb   Thumb Code   110  tcp_out.o(.text)
    tcp_zero_window_probe                    0x0800be39   Thumb Code   196  tcp_out.o(.text)
    udp_input                                0x0800bf01   Thumb Code   562  udp.o(.text)
    udp_bind                                 0x0800c133   Thumb Code   102  udp.o(.text)
    udp_sendto_if                            0x0800c199   Thumb Code   248  udp.o(.text)
    udp_sendto                               0x0800c291   Thumb Code    62  udp.o(.text)
    udp_send                                 0x0800c2cf   Thumb Code    20  udp.o(.text)
    udp_connect                              0x0800c2e3   Thumb Code   104  udp.o(.text)
    udp_disconnect                           0x0800c34b   Thumb Code    28  udp.o(.text)
    udp_recv                                 0x0800c367   Thumb Code     6  udp.o(.text)
    udp_remove                               0x0800c36d   Thumb Code    60  udp.o(.text)
    udp_new                                  0x0800c3a9   Thumb Code    28  udp.o(.text)
    icmp_input                               0x0800c3cd   Thumb Code   524  icmp.o(.text)
    icmp_dest_unreach                        0x0800c64f   Thumb Code    18  icmp.o(.text)
    icmp_time_exceeded                       0x0800c661   Thumb Code    18  icmp.o(.text)
    htonl                                    0x0800c679   Thumb Code    26  inet.o(.text)
    inet_aton                                0x0800c693   Thumb Code   336  inet.o(.text)
    inet_addr                                0x0800c7e3   Thumb Code    24  inet.o(.text)
    inet_ntoa                                0x0800c7fb   Thumb Code   112  inet.o(.text)
    htons                                    0x0800c86b   Thumb Code    12  inet.o(.text)
    ntohs                                    0x0800c877   Thumb Code    12  inet.o(.text)
    ntohl                                    0x0800c883   Thumb Code    12  inet.o(.text)
    inet_chksum_pseudo                       0x0800c8df   Thumb Code   162  inet_chksum.o(.text)
    inet_chksum                              0x0800c981   Thumb Code    20  inet_chksum.o(.text)
    inet_chksum_pbuf                         0x0800c995   Thumb Code    86  inet_chksum.o(.text)
    ip_route                                 0x0800c9ed   Thumb Code    86  ip.o(.text)
    ip_input                                 0x0800cb09   Thumb Code   596  ip.o(.text)
    ip_output_if                             0x0800cd5d   Thumb Code   306  ip.o(.text)
    ip_output                                0x0800ce8f   Thumb Code    70  ip.o(.text)
    ip_addr_isbroadcast                      0x0800cedd   Thumb Code    78  ip_addr.o(.text)
    ip_reass_tmr                             0x0800cfc1   Thumb Code    48  ip_frag.o(.text)
    ip_reass                                 0x0800d207   Thumb Code   482  ip_frag.o(.text)
    ip_frag                                  0x0800d3e9   Thumb Code   336  ip_frag.o(.text)
    etharp_tmr                               0x0800d563   Thumb Code   154  etharp.o(.text)
    etharp_find_addr                         0x0800d907   Thumb Code    92  etharp.o(.text)
    etharp_ip_input                          0x0800d963   Thumb Code    52  etharp.o(.text)
    etharp_arp_input                         0x0800d997   Thumb Code   360  etharp.o(.text)
    etharp_request                           0x0800dbc3   Thumb Code    36  etharp.o(.text)
    etharp_query                             0x0800dbe7   Thumb Code   404  etharp.o(.text)
    etharp_output                            0x0800dd7b   Thumb Code   216  etharp.o(.text)
    ethernet_input                           0x0800de53   Thumb Code   126  etharp.o(.text)
    ethernetif_input                         0x0800df89   Thumb Code    48  ethernetif.o(.text)
    ethernetif_init                          0x0800dfb9   Thumb Code    58  ethernetif.o(.text)
    sys_mbox_new                             0x0800e00d   Thumb Code    58  sys_arch.o(.text)
    sys_mbox_free                            0x0800e047   Thumb Code    52  sys_arch.o(.text)
    sys_mbox_post                            0x0800e07b   Thumb Code    24  sys_arch.o(.text)
    sys_mbox_trypost                         0x0800e093   Thumb Code    48  sys_arch.o(.text)
    sys_arch_mbox_fetch                      0x0800e0c3   Thumb Code    94  sys_arch.o(.text)
    sys_arch_mbox_tryfetch                   0x0800e121   Thumb Code    36  sys_arch.o(.text)
    sys_sem_new                              0x0800e145   Thumb Code   108  sys_arch.o(.text)
    sys_arch_sem_wait                        0x0800e1b1   Thumb Code    82  sys_arch.o(.text)
    sys_sem_signal                           0x0800e203   Thumb Code    18  sys_arch.o(.text)
    sys_sem_free                             0x0800e215   Thumb Code    26  sys_arch.o(.text)
    sys_init                                 0x0800e22f   Thumb Code    34  sys_arch.o(.text)
    sys_arch_timeouts                        0x0800e251   Thumb Code    42  sys_arch.o(.text)
    sys_arch_protect                         0x0800e27b   Thumb Code    10  sys_arch.o(.text)
    sys_arch_unprotect                       0x0800e285   Thumb Code    10  sys_arch.o(.text)
    sys_thread_new                           0x0800e28f   Thumb Code    86  sys_arch.o(.text)
    sys_assert                               0x0800e2e5   Thumb Code     8  sys_arch.o(.text)
    lwip_socket_init                         0x0800e2f9   Thumb Code    24  sockets.o(.text)
    lwip_accept                              0x0800e4e7   Thumb Code   330  sockets.o(.text)
    lwip_bind                                0x0800e631   Thumb Code    98  sockets.o(.text)
    lwip_close                               0x0800e693   Thumb Code    70  sockets.o(.text)
    lwip_connect                             0x0800e6d9   Thumb Code   140  sockets.o(.text)
    lwip_listen                              0x0800e765   Thumb Code    92  sockets.o(.text)
    lwip_recvfrom                            0x0800e7c1   Thumb Code   468  sockets.o(.text)
    lwip_read                                0x0800e995   Thumb Code    28  sockets.o(.text)
    lwip_recv                                0x0800e9b1   Thumb Code    34  sockets.o(.text)
    lwip_sendto                              0x0800e9d3   Thumb Code   168  sockets.o(.text)
    lwip_send                                0x0800ea7b   Thumb Code   122  sockets.o(.text)
    lwip_socket                              0x0800eaf5   Thumb Code   130  sockets.o(.text)
    lwip_write                               0x0800eb77   Thumb Code    22  sockets.o(.text)
    lwip_select                              0x0800ec67   Thumb Code   414  sockets.o(.text)
    lwip_shutdown                            0x0800ee05   Thumb Code    14  sockets.o(.text)
    lwip_getpeername                         0x0800ee89   Thumb Code    22  sockets.o(.text)
    lwip_getsockname                         0x0800ee9f   Thumb Code    22  sockets.o(.text)
    lwip_getsockopt                          0x0800eff1   Thumb Code   324  sockets.o(.text)
    lwip_setsockopt                          0x0800f23d   Thumb Code   304  sockets.o(.text)
    lwip_ioctl                               0x0800f36d   Thumb Code   180  sockets.o(.text)
    netconn_new_with_proto_and_callback      0x0800f425   Thumb Code    72  api_lib.o(.text)
    netconn_delete                           0x0800f46d   Thumb Code    40  api_lib.o(.text)
    netconn_getaddr                          0x0800f495   Thumb Code    40  api_lib.o(.text)
    netconn_bind                             0x0800f4bd   Thumb Code    36  api_lib.o(.text)
    netconn_connect                          0x0800f4e1   Thumb Code    36  api_lib.o(.text)
    netconn_disconnect                       0x0800f505   Thumb Code    26  api_lib.o(.text)
    netconn_listen_with_backlog              0x0800f51f   Thumb Code    28  api_lib.o(.text)
    netconn_accept                           0x0800f53b   Thumb Code    32  api_lib.o(.text)
    netconn_recv                             0x0800f55b   Thumb Code   284  api_lib.o(.text)
    netconn_send                             0x0800f677   Thumb Code    30  api_lib.o(.text)
    netconn_sendto                           0x0800f695   Thumb Code    36  api_lib.o(.text)
    netconn_write                            0x0800f6b9   Thumb Code    40  api_lib.o(.text)
    netconn_close                            0x0800f6e1   Thumb Code    26  api_lib.o(.text)
    netconn_gethostbyname                    0x0800f6fb   Thumb Code    64  api_lib.o(.text)
    netconn_free                             0x0800fb97   Thumb Code   114  api_msg.o(.text)
    netconn_alloc                            0x0800fc09   Thumb Code   106  api_msg.o(.text)
    do_newconn                               0x0800fd6f   Thumb Code    26  api_msg.o(.text)
    do_delconn                               0x0800fd89   Thumb Code   126  api_msg.o(.text)
    do_bind                                  0x0800fe07   Thumb Code   114  api_msg.o(.text)
    do_connect                               0x0800fead   Thumb Code   156  api_msg.o(.text)
    do_disconnect                            0x0800ff49   Thumb Code    34  api_msg.o(.text)
    do_listen                                0x0800ff6b   Thumb Code   160  api_msg.o(.text)
    do_send                                  0x0801000b   Thumb Code   144  api_msg.o(.text)
    do_recv                                  0x0801009b   Thumb Code    50  api_msg.o(.text)
    do_write                                 0x080100cd   Thumb Code    72  api_msg.o(.text)
    do_getaddr                               0x08010115   Thumb Code   172  api_msg.o(.text)
    do_close                                 0x080101c1   Thumb Code    48  api_msg.o(.text)
    do_gethostbyname                         0x0801021d   Thumb Code    40  api_msg.o(.text)
    netbuf_new                               0x08010251   Thumb Code    30  netbuf.o(.text)
    netbuf_delete                            0x0801026f   Thumb Code    32  netbuf.o(.text)
    netbuf_alloc                             0x0801028f   Thumb Code    46  netbuf.o(.text)
    netbuf_free                              0x080102bd   Thumb Code    22  netbuf.o(.text)
    netbuf_ref                               0x080102d3   Thumb Code    62  netbuf.o(.text)
    netbuf_chain                             0x08010311   Thumb Code    28  netbuf.o(.text)
    netbuf_data                              0x0801032d   Thumb Code    28  netbuf.o(.text)
    netbuf_next                              0x08010349   Thumb Code    34  netbuf.o(.text)
    netbuf_first                             0x0801036b   Thumb Code     6  netbuf.o(.text)
    tcp_timer_needed                         0x08010399   Thumb Code    38  tcpip.o(.text)
    tcpip_input                              0x080104d3   Thumb Code    72  tcpip.o(.text)
    tcpip_callback_with_block                0x0801051b   Thumb Code    92  tcpip.o(.text)
    tcpip_timeout                            0x08010577   Thumb Code    64  tcpip.o(.text)
    tcpip_untimeout                          0x080105b7   Thumb Code    56  tcpip.o(.text)
    tcpip_apimsg                             0x080105ef   Thumb Code    52  tcpip.o(.text)
    tcpip_init                               0x08010623   Thumb Code    48  tcpip.o(.text)
    pbuf_free_callback                       0x08010661   Thumb Code    16  tcpip.o(.text)
    mem_free_callback                        0x08010671   Thumb Code    16  tcpip.o(.text)
    __aeabi_memcpy                           0x080106c5   Thumb Code    36  memcpya.o(.text)
    __aeabi_memcpy4                          0x080106c5   Thumb Code     0  memcpya.o(.text)
    __aeabi_memcpy8                          0x080106c5   Thumb Code     0  memcpya.o(.text)
    __aeabi_memset                           0x080106e9   Thumb Code    14  memseta.o(.text)
    __aeabi_memset4                          0x080106e9   Thumb Code     0  memseta.o(.text)
    __aeabi_memset8                          0x080106e9   Thumb Code     0  memseta.o(.text)
    __aeabi_memclr                           0x080106f7   Thumb Code     4  memseta.o(.text)
    __aeabi_memclr4                          0x080106f7   Thumb Code     0  memseta.o(.text)
    __aeabi_memclr8                          0x080106f7   Thumb Code     0  memseta.o(.text)
    _memset$wrapper                          0x080106fb   Thumb Code    18  memseta.o(.text)
    strcat                                   0x0801070d   Thumb Code    24  strcat.o(.text)
    strlen                                   0x08010725   Thumb Code    14  strlen.o(.text)
    strcmp                                   0x08010733   Thumb Code    28  strcmp.o(.text)
    strcpy                                   0x0801074f   Thumb Code    18  strcpy.o(.text)
    strncmp                                  0x08010761   Thumb Code    30  strncmp.o(.text)
    atoi                                     0x0801077f   Thumb Code    26  atoi.o(.text)
    __aeabi_fadd                             0x08010799   Thumb Code   164  fadd.o(.text)
    __aeabi_fsub                             0x0801083d   Thumb Code     6  fadd.o(.text)
    __aeabi_frsub                            0x08010843   Thumb Code     6  fadd.o(.text)
    __aeabi_fmul                             0x08010849   Thumb Code   100  fmul.o(.text)
    __aeabi_fdiv                             0x080108ad   Thumb Code   124  fdiv.o(.text)
    __aeabi_ui2f                             0x08010929   Thumb Code    10  ffltui.o(.text)
    __aeabi_f2uiz                            0x08010933   Thumb Code    40  ffixui.o(.text)
    __aeabi_f2d                              0x0801095b   Thumb Code    38  f2d.o(.text)
    __aeabi_cdcmpeq                          0x08010981   Thumb Code     0  cdcmple.o(.text)
    __aeabi_cdcmple                          0x08010981   Thumb Code    48  cdcmple.o(.text)
    __aeabi_cfcmpeq                          0x080109b1   Thumb Code     0  cfcmple.o(.text)
    __aeabi_cfcmple                          0x080109b1   Thumb Code    20  cfcmple.o(.text)
    __aeabi_cfrcmple                         0x080109c5   Thumb Code    20  cfrcmple.o(.text)
    __aeabi_uidiv                            0x080109d9   Thumb Code     0  uidiv.o(.text)
    __aeabi_uidivmod                         0x080109d9   Thumb Code    44  uidiv.o(.text)
    __aeabi_uldivmod                         0x08010a05   Thumb Code    98  uldiv.o(.text)
    strtol                                   0x08010a67   Thumb Code   112  strtol.o(.text)
    __I$use$fp                               0x08010ad7   Thumb Code     0  iusefp.o(.text)
    _float_round                             0x08010ad7   Thumb Code    18  fepilogue.o(.text)
    _float_epilogue                          0x08010ae9   Thumb Code    92  fepilogue.o(.text)
    __aeabi_dadd                             0x08010b45   Thumb Code   322  dadd.o(.text)
    __aeabi_dsub                             0x08010c87   Thumb Code     6  dadd.o(.text)
    __aeabi_drsub                            0x08010c8d   Thumb Code     6  dadd.o(.text)
    __aeabi_dmul                             0x08010c93   Thumb Code   228  dmul.o(.text)
    __aeabi_ddiv                             0x08010d77   Thumb Code   222  ddiv.o(.text)
    __aeabi_d2ulz                            0x08010e55   Thumb Code    48  dfixul.o(.text)
    __aeabi_cdrcmple                         0x08010e85   Thumb Code    48  cdrcmple.o(.text)
    __scatterload                            0x08010eb5   Thumb Code    28  init.o(.text)
    __scatterload_rt2                        0x08010eb5   Thumb Code     0  init.o(.text)
    __aeabi_llsl                             0x08010ed9   Thumb Code    30  llshl.o(.text)
    _ll_shift_l                              0x08010ed9   Thumb Code     0  llshl.o(.text)
    __aeabi_llsr                             0x08010ef7   Thumb Code    32  llushr.o(.text)
    _ll_ushift_r                             0x08010ef7   Thumb Code     0  llushr.o(.text)
    __aeabi_lasr                             0x08010f17   Thumb Code    36  llsshr.o(.text)
    _ll_sshift_r                             0x08010f17   Thumb Code     0  llsshr.o(.text)
    __rt_ctype_table                         0x08010f3d   Thumb Code     4  ctype_o.o(.text)
    _strtoul                                 0x08010f45   Thumb Code   158  _strtoul.o(.text)
    _double_round                            0x08010fe3   Thumb Code    30  depilogue.o(.text)
    _double_epilogue                         0x08011001   Thumb Code   156  depilogue.o(.text)
    _chval                                   0x0801109d   Thumb Code    28  _chval.o(.text)
    __decompress                             0x080110b9   Thumb Code     0  __dczerorl2.o(.text)
    __decompress1                            0x080110b9   Thumb Code    86  __dczerorl2.o(.text)
    __0sprintf                               0x08011111   Thumb Code    34  printfa.o(i.__0sprintf)
    __1sprintf                               0x08011111   Thumb Code     0  printfa.o(i.__0sprintf)
    __2sprintf                               0x08011111   Thumb Code     0  printfa.o(i.__0sprintf)
    __c89sprintf                             0x08011111   Thumb Code     0  printfa.o(i.__0sprintf)
    sprintf                                  0x08011111   Thumb Code     0  printfa.o(i.__0sprintf)
    __0vsprintf                              0x08011139   Thumb Code    30  printfa.o(i.__0vsprintf)
    __1vsprintf                              0x08011139   Thumb Code     0  printfa.o(i.__0vsprintf)
    __2vsprintf                              0x08011139   Thumb Code     0  printfa.o(i.__0vsprintf)
    __c89vsprintf                            0x08011139   Thumb Code     0  printfa.o(i.__0vsprintf)
    vsprintf                                 0x08011139   Thumb Code     0  printfa.o(i.__0vsprintf)
    __aeabi_errno_addr                       0x0801115d   Thumb Code     4  errno.o(i.__aeabi_errno_addr)
    __rt_errno_addr                          0x0801115d   Thumb Code     0  errno.o(i.__aeabi_errno_addr)
    __scatterload_copy                       0x08011165   Thumb Code    14  handlers.o(i.__scatterload_copy)
    __scatterload_null                       0x08011173   Thumb Code     2  handlers.o(i.__scatterload_null)
    __scatterload_zeroinit                   0x08011175   Thumb Code    14  handlers.o(i.__scatterload_zeroinit)
    app_display_set_show                     0x08011a41   Thumb Code    34  app_display.o(i.app_display_set_show)
    bsp_74hc595_set_DATA                     0x08011a69   Thumb Code    22  app_display.o(i.bsp_74hc595_set_DATA)
    bsp_74hc595_set_SH_CP                    0x08011a85   Thumb Code    22  app_display.o(i.bsp_74hc595_set_SH_CP)
    bsp_74hc595_set_ST_CP                    0x08011aa1   Thumb Code    22  app_display.o(i.bsp_74hc595_set_ST_CP)
    bsp_set_hv_state                         0x08011abd   Thumb Code    22  app_display.o(i.bsp_set_hv_state)
    port_list                                0x08011b80   Data           6  app_led.o(.constdata)
    tcp_backoff                              0x08011bf0   Data          13  tcp.o(.constdata)
    tcp_persist_backoff                      0x08011bfd   Data           7  tcp.o(.constdata)
    ip_addr_any                              0x08011c04   Data           4  ip_addr.o(.constdata)
    ip_addr_broadcast                        0x08011c08   Data           4  ip_addr.o(.constdata)
    ethbroadcast                             0x08011c0c   Data           6  etharp.o(.constdata)
    ethzero                                  0x08011c12   Data           6  etharp.o(.constdata)
    __ctype_table                            0x08011c54   Data         129  ctype_o.o(.constdata)
    Region$$Table$$Base                      0x080121ac   Number         0  anon$$obj.o(Region$$Table)
    Region$$Table$$Limit                     0x080121cc   Number         0  anon$$obj.o(Region$$Table)
    pxCurrentTCB                             0x2000009c   Data           4  tasks.o(.data)
    netif_list                               0x20000128   Data           4  netif.o(.data)
    netif_default                            0x2000012c   Data           4  netif.o(.data)
    tcp_state_str                            0x20000138   Data          44  tcp.o(.data)
    tcp_ticks                                0x20000164   Data           4  tcp.o(.data)
    tcp_bound_pcbs                           0x20000168   Data           4  tcp.o(.data)
    tcp_listen_pcbs                          0x2000016c   Data           4  tcp.o(.data)
    tcp_active_pcbs                          0x20000170   Data           4  tcp.o(.data)
    tcp_tw_pcbs                              0x20000174   Data           4  tcp.o(.data)
    tcp_tmp_pcb                              0x20000178   Data           4  tcp.o(.data)
    tcp_input_pcb                            0x200001a0   Data           4  tcp_in.o(.data)
    udp_pcbs                                 0x200001a4   Data           4  udp.o(.data)
    current_netif                            0x200001a8   Data           4  ip.o(.data)
    current_header                           0x200001ac   Data           4  ip.o(.data)
    lwip_stats                               0x20009068   Data         330  stats.o(.bss)
    __initial_sp                             0x2000a8d0   Data           0  cstartup.o(STACK)



==============================================================================

Memory Map of the image

  Image Entry point : 0x080000ed

  Load Region LR_IROM1 (Base: 0x08000000, Size: 0x000123ac, Max: 0x00040000, ABSOLUTE, COMPRESSED[0x00012240])

    Execution Region ER_IROM1 (Exec base: 0x08000000, Load base: 0x08000000, Size: 0x000121cc, Max: 0x00040000, ABSOLUTE)

    Exec Addr    Load Addr    Size         Type   Attr      Idx    E Section Name        Object

    0x08000000   0x08000000   0x000000ec   Data   RO          913    RESET               cstartup.o
    0x080000ec   0x080000ec   0x00000000   Code   RO         2110  * .ARM.Collect$$$$00000000  mc_w.l(entry.o)
    0x080000ec   0x080000ec   0x00000004   Code   RO         2410    .ARM.Collect$$$$00000001  mc_w.l(entry2.o)
    0x080000f0   0x080000f0   0x00000004   Code   RO         2413    .ARM.Collect$$$$00000004  mc_w.l(entry5.o)
    0x080000f4   0x080000f4   0x00000000   Code   RO         2415    .ARM.Collect$$$$00000008  mc_w.l(entry7b.o)
    0x080000f4   0x080000f4   0x00000000   Code   RO         2417    .ARM.Collect$$$$0000000A  mc_w.l(entry8b.o)
    0x080000f4   0x080000f4   0x00000008   Code   RO         2418    .ARM.Collect$$$$0000000B  mc_w.l(entry9a.o)
    0x080000fc   0x080000fc   0x00000000   Code   RO         2420    .ARM.Collect$$$$0000000D  mc_w.l(entry10a.o)
    0x080000fc   0x080000fc   0x00000000   Code   RO         2422    .ARM.Collect$$$$0000000F  mc_w.l(entry11a.o)
    0x080000fc   0x080000fc   0x00000004   Code   RO         2411    .ARM.Collect$$$$00002712  mc_w.l(entry2.o)
    0x08000100   0x08000100   0x00000096   Code   RO         1227    .emb_text           port.o
    0x08000196   0x08000196   0x00000002   PAD
    0x08000198   0x08000198   0x00000058   Code   RO            4    .text               app_buz.o
    0x080001f0   0x080001f0   0x000007ec   Code   RO          126    .text               app_cli.o
    0x080009dc   0x080009dc   0x00000154   Code   RO          213    .text               app_data.o
    0x08000b30   0x08000b30   0x000002dc   Code   RO          255    .text               app_display.o
    0x08000e0c   0x08000e0c   0x000000a8   Code   RO          333    .text               app_led.o
    0x08000eb4   0x08000eb4   0x00000160   Code   RO          361    .text               main.o
    0x08001014   0x08001014   0x000000f8   Code   RO          390    .text               app_th.o
    0x0800110c   0x0800110c   0x00000524   Code   RO          420    .text               app_time.o
    0x08001630   0x08001630   0x00000188   Code   RO          450    .text               netconfig.o
    0x080017b8   0x080017b8   0x00000046   Code   RO          561    .text               mid_th.o
    0x080017fe   0x080017fe   0x00000002   PAD
    0x08001800   0x08001800   0x00000414   Code   RO          573    .text               mid_cli.o
    0x08001c14   0x08001c14   0x0000003e   Code   RO          596    .text               mid_dbg.o
    0x08001c52   0x08001c52   0x00000002   PAD
    0x08001c54   0x08001c54   0x000000f4   Code   RO          639    .text               mid_rtc.o
    0x08001d48   0x08001d48   0x000002fc   Code   RO          662    .text               mid_kalman.o
    0x08002044   0x08002044   0x000001d8   Code   RO          677    .text               hal_sht10.o
    0x0800221c   0x0800221c   0x000006bc   Code   RO          701    .text               i2c_bus.o
    0x080028d8   0x080028d8   0x0000028c   Code   RO          727    .text               bsp.o
    0x08002b64   0x08002b64   0x00000028   Code   RO          795    .text               hal_cli.o
    0x08002b8c   0x08002b8c   0x00000210   Code   RO          819    .text               hal_uart.o
    0x08002d9c   0x08002d9c   0x000004a4   Code   RO          855    .text               hal_ds3231.o
    0x08003240   0x08003240   0x00000510   Code   RO          881    .text               dm9000x.o
    0x08003750   0x08003750   0x0000001c   Code   RO          914    .text               cstartup.o
    0x0800376c   0x0800376c   0x0000035c   Code   RO          921    .text               stm32f10x_gpio.o
    0x08003ac8   0x08003ac8   0x000003a4   Code   RO          945    .text               stm32f10x_rcc.o
    0x08003e6c   0x08003e6c   0x000000dc   Code   RO          971    .text               misc.o
    0x08003f48   0x08003f48   0x00000408   Code   RO         1025    .text               stm32f10x_usart.o
    0x08004350   0x08004350   0x0000011c   Code   RO         1049    .text               stm32f10x_exti.o
    0x0800446c   0x0800446c   0x00000e1a   Code   RO         1073    .text               stm32f10x_tim.o
    0x08005286   0x08005286   0x00000002   PAD
    0x08005288   0x08005288   0x000005bc   Code   RO         1097    .text               stm32f10x_flash.o
    0x08005844   0x08005844   0x00000094   Code   RO         1118    .text               list.o
    0x080058d8   0x080058d8   0x0000076c   Code   RO         1139    .text               queue.o
    0x08006044   0x08006044   0x00001394   Code   RO         1166    .text               tasks.o
    0x080073d8   0x080073d8   0x0000044c   Code   RO         1197    .text               timers.o
    0x08007824   0x08007824   0x00000124   Code   RO         1212    .text               heap_2.o
    0x08007948   0x08007948   0x000000e4   Code   RO         1228    .text               port.o
    0x08007a2c   0x08007a2c   0x000005a4   Code   RO         1263    .text               dns.o
    0x08007fd0   0x08007fd0   0x00000018   Code   RO         1281    .text               init.o
    0x08007fe8   0x08007fe8   0x00000426   Code   RO         1321    .text               mem.o
    0x0800840e   0x0800840e   0x00000002   PAD
    0x08008410   0x08008410   0x0000017c   Code   RO         1336    .text               memp.o
    0x0800858c   0x0800858c   0x00000204   Code   RO         1369    .text               netif.o
    0x08008790   0x08008790   0x00000536   Code   RO         1391    .text               pbuf.o
    0x08008cc6   0x08008cc6   0x00000002   PAD
    0x08008cc8   0x08008cc8   0x0000019c   Code   RO         1417    .text               raw.o
    0x08008e64   0x08008e64   0x0000024c   Code   RO         1443    .text               sys.o
    0x080090b0   0x080090b0   0x00000c08   Code   RO         1464    .text               tcp.o
    0x08009cb8   0x08009cb8   0x0000174c   Code   RO         1485    .text               tcp_in.o
    0x0800b404   0x0800b404   0x00000afc   Code   RO         1508    .text               tcp_out.o
    0x0800bf00   0x0800bf00   0x000004cc   Code   RO         1520    .text               udp.o
    0x0800c3cc   0x0800c3cc   0x000002ac   Code   RO         1544    .text               icmp.o
    0x0800c678   0x0800c678   0x0000021c   Code   RO         1562    .text               inet.o
    0x0800c894   0x0800c894   0x00000156   Code   RO         1575    .text               inet_chksum.o
    0x0800c9ea   0x0800c9ea   0x00000002   PAD
    0x0800c9ec   0x0800c9ec   0x000004f0   Code   RO         1591    .text               ip.o
    0x0800cedc   0x0800cedc   0x0000004e   Code   RO         1612    .text               ip_addr.o
    0x0800cf2a   0x0800cf2a   0x00000002   PAD
    0x0800cf2c   0x0800cf2c   0x00000618   Code   RO         1634    .text               ip_frag.o
    0x0800d544   0x0800d544   0x00000994   Code   RO         1649    .text               etharp.o
    0x0800ded8   0x0800ded8   0x00000134   Code   RO         1738    .text               ethernetif.o
    0x0800e00c   0x0800e00c   0x000002ec   Code   RO         1782    .text               sys_arch.o
    0x0800e2f8   0x0800e2f8   0x0000112c   Code   RO         1819    .text               sockets.o
    0x0800f424   0x0800f424   0x00000348   Code   RO         1891    .text               api_lib.o
    0x0800f76c   0x0800f76c   0x00000ae4   Code   RO         1929    .text               api_msg.o
    0x08010250   0x08010250   0x00000120   Code   RO         1993    .text               netbuf.o
    0x08010370   0x08010370   0x00000354   Code   RO         2053    .text               tcpip.o
    0x080106c4   0x080106c4   0x00000024   Code   RO         2113    .text               mc_w.l(memcpya.o)
    0x080106e8   0x080106e8   0x00000024   Code   RO         2115    .text               mc_w.l(memseta.o)
    0x0801070c   0x0801070c   0x00000018   Code   RO         2117    .text               mc_w.l(strcat.o)
    0x08010724   0x08010724   0x0000000e   Code   RO         2119    .text               mc_w.l(strlen.o)
    0x08010732   0x08010732   0x0000001c   Code   RO         2121    .text               mc_w.l(strcmp.o)
    0x0801074e   0x0801074e   0x00000012   Code   RO         2123    .text               mc_w.l(strcpy.o)
    0x08010760   0x08010760   0x0000001e   Code   RO         2125    .text               mc_w.l(strncmp.o)
    0x0801077e   0x0801077e   0x0000001a   Code   RO         2390    .text               mc_w.l(atoi.o)
    0x08010798   0x08010798   0x000000b0   Code   RO         2392    .text               mf_w.l(fadd.o)
    0x08010848   0x08010848   0x00000064   Code   RO         2394    .text               mf_w.l(fmul.o)
    0x080108ac   0x080108ac   0x0000007c   Code   RO         2396    .text               mf_w.l(fdiv.o)
    0x08010928   0x08010928   0x0000000a   Code   RO         2398    .text               mf_w.l(ffltui.o)
    0x08010932   0x08010932   0x00000028   Code   RO         2400    .text               mf_w.l(ffixui.o)
    0x0801095a   0x0801095a   0x00000026   Code   RO         2402    .text               mf_w.l(f2d.o)
    0x08010980   0x08010980   0x00000030   Code   RO         2404    .text               mf_w.l(cdcmple.o)
    0x080109b0   0x080109b0   0x00000014   Code   RO         2406    .text               mf_w.l(cfcmple.o)
    0x080109c4   0x080109c4   0x00000014   Code   RO         2408    .text               mf_w.l(cfrcmple.o)
    0x080109d8   0x080109d8   0x0000002c   Code   RO         2427    .text               mc_w.l(uidiv.o)
    0x08010a04   0x08010a04   0x00000062   Code   RO         2429    .text               mc_w.l(uldiv.o)
    0x08010a66   0x08010a66   0x00000070   Code   RO         2438    .text               mc_w.l(strtol.o)
    0x08010ad6   0x08010ad6   0x00000000   Code   RO         2440    .text               mc_w.l(iusefp.o)
    0x08010ad6   0x08010ad6   0x0000006e   Code   RO         2441    .text               mf_w.l(fepilogue.o)
    0x08010b44   0x08010b44   0x0000014e   Code   RO         2443    .text               mf_w.l(dadd.o)
    0x08010c92   0x08010c92   0x000000e4   Code   RO         2445    .text               mf_w.l(dmul.o)
    0x08010d76   0x08010d76   0x000000de   Code   RO         2447    .text               mf_w.l(ddiv.o)
    0x08010e54   0x08010e54   0x00000030   Code   RO         2449    .text               mf_w.l(dfixul.o)
    0x08010e84   0x08010e84   0x00000030   Code   RO         2451    .text               mf_w.l(cdrcmple.o)
    0x08010eb4   0x08010eb4   0x00000024   Code   RO         2453    .text               mc_w.l(init.o)
    0x08010ed8   0x08010ed8   0x0000001e   Code   RO         2456    .text               mc_w.l(llshl.o)
    0x08010ef6   0x08010ef6   0x00000020   Code   RO         2458    .text               mc_w.l(llushr.o)
    0x08010f16   0x08010f16   0x00000024   Code   RO         2460    .text               mc_w.l(llsshr.o)
    0x08010f3a   0x08010f3a   0x00000002   PAD
    0x08010f3c   0x08010f3c   0x00000008   Code   RO         2462    .text               mc_w.l(ctype_o.o)
    0x08010f44   0x08010f44   0x0000009e   Code   RO         2490    .text               mc_w.l(_strtoul.o)
    0x08010fe2   0x08010fe2   0x000000ba   Code   RO         2493    .text               mf_w.l(depilogue.o)
    0x0801109c   0x0801109c   0x0000001c   Code   RO         2495    .text               mc_w.l(_chval.o)
    0x080110b8   0x080110b8   0x00000056   Code   RO         2505    .text               mc_w.l(__dczerorl2.o)
    0x0801110e   0x0801110e   0x00000002   PAD
    0x08011110   0x08011110   0x00000028   Code   RO         2364    i.__0sprintf        mc_w.l(printfa.o)
    0x08011138   0x08011138   0x00000024   Code   RO         2368    i.__0vsprintf       mc_w.l(printfa.o)
    0x0801115c   0x0801115c   0x00000008   Code   RO         2431    i.__aeabi_errno_addr  mc_w.l(errno.o)
    0x08011164   0x08011164   0x0000000e   Code   RO         2499    i.__scatterload_copy  mc_w.l(handlers.o)
    0x08011172   0x08011172   0x00000002   Code   RO         2500    i.__scatterload_null  mc_w.l(handlers.o)
    0x08011174   0x08011174   0x0000000e   Code   RO         2501    i.__scatterload_zeroinit  mc_w.l(handlers.o)
    0x08011182   0x08011182   0x00000002   PAD
    0x08011184   0x08011184   0x00000184   Code   RO         2369    i._fp_digits        mc_w.l(printfa.o)
    0x08011308   0x08011308   0x000006dc   Code   RO         2370    i._printf_core      mc_w.l(printfa.o)
    0x080119e4   0x080119e4   0x00000024   Code   RO         2371    i._printf_post_padding  mc_w.l(printfa.o)
    0x08011a08   0x08011a08   0x0000002e   Code   RO         2372    i._printf_pre_padding  mc_w.l(printfa.o)
    0x08011a36   0x08011a36   0x0000000a   Code   RO         2374    i._sputc            mc_w.l(printfa.o)
    0x08011a40   0x08011a40   0x00000028   Code   RO          276    i.app_display_set_show  app_display.o
    0x08011a68   0x08011a68   0x0000001c   Code   RO          297    i.bsp_74hc595_set_DATA  app_display.o
    0x08011a84   0x08011a84   0x0000001c   Code   RO          292    i.bsp_74hc595_set_SH_CP  app_display.o
    0x08011aa0   0x08011aa0   0x0000001c   Code   RO          287    i.bsp_74hc595_set_ST_CP  app_display.o
    0x08011abc   0x08011abc   0x0000001c   Code   RO          282    i.bsp_set_hv_state  app_display.o
    0x08011ad8   0x08011ad8   0x000000a0   Data   RO          128    .constdata          app_cli.o
    0x08011b78   0x08011b78   0x00000008   Data   RO          256    .constdata          app_display.o
    0x08011b80   0x08011b80   0x00000006   Data   RO          334    .constdata          app_led.o
    0x08011b86   0x08011b86   0x00000002   PAD
    0x08011b88   0x08011b88   0x00000024   Data   RO          575    .constdata          mid_cli.o
    0x08011bac   0x08011bac   0x0000000c   Data   RO          640    .constdata          mid_rtc.o
    0x08011bb8   0x08011bb8   0x00000038   Data   RO         1338    .constdata          memp.o
    0x08011bf0   0x08011bf0   0x00000014   Data   RO         1465    .constdata          tcp.o
    0x08011c04   0x08011c04   0x00000008   Data   RO         1613    .constdata          ip_addr.o
    0x08011c0c   0x08011c0c   0x0000000c   Data   RO         1651    .constdata          etharp.o
    0x08011c18   0x08011c18   0x0000003c   Data   RO         1821    .constdata          sockets.o
    0x08011c54   0x08011c54   0x00000081   Data   RO         2463    .constdata          mc_w.l(ctype_o.o)
    0x08011cd5   0x08011cd5   0x00000003   PAD
    0x08011cd8   0x08011cd8   0x00000004   Data   RO         2464    .constdata          mc_w.l(ctype_o.o)
    0x08011cdc   0x08011cdc   0x00000357   Data   RO          129    .conststring        app_cli.o
    0x08012033   0x08012033   0x00000001   PAD
    0x08012034   0x08012034   0x000000fd   Data   RO          576    .conststring        mid_cli.o
    0x08012131   0x08012131   0x00000003   PAD
    0x08012134   0x08012134   0x00000075   Data   RO         1466    .conststring        tcp.o
    0x080121a9   0x080121a9   0x00000003   PAD
    0x080121ac   0x080121ac   0x00000020   Data   RO         2497    Region$$Table       anon$$obj.o


    Execution Region RW_IRAM1 (Exec base: 0x20000000, Load base: 0x080121cc, Size: 0x0000a8d0, Max: 0x0000c000, ABSOLUTE, COMPRESSED[0x00000074])

    Exec Addr    Load Addr    Size         Type   Attr      Idx    E Section Name        Object

    0x20000000   COMPRESSED   0x00000004   Data   RW            5    .data               app_buz.o
    0x20000004   COMPRESSED   0x0000001d   Data   RW          130    .data               app_cli.o
    0x20000021   COMPRESSED   0x00000003   PAD
    0x20000024   COMPRESSED   0x0000000c   Data   RW          214    .data               app_data.o
    0x20000030   COMPRESSED   0x00000009   Data   RW          257    .data               app_display.o
    0x20000039   COMPRESSED   0x00000001   PAD
    0x2000003a   COMPRESSED   0x00000002   Data   RW          335    .data               app_led.o
    0x2000003c   COMPRESSED   0x00000008   Data   RW          392    .data               app_th.o
    0x20000044   COMPRESSED   0x00000008   Data   RW          422    .data               app_time.o
    0x2000004c   COMPRESSED   0x00000028   Data   RW          577    .data               mid_cli.o
    0x20000074   COMPRESSED   0x00000008   Data   RW          820    .data               hal_uart.o
    0x2000007c   COMPRESSED   0x00000004   Data   RW          856    .data               hal_ds3231.o
    0x20000080   COMPRESSED   0x00000006   Data   RW          882    .data               dm9000x.o
    0x20000086   COMPRESSED   0x00000014   Data   RW          946    .data               stm32f10x_rcc.o
    0x2000009a   COMPRESSED   0x00000002   PAD
    0x2000009c   COMPRESSED   0x0000003c   Data   RW         1168    .data               tasks.o
    0x200000d8   COMPRESSED   0x00000014   Data   RW         1199    .data               timers.o
    0x200000ec   COMPRESSED   0x00000018   Data   RW         1214    .data               heap_2.o
    0x20000104   COMPRESSED   0x00000004   Data   RW         1229    .data               port.o
    0x20000108   COMPRESSED   0x0000000d   Data   RW         1265    .data               dns.o
    0x20000115   COMPRESSED   0x00000003   PAD
    0x20000118   COMPRESSED   0x00000010   Data   RW         1323    .data               mem.o
    0x20000128   COMPRESSED   0x00000009   Data   RW         1370    .data               netif.o
    0x20000131   COMPRESSED   0x00000001   Data   RW         1392    .data               pbuf.o
    0x20000132   COMPRESSED   0x00000002   PAD
    0x20000134   COMPRESSED   0x00000004   Data   RW         1418    .data               raw.o
    0x20000138   COMPRESSED   0x0000004c   Data   RW         1467    .data               tcp.o
    0x20000184   COMPRESSED   0x00000020   Data   RW         1487    .data               tcp_in.o
    0x200001a4   COMPRESSED   0x00000004   Data   RW         1521    .data               udp.o
    0x200001a8   COMPRESSED   0x0000000a   Data   RW         1592    .data               ip.o
    0x200001b2   COMPRESSED   0x00000002   PAD
    0x200001b4   COMPRESSED   0x00000006   Data   RW         1636    .data               ip_frag.o
    0x200001ba   COMPRESSED   0x00000001   Data   RW         1652    .data               etharp.o
    0x200001bb   COMPRESSED   0x00000001   PAD
    0x200001bc   COMPRESSED   0x00000002   Data   RW         1784    .data               sys_arch.o
    0x200001be   COMPRESSED   0x00000002   PAD
    0x200001c0   COMPRESSED   0x0000000c   Data   RW         1822    .data               sockets.o
    0x200001cc   COMPRESSED   0x00000010   Data   RW         2054    .data               tcpip.o
    0x200001dc   COMPRESSED   0x00000004   Data   RW         2434    .data               mc_w.l(errno.o)
    0x200001e0        -       0x00000438   Zero   RW          127    .bss                app_cli.o
    0x20000618        -       0x00000030   Zero   RW          362    .bss                main.o
    0x20000648        -       0x0000001c   Zero   RW          391    .bss                app_th.o
    0x20000664        -       0x000002e8   Zero   RW          421    .bss                app_time.o
    0x2000094c        -       0x00000030   Zero   RW          451    .bss                netconfig.o
    0x2000097c        -       0x000002f0   Zero   RW          574    .bss                mid_cli.o
    0x20000c6c        -       0x00000030   Zero   RW          702    .bss                i2c_bus.o
    0x20000c9c        -       0x0000012c   Zero   RW         1167    .bss                tasks.o
    0x20000dc8        -       0x00000028   Zero   RW         1198    .bss                timers.o
    0x20000df0        -       0x00004400   Zero   RW         1213    .bss                heap_2.o
    0x200051f0        -       0x00000660   Zero   RW         1264    .bss                dns.o
    0x20005850        -       0x000007e4   Zero   RW         1322    .bss                mem.o
    0x20006034        -       0x00003033   Zero   RW         1337    .bss                memp.o
    0x20009067   COMPRESSED   0x00000001   PAD
    0x20009068        -       0x0000014a   Zero   RW         1431    .bss                stats.o
    0x200091b2   COMPRESSED   0x00000002   PAD
    0x200091b4        -       0x00000014   Zero   RW         1486    .bss                tcp_in.o
    0x200091c8        -       0x00000010   Zero   RW         1563    .bss                inet.o
    0x200091d8        -       0x000005e0   Zero   RW         1635    .bss                ip_frag.o
    0x200097b8        -       0x000000c8   Zero   RW         1650    .bss                etharp.o
    0x20009880        -       0x00000bd8   Zero   RW         1739    .bss                ethernetif.o
    0x2000a458        -       0x00000028   Zero   RW         1783    .bss                sys_arch.o
    0x2000a480        -       0x00000050   Zero   RW         1820    .bss                sockets.o
    0x2000a4d0        -       0x00000400   Zero   RW          911    STACK               cstartup.o


==============================================================================

Image component sizes


      Code (inc. data)   RO Data    RW Data    ZI Data      Debug   Object Name

       840         50          0          0          0      18456   api_lib.o
      2788         38          0          0          0      26383   api_msg.o
        88          8          0          4          0     265547   app_buz.o
      2028        708       1015         29       1080      33745   app_cli.o
       340         14          0         12          0      10164   app_data.o
       884         58          8          9          0       8257   app_display.o
       168         14          6          2          0       1576   app_led.o
       248         66          0          8         28       1681   app_th.o
      1316         64          0          8        744       5455   app_time.o
       652         22          0          0          0       3943   bsp.o
        28          4        236          0       1024        764   cstartup.o
      1296        108          0          6          0       5014   dm9000x.o
      1444         58          0         13       1632       6293   dns.o
      2452         38         12          1        200      17825   etharp.o
       308         26          0          0       3032       5829   ethernetif.o
        40          0          0          0          0        786   hal_cli.o
      1188         10          0          4          0       3712   hal_ds3231.o
       472         48          0          0          0       1977   hal_sht10.o
       528         22          0          8          0       8230   hal_uart.o
       292         20          0         24      17408       3100   heap_2.o
      1724         18          0          0         48       5077   i2c_bus.o
       684          6          0          0          0       2590   icmp.o
       540         12          0          0         16       3176   inet.o
       342          0          0          0          0       5214   inet_chksum.o
        24          0          0          0          0       1792   init.o
      1264         28          0         10          0       6314   ip.o
        78          0          8          0          0       5345   ip_addr.o
      1560         24          0          6       1504       5892   ip_frag.o
       148          0          0          0          0       3250   list.o
       352        130          0          0         48       1544   main.o
      1062         24          0         16       2020       3834   mem.o
       380         20         56          0      12339       2978   memp.o
      1044        126        289         40        752       4024   mid_cli.o
        62          0          0          0          0       4858   mid_dbg.o
       764         14          0          0          0       1726   mid_kalman.o
       244          6         12          0          0       3419   mid_rtc.o
        70          0          0          0          0        810   mid_th.o
       220         22          0          0          0       1713   misc.o
       288          0          0          0          0       6473   netbuf.o
       392         36          0          0         48      24279   netconfig.o
       516         22          0          9          0       5316   netif.o
      1334         12          0          1          0       6324   pbuf.o
       378         28          0          4          0       6884   port.o
      1900          8          0          0          0      20082   queue.o
       412          4          0          4          0       3381   raw.o
      4396         60         60         12         80      39902   sockets.o
         0          0          0          0        330       3277   stats.o
       284         10          0          0          0       2171   stm32f10x_exti.o
      1468         34          0          0          0       8118   stm32f10x_flash.o
       860         38          0          0          0       5641   stm32f10x_gpio.o
       932         36          0         20          0       8788   stm32f10x_rcc.o
      3610         88          0          0          0      22756   stm32f10x_tim.o
      1032         22          0          0          0       8372   stm32f10x_usart.o
       588          4          0          0          0       3320   sys.o
       748         12          0          2         40       8138   sys_arch.o
      5012        306          0         60        300      31034   tasks.o
      3080        120        137         76          0      18333   tcp.o
      5964        248          0         32         20      14200   tcp_in.o
      2812         26          0          0          0       7146   tcp_out.o
       852         74          0         16          0      20948   tcpip.o
      1100         54          0         20         40       7695   timers.o
      1228         16          0          4          0       6373   udp.o

    ----------------------------------------------------------------------
     67164       3064       1880        476      42736     781244   Object Totals
         0          0         32          0          0          0   (incl. Generated)
        16          0          9         16          3          0   (incl. Padding)

    ----------------------------------------------------------------------

      Code (inc. data)   RO Data    RW Data    ZI Data      Debug   Library Member Name

        86          0          0          0          0          0   __dczerorl2.o
        28          0          0          0          0         68   _chval.o
       158          0          0          0          0         92   _strtoul.o
        26          0          0          0          0         80   atoi.o
         8          4        133          0          0         68   ctype_o.o
         0          0          0          0          0          0   entry.o
         0          0          0          0          0          0   entry10a.o
         0          0          0          0          0          0   entry11a.o
         8          4          0          0          0          0   entry2.o
         4          0          0          0          0          0   entry5.o
         0          0          0          0          0          0   entry7b.o
         0          0          0          0          0          0   entry8b.o
         8          4          0          0          0          0   entry9a.o
         8          4          0          4          0         68   errno.o
        30          0          0          0          0          0   handlers.o
        36          8          0          0          0         68   init.o
         0          0          0          0          0          0   iusefp.o
        30          0          0          0          0         68   llshl.o
        36          0          0          0          0         68   llsshr.o
        32          0          0          0          0         68   llushr.o
        36          0          0          0          0         68   memcpya.o
        36          0          0          0          0        108   memseta.o
      2312         92          0          0          0        600   printfa.o
        24          0          0          0          0         68   strcat.o
        28          0          0          0          0         76   strcmp.o
        18          0          0          0          0         68   strcpy.o
        14          0          0          0          0         68   strlen.o
        30          0          0          0          0         80   strncmp.o
       112          0          0          0          0         88   strtol.o
        44          0          0          0          0         80   uidiv.o
        98          0          0          0          0         92   uldiv.o
        48          0          0          0          0         68   cdcmple.o
        48          0          0          0          0         68   cdrcmple.o
        20          0          0          0          0         68   cfcmple.o
        20          0          0          0          0         68   cfrcmple.o
       334          0          0          0          0        148   dadd.o
       222          0          0          0          0        100   ddiv.o
       186          0          0          0          0        176   depilogue.o
        48          0          0          0          0         68   dfixul.o
       228          0          0          0          0         96   dmul.o
        38          0          0          0          0         68   f2d.o
       176          0          0          0          0        140   fadd.o
       124          0          0          0          0         88   fdiv.o
       110          0          0          0          0        168   fepilogue.o
        40          0          0          0          0         68   ffixui.o
        10          0          0          0          0         68   ffltui.o
       100          0          0          0          0         76   fmul.o

    ----------------------------------------------------------------------
      5008        116        136          4          0       3580   Library Totals
         6          0          3          0          0          0   (incl. Padding)

    ----------------------------------------------------------------------

      Code (inc. data)   RO Data    RW Data    ZI Data      Debug   Library Name

      3250        116        133          4          0       2044   mc_w.l
      1752          0          0          0          0       1536   mf_w.l

    ----------------------------------------------------------------------
      5008        116        136          4          0       3580   Library Totals

    ----------------------------------------------------------------------

==============================================================================


      Code (inc. data)   RO Data    RW Data    ZI Data      Debug   

     72172       3180       2016        480      42736     777464   Grand Totals
     72172       3180       2016        116      42736     777464   ELF Image Totals (compressed)
     72172       3180       2016        116          0          0   ROM Totals

==============================================================================

    Total RO  Size (Code + RO Data)                74188 (  72.45kB)
    Total RW  Size (RW Data + ZI Data)             43216 (  42.20kB)
    Total ROM Size (Code + RO Data + RW Data)      74304 (  72.56kB)

==============================================================================

