Product: MDK-ARM Standard 5.10
Component: ARM Compiler 5.04 update 1 (build 49)
Tool: armlink [5040049]

==============================================================================

Section Cross References

    main.o(.text) refers to system_stm32f10x.o(.text) for SystemInit
    main.o(.text) refers to app_led.o(.text) for BSP_LED_Init
    main.o(.text) refers to sys_arch.o(.text) for sys_thread_new
    main.o(.text) refers to tasks.o(.text) for xTaskCreate
    main.o(.text) refers to lwipentry.o(.text) for LwIPEntry
    app_led.o(.text) refers to stm32f10x_rcc.o(.text) for RCC_APB2PeriphClockCmd
    app_led.o(.text) refers to stm32f10x_gpio.o(.text) for GPIO_Init
    app_led.o(.text) refers to tasks.o(.text) for vTaskDelay
    netconfig.o(.text) refers to tcp.o(.text) for tcp_tmr
    netconfig.o(.text) refers to dns.o(.text) for dns_tmr
    netconfig.o(.text) refers to etharp.o(.text) for etharp_tmr
    netconfig.o(.text) refers to init.o(.text) for lwip_init
    netconfig.o(.text) refers to inet.o(.text) for htonl
    netconfig.o(.text) refers to netif.o(.text) for netif_add
    netconfig.o(.text) refers to netconfig.o(.data) for TCPTimer
    netconfig.o(.text) refers to ethernetif.o(.text) for ethernetif_init
    netconfig.o(.text) refers to netconfig.o(.bss) for DM9000AEP
    dm9000x.o(.text) refers to _printf_percent.o(.ARM.Collect$$_printf_percent$$00000000) for _printf_percent
    dm9000x.o(.text) refers to _printf_x.o(.ARM.Collect$$_printf_percent$$0000000C) for _printf_x
    dm9000x.o(.text) refers to _printf_hex_int.o(.text) for _printf_longlong_hex
    dm9000x.o(.text) refers to stm32f10x_rcc.o(.text) for RCC_APB2PeriphClockCmd
    dm9000x.o(.text) refers to stm32f10x_gpio.o(.text) for GPIO_PinRemapConfig
    dm9000x.o(.text) refers to noretval__2printf.o(.text) for __2printf
    dm9000x.o(.text) refers to netconfig.o(.data) for m_mac
    cstartup.o(STACK) refers (Special) to heapauxi.o(.text) for __use_two_region_memory
    cstartup.o(HEAP) refers (Special) to heapauxi.o(.text) for __use_two_region_memory
    cstartup.o(RESET) refers (Special) to heapauxi.o(.text) for __use_two_region_memory
    cstartup.o(RESET) refers to cstartup.o(STACK) for __initial_sp
    cstartup.o(RESET) refers to cstartup.o(.text) for Reset_Handler
    cstartup.o(RESET) refers to port.o(.emb_text) for vPortSVCHandler
    cstartup.o(RESET) refers to port.o(.text) for xPortSysTickHandler
    cstartup.o(.text) refers (Special) to heapauxi.o(.text) for __use_two_region_memory
    cstartup.o(.text) refers to __main.o(!!!main) for __main
    cstartup.o(.text) refers to cstartup.o(HEAP) for Heap_Mem
    cstartup.o(.text) refers to cstartup.o(STACK) for Stack_Mem
    stm32f10x_gpio.o(.text) refers to stm32f10x_rcc.o(.text) for RCC_APB2PeriphResetCmd
    stm32f10x_rcc.o(.text) refers to stm32f10x_rcc.o(.data) for APBAHBPrescTable
    system_stm32f10x.o(.text) refers to system_stm32f10x.o(.data) for SystemCoreClock
    event_groups.o(.text) refers to heap_2.o(.text) for pvPortMalloc
    event_groups.o(.text) refers to list.o(.text) for vListInitialise
    event_groups.o(.text) refers to tasks.o(.text) for vTaskSuspendAll
    event_groups.o(.text) refers to port.o(.text) for vPortEnterCritical
    queue.o(.text) refers to port.o(.text) for vPortEnterCritical
    queue.o(.text) refers to tasks.o(.text) for xTaskRemoveFromEventList
    queue.o(.text) refers to list.o(.text) for vListInitialise
    queue.o(.text) refers to heap_2.o(.text) for pvPortMalloc
    queue.o(.text) refers to rt_memcpy_v6.o(.text) for __aeabi_memcpy
    tasks.o(.text) refers to list.o(.text) for vListInitialise
    tasks.o(.text) refers to port.o(.text) for vPortEnterCritical
    tasks.o(.text) refers to heap_2.o(.text) for pvPortMalloc
    tasks.o(.text) refers to tasks.o(.bss) for pxReadyTasksLists
    tasks.o(.text) refers to tasks.o(.data) for pxDelayedTaskList
    port.o(.emb_text) refers to tasks.o(.text) for vTaskSwitchContext
    port.o(.emb_text) refers to tasks.o(.data) for pxCurrentTCB
    port.o(.text) refers to port.o(.emb_text) for __asm___6_port_c_39a90d8d__prvStartFirstTask
    port.o(.text) refers to tasks.o(.text) for xTaskIncrementTick
    port.o(.text) refers to port.o(.data) for uxCriticalNesting
    heap_2.o(.text) refers to tasks.o(.text) for vTaskSuspendAll
    heap_2.o(.text) refers to heap_2.o(.bss) for ucHeap
    heap_2.o(.text) refers to heap_2.o(.data) for xStart
    ethernetif.o(.text) refers to dm9000x.o(.text) for dm9000x_inital
    ethernetif.o(.text) refers to rt_memcpy_v6.o(.text) for __aeabi_memcpy
    ethernetif.o(.text) refers to pbuf.o(.text) for pbuf_alloc
    ethernetif.o(.text) refers to mem.o(.text) for mem_malloc
    ethernetif.o(.text) refers to netconfig.o(.data) for m_mac
    ethernetif.o(.text) refers to ethernetif.o(.bss) for Tx_Data_Buf
    ethernetif.o(.text) refers to etharp.o(.text) for etharp_output
    sys_arch.o(.text) refers to queue.o(.text) for xQueueGenericCreate
[...]
    flags                                    0x20000138   Data           1  tcp_in.o(.data)
    tcplen                                   0x2000013a   Data           2  tcp_in.o(.data)
    recv_flags                               0x2000013c   Data           1  tcp_in.o(.data)
    recv_data                                0x20000140   Data           4  tcp_in.o(.data)
    .data                                    0x20000148   Section        4  udp.o(.data)
    .data                                    0x2000014c   Section       10  ip.o(.data)
    ip_id                                    0x20000154   Data           2  ip.o(.data)
    .data                                    0x20000158   Section        6  ip_frag.o(.data)
    reassdatagrams                           0x20000158   Data           4  ip_frag.o(.data)
    ip_reass_pbufcount                       0x2000015c   Data           2  ip_frag.o(.data)
    .data                                    0x20000160   Section       12  sockets.o(.data)
    select_cb_list                           0x20000160   Data           4  sockets.o(.data)
    socksem                                  0x20000164   Data           4  sockets.o(.data)
    selectsem                                0x20000168   Data           4  sockets.o(.data)
    .data                                    0x2000016c   Section       16  tcpip.o(.data)
    tcpip_init_done                          0x2000016c   Data           4  tcpip.o(.data)
    tcpip_init_done_arg                      0x20000170   Data           4  tcpip.o(.data)
    mbox                                     0x20000174   Data           4  tcpip.o(.data)
    tcpip_tcp_timer_active                   0x20000178   Data           4  tcpip.o(.data)
    .data                                    0x2000017c   Section        4  stdio_streams.o(.data)
    .data                                    0x20000180   Section        4  stdio_streams.o(.data)
    .data                                    0x20000184   Section        4  stdio_streams.o(.data)
    .bss                                     0x20000188   Section       96  netconfig.o(.bss)
    .bss                                     0x200001e8   Section      200  tasks.o(.bss)
    pxReadyTasksLists                        0x200001e8   Data         100  tasks.o(.bss)
    xDelayedTaskList1                        0x2000024c   Data          20  tasks.o(.bss)
    xDelayedTaskList2                        0x20000260   Data          20  tasks.o(.bss)
    xPendingReadyList                        0x20000274   Data          20  tasks.o(.bss)
    xTasksWaitingTermination                 0x20000288   Data          20  tasks.o(.bss)
    xSuspendedTaskList                       0x2000029c   Data          20  tasks.o(.bss)
    .bss                                     0x200002b0   Section    17408  heap_2.o(.bss)
    ucHeap                                   0x200002b0   Data       17408  heap_2.o(.bss)
    .bss                                     0x200046b0   Section     3032  ethernetif.o(.bss)
    .bss                                     0x20005288   Section       40  sys_arch.o(.bss)
    s_timeoutlist                            0x20005288   Data          40  sys_arch.o(.bss)
    .bss                                     0x200052b0   Section      200  etharp.o(.bss)
    arp_table                                0x200052b0   Data         200  etharp.o(.bss)
    .bss                                     0x20005378   Section     1632  dns.o(.bss)
    dns_table                                0x20005378   Data        1120  dns.o(.bss)
    dns_payload                              0x200057d8   Data         512  dns.o(.bss)
    .bss                                     0x200059d8   Section     2020  mem.o(.bss)
    ram_heap                                 0x200059d8   Data        2020  mem.o(.bss)
    .bss                                     0x200061bc   Section    12107  memp.o(.bss)
    memp_tab                                 0x200061bc   Data          56  memp.o(.bss)
    memp_memory                              0x200061f4   Data       12051  memp.o(.bss)
    .bss                                     0x20009108   Section      330  stats.o(.bss)
    .bss                                     0x20009254   Section       20  tcp_in.o(.bss)
    inseg                                    0x20009254   Data          20  tcp_in.o(.bss)
    .bss                                     0x20009268   Section       16  inet.o(.bss)
    str                                      0x20009268   Data          16  inet.o(.bss)
    .bss                                     0x20009278   Section     1504  ip_frag.o(.bss)
    buf                                      0x20009278   Data        1504  ip_frag.o(.bss)
    .bss                                     0x20009858   Section       80  sockets.o(.bss)
    sockets                                  0x20009858   Data          80  sockets.o(.bss)
    .bss                                     0x200098a8   Section       84  stdio_streams.o(.bss)
    .bss                                     0x200098fc   Section       84  stdio_streams.o(.bss)
    .bss                                     0x20009950   Section       84  stdio_streams.o(.bss)
    .bss                                     0x200099a4   Section       96  libspace.o(.bss)
    HEAP                                     0x20009a08   Section        0  cstartup.o(HEAP)
    STACK                                    0x20009a08   Section      512  cstartup.o(STACK)
    Heap_Mem                                 0x20009a08   Data           0  cstartup.o(HEAP)
    Stack_Mem                                0x20009a08   Data         512  cstartup.o(STACK)
    __initial_sp                             0x20009c08   Data           0  cstartup.o(STACK)

    Global Symbols

    Symbol Name                              Value     Ov Type        Size  Object(Section)

    BuildAttributes$$THM_ISAv4$P$D$K$B$S$PE$A:L22UL41UL21$X:L11$S22US41US21$IEEE1$IW$USESV6$~STKCKD$USESV7$~SHL$OTIME$ROPI$EBA8$UX$STANDARDLIB$REQ8$PRES8$EABIv2 0x00000000   Number         0  anon$$obj.o ABSOLUTE
    __ARM_use_no_argv                        0x00000000   Number         0  main.o ABSOLUTE
    __ARM_exceptions_init                     - Undefined Weak Reference
    __alloca_initialize                       - Undefined Weak Reference
    __cpp_initialize__aeabi_                  - Undefined Weak Reference
    __cxa_finalize                            - Undefined Weak Reference
    __sigvec_lookup                           - Undefined Weak Reference
    __user_heap_extent                        - Undefined Weak Reference
    _atexit_init                              - Undefined Weak Reference
    _call_atexit_fns                          - Undefined Weak Reference
    _clock_init                               - Undefined Weak Reference
    _fp_trap_init                             - Undefined Weak Reference
    _fp_trap_shutdown                         - Undefined Weak Reference
    _get_lc_collate                           - Undefined Weak Reference
    _get_lc_monetary                          - Undefined Weak Reference
    _get_lc_numeric                           - Undefined Weak Reference
    _get_lc_time                              - Undefined Weak Reference
    _getenv_init                              - Undefined Weak Reference
    _handle_redirection                       - Undefined Weak Reference
    _mutex_acquire                            - Undefined Weak Reference
    _mutex_free                               - Undefined Weak Reference
    _mutex_release                            - Undefined Weak Reference
    _printf_post_padding                      - Undefined Weak Reference
    _printf_pre_padding                       - Undefined Weak Reference
    _printf_truncate_unsigned                 - Undefined Weak Reference
    _rand_init                                - Undefined Weak Reference
    _signal_finish                            - Undefined Weak Reference
    _signal_init                              - Undefined Weak Reference
    __Vectors                                0x08000000   Data           4  cstartup.o(RESET)
    __main                                   0x080000ed   Thumb Code     8  __main.o(!!!main)
    __scatterload                            0x080000f5   Thumb Code     0  __scatter.o(!!!scatter)
    __scatterload_rt2                        0x080000f5   Thumb Code    44  __scatter.o(!!!scatter)
    __scatterload_rt2_thumb_only             0x080000f5   Thumb Code     0  __scatter.o(!!!scatter)
    __scatterload_null                       0x08000103   Thumb Code     0  __scatter.o(!!!scatter)
    __decompress                             0x08000129   Thumb Code    90  __dczerorl2.o(!!dczerorl2)
    __decompress1                            0x08000129   Thumb Code     0  __dczerorl2.o(!!dczerorl2)
    __scatterload_zeroinit                   0x08000185   Thumb Code    28  __scatter_zi.o(!!handler_zi)
    _printf_percent                          0x080001a1   Thumb Code     0  _printf_percent.o(.ARM.Collect$$_printf_percent$$00000000)
    _printf_x                                0x080001a1   Thumb Code     0  _printf_x.o(.ARM.Collect$$_printf_percent$$0000000C)
    _printf_percent_end                      0x080001a7   Thumb Code     0  _printf_percent_end.o(.ARM.Collect$$_printf_percent$$00000017)
    __rt_lib_init                            0x080001ab   Thumb Code     0  libinit.o(.ARM.Collect$$libinit$$00000000)
    __rt_lib_init_fp_1                       0x080001ad   Thumb Code     0  libinit2.o(.ARM.Collect$$libinit$$00000002)
    __rt_lib_init_heap_2                     0x080001ad   Thumb Code     0  libinit2.o(.ARM.Collect$$libinit$$00000003)
    __rt_lib_init_atexit_1                   0x080001b5   Thumb Code     0  libinit2.o(.ARM.Collect$$libinit$$00000019)
    __rt_lib_init_clock_1                    0x080001b5   Thumb Code     0  libinit2.o(.ARM.Collect$$libinit$$0000001F)
    __rt_lib_init_fp_trap_1                  0x080001b5   Thumb Code     0  libinit2.o(.ARM.Collect$$libinit$$0000001D)
    __rt_lib_init_getenv_1                   0x080001b5   Thumb Code     0  libinit2.o(.ARM.Collect$$libinit$$00000021)
    __rt_lib_init_heap_1                     0x080001b5   Thumb Code     0  libinit2.o(.ARM.Collect$$libinit$$00000008)
    __rt_lib_init_lc_collate_1               0x080001b5   Thumb Code     0  libinit2.o(.ARM.Collect$$libinit$$0000000F)
    __rt_lib_init_lc_ctype_1                 0x080001b5   Thumb Code     0  libinit2.o(.ARM.Collect$$libinit$$00000011)
    __rt_lib_init_lc_monetary_1              0x080001b5   Thumb Code     0  libinit2.o(.ARM.Collect$$libinit$$00000013)
    __rt_lib_init_lc_numeric_1               0x080001b5   Thumb Code     0  libinit2.o(.ARM.Collect$$libinit$$00000015)
    __rt_lib_init_lc_time_1                  0x080001b5   Thumb Code     0  libinit2.o(.ARM.Collect$$libinit$$00000017)
    __rt_lib_init_rand_1                     0x080001b5   Thumb Code     0  libinit2.o(.ARM.Collect$$libinit$$0000000C)
    __rt_lib_init_signal_1                   0x080001b5   Thumb Code     0  libinit2.o(.ARM.Collect$$libinit$$0000001B)
    __rt_lib_init_stdio_2                    0x080001b5   Thumb Code     0  libinit2.o(.ARM.Collect$$libinit$$00000022)
    __rt_lib_init_user_alloc_1               0x080001b5   Thumb Code     0  libinit2.o(.ARM.Collect$$libinit$$0000000A)
    __rt_lib_init_alloca_1                   0x080001b9   Thumb Code     0  libinit2.o(.ARM.Collect$$libinit$$0000002C)
    __rt_lib_init_argv_1                     0x080001b9   Thumb Code     0  libinit2.o(.ARM.Collect$$libinit$$0000002A)
    __rt_lib_init_cpp_1                      0x080001b9   Thumb Code     0  libinit2.o(.ARM.Collect$$libinit$$00000030)
    __rt_lib_init_exceptions_1               0x080001b9   Thumb Code     0  libinit2.o(.ARM.Collect$$libinit$$0000002E)
    __rt_lib_init_return                     0x080001b9   Thumb Code     0  libinit2.o(.ARM.Collect$$libinit$$00000031)
    __rt_lib_init_stdio_1                    0x080001b9   Thumb Code     0  libinit2.o(.ARM.Collect$$libinit$$00000023)
    __rt_lib_shutdown                        0x080001bb   Thumb Code     0  libshutdown.o(.ARM.Collect$$libshutdown$$00000000)
    __rt_lib_shutdown_stdio_2                0x080001bd   Thumb Code     0  libshutdown2.o(.ARM.Collect$$libshutdown$$00000002)
    __rt_lib_shutdown_fp_trap_1              0x080001c1   Thumb Code     0  libshutdown2.o(.ARM.Collect$$libshutdown$$00000006)
    __rt_lib_shutdown_heap_1                 0x080001c1   Thumb Code     0  libshutdown2.o(.ARM.Collect$$libshutdown$$0000000E)
    __rt_lib_shutdown_return                 0x080001c1   Thumb Code     0  libshutdown2.o(.ARM.Collect$$libshutdown$$0000000F)
    __rt_lib_shutdown_signal_1               0x080001c1   Thumb Code     0  libshutdown2.o(.ARM.Collect$$libshutdown$$00000009)
    __rt_lib_shutdown_stdio_1                0x080001c1   Thumb Code     0  libshutdown2.o(.ARM.Collect$$libshutdown$$00000003)
    __rt_lib_shutdown_user_alloc_1           0x080001c1   Thumb Code     0  libshutdown2.o(.ARM.Collect$$libshutdown$$0000000B)
    __rt_entry                               0x080001c3   Thumb Code     0  rtentry.o(.ARM.Collect$$rtentry$$00000000)
    __rt_entry_presh_1                       0x080001c3   Thumb Code     0  rtentry2.o(.ARM.Collect$$rtentry$$00000002)
    __rt_entry_sh                            0x080001c3   Thumb Code     0  rtentry4.o(.ARM.Collect$$rtentry$$00000004)
    __rt_entry_li                            0x080001c9   Thumb Code     0  rtentry2.o(.ARM.Collect$$rtentry$$0000000A)
    __rt_entry_postsh_1                      0x080001c9   Thumb Code     0  rtentry2.o(.ARM.Collect$$rtentry$$00000009)
    __rt_entry_main                          0x080001cd   Thumb Code     0  rtentry2.o(.ARM.Collect$$rtentry$$0000000D)
    __rt_entry_postli_1                      0x080001cd   Thumb Code     0  rtentry2.o(.ARM.Collect$$rtentry$$0000000C)
    __rt_exit                                0x080001d5   Thumb Code     0  rtexit.o(.ARM.Collect$$rtexit$$00000000)
    __rt_exit_ls                             0x080001d7   Thumb Code     0  rtexit2.o(.ARM.Collect$$rtexit$$00000003)
    __rt_exit_prels_1                        0x080001d7   Thumb Code     0  rtexit2.o(.ARM.Collect$$rtexit$$00000002)
    __rt_exit_exit                           0x080001db   Thumb Code     0  rtexit2.o(.ARM.Collect$$rtexit$$00000004)
    vPortSVCHandler                          0x080001e1   Thumb Code    32  port.o(.emb_text)
    __asm___6_port_c_39a90d8d__prvStartFirstTask 0x08000205   Thumb Code    28  port.o(.emb_text)
    xPortPendSVHandler                       0x08000225   Thumb Code    72  port.o(.emb_text)
    vPortGetIPSR                             0x08000271   Thumb Code     6  port.o(.emb_text)
    _maybe_terminate_alloc                   0x08000279   Thumb Code     0  maybetermalloc1.o(.emb_text)
    main                                     0x08000279   Thumb Code    56  main.o(.text)
    BSP_LED_Init                             0x080002c1   Thumb Code    46  app_led.o(.text)
    vLed1Task                                0x080002ef   Thumb Code    36  app_led.o(.text)
    vLed2Task                                0x08000313   Thumb Code    36  app_led.o(.text)
    vLed3Task                                0x08000337   Thumb Code    36  app_led.o(.text)
    LwIP_Periodic_Handle                     0x08000361   Thumb Code    76  netconfig.o(.text)
    LwIP_Init                                0x080003ad   Thumb Code   200  netconfig.o(.text)
    dm9000x_gpio_inital                      0x080004a5   Thumb Code   144  dm9000x.o(.text)
    dm9000x_read_id                          0x080005eb   Thumb Code    68  dm9000x.o(.text)
    dm9000x_inital                           0x0800062f   Thumb Code   222  dm9000x.o(.text)
    dm9000x_sendpacket                       0x0800070d   Thumb Code   160  dm9000x.o(.text)
    dm9000x_receivepacket                    0x080007ad   Thumb Code   402  dm9000x.o(.text)
    Reset_Handler                            0x080009c9   Thumb Code     4  cstartup.o(.text)
    NMI_Handler                              0x080009cd   Thumb Code     2  cstartup.o(.text)
    HardFault_Handler                        0x080009cf   Thumb Code     2  cstartup.o(.text)
    MemManage_Handler                        0x080009d1   Thumb Code     2  cstartup.o(.text)
    BusFault_Handler                         0x080009d3   Thumb Code     2  cstartup.o(.text)
    UsageFault_Handler                       0x080009d5   Thumb Code     2  cstartup.o(.text)
    SVC_Handler                              0x080009d7   Thumb Code     2  cstartup.o(.text)
    DebugMon_Handler                         0x080009d9   Thumb Code     2  cstartup.o(.text)
    PendSV_Handler                           0x080009db   Thumb Code     2  cstartup.o(.text)
    SysTick_Handler                          0x080009dd   Thumb Code     2  cstartup.o(.text)
    ADC_IRQHandler                           0x080009df   Thumb Code     0  cstartup.o(.text)
    CAN_RX1_IRQHandler                       0x080009df   Thumb Code     0  cstartup.o(.text)
    CAN_SCE_IRQHandler                       0x080009df   Thumb Code     0  cstartup.o(.text)
    DMAChannel1_IRQHandler                   0x080009df   Thumb Code     0  cstartup.o(.text)
    DMAChannel2_IRQHandler                   0x080009df   Thumb Code     0  cstartup.o(.text)
    DMAChannel3_IRQHandler                   0x080009df   Thumb Code     0  cstartup.o(.text)
    DMAChannel4_IRQHandler                   0x080009df   Thumb Code     0  cstartup.o(.text)
    DMAChannel5_IRQHandler                   0x080009df   Thumb Code     0  cstartup.o(.text)
    DMAChannel6_IRQHandler                   0x080009df   Thumb Code     0  cstartup.o(.text)
    DMAChannel7_IRQHandler                   0x080009df   Thumb Code     0  cstartup.o(.text)
    EXTI0_IRQHandler                         0x080009df   Thumb Code     0  cstartup.o(.text)
    EXTI15_10_IRQHandler                     0x080009df   Thumb Code     0  cstartup.o(.text)
    EXTI1_IRQHandler                         0x080009df   Thumb Code     0  cstartup.o(.text)
    EXTI2_IRQHandler                         0x080009df   Thumb Code     0  cstartup.o(.text)
    EXTI3_IRQHandler                         0x080009df   Thumb Code     0  cstartup.o(.text)
    EXTI4_IRQHandler                         0x080009df   Thumb Code     0  cstartup.o(.text)
    EXTI9_5_IRQHandler                       0x080009df   Thumb Code     0  cstartup.o(.text)
    FLASH_IRQHandler                         0x080009df   Thumb Code     0  cstartup.o(.text)
    I2C1_ER_IRQHandler                       0x080009df   Thumb Code     0  cstartup.o(.text)
    I2C1_EV_IRQHandler                       0x080009df   Thumb Code     0  cstartup.o(.text)
    I2C2_ER_IRQHandler                       0x080009df   Thumb Code     0  cstartup.o(.text)
    I2C2_EV_IRQHandler                       0x080009df   Thumb Code     0  cstartup.o(.text)
    PVD_IRQHandler                           0x080009df   Thumb Code     0  cstartup.o(.text)
    RCC_IRQHandler                           0x080009df   Thumb Code     0  cstartup.o(.text)
    RTCAlarm_IRQHandler                      0x080009df   Thumb Code     0  cstartup.o(.text)
    RTC_IRQHandler                           0x080009df   Thumb Code     0  cstartup.o(.text)
    SPI1_IRQHandler                          0x080009df   Thumb Code     0  cstartup.o(.text)
    SPI2_IRQHandler                          0x080009df   Thumb Code     0  cstartup.o(.text)
    TAMPER_IRQHandler                        0x080009df   Thumb Code     0  cstartup.o(.text)
    TIM1_BRK_IRQHandler                      0x080009df   Thumb Code     0  cstartup.o(.text)
    TIM1_CC_IRQHandler                       0x080009df   Thumb Code     0  cstartup.o(.text)
    TIM1_TRG_COM_IRQHandler                  0x080009df   Thumb Code     0  cstartup.o(.text)
    TIM1_UP_IRQHandler                       0x080009df   Thumb Code     0  cstartup.o(.text)
    TIM2_IRQHandler                          0x080009df   Thumb Code     0  cstartup.o(.text)
    TIM3_IRQHandler                          0x080009df   Thumb Code     0  cstartup.o(.text)
    TIM4_IRQHandler                          0x080009df   Thumb Code     0  cstartup.o(.text)
    USART1_IRQHandler                        0x080009df   Thumb Code     0  cstartup.o(.text)
    USART2_IRQHandler                        0x080009df   Thumb Code     0  cstartup.o(.text)
    USART3_IRQHandler                        0x080009df   Thumb Code     0  cstartup.o(.text)
    USBWakeUp_IRQHandler                     0x080009df   Thumb Code     0  cstartup.o(.text)
    USB_HP_CAN_TX_IRQHandler                 0x080009df   Thumb Code     0  cstartup.o(.text)
    USB_LP_CAN_RX0_IRQHandler                0x080009df   Thumb Code     0  cstartup.o(.text)
    WWDG_IRQHandler                          0x080009df   Thumb Code     0  cstartup.o(.text)
    __user_initial_stackheap                 0x080009e1   Thumb Code     0  cstartup.o(.text)
    GPIO_DeInit                              0x080009fd   Thumb Code   172  stm32f10x_gpio.o(.text)
    GPIO_AFIODeInit                          0x08000aa9   Thumb Code    20  stm32f10x_gpio.o(.text)
    GPIO_Init                                0x08000abd   Thumb Code   278  stm32f10x_gpio.o(.text)
    GPIO_StructInit                          0x08000bd3   Thumb Code    16  stm32f10x_gpio.o(.text)
    GPIO_ReadInputDataBit                    0x08000be3   Thumb Code    18  stm32f10x_gpio.o(.text)
    GPIO_ReadInputData                       0x08000bf5   Thumb Code     8  stm32f10x_gpio.o(.text)
    GPIO_ReadOutputDataBit                   0x08000bfd   Thumb Code    18  stm32f10x_gpio.o(.text)
    GPIO_ReadOutputData                      0x08000c0f   Thumb Code     8  stm32f10x_gpio.o(.text)
    GPIO_SetBits                             0x08000c17   Thumb Code     4  stm32f10x_gpio.o(.text)
    GPIO_ResetBits                           0x08000c1b   Thumb Code     4  stm32f10x_gpio.o(.text)
    GPIO_WriteBit                            0x08000c1f   Thumb Code    10  stm32f10x_gpio.o(.text)
    GPIO_Write                               0x08000c29   Thumb Code     4  stm32f10x_gpio.o(.text)
    GPIO_PinLockConfig                       0x08000c2d   Thumb Code    18  stm32f10x_gpio.o(.text)
    GPIO_EventOutputConfig                   0x08000c3f   Thumb Code    26  stm32f10x_gpio.o(.text)
    GPIO_EventOutputCmd                      0x08000c59   Thumb Code     6  stm32f10x_gpio.o(.text)
    GPIO_PinRemapConfig                      0x08000c5f   Thumb Code   138  stm32f10x_gpio.o(.text)
    GPIO_EXTILineConfig                      0x08000ce9   Thumb Code    66  stm32f10x_gpio.o(.text)
    GPIO_ETH_MediaInterfaceConfig            0x08000d2b   Thumb Code     8  stm32f10x_gpio.o(.text)
    RCC_DeInit                               0x08000d59   Thumb Code    64  stm32f10x_rcc.o(.text)
    RCC_HSEConfig                            0x08000d99   Thumb Code    70  stm32f10x_rcc.o(.text)
    RCC_GetFlagStatus                        0x08000ddf   Thumb Code    56  stm32f10x_rcc.o(.text)
    RCC_WaitForHSEStartUp                    0x08000e17   Thumb Code    56  stm32f10x_rcc.o(.text)
    RCC_AdjustHSICalibrationValue            0x08000e4f   Thumb Code    20  stm32f10x_rcc.o(.text)
    RCC_HSICmd                               0x08000e63   Thumb Code     6  stm32f10x_rcc.o(.text)
    RCC_PLLConfig                            0x08000e69   Thumb Code    24  stm32f10x_rcc.o(.text)
    RCC_PLLCmd                               0x08000e81   Thumb Code     6  stm32f10x_rcc.o(.text)
    RCC_SYSCLKConfig                         0x08000e87   Thumb Code    18  stm32f10x_rcc.o(.text)
    RCC_GetSYSCLKSource                      0x08000e99   Thumb Code    10  stm32f10x_rcc.o(.text)
    RCC_HCLKConfig                           0x08000ea3   Thumb Code    18  stm32f10x_rcc.o(.text)
    RCC_PCLK1Config                          0x08000eb5   Thumb Code    18  stm32f10x_rcc.o(.text)
    RCC_PCLK2Config                          0x08000ec7   Thumb Code    20  stm32f10x_rcc.o(.text)
    RCC_ITConfig                             0x08000edb   Thumb Code    26  stm32f10x_rcc.o(.text)
    RCC_USBCLKConfig                         0x08000ef5   Thumb Code     8  stm32f10x_rcc.o(.text)
    RCC_ADCCLKConfig                         0x08000efd   Thumb Code    18  stm32f10x_rcc.o(.text)
    RCC_LSEConfig                            0x08000f0f   Thumb Code    50  stm32f10x_rcc.o(.text)
    RCC_LSICmd                               0x08000f41   Thumb Code     6  stm32f10x_rcc.o(.text)
    RCC_RTCCLKConfig                         0x08000f47   Thumb Code    12  stm32f10x_rcc.o(.text)
    RCC_RTCCLKCmd                            0x08000f53   Thumb Code     8  stm32f10x_rcc.o(.text)
    RCC_GetClocksFreq                        0x08000f5b   Thumb Code   192  stm32f10x_rcc.o(.text)
    RCC_AHBPeriphClockCmd                    0x0800101b   Thumb Code    26  stm32f10x_rcc.o(.text)
    RCC_APB2PeriphClockCmd                   0x08001035   Thumb Code    26  stm32f10x_rcc.o(.text)
    RCC_APB1PeriphClockCmd                   0x0800104f   Thumb Code    26  stm32f10x_rcc.o(.text)
    RCC_APB2PeriphResetCmd                   0x08001069   Thumb Code    26  stm32f10x_rcc.o(.text)
    RCC_APB1PeriphResetCmd                   0x08001083   Thumb Code    26  stm32f10x_rcc.o(.text)
    RCC_BackupResetCmd                       0x0800109d   Thumb Code     8  stm32f10x_rcc.o(.text)
    RCC_ClockSecuritySystemCmd               0x080010a5   Thumb Code     6  stm32f10x_rcc.o(.text)
    RCC_MCOConfig                            0x080010ab   Thumb Code     6  stm32f10x_rcc.o(.text)
    RCC_ClearFlag                            0x080010b1   Thumb Code    14  stm32f10x_rcc.o(.text)
    RCC_GetITStatus                          0x080010bf   Thumb Code    20  stm32f10x_rcc.o(.text)
    RCC_ClearITPendingBit                    0x080010d3   Thumb Code     6  stm32f10x_rcc.o(.text)
    SystemInit                               0x080011db   Thumb Code    78  system_stm32f10x.o(.text)
    SystemCoreClockUpdate                    0x08001229   Thumb Code   142  system_stm32f10x.o(.text)
    vListInitialise                          0x080012dd   Thumb Code    26  list.o(.text)
    vListInitialiseItem                      0x080012f7   Thumb Code     6  list.o(.text)
    vListInsertEnd                           0x080012fd   Thumb Code    24  list.o(.text)
    vListInsert                              0x08001315   Thumb Code    52  list.o(.text)
    uxListRemove                             0x08001349   Thumb Code    40  list.o(.text)
    xQueueGenericReset                       0x08001371   Thumb Code   122  queue.o(.text)
    xQueueGenericCreate                      0x08001411   Thumb Code    56  queue.o(.text)
    xQueueGenericSend                        0x0800154f   Thumb Code   276  queue.o(.text)
    xQueueGenericSendFromISR                 0x0800167f   Thumb Code   134  queue.o(.text)
    xQueueGiveFromISR                        0x08001705   Thumb Code   120  queue.o(.text)
    xQueueGenericReceive                     0x080017c5   Thumb Code   312  queue.o(.text)
    xQueueReceiveFromISR                     0x080018fd   Thumb Code   130  queue.o(.text)
    xQueuePeekFromISR                        0x0800197f   Thumb Code    74  queue.o(.text)
    uxQueueMessagesWaiting                   0x080019c9   Thumb Code    18  queue.o(.text)
    uxQueueSpacesAvailable                   0x080019db   Thumb Code    24  queue.o(.text)
    uxQueueMessagesWaitingFromISR            0x080019f3   Thumb Code     6  queue.o(.text)
    vQueueDelete                             0x080019f9   Thumb Code    14  queue.o(.text)
    xQueueIsQueueEmptyFromISR                0x08001a07   Thumb Code    14  queue.o(.text)
    xQueueIsQueueFullFromISR                 0x08001a15   Thumb Code    18  queue.o(.text)
    xTaskCreate                              0x08001b89   Thumb Code    92  tasks.o(.text)
    vTaskDelete                              0x08001c21   Thumb Code   176  tasks.o(.text)
    xTaskIncrementTick                       0x08001cd1   Thumb Code   238  tasks.o(.text)
    xTaskResumeAll                           0x08001dbf   Thumb Code   282  tasks.o(.text)
    vTaskSuspendAll                          0x08001f55   Thumb Code    12  tasks.o(.text)
    vTaskDelayUntil                          0x08001f61   Thumb Code   106  tasks.o(.text)
    vTaskDelay                               0x08001fcb   Thumb Code    46  tasks.o(.text)
    uxTaskPriorityGet                        0x08001ff9   Thumb Code    30  tasks.o(.text)
    uxTaskPriorityGetFromISR                 0x08002017   Thumb Code    52  tasks.o(.text)
    vTaskPrioritySet                         0x0800204b   Thumb Code   216  tasks.o(.text)
    vTaskSwitchContext                       0x08002123   Thumb Code    76  tasks.o(.text)
    vTaskSuspend                             0x0800216f   Thumb Code   160  tasks.o(.text)
    vTaskResume                              0x08002247   Thumb Code   170  tasks.o(.text)
    xTaskResumeFromISR                       0x080022f1   Thumb Code   130  tasks.o(.text)
    vTaskStartScheduler                      0x080023e9   Thumb Code    74  tasks.o(.text)
    vTaskEndScheduler                        0x08002433   Thumb Code    32  tasks.o(.text)
    xTaskGetTickCount                        0x08002453   Thumb Code     6  tasks.o(.text)
    xTaskGetTickCountFromISR                 0x08002459   Thumb Code     8  tasks.o(.text)
    uxTaskGetNumberOfTasks                   0x08002461   Thumb Code     6  tasks.o(.text)
    pcTaskGetName                            0x08002467   Thumb Code    20  tasks.o(.text)
    vTaskPlaceOnEventList                    0x0800247b   Thumb Code    28  tasks.o(.text)
    vTaskPlaceOnUnorderedEventList           0x08002497   Thumb Code    40  tasks.o(.text)
    xTaskRemoveFromEventList                 0x080024bf   Thumb Code   104  tasks.o(.text)
    xTaskRemoveFromUnorderedEventList        0x08002527   Thumb Code    94  tasks.o(.text)
    vTaskSetTimeOutState                     0x08002585   Thumb Code    14  tasks.o(.text)
    xTaskCheckForTimeOut                     0x08002593   Thumb Code    84  tasks.o(.text)
    vTaskMissedYield                         0x080025e7   Thumb Code     8  tasks.o(.text)
    xTaskGetCurrentTaskHandle                0x080025ef   Thumb Code     6  tasks.o(.text)
    uxTaskResetEventItemValue                0x080025f5   Thumb Code    24  tasks.o(.text)
    ulTaskNotifyTake                         0x0800260d   Thumb Code   108  tasks.o(.text)
    xTaskNotifyWait                          0x08002679   Thumb Code   226  tasks.o(.text)
    xTaskGenericNotify                       0x0800275b   Thumb Code   178  tasks.o(.text)
    xTaskGenericNotifyFromISR                0x0800280d   Thumb Code   228  tasks.o(.text)
    vTaskNotifyGiveFromISR                   0x080028f1   Thumb Code   154  tasks.o(.text)
    xTaskNotifyStateClear                    0x0800298b   Thumb Code    48  tasks.o(.text)
    pxPortInitialiseStack                    0x080029ef   Thumb Code    26  port.o(.text)
    vPortSetupTimerInterrupt                 0x08002a09   Thumb Code    14  port.o(.text)
    xPortStartScheduler                      0x08002a17   Thumb Code    42  port.o(.text)
    vPortEndScheduler                        0x08002a41   Thumb Code     2  port.o(.text)
    vPortEnterCritical                       0x08002a43   Thumb Code    30  port.o(.text)
    vPortExitCritical                        0x08002a61   Thumb Code    28  port.o(.text)
    xPortSysTickHandler                      0x08002a7d   Thumb Code    48  port.o(.text)
    pvPortMalloc                             0x08002ae7   Thumb Code   166  heap_2.o(.text)
    vPortFree                                0x08002b8d   Thumb Code    56  heap_2.o(.text)
    xPortGetFreeHeapSize                     0x08002bc5   Thumb Code     6  heap_2.o(.text)
    vPortInitialiseBlocks                    0x08002bcb   Thumb Code     2  heap_2.o(.text)
    ethernetif_input                         0x08002cb9   Thumb Code    46  ethernetif.o(.text)
    ethernetif_init                          0x08002ce7   Thumb Code    58  ethernetif.o(.text)
    sys_mbox_new                             0x08002d35   Thumb Code    58  sys_arch.o(.text)
    sys_mbox_free                            0x08002d6f   Thumb Code    52  sys_arch.o(.text)
    sys_mbox_post                            0x08002da3   Thumb Code    24  sys_arch.o(.text)
    sys_mbox_trypost                         0x08002dbb   Thumb Code    48  sys_arch.o(.text)
    sys_arch_mbox_fetch                      0x08002deb   Thumb Code    94  sys_arch.o(.text)
    sys_arch_mbox_tryfetch                   0x08002e49   Thumb Code    36  sys_arch.o(.text)
    sys_sem_new                              0x08002e6d   Thumb Code   108  sys_arch.o(.text)
    sys_arch_sem_wait                        0x08002ed9   Thumb Code    82  sys_arch.o(.text)
    sys_sem_signal                           0x08002f2b   Thumb Code    18  sys_arch.o(.text)
    sys_sem_free                             0x08002f3d   Thumb Code    26  sys_arch.o(.text)
    sys_init                                 0x08002f57   Thumb Code    34  sys_arch.o(.text)
    sys_arch_timeouts                        0x08002f79   Thumb Code    42  sys_arch.o(.text)
    sys_arch_protect                         0x08002fa3   Thumb Code    10  sys_arch.o(.text)
    sys_arch_unprotect                       0x08002fad   Thumb Code    10  sys_arch.o(.text)
    sys_thread_new                           0x08002fb7   Thumb Code    86  sys_arch.o(.text)
    sys_assert                               0x0800300d   Thumb Code     8  sys_arch.o(.text)
    etharp_tmr                               0x0800303f   Thumb Code   154  etharp.o(.text)
    etharp_find_addr                         0x080033e3   Thumb Code    92  etharp.o(.text)
    etharp_ip_input                          0x0800343f   Thumb Code    52  etharp.o(.text)
    etharp_arp_input                         0x08003473   Thumb Code   360  etharp.o(.text)
    etharp_request                           0x0800369f   Thumb Code    36  etharp.o(.text)
    etharp_query                             0x080036c3   Thumb Code   404  etharp.o(.text)
    etharp_output                            0x08003857   Thumb Code   216  etharp.o(.text)
    ethernet_input                           0x0800392f   Thumb Code   126  etharp.o(.text)
    dns_setserver                            0x080039b5   Thumb Code    28  dns.o(.text)
    dns_init                                 0x08003b99   Thumb Code    64  dns.o(.text)
    dns_getserver                            0x08003bd9   Thumb Code    28  dns.o(.text)
    dns_tmr                                  0x08003ddb   Thumb Code    14  dns.o(.text)
    dns_gethostbyname                        0x08003ef7   Thumb Code    84  dns.o(.text)
    lwip_init                                0x08003f59   Thumb Code    24  init.o(.text)
    mem_init                                 0x08003fdd   Thumb Code    92  mem.o(.text)
    mem_free                                 0x08004039   Thumb Code   116  mem.o(.text)
    mem_realloc                              0x080040ad   Thumb Code   298  mem.o(.text)
    mem_malloc                               0x080041d7   Thumb Code   366  mem.o(.text)
    mem_calloc                               0x08004345   Thumb Code    60  mem.o(.text)
    memp_init                                0x08004381   Thumb Code   136  memp.o(.text)
    memp_malloc                              0x08004409   Thumb Code   138  memp.o(.text)
    memp_free                                0x08004493   Thumb Code    54  memp.o(.text)
    netif_set_gw                             0x080044dd   Thumb Code    12  netif.o(.text)
    netif_set_netmask                        0x080044e9   Thumb Code    12  netif.o(.text)
    netif_set_ipaddr                         0x080044f5   Thumb Code   110  netif.o(.text)
    netif_set_addr                           0x08004563   Thumb Code    40  netif.o(.text)
    netif_add                                0x0800458b   Thumb Code    96  netif.o(.text)
    netif_set_default                        0x080045eb   Thumb Code     6  netif.o(.text)
    netif_remove                             0x080045f1   Thumb Code    74  netif.o(.text)
    netif_find                               0x0800463b   Thumb Code    64  netif.o(.text)
    netif_set_up                             0x0800467b   Thumb Code    44  netif.o(.text)
    netif_set_down                           0x080046a7   Thumb Code    24  netif.o(.text)
    netif_is_up                              0x080046bf   Thumb Code    12  netif.o(.text)
    pbuf_free                                0x080046e1   Thumb Code    96  pbuf.o(.text)
    pbuf_alloc                               0x08004741   Thumb Code   378  pbuf.o(.text)
    pbuf_realloc                             0x080048bb   Thumb Code   100  pbuf.o(.text)
    pbuf_header                              0x0800491f   Thumb Code   106  pbuf.o(.text)
    pbuf_clen                                0x08004989   Thumb Code    18  pbuf.o(.text)
    pbuf_ref                                 0x0800499b   Thumb Code    10  pbuf.o(.text)
    pbuf_cat                                 0x080049a5   Thumb Code    36  pbuf.o(.text)
    pbuf_chain                               0x080049c9   Thumb Code    22  pbuf.o(.text)
    pbuf_dechain                             0x080049df   Thumb Code    48  pbuf.o(.text)
    pbuf_copy                                0x08004a0f   Thumb Code   100  pbuf.o(.text)
    pbuf_copy_partial                        0x08004a73   Thumb Code   116  pbuf.o(.text)
    pbuf_take                                0x08004ae7   Thumb Code    86  pbuf.o(.text)
    pbuf_coalesce                            0x08004b3d   Thumb Code    56  pbuf.o(.text)
    raw_input                                0x08004b75   Thumb Code   100  raw.o(.text)
    raw_bind                                 0x08004bd9   Thumb Code    16  raw.o(.text)
    raw_connect                              0x08004be9   Thumb Code    16  raw.o(.text)
    raw_recv                                 0x08004bf9   Thumb Code     6  raw.o(.text)
    raw_sendto                               0x08004bff   Thumb Code   150  raw.o(.text)
    raw_send                                 0x08004c95   Thumb Code    18  raw.o(.text)
    raw_remove                               0x08004ca7   Thumb Code    60  raw.o(.text)
    raw_new                                  0x08004ce3   Thumb Code    42  raw.o(.text)
    sys_mbox_fetch                           0x08004d11   Thumb Code   124  sys.o(.text)
    sys_sem_wait                             0x08004d8d   Thumb Code   116  sys.o(.text)
    sys_timeout                              0x08004e01   Thumb Code   144  sys.o(.text)
    sys_untimeout                            0x08004e91   Thumb Code    94  sys.o(.text)
    sys_sem_wait_timeout                     0x08004f03   Thumb Code    58  sys.o(.text)
    sys_msleep                               0x08004f3d   Thumb Code    28  sys.o(.text)
    tcp_seg_free                             0x08004f5d   Thumb Code    32  tcp.o(.text)
    tcp_segs_free                            0x08004f7d   Thumb Code    30  tcp.o(.text)
    tcp_pcb_purge                            0x08004f9b   Thumb Code    54  tcp.o(.text)
    tcp_slowtmr                              0x08004fd1   Thumb Code   678  tcp.o(.text)
    tcp_pcb_remove                           0x08005277   Thumb Code   128  tcp.o(.text)
    tcp_close                                0x080052f7   Thumb Code   272  tcp.o(.text)
    tcp_update_rcv_ann_wnd                   0x08005407   Thumb Code    70  tcp.o(.text)
    tcp_recved                               0x0800544d   Thumb Code    62  tcp.o(.text)
    tcp_recv_null                            0x0800548b   Thumb Code    46  tcp.o(.text)
    tcp_fasttmr                              0x080054b9   Thumb Code   114  tcp.o(.text)
    tcp_tmr                                  0x0800552b   Thumb Code    30  tcp.o(.text)
    tcp_abandon                              0x08005549   Thumb Code   148  tcp.o(.text)
    tcp_bind                                 0x08005645   Thumb Code   218  tcp.o(.text)
    tcp_listen_with_backlog                  0x08005727   Thumb Code   184  tcp.o(.text)
    tcp_eff_send_mss                         0x080057df   Thumb Code    46  tcp.o(.text)
    tcp_next_iss                             0x0800580d   Thumb Code    20  tcp.o(.text)
    tcp_connect                              0x08005821   Thumb Code   294  tcp.o(.text)
    tcp_setprio                              0x08005947   Thumb Code     4  tcp.o(.text)
    tcp_alloc                                0x080059cd   Thumb Code   202  tcp.o(.text)
    tcp_new                                  0x08005a97   Thumb Code    10  tcp.o(.text)
    tcp_arg                                  0x08005aa1   Thumb Code     4  tcp.o(.text)
    tcp_recv                                 0x08005aa5   Thumb Code     6  tcp.o(.text)
    tcp_sent                                 0x08005aab   Thumb Code     6  tcp.o(.text)
    tcp_err                                  0x08005ab1   Thumb Code     6  tcp.o(.text)
    tcp_accept                               0x08005ab7   Thumb Code     4  tcp.o(.text)
    tcp_poll                                 0x08005abb   Thumb Code    10  tcp.o(.text)
    tcp_debug_state_str                      0x08005ac5   Thumb Code    10  tcp.o(.text)
    tcp_input                                0x080068cb   Thumb Code  1296  tcp_in.o(.text)
    tcp_enqueue                              0x08006e9b   Thumb Code   986  tcp_out.o(.text)
    tcp_send_ctrl                            0x08007275   Thumb Code    28  tcp_out.o(.text)
    tcp_write                                0x08007291   Thumb Code    72  tcp_out.o(.text)
    tcp_send_empty_ack                       0x080072d9   Thumb Code   118  tcp_out.o(.text)
    tcp_output                               0x08007435   Thumb Code   462  tcp_out.o(.text)
    tcp_rst                                  0x08007603   Thumb Code   198  tcp_out.o(.text)
    tcp_rexmit_rto                           0x080076c9   Thumb Code    58  tcp_out.o(.text)
    tcp_rexmit                               0x08007703   Thumb Code    80  tcp_out.o(.text)
    tcp_rexmit_fast                          0x08007753   Thumb Code   132  tcp_out.o(.text)
    tcp_keepalive                            0x080077d7   Thumb Code   110  tcp_out.o(.text)
    tcp_zero_window_probe                    0x08007845   Thumb Code   196  tcp_out.o(.text)
    udp_input                                0x0800790d   Thumb Code   562  udp.o(.text)
    udp_bind                                 0x08007b3f   Thumb Code   102  udp.o(.text)
    udp_sendto_if                            0x08007ba5   Thumb Code   248  udp.o(.text)
    udp_sendto                               0x08007c9d   Thumb Code    62  udp.o(.text)
    udp_send                                 0x08007cdb   Thumb Code    20  udp.o(.text)
    udp_connect                              0x08007cef   Thumb Code   104  udp.o(.text)
    udp_disconnect                           0x08007d57   Thumb Code    28  udp.o(.text)
    udp_recv                                 0x08007d73   Thumb Code     6  udp.o(.text)
    udp_remove                               0x08007d79   Thumb Code    60  udp.o(.text)
    udp_new                                  0x08007db5   Thumb Code    28  udp.o(.text)
    icmp_input                               0x08007dd9   Thumb Code   524  icmp.o(.text)
    icmp_dest_unreach                        0x0800805b   Thumb Code    18  icmp.o(.text)
    icmp_time_exceeded                       0x0800806d   Thumb Code    18  icmp.o(.text)
    htonl                                    0x08008085   Thumb Code    26  inet.o(.text)
    inet_aton                                0x0800809f   Thumb Code   336  inet.o(.text)
    inet_addr                                0x080081ef   Thumb Code    24  inet.o(.text)
    inet_ntoa                                0x08008207   Thumb Code   112  inet.o(.text)
    htons                                    0x08008277   Thumb Code    12  inet.o(.text)
    ntohs                                    0x08008283   Thumb Code    12  inet.o(.text)
    ntohl                                    0x0800828f   Thumb Code    12  inet.o(.text)
    inet_chksum_pseudo                       0x080082eb   Thumb Code   162  inet_chksum.o(.text)
    inet_chksum                              0x0800838d   Thumb Code    20  inet_chksum.o(.text)
    inet_chksum_pbuf                         0x080083a1   Thumb Code    86  inet_chksum.o(.text)
    ip_route                                 0x080083f9   Thumb Code    86  ip.o(.text)
    ip_input                                 0x0800844f   Thumb Code   574  ip.o(.text)
    ip_output_if                             0x0800868d   Thumb Code   282  ip.o(.text)
    ip_output                                0x080087a7   Thumb Code    96  ip.o(.text)
    ip_addr_isbroadcast                      0x08008807   Thumb Code    78  ip_addr.o(.text)
    ip_reass_tmr                             0x080088e9   Thumb Code    48  ip_frag.o(.text)
    ip_reass                                 0x08008b2f   Thumb Code   482  ip_frag.o(.text)
    ip_frag                                  0x08008d11   Thumb Code   336  ip_frag.o(.text)
    vlwIPInit                                0x08008e6d   Thumb Code    24  lwipentry.o(.text)
    LwIPEntry                                0x08008e85   Thumb Code   118  lwipentry.o(.text)
    netconn_new_with_proto_and_callback      0x08008f59   Thumb Code    72  api_lib.o(.text)
    netconn_delete                           0x08008fa1   Thumb Code    40  api_lib.o(.text)
    netconn_getaddr                          0x08008fc9   Thumb Code    40  api_lib.o(.text)
    netconn_bind                             0x08008ff1   Thumb Code    36  api_lib.o(.text)
    netconn_connect                          0x08009015   Thumb Code    36  api_lib.o(.text)
    netconn_disconnect                       0x08009039   Thumb Code    26  api_lib.o(.text)
    netconn_listen_with_backlog              0x08009053   Thumb Code    28  api_lib.o(.text)
    netconn_accept                           0x0800906f   Thumb Code    32  api_lib.o(.text)
    netconn_recv                             0x0800908f   Thumb Code   260  api_lib.o(.text)
    netconn_send                             0x08009193   Thumb Code    30  api_lib.o(.text)
    netconn_sendto                           0x080091b1   Thumb Code    36  api_lib.o(.text)
    netconn_write                            0x080091d5   Thumb Code    40  api_lib.o(.text)
    netconn_close                            0x080091fd   Thumb Code    26  api_lib.o(.text)
    netconn_gethostbyname                    0x08009217   Thumb Code    64  api_lib.o(.text)
    netconn_free                             0x0800968f   Thumb Code   114  api_msg.o(.text)
    netconn_alloc                            0x08009701   Thumb Code   106  api_msg.o(.text)
    do_newconn                               0x08009867   Thumb Code    26  api_msg.o(.text)
    do_delconn                               0x08009881   Thumb Code   126  api_msg.o(.text)
    do_bind                                  0x080098ff   Thumb Code   114  api_msg.o(.text)
    do_connect                               0x080099a5   Thumb Code   156  api_msg.o(.text)
    do_disconnect                            0x08009a41   Thumb Code    34  api_msg.o(.text)
    do_listen                                0x08009a63   Thumb Code   160  api_msg.o(.text)
    do_send                                  0x08009b03   Thumb Code   144  api_msg.o(.text)
    do_recv                                  0x08009b93   Thumb Code    50  api_msg.o(.text)
    do_write                                 0x08009bc5   Thumb Code    72  api_msg.o(.text)
    do_getaddr                               0x08009c0d   Thumb Code   172  api_msg.o(.text)
    do_close                                 0x08009cb9   Thumb Code    48  api_msg.o(.text)
    do_gethostbyname                         0x08009d15   Thumb Code    40  api_msg.o(.text)
    netbuf_new                               0x08009d49   Thumb Code    30  netbuf.o(.text)
    netbuf_delete                            0x08009d67   Thumb Code    32  netbuf.o(.text)
    netbuf_alloc                             0x08009d87   Thumb Code    46  netbuf.o(.text)
    netbuf_free                              0x08009db5   Thumb Code    22  netbuf.o(.text)
    netbuf_ref                               0x08009dcb   Thumb Code    62  netbuf.o(.text)
    netbuf_chain                             0x08009e09   Thumb Code    28  netbuf.o(.text)
    netbuf_data                              0x08009e25   Thumb Code    28  netbuf.o(.text)
    netbuf_next                              0x08009e41   Thumb Code    34  netbuf.o(.text)
    netbuf_first                             0x08009e63   Thumb Code     6  netbuf.o(.text)
    lwip_socket_init                         0x08009e69   Thumb Code    24  sockets.o(.text)
    lwip_accept                              0x0800a057   Thumb Code   330  sockets.o(.text)
    lwip_bind                                0x0800a1a1   Thumb Code    98  sockets.o(.text)
    lwip_close                               0x0800a203   Thumb Code    70  sockets.o(.text)
    lwip_connect                             0x0800a249   Thumb Code   140  sockets.o(.text)
    lwip_listen                              0x0800a2d5   Thumb Code    92  sockets.o(.text)
    lwip_recvfrom                            0x0800a331   Thumb Code   468  sockets.o(.text)
    lwip_read                                0x0800a505   Thumb Code    28  sockets.o(.text)
    lwip_recv                                0x0800a521   Thumb Code    34  sockets.o(.text)
    lwip_sendto                              0x0800a543   Thumb Code   168  sockets.o(.text)
    lwip_send                                0x0800a5eb   Thumb Code   122  sockets.o(.text)
    lwip_socket                              0x0800a665   Thumb Code   130  sockets.o(.text)
    lwip_write                               0x0800a6e7   Thumb Code    22  sockets.o(.text)
    lwip_select                              0x0800a7d7   Thumb Code   414  sockets.o(.text)
    lwip_shutdown                            0x0800a975   Thumb Code    14  sockets.o(.text)
    lwip_getpeername                         0x0800a9f9   Thumb Code    22  sockets.o(.text)
    lwip_getsockname                         0x0800aa0f   Thumb Code    22  sockets.o(.text)
    lwip_getsockopt                          0x0800ab61   Thumb Code   324  sockets.o(.text)
    lwip_setsockopt                          0x0800adad   Thumb Code   304  sockets.o(.text)
    lwip_ioctl                               0x0800aedd   Thumb Code   168  sockets.o(.text)
    tcp_timer_needed                         0x0800afb1   Thumb Code    38  tcpip.o(.text)
    tcpip_input                              0x0800b0eb   Thumb Code    72  tcpip.o(.text)
    tcpip_callback_with_block                0x0800b133   Thumb Code    92  tcpip.o(.text)
    tcpip_timeout                            0x0800b18f   Thumb Code    64  tcpip.o(.text)
    tcpip_untimeout                          0x0800b1cf   Thumb Code    56  tcpip.o(.text)
    tcpip_apimsg                             0x0800b207   Thumb Code    52  tcpip.o(.text)
    tcpip_init                               0x0800b23b   Thumb Code    46  tcpip.o(.text)
    pbuf_free_callback                       0x0800b277   Thumb Code    16  tcpip.o(.text)
    mem_free_callback                        0x0800b287   Thumb Code    16  tcpip.o(.text)
    __2printf                                0x0800b2dd   Thumb Code    20  noretval__2printf.o(.text)
    __printf                                 0x0800b2f5   Thumb Code   104  __printf.o(.text)
    _printf_int_hex                          0x0800b35d   Thumb Code    84  _printf_hex_int.o(.text)
    _printf_longlong_hex                     0x0800b35d   Thumb Code     0  _printf_hex_int.o(.text)
    strcpy                                   0x0800b3b5   Thumb Code    72  strcpy.o(.text)
    strlen                                   0x0800b3fd   Thumb Code    62  strlen.o(.text)
    __aeabi_memcpy                           0x0800b43b   Thumb Code     0  rt_memcpy_v6.o(.text)
    __rt_memcpy                              0x0800b43b   Thumb Code   138  rt_memcpy_v6.o(.text)
    _memcpy_lastbytes                        0x0800b4a1   Thumb Code     0  rt_memcpy_v6.o(.text)
    __aeabi_memclr                           0x0800b4c5   Thumb Code     0  rt_memclr.o(.text)
    __rt_memclr                              0x0800b4c5   Thumb Code    68  rt_memclr.o(.text)
    _memset                                  0x0800b4c9   Thumb Code     0  rt_memclr.o(.text)
    __aeabi_memclr4                          0x0800b509   Thumb Code     0  rt_memclr_w.o(.text)
    __aeabi_memclr8                          0x0800b509   Thumb Code     0  rt_memclr_w.o(.text)
    __rt_memclr_w                            0x0800b509   Thumb Code    78  rt_memclr_w.o(.text)
    _memset_w                                0x0800b50d   Thumb Code     0  rt_memclr_w.o(.text)
    strcmp                                   0x0800b559   Thumb Code   128  strcmpv7m.o(.text)
    __use_two_region_memory                  0x0800b5d9   Thumb Code     2  heapauxi.o(.text)
    __rt_heap_escrow                         0x0800b5db   Thumb Code     2  heapauxi.o(.text)
    __rt_heap_expand                         0x0800b5dd   Thumb Code     2  heapauxi.o(.text)
    __aeabi_errno_addr                       0x0800b5e1   Thumb Code     8  rt_errno_addr_intlibspace.o(.text)
    __errno$intlibspace                      0x0800b5e1   Thumb Code     0  rt_errno_addr_intlibspace.o(.text)
    __rt_errno_addr$intlibspace              0x0800b5e1   Thumb Code     0  rt_errno_addr_intlibspace.o(.text)
    _printf_int_common                       0x0800b5e9   Thumb Code   178  _printf_intcommon.o(.text)
    _printf_char_file                        0x0800b69d   Thumb Code    32  _printf_char_file.o(.text)
    __aeabi_memcpy4                          0x0800b6c1   Thumb Code     0  rt_memcpy_w.o(.text)
    __aeabi_memcpy8                          0x0800b6c1   Thumb Code     0  rt_memcpy_w.o(.text)
    __rt_memcpy_w                            0x0800b6c1   Thumb Code   100  rt_memcpy_w.o(.text)
    _memcpy_lastbytes_aligned                0x0800b709   Thumb Code     0  rt_memcpy_w.o(.text)
    __user_libspace                          0x0800b725   Thumb Code     8  libspace.o(.text)
    __user_perproc_libspace                  0x0800b725   Thumb Code     0  libspace.o(.text)
    __user_perthread_libspace                0x0800b725   Thumb Code     0  libspace.o(.text)
    _printf_char_common                      0x0800b737   Thumb Code    32  _printf_char_common.o(.text)
    ferror                                   0x0800b75d   Thumb Code     8  ferror.o(.text)
    _initio                                  0x0800b765   Thumb Code   210  initio.o(.text)
    _terminateio                             0x0800b837   Thumb Code    56  initio.o(.text)
    _sys_open                                0x0800b89d   Thumb Code    20  sys_io.o(.text)
    _sys_close                               0x0800b8b1   Thumb Code    12  sys_io.o(.text)
    _sys_write                               0x0800b8bd   Thumb Code    16  sys_io.o(.text)
    _sys_read                                0x0800b8cd   Thumb Code    14  sys_io.o(.text)
    _sys_istty                               0x0800b8db   Thumb Code    12  sys_io.o(.text)
    _sys_seek                                0x0800b8e7   Thumb Code    14  sys_io.o(.text)
    _sys_ensure                              0x0800b8f5   Thumb Code     2  sys_io.o(.text)
    _sys_flen                                0x0800b8f7   Thumb Code    12  sys_io.o(.text)
    __user_setup_stackheap                   0x0800b903   Thumb Code    74  sys_stackheap_outer.o(.text)
    free                                     0x0800b94d   Thumb Code    78  h1_free.o(.text)
    __flsbuf                                 0x0800b99b   Thumb Code   470  flsbuf.o(.text)
    __flsbuf_byte                            0x0800b99b   Thumb Code     0  flsbuf.o(.text)
    __flsbuf_wide                            0x0800b99b   Thumb Code     0  flsbuf.o(.text)
    setvbuf                                  0x0800bb71   Thumb Code    70  setvbuf.o(.text)
    freopen                                  0x0800bbb9   Thumb Code   158  fopen.o(.text)
    fopen                                    0x0800bc57   Thumb Code    74  fopen.o(.text)
    _fclose_internal                         0x0800bca5   Thumb Code    76  fclose.o(.text)
    fclose                                   0x0800bca5   Thumb Code     0  fclose.o(.text)
    exit                                     0x0800bcf1   Thumb Code    12  exit.o(.text)
    __rt_SIGRTRED                            0x0800bcfd   Thumb Code    14  defsig_rtred_outer.o(.text)
    __I$use$semihosting                      0x0800bd0b   Thumb Code     0  use_no_semi.o(.text)
    __use_no_semihosting_swi                 0x0800bd0b   Thumb Code     2  use_no_semi.o(.text)
    __rt_heap_descriptor                     0x0800bd0d   Thumb Code     8  rt_heap_descriptor_intlibspace.o(.text)
    __semihosting_library_function           0x0800bd0d   Thumb Code     0  indicate_semi.o(.text)
    __use_no_heap                            0x0800bd15   Thumb Code     2  hguard.o(.text)
    __heap$guard                             0x0800bd17   Thumb Code     2  hguard.o(.text)
    _terminate_user_alloc                    0x0800bd19   Thumb Code     2  init_alloc.o(.text)
    _init_user_alloc                         0x0800bd1b   Thumb Code     2  init_alloc.o(.text)
    __Heap_Full                              0x0800bd1d   Thumb Code    34  init_alloc.o(.text)
    __Heap_Broken                            0x0800bd3f   Thumb Code     6  init_alloc.o(.text)
    _init_alloc                              0x0800bd45   Thumb Code    94  init_alloc.o(.text)
    malloc                                   0x0800bda3   Thumb Code    94  h1_alloc.o(.text)
    _fseek                                   0x0800be01   Thumb Code   242  fseek.o(.text)
    fseek                                    0x0800be01   Thumb Code     0  fseek.o(.text)
    _seterr                                  0x0800bef9   Thumb Code    20  stdio.o(.text)
    _writebuf                                0x0800bf0d   Thumb Code    84  stdio.o(.text)
    _fflush                                  0x0800bf61   Thumb Code    70  stdio.o(.text)
    _deferredlazyseek                        0x0800bfa7   Thumb Code    60  stdio.o(.text)
    __sig_exit                               0x0800bfe9   Thumb Code    10  defsig_exit.o(.text)
    __rt_SIGRTRED_inner                      0x0800bff5   Thumb Code    14  defsig_rtred_inner.o(.text)
    _sys_exit                                0x0800c029   Thumb Code     8  sys_exit.o(.text)
    __Heap_Initialize                        0x0800c035   Thumb Code    10  h1_init.o(.text)
    __Heap_DescSize                          0x0800c03f   Thumb Code     4  h1_init.o(.text)
    __Heap_ProvideMemory                     0x0800c043   Thumb Code    52  h1_extend.o(.text)
    _ftell_internal                          0x0800c077   Thumb Code    66  ftell.o(.text)
    ftell                                    0x0800c077   Thumb Code     0  ftell.o(.text)
    __default_signal_display                 0x0800c0b9   Thumb Code    50  defsig_general.o(.text)
    __rt_SIGRTMEM                            0x0800c0eb   Thumb Code    14  defsig_rtmem_outer.o(.text)
    _ttywrch                                 0x0800c0f9   Thumb Code    14  sys_wrch.o(.text)
    __rt_SIGRTMEM_inner                      0x0800c109   Thumb Code    22  defsig_rtmem_inner.o(.text)
    fputc                                    0x0800c159   Thumb Code    26  fputc.o(i.fputc)
    ethbroadcast                             0x0800c172   Data           6  etharp.o(.constdata)
    ethzero                                  0x0800c178   Data           6  etharp.o(.constdata)
    tcp_backoff                              0x0800c1b6   Data          13  tcp.o(.constdata)
    tcp_persist_backoff                      0x0800c1c3   Data           7  tcp.o(.constdata)
    ip_addr_any                              0x0800c1ca   Data           4  ip_addr.o(.constdata)
    ip_addr_broadcast                        0x0800c1ce   Data           4  ip_addr.o(.constdata)
    __stdin_name                             0x0800c238   Data           4  sys_io.o(.constdata)
    __stdout_name                            0x0800c23c   Data           4  sys_io.o(.constdata)
    __stderr_name                            0x0800c240   Data           4  sys_io.o(.constdata)
    Region$$Table$$Base                      0x0800c2bc   Number         0  anon$$obj.o(Region$$Table)
    Region$$Table$$Limit                     0x0800c2dc   Number         0  anon$$obj.o(Region$$Table)
    TCPTimer                                 0x20000000   Data           4  netconfig.o(.data)
    DNSTimer                                 0x20000004   Data           4  netconfig.o(.data)
    ARPTimer                                 0x20000008   Data           4  netconfig.o(.data)
    DHCPfineTimer                            0x2000000c   Data           4  netconfig.o(.data)
    DHCPcoarseTimer                          0x20000010   Data           4  netconfig.o(.data)
    m_mac                                    0x20000014   Data           6  netconfig.o(.data)
    serverIP                                 0x2000001a   Data           4  netconfig.o(.data)
    maskIP                                   0x2000001e   Data           4  netconfig.o(.data)
    gateIP                                   0x20000022   Data           4  netconfig.o(.data)
    SystemCoreClock                          0x2000003c   Data           4  system_stm32f10x.o(.data)
    AHBPrescTable                            0x20000040   Data          16  system_stm32f10x.o(.data)
    pxCurrentTCB                             0x20000050   Data           4  tasks.o(.data)
    netif_list                               0x200000cc   Data           4  netif.o(.data)
    netif_default                            0x200000d0   Data           4  netif.o(.data)
    tcp_state_str                            0x200000dc   Data          44  tcp.o(.data)
    tcp_ticks                                0x20000108   Data           4  tcp.o(.data)
    tcp_bound_pcbs                           0x2000010c   Data           4  tcp.o(.data)
    tcp_listen_pcbs                          0x20000110   Data           4  tcp.o(.data)
    tcp_active_pcbs                          0x20000114   Data           4  tcp.o(.data)
    tcp_tw_pcbs                              0x20000118   Data           4  tcp.o(.data)
    tcp_tmp_pcb                              0x2000011c   Data           4  tcp.o(.data)
    tcp_input_pcb                            0x20000144   Data           4  tcp_in.o(.data)
    udp_pcbs                                 0x20000148   Data           4  udp.o(.data)
    current_netif                            0x2000014c   Data           4  ip.o(.data)
    current_header                           0x20000150   Data           4  ip.o(.data)
    __aeabi_stdin                            0x2000017c   Data           4  stdio_streams.o(.data)
    __aeabi_stdout                           0x20000180   Data           4  stdio_streams.o(.data)
    __aeabi_stderr                           0x20000184   Data           4  stdio_streams.o(.data)
    netif                                    0x20000188   Data          48  netconfig.o(.bss)
    DM9000AEP                                0x200001b8   Data          48  netconfig.o(.bss)
    Data_Buf                                 0x200046b0   Data        1516  ethernetif.o(.bss)
    Tx_Data_Buf                              0x20004c9c   Data        1516  ethernetif.o(.bss)
    lwip_stats                               0x20009108   Data         330  stats.o(.bss)
    __stdin                                  0x200098a8   Data          84  stdio_streams.o(.bss)
    __stdout                                 0x200098fc   Data          84  stdio_streams.o(.bss)
    __stderr                                 0x20009950   Data          84  stdio_streams.o(.bss)
    __libspace_start                         0x200099a4   Data          96  libspace.o(.bss)
    __temporary_stack_top$libspace           0x20009a04   Data           0  libspace.o(.bss)



==============================================================================

Memory Map of the image

  Image Entry point : 0x080000ed

  Load Region LR_IROM1 (Base: 0x08000000, Size: 0x0000c464, Max: 0x00040000, ABSOLUTE, COMPRESSED[0x0000c32c])

    Execution Region ER_IROM1 (Base: 0x08000000, Size: 0x0000c2dc, Max: 0x00040000, ABSOLUTE)

    Base Addr    Size         Type   Attr      Idx    E Section Name        Object

    0x08000000   0x000000ec   Data   RO          283    RESET               cstartup.o
    0x080000ec   0x00000008   Code   RO         1586  * !!!main             c_w.l(__main.o)
    0x080000f4   0x00000034   Code   RO         1946    !!!scatter          c_w.l(__scatter.o)
    0x08000128   0x0000005a   Code   RO         1944    !!dczerorl2         c_w.l(__dczerorl2.o)
    0x08000182   0x00000002   PAD
    0x08000184   0x0000001c   Code   RO         1948    !!handler_zi        c_w.l(__scatter_zi.o)
    0x080001a0   0x00000000   Code   RO         1569    .ARM.Collect$$_printf_percent$$00000000  c_w.l(_printf_percent.o)
    0x080001a0   0x00000006   Code   RO         1568    .ARM.Collect$$_printf_percent$$0000000C  c_w.l(_printf_x.o)
    0x080001a6   0x00000004   Code   RO         1598    .ARM.Collect$$_printf_percent$$00000017  c_w.l(_printf_percent_end.o)
    0x080001aa   0x00000002   Code   RO         1748    .ARM.Collect$$libinit$$00000000  c_w.l(libinit.o)
    0x080001ac   0x00000000   Code   RO         1750    .ARM.Collect$$libinit$$00000002  c_w.l(libinit2.o)
    0x080001ac   0x00000008   Code   RO         1751    .ARM.Collect$$libinit$$00000003  c_w.l(libinit2.o)
    0x080001b4   0x00000000   Code   RO         1753    .ARM.Collect$$libinit$$00000008  c_w.l(libinit2.o)
    0x080001b4   0x00000000   Code   RO         1755    .ARM.Collect$$libinit$$0000000A  c_w.l(libinit2.o)
    0x080001b4   0x00000000   Code   RO         1757    .ARM.Collect$$libinit$$0000000C  c_w.l(libinit2.o)
    0x080001b4   0x00000000   Code   RO         1760    .ARM.Collect$$libinit$$0000000F  c_w.l(libinit2.o)
    0x080001b4   0x00000000   Code   RO         1762    .ARM.Collect$$libinit$$00000011  c_w.l(libinit2.o)
    0x080001b4   0x00000000   Code   RO         1764    .ARM.Collect$$libinit$$00000013  c_w.l(libinit2.o)
    0x080001b4   0x00000000   Code   RO         1766    .ARM.Collect$$libinit$$00000015  c_w.l(libinit2.o)
    0x080001b4   0x00000000   Code   RO         1768    .ARM.Collect$$libinit$$00000017  c_w.l(libinit2.o)
    0x080001b4   0x00000000   Code   RO         1770    .ARM.Collect$$libinit$$00000019  c_w.l(libinit2.o)
    0x080001b4   0x00000000   Code   RO         1772    .ARM.Collect$$libinit$$0000001B  c_w.l(libinit2.o)
    0x080001b4   0x00000000   Code   RO         1774    .ARM.Collect$$libinit$$0000001D  c_w.l(libinit2.o)
    0x080001b4   0x00000000   Code   RO         1776    .ARM.Collect$$libinit$$0000001F  c_w.l(libinit2.o)
    0x080001b4   0x00000000   Code   RO         1778    .ARM.Collect$$libinit$$00000021  c_w.l(libinit2.o)
    0x080001b4   0x00000004   Code   RO         1779    .ARM.Collect$$libinit$$00000022  c_w.l(libinit2.o)
    0x080001b8   0x00000000   Code   RO         1780    .ARM.Collect$$libinit$$00000023  c_w.l(libinit2.o)
    0x080001b8   0x00000000   Code   RO         1784    .ARM.Collect$$libinit$$0000002A  c_w.l(libinit2.o)
    0x080001b8   0x00000000   Code   RO         1786    .ARM.Collect$$libinit$$0000002C  c_w.l(libinit2.o)
    0x080001b8   0x00000000   Code   RO         1788    .ARM.Collect$$libinit$$0000002E  c_w.l(libinit2.o)
    0x080001b8   0x00000000   Code   RO         1790    .ARM.Collect$$libinit$$00000030  c_w.l(libinit2.o)
    0x080001b8   0x00000002   Code   RO         1791    .ARM.Collect$$libinit$$00000031  c_w.l(libinit2.o)
    0x080001ba   0x00000002   Code   RO         1923    .ARM.Collect$$libshutdown$$00000000  c_w.l(libshutdown.o)
    0x080001bc   0x00000004   Code   RO         1793    .ARM.Collect$$libshutdown$$00000002  c_w.l(libshutdown2.o)
    0x080001c0   0x00000000   Code   RO         1794    .ARM.Collect$$libshutdown$$00000003  c_w.l(libshutdown2.o)
    0x080001c0   0x00000000   Code   RO         1797    .ARM.Collect$$libshutdown$$00000006  c_w.l(libshutdown2.o)
    0x080001c0   0x00000000   Code   RO         1800    .ARM.Collect$$libshutdown$$00000009  c_w.l(libshutdown2.o)
    0x080001c0   0x00000000   Code   RO         1802    .ARM.Collect$$libshutdown$$0000000B  c_w.l(libshutdown2.o)
    0x080001c0   0x00000000   Code   RO         1805    .ARM.Collect$$libshutdown$$0000000E  c_w.l(libshutdown2.o)
    0x080001c0   0x00000002   Code   RO         1806    .ARM.Collect$$libshutdown$$0000000F  c_w.l(libshutdown2.o)
    0x080001c2   0x00000000   Code   RO         1588    .ARM.Collect$$rtentry$$00000000  c_w.l(rtentry.o)
    0x080001c2   0x00000000   Code   RO         1613    .ARM.Collect$$rtentry$$00000002  c_w.l(rtentry2.o)
    0x080001c2   0x00000006   Code   RO         1625    .ARM.Collect$$rtentry$$00000004  c_w.l(rtentry4.o)
    0x080001c8   0x00000000   Code   RO         1615    .ARM.Collect$$rtentry$$00000009  c_w.l(rtentry2.o)
    0x080001c8   0x00000004   Code   RO         1616    .ARM.Collect$$rtentry$$0000000A  c_w.l(rtentry2.o)
    0x080001cc   0x00000000   Code   RO         1618    .ARM.Collect$$rtentry$$0000000C  c_w.l(rtentry2.o)
    0x080001cc   0x00000008   Code   RO         1619    .ARM.Collect$$rtentry$$0000000D  c_w.l(rtentry2.o)
    0x080001d4   0x00000002   Code   RO         1812    .ARM.Collect$$rtexit$$00000000  c_w.l(rtexit.o)
    0x080001d6   0x00000000   Code   RO         1866    .ARM.Collect$$rtexit$$00000002  c_w.l(rtexit2.o)
    0x080001d6   0x00000004   Code   RO         1867    .ARM.Collect$$rtexit$$00000003  c_w.l(rtexit2.o)
    0x080001da   0x00000006   Code   RO         1868    .ARM.Collect$$rtexit$$00000004  c_w.l(rtexit2.o)
    0x080001e0   0x00000096   Code   RO          468    .emb_text           port.o
    0x08000276   0x00000002   PAD
    0x08000278   0x00000000   Code   RO         1872    .emb_text           c_w.l(maybetermalloc1.o)
    0x08000278   0x00000048   Code   RO            3    .text               main.o
    0x080002c0   0x000000a0   Code   RO          174    .text               app_led.o
    0x08000360   0x00000138   Code   RO          200    .text               netconfig.o
    0x08000498   0x00000530   Code   RO          259    .text               dm9000x.o
    0x080009c8   0x00000034   Code   RO          284    .text               cstartup.o
    0x080009fc   0x0000035c   Code   RO          290    .text               stm32f10x_gpio.o
    0x08000d58   0x000003a4   Code   RO          310    .text               stm32f10x_rcc.o
    0x080010fc   0x000001e0   Code   RO          332    .text               system_stm32f10x.o
    0x080012dc   0x00000094   Code   RO          404    .text               list.o
    0x08001370   0x000006bc   Code   RO          416    .text               queue.o
    0x08001a2c   0x00000fac   Code   RO          431    .text               tasks.o
    0x080029d8   0x000000e4   Code   RO          469    .text               port.o
    0x08002abc   0x00000124   Code   RO          498    .text               heap_2.o
    0x08002be0   0x00000154   Code   RO          515    .text               ethernetif.o
    0x08002d34   0x000002ec   Code   RO          560    .text               sys_arch.o
    0x08003020   0x00000994   Code   RO          606    .text               etharp.o
    0x080039b4   0x000005a4   Code   RO          692    .text               dns.o
    0x08003f58   0x00000018   Code   RO          710    .text               init.o
    0x08003f70   0x00000410   Code   RO          788    .text               mem.o
    0x08004380   0x0000015c   Code   RO          810    .text               memp.o
    0x080044dc   0x00000204   Code   RO          861    .text               netif.o
    0x080046e0   0x00000494   Code   RO          886    .text               pbuf.o
    0x08004b74   0x0000019c   Code   RO          901    .text               raw.o
    0x08004d10   0x0000024c   Code   RO          930    .text               sys.o
    0x08004f5c   0x00000b94   Code   RO          961    .text               tcp.o
    0x08005af0   0x00001320   Code   RO          982    .text               tcp_in.o
    0x08006e10   0x00000afc   Code   RO         1005    .text               tcp_out.o
    0x0800790c   0x000004cc   Code   RO         1017    .text               udp.o
    0x08007dd8   0x000002ac   Code   RO         1035    .text               icmp.o
    0x08008084   0x0000021c   Code   RO         1053    .text               inet.o
    0x080082a0   0x00000156   Code   RO         1066    .text               inet_chksum.o
    0x080083f6   0x00000002   PAD
    0x080083f8   0x0000040e   Code   RO         1082    .text               ip.o
    0x08008806   0x0000004e   Code   RO         1103    .text               ip_addr.o
    0x08008854   0x00000618   Code   RO         1125    .text               ip_frag.o
    0x08008e6c   0x000000ec   Code   RO         1145    .text               lwipentry.o
    0x08008f58   0x00000330   Code   RO         1256    .text               api_lib.o
    0x08009288   0x00000ac0   Code   RO         1300    .text               api_msg.o
    0x08009d48   0x00000120   Code   RO         1351    .text               netbuf.o
    0x08009e68   0x00001120   Code   RO         1408    .text               sockets.o
    0x0800af88   0x00000354   Code   RO         1465    .text               tcpip.o
    0x0800b2dc   0x00000018   Code   RO         1523    .text               c_w.l(noretval__2printf.o)
    0x0800b2f4   0x00000068   Code   RO         1525    .text               c_w.l(__printf.o)
    0x0800b35c   0x00000058   Code   RO         1530    .text               c_w.l(_printf_hex_int.o)
    0x0800b3b4   0x00000048   Code   RO         1572    .text               c_w.l(strcpy.o)
    0x0800b3fc   0x0000003e   Code   RO         1574    .text               c_w.l(strlen.o)
    0x0800b43a   0x0000008a   Code   RO         1576    .text               c_w.l(rt_memcpy_v6.o)
    0x0800b4c4   0x00000044   Code   RO         1578    .text               c_w.l(rt_memclr.o)
    0x0800b508   0x0000004e   Code   RO         1580    .text               c_w.l(rt_memclr_w.o)
    0x0800b556   0x00000002   PAD
    0x0800b558   0x00000080   Code   RO         1582    .text               c_w.l(strcmpv7m.o)
    0x0800b5d8   0x00000006   Code   RO         1584    .text               c_w.l(heapauxi.o)
    0x0800b5de   0x00000002   PAD
    0x0800b5e0   0x00000008   Code   RO         1592    .text               c_w.l(rt_errno_addr_intlibspace.o)
    0x0800b5e8   0x000000b2   Code   RO         1594    .text               c_w.l(_printf_intcommon.o)
    0x0800b69a   0x00000002   PAD
    0x0800b69c   0x00000024   Code   RO         1596    .text               c_w.l(_printf_char_file.o)
    0x0800b6c0   0x00000064   Code   RO         1607    .text               c_w.l(rt_memcpy_w.o)
    0x0800b724   0x00000008   Code   RO         1609    .text               c_w.l(libspace.o)
    0x0800b72c   0x00000030   Code   RO         1629    .text               c_w.l(_printf_char_common.o)
    0x0800b75c   0x00000008   Code   RO         1633    .text               c_w.l(ferror.o)
    0x0800b764   0x00000138   Code   RO         1639    .text               c_w.l(initio.o)
    0x0800b89c   0x00000066   Code   RO         1647    .text               c_w.l(sys_io.o)
    0x0800b902   0x0000004a   Code   RO         1654    .text               c_w.l(sys_stackheap_outer.o)
    0x0800b94c   0x0000004e   Code   RO         1663    .text               c_w.l(h1_free.o)
    0x0800b99a   0x000001d6   Code   RO         1721    .text               c_w.l(flsbuf.o)
    0x0800bb70   0x00000046   Code   RO         1723    .text               c_w.l(setvbuf.o)
    0x0800bbb6   0x00000002   PAD
    0x0800bbb8   0x000000ec   Code   RO         1726    .text               c_w.l(fopen.o)
    0x0800bca4   0x0000004c   Code   RO         1728    .text               c_w.l(fclose.o)
    0x0800bcf0   0x0000000c   Code   RO         1737    .text               c_w.l(exit.o)
    0x0800bcfc   0x0000000e   Code   RO         1739    .text               c_w.l(defsig_rtred_outer.o)
    0x0800bd0a   0x00000002   Code   RO         1809    .text               c_w.l(use_no_semi.o)
    0x0800bd0c   0x00000000   Code   RO         1811    .text               c_w.l(indicate_semi.o)
    0x0800bd0c   0x00000008   Code   RO         1819    .text               c_w.l(rt_heap_descriptor_intlibspace.o)
    0x0800bd14   0x00000004   Code   RO         1821    .text               c_w.l(hguard.o)
    0x0800bd18   0x0000008a   Code   RO         1823    .text               c_w.l(init_alloc.o)
    0x0800bda2   0x0000005e   Code   RO         1829    .text               c_w.l(h1_alloc.o)
    0x0800be00   0x000000f8   Code   RO         1845    .text               c_w.l(fseek.o)
    0x0800bef8   0x000000f0   Code   RO         1847    .text               c_w.l(stdio.o)
    0x0800bfe8   0x0000000a   Code   RO         1853    .text               c_w.l(defsig_exit.o)
    0x0800bff2   0x00000002   PAD
    0x0800bff4   0x00000034   Code   RO         1855    .text               c_w.l(defsig_rtred_inner.o)
    0x0800c028   0x0000000c   Code   RO         1863    .text               c_w.l(sys_exit.o)
    0x0800c034   0x0000000e   Code   RO         1874    .text               c_w.l(h1_init.o)
    0x0800c042   0x00000034   Code   RO         1876    .text               c_w.l(h1_extend.o)
    0x0800c076   0x00000042   Code   RO         1886    .text               c_w.l(ftell.o)
    0x0800c0b8   0x00000032   Code   RO         1894    .text               c_w.l(defsig_general.o)
    0x0800c0ea   0x0000000e   Code   RO         1896    .text               c_w.l(defsig_rtmem_outer.o)
    0x0800c0f8   0x0000000e   Code   RO         1909    .text               c_w.l(sys_wrch.o)
    0x0800c106   0x00000002   PAD
    0x0800c108   0x00000050   Code   RO         1917    .text               c_w.l(defsig_rtmem_inner.o)
    0x0800c158   0x0000001a   Code   RO         1636    i.fputc             c_w.l(fputc.o)
    0x0800c172   0x0000000c   Data   RO          608    .constdata          etharp.o
    0x0800c17e   0x00000038   Data   RO          812    .constdata          memp.o
    0x0800c1b6   0x00000014   Data   RO          962    .constdata          tcp.o
    0x0800c1ca   0x00000008   Data   RO         1104    .constdata          ip_addr.o
    0x0800c1d2   0x00000002   PAD
    0x0800c1d4   0x0000003c   Data   RO         1410    .constdata          sockets.o
    0x0800c210   0x00000028   Data   RO         1531    .constdata          c_w.l(_printf_hex_int.o)
    0x0800c238   0x00000004   Data   RO         1648    .constdata          c_w.l(sys_io.o)
    0x0800c23c   0x00000004   Data   RO         1649    .constdata          c_w.l(sys_io.o)
    0x0800c240   0x00000004   Data   RO         1650    .constdata          c_w.l(sys_io.o)
    0x0800c244   0x00000075   Data   RO          963    .conststring        tcp.o
    0x0800c2b9   0x00000003   PAD
    0x0800c2bc   0x00000020   Data   RO         1942    Region$$Table       anon$$obj.o


    Execution Region RW_IRAM1 (Base: 0x20000000, Size: 0x00009c08, Max: 0x0000c000, ABSOLUTE, COMPRESSED[0x00000050])

    Base Addr    Size         Type   Attr      Idx    E Section Name        Object

    0x20000000   0x00000026   Data   RW          202    .data               netconfig.o
    0x20000026   0x00000014   Data   RW          311    .data               stm32f10x_rcc.o
    0x2000003a   0x00000002   PAD
    0x2000003c   0x00000014   Data   RW          333    .data               system_stm32f10x.o
    0x20000050   0x0000003c   Data   RW          433    .data               tasks.o
    0x2000008c   0x00000004   Data   RW          470    .data               port.o
    0x20000090   0x00000018   Data   RW          500    .data               heap_2.o
    0x200000a8   0x00000002   Data   RW          562    .data               sys_arch.o
    0x200000aa   0x00000001   Data   RW          609    .data               etharp.o
    0x200000ab   0x00000001   PAD
    0x200000ac   0x0000000d   Data   RW          694    .data               dns.o
    0x200000b9   0x00000003   PAD
    0x200000bc   0x00000010   Data   RW          790    .data               mem.o
    0x200000cc   0x00000009   Data   RW          862    .data               netif.o
    0x200000d5   0x00000003   PAD
    0x200000d8   0x00000004   Data   RW          902    .data               raw.o
    0x200000dc   0x0000004c   Data   RW          964    .data               tcp.o
    0x20000128   0x00000020   Data   RW          984    .data               tcp_in.o
    0x20000148   0x00000004   Data   RW         1018    .data               udp.o
    0x2000014c   0x0000000a   Data   RW         1083    .data               ip.o
    0x20000156   0x00000002   PAD
    0x20000158   0x00000006   Data   RW         1127    .data               ip_frag.o
    0x2000015e   0x00000002   PAD
    0x20000160   0x0000000c   Data   RW         1411    .data               sockets.o
    0x2000016c   0x00000010   Data   RW         1466    .data               tcpip.o
    0x2000017c   0x00000004   Data   RW         1604    .data               c_w.l(stdio_streams.o)
    0x20000180   0x00000004   Data   RW         1605    .data               c_w.l(stdio_streams.o)
    0x20000184   0x00000004   Data   RW         1606    .data               c_w.l(stdio_streams.o)
    0x20000188   0x00000060   Zero   RW          201    .bss                netconfig.o
    0x200001e8   0x000000c8   Zero   RW          432    .bss                tasks.o
    0x200002b0   0x00004400   Zero   RW          499    .bss                heap_2.o
    0x200046b0   0x00000bd8   Zero   RW          516    .bss                ethernetif.o
    0x20005288   0x00000028   Zero   RW          561    .bss                sys_arch.o
    0x200052b0   0x000000c8   Zero   RW          607    .bss                etharp.o
    0x20005378   0x00000660   Zero   RW          693    .bss                dns.o
    0x200059d8   0x000007e4   Zero   RW          789    .bss                mem.o
    0x200061bc   0x00002f4b   Zero   RW          811    .bss                memp.o
    0x20009107   0x00000001   PAD
    0x20009108   0x0000014a   Zero   RW          918    .bss                stats.o
    0x20009252   0x00000002   PAD
    0x20009254   0x00000014   Zero   RW          983    .bss                tcp_in.o
    0x20009268   0x00000010   Zero   RW         1054    .bss                inet.o
    0x20009278   0x000005e0   Zero   RW         1126    .bss                ip_frag.o
    0x20009858   0x00000050   Zero   RW         1409    .bss                sockets.o
    0x200098a8   0x00000054   Zero   RW         1601    .bss                c_w.l(stdio_streams.o)
    0x200098fc   0x00000054   Zero   RW         1602    .bss                c_w.l(stdio_streams.o)
    0x20009950   0x00000054   Zero   RW         1603    .bss                c_w.l(stdio_streams.o)
    0x200099a4   0x00000060   Zero   RW         1610    .bss                c_w.l(libspace.o)
    0x20009a04   0x00000004   PAD
    0x20009a08   0x00000000   Zero   RW          282    HEAP                cstartup.o
    0x20009a08   0x00000200   Zero   RW          281    STACK               cstartup.o


==============================================================================

Image component sizes


      Code (inc. data)   RO Data    RW Data    ZI Data      Debug   Object Name

       816         50          0          0          0      19376   api_lib.o
      2752         38          0          0          0      23244   api_msg.o
       160          6          0          0          0       1357   app_led.o
        52         18        236          0        512        792   cstartup.o
      1328        130          0          0          0       4630   dm9000x.o
      1444         58          0         13       1632       6133   dns.o
      2452         38         12          1        200      17577   etharp.o
       340         20          0          0       3032       3957   ethernetif.o
         0          0          0          0          0       9524   event_groups.o
       292         20          0         24      17408       3128   heap_2.o
       684          6          0          0          0       2526   icmp.o
       540         12          0          0         16       3132   inet.o
       342          0          0          0          0       5158   inet_chksum.o
        24          0          0          0          0       2592   init.o
      1038         26          0         10          0       5850   ip.o
        78          0          8          0          0       5405   ip_addr.o
      1560         24          0          6       1504       6376   ip_frag.o
       148          0          0          0          0       1806   list.o
       236         94          0          0          0      19295   lwipentry.o
        72         16          0          0          0     248482   main.o
      1040         26          0         16       2020       3718   mem.o
       348         20         56          0      12107       2330   memp.o
       288          0          0          0          0       6413   netbuf.o
       312         36          0         38         96      15236   netconfig.o
       516         22          0          9          0       5228   netif.o
      1172          0          0          0          0       5296   pbuf.o
       378         28          0          4          0       6976   port.o
      1724         10          0          0          0      10222   queue.o
       412          4          0          4          0       3973   raw.o
      4384         60         60         12         80      37246   sockets.o
         0          0          0          0        330       3313   stats.o
       860         38          0          0          0       5589   stm32f10x_gpio.o
       932         36          0         20          0       8748   stm32f10x_rcc.o
       588          4          0          0          0       3232   sys.o
       748         12          0          2         40       7934   sys_arch.o
       480         38          0         20          0       1807   system_stm32f10x.o
      4012        258          0         60        200      26249   tasks.o
      2964        120        137         76          0      17728   tcp.o
      4896        214          0         32         20      13180   tcp_in.o
      2812         26          0          0          0       6882   tcp_out.o
       852         76          0         16          0      20836   tcpip.o
      1228         16          0          4          0       6229   udp.o

    ----------------------------------------------------------------------
     45308       1600        546        380      39200     608705   Object Totals
         0          0         32          0          0          0   (incl. Generated)
         4          0          5         13          3          0   (incl. Padding)

    ----------------------------------------------------------------------

      Code (inc. data)   RO Data    RW Data    ZI Data      Debug   Library Member Name

        90          0          0          0          0          0   __dczerorl2.o
         8          0          0          0          0         68   __main.o
       104          0          0          0          0         84   __printf.o
        52          8          0          0          0          0   __scatter.o
        28          0          0          0          0          0   __scatter_zi.o
        48          6          0          0          0         96   _printf_char_common.o
        36          4          0          0          0         80   _printf_char_file.o
        88          4         40          0          0         88   _printf_hex_int.o
       178          0          0          0          0         88   _printf_intcommon.o
         0          0          0          0          0          0   _printf_percent.o
         4          0          0          0          0          0   _printf_percent_end.o
         6          0          0          0          0          0   _printf_x.o
        10          0          0          0          0         68   defsig_exit.o
        50          0          0          0          0         88   defsig_general.o
        80         58          0          0          0         76   defsig_rtmem_inner.o
        14          0          0          0          0         80   defsig_rtmem_outer.o
        52         38          0          0          0         76   defsig_rtred_inner.o
        14          0          0          0          0         80   defsig_rtred_outer.o
        12          0          0          0          0         72   exit.o
        76          0          0          0          0         88   fclose.o
         8          0          0          0          0         68   ferror.o
       470          0          0          0          0         88   flsbuf.o
       236          4          0          0          0        128   fopen.o
        26          0          0          0          0         68   fputc.o
       248          6          0          0          0         84   fseek.o
        66          0          0          0          0         76   ftell.o
        94          0          0          0          0         80   h1_alloc.o
        52          0          0          0          0         68   h1_extend.o
        78          0          0          0          0         80   h1_free.o
        14          0          0          0          0         84   h1_init.o
         6          0          0          0          0        152   heapauxi.o
         4          0          0          0          0        136   hguard.o
         0          0          0          0          0          0   indicate_semi.o
       138          0          0          0          0        168   init_alloc.o
       312         46          0          0          0        112   initio.o
         2          0          0          0          0          0   libinit.o
        14          0          0          0          0          0   libinit2.o
         2          0          0          0          0          0   libshutdown.o
         6          0          0          0          0          0   libshutdown2.o
         8          4          0          0         96         68   libspace.o
         0          0          0          0          0          0   maybetermalloc1.o
        24          4          0          0          0         84   noretval__2printf.o
         8          4          0          0          0         68   rt_errno_addr_intlibspace.o
         8          4          0          0          0         68   rt_heap_descriptor_intlibspace.o
        68          0          0          0          0         68   rt_memclr.o
        78          0          0          0          0         80   rt_memclr_w.o
       138          0          0          0          0         68   rt_memcpy_v6.o
       100          0          0          0          0         80   rt_memcpy_w.o
         0          0          0          0          0          0   rtentry.o
        12          0          0          0          0          0   rtentry2.o
         6          0          0          0          0          0   rtentry4.o
         2          0          0          0          0          0   rtexit.o
        10          0          0          0          0          0   rtexit2.o
        70          0          0          0          0         80   setvbuf.o
       240          6          0          0          0        156   stdio.o
         0          0          0         12        252          0   stdio_streams.o
       128          0          0          0          0         68   strcmpv7m.o
        72          0          0          0          0         80   strcpy.o
        62          0          0          0          0         76   strlen.o
        12          4          0          0          0         68   sys_exit.o
       102          0         12          0          0        240   sys_io.o
        74          0          0          0          0         80   sys_stackheap_outer.o
        14          0          0          0          0         76   sys_wrch.o
         2          0          0          0          0         68   use_no_semi.o

    ----------------------------------------------------------------------
      3978        200         52         12        352       4100   Library Totals
        14          0          0          0          4          0   (incl. Padding)

    ----------------------------------------------------------------------

      Code (inc. data)   RO Data    RW Data    ZI Data      Debug   Library Name

      3964        200         52         12        348       4100   c_w.l

    ----------------------------------------------------------------------
      3978        200         52         12        352       4100   Library Totals

    ----------------------------------------------------------------------

==============================================================================


      Code (inc. data)   RO Data    RW Data    ZI Data      Debug   

     49286       1800        598        392      39552     607289   Grand Totals
     49286       1800        598         80      39552     607289   ELF Image Totals (compressed)
     49286       1800        598         80          0          0   ROM Totals

==============================================================================

    Total RO  Size (Code + RO Data)                49884 (  48.71kB)
    Total RW  Size (RW Data + ZI Data)             39944 (  39.01kB)
    Total ROM Size (Code + RO Data + RW Data)      49964 (  48.79kB)

==============================================================================

