<html>
<body>
<pre>
<h1>µVision Build Log</h1>
<h2>Project:</h2>
C:\Users\Administrator\projects\glow-tube-clock\software\Project\OS.uvproj
Project File Date:  05/17/2016

<h2>Output:</h2>
Build target 'FreeRTOS'
compiling pbuf.c...
..\Lwip-1.3.2\src\core\pbuf.c(916): warning:  #550-D: variable "err" was set but never used
    err_t err;
..\Lwip-1.3.2\src\core\pbuf.c: 1 warning, 0 errors
linking...
Program Size: Code=38744 RO-data=600 RW-data=336 ZI-data=40416  
FromELF: creating hex file...
".\Obj\OS.axf" - 0 Error(s), 1 Warning(s).
</pre>
</body>
</html>
0x_exti.c...
compiling croutine.c...
compiling event_groups.c...
compiling list.c...
compiling queue.c...
..\FreeRTOS\queue.c(472): warning:  #177-D: function "prvInitialiseMutex" was declared but never referenced
  static void prvInitialiseMutex( Queue_t *pxNewQueue )
..\FreeRTOS\queue.c: 1 warning, 0 errors
compiling tasks.c...
compiling timers.c...
compiling port.c...
compiling heap_2.c...
compiling ethernetif.c...
compiling sys_arch.c...
compiling etharp.c...
compiling dhcp.c...
compiling dns.c...
compiling init.c...
compiling mem.c...
compiling memp.c...
compiling netif.c...
compiling pbuf.c...
..\Lwip-1.3.2\src\core\pbuf.c(916): warning:  #550-D: variable "err" was set but never used
    err_t err;
..\Lwip-1.3.2\src\core\pbuf.c: 1 warning, 0 errors
compiling raw.c...
compiling stats.c...
compiling sys.c...
compiling tcp.c...
compiling tcp_in.c...
compiling tcp_out.c...
compiling udp.c...
compiling icmp.c...
compiling igmp.c...
compiling inet.c...
compiling inet_chksum.c...
compiling ip.c...
compiling ip_addr.c...
compiling ip_frag.c...
compiling LwIPEntry.c...
compiling api_lib.c...
compiling api_msg.c...
compiling err.c...
compiling netbuf.c...
compiling netdb.c...
compiling netifapi.c...
compiling sockets.c...
compiling tcpip.c...
linking...
Program Size: Code=38744 RO-data=600 RW-data=336 ZI-data=40416  
FromELF: creating hex file...
".\Obj\OS.axf" - 0 Error(s), 2 Warning(s).
