<!doctype html public "-//w3c//dtd html 4.0 transitional//en">
<html><head>
<title>Static Call Graph - [.\Obj\OS.axf]</title></head>
<body><HR>
<H1>Static Call Graph for image .\Obj\OS.axf</H1><HR>
<BR><P>#&#060CALLGRAPH&#062# ARM Linker, 5040049: Last Updated: Wed May 04 20:36:19 2016
<BR><P>
<H3>Maximum Stack Usage =        688 bytes + Unknown(Functions without stacksize, Cycles, Untraceable Function Pointers)</H3><H3>
Call chain for Maximum Stack Depth:</H3>
tcpip_thread &rArr; ethernet_input &rArr; ip_input &rArr; tcp_input &rArr; tcp_listen_input &rArr; tcp_alloc &rArr; tcp_kill_prio &rArr; tcp_abandon &rArr; tcp_pcb_remove &rArr; tcp_output &rArr; tcp_output_segment &rArr; ip_output &rArr; ip_output_if &rArr; ip_frag &rArr; pbuf_alloc &rArr; pbuf_free &rArr; mem_free &rArr; sys_arch_sem_wait &rArr; xQueueGenericReceive &rArr; vTaskPlaceOnEventList &rArr; prvAddCurrentTaskToDelayedList &rArr; vListInsert
<P>
<H3>
Functions with no stack information
</H3><UL>
 <LI><a href="#[1d6]">__user_initial_stackheap</a>
</UL>
</UL>
<P>
<H3>
Mutually Recursive functions
</H3> <LI><a href="#[4]">NMI_Handler</a>&nbsp;&nbsp;&nbsp;&rArr;&nbsp;&nbsp;&nbsp;<a href="#[4]">NMI_Handler</a><BR>
 <LI><a href="#[5]">HardFault_Handler</a>&nbsp;&nbsp;&nbsp;&rArr;&nbsp;&nbsp;&nbsp;<a href="#[5]">HardFault_Handler</a><BR>
 <LI><a href="#[6]">MemManage_Handler</a>&nbsp;&nbsp;&nbsp;&rArr;&nbsp;&nbsp;&nbsp;<a href="#[6]">MemManage_Handler</a><BR>
 <LI><a href="#[7]">BusFault_Handler</a>&nbsp;&nbsp;&nbsp;&rArr;&nbsp;&nbsp;&nbsp;<a href="#[7]">BusFault_Handler</a><BR>
 <LI><a href="#[8]">UsageFault_Handler</a>&nbsp;&nbsp;&nbsp;&rArr;&nbsp;&nbsp;&nbsp;<a href="#[8]">UsageFault_Handler</a><BR>
 <LI><a href="#[a]">DebugMon_Handler</a>&nbsp;&nbsp;&nbsp;&rArr;&nbsp;&nbsp;&nbsp;<a href="#[a]">DebugMon_Handler</a><BR>
 <LI><a href="#[1f]">ADC_IRQHandler</a>&nbsp;&nbsp;&nbsp;&rArr;&nbsp;&nbsp;&nbsp;<a href="#[1f]">ADC_IRQHandler</a><BR>
 <LI><a href="#[198]">netconn_delete</a>&nbsp;&nbsp;&nbsp;&rArr;&nbsp;&nbsp;&nbsp;<a href="#[19b]">netconn_free</a><BR>
</UL>
<P>
<H3>
Function Pointers
</H3><UL>
 <LI><a href="#[1f]">ADC_IRQHandler</a> from cstartup.o(.text) referenced from cstartup.o(RESET)
 <LI><a href="#[7]">BusFault_Handler</a> from cstartup.o(.text) referenced from cstartup.o(RESET)
 <LI><a href="#[22]">CAN_RX1_IRQHandler</a> from cstartup.o(.text) referenced from cstartup.o(RESET)
 <LI><a href="#[23]">CAN_SCE_IRQHandler</a> from cstartup.o(.text) referenced from cstartup.o(RESET)
 <LI><a href="#[18]">DMAChannel1_IRQHandler</a> from cstartup.o(.text) referenced from cstartup.o(RESET)
 <LI><a href="#[19]">DMAChannel2_IRQHandler</a> from cstartup.o(.text) referenced from cstartup.o(RESET)
 <LI><a href="#[1a]">DMAChannel3_IRQHandler</a> from cstartup.o(.text) referenced from cstartup.o(RESET)
 <LI><a href="#[1b]">DMAChannel4_IRQHandler</a> from cstartup.o(.text) referenced from cstartup.o(RESET)
 <LI><a href="#[1c]">DMAChannel5_IRQHandler</a> from cstartup.o(.text) referenced from cstartup.o(RESET)
 <LI><a href="#[1d]">DMAChannel6_IRQHandler</a> from cstartup.o(.text) referenced from cstartup.o(RESET)
 <LI><a href="#[1e]">DMAChannel7_IRQHandler</a> from cstartup.o(.text) referenced from cstartup.o(RESET)
 <LI><a href="#[a]">DebugMon_Handler</a> from cstartup.o(.text) referenced from cstartup.o(RESET)
 <LI><a href="#[13]">EXTI0_IRQHandler</a> from cstartup.o(.text) referenced from cstartup.o(RESET)
 <LI><a href="#[35]">EXTI15_10_IRQHandler</a> from cstartup.o(.text) referenced from cstartup.o(RESET)
 <LI><a href="#[14]">EXTI1_IRQHandler</a> from cstartup.o(.text) referenced from cstartup.o(RESET)
 <LI><a href="#[15]">EXTI2_IRQHandler</a> from cstartup.o(.text) referenced from cstartup.o(RESET)
 <LI><a href="#[16]">EXTI3_IRQHandler</a> from cstartup.o(.text) referenced from cstartup.o(RESET)
 <LI><a href="#[17]">EXTI4_IRQHandler</a> from cstartup.o(.text) referenced from cstartup.o(RESET)
 <LI><a href="#[24]">EXTI9_5_IRQHandler</a> from cstartup.o(.text) referenced from cstartup.o(RESET)
 <LI><a href="#[11]">FLASH_IRQHandler</a> from cstartup.o(.text) referenced from cstartup.o(RESET)
 <LI><a href="#[5]">HardFault_Handler</a> from cstartup.o(.text) referenced from cstartup.o(RESET)
 <LI><a href="#[2d]">I2C1_ER_IRQHandler</a> from cstartup.o(.text) referenced from cstartup.o(RESET)
 <LI><a href="#[2c]">I2C1_EV_IRQHandler</a> from cstartup.o(.text) referenced from cstartup.o(RESET)
 <LI><a href="#[2f]">I2C2_ER_IRQHandler</a> from cstartup.o(.text) referenced from cstartup.o(RESET)
 <LI><a href="#[2e]">I2C2_EV_IRQHandler</a> from cstartup.o(.text) referenced from cstartup.o(RESET)
 <LI><a href="#[6]">MemManage_Handler</a> from cstartup.o(.text) referenced from cstartup.o(RESET)
 <LI><a href="#[4]">NMI_Handler</a> from cstartup.o(.text) referenced from cstartup.o(RESET)
 <LI><a href="#[e]">PVD_IRQHandler</a> from cstartup.o(.text) referenced from cstartup.o(RESET)
 <LI><a href="#[12]">RCC_IRQHandler</a> from cstartup.o(.text) referenced from cstartup.o(RESET)
 <LI><a href="#[36]">RTCAlarm_IRQHandler</a> from cstartup.o(.text) referenced from cstartup.o(RESET)
 <LI><a href="#[10]">RTC_IRQHandler</a> from cstartup.o(.text) referenced from cstartup.o(RESET)
 <LI><a href="#[3]">Reset_Handler</a> from cstartup.o(.text) referenced from cstartup.o(RESET)
 <LI><a href="#[30]">SPI1_IRQHandler</a> from cstartup.o(.text) referenced from cstartup.o(RESET)
 <LI><a href="#[31]">SPI2_IRQHandler</a> from cstartup.o(.text) referenced from cstartup.o(RESET)
 <LI><a href="#[f]">TAMPER_IRQHandler</a> from cstartup.o(.text) referenced from cstartup.o(RESET)
 <LI><a href="#[25]">TIM1_BRK_IRQHandler</a> from cstartup.o(.text) referenced from cstartup.o(RESET)
 <LI><a href="#[28]">TIM1_CC_IRQHandler</a> from cstartup.o(.text) referenced from cstartup.o(RESET)
 <LI><a href="#[27]">TIM1_TRG_COM_IRQHandler</a> from cstartup.o(.text) referenced from cstartup.o(RESET)
 <LI><a href="#[26]">TIM1_UP_IRQHandler</a> from cstartup.o(.text) referenced from cstartup.o(RESET)
 <LI><a href="#[29]">TIM2_IRQHandler</a> from cstartup.o(.text) referenced from cstartup.o(RESET)
 <LI><a href="#[2a]">TIM3_IRQHandler</a> from cstartup.o(.text) referenced from cstartup.o(RESET)
 <LI><a href="#[2b]">TIM4_IRQHandler</a> from cstartup.o(.text) referenced from cstartup.o(RESET)
 <LI><a href="#[32]">USART1_IRQHandler</a> from cstartup.o(.text) referenced from cstartup.o(RESET)
 <LI><a href="#[33]">USART2_IRQHandler</a> from cstartup.o(.text) referenced from cstartup.o(RESET)
 <LI><a href="#[34]">USART3_IRQHandler</a> from cstartup.o(.text) referenced from cstartup.o(RESET)
 <LI><a href="#[37]">USBWakeUp_IRQHandler</a> from cstartup.o(.text) referenced from cstartup.o(RESET)
 <LI><a href="#[20]">USB_HP_CAN_TX_IRQHandler</a> from cstartup.o(.text) referenced from cstartup.o(RESET)
 <LI><a href="#[21]">USB_LP_CAN_RX0_IRQHandler</a> from cstartup.o(.text) referenced from cstartup.o(RESET)
 <LI><a href="#[81]">Udp_Receive</a> from netconfig.o(.text) referenced from netconfig.o(.text)
 <LI><a href="#[8]">UsageFault_Handler</a> from cstartup.o(.text) referenced from cstartup.o(RESET)
 <LI><a href="#[d]">WWDG_IRQHandler</a> from cstartup.o(.text) referenced from cstartup.o(RESET)
 <LI><a href="#[63]">__main</a> from __main.o(!!!main) referenced from cstartup.o(.text)
 <LI><a href="#[57]">accept_function</a> from api_msg.o(.text) referenced from api_msg.o(.text)
 <LI><a href="#[5e]">arp_timer</a> from tcpip.o(.text) referenced from tcpip.o(.text)
 <LI><a href="#[40]">dns_recv</a> from dns.o(.text) referenced from dns.o(.text)
 <LI><a href="#[5f]">dns_timer</a> from tcpip.o(.text) referenced from tcpip.o(.text)
 <LI><a href="#[47]">do_bind</a> from api_msg.o(.text) referenced from api_lib.o(.text)
 <LI><a href="#[4e]">do_close</a> from api_msg.o(.text) referenced from api_lib.o(.text)
 <LI><a href="#[48]">do_connect</a> from api_msg.o(.text) referenced from api_lib.o(.text)
 <LI><a href="#[56]">do_connected</a> from api_msg.o(.text) referenced from api_msg.o(.text)
 <LI><a href="#[45]">do_delconn</a> from api_msg.o(.text) referenced from api_lib.o(.text)
 <LI><a href="#[49]">do_disconnect</a> from api_msg.o(.text) referenced from api_lib.o(.text)
 <LI><a href="#[58]">do_dns_found</a> from api_msg.o(.text) referenced from api_msg.o(.text)
 <LI><a href="#[46]">do_getaddr</a> from api_msg.o(.text) referenced from api_lib.o(.text)
 <LI><a href="#[4f]">do_gethostbyname</a> from api_msg.o(.text) referenced from api_lib.o(.text)
 <LI><a href="#[4a]">do_listen</a> from api_msg.o(.text) referenced from api_lib.o(.text)
 <LI><a href="#[44]">do_newconn</a> from api_msg.o(.text) referenced from api_lib.o(.text)
 <LI><a href="#[4b]">do_recv</a> from api_msg.o(.text) referenced from api_lib.o(.text)
 <LI><a href="#[4c]">do_send</a> from api_msg.o(.text) referenced from api_lib.o(.text)
 <LI><a href="#[4d]">do_write</a> from api_msg.o(.text) referenced from api_lib.o(.text)
 <LI><a href="#[52]">err_tcp</a> from api_msg.o(.text) referenced from api_msg.o(.text)
 <LI><a href="#[3e]">etharp_output</a> from etharp.o(.text) referenced from ethernetif.o(.text)
 <LI><a href="#[3a]">ethernetif_init</a> from ethernetif.o(.text) referenced from netconfig.o(.text)
 <LI><a href="#[39]">ethernetif_input</a> from ethernetif.o(.text) referenced 2 times from netconfig.o(.text)
 <LI><a href="#[59]">event_callback</a> from sockets.o(.text) referenced 3 times from sockets.o(.text)
 <LI><a href="#[5d]">ip_reass_timer</a> from tcpip.o(.text) referenced from tcpip.o(.text)
 <LI><a href="#[3f]">low_level_output</a> from ethernetif.o(.text) referenced from ethernetif.o(.text)
 <LI><a href="#[5a]">lwip_getsockopt_internal</a> from sockets.o(.text) referenced from sockets.o(.text)
 <LI><a href="#[5b]">lwip_setsockopt_internal</a> from sockets.o(.text) referenced from sockets.o(.text)
 <LI><a href="#[62]">mem_free</a> from mem.o(.text) referenced from tcpip.o(.text)
 <LI><a href="#[61]">pbuf_free_int</a> from tcpip.o(.text) referenced from tcpip.o(.text)
 <LI><a href="#[41]">pbuf_free_ooseq</a> from pbuf.o(.text) referenced from pbuf.o(.text)
 <LI><a href="#[51]">poll_tcp</a> from api_msg.o(.text) referenced from api_msg.o(.text)
 <LI><a href="#[3c]">prvIdleTask</a> from tasks.o(.text) referenced from tasks.o(.text)
 <LI><a href="#[3d]">prvTaskExitError</a> from port.o(.text) referenced from port.o(.text)
 <LI><a href="#[54]">recv_raw</a> from api_msg.o(.text) referenced from api_msg.o(.text)
 <LI><a href="#[53]">recv_tcp</a> from api_msg.o(.text) referenced from api_msg.o(.text)
 <LI><a href="#[55]">recv_udp</a> from api_msg.o(.text) referenced from api_msg.o(.text)
 <LI><a href="#[50]">sent_tcp</a> from api_msg.o(.text) referenced from api_msg.o(.text)
 <LI><a href="#[42]">sswt_handler</a> from sys.o(.text) referenced from sys.o(.text)
 <LI><a href="#[43]">tcp_accept_null</a> from tcp.o(.text) referenced from tcp.o(.text)
 <LI><a href="#[158]">tcp_recv_null</a> from tcp.o(.text) referenced from tcp.o(.text)
 <LI><a href="#[5c]">tcpip_tcp_timer</a> from tcpip.o(.text) referenced from tcpip.o(.text)
 <LI><a href="#[60]">tcpip_thread</a> from tcpip.o(.text) referenced from tcpip.o(.text)
 <LI><a href="#[38]">vLedTask</a> from app_led.o(.text) referenced from main.o(.text)
 <LI><a href="#[9]">vPortSVCHandler</a> from port.o(.emb_text) referenced from cstartup.o(RESET)
 <LI><a href="#[b]">xPortPendSVHandler</a> from port.o(.emb_text) referenced from cstartup.o(RESET)
 <LI><a href="#[c]">xPortSysTickHandler</a> from port.o(.text) referenced from cstartup.o(RESET)
</UL>
<P>
<H3>
Global Symbols
</H3>
<P><STRONG><a name="[63]"></a>__main</STRONG> (Thumb, 8 bytes, Stack size 0 bytes, __main.o(!!!main))
<BR><BR>[Calls]<UL><LI><a href="#[65]">&gt;&gt;</a>&nbsp;&nbsp;&nbsp;__rt_entry
<LI><a href="#[64]">&gt;&gt;</a>&nbsp;&nbsp;&nbsp;__scatterload
</UL>

<P><STRONG><a name="[64]"></a>__scatterload</STRONG> (Thumb, 0 bytes, Stack size unknown bytes, __scatter.o(!!!scatter))
<BR><BR>[Called By]<UL><LI><a href="#[63]">&gt;&gt;</a>&nbsp;&nbsp;&nbsp;__main
</UL>

<P><STRONG><a name="[66]"></a>__scatterload_rt2</STRONG> (Thumb, 44 bytes, Stack size unknown bytes, __scatter.o(!!!scatter), UNUSED)
<BR><BR>[Calls]<UL><LI><a href="#[65]">&gt;&gt;</a>&nbsp;&nbsp;&nbsp;__rt_entry
</UL>

<P><STRONG><a name="[1d8]"></a>__scatterload_rt2_thumb_only</STRONG> (Thumb, 0 bytes, Stack size unknown bytes, __scatter.o(!!!scatter), UNUSED)

<P><STRONG><a name="[1d9]"></a>__scatterload_null</STRONG> (Thumb, 0 bytes, Stack size unknown bytes, __scatter.o(!!!scatter), UNUSED)

<P><STRONG><a name="[1da]"></a>__decompress</STRONG> (Thumb, 90 bytes, Stack size unknown bytes, __dczerorl2.o(!!dczerorl2), UNUSED)

<P><STRONG><a name="[1db]"></a>__decompress1</STRONG> (Thumb, 0 bytes, Stack size unknown bytes, __dczerorl2.o(!!dczerorl2), UNUSED)

<P><STRONG><a name="[1dc]"></a>__scatterload_zeroinit</STRONG> (Thumb, 28 bytes, Stack size unknown bytes, __scatter_zi.o(!!handler_zi), UNUSED)

<P><STRONG><a name="[6a]"></a>__rt_lib_init</STRONG> (Thumb, 0 bytes, Stack size unknown bytes, libinit.o(.ARM.Collect$$libinit$$00000000))
<BR><BR>[Called By]<UL><LI><a href="#[69]">&gt;&gt;</a>&nbsp;&nbsp;&nbsp;__rt_entry_li
</UL>

<P><STRONG><a name="[1dd]"></a>__rt_lib_init_alloca_1</STRONG> (Thumb, 0 bytes, Stack size unknown bytes, libinit2.o(.ARM.Collect$$libinit$$0000002C))

<P><STRONG><a name="[1de]"></a>__rt_lib_init_argv_1</STRONG> (Thumb, 0 bytes, Stack size unknown bytes, libinit2.o(.ARM.Collect$$libinit$$0000002A))

<P><STRONG><a name="[1df]"></a>__rt_lib_init_atexit_1</STRONG> (Thumb, 0 bytes, Stack size unknown bytes, libinit2.o(.ARM.Collect$$libinit$$00000019))

<P><STRONG><a name="[1e0]"></a>__rt_lib_init_clock_1</STRONG> (Thumb, 0 bytes, Stack size unknown bytes, libinit2.o(.ARM.Collect$$libinit$$0000001F))

<P><STRONG><a name="[1e1]"></a>__rt_lib_init_cpp_1</STRONG> (Thumb, 0 bytes, Stack size unknown bytes, libinit2.o(.ARM.Collect$$libinit$$00000030))

<P><STRONG><a name="[1e2]"></a>__rt_lib_init_exceptions_1</STRONG> (Thumb, 0 bytes, Stack size unknown bytes, libinit2.o(.ARM.Collect$$libinit$$0000002E))

<P><STRONG><a name="[1e3]"></a>__rt_lib_init_fp_1</STRONG> (Thumb, 0 bytes, Stack size unknown bytes, libinit2.o(.ARM.Collect$$libinit$$00000002))

<P><STRONG><a name="[1e4]"></a>__rt_lib_init_fp_trap_1</STRONG> (Thumb, 0 bytes, Stack size unknown bytes, libinit2.o(.ARM.Collect$$libinit$$0000001D))

<P><STRONG><a name="[1e5]"></a>__rt_lib_init_getenv_1</STRONG> (Thumb, 0 bytes, Stack size unknown bytes, libinit2.o(.ARM.Collect$$libinit$$00000021))

<P><STRONG><a name="[1e6]"></a>__rt_lib_init_heap_1</STRONG> (Thumb, 0 bytes, Stack size unknown bytes, libinit2.o(.ARM.Collect$$libinit$$00000008))

<P><STRONG><a name="[1e7]"></a>__rt_lib_init_lc_collate_1</STRONG> (Thumb, 0 bytes, Stack size unknown bytes, libinit2.o(.ARM.Collect$$libinit$$0000000F))

<P><STRONG><a name="[1e8]"></a>__rt_lib_init_lc_ctype_1</STRONG> (Thumb, 0 bytes, Stack size unknown bytes, libinit2.o(.ARM.Collect$$libinit$$00000011))

<P><STRONG><a name="[1e9]"></a>__rt_lib_init_lc_monetary_1</STRONG> (Thumb, 0 bytes, Stack size unknown bytes, libinit2.o(.ARM.Collect$$libinit$$00000013))

<P><STRONG><a name="[1ea]"></a>__rt_lib_init_lc_numeric_1</STRONG> (Thumb, 0 bytes, Stack size unknown bytes, libinit2.o(.ARM.Collect$$libinit$$00000015))

<P><STRONG><a name="[1eb]"></a>__rt_lib_init_lc_time_1</STRONG> (Thumb, 0 bytes, Stack size unknown bytes, libinit2.o(.ARM.Collect$$libinit$$00000017))

<P><STRONG><a name="[1ec]"></a>__rt_lib_init_rand_1</STRONG> (Thumb, 0 bytes, Stack size unknown bytes, libinit2.o(.ARM.Collect$$libinit$$0000000C))

<P><STRONG><a name="[1ed]"></a>__rt_lib_init_return</STRONG> (Thumb, 0 bytes, Stack size unknown bytes, libinit2.o(.ARM.Collect$$libinit$$00000031))

<P><STRONG><a name="[1ee]"></a>__rt_lib_init_signal_1</STRONG> (Thumb, 0 bytes, Stack size unknown bytes, libinit2.o(.ARM.Collect$$libinit$$0000001B))

<P><STRONG><a name="[1ef]"></a>__rt_lib_init_stdio_1</STRONG> (Thumb, 0 bytes, Stack size unknown bytes, libinit2.o(.ARM.Collect$$libinit$$00000023))

<P><STRONG><a name="[1f0]"></a>__rt_lib_init_user_alloc_1</STRONG> (Thumb, 0 bytes, Stack size unknown bytes, libinit2.o(.ARM.Collect$$libinit$$0000000A))

<P><STRONG><a name="[6f]"></a>__rt_lib_shutdown</STRONG> (Thumb, 0 bytes, Stack size unknown bytes, libshutdown.o(.ARM.Collect$$libshutdown$$00000000))
<BR><BR>[Called By]<UL><LI><a href="#[6e]">&gt;&gt;</a>&nbsp;&nbsp;&nbsp;__rt_exit_ls
</UL>

<P><STRONG><a name="[1f1]"></a>__rt_lib_shutdown_fp_trap_1</STRONG> (Thumb, 0 bytes, Stack size unknown bytes, libshutdown2.o(.ARM.Collect$$libshutdown$$00000006))

<P><STRONG><a name="[1f2]"></a>__rt_lib_shutdown_heap_1</STRONG> (Thumb, 0 bytes, Stack size unknown bytes, libshutdown2.o(.ARM.Collect$$libshutdown$$0000000E))

<P><STRONG><a name="[1f3]"></a>__rt_lib_shutdown_return</STRONG> (Thumb, 0 bytes, Stack size unknown bytes, libshutdown2.o(.ARM.Collect$$libshutdown$$0000000F))

<P><STRONG><a name="[1f4]"></a>__rt_lib_shutdown_signal_1</STRONG> (Thumb, 0 bytes, Stack size unknown bytes, libshutdown2.o(.ARM.Collect$$libshutdown$$00000009))

<P><STRONG><a name="[1f5]"></a>__rt_lib_shutdown_stdio_1</STRONG> (Thumb, 0 bytes, Stack size unknown bytes, libshutdown2.o(.ARM.Collect$$libshutdown$$00000003))

<P><STRONG><a name="[1f6]"></a>__rt_lib_shutdown_user_alloc_1</STRONG> (Thumb, 0 bytes, Stack size unknown bytes, libshutdown2.o(.ARM.Collect$$libshutdown$$0000000B))

<P><STRONG><a name="[65]"></a>__rt_entry</STRONG> (Thumb, 0 bytes, Stack size unknown bytes, rtentry.o(.ARM.Collect$$rtentry$$00000000))
<BR><BR>[Called By]<UL><LI><a href="#[63]">&gt;&gt;</a>&nbsp;&nbsp;&nbsp;__main
<LI><a href="#[66]">&gt;&gt;</a>&nbsp;&nbsp;&nbsp;__scatterload_rt2
</UL>

<P><STRONG><a name="[1f7]"></a>__rt_entry_presh_1</STRONG> (Thumb, 0 bytes, Stack size unknown bytes, rtentry2.o(.ARM.Collect$$rtentry$$00000002))

<P><STRONG><a name="[67]"></a>__rt_entry_sh</STRONG> (Thumb, 0 bytes, Stack size unknown bytes, rtentry4.o(.ARM.Collect$$rtentry$$00000004))
<BR><BR>[Stack]<UL><LI>Max Depth = 8 + Unknown Stack Size
<LI>Call Chain = __rt_entry_sh &rArr; __user_setup_stackheap
</UL>
<BR>[Calls]<UL><LI><a href="#[68]">&gt;&gt;</a>&nbsp;&nbsp;&nbsp;__user_setup_stackheap
</UL>

<P><STRONG><a name="[69]"></a>__rt_entry_li</STRONG> (Thumb, 0 bytes, Stack size unknown bytes, rtentry2.o(.ARM.Collect$$rtentry$$0000000A))
<BR><BR>[Calls]<UL><LI><a href="#[6a]">&gt;&gt;</a>&nbsp;&nbsp;&nbsp;__rt_lib_init
</UL>

<P><STRONG><a name="[1f8]"></a>__rt_entry_postsh_1</STRONG> (Thumb, 0 bytes, Stack size unknown bytes, rtentry2.o(.ARM.Collect$$rtentry$$00000009))

<P><STRONG><a name="[6b]"></a>__rt_entry_main</STRONG> (Thumb, 0 bytes, Stack size unknown bytes, rtentry2.o(.ARM.Collect$$rtentry$$0000000D))
<BR><BR>[Stack]<UL><LI>Max Depth = 640 + Unknown Stack Size
<LI>Call Chain = __rt_entry_main &rArr; main &rArr; LwIP_Init &rArr; netif_add &rArr; netif_set_addr &rArr; netif_set_ipaddr &rArr; tcp_abandon &rArr; tcp_pcb_remove &rArr; tcp_output &rArr; tcp_output_segment &rArr; ip_output &rArr; ip_output_if &rArr; ip_frag &rArr; pbuf_alloc &rArr; pbuf_free &rArr; mem_free &rArr; sys_arch_sem_wait &rArr; xQueueGenericReceive &rArr; vTaskPlaceOnEventList &rArr; prvAddCurrentTaskToDelayedList &rArr; vListInsert
</UL>
<BR>[Calls]<UL><LI><a href="#[6c]">&gt;&gt;</a>&nbsp;&nbsp;&nbsp;main
<LI><a href="#[6d]">&gt;&gt;</a>&nbsp;&nbsp;&nbsp;exit
</UL>

<P><STRONG><a name="[1f9]"></a>__rt_entry_postli_1</STRONG> (Thumb, 0 bytes, Stack size unknown bytes, rtentry2.o(.ARM.Collect$$rtentry$$0000000C))

<P><STRONG><a name="[1d7]"></a>__rt_exit</STRONG> (Thumb, 0 bytes, Stack size unknown bytes, rtexit.o(.ARM.Collect$$rtexit$$00000000))
<BR><BR>[Called By]<UL><LI><a href="#[6d]">&gt;&gt;</a>&nbsp;&nbsp;&nbsp;exit
</UL>

<P><STRONG><a name="[6e]"></a>__rt_exit_ls</STRONG> (Thumb, 0 bytes, Stack size unknown bytes, rtexit2.o(.ARM.Collect$$rtexit$$00000003))
<BR><BR>[Calls]<UL><LI><a href="#[6f]">&gt;&gt;</a>&nbsp;&nbsp;&nbsp;__rt_lib_shutdown
</UL>

<P><STRONG><a name="[1fa]"></a>__rt_exit_prels_1</STRONG> (Thumb, 0 bytes, Stack size unknown bytes, rtexit2.o(.ARM.Collect$$rtexit$$00000002))

<P><STRONG><a name="[70]"></a>__rt_exit_exit</STRONG> (Thumb, 0 bytes, Stack size unknown bytes, rtexit2.o(.ARM.Collect$$rtexit$$00000004))
<BR><BR>[Calls]<UL><LI><a href="#[71]">&gt;&gt;</a>&nbsp;&nbsp;&nbsp;_sys_exit
</UL>

<P><STRONG><a name="[9]"></a>vPortSVCHandler</STRONG> (Thumb, 32 bytes, Stack size 0 bytes, port.o(.emb_text))
<BR>[Address Reference Count : 1]<UL><LI> cstartup.o(RESET)
</UL>
<P><STRONG><a name="[e9]"></a>__asm___6_port_c_39a90d8d__prvStartFirstTask</STRONG> (Thumb, 28 bytes, Stack size 0 bytes, port.o(.emb_text))
<BR><BR>[Called By]<UL><LI><a href="#[d9]">&gt;&gt;</a>&nbsp;&nbsp;&nbsp;xPortStartScheduler
</UL>

<P><STRONG><a name="[b]"></a>xPortPendSVHandler</STRONG> (Thumb, 72 bytes, Stack size 0 bytes, port.o(.emb_text))
<BR><BR>[Calls]<UL><LI><a href="#[72]">&gt;&gt;</a>&nbsp;&nbsp;&nbsp;vTaskSwitchContext
</UL>
<BR>[Address Reference Count : 1]<UL><LI> cstartup.o(RESET)
</UL>
<P><STRONG><a name="[1fb]"></a>vPortGetIPSR</STRONG> (Thumb, 6 bytes, Stack size 0 bytes, port.o(.emb_text), UNUSED)

<P><STRONG><a name="[6c]"></a>main</STRONG> (Thumb, 46 bytes, Stack size 16 bytes, main.o(.text))
<BR><BR>[Stack]<UL><LI>Max Depth = 640 + Unknown Stack Size
<LI>Call Chain = main &rArr; LwIP_Init &rArr; netif_add &rArr; netif_set_addr &rArr; netif_set_ipaddr &rArr; tcp_abandon &rArr; tcp_pcb_remove &rArr; tcp_output &rArr; tcp_output_segment &rArr; ip_output &rArr; ip_output_if &rArr; ip_frag &rArr; pbuf_alloc &rArr; pbuf_free &rArr; mem_free &rArr; sys_arch_sem_wait &rArr; xQueueGenericReceive &rArr; vTaskPlaceOnEventList &rArr; prvAddCurrentTaskToDelayedList &rArr; vListInsert
</UL>
<BR>[Calls]<UL><LI><a href="#[77]">&gt;&gt;</a>&nbsp;&nbsp;&nbsp;xTaskCreate
<LI><a href="#[75]">&gt;&gt;</a>&nbsp;&nbsp;&nbsp;vlwIPInit
<LI><a href="#[78]">&gt;&gt;</a>&nbsp;&nbsp;&nbsp;vTaskStartScheduler
<LI><a href="#[73]">&gt;&gt;</a>&nbsp;&nbsp;&nbsp;SystemInit
<LI><a href="#[76]">&gt;&gt;</a>&nbsp;&nbsp;&nbsp;LwIP_Init
<LI><a href="#[74]">&gt;&gt;</a>&nbsp;&nbsp;&nbsp;BSP_LED_Init
</UL>
<BR>[Called By]<UL><LI><a href="#[6b]">&gt;&gt;</a>&nbsp;&nbsp;&nbsp;__rt_entry_main
</UL>

<P><STRONG><a name="[74]"></a>BSP_LED_Init</STRONG> (Thumb, 58 bytes, Stack size 8 bytes, app_led.o(.text))
<BR><BR>[Stack]<UL><LI>Max Depth = 32<LI>Call Chain = BSP_LED_Init &rArr; GPIO_Init
</UL>
<BR>[Calls]<UL><LI><a href="#[79]">&gt;&gt;</a>&nbsp;&nbsp;&nbsp;RCC_APB2PeriphClockCmd
<LI><a href="#[7c]">&gt;&gt;</a>&nbsp;&nbsp;&nbsp;GPIO_SetBits
<LI><a href="#[7b]">&gt;&gt;</a>&nbsp;&nbsp;&nbsp;GPIO_ResetBits
<LI><a href="#[7a]">&gt;&gt;</a>&nbsp;&nbsp;&nbsp;GPIO_Init
</UL>
<BR>[Called By]<UL><LI><a href="#[6c]">&gt;&gt;</a>&nbsp;&nbsp;&nbsp;main
</UL>

<P><STRONG><a name="[38]"></a>vLedTask</STRONG> (Thumb, 38 bytes, Stack size 0 bytes, app_led.o(.text))
<BR><BR>[Stack]<UL><LI>Max Depth = 56<LI>Call Chain = vLedTask &rArr; vTaskDelay &rArr; xTaskResumeAll &rArr; xTaskIncrementTick
</UL>
<BR>[Calls]<UL><LI><a href="#[7d]">&gt;&gt;</a>&nbsp;&nbsp;&nbsp;vTaskDelay
<LI><a href="#[7c]">&gt;&gt;</a>&nbsp;&nbsp;&nbsp;GPIO_SetBits
<LI><a href="#[7b]">&gt;&gt;</a>&nbsp;&nbsp;&nbsp;GPIO_ResetBits
</UL>
<BR>[Address Reference Count : 1]<UL><LI> main.o(.text)
</UL>
<P><STRONG><a name="[7e]"></a>vRelay1Task</STRONG> (Thumb, 36 bytes, Stack size 0 bytes, app_led.o(.text), UNUSED)
<BR><BR>[Calls]<UL><LI><a href="#[7d]">&gt;&gt;</a>&nbsp;&nbsp;&nbsp;vTaskDelay
<LI><a href="#[7c]">&gt;&gt;</a>&nbsp;&nbsp;&nbsp;GPIO_SetBits
<LI><a href="#[7b]">&gt;&gt;</a>&nbsp;&nbsp;&nbsp;GPIO_ResetBits
</UL>

<P><STRONG><a name="[7f]"></a>vRelay2Task</STRONG> (Thumb, 36 bytes, Stack size 0 bytes, app_led.o(.text), UNUSED)
<BR><BR>[Calls]<UL><LI><a href="#[7d]">&gt;&gt;</a>&nbsp;&nbsp;&nbsp;vTaskDelay
<LI><a href="#[7c]">&gt;&gt;</a>&nbsp;&nbsp;&nbsp;GPIO_SetBits
<LI><a href="#[7b]">&gt;&gt;</a>&nbsp;&nbsp;&nbsp;GPIO_ResetBits
</UL>

<P><STRONG><a name="[80]"></a>vRelay3Task</STRONG> (Thumb, 36 bytes, Stack size 0 bytes, app_led.o(.text), UNUSED)
<BR><BR>[Calls]<UL><LI><a href="#[7d]">&gt;&gt;</a>&nbsp;&nbsp;&nbsp;vTaskDelay
<LI><a href="#[7c]">&gt;&gt;</a>&nbsp;&nbsp;&nbsp;GPIO_SetBits
<LI><a href="#[7b]">&gt;&gt;</a>&nbsp;&nbsp;&nbsp;GPIO_ResetBits
</UL>

<P><STRONG><a name="[81]"></a>Udp_Receive</STRONG> (Thumb, 58 bytes, Stack size 40 bytes, netconfig.o(.text))
<BR><BR>[Stack]<UL><LI>Max Depth = 464<LI>Call Chain = Udp_Receive &rArr; udp_sendto &rArr; udp_sendto_if &rArr; ip_output_if &rArr; ip_frag &rArr; pbuf_alloc &rArr; pbuf_free &rArr; mem_free &rArr; sys_arch_sem_wait &rArr; xQueueGenericReceive &rArr; vTaskPlaceOnEventList &rArr; prvAddCurrentTaskToDelayedList &rArr; vListInsert
</UL>
<BR>[Calls]<UL><LI><a href="#[83]">&gt;&gt;</a>&nbsp;&nbsp;&nbsp;udp_sendto
<LI><a href="#[82]">&gt;&gt;</a>&nbsp;&nbsp;&nbsp;pbuf_alloc
</UL>
<BR>[Address Reference Count : 1]<UL><LI> netconfig.o(.text)
</UL>
<P><STRONG><a name="[84]"></a>LwIP_Periodic_Handle</STRONG> (Thumb, 132 bytes, Stack size 0 bytes, netconfig.o(.text), UNUSED)
<BR><BR>[Calls]<UL><LI><a href="#[87]">&gt;&gt;</a>&nbsp;&nbsp;&nbsp;udp_recv
<LI><a href="#[85]">&gt;&gt;</a>&nbsp;&nbsp;&nbsp;udp_new
<LI><a href="#[86]">&gt;&gt;</a>&nbsp;&nbsp;&nbsp;udp_bind
<LI><a href="#[88]">&gt;&gt;</a>&nbsp;&nbsp;&nbsp;tcp_tmr
<LI><a href="#[39]">&gt;&gt;</a>&nbsp;&nbsp;&nbsp;ethernetif_input
<LI><a href="#[8a]">&gt;&gt;</a>&nbsp;&nbsp;&nbsp;etharp_tmr
<LI><a href="#[89]">&gt;&gt;</a>&nbsp;&nbsp;&nbsp;dns_tmr
</UL>

<P><STRONG><a name="[76]"></a>LwIP_Init</STRONG> (Thumb, 250 bytes, Stack size 32 bytes, netconfig.o(.text))
<BR><BR>[Stack]<UL><LI>Max Depth = 624<LI>Call Chain = LwIP_Init &rArr; netif_add &rArr; netif_set_addr &rArr; netif_set_ipaddr &rArr; tcp_abandon &rArr; tcp_pcb_remove &rArr; tcp_output &rArr; tcp_output_segment &rArr; ip_output &rArr; ip_output_if &rArr; ip_frag &rArr; pbuf_alloc &rArr; pbuf_free &rArr; mem_free &rArr; sys_arch_sem_wait &rArr; xQueueGenericReceive &rArr; vTaskPlaceOnEventList &rArr; prvAddCurrentTaskToDelayedList &rArr; vListInsert
</UL>
<BR>[Calls]<UL><LI><a href="#[8e]">&gt;&gt;</a>&nbsp;&nbsp;&nbsp;netif_set_up
<LI><a href="#[8d]">&gt;&gt;</a>&nbsp;&nbsp;&nbsp;netif_set_default
<LI><a href="#[8c]">&gt;&gt;</a>&nbsp;&nbsp;&nbsp;netif_add
<LI><a href="#[8b]">&gt;&gt;</a>&nbsp;&nbsp;&nbsp;htonl
</UL>
<BR>[Called By]<UL><LI><a href="#[6c]">&gt;&gt;</a>&nbsp;&nbsp;&nbsp;main
</UL>

<P><STRONG><a name="[1fc]"></a>app_init</STRONG> (Thumb, 2 bytes, Stack size 0 bytes, netconfig.o(.text), UNUSED)

<P><STRONG><a name="[8f]"></a>dm9000x_gpio_inital</STRONG> (Thumb, 144 bytes, Stack size 8 bytes, dm9000x.o(.text))
<BR><BR>[Stack]<UL><LI>Max Depth = 32<LI>Call Chain = dm9000x_gpio_inital &rArr; GPIO_Init
</UL>
<BR>[Calls]<UL><LI><a href="#[90]">&gt;&gt;</a>&nbsp;&nbsp;&nbsp;GPIO_PinRemapConfig
<LI><a href="#[79]">&gt;&gt;</a>&nbsp;&nbsp;&nbsp;RCC_APB2PeriphClockCmd
<LI><a href="#[7a]">&gt;&gt;</a>&nbsp;&nbsp;&nbsp;GPIO_Init
</UL>
<BR>[Called By]<UL><LI><a href="#[96]">&gt;&gt;</a>&nbsp;&nbsp;&nbsp;dm9000x_inital
</UL>

<P><STRONG><a name="[95]"></a>dm9000x_read_id</STRONG> (Thumb, 60 bytes, Stack size 8 bytes, dm9000x.o(.text))
<BR><BR>[Stack]<UL><LI>Max Depth = 56<LI>Call Chain = dm9000x_read_id &rArr; ior &rArr; dm9000_in_byte &rArr; GPIO_Init
</UL>
<BR>[Calls]<UL><LI><a href="#[92]">&gt;&gt;</a>&nbsp;&nbsp;&nbsp;ior
</UL>
<BR>[Called By]<UL><LI><a href="#[96]">&gt;&gt;</a>&nbsp;&nbsp;&nbsp;dm9000x_inital
</UL>

<P><STRONG><a name="[96]"></a>dm9000x_inital</STRONG> (Thumb, 222 bytes, Stack size 16 bytes, dm9000x.o(.text))
<BR><BR>[Stack]<UL><LI>Max Depth = 72<LI>Call Chain = dm9000x_inital &rArr; dm9000x_read_id &rArr; ior &rArr; dm9000_in_byte &rArr; GPIO_Init
</UL>
<BR>[Calls]<UL><LI><a href="#[95]">&gt;&gt;</a>&nbsp;&nbsp;&nbsp;dm9000x_read_id
<LI><a href="#[8f]">&gt;&gt;</a>&nbsp;&nbsp;&nbsp;dm9000x_gpio_inital
<LI><a href="#[94]">&gt;&gt;</a>&nbsp;&nbsp;&nbsp;iow
<LI><a href="#[97]">&gt;&gt;</a>&nbsp;&nbsp;&nbsp;dm9000_delay
</UL>
<BR>[Called By]<UL><LI><a href="#[99]">&gt;&gt;</a>&nbsp;&nbsp;&nbsp;dm9000x_receivepacket
<LI><a href="#[ed]">&gt;&gt;</a>&nbsp;&nbsp;&nbsp;low_level_init
</UL>

<P><STRONG><a name="[98]"></a>dm9000x_sendpacket</STRONG> (Thumb, 154 bytes, Stack size 32 bytes, dm9000x.o(.text))
<BR><BR>[Stack]<UL><LI>Max Depth = 88<LI>Call Chain = dm9000x_sendpacket &rArr; iow &rArr; dm9000_out_byte &rArr; GPIO_Init
</UL>
<BR>[Calls]<UL><LI><a href="#[94]">&gt;&gt;</a>&nbsp;&nbsp;&nbsp;iow
<LI><a href="#[92]">&gt;&gt;</a>&nbsp;&nbsp;&nbsp;ior
<LI><a href="#[97]">&gt;&gt;</a>&nbsp;&nbsp;&nbsp;dm9000_delay
</UL>
<BR>[Called By]<UL><LI><a href="#[3f]">&gt;&gt;</a>&nbsp;&nbsp;&nbsp;low_level_output
</UL>

<P><STRONG><a name="[99]"></a>dm9000x_receivepacket</STRONG> (Thumb, 300 bytes, Stack size 40 bytes, dm9000x.o(.text))
<BR><BR>[Stack]<UL><LI>Max Depth = 112<LI>Call Chain = dm9000x_receivepacket &rArr; dm9000x_inital &rArr; dm9000x_read_id &rArr; ior &rArr; dm9000_in_byte &rArr; GPIO_Init
</UL>
<BR>[Calls]<UL><LI><a href="#[96]">&gt;&gt;</a>&nbsp;&nbsp;&nbsp;dm9000x_inital
<LI><a href="#[94]">&gt;&gt;</a>&nbsp;&nbsp;&nbsp;iow
<LI><a href="#[92]">&gt;&gt;</a>&nbsp;&nbsp;&nbsp;ior
</UL>
<BR>[Called By]<UL><LI><a href="#[eb]">&gt;&gt;</a>&nbsp;&nbsp;&nbsp;low_level_input
</UL>

<P><STRONG><a name="[3]"></a>Reset_Handler</STRONG> (Thumb, 4 bytes, Stack size 0 bytes, cstartup.o(.text))
<BR>[Address Reference Count : 1]<UL><LI> cstartup.o(RESET)
</UL>
<P><STRONG><a name="[4]"></a>NMI_Handler</STRONG> (Thumb, 2 bytes, Stack size 0 bytes, cstartup.o(.text))
<BR><BR>[Calls]<UL><LI><a href="#[4]">&gt;&gt;</a>&nbsp;&nbsp;&nbsp;NMI_Handler
</UL>
<BR>[Called By]<UL><LI><a href="#[4]">&gt;&gt;</a>&nbsp;&nbsp;&nbsp;NMI_Handler
</UL>
<BR>[Address Reference Count : 1]<UL><LI> cstartup.o(RESET)
</UL>
<P><STRONG><a name="[5]"></a>HardFault_Handler</STRONG> (Thumb, 2 bytes, Stack size 0 bytes, cstartup.o(.text))
<BR><BR>[Calls]<UL><LI><a href="#[5]">&gt;&gt;</a>&nbsp;&nbsp;&nbsp;HardFault_Handler
</UL>
<BR>[Called By]<UL><LI><a href="#[5]">&gt;&gt;</a>&nbsp;&nbsp;&nbsp;HardFault_Handler
</UL>
<BR>[Address Reference Count : 1]<UL><LI> cstartup.o(RESET)
</UL>
<P><STRONG><a name="[6]"></a>MemManage_Handler</STRONG> (Thumb, 2 bytes, Stack size 0 bytes, cstartup.o(.text))
<BR><BR>[Calls]<UL><LI><a href="#[6]">&gt;&gt;</a>&nbsp;&nbsp;&nbsp;MemManage_Handler
</UL>
<BR>[Called By]<UL><LI><a href="#[6]">&gt;&gt;</a>&nbsp;&nbsp;&nbsp;MemManage_Handler
</UL>
<BR>[Address Reference Count : 1]<UL><LI> cstartup.o(RESET)
</UL>
<P><STRONG><a name="[7]"></a>BusFault_Handler</STRONG> (Thumb, 2 bytes, Stack size 0 bytes, cstartup.o(.text))
<BR><BR>[Calls]<UL><LI><a href="#[7]">&gt;&gt;</a>&nbsp;&nbsp;&nbsp;BusFault_Handler
</UL>
<BR>[Called By]<UL><LI><a href="#[7]">&gt;&gt;</a>&nbsp;&nbsp;&nbsp;BusFault_Handler
</UL>
<BR>[Address Reference Count : 1]<UL><LI> cstartup.o(RESET)
</UL>
<P><STRONG><a name="[8]"></a>UsageFault_Handler</STRONG> (Thumb, 2 bytes, Stack size 0 bytes, cstartup.o(.text))
<BR><BR>[Calls]<UL><LI><a href="#[8]">&gt;&gt;</a>&nbsp;&nbsp;&nbsp;UsageFault_Handler
</UL>
<BR>[Called By]<UL><LI><a href="#[8]">&gt;&gt;</a>&nbsp;&nbsp;&nbsp;UsageFault_Handler
</UL>
<BR>[Address Reference Count : 1]<UL><LI> cstartup.o(RESET)
</UL>
<P><STRONG><a name="[9a]"></a>SVC_Handler</STRONG> (Thumb, 2 bytes, Stack size 0 bytes, cstartup.o(.text), UNUSED)
<BR><BR>[Calls]<UL><LI><a href="#[9a]">&gt;&gt;</a>&nbsp;&nbsp;&nbsp;SVC_Handler
</UL>
<BR>[Called By]<UL><LI><a href="#[9a]">&gt;&gt;</a>&nbsp;&nbsp;&nbsp;SVC_Handler
</UL>

<P><STRONG><a name="[a]"></a>DebugMon_Handler</STRONG> (Thumb, 2 bytes, Stack size 0 bytes, cstartup.o(.text))
<BR><BR>[Calls]<UL><LI><a href="#[a]">&gt;&gt;</a>&nbsp;&nbsp;&nbsp;DebugMon_Handler
</UL>
<BR>[Called By]<UL><LI><a href="#[a]">&gt;&gt;</a>&nbsp;&nbsp;&nbsp;DebugMon_Handler
</UL>
<BR>[Address Reference Count : 1]<UL><LI> cstartup.o(RESET)
</UL>
<P><STRONG><a name="[9b]"></a>PendSV_Handler</STRONG> (Thumb, 2 bytes, Stack size 0 bytes, cstartup.o(.text), UNUSED)
<BR><BR>[Calls]<UL><LI><a href="#[9b]">&gt;&gt;</a>&nbsp;&nbsp;&nbsp;PendSV_Handler
</UL>
<BR>[Called By]<UL><LI><a href="#[9b]">&gt;&gt;</a>&nbsp;&nbsp;&nbsp;PendSV_Handler
</UL>

<P><STRONG><a name="[1f]"></a>ADC_IRQHandler</STRONG> (Thumb, 0 bytes, Stack size 0 bytes, cstartup.o(.text))
<BR><BR>[Calls]<UL><LI><a href="#[1f]">&gt;&gt;</a>&nbsp;&nbsp;&nbsp;ADC_IRQHandler
</UL>
<BR>[Called By]<UL><LI><a href="#[1f]">&gt;&gt;</a>&nbsp;&nbsp;&nbsp;ADC_IRQHandler
</UL>
<BR>[Address Reference Count : 1]<UL><LI> cstartup.o(RESET)
</UL>
<P><STRONG><a name="[22]"></a>CAN_RX1_IRQHandler</STRONG> (Thumb, 0 bytes, Stack size 0 bytes, cstartup.o(.text))
<BR>[Address Reference Count : 1]<UL><LI> cstartup.o(RESET)
</UL>
<P><STRONG><a name="[23]"></a>CAN_SCE_IRQHandler</STRONG> (Thumb, 0 bytes, Stack size 0 bytes, cstartup.o(.text))
<BR>[Address Reference Count : 1]<UL><LI> cstartup.o(RESET)
</UL>
<P><STRONG><a name="[18]"></a>DMAChannel1_IRQHandler</STRONG> (Thumb, 0 bytes, Stack size 0 bytes, cstartup.o(.text))
<BR>[Address Reference Count : 1]<UL><LI> cstartup.o(RESET)
</UL>
<P><STRONG><a name="[19]"></a>DMAChannel2_IRQHandler</STRONG> (Thumb, 0 bytes, Stack size 0 bytes, cstartup.o(.text))
<BR>[Address Reference Count : 1]<UL><LI> cstartup.o(RESET)
</UL>
<P><STRONG><a name="[1a]"></a>DMAChannel3_IRQHandler</STRONG> (Thumb, 0 bytes, Stack size 0 bytes, cstartup.o(.text))
<BR>[Address Reference Count : 1]<UL><LI> cstartup.o(RESET)
</UL>
<P><STRONG><a name="[1b]"></a>DMAChannel4_IRQHandler</STRONG> (Thumb, 0 bytes, Stack size 0 bytes, cstartup.o(.text))
<BR>[Address Reference Count : 1]<UL><LI> cstartup.o(RESET)
</UL>
<P><STRONG><a name="[1c]"></a>DMAChannel5_IRQHandler</STRONG> (Thumb, 0 bytes, Stack size 0 bytes, cstartup.o(.text))
<BR>[Address Reference Count : 1]<UL><LI> cstartup.o(RESET)
</UL>
<P><STRONG><a name="[1d]"></a>DMAChannel6_IRQHandler</STRONG> (Thumb, 0 bytes, Stack size 0 bytes, cstartup.o(.text))
<BR>[Address Reference Count : 1]<UL><LI> cstartup.o(RESET)
</UL>
<P><STRONG><a name="[1e]"></a>DMAChannel7_IRQHandler</STRONG> (Thumb, 0 bytes, Stack size 0 bytes, cstartup.o(.text))
<BR>[Address Reference Count : 1]<UL><LI> cstartup.o(RESET)
</UL>
<P><STRONG><a name="[13]"></a>EXTI0_IRQHandler</STRONG> (Thumb, 0 bytes, Stack size 0 bytes, cstartup.o(.text))
<BR>[Address Reference Count : 1]<UL><LI> cstartup.o(RESET)
</UL>
<P><STRONG><a name="[35]"></a>EXTI15_10_IRQHandler</STRONG> (Thumb, 0 bytes, Stack size 0 bytes, cstartup.o(.text))
<BR>[Address Reference Count : 1]<UL><LI> cstartup.o(RESET)
</UL>
<P><STRONG><a name="[14]"></a>EXTI1_IRQHandler</STRONG> (Thumb, 0 bytes, Stack size 0 bytes, cstartup.o(.text))
<BR>[Address Reference Count : 1]<UL><LI> cstartup.o(RESET)
</UL>
<P><STRONG><a name="[15]"></a>EXTI2_IRQHandler</STRONG> (Thumb, 0 bytes, Stack size 0 bytes, cstartup.o(.text))
<BR>[Address Reference Count : 1]<UL><LI> cstartup.o(RESET)
</UL>
<P><STRONG><a name="[16]"></a>EXTI3_IRQHandler</STRONG> (Thumb, 0 bytes, Stack size 0 bytes, cstartup.o(.text))
<BR>[Address Reference Count : 1]<UL><LI> cstartup.o(RESET)
</UL>
<P><STRONG><a name="[17]"></a>EXTI4_IRQHandler</STRONG> (Thumb, 0 bytes, Stack size 0 bytes, cstartup.o(.text))
<BR>[Address Reference Count : 1]<UL><LI> cstartup.o(RESET)
</UL>
<P><STRONG><a name="[24]"></a>EXTI9_5_IRQHandler</STRONG> (Thumb, 0 bytes, Stack size 0 bytes, cstartup.o(.text))
<BR>[Address Reference Count : 1]<UL><LI> cstartup.o(RESET)
</UL>
<P><STRONG><a name="[11]"></a>FLASH_IRQHandler</STRONG> (Thumb, 0 bytes, Stack size 0 bytes, cstartup.o(.text))
<BR>[Address Reference Count : 1]<UL><LI> cstartup.o(RESET)
</UL>
<P><STRONG><a name="[2d]"></a>I2C1_ER_IRQHandler</STRONG> (Thumb, 0 bytes, Stack size 0 bytes, cstartup.o(.text))
<BR>[Address Reference Count : 1]<UL><LI> cstartup.o(RESET)
</UL>
<P><STRONG><a name="[2c]"></a>I2C1_EV_IRQHandler</STRONG> (Thumb, 0 bytes, Stack size 0 bytes, cstartup.o(.text))
<BR>[Address Reference Count : 1]<UL><LI> cstartup.o(RESET)
</UL>
<P><STRONG><a name="[2f]"></a>I2C2_ER_IRQHandler</STRONG> (Thumb, 0 bytes, Stack size 0 bytes, cstartup.o(.text))
<BR>[Address Reference Count : 1]<UL><LI> cstartup.o(RESET)
</UL>
<P><STRONG><a name="[2e]"></a>I2C2_EV_IRQHandler</STRONG> (Thumb, 0 bytes, Stack size 0 bytes, cstartup.o(.text))
<BR>[Address Reference Count : 1]<UL><LI> cstartup.o(RESET)
</UL>
<P><STRONG><a name="[e]"></a>PVD_IRQHandler</STRONG> (Thumb, 0 bytes, Stack size 0 bytes, cstartup.o(.text))
<BR>[Address Reference Count : 1]<UL><LI> cstartup.o(RESET)
</UL>
<P><STRONG><a name="[12]"></a>RCC_IRQHandler</STRONG> (Thumb, 0 bytes, Stack size 0 bytes, cstartup.o(.text))
<BR>[Address Reference Count : 1]<UL><LI> cstartup.o(RESET)
</UL>
<P><STRONG><a name="[36]"></a>RTCAlarm_IRQHandler</STRONG> (Thumb, 0 bytes, Stack size 0 bytes, cstartup.o(.text))
<BR>[Address Reference Count : 1]<UL><LI> cstartup.o(RESET)
</UL>
<P><STRONG><a name="[10]"></a>RTC_IRQHandler</STRONG> (Thumb, 0 bytes, Stack size 0 bytes, cstartup.o(.text))
<BR>[Address Reference Count : 1]<UL><LI> cstartup.o(RESET)
</UL>
<P><STRONG><a name="[30]"></a>SPI1_IRQHandler</STRONG> (Thumb, 0 bytes, Stack size 0 bytes, cstartup.o(.text))
<BR>[Address Reference Count : 1]<UL><LI> cstartup.o(RESET)
</UL>
<P><STRONG><a name="[31]"></a>SPI2_IRQHandler</STRONG> (Thumb, 0 bytes, Stack size 0 bytes, cstartup.o(.text))
<BR>[Address Reference Count : 1]<UL><LI> cstartup.o(RESET)
</UL>
<P><STRONG><a name="[f]"></a>TAMPER_IRQHandler</STRONG> (Thumb, 0 bytes, Stack size 0 bytes, cstartup.o(.text))
<BR>[Address Reference Count : 1]<UL><LI> cstartup.o(RESET)
</UL>
<P><STRONG><a name="[25]"></a>TIM1_BRK_IRQHandler</STRONG> (Thumb, 0 bytes, Stack size 0 bytes, cstartup.o(.text))
<BR>[Address Reference Count : 1]<UL><LI> cstartup.o(RESET)
</UL>
<P><STRONG><a name="[28]"></a>TIM1_CC_IRQHandler</STRONG> (Thumb, 0 bytes, Stack size 0 bytes, cstartup.o(.text))
<BR>[Address Reference Count : 1]<UL><LI> cstartup.o(RESET)
</UL>
<P><STRONG><a name="[27]"></a>TIM1_TRG_COM_IRQHandler</STRONG> (Thumb, 0 bytes, Stack size 0 bytes, cstartup.o(.text))
<BR>[Address Reference Count : 1]<UL><LI> cstartup.o(RESET)
</UL>
<P><STRONG><a name="[26]"></a>TIM1_UP_IRQHandler</STRONG> (Thumb, 0 bytes, Stack size 0 bytes, cstartup.o(.text))
<BR>[Address Reference Count : 1]<UL><LI> cstartup.o(RESET)
</UL>
<P><STRONG><a name="[29]"></a>TIM2_IRQHandler</STRONG> (Thumb, 0 bytes, Stack size 0 bytes, cstartup.o(.text))
<BR>[Address Reference Count : 1]<UL><LI> cstartup.o(RESET)
</UL>
<P><STRONG><a name="[2a]"></a>TIM3_IRQHandler</STRONG> (Thumb, 0 bytes, Stack size 0 bytes, cstartup.o(.text))
<BR>[Address Reference Count : 1]<UL><LI> cstartup.o(RESET)
</UL>
<P><STRONG><a name="[2b]"></a>TIM4_IRQHandler</STRONG> (Thumb, 0 bytes, Stack size 0 bytes, cstartup.o(.text))
<BR>[Address Reference Count : 1]<UL><LI> cstartup.o(RESET)
</UL>
<P><STRONG><a name="[32]"></a>USART1_IRQHandler</STRONG> (Thumb, 0 bytes, Stack size 0 bytes, cstartup.o(.text))
<BR>[Address Reference Count : 1]<UL><LI> cstartup.o(RESET)
</UL>
<P><STRONG><a name="[33]"></a>USART2_IRQHandler</STRONG> (Thumb, 0 bytes, Stack size 0 bytes, cstartup.o(.text))
<BR>[Address Reference Count : 1]<UL><LI> cstartup.o(RESET)
</UL>
<P><STRONG><a name="[34]"></a>USART3_IRQHandler</STRONG> (Thumb, 0 bytes, Stack size 0 bytes, cstartup.o(.text))
<BR>[Address Reference Count : 1]<UL><LI> cstartup.o(RESET)
</UL>
<P><STRONG><a name="[37]"></a>USBWakeUp_IRQHandler</STRONG> (Thumb, 0 bytes, Stack size 0 bytes, cstartup.o(.text))
<BR>[Address Reference Count : 1]<UL><LI> cstartup.o(RESET)
</UL>
<P><STRONG><a name="[20]"></a>USB_HP_CAN_TX_IRQHandler</STRONG> (Thumb, 0 bytes, Stack size 0 bytes, cstartup.o(.text))
<BR>[Address Reference Count : 1]<UL><LI> cstartup.o(RESET)
</UL>
<P><STRONG><a name="[21]"></a>USB_LP_CAN_RX0_IRQHandler</STRONG> (Thumb, 0 bytes, Stack size 0 bytes, cstartup.o(.text))
<BR>[Address Reference Count : 1]<UL><LI> cstartup.o(RESET)
</UL>
<P><STRONG><a name="[d]"></a>WWDG_IRQHandler</STRONG> (Thumb, 0 bytes, Stack size 0 bytes, cstartup.o(.text))
<BR>[Address Reference Count : 1]<UL><LI> cstartup.o(RESET)
</UL>
<P><STRONG><a name="[1d6]"></a>__user_initial_stackheap</STRONG> (Thumb, 0 bytes, Stack size unknown bytes, cstartup.o(.text))
<BR><BR>[Called By]<UL><LI><a href="#[68]">&gt;&gt;</a>&nbsp;&nbsp;&nbsp;__user_setup_stackheap
</UL>

<P><STRONG><a name="[9c]"></a>GPIO_DeInit</STRONG> (Thumb, 172 bytes, Stack size 8 bytes, stm32f10x_gpio.o(.text), UNUSED)
<BR><BR>[Calls]<UL><LI><a href="#[9d]">&gt;&gt;</a>&nbsp;&nbsp;&nbsp;RCC_APB2PeriphResetCmd
</UL>

<P><STRONG><a name="[9e]"></a>GPIO_AFIODeInit</STRONG> (Thumb, 20 bytes, Stack size 8 bytes, stm32f10x_gpio.o(.text), UNUSED)
<BR><BR>[Calls]<UL><LI><a href="#[9d]">&gt;&gt;</a>&nbsp;&nbsp;&nbsp;RCC_APB2PeriphResetCmd
</UL>

<P><STRONG><a name="[7a]"></a>GPIO_Init</STRONG> (Thumb, 278 bytes, Stack size 24 bytes, stm32f10x_gpio.o(.text))
<BR><BR>[Stack]<UL><LI>Max Depth = 24<LI>Call Chain = GPIO_Init
</UL>
<BR>[Called By]<UL><LI><a href="#[8f]">&gt;&gt;</a>&nbsp;&nbsp;&nbsp;dm9000x_gpio_inital
<LI><a href="#[93]">&gt;&gt;</a>&nbsp;&nbsp;&nbsp;dm9000_in_byte
<LI><a href="#[91]">&gt;&gt;</a>&nbsp;&nbsp;&nbsp;dm9000_out_byte
<LI><a href="#[74]">&gt;&gt;</a>&nbsp;&nbsp;&nbsp;BSP_LED_Init
</UL>

<P><STRONG><a name="[1fd]"></a>GPIO_StructInit</STRONG> (Thumb, 16 bytes, Stack size 0 bytes, stm32f10x_gpio.o(.text), UNUSED)

<P><STRONG><a name="[1fe]"></a>GPIO_ReadInputDataBit</STRONG> (Thumb, 18 bytes, Stack size 0 bytes, stm32f10x_gpio.o(.text), UNUSED)

<P><STRONG><a name="[1ff]"></a>GPIO_ReadInputData</STRONG> (Thumb, 8 bytes, Stack size 0 bytes, stm32f10x_gpio.o(.text), UNUSED)

<P><STRONG><a name="[200]"></a>GPIO_ReadOutputDataBit</STRONG> (Thumb, 18 bytes, Stack size 0 bytes, stm32f10x_gpio.o(.text), UNUSED)

<P><STRONG><a name="[201]"></a>GPIO_ReadOutputData</STRONG> (Thumb, 8 bytes, Stack size 0 bytes, stm32f10x_gpio.o(.text), UNUSED)

<P><STRONG><a name="[7c]"></a>GPIO_SetBits</STRONG> (Thumb, 4 bytes, Stack size 0 bytes, stm32f10x_gpio.o(.text))
<BR><BR>[Called By]<UL><LI><a href="#[80]">&gt;&gt;</a>&nbsp;&nbsp;&nbsp;vRelay3Task
<LI><a href="#[7f]">&gt;&gt;</a>&nbsp;&nbsp;&nbsp;vRelay2Task
<LI><a href="#[7e]">&gt;&gt;</a>&nbsp;&nbsp;&nbsp;vRelay1Task
<LI><a href="#[38]">&gt;&gt;</a>&nbsp;&nbsp;&nbsp;vLedTask
<LI><a href="#[74]">&gt;&gt;</a>&nbsp;&nbsp;&nbsp;BSP_LED_Init
</UL>

<P><STRONG><a name="[7b]"></a>GPIO_ResetBits</STRONG> (Thumb, 4 bytes, Stack size 0 bytes, stm32f10x_gpio.o(.text))
<BR><BR>[Called By]<UL><LI><a href="#[80]">&gt;&gt;</a>&nbsp;&nbsp;&nbsp;vRelay3Task
<LI><a href="#[7f]">&gt;&gt;</a>&nbsp;&nbsp;&nbsp;vRelay2Task
<LI><a href="#[7e]">&gt;&gt;</a>&nbsp;&nbsp;&nbsp;vRelay1Task
<LI><a href="#[38]">&gt;&gt;</a>&nbsp;&nbsp;&nbsp;vLedTask
<LI><a href="#[74]">&gt;&gt;</a>&nbsp;&nbsp;&nbsp;BSP_LED_Init
</UL>

<P><STRONG><a name="[202]"></a>GPIO_WriteBit</STRONG> (Thumb, 10 bytes, Stack size 0 bytes, stm32f10x_gpio.o(.text), UNUSED)

<P><STRONG><a name="[203]"></a>GPIO_Write</STRONG> (Thumb, 4 bytes, Stack size 0 bytes, stm32f10x_gpio.o(.text), UNUSED)

<P><STRONG><a name="[204]"></a>GPIO_PinLockConfig</STRONG> (Thumb, 18 bytes, Stack size 0 bytes, stm32f10x_gpio.o(.text), UNUSED)

<P><STRONG><a name="[205]"></a>GPIO_EventOutputConfig</STRONG> (Thumb, 26 bytes, Stack size 0 bytes, stm32f10x_gpio.o(.text), UNUSED)

<P><STRONG><a name="[206]"></a>GPIO_EventOutputCmd</STRONG> (Thumb, 6 bytes, Stack size 0 bytes, stm32f10x_gpio.o(.text), UNUSED)

<P><STRONG><a name="[90]"></a>GPIO_PinRemapConfig</STRONG> (Thumb, 138 bytes, Stack size 20 bytes, stm32f10x_gpio.o(.text))
<BR><BR>[Stack]<UL><LI>Max Depth = 20<LI>Call Chain = GPIO_PinRemapConfig
</UL>
<BR>[Called By]<UL><LI><a href="#[8f]">&gt;&gt;</a>&nbsp;&nbsp;&nbsp;dm9000x_gpio_inital
</UL>

<P><STRONG><a name="[207]"></a>GPIO_EXTILineConfig</STRONG> (Thumb, 66 bytes, Stack size 12 bytes, stm32f10x_gpio.o(.text), UNUSED)

<P><STRONG><a name="[208]"></a>GPIO_ETH_MediaInterfaceConfig</STRONG> (Thumb, 8 bytes, Stack size 0 bytes, stm32f10x_gpio.o(.text), UNUSED)

<P><STRONG><a name="[209]"></a>RCC_DeInit</STRONG> (Thumb, 64 bytes, Stack size 0 bytes, stm32f10x_rcc.o(.text), UNUSED)

<P><STRONG><a name="[20a]"></a>RCC_HSEConfig</STRONG> (Thumb, 70 bytes, Stack size 0 bytes, stm32f10x_rcc.o(.text), UNUSED)

<P><STRONG><a name="[a0]"></a>RCC_GetFlagStatus</STRONG> (Thumb, 56 bytes, Stack size 8 bytes, stm32f10x_rcc.o(.text), UNUSED)
<BR><BR>[Called By]<UL><LI><a href="#[9f]">&gt;&gt;</a>&nbsp;&nbsp;&nbsp;RCC_WaitForHSEStartUp
</UL>

<P><STRONG><a name="[9f]"></a>RCC_WaitForHSEStartUp</STRONG> (Thumb, 56 bytes, Stack size 16 bytes, stm32f10x_rcc.o(.text), UNUSED)
<BR><BR>[Calls]<UL><LI><a href="#[a0]">&gt;&gt;</a>&nbsp;&nbsp;&nbsp;RCC_GetFlagStatus
</UL>

<P><STRONG><a name="[20b]"></a>RCC_AdjustHSICalibrationValue</STRONG> (Thumb, 20 bytes, Stack size 0 bytes, stm32f10x_rcc.o(.text), UNUSED)

<P><STRONG><a name="[20c]"></a>RCC_HSICmd</STRONG> (Thumb, 6 bytes, Stack size 0 bytes, stm32f10x_rcc.o(.text), UNUSED)

<P><STRONG><a name="[20d]"></a>RCC_PLLConfig</STRONG> (Thumb, 24 bytes, Stack size 0 bytes, stm32f10x_rcc.o(.text), UNUSED)

<P><STRONG><a name="[20e]"></a>RCC_PLLCmd</STRONG> (Thumb, 6 bytes, Stack size 0 bytes, stm32f10x_rcc.o(.text), UNUSED)

<P><STRONG><a name="[20f]"></a>RCC_SYSCLKConfig</STRONG> (Thumb, 18 bytes, Stack size 0 bytes, stm32f10x_rcc.o(.text), UNUSED)

<P><STRONG><a name="[210]"></a>RCC_GetSYSCLKSource</STRONG> (Thumb, 10 bytes, Stack size 0 bytes, stm32f10x_rcc.o(.text), UNUSED)

<P><STRONG><a name="[211]"></a>RCC_HCLKConfig</STRONG> (Thumb, 18 bytes, Stack size 0 bytes, stm32f10x_rcc.o(.text), UNUSED)

<P><STRONG><a name="[212]"></a>RCC_PCLK1Config</STRONG> (Thumb, 18 bytes, Stack size 0 bytes, stm32f10x_rcc.o(.text), UNUSED)

<P><STRONG><a name="[213]"></a>RCC_PCLK2Config</STRONG> (Thumb, 20 bytes, Stack size 0 bytes, stm32f10x_rcc.o(.text), UNUSED)

<P><STRONG><a name="[214]"></a>RCC_ITConfig</STRONG> (Thumb, 26 bytes, Stack size 0 bytes, stm32f10x_rcc.o(.text), UNUSED)

<P><STRONG><a name="[215]"></a>RCC_USBCLKConfig</STRONG> (Thumb, 8 bytes, Stack size 0 bytes, stm32f10x_rcc.o(.text), UNUSED)

<P><STRONG><a name="[216]"></a>RCC_ADCCLKConfig</STRONG> (Thumb, 18 bytes, Stack size 0 bytes, stm32f10x_rcc.o(.text), UNUSED)

<P><STRONG><a name="[217]"></a>RCC_LSEConfig</STRONG> (Thumb, 50 bytes, Stack size 0 bytes, stm32f10x_rcc.o(.text), UNUSED)

<P><STRONG><a name="[218]"></a>RCC_LSICmd</STRONG> (Thumb, 6 bytes, Stack size 0 bytes, stm32f10x_rcc.o(.text), UNUSED)

<P><STRONG><a name="[219]"></a>RCC_RTCCLKConfig</STRONG> (Thumb, 12 bytes, Stack size 0 bytes, stm32f10x_rcc.o(.text), UNUSED)

<P><STRONG><a name="[21a]"></a>RCC_RTCCLKCmd</STRONG> (Thumb, 8 bytes, Stack size 0 bytes, stm32f10x_rcc.o(.text), UNUSED)

<P><STRONG><a name="[21b]"></a>RCC_GetClocksFreq</STRONG> (Thumb, 192 bytes, Stack size 12 bytes, stm32f10x_rcc.o(.text), UNUSED)

<P><STRONG><a name="[21c]"></a>RCC_AHBPeriphClockCmd</STRONG> (Thumb, 26 bytes, Stack size 0 bytes, stm32f10x_rcc.o(.text), UNUSED)

<P><STRONG><a name="[79]"></a>RCC_APB2PeriphClockCmd</STRONG> (Thumb, 26 bytes, Stack size 0 bytes, stm32f10x_rcc.o(.text))
<BR><BR>[Called By]<UL><LI><a href="#[8f]">&gt;&gt;</a>&nbsp;&nbsp;&nbsp;dm9000x_gpio_inital
<LI><a href="#[74]">&gt;&gt;</a>&nbsp;&nbsp;&nbsp;BSP_LED_Init
</UL>

<P><STRONG><a name="[21d]"></a>RCC_APB1PeriphClockCmd</STRONG> (Thumb, 26 bytes, Stack size 0 bytes, stm32f10x_rcc.o(.text), UNUSED)

<P><STRONG><a name="[9d]"></a>RCC_APB2PeriphResetCmd</STRONG> (Thumb, 26 bytes, Stack size 0 bytes, stm32f10x_rcc.o(.text), UNUSED)
<BR><BR>[Called By]<UL><LI><a href="#[9e]">&gt;&gt;</a>&nbsp;&nbsp;&nbsp;GPIO_AFIODeInit
<LI><a href="#[9c]">&gt;&gt;</a>&nbsp;&nbsp;&nbsp;GPIO_DeInit
</UL>

<P><STRONG><a name="[21e]"></a>RCC_APB1PeriphResetCmd</STRONG> (Thumb, 26 bytes, Stack size 0 bytes, stm32f10x_rcc.o(.text), UNUSED)

<P><STRONG><a name="[21f]"></a>RCC_BackupResetCmd</STRONG> (Thumb, 8 bytes, Stack size 0 bytes, stm32f10x_rcc.o(.text), UNUSED)

<P><STRONG><a name="[220]"></a>RCC_ClockSecuritySystemCmd</STRONG> (Thumb, 6 bytes, Stack size 0 bytes, stm32f10x_rcc.o(.text), UNUSED)

<P><STRONG><a name="[221]"></a>RCC_MCOConfig</STRONG> (Thumb, 6 bytes, Stack size 0 bytes, stm32f10x_rcc.o(.text), UNUSED)

<P><STRONG><a name="[222]"></a>RCC_ClearFlag</STRONG> (Thumb, 14 bytes, Stack size 0 bytes, stm32f10x_rcc.o(.text), UNUSED)

<P><STRONG><a name="[223]"></a>RCC_GetITStatus</STRONG> (Thumb, 20 bytes, Stack size 0 bytes, stm32f10x_rcc.o(.text), UNUSED)

<P><STRONG><a name="[224]"></a>RCC_ClearITPendingBit</STRONG> (Thumb, 6 bytes, Stack size 0 bytes, stm32f10x_rcc.o(.text), UNUSED)

<P><STRONG><a name="[73]"></a>SystemInit</STRONG> (Thumb, 78 bytes, Stack size 8 bytes, system_stm32f10x.o(.text))
<BR><BR>[Stack]<UL><LI>Max Depth = 28<LI>Call Chain = SystemInit &rArr; SetSysClock &rArr; SetSysClockTo72
</UL>
<BR>[Calls]<UL><LI><a href="#[a1]">&gt;&gt;</a>&nbsp;&nbsp;&nbsp;SetSysClock
</UL>
<BR>[Called By]<UL><LI><a href="#[6c]">&gt;&gt;</a>&nbsp;&nbsp;&nbsp;main
</UL>

<P><STRONG><a name="[225]"></a>SystemCoreClockUpdate</STRONG> (Thumb, 142 bytes, Stack size 8 bytes, system_stm32f10x.o(.text), UNUSED)

<P><STRONG><a name="[a6]"></a>vListInitialise</STRONG> (Thumb, 26 bytes, Stack size 0 bytes, list.o(.text))
<BR><BR>[Called By]<UL><LI><a href="#[c2]">&gt;&gt;</a>&nbsp;&nbsp;&nbsp;prvInitialiseTaskLists
<LI><a href="#[a3]">&gt;&gt;</a>&nbsp;&nbsp;&nbsp;xQueueGenericReset
</UL>

<P><STRONG><a name="[c7]"></a>vListInitialiseItem</STRONG> (Thumb, 6 bytes, Stack size 0 bytes, list.o(.text))
<BR><BR>[Called By]<UL><LI><a href="#[c5]">&gt;&gt;</a>&nbsp;&nbsp;&nbsp;prvInitialiseNewTask
</UL>

<P><STRONG><a name="[c4]"></a>vListInsertEnd</STRONG> (Thumb, 24 bytes, Stack size 0 bytes, list.o(.text))
<BR><BR>[Called By]<UL><LI><a href="#[e6]">&gt;&gt;</a>&nbsp;&nbsp;&nbsp;vTaskNotifyGiveFromISR
<LI><a href="#[e5]">&gt;&gt;</a>&nbsp;&nbsp;&nbsp;xTaskGenericNotifyFromISR
<LI><a href="#[e4]">&gt;&gt;</a>&nbsp;&nbsp;&nbsp;xTaskGenericNotify
<LI><a href="#[d7]">&gt;&gt;</a>&nbsp;&nbsp;&nbsp;xTaskResumeFromISR
<LI><a href="#[d5]">&gt;&gt;</a>&nbsp;&nbsp;&nbsp;vTaskResume
<LI><a href="#[d4]">&gt;&gt;</a>&nbsp;&nbsp;&nbsp;vTaskSuspend
<LI><a href="#[d3]">&gt;&gt;</a>&nbsp;&nbsp;&nbsp;vTaskPrioritySet
<LI><a href="#[cd]">&gt;&gt;</a>&nbsp;&nbsp;&nbsp;xTaskIncrementTick
<LI><a href="#[ca]">&gt;&gt;</a>&nbsp;&nbsp;&nbsp;vTaskDelete
<LI><a href="#[ce]">&gt;&gt;</a>&nbsp;&nbsp;&nbsp;prvAddCurrentTaskToDelayedList
<LI><a href="#[c3]">&gt;&gt;</a>&nbsp;&nbsp;&nbsp;prvAddNewTaskToReadyList
<LI><a href="#[a5]">&gt;&gt;</a>&nbsp;&nbsp;&nbsp;xTaskRemoveFromEventList
<LI><a href="#[b5]">&gt;&gt;</a>&nbsp;&nbsp;&nbsp;xTaskResumeAll
<LI><a href="#[e1]">&gt;&gt;</a>&nbsp;&nbsp;&nbsp;xTaskRemoveFromUnorderedEventList
<LI><a href="#[e0]">&gt;&gt;</a>&nbsp;&nbsp;&nbsp;vTaskPlaceOnUnorderedEventList
</UL>

<P><STRONG><a name="[cf]"></a>vListInsert</STRONG> (Thumb, 52 bytes, Stack size 8 bytes, list.o(.text))
<BR><BR>[Stack]<UL><LI>Max Depth = 8<LI>Call Chain = vListInsert
</UL>
<BR>[Called By]<UL><LI><a href="#[ce]">&gt;&gt;</a>&nbsp;&nbsp;&nbsp;prvAddCurrentTaskToDelayedList
<LI><a href="#[b4]">&gt;&gt;</a>&nbsp;&nbsp;&nbsp;vTaskPlaceOnEventList
</UL>

<P><STRONG><a name="[cb]"></a>uxListRemove</STRONG> (Thumb, 40 bytes, Stack size 0 bytes, list.o(.text))
<BR><BR>[Called By]<UL><LI><a href="#[e6]">&gt;&gt;</a>&nbsp;&nbsp;&nbsp;vTaskNotifyGiveFromISR
<LI><a href="#[e5]">&gt;&gt;</a>&nbsp;&nbsp;&nbsp;xTaskGenericNotifyFromISR
<LI><a href="#[e4]">&gt;&gt;</a>&nbsp;&nbsp;&nbsp;xTaskGenericNotify
<LI><a href="#[d7]">&gt;&gt;</a>&nbsp;&nbsp;&nbsp;xTaskResumeFromISR
<LI><a href="#[d5]">&gt;&gt;</a>&nbsp;&nbsp;&nbsp;vTaskResume
<LI><a href="#[d4]">&gt;&gt;</a>&nbsp;&nbsp;&nbsp;vTaskSuspend
<LI><a href="#[d3]">&gt;&gt;</a>&nbsp;&nbsp;&nbsp;vTaskPrioritySet
<LI><a href="#[cd]">&gt;&gt;</a>&nbsp;&nbsp;&nbsp;xTaskIncrementTick
<LI><a href="#[ca]">&gt;&gt;</a>&nbsp;&nbsp;&nbsp;vTaskDelete
<LI><a href="#[d8]">&gt;&gt;</a>&nbsp;&nbsp;&nbsp;prvCheckTasksWaitingTermination
<LI><a href="#[ce]">&gt;&gt;</a>&nbsp;&nbsp;&nbsp;prvAddCurrentTaskToDelayedList
<LI><a href="#[a5]">&gt;&gt;</a>&nbsp;&nbsp;&nbsp;xTaskRemoveFromEventList
<LI><a href="#[b5]">&gt;&gt;</a>&nbsp;&nbsp;&nbsp;xTaskResumeAll
<LI><a href="#[e1]">&gt;&gt;</a>&nbsp;&nbsp;&nbsp;xTaskRemoveFromUnorderedEventList
</UL>

<P><STRONG><a name="[a3]"></a>xQueueGenericReset</STRONG> (Thumb, 122 bytes, Stack size 16 bytes, queue.o(.text))
<BR><BR>[Stack]<UL><LI>Max Depth = 32<LI>Call Chain = xQueueGenericReset &rArr; xTaskRemoveFromEventList
</UL>
<BR>[Calls]<UL><LI><a href="#[a5]">&gt;&gt;</a>&nbsp;&nbsp;&nbsp;xTaskRemoveFromEventList
<LI><a href="#[a7]">&gt;&gt;</a>&nbsp;&nbsp;&nbsp;vPortExitCritical
<LI><a href="#[a4]">&gt;&gt;</a>&nbsp;&nbsp;&nbsp;vPortEnterCritical
<LI><a href="#[a6]">&gt;&gt;</a>&nbsp;&nbsp;&nbsp;vListInitialise
</UL>
<BR>[Called By]<UL><LI><a href="#[a8]">&gt;&gt;</a>&nbsp;&nbsp;&nbsp;prvInitialiseNewQueue
</UL>

<P><STRONG><a name="[a9]"></a>xQueueGenericCreate</STRONG> (Thumb, 56 bytes, Stack size 32 bytes, queue.o(.text))
<BR><BR>[Stack]<UL><LI>Max Depth = 96<LI>Call Chain = xQueueGenericCreate &rArr; pvPortMalloc &rArr; xTaskResumeAll &rArr; xTaskIncrementTick
</UL>
<BR>[Calls]<UL><LI><a href="#[a8]">&gt;&gt;</a>&nbsp;&nbsp;&nbsp;prvInitialiseNewQueue
<LI><a href="#[aa]">&gt;&gt;</a>&nbsp;&nbsp;&nbsp;pvPortMalloc
</UL>
<BR>[Called By]<UL><LI><a href="#[f6]">&gt;&gt;</a>&nbsp;&nbsp;&nbsp;sys_sem_new
<LI><a href="#[ef]">&gt;&gt;</a>&nbsp;&nbsp;&nbsp;sys_mbox_new
</UL>

<P><STRONG><a name="[b0]"></a>xQueueGenericSend</STRONG> (Thumb, 276 bytes, Stack size 56 bytes, queue.o(.text))
<BR><BR>[Stack]<UL><LI>Max Depth = 104<LI>Call Chain = xQueueGenericSend &rArr; vTaskPlaceOnEventList &rArr; prvAddCurrentTaskToDelayedList &rArr; vListInsert
</UL>
<BR>[Calls]<UL><LI><a href="#[a5]">&gt;&gt;</a>&nbsp;&nbsp;&nbsp;xTaskRemoveFromEventList
<LI><a href="#[b3]">&gt;&gt;</a>&nbsp;&nbsp;&nbsp;xTaskCheckForTimeOut
<LI><a href="#[b1]">&gt;&gt;</a>&nbsp;&nbsp;&nbsp;vTaskSetTimeOutState
<LI><a href="#[b4]">&gt;&gt;</a>&nbsp;&nbsp;&nbsp;vTaskPlaceOnEventList
<LI><a href="#[ae]">&gt;&gt;</a>&nbsp;&nbsp;&nbsp;prvCopyDataToQueue
<LI><a href="#[ad]">&gt;&gt;</a>&nbsp;&nbsp;&nbsp;prvIsQueueFull
<LI><a href="#[ab]">&gt;&gt;</a>&nbsp;&nbsp;&nbsp;prvUnlockQueue
<LI><a href="#[b5]">&gt;&gt;</a>&nbsp;&nbsp;&nbsp;xTaskResumeAll
<LI><a href="#[b2]">&gt;&gt;</a>&nbsp;&nbsp;&nbsp;vTaskSuspendAll
<LI><a href="#[a7]">&gt;&gt;</a>&nbsp;&nbsp;&nbsp;vPortExitCritical
<LI><a href="#[a4]">&gt;&gt;</a>&nbsp;&nbsp;&nbsp;vPortEnterCritical
</UL>
<BR>[Called By]<UL><LI><a href="#[b6]">&gt;&gt;</a>&nbsp;&nbsp;&nbsp;prvInitialiseMutex
<LI><a href="#[f8]">&gt;&gt;</a>&nbsp;&nbsp;&nbsp;sys_sem_signal
<LI><a href="#[f6]">&gt;&gt;</a>&nbsp;&nbsp;&nbsp;sys_sem_new
<LI><a href="#[f2]">&gt;&gt;</a>&nbsp;&nbsp;&nbsp;sys_mbox_trypost
<LI><a href="#[f1]">&gt;&gt;</a>&nbsp;&nbsp;&nbsp;sys_mbox_post
</UL>

<P><STRONG><a name="[b7]"></a>xQueueGenericSendFromISR</STRONG> (Thumb, 134 bytes, Stack size 40 bytes, queue.o(.text), UNUSED)
<BR><BR>[Calls]<UL><LI><a href="#[a5]">&gt;&gt;</a>&nbsp;&nbsp;&nbsp;xTaskRemoveFromEventList
<LI><a href="#[ae]">&gt;&gt;</a>&nbsp;&nbsp;&nbsp;prvCopyDataToQueue
</UL>

<P><STRONG><a name="[b8]"></a>xQueueGiveFromISR</STRONG> (Thumb, 120 bytes, Stack size 32 bytes, queue.o(.text), UNUSED)
<BR><BR>[Calls]<UL><LI><a href="#[a5]">&gt;&gt;</a>&nbsp;&nbsp;&nbsp;xTaskRemoveFromEventList
</UL>

<P><STRONG><a name="[bb]"></a>xQueueGenericReceive</STRONG> (Thumb, 312 bytes, Stack size 56 bytes, queue.o(.text))
<BR><BR>[Stack]<UL><LI>Max Depth = 104<LI>Call Chain = xQueueGenericReceive &rArr; vTaskPlaceOnEventList &rArr; prvAddCurrentTaskToDelayedList &rArr; vListInsert
</UL>
<BR>[Calls]<UL><LI><a href="#[a5]">&gt;&gt;</a>&nbsp;&nbsp;&nbsp;xTaskRemoveFromEventList
<LI><a href="#[b3]">&gt;&gt;</a>&nbsp;&nbsp;&nbsp;xTaskCheckForTimeOut
<LI><a href="#[b1]">&gt;&gt;</a>&nbsp;&nbsp;&nbsp;vTaskSetTimeOutState
<LI><a href="#[b4]">&gt;&gt;</a>&nbsp;&nbsp;&nbsp;vTaskPlaceOnEventList
<LI><a href="#[ba]">&gt;&gt;</a>&nbsp;&nbsp;&nbsp;prvCopyDataFromQueue
<LI><a href="#[b9]">&gt;&gt;</a>&nbsp;&nbsp;&nbsp;prvIsQueueEmpty
<LI><a href="#[ab]">&gt;&gt;</a>&nbsp;&nbsp;&nbsp;prvUnlockQueue
<LI><a href="#[b5]">&gt;&gt;</a>&nbsp;&nbsp;&nbsp;xTaskResumeAll
<LI><a href="#[b2]">&gt;&gt;</a>&nbsp;&nbsp;&nbsp;vTaskSuspendAll
<LI><a href="#[a7]">&gt;&gt;</a>&nbsp;&nbsp;&nbsp;vPortExitCritical
<LI><a href="#[a4]">&gt;&gt;</a>&nbsp;&nbsp;&nbsp;vPortEnterCritical
</UL>
<BR>[Called By]<UL><LI><a href="#[f7]">&gt;&gt;</a>&nbsp;&nbsp;&nbsp;sys_arch_sem_wait
<LI><a href="#[f6]">&gt;&gt;</a>&nbsp;&nbsp;&nbsp;sys_sem_new
<LI><a href="#[f5]">&gt;&gt;</a>&nbsp;&nbsp;&nbsp;sys_arch_mbox_tryfetch
<LI><a href="#[f3]">&gt;&gt;</a>&nbsp;&nbsp;&nbsp;sys_arch_mbox_fetch
</UL>

<P><STRONG><a name="[bc]"></a>xQueueReceiveFromISR</STRONG> (Thumb, 130 bytes, Stack size 40 bytes, queue.o(.text), UNUSED)
<BR><BR>[Calls]<UL><LI><a href="#[a5]">&gt;&gt;</a>&nbsp;&nbsp;&nbsp;xTaskRemoveFromEventList
<LI><a href="#[ba]">&gt;&gt;</a>&nbsp;&nbsp;&nbsp;prvCopyDataFromQueue
</UL>

<P><STRONG><a name="[bd]"></a>xQueuePeekFromISR</STRONG> (Thumb, 74 bytes, Stack size 32 bytes, queue.o(.text), UNUSED)
<BR><BR>[Calls]<UL><LI><a href="#[ba]">&gt;&gt;</a>&nbsp;&nbsp;&nbsp;prvCopyDataFromQueue
</UL>

<P><STRONG><a name="[be]"></a>uxQueueMessagesWaiting</STRONG> (Thumb, 18 bytes, Stack size 16 bytes, queue.o(.text))
<BR><BR>[Stack]<UL><LI>Max Depth = 16<LI>Call Chain = uxQueueMessagesWaiting
</UL>
<BR>[Calls]<UL><LI><a href="#[a7]">&gt;&gt;</a>&nbsp;&nbsp;&nbsp;vPortExitCritical
<LI><a href="#[a4]">&gt;&gt;</a>&nbsp;&nbsp;&nbsp;vPortEnterCritical
</UL>
<BR>[Called By]<UL><LI><a href="#[f0]">&gt;&gt;</a>&nbsp;&nbsp;&nbsp;sys_mbox_free
</UL>

<P><STRONG><a name="[bf]"></a>uxQueueSpacesAvailable</STRONG> (Thumb, 24 bytes, Stack size 16 bytes, queue.o(.text), UNUSED)
<BR><BR>[Calls]<UL><LI><a href="#[a7]">&gt;&gt;</a>&nbsp;&nbsp;&nbsp;vPortExitCritical
<LI><a href="#[a4]">&gt;&gt;</a>&nbsp;&nbsp;&nbsp;vPortEnterCritical
</UL>

<P><STRONG><a name="[226]"></a>uxQueueMessagesWaitingFromISR</STRONG> (Thumb, 6 bytes, Stack size 0 bytes, queue.o(.text), UNUSED)

<P><STRONG><a name="[c0]"></a>vQueueDelete</STRONG> (Thumb, 14 bytes, Stack size 16 bytes, queue.o(.text))
<BR><BR>[Stack]<UL><LI>Max Depth = 72<LI>Call Chain = vQueueDelete &rArr; vPortFree &rArr; xTaskResumeAll &rArr; xTaskIncrementTick
</UL>
<BR>[Calls]<UL><LI><a href="#[c1]">&gt;&gt;</a>&nbsp;&nbsp;&nbsp;vPortFree
</UL>
<BR>[Called By]<UL><LI><a href="#[f9]">&gt;&gt;</a>&nbsp;&nbsp;&nbsp;sys_sem_free
<LI><a href="#[f0]">&gt;&gt;</a>&nbsp;&nbsp;&nbsp;sys_mbox_free
</UL>

<P><STRONG><a name="[227]"></a>uxQueueGetQueueNumber</STRONG> (Thumb, 6 bytes, Stack size 0 bytes, queue.o(.text), UNUSED)

<P><STRONG><a name="[228]"></a>vQueueSetQueueNumber</STRONG> (Thumb, 4 bytes, Stack size 0 bytes, queue.o(.text), UNUSED)

<P><STRONG><a name="[229]"></a>ucQueueGetQueueType</STRONG> (Thumb, 8 bytes, Stack size 0 bytes, queue.o(.text), UNUSED)

<P><STRONG><a name="[22a]"></a>xQueueIsQueueEmptyFromISR</STRONG> (Thumb, 14 bytes, Stack size 0 bytes, queue.o(.text), UNUSED)

<P><STRONG><a name="[22b]"></a>xQueueIsQueueFullFromISR</STRONG> (Thumb, 18 bytes, Stack size 0 bytes, queue.o(.text), UNUSED)

<P><STRONG><a name="[77]"></a>xTaskCreate</STRONG> (Thumb, 92 bytes, Stack size 64 bytes, tasks.o(.text))
<BR><BR>[Stack]<UL><LI>Max Depth = 128 + Unknown Stack Size
<LI>Call Chain = xTaskCreate &rArr; pvPortMalloc &rArr; xTaskResumeAll &rArr; xTaskIncrementTick
</UL>
<BR>[Calls]<UL><LI><a href="#[c5]">&gt;&gt;</a>&nbsp;&nbsp;&nbsp;prvInitialiseNewTask
<LI><a href="#[c3]">&gt;&gt;</a>&nbsp;&nbsp;&nbsp;prvAddNewTaskToReadyList
<LI><a href="#[c1]">&gt;&gt;</a>&nbsp;&nbsp;&nbsp;vPortFree
<LI><a href="#[aa]">&gt;&gt;</a>&nbsp;&nbsp;&nbsp;pvPortMalloc
</UL>
<BR>[Called By]<UL><LI><a href="#[78]">&gt;&gt;</a>&nbsp;&nbsp;&nbsp;vTaskStartScheduler
<LI><a href="#[6c]">&gt;&gt;</a>&nbsp;&nbsp;&nbsp;main
<LI><a href="#[fe]">&gt;&gt;</a>&nbsp;&nbsp;&nbsp;sys_thread_new
<LI><a href="#[ed]">&gt;&gt;</a>&nbsp;&nbsp;&nbsp;low_level_init
</UL>

<P><STRONG><a name="[ca]"></a>vTaskDelete</STRONG> (Thumb, 176 bytes, Stack size 16 bytes, tasks.o(.text), UNUSED)
<BR><BR>[Calls]<UL><LI><a href="#[c9]">&gt;&gt;</a>&nbsp;&nbsp;&nbsp;prvDeleteTCB
<LI><a href="#[cc]">&gt;&gt;</a>&nbsp;&nbsp;&nbsp;prvResetNextTaskUnblockTime
<LI><a href="#[cb]">&gt;&gt;</a>&nbsp;&nbsp;&nbsp;uxListRemove
<LI><a href="#[c4]">&gt;&gt;</a>&nbsp;&nbsp;&nbsp;vListInsertEnd
<LI><a href="#[a7]">&gt;&gt;</a>&nbsp;&nbsp;&nbsp;vPortExitCritical
<LI><a href="#[a4]">&gt;&gt;</a>&nbsp;&nbsp;&nbsp;vPortEnterCritical
</UL>

<P><STRONG><a name="[cd]"></a>xTaskIncrementTick</STRONG> (Thumb, 238 bytes, Stack size 24 bytes, tasks.o(.text))
<BR><BR>[Stack]<UL><LI>Max Depth = 24<LI>Call Chain = xTaskIncrementTick
</UL>
<BR>[Calls]<UL><LI><a href="#[cc]">&gt;&gt;</a>&nbsp;&nbsp;&nbsp;prvResetNextTaskUnblockTime
<LI><a href="#[cb]">&gt;&gt;</a>&nbsp;&nbsp;&nbsp;uxListRemove
<LI><a href="#[c4]">&gt;&gt;</a>&nbsp;&nbsp;&nbsp;vListInsertEnd
</UL>
<BR>[Called By]<UL><LI><a href="#[b5]">&gt;&gt;</a>&nbsp;&nbsp;&nbsp;xTaskResumeAll
<LI><a href="#[c]">&gt;&gt;</a>&nbsp;&nbsp;&nbsp;xPortSysTickHandler
</UL>

<P><STRONG><a name="[b5]"></a>xTaskResumeAll</STRONG> (Thumb, 282 bytes, Stack size 16 bytes, tasks.o(.text))
<BR><BR>[Stack]<UL><LI>Max Depth = 40<LI>Call Chain = xTaskResumeAll &rArr; xTaskIncrementTick
</UL>
<BR>[Calls]<UL><LI><a href="#[cd]">&gt;&gt;</a>&nbsp;&nbsp;&nbsp;xTaskIncrementTick
<LI><a href="#[cc]">&gt;&gt;</a>&nbsp;&nbsp;&nbsp;prvResetNextTaskUnblockTime
<LI><a href="#[cb]">&gt;&gt;</a>&nbsp;&nbsp;&nbsp;uxListRemove
<LI><a href="#[c4]">&gt;&gt;</a>&nbsp;&nbsp;&nbsp;vListInsertEnd
<LI><a href="#[a7]">&gt;&gt;</a>&nbsp;&nbsp;&nbsp;vPortExitCritical
<LI><a href="#[a4]">&gt;&gt;</a>&nbsp;&nbsp;&nbsp;vPortEnterCritical
</UL>
<BR>[Called By]<UL><LI><a href="#[df]">&gt;&gt;</a>&nbsp;&nbsp;&nbsp;uxTaskGetSystemState
<LI><a href="#[dc]">&gt;&gt;</a>&nbsp;&nbsp;&nbsp;vTaskGetTaskInfo
<LI><a href="#[d0]">&gt;&gt;</a>&nbsp;&nbsp;&nbsp;vTaskDelayUntil
<LI><a href="#[d8]">&gt;&gt;</a>&nbsp;&nbsp;&nbsp;prvCheckTasksWaitingTermination
<LI><a href="#[bb]">&gt;&gt;</a>&nbsp;&nbsp;&nbsp;xQueueGenericReceive
<LI><a href="#[b0]">&gt;&gt;</a>&nbsp;&nbsp;&nbsp;xQueueGenericSend
<LI><a href="#[c1]">&gt;&gt;</a>&nbsp;&nbsp;&nbsp;vPortFree
<LI><a href="#[aa]">&gt;&gt;</a>&nbsp;&nbsp;&nbsp;pvPortMalloc
<LI><a href="#[7d]">&gt;&gt;</a>&nbsp;&nbsp;&nbsp;vTaskDelay
</UL>

<P><STRONG><a name="[b2]"></a>vTaskSuspendAll</STRONG> (Thumb, 12 bytes, Stack size 0 bytes, tasks.o(.text))
<BR><BR>[Called By]<UL><LI><a href="#[df]">&gt;&gt;</a>&nbsp;&nbsp;&nbsp;uxTaskGetSystemState
<LI><a href="#[dc]">&gt;&gt;</a>&nbsp;&nbsp;&nbsp;vTaskGetTaskInfo
<LI><a href="#[d0]">&gt;&gt;</a>&nbsp;&nbsp;&nbsp;vTaskDelayUntil
<LI><a href="#[d8]">&gt;&gt;</a>&nbsp;&nbsp;&nbsp;prvCheckTasksWaitingTermination
<LI><a href="#[bb]">&gt;&gt;</a>&nbsp;&nbsp;&nbsp;xQueueGenericReceive
<LI><a href="#[b0]">&gt;&gt;</a>&nbsp;&nbsp;&nbsp;xQueueGenericSend
<LI><a href="#[c1]">&gt;&gt;</a>&nbsp;&nbsp;&nbsp;vPortFree
<LI><a href="#[aa]">&gt;&gt;</a>&nbsp;&nbsp;&nbsp;pvPortMalloc
<LI><a href="#[7d]">&gt;&gt;</a>&nbsp;&nbsp;&nbsp;vTaskDelay
</UL>

<P><STRONG><a name="[d0]"></a>vTaskDelayUntil</STRONG> (Thumb, 106 bytes, Stack size 32 bytes, tasks.o(.text), UNUSED)
<BR><BR>[Calls]<UL><LI><a href="#[ce]">&gt;&gt;</a>&nbsp;&nbsp;&nbsp;prvAddCurrentTaskToDelayedList
<LI><a href="#[b5]">&gt;&gt;</a>&nbsp;&nbsp;&nbsp;xTaskResumeAll
<LI><a href="#[b2]">&gt;&gt;</a>&nbsp;&nbsp;&nbsp;vTaskSuspendAll
</UL>

<P><STRONG><a name="[7d]"></a>vTaskDelay</STRONG> (Thumb, 46 bytes, Stack size 16 bytes, tasks.o(.text))
<BR><BR>[Stack]<UL><LI>Max Depth = 56<LI>Call Chain = vTaskDelay &rArr; xTaskResumeAll &rArr; xTaskIncrementTick
</UL>
<BR>[Calls]<UL><LI><a href="#[ce]">&gt;&gt;</a>&nbsp;&nbsp;&nbsp;prvAddCurrentTaskToDelayedList
<LI><a href="#[b5]">&gt;&gt;</a>&nbsp;&nbsp;&nbsp;xTaskResumeAll
<LI><a href="#[b2]">&gt;&gt;</a>&nbsp;&nbsp;&nbsp;vTaskSuspendAll
</UL>
<BR>[Called By]<UL><LI><a href="#[80]">&gt;&gt;</a>&nbsp;&nbsp;&nbsp;vRelay3Task
<LI><a href="#[7f]">&gt;&gt;</a>&nbsp;&nbsp;&nbsp;vRelay2Task
<LI><a href="#[7e]">&gt;&gt;</a>&nbsp;&nbsp;&nbsp;vRelay1Task
<LI><a href="#[38]">&gt;&gt;</a>&nbsp;&nbsp;&nbsp;vLedTask
<LI><a href="#[18f]">&gt;&gt;</a>&nbsp;&nbsp;&nbsp;LwIPEntry
</UL>

<P><STRONG><a name="[d1]"></a>eTaskGetState</STRONG> (Thumb, 88 bytes, Stack size 24 bytes, tasks.o(.text), UNUSED)
<BR><BR>[Calls]<UL><LI><a href="#[a7]">&gt;&gt;</a>&nbsp;&nbsp;&nbsp;vPortExitCritical
<LI><a href="#[a4]">&gt;&gt;</a>&nbsp;&nbsp;&nbsp;vPortEnterCritical
</UL>
<BR>[Called By]<UL><LI><a href="#[dc]">&gt;&gt;</a>&nbsp;&nbsp;&nbsp;vTaskGetTaskInfo
</UL>

<P><STRONG><a name="[d2]"></a>uxTaskPriorityGet</STRONG> (Thumb, 30 bytes, Stack size 16 bytes, tasks.o(.text), UNUSED)
<BR><BR>[Calls]<UL><LI><a href="#[a7]">&gt;&gt;</a>&nbsp;&nbsp;&nbsp;vPortExitCritical
<LI><a href="#[a4]">&gt;&gt;</a>&nbsp;&nbsp;&nbsp;vPortEnterCritical
</UL>

<P><STRONG><a name="[22c]"></a>uxTaskPriorityGetFromISR</STRONG> (Thumb, 52 bytes, Stack size 16 bytes, tasks.o(.text), UNUSED)

<P><STRONG><a name="[d3]"></a>vTaskPrioritySet</STRONG> (Thumb, 216 bytes, Stack size 32 bytes, tasks.o(.text), UNUSED)
<BR><BR>[Calls]<UL><LI><a href="#[cb]">&gt;&gt;</a>&nbsp;&nbsp;&nbsp;uxListRemove
<LI><a href="#[c4]">&gt;&gt;</a>&nbsp;&nbsp;&nbsp;vListInsertEnd
<LI><a href="#[a7]">&gt;&gt;</a>&nbsp;&nbsp;&nbsp;vPortExitCritical
<LI><a href="#[a4]">&gt;&gt;</a>&nbsp;&nbsp;&nbsp;vPortEnterCritical
</UL>

<P><STRONG><a name="[72]"></a>vTaskSwitchContext</STRONG> (Thumb, 76 bytes, Stack size 0 bytes, tasks.o(.text))
<BR><BR>[Called By]<UL><LI><a href="#[d4]">&gt;&gt;</a>&nbsp;&nbsp;&nbsp;vTaskSuspend
<LI><a href="#[b]">&gt;&gt;</a>&nbsp;&nbsp;&nbsp;xPortPendSVHandler
</UL>

<P><STRONG><a name="[d4]"></a>vTaskSuspend</STRONG> (Thumb, 224 bytes, Stack size 16 bytes, tasks.o(.text), UNUSED)
<BR><BR>[Calls]<UL><LI><a href="#[72]">&gt;&gt;</a>&nbsp;&nbsp;&nbsp;vTaskSwitchContext
<LI><a href="#[cc]">&gt;&gt;</a>&nbsp;&nbsp;&nbsp;prvResetNextTaskUnblockTime
<LI><a href="#[cb]">&gt;&gt;</a>&nbsp;&nbsp;&nbsp;uxListRemove
<LI><a href="#[c4]">&gt;&gt;</a>&nbsp;&nbsp;&nbsp;vListInsertEnd
<LI><a href="#[a7]">&gt;&gt;</a>&nbsp;&nbsp;&nbsp;vPortExitCritical
<LI><a href="#[a4]">&gt;&gt;</a>&nbsp;&nbsp;&nbsp;vPortEnterCritical
</UL>

<P><STRONG><a name="[d5]"></a>vTaskResume</STRONG> (Thumb, 104 bytes, Stack size 16 bytes, tasks.o(.text), UNUSED)
<BR><BR>[Calls]<UL><LI><a href="#[d6]">&gt;&gt;</a>&nbsp;&nbsp;&nbsp;prvTaskIsTaskSuspended
<LI><a href="#[cb]">&gt;&gt;</a>&nbsp;&nbsp;&nbsp;uxListRemove
<LI><a href="#[c4]">&gt;&gt;</a>&nbsp;&nbsp;&nbsp;vListInsertEnd
<LI><a href="#[a7]">&gt;&gt;</a>&nbsp;&nbsp;&nbsp;vPortExitCritical
<LI><a href="#[a4]">&gt;&gt;</a>&nbsp;&nbsp;&nbsp;vPortEnterCritical
</UL>

<P><STRONG><a name="[d7]"></a>xTaskResumeFromISR</STRONG> (Thumb, 130 bytes, Stack size 24 bytes, tasks.o(.text), UNUSED)
<BR><BR>[Calls]<UL><LI><a href="#[d6]">&gt;&gt;</a>&nbsp;&nbsp;&nbsp;prvTaskIsTaskSuspended
<LI><a href="#[cb]">&gt;&gt;</a>&nbsp;&nbsp;&nbsp;uxListRemove
<LI><a href="#[c4]">&gt;&gt;</a>&nbsp;&nbsp;&nbsp;vListInsertEnd
</UL>

<P><STRONG><a name="[78]"></a>vTaskStartScheduler</STRONG> (Thumb, 74 bytes, Stack size 24 bytes, tasks.o(.text))
<BR><BR>[Stack]<UL><LI>Max Depth = 152 + Unknown Stack Size
<LI>Call Chain = vTaskStartScheduler &rArr; xTaskCreate &rArr; pvPortMalloc &rArr; xTaskResumeAll &rArr; xTaskIncrementTick
</UL>
<BR>[Calls]<UL><LI><a href="#[d9]">&gt;&gt;</a>&nbsp;&nbsp;&nbsp;xPortStartScheduler
<LI><a href="#[77]">&gt;&gt;</a>&nbsp;&nbsp;&nbsp;xTaskCreate
</UL>
<BR>[Called By]<UL><LI><a href="#[6c]">&gt;&gt;</a>&nbsp;&nbsp;&nbsp;main
</UL>

<P><STRONG><a name="[da]"></a>vTaskEndScheduler</STRONG> (Thumb, 32 bytes, Stack size 8 bytes, tasks.o(.text), UNUSED)
<BR><BR>[Calls]<UL><LI><a href="#[db]">&gt;&gt;</a>&nbsp;&nbsp;&nbsp;vPortEndScheduler
</UL>

<P><STRONG><a name="[f4]"></a>xTaskGetTickCount</STRONG> (Thumb, 6 bytes, Stack size 0 bytes, tasks.o(.text))
<BR><BR>[Called By]<UL><LI><a href="#[f7]">&gt;&gt;</a>&nbsp;&nbsp;&nbsp;sys_arch_sem_wait
<LI><a href="#[f3]">&gt;&gt;</a>&nbsp;&nbsp;&nbsp;sys_arch_mbox_fetch
</UL>

<P><STRONG><a name="[22d]"></a>xTaskGetTickCountFromISR</STRONG> (Thumb, 8 bytes, Stack size 0 bytes, tasks.o(.text), UNUSED)

<P><STRONG><a name="[22e]"></a>uxTaskGetNumberOfTasks</STRONG> (Thumb, 6 bytes, Stack size 0 bytes, tasks.o(.text), UNUSED)

<P><STRONG><a name="[22f]"></a>pcTaskGetName</STRONG> (Thumb, 20 bytes, Stack size 0 bytes, tasks.o(.text), UNUSED)

<P><STRONG><a name="[dc]"></a>vTaskGetTaskInfo</STRONG> (Thumb, 112 bytes, Stack size 24 bytes, tasks.o(.text), UNUSED)
<BR><BR>[Calls]<UL><LI><a href="#[d1]">&gt;&gt;</a>&nbsp;&nbsp;&nbsp;eTaskGetState
<LI><a href="#[dd]">&gt;&gt;</a>&nbsp;&nbsp;&nbsp;prvTaskCheckFreeStackSpace
<LI><a href="#[b5]">&gt;&gt;</a>&nbsp;&nbsp;&nbsp;xTaskResumeAll
<LI><a href="#[b2]">&gt;&gt;</a>&nbsp;&nbsp;&nbsp;vTaskSuspendAll
</UL>
<BR>[Called By]<UL><LI><a href="#[de]">&gt;&gt;</a>&nbsp;&nbsp;&nbsp;prvListTasksWithinSingleList
</UL>

<P><STRONG><a name="[df]"></a>uxTaskGetSystemState</STRONG> (Thumb, 152 bytes, Stack size 24 bytes, tasks.o(.text), UNUSED)
<BR><BR>[Calls]<UL><LI><a href="#[de]">&gt;&gt;</a>&nbsp;&nbsp;&nbsp;prvListTasksWithinSingleList
<LI><a href="#[b5]">&gt;&gt;</a>&nbsp;&nbsp;&nbsp;xTaskResumeAll
<LI><a href="#[b2]">&gt;&gt;</a>&nbsp;&nbsp;&nbsp;vTaskSuspendAll
</UL>

<P><STRONG><a name="[b4]"></a>vTaskPlaceOnEventList</STRONG> (Thumb, 28 bytes, Stack size 16 bytes, tasks.o(.text))
<BR><BR>[Stack]<UL><LI>Max Depth = 48<LI>Call Chain = vTaskPlaceOnEventList &rArr; prvAddCurrentTaskToDelayedList &rArr; vListInsert
</UL>
<BR>[Calls]<UL><LI><a href="#[ce]">&gt;&gt;</a>&nbsp;&nbsp;&nbsp;prvAddCurrentTaskToDelayedList
<LI><a href="#[cf]">&gt;&gt;</a>&nbsp;&nbsp;&nbsp;vListInsert
</UL>
<BR>[Called By]<UL><LI><a href="#[bb]">&gt;&gt;</a>&nbsp;&nbsp;&nbsp;xQueueGenericReceive
<LI><a href="#[b0]">&gt;&gt;</a>&nbsp;&nbsp;&nbsp;xQueueGenericSend
</UL>

<P><STRONG><a name="[e0]"></a>vTaskPlaceOnUnorderedEventList</STRONG> (Thumb, 116 bytes, Stack size 16 bytes, tasks.o(.text), UNUSED)
<BR><BR>[Calls]<UL><LI><a href="#[ce]">&gt;&gt;</a>&nbsp;&nbsp;&nbsp;prvAddCurrentTaskToDelayedList
<LI><a href="#[c4]">&gt;&gt;</a>&nbsp;&nbsp;&nbsp;vListInsertEnd
</UL>

<P><STRONG><a name="[a5]"></a>xTaskRemoveFromEventList</STRONG> (Thumb, 104 bytes, Stack size 16 bytes, tasks.o(.text))
<BR><BR>[Stack]<UL><LI>Max Depth = 16<LI>Call Chain = xTaskRemoveFromEventList
</UL>
<BR>[Calls]<UL><LI><a href="#[cb]">&gt;&gt;</a>&nbsp;&nbsp;&nbsp;uxListRemove
<LI><a href="#[c4]">&gt;&gt;</a>&nbsp;&nbsp;&nbsp;vListInsertEnd
</UL>
<BR>[Called By]<UL><LI><a href="#[bc]">&gt;&gt;</a>&nbsp;&nbsp;&nbsp;xQueueReceiveFromISR
<LI><a href="#[bb]">&gt;&gt;</a>&nbsp;&nbsp;&nbsp;xQueueGenericReceive
<LI><a href="#[b8]">&gt;&gt;</a>&nbsp;&nbsp;&nbsp;xQueueGiveFromISR
<LI><a href="#[b7]">&gt;&gt;</a>&nbsp;&nbsp;&nbsp;xQueueGenericSendFromISR
<LI><a href="#[b0]">&gt;&gt;</a>&nbsp;&nbsp;&nbsp;xQueueGenericSend
<LI><a href="#[a3]">&gt;&gt;</a>&nbsp;&nbsp;&nbsp;xQueueGenericReset
<LI><a href="#[ab]">&gt;&gt;</a>&nbsp;&nbsp;&nbsp;prvUnlockQueue
</UL>

<P><STRONG><a name="[e1]"></a>xTaskRemoveFromUnorderedEventList</STRONG> (Thumb, 94 bytes, Stack size 24 bytes, tasks.o(.text), UNUSED)
<BR><BR>[Calls]<UL><LI><a href="#[cb]">&gt;&gt;</a>&nbsp;&nbsp;&nbsp;uxListRemove
<LI><a href="#[c4]">&gt;&gt;</a>&nbsp;&nbsp;&nbsp;vListInsertEnd
</UL>

<P><STRONG><a name="[b1]"></a>vTaskSetTimeOutState</STRONG> (Thumb, 14 bytes, Stack size 0 bytes, tasks.o(.text))
<BR><BR>[Called By]<UL><LI><a href="#[b3]">&gt;&gt;</a>&nbsp;&nbsp;&nbsp;xTaskCheckForTimeOut
<LI><a href="#[bb]">&gt;&gt;</a>&nbsp;&nbsp;&nbsp;xQueueGenericReceive
<LI><a href="#[b0]">&gt;&gt;</a>&nbsp;&nbsp;&nbsp;xQueueGenericSend
</UL>

<P><STRONG><a name="[b3]"></a>xTaskCheckForTimeOut</STRONG> (Thumb, 84 bytes, Stack size 16 bytes, tasks.o(.text))
<BR><BR>[Stack]<UL><LI>Max Depth = 16<LI>Call Chain = xTaskCheckForTimeOut
</UL>
<BR>[Calls]<UL><LI><a href="#[b1]">&gt;&gt;</a>&nbsp;&nbsp;&nbsp;vTaskSetTimeOutState
<LI><a href="#[a7]">&gt;&gt;</a>&nbsp;&nbsp;&nbsp;vPortExitCritical
<LI><a href="#[a4]">&gt;&gt;</a>&nbsp;&nbsp;&nbsp;vPortEnterCritical
</UL>
<BR>[Called By]<UL><LI><a href="#[bb]">&gt;&gt;</a>&nbsp;&nbsp;&nbsp;xQueueGenericReceive
<LI><a href="#[b0]">&gt;&gt;</a>&nbsp;&nbsp;&nbsp;xQueueGenericSend
</UL>

<P><STRONG><a name="[ac]"></a>vTaskMissedYield</STRONG> (Thumb, 8 bytes, Stack size 0 bytes, tasks.o(.text))
<BR><BR>[Called By]<UL><LI><a href="#[ab]">&gt;&gt;</a>&nbsp;&nbsp;&nbsp;prvUnlockQueue
</UL>

<P><STRONG><a name="[230]"></a>uxTaskGetTaskNumber</STRONG> (Thumb, 14 bytes, Stack size 0 bytes, tasks.o(.text), UNUSED)

<P><STRONG><a name="[231]"></a>vTaskSetTaskNumber</STRONG> (Thumb, 8 bytes, Stack size 0 bytes, tasks.o(.text), UNUSED)

<P><STRONG><a name="[fb]"></a>xTaskGetCurrentTaskHandle</STRONG> (Thumb, 6 bytes, Stack size 0 bytes, tasks.o(.text))
<BR><BR>[Called By]<UL><LI><a href="#[fa]">&gt;&gt;</a>&nbsp;&nbsp;&nbsp;sys_arch_timeouts
</UL>

<P><STRONG><a name="[232]"></a>uxTaskResetEventItemValue</STRONG> (Thumb, 24 bytes, Stack size 0 bytes, tasks.o(.text), UNUSED)

<P><STRONG><a name="[e2]"></a>ulTaskNotifyTake</STRONG> (Thumb, 108 bytes, Stack size 16 bytes, tasks.o(.text), UNUSED)
<BR><BR>[Calls]<UL><LI><a href="#[ce]">&gt;&gt;</a>&nbsp;&nbsp;&nbsp;prvAddCurrentTaskToDelayedList
<LI><a href="#[a7]">&gt;&gt;</a>&nbsp;&nbsp;&nbsp;vPortExitCritical
<LI><a href="#[a4]">&gt;&gt;</a>&nbsp;&nbsp;&nbsp;vPortEnterCritical
</UL>

<P><STRONG><a name="[e3]"></a>xTaskNotifyWait</STRONG> (Thumb, 150 bytes, Stack size 24 bytes, tasks.o(.text), UNUSED)
<BR><BR>[Calls]<UL><LI><a href="#[ce]">&gt;&gt;</a>&nbsp;&nbsp;&nbsp;prvAddCurrentTaskToDelayedList
<LI><a href="#[a7]">&gt;&gt;</a>&nbsp;&nbsp;&nbsp;vPortExitCritical
<LI><a href="#[a4]">&gt;&gt;</a>&nbsp;&nbsp;&nbsp;vPortEnterCritical
</UL>

<P><STRONG><a name="[e4]"></a>xTaskGenericNotify</STRONG> (Thumb, 178 bytes, Stack size 32 bytes, tasks.o(.text), UNUSED)
<BR><BR>[Calls]<UL><LI><a href="#[cb]">&gt;&gt;</a>&nbsp;&nbsp;&nbsp;uxListRemove
<LI><a href="#[c4]">&gt;&gt;</a>&nbsp;&nbsp;&nbsp;vListInsertEnd
<LI><a href="#[a7]">&gt;&gt;</a>&nbsp;&nbsp;&nbsp;vPortExitCritical
<LI><a href="#[a4]">&gt;&gt;</a>&nbsp;&nbsp;&nbsp;vPortEnterCritical
</UL>

<P><STRONG><a name="[e5]"></a>xTaskGenericNotifyFromISR</STRONG> (Thumb, 264 bytes, Stack size 40 bytes, tasks.o(.text), UNUSED)
<BR><BR>[Calls]<UL><LI><a href="#[cb]">&gt;&gt;</a>&nbsp;&nbsp;&nbsp;uxListRemove
<LI><a href="#[c4]">&gt;&gt;</a>&nbsp;&nbsp;&nbsp;vListInsertEnd
</UL>

<P><STRONG><a name="[e6]"></a>vTaskNotifyGiveFromISR</STRONG> (Thumb, 154 bytes, Stack size 24 bytes, tasks.o(.text), UNUSED)
<BR><BR>[Calls]<UL><LI><a href="#[cb]">&gt;&gt;</a>&nbsp;&nbsp;&nbsp;uxListRemove
<LI><a href="#[c4]">&gt;&gt;</a>&nbsp;&nbsp;&nbsp;vListInsertEnd
</UL>

<P><STRONG><a name="[e7]"></a>xTaskNotifyStateClear</STRONG> (Thumb, 48 bytes, Stack size 16 bytes, tasks.o(.text), UNUSED)
<BR><BR>[Calls]<UL><LI><a href="#[a7]">&gt;&gt;</a>&nbsp;&nbsp;&nbsp;vPortExitCritical
<LI><a href="#[a4]">&gt;&gt;</a>&nbsp;&nbsp;&nbsp;vPortEnterCritical
</UL>

<P><STRONG><a name="[c8]"></a>pxPortInitialiseStack</STRONG> (Thumb, 26 bytes, Stack size 0 bytes, port.o(.text))
<BR><BR>[Called By]<UL><LI><a href="#[c5]">&gt;&gt;</a>&nbsp;&nbsp;&nbsp;prvInitialiseNewTask
</UL>

<P><STRONG><a name="[e8]"></a>vPortSetupTimerInterrupt</STRONG> (Thumb, 14 bytes, Stack size 0 bytes, port.o(.text))
<BR><BR>[Called By]<UL><LI><a href="#[d9]">&gt;&gt;</a>&nbsp;&nbsp;&nbsp;xPortStartScheduler
</UL>

<P><STRONG><a name="[d9]"></a>xPortStartScheduler</STRONG> (Thumb, 42 bytes, Stack size 8 bytes, port.o(.text))
<BR><BR>[Stack]<UL><LI>Max Depth = 8<LI>Call Chain = xPortStartScheduler
</UL>
<BR>[Calls]<UL><LI><a href="#[e9]">&gt;&gt;</a>&nbsp;&nbsp;&nbsp;__asm___6_port_c_39a90d8d__prvStartFirstTask
<LI><a href="#[e8]">&gt;&gt;</a>&nbsp;&nbsp;&nbsp;vPortSetupTimerInterrupt
</UL>
<BR>[Called By]<UL><LI><a href="#[78]">&gt;&gt;</a>&nbsp;&nbsp;&nbsp;vTaskStartScheduler
</UL>

<P><STRONG><a name="[db]"></a>vPortEndScheduler</STRONG> (Thumb, 2 bytes, Stack size 0 bytes, port.o(.text), UNUSED)
<BR><BR>[Called By]<UL><LI><a href="#[da]">&gt;&gt;</a>&nbsp;&nbsp;&nbsp;vTaskEndScheduler
</UL>

<P><STRONG><a name="[a4]"></a>vPortEnterCritical</STRONG> (Thumb, 30 bytes, Stack size 0 bytes, port.o(.text))
<BR><BR>[Called By]<UL><LI><a href="#[e7]">&gt;&gt;</a>&nbsp;&nbsp;&nbsp;xTaskNotifyStateClear
<LI><a href="#[e4]">&gt;&gt;</a>&nbsp;&nbsp;&nbsp;xTaskGenericNotify
<LI><a href="#[e3]">&gt;&gt;</a>&nbsp;&nbsp;&nbsp;xTaskNotifyWait
<LI><a href="#[e2]">&gt;&gt;</a>&nbsp;&nbsp;&nbsp;ulTaskNotifyTake
<LI><a href="#[d5]">&gt;&gt;</a>&nbsp;&nbsp;&nbsp;vTaskResume
<LI><a href="#[d4]">&gt;&gt;</a>&nbsp;&nbsp;&nbsp;vTaskSuspend
<LI><a href="#[d3]">&gt;&gt;</a>&nbsp;&nbsp;&nbsp;vTaskPrioritySet
<LI><a href="#[d2]">&gt;&gt;</a>&nbsp;&nbsp;&nbsp;uxTaskPriorityGet
<LI><a href="#[d1]">&gt;&gt;</a>&nbsp;&nbsp;&nbsp;eTaskGetState
<LI><a href="#[ca]">&gt;&gt;</a>&nbsp;&nbsp;&nbsp;vTaskDelete
<LI><a href="#[d8]">&gt;&gt;</a>&nbsp;&nbsp;&nbsp;prvCheckTasksWaitingTermination
<LI><a href="#[c3]">&gt;&gt;</a>&nbsp;&nbsp;&nbsp;prvAddNewTaskToReadyList
<LI><a href="#[b3]">&gt;&gt;</a>&nbsp;&nbsp;&nbsp;xTaskCheckForTimeOut
<LI><a href="#[bf]">&gt;&gt;</a>&nbsp;&nbsp;&nbsp;uxQueueSpacesAvailable
<LI><a href="#[be]">&gt;&gt;</a>&nbsp;&nbsp;&nbsp;uxQueueMessagesWaiting
<LI><a href="#[bb]">&gt;&gt;</a>&nbsp;&nbsp;&nbsp;xQueueGenericReceive
<LI><a href="#[b0]">&gt;&gt;</a>&nbsp;&nbsp;&nbsp;xQueueGenericSend
<LI><a href="#[a3]">&gt;&gt;</a>&nbsp;&nbsp;&nbsp;xQueueGenericReset
<LI><a href="#[b9]">&gt;&gt;</a>&nbsp;&nbsp;&nbsp;prvIsQueueEmpty
<LI><a href="#[ad]">&gt;&gt;</a>&nbsp;&nbsp;&nbsp;prvIsQueueFull
<LI><a href="#[ab]">&gt;&gt;</a>&nbsp;&nbsp;&nbsp;prvUnlockQueue
<LI><a href="#[b5]">&gt;&gt;</a>&nbsp;&nbsp;&nbsp;xTaskResumeAll
<LI><a href="#[ff]">&gt;&gt;</a>&nbsp;&nbsp;&nbsp;sys_assert
<LI><a href="#[fc]">&gt;&gt;</a>&nbsp;&nbsp;&nbsp;sys_arch_protect
</UL>

<P><STRONG><a name="[a7]"></a>vPortExitCritical</STRONG> (Thumb, 28 bytes, Stack size 0 bytes, port.o(.text))
<BR><BR>[Called By]<UL><LI><a href="#[e7]">&gt;&gt;</a>&nbsp;&nbsp;&nbsp;xTaskNotifyStateClear
<LI><a href="#[e4]">&gt;&gt;</a>&nbsp;&nbsp;&nbsp;xTaskGenericNotify
<LI><a href="#[e3]">&gt;&gt;</a>&nbsp;&nbsp;&nbsp;xTaskNotifyWait
<LI><a href="#[e2]">&gt;&gt;</a>&nbsp;&nbsp;&nbsp;ulTaskNotifyTake
<LI><a href="#[d5]">&gt;&gt;</a>&nbsp;&nbsp;&nbsp;vTaskResume
<LI><a href="#[d4]">&gt;&gt;</a>&nbsp;&nbsp;&nbsp;vTaskSuspend
<LI><a href="#[d3]">&gt;&gt;</a>&nbsp;&nbsp;&nbsp;vTaskPrioritySet
<LI><a href="#[d2]">&gt;&gt;</a>&nbsp;&nbsp;&nbsp;uxTaskPriorityGet
<LI><a href="#[d1]">&gt;&gt;</a>&nbsp;&nbsp;&nbsp;eTaskGetState
<LI><a href="#[ca]">&gt;&gt;</a>&nbsp;&nbsp;&nbsp;vTaskDelete
<LI><a href="#[d8]">&gt;&gt;</a>&nbsp;&nbsp;&nbsp;prvCheckTasksWaitingTermination
<LI><a href="#[c3]">&gt;&gt;</a>&nbsp;&nbsp;&nbsp;prvAddNewTaskToReadyList
<LI><a href="#[b3]">&gt;&gt;</a>&nbsp;&nbsp;&nbsp;xTaskCheckForTimeOut
<LI><a href="#[bf]">&gt;&gt;</a>&nbsp;&nbsp;&nbsp;uxQueueSpacesAvailable
<LI><a href="#[be]">&gt;&gt;</a>&nbsp;&nbsp;&nbsp;uxQueueMessagesWaiting
<LI><a href="#[bb]">&gt;&gt;</a>&nbsp;&nbsp;&nbsp;xQueueGenericReceive
<LI><a href="#[b0]">&gt;&gt;</a>&nbsp;&nbsp;&nbsp;xQueueGenericSend
<LI><a href="#[a3]">&gt;&gt;</a>&nbsp;&nbsp;&nbsp;xQueueGenericReset
<LI><a href="#[b9]">&gt;&gt;</a>&nbsp;&nbsp;&nbsp;prvIsQueueEmpty
<LI><a href="#[ad]">&gt;&gt;</a>&nbsp;&nbsp;&nbsp;prvIsQueueFull
<LI><a href="#[ab]">&gt;&gt;</a>&nbsp;&nbsp;&nbsp;prvUnlockQueue
[...]
<BR><BR>[Stack]<UL><LI>Max Depth = 520<LI>Call Chain = ip_reass_enqueue_new_datagram &rArr; ip_reass_remove_oldest_datagram &rArr; ip_reass_free_complete_datagram &rArr; icmp_time_exceeded &rArr; icmp_send_response &rArr; ip_output &rArr; ip_output_if &rArr; ip_frag &rArr; pbuf_alloc &rArr; pbuf_free &rArr; mem_free &rArr; sys_arch_sem_wait &rArr; xQueueGenericReceive &rArr; vTaskPlaceOnEventList &rArr; prvAddCurrentTaskToDelayedList &rArr; vListInsert
</UL>
<BR>[Calls]<UL><LI><a href="#[18b]">&gt;&gt;</a>&nbsp;&nbsp;&nbsp;ip_reass_remove_oldest_datagram
<LI><a href="#[110]">&gt;&gt;</a>&nbsp;&nbsp;&nbsp;memp_malloc
<LI><a href="#[144]">&gt;&gt;</a>&nbsp;&nbsp;&nbsp;__aeabi_memclr4
<LI><a href="#[af]">&gt;&gt;</a>&nbsp;&nbsp;&nbsp;__aeabi_memcpy
</UL>
<BR>[Called By]<UL><LI><a href="#[186]">&gt;&gt;</a>&nbsp;&nbsp;&nbsp;ip_reass
</UL>

<P><STRONG><a name="[18d]"></a>ip_reass_chain_frag_into_datagram_and_validate</STRONG> (Thumb, 324 bytes, Stack size 48 bytes, ip_frag.o(.text))
<BR><BR>[Stack]<UL><LI>Max Depth = 224<LI>Call Chain = ip_reass_chain_frag_into_datagram_and_validate &rArr; pbuf_free &rArr; mem_free &rArr; sys_arch_sem_wait &rArr; xQueueGenericReceive &rArr; vTaskPlaceOnEventList &rArr; prvAddCurrentTaskToDelayedList &rArr; vListInsert
</UL>
<BR>[Calls]<UL><LI><a href="#[16b]">&gt;&gt;</a>&nbsp;&nbsp;&nbsp;pbuf_clen
<LI><a href="#[117]">&gt;&gt;</a>&nbsp;&nbsp;&nbsp;ntohs
<LI><a href="#[ec]">&gt;&gt;</a>&nbsp;&nbsp;&nbsp;pbuf_free
</UL>
<BR>[Called By]<UL><LI><a href="#[186]">&gt;&gt;</a>&nbsp;&nbsp;&nbsp;ip_reass
</UL>

<P><STRONG><a name="[54]"></a>recv_raw</STRONG> (Thumb, 162 bytes, Stack size 40 bytes, api_msg.o(.text))
<BR><BR>[Stack]<UL><LI>Max Depth = 256<LI>Call Chain = recv_raw &rArr; pbuf_alloc &rArr; pbuf_free &rArr; mem_free &rArr; sys_arch_sem_wait &rArr; xQueueGenericReceive &rArr; vTaskPlaceOnEventList &rArr; prvAddCurrentTaskToDelayedList &rArr; vListInsert
</UL>
<BR>[Calls]<UL><LI><a href="#[82]">&gt;&gt;</a>&nbsp;&nbsp;&nbsp;pbuf_alloc
<LI><a href="#[10e]">&gt;&gt;</a>&nbsp;&nbsp;&nbsp;pbuf_copy
<LI><a href="#[110]">&gt;&gt;</a>&nbsp;&nbsp;&nbsp;memp_malloc
<LI><a href="#[fd]">&gt;&gt;</a>&nbsp;&nbsp;&nbsp;sys_arch_unprotect
<LI><a href="#[fc]">&gt;&gt;</a>&nbsp;&nbsp;&nbsp;sys_arch_protect
<LI><a href="#[f2]">&gt;&gt;</a>&nbsp;&nbsp;&nbsp;sys_mbox_trypost
<LI><a href="#[ec]">&gt;&gt;</a>&nbsp;&nbsp;&nbsp;pbuf_free
<LI><a href="#[196]">&gt;&gt;</a>&nbsp;&nbsp;&nbsp;netbuf_delete
</UL>
<BR>[Address Reference Count : 1]<UL><LI> api_msg.o(.text)
</UL>
<P><STRONG><a name="[55]"></a>recv_udp</STRONG> (Thumb, 126 bytes, Stack size 40 bytes, api_msg.o(.text))
<BR><BR>[Stack]<UL><LI>Max Depth = 224<LI>Call Chain = recv_udp &rArr; netbuf_delete &rArr; pbuf_free &rArr; mem_free &rArr; sys_arch_sem_wait &rArr; xQueueGenericReceive &rArr; vTaskPlaceOnEventList &rArr; prvAddCurrentTaskToDelayedList &rArr; vListInsert
</UL>
<BR>[Calls]<UL><LI><a href="#[110]">&gt;&gt;</a>&nbsp;&nbsp;&nbsp;memp_malloc
<LI><a href="#[fd]">&gt;&gt;</a>&nbsp;&nbsp;&nbsp;sys_arch_unprotect
<LI><a href="#[fc]">&gt;&gt;</a>&nbsp;&nbsp;&nbsp;sys_arch_protect
<LI><a href="#[f2]">&gt;&gt;</a>&nbsp;&nbsp;&nbsp;sys_mbox_trypost
<LI><a href="#[ec]">&gt;&gt;</a>&nbsp;&nbsp;&nbsp;pbuf_free
<LI><a href="#[196]">&gt;&gt;</a>&nbsp;&nbsp;&nbsp;netbuf_delete
</UL>
<BR>[Address Reference Count : 1]<UL><LI> api_msg.o(.text)
</UL>
<P><STRONG><a name="[53]"></a>recv_tcp</STRONG> (Thumb, 96 bytes, Stack size 32 bytes, api_msg.o(.text))
<BR><BR>[Stack]<UL><LI>Max Depth = 160<LI>Call Chain = recv_tcp &rArr; sys_mbox_trypost &rArr; xQueueGenericSend &rArr; vTaskPlaceOnEventList &rArr; prvAddCurrentTaskToDelayedList &rArr; vListInsert
</UL>
<BR>[Calls]<UL><LI><a href="#[fd]">&gt;&gt;</a>&nbsp;&nbsp;&nbsp;sys_arch_unprotect
<LI><a href="#[fc]">&gt;&gt;</a>&nbsp;&nbsp;&nbsp;sys_arch_protect
<LI><a href="#[f2]">&gt;&gt;</a>&nbsp;&nbsp;&nbsp;sys_mbox_trypost
</UL>
<BR>[Address Reference Count : 1]<UL><LI> api_msg.o(.text)
</UL>
<P><STRONG><a name="[52]"></a>err_tcp</STRONG> (Thumb, 110 bytes, Stack size 16 bytes, api_msg.o(.text))
<BR><BR>[Stack]<UL><LI>Max Depth = 136<LI>Call Chain = err_tcp &rArr; sys_mbox_post &rArr; xQueueGenericSend &rArr; vTaskPlaceOnEventList &rArr; prvAddCurrentTaskToDelayedList &rArr; vListInsert
</UL>
<BR>[Calls]<UL><LI><a href="#[f8]">&gt;&gt;</a>&nbsp;&nbsp;&nbsp;sys_sem_signal
<LI><a href="#[f1]">&gt;&gt;</a>&nbsp;&nbsp;&nbsp;sys_mbox_post
</UL>
<BR>[Address Reference Count : 1]<UL><LI> api_msg.o(.text)
</UL>
<P><STRONG><a name="[1a2]"></a>do_writemore</STRONG> (Thumb, 246 bytes, Stack size 32 bytes, api_msg.o(.text))
<BR><BR>[Stack]<UL><LI>Max Depth = 472<LI>Call Chain = do_writemore &rArr; tcp_output &rArr; tcp_output_segment &rArr; ip_output &rArr; ip_output_if &rArr; ip_frag &rArr; pbuf_alloc &rArr; pbuf_free &rArr; mem_free &rArr; sys_arch_sem_wait &rArr; xQueueGenericReceive &rArr; vTaskPlaceOnEventList &rArr; prvAddCurrentTaskToDelayedList &rArr; vListInsert
</UL>
<BR>[Calls]<UL><LI><a href="#[175]">&gt;&gt;</a>&nbsp;&nbsp;&nbsp;tcp_write
<LI><a href="#[152]">&gt;&gt;</a>&nbsp;&nbsp;&nbsp;tcp_output
<LI><a href="#[f8]">&gt;&gt;</a>&nbsp;&nbsp;&nbsp;sys_sem_signal
</UL>
<BR>[Called By]<UL><LI><a href="#[51]">&gt;&gt;</a>&nbsp;&nbsp;&nbsp;poll_tcp
<LI><a href="#[50]">&gt;&gt;</a>&nbsp;&nbsp;&nbsp;sent_tcp
<LI><a href="#[4d]">&gt;&gt;</a>&nbsp;&nbsp;&nbsp;do_write
</UL>

<P><STRONG><a name="[50]"></a>sent_tcp</STRONG> (Thumb, 76 bytes, Stack size 24 bytes, api_msg.o(.text))
<BR><BR>[Stack]<UL><LI>Max Depth = 512<LI>Call Chain = sent_tcp &rArr; do_close_internal &rArr; tcp_close &rArr; tcp_pcb_remove &rArr; tcp_output &rArr; tcp_output_segment &rArr; ip_output &rArr; ip_output_if &rArr; ip_frag &rArr; pbuf_alloc &rArr; pbuf_free &rArr; mem_free &rArr; sys_arch_sem_wait &rArr; xQueueGenericReceive &rArr; vTaskPlaceOnEventList &rArr; prvAddCurrentTaskToDelayedList &rArr; vListInsert
</UL>
<BR>[Calls]<UL><LI><a href="#[1a3]">&gt;&gt;</a>&nbsp;&nbsp;&nbsp;do_close_internal
<LI><a href="#[1a2]">&gt;&gt;</a>&nbsp;&nbsp;&nbsp;do_writemore
</UL>
<BR>[Address Reference Count : 1]<UL><LI> api_msg.o(.text)
</UL>
<P><STRONG><a name="[1a3]"></a>do_close_internal</STRONG> (Thumb, 162 bytes, Stack size 16 bytes, api_msg.o(.text))
<BR><BR>[Stack]<UL><LI>Max Depth = 488<LI>Call Chain = do_close_internal &rArr; tcp_close &rArr; tcp_pcb_remove &rArr; tcp_output &rArr; tcp_output_segment &rArr; ip_output &rArr; ip_output_if &rArr; ip_frag &rArr; pbuf_alloc &rArr; pbuf_free &rArr; mem_free &rArr; sys_arch_sem_wait &rArr; xQueueGenericReceive &rArr; vTaskPlaceOnEventList &rArr; prvAddCurrentTaskToDelayedList &rArr; vListInsert
</UL>
<BR>[Calls]<UL><LI><a href="#[1a8]">&gt;&gt;</a>&nbsp;&nbsp;&nbsp;tcp_poll
<LI><a href="#[1a5]">&gt;&gt;</a>&nbsp;&nbsp;&nbsp;tcp_accept
<LI><a href="#[1a9]">&gt;&gt;</a>&nbsp;&nbsp;&nbsp;tcp_err
<LI><a href="#[1a7]">&gt;&gt;</a>&nbsp;&nbsp;&nbsp;tcp_sent
<LI><a href="#[1a6]">&gt;&gt;</a>&nbsp;&nbsp;&nbsp;tcp_recv
<LI><a href="#[1a4]">&gt;&gt;</a>&nbsp;&nbsp;&nbsp;tcp_arg
<LI><a href="#[154]">&gt;&gt;</a>&nbsp;&nbsp;&nbsp;tcp_close
<LI><a href="#[f8]">&gt;&gt;</a>&nbsp;&nbsp;&nbsp;sys_sem_signal
</UL>
<BR>[Called By]<UL><LI><a href="#[51]">&gt;&gt;</a>&nbsp;&nbsp;&nbsp;poll_tcp
<LI><a href="#[50]">&gt;&gt;</a>&nbsp;&nbsp;&nbsp;sent_tcp
<LI><a href="#[45]">&gt;&gt;</a>&nbsp;&nbsp;&nbsp;do_delconn
<LI><a href="#[4e]">&gt;&gt;</a>&nbsp;&nbsp;&nbsp;do_close
</UL>

<P><STRONG><a name="[51]"></a>poll_tcp</STRONG> (Thumb, 38 bytes, Stack size 16 bytes, api_msg.o(.text))
<BR><BR>[Stack]<UL><LI>Max Depth = 504<LI>Call Chain = poll_tcp &rArr; do_close_internal &rArr; tcp_close &rArr; tcp_pcb_remove &rArr; tcp_output &rArr; tcp_output_segment &rArr; ip_output &rArr; ip_output_if &rArr; ip_frag &rArr; pbuf_alloc &rArr; pbuf_free &rArr; mem_free &rArr; sys_arch_sem_wait &rArr; xQueueGenericReceive &rArr; vTaskPlaceOnEventList &rArr; prvAddCurrentTaskToDelayedList &rArr; vListInsert
</UL>
<BR>[Calls]<UL><LI><a href="#[1a3]">&gt;&gt;</a>&nbsp;&nbsp;&nbsp;do_close_internal
<LI><a href="#[1a2]">&gt;&gt;</a>&nbsp;&nbsp;&nbsp;do_writemore
</UL>
<BR>[Address Reference Count : 1]<UL><LI> api_msg.o(.text)
</UL>
<P><STRONG><a name="[1aa]"></a>setup_tcp</STRONG> (Thumb, 50 bytes, Stack size 16 bytes, api_msg.o(.text))
<BR><BR>[Stack]<UL><LI>Max Depth = 16<LI>Call Chain = setup_tcp
</UL>
<BR>[Calls]<UL><LI><a href="#[1a8]">&gt;&gt;</a>&nbsp;&nbsp;&nbsp;tcp_poll
<LI><a href="#[1a9]">&gt;&gt;</a>&nbsp;&nbsp;&nbsp;tcp_err
<LI><a href="#[1a7]">&gt;&gt;</a>&nbsp;&nbsp;&nbsp;tcp_sent
<LI><a href="#[1a6]">&gt;&gt;</a>&nbsp;&nbsp;&nbsp;tcp_recv
<LI><a href="#[1a4]">&gt;&gt;</a>&nbsp;&nbsp;&nbsp;tcp_arg
</UL>
<BR>[Called By]<UL><LI><a href="#[56]">&gt;&gt;</a>&nbsp;&nbsp;&nbsp;do_connected
<LI><a href="#[1ab]">&gt;&gt;</a>&nbsp;&nbsp;&nbsp;pcb_new
<LI><a href="#[57]">&gt;&gt;</a>&nbsp;&nbsp;&nbsp;accept_function
<LI><a href="#[48]">&gt;&gt;</a>&nbsp;&nbsp;&nbsp;do_connect
</UL>

<P><STRONG><a name="[57]"></a>accept_function</STRONG> (Thumb, 88 bytes, Stack size 24 bytes, api_msg.o(.text))
<BR><BR>[Stack]<UL><LI>Max Depth = 232<LI>Call Chain = accept_function &rArr; netconn_free &rArr; netconn_delete &rArr;  netconn_free (Cycle)
</UL>
<BR>[Calls]<UL><LI><a href="#[f2]">&gt;&gt;</a>&nbsp;&nbsp;&nbsp;sys_mbox_trypost
<LI><a href="#[1aa]">&gt;&gt;</a>&nbsp;&nbsp;&nbsp;setup_tcp
<LI><a href="#[19b]">&gt;&gt;</a>&nbsp;&nbsp;&nbsp;netconn_free
<LI><a href="#[199]">&gt;&gt;</a>&nbsp;&nbsp;&nbsp;netconn_alloc
</UL>
<BR>[Address Reference Count : 1]<UL><LI> api_msg.o(.text)
</UL>
<P><STRONG><a name="[1ab]"></a>pcb_new</STRONG> (Thumb, 164 bytes, Stack size 8 bytes, api_msg.o(.text))
<BR><BR>[Stack]<UL><LI>Max Depth = 568<LI>Call Chain = pcb_new &rArr; tcp_new &rArr; tcp_alloc &rArr; tcp_kill_prio &rArr; tcp_abandon &rArr; tcp_pcb_remove &rArr; tcp_output &rArr; tcp_output_segment &rArr; ip_output &rArr; ip_output_if &rArr; ip_frag &rArr; pbuf_alloc &rArr; pbuf_free &rArr; mem_free &rArr; sys_arch_sem_wait &rArr; xQueueGenericReceive &rArr; vTaskPlaceOnEventList &rArr; prvAddCurrentTaskToDelayedList &rArr; vListInsert
</UL>
<BR>[Calls]<UL><LI><a href="#[87]">&gt;&gt;</a>&nbsp;&nbsp;&nbsp;udp_recv
<LI><a href="#[85]">&gt;&gt;</a>&nbsp;&nbsp;&nbsp;udp_new
<LI><a href="#[167]">&gt;&gt;</a>&nbsp;&nbsp;&nbsp;tcp_new
<LI><a href="#[143]">&gt;&gt;</a>&nbsp;&nbsp;&nbsp;raw_new
<LI><a href="#[1ac]">&gt;&gt;</a>&nbsp;&nbsp;&nbsp;raw_recv
<LI><a href="#[1aa]">&gt;&gt;</a>&nbsp;&nbsp;&nbsp;setup_tcp
</UL>
<BR>[Called By]<UL><LI><a href="#[44]">&gt;&gt;</a>&nbsp;&nbsp;&nbsp;do_newconn
</UL>

<P><STRONG><a name="[56]"></a>do_connected</STRONG> (Thumb, 52 bytes, Stack size 24 bytes, api_msg.o(.text))
<BR><BR>[Stack]<UL><LI>Max Depth = 136<LI>Call Chain = do_connected &rArr; sys_sem_signal &rArr; xQueueGenericSend &rArr; vTaskPlaceOnEventList &rArr; prvAddCurrentTaskToDelayedList &rArr; vListInsert
</UL>
<BR>[Calls]<UL><LI><a href="#[f8]">&gt;&gt;</a>&nbsp;&nbsp;&nbsp;sys_sem_signal
<LI><a href="#[1aa]">&gt;&gt;</a>&nbsp;&nbsp;&nbsp;setup_tcp
</UL>
<BR>[Address Reference Count : 1]<UL><LI> api_msg.o(.text)
</UL>
<P><STRONG><a name="[58]"></a>do_dns_found</STRONG> (Thumb, 44 bytes, Stack size 24 bytes, api_msg.o(.text))
<BR><BR>[Stack]<UL><LI>Max Depth = 136<LI>Call Chain = do_dns_found &rArr; sys_sem_signal &rArr; xQueueGenericSend &rArr; vTaskPlaceOnEventList &rArr; prvAddCurrentTaskToDelayedList &rArr; vListInsert
</UL>
<BR>[Calls]<UL><LI><a href="#[f8]">&gt;&gt;</a>&nbsp;&nbsp;&nbsp;sys_sem_signal
</UL>
<BR>[Address Reference Count : 1]<UL><LI> api_msg.o(.text)
</UL>
<P><STRONG><a name="[1b6]"></a>get_socket</STRONG> (Thumb, 36 bytes, Stack size 0 bytes, sockets.o(.text))
<BR><BR>[Called By]<UL><LI><a href="#[1cb]">&gt;&gt;</a>&nbsp;&nbsp;&nbsp;lwip_ioctl
<LI><a href="#[1ca]">&gt;&gt;</a>&nbsp;&nbsp;&nbsp;lwip_setsockopt
<LI><a href="#[1c9]">&gt;&gt;</a>&nbsp;&nbsp;&nbsp;lwip_getsockopt
<LI><a href="#[1c0]">&gt;&gt;</a>&nbsp;&nbsp;&nbsp;lwip_send
<LI><a href="#[1bf]">&gt;&gt;</a>&nbsp;&nbsp;&nbsp;lwip_sendto
<LI><a href="#[1bc]">&gt;&gt;</a>&nbsp;&nbsp;&nbsp;lwip_recvfrom
<LI><a href="#[1bb]">&gt;&gt;</a>&nbsp;&nbsp;&nbsp;lwip_listen
<LI><a href="#[1ba]">&gt;&gt;</a>&nbsp;&nbsp;&nbsp;lwip_connect
<LI><a href="#[1b9]">&gt;&gt;</a>&nbsp;&nbsp;&nbsp;lwip_close
<LI><a href="#[1b8]">&gt;&gt;</a>&nbsp;&nbsp;&nbsp;lwip_bind
<LI><a href="#[1b7]">&gt;&gt;</a>&nbsp;&nbsp;&nbsp;lwip_accept
<LI><a href="#[1c6]">&gt;&gt;</a>&nbsp;&nbsp;&nbsp;lwip_getaddrname
<LI><a href="#[1c3]">&gt;&gt;</a>&nbsp;&nbsp;&nbsp;lwip_selscan
<LI><a href="#[59]">&gt;&gt;</a>&nbsp;&nbsp;&nbsp;event_callback
</UL>

<P><STRONG><a name="[1b5]"></a>alloc_socket</STRONG> (Thumb, 136 bytes, Stack size 16 bytes, sockets.o(.text), UNUSED)
<BR><BR>[Calls]<UL><LI><a href="#[146]">&gt;&gt;</a>&nbsp;&nbsp;&nbsp;sys_sem_wait
<LI><a href="#[f8]">&gt;&gt;</a>&nbsp;&nbsp;&nbsp;sys_sem_signal
</UL>
<BR>[Called By]<UL><LI><a href="#[1c1]">&gt;&gt;</a>&nbsp;&nbsp;&nbsp;lwip_socket
<LI><a href="#[1b7]">&gt;&gt;</a>&nbsp;&nbsp;&nbsp;lwip_accept
</UL>

<P><STRONG><a name="[59]"></a>event_callback</STRONG> (Thumb, 298 bytes, Stack size 32 bytes, sockets.o(.text))
<BR><BR>[Stack]<UL><LI>Max Depth = 192<LI>Call Chain = event_callback &rArr; sys_sem_wait &rArr; sys_arch_sem_wait &rArr; xQueueGenericReceive &rArr; vTaskPlaceOnEventList &rArr; prvAddCurrentTaskToDelayedList &rArr; vListInsert
</UL>
<BR>[Calls]<UL><LI><a href="#[146]">&gt;&gt;</a>&nbsp;&nbsp;&nbsp;sys_sem_wait
<LI><a href="#[f8]">&gt;&gt;</a>&nbsp;&nbsp;&nbsp;sys_sem_signal
<LI><a href="#[1b6]">&gt;&gt;</a>&nbsp;&nbsp;&nbsp;get_socket
</UL>
<BR>[Address Reference Count : 1]<UL><LI> sockets.o(.text)
</UL>
<P><STRONG><a name="[1c3]"></a>lwip_selscan</STRONG> (Thumb, 218 bytes, Stack size 48 bytes, sockets.o(.text), UNUSED)
<BR><BR>[Calls]<UL><LI><a href="#[1b6]">&gt;&gt;</a>&nbsp;&nbsp;&nbsp;get_socket
</UL>
<BR>[Called By]<UL><LI><a href="#[1c4]">&gt;&gt;</a>&nbsp;&nbsp;&nbsp;lwip_select
</UL>

<P><STRONG><a name="[1c6]"></a>lwip_getaddrname</STRONG> (Thumb, 118 bytes, Stack size 48 bytes, sockets.o(.text), UNUSED)
<BR><BR>[Calls]<UL><LI><a href="#[104]">&gt;&gt;</a>&nbsp;&nbsp;&nbsp;htons
<LI><a href="#[af]">&gt;&gt;</a>&nbsp;&nbsp;&nbsp;__aeabi_memcpy
<LI><a href="#[1b6]">&gt;&gt;</a>&nbsp;&nbsp;&nbsp;get_socket
<LI><a href="#[19c]">&gt;&gt;</a>&nbsp;&nbsp;&nbsp;netconn_getaddr
</UL>
<BR>[Called By]<UL><LI><a href="#[1c8]">&gt;&gt;</a>&nbsp;&nbsp;&nbsp;lwip_getsockname
<LI><a href="#[1c7]">&gt;&gt;</a>&nbsp;&nbsp;&nbsp;lwip_getpeername
</UL>

<P><STRONG><a name="[5a]"></a>lwip_getsockopt_internal</STRONG> (Thumb, 316 bytes, Stack size 32 bytes, sockets.o(.text))
<BR><BR>[Stack]<UL><LI>Max Depth = 144<LI>Call Chain = lwip_getsockopt_internal &rArr; sys_sem_signal &rArr; xQueueGenericSend &rArr; vTaskPlaceOnEventList &rArr; prvAddCurrentTaskToDelayedList &rArr; vListInsert
</UL>
<BR>[Calls]<UL><LI><a href="#[f8]">&gt;&gt;</a>&nbsp;&nbsp;&nbsp;sys_sem_signal
</UL>
<BR>[Address Reference Count : 1]<UL><LI> sockets.o(.text)
</UL>
<P><STRONG><a name="[5b]"></a>lwip_setsockopt_internal</STRONG> (Thumb, 264 bytes, Stack size 32 bytes, sockets.o(.text))
<BR><BR>[Stack]<UL><LI>Max Depth = 144<LI>Call Chain = lwip_setsockopt_internal &rArr; sys_sem_signal &rArr; xQueueGenericSend &rArr; vTaskPlaceOnEventList &rArr; prvAddCurrentTaskToDelayedList &rArr; vListInsert
</UL>
<BR>[Calls]<UL><LI><a href="#[f8]">&gt;&gt;</a>&nbsp;&nbsp;&nbsp;sys_sem_signal
</UL>
<BR>[Address Reference Count : 1]<UL><LI> sockets.o(.text)
</UL>
<P><STRONG><a name="[5c]"></a>tcpip_tcp_timer</STRONG> (Thumb, 40 bytes, Stack size 8 bytes, tcpip.o(.text))
<BR><BR>[Stack]<UL><LI>Max Depth = 528<LI>Call Chain = tcpip_tcp_timer &rArr; tcp_tmr &rArr; tcp_fasttmr &rArr; tcp_recv_null &rArr; tcp_close &rArr; tcp_pcb_remove &rArr; tcp_output &rArr; tcp_output_segment &rArr; ip_output &rArr; ip_output_if &rArr; ip_frag &rArr; pbuf_alloc &rArr; pbuf_free &rArr; mem_free &rArr; sys_arch_sem_wait &rArr; xQueueGenericReceive &rArr; vTaskPlaceOnEventList &rArr; prvAddCurrentTaskToDelayedList &rArr; vListInsert
</UL>
<BR>[Calls]<UL><LI><a href="#[88]">&gt;&gt;</a>&nbsp;&nbsp;&nbsp;tcp_tmr
<LI><a href="#[147]">&gt;&gt;</a>&nbsp;&nbsp;&nbsp;sys_timeout
</UL>
<BR>[Address Reference Count : 1]<UL><LI> tcpip.o(.text)
</UL>
<P><STRONG><a name="[5d]"></a>ip_reass_timer</STRONG> (Thumb, 22 bytes, Stack size 8 bytes, tcpip.o(.text))
<BR><BR>[Stack]<UL><LI>Max Depth = 488<LI>Call Chain = ip_reass_timer &rArr; ip_reass_tmr &rArr; ip_reass_free_complete_datagram &rArr; icmp_time_exceeded &rArr; icmp_send_response &rArr; ip_output &rArr; ip_output_if &rArr; ip_frag &rArr; pbuf_alloc &rArr; pbuf_free &rArr; mem_free &rArr; sys_arch_sem_wait &rArr; xQueueGenericReceive &rArr; vTaskPlaceOnEventList &rArr; prvAddCurrentTaskToDelayedList &rArr; vListInsert
</UL>
<BR>[Calls]<UL><LI><a href="#[18a]">&gt;&gt;</a>&nbsp;&nbsp;&nbsp;ip_reass_tmr
<LI><a href="#[147]">&gt;&gt;</a>&nbsp;&nbsp;&nbsp;sys_timeout
</UL>
<BR>[Address Reference Count : 1]<UL><LI> tcpip.o(.text)
</UL>
<P><STRONG><a name="[5e]"></a>arp_timer</STRONG> (Thumb, 22 bytes, Stack size 8 bytes, tcpip.o(.text))
<BR><BR>[Stack]<UL><LI>Max Depth = 208<LI>Call Chain = arp_timer &rArr; etharp_tmr &rArr; free_etharp_q &rArr; pbuf_free &rArr; mem_free &rArr; sys_arch_sem_wait &rArr; xQueueGenericReceive &rArr; vTaskPlaceOnEventList &rArr; prvAddCurrentTaskToDelayedList &rArr; vListInsert
</UL>
<BR>[Calls]<UL><LI><a href="#[8a]">&gt;&gt;</a>&nbsp;&nbsp;&nbsp;etharp_tmr
<LI><a href="#[147]">&gt;&gt;</a>&nbsp;&nbsp;&nbsp;sys_timeout
</UL>
<BR>[Address Reference Count : 1]<UL><LI> tcpip.o(.text)
</UL>
<P><STRONG><a name="[5f]"></a>dns_timer</STRONG> (Thumb, 22 bytes, Stack size 8 bytes, tcpip.o(.text))
<BR><BR>[Stack]<UL><LI>Max Depth = 520<LI>Call Chain = dns_timer &rArr; dns_tmr &rArr; dns_check_entries &rArr; dns_check_entry &rArr; dns_send &rArr; udp_sendto &rArr; udp_sendto_if &rArr; ip_output_if &rArr; ip_frag &rArr; pbuf_alloc &rArr; pbuf_free &rArr; mem_free &rArr; sys_arch_sem_wait &rArr; xQueueGenericReceive &rArr; vTaskPlaceOnEventList &rArr; prvAddCurrentTaskToDelayedList &rArr; vListInsert
</UL>
<BR>[Calls]<UL><LI><a href="#[89]">&gt;&gt;</a>&nbsp;&nbsp;&nbsp;dns_tmr
<LI><a href="#[147]">&gt;&gt;</a>&nbsp;&nbsp;&nbsp;sys_timeout
</UL>
<BR>[Address Reference Count : 1]<UL><LI> tcpip.o(.text)
</UL>
<P><STRONG><a name="[60]"></a>tcpip_thread</STRONG> (Thumb, 210 bytes, Stack size 8 bytes, tcpip.o(.text))
<BR><BR>[Stack]<UL><LI>Max Depth = 688<LI>Call Chain = tcpip_thread &rArr; ethernet_input &rArr; ip_input &rArr; tcp_input &rArr; tcp_listen_input &rArr; tcp_alloc &rArr; tcp_kill_prio &rArr; tcp_abandon &rArr; tcp_pcb_remove &rArr; tcp_output &rArr; tcp_output_segment &rArr; ip_output &rArr; ip_output_if &rArr; ip_frag &rArr; pbuf_alloc &rArr; pbuf_free &rArr; mem_free &rArr; sys_arch_sem_wait &rArr; xQueueGenericReceive &rArr; vTaskPlaceOnEventList &rArr; prvAddCurrentTaskToDelayedList &rArr; vListInsert
</UL>
<BR>[Calls]<UL><LI><a href="#[148]">&gt;&gt;</a>&nbsp;&nbsp;&nbsp;sys_untimeout
<LI><a href="#[147]">&gt;&gt;</a>&nbsp;&nbsp;&nbsp;sys_timeout
<LI><a href="#[145]">&gt;&gt;</a>&nbsp;&nbsp;&nbsp;sys_mbox_fetch
<LI><a href="#[101]">&gt;&gt;</a>&nbsp;&nbsp;&nbsp;memp_free
<LI><a href="#[113]">&gt;&gt;</a>&nbsp;&nbsp;&nbsp;ip_input
<LI><a href="#[112]">&gt;&gt;</a>&nbsp;&nbsp;&nbsp;ethernet_input
</UL>
<BR>[Address Reference Count : 1]<UL><LI> tcpip.o(.text)
</UL>
<P><STRONG><a name="[61]"></a>pbuf_free_int</STRONG> (Thumb, 14 bytes, Stack size 16 bytes, tcpip.o(.text))
<BR><BR>[Stack]<UL><LI>Max Depth = 192<LI>Call Chain = pbuf_free_int &rArr; pbuf_free &rArr; mem_free &rArr; sys_arch_sem_wait &rArr; xQueueGenericReceive &rArr; vTaskPlaceOnEventList &rArr; prvAddCurrentTaskToDelayedList &rArr; vListInsert
</UL>
<BR>[Calls]<UL><LI><a href="#[ec]">&gt;&gt;</a>&nbsp;&nbsp;&nbsp;pbuf_free
</UL>
<BR>[Address Reference Count : 1]<UL><LI> tcpip.o(.text)
</UL><P>
<H3>
Undefined Global Symbols
</H3><HR></body></html>
