<html>
<body>
<pre>
<h1>µVision Build Log</h1>
<h2>Project:</h2>
C:\Users\Jeehong\projects\FreeRTOS\Project\OS.uvproj
Project File Date:  04/07/2016

<h2>Output:</h2>
Build target 'FreeRTOS'
compiling misc.c...
compiling stm32f2xx_gpio.c...
compiling stm32f2xx_it.c...
compiling stm32f2xx_rcc.c...
assembling cstartup.s...
compiling system_stm32f2xx.c...
compiling croutine.c...
compiling event_groups.c...
compiling list.c...
compiling queue.c...
..\FreeRTOS\queue.c(472): warning:  #177-D: function "prvInitialiseMutex" was declared but never referenced
  static void prvInitialiseMutex( Queue_t *pxNewQueue )
..\FreeRTOS\queue.c: 1 warning, 0 errors
compiling tasks.c...
compiling timers.c...
compiling port.c...
compiling heap_2.c...
compiling main.c...
linking...
Program Size: Code=7992 RO-data=420 RW-data=124 ZI-data=18636  
".\Obj\OS.axf" - 0 Error(s), 1 Warning(s).
</pre>
</body>
</html>
" - 1 Error(s), 1 Warning(s).
Target not created
