Product: MDK-ARM Standard 5.10
Component: ARM Compiler 5.04 update 1 (build 49)
Tool: armlink [5040049]

==============================================================================

Section Cross References

    main.o(.text) refers to bsp.o(.text) for bsp_init
    main.o(.text) refers to app_serial.o(.text) for dbg_string
    main.o(.text) refers to lwipentry.o(.text) for vlwIPInit
    main.o(.text) refers to queue.o(.text) for xQueueCreateMutex
    main.o(.text) refers to app_cli.o(.text) for app_cli_init
    main.o(.text) refers to tasks.o(.text) for xTaskCreate
    main.o(.text) refers to main.o(.bss) for hd
    main.o(.text) refers to app_display.o(.text) for app_display_task
    main.o(.text) refers to app_sht10.o(.text) for app_sht10_task
    main.o(.text) refers to app_ds3231.o(.text) for app_ds3231_task
    main.o(.text) refers to app_buz.o(.text) for app_buz_task
    main.o(.text) refers to app_led.o(.text) for app_led_task_blink
    main.o(.text) refers to app_data.o(.text) for app_data_store_task
    app_led.o(.text) refers to stm32f10x_rcc.o(.text) for RCC_APB2PeriphClockCmd
    app_led.o(.text) refers to stm32f10x_gpio.o(.text) for GPIO_Init
    app_led.o(.text) refers to tasks.o(.text) for xTaskGetTickCount
    app_led.o(.text) refers to app_led.o(.constdata) for .constdata
    netconfig.o(.text) refers to inet.o(.text) for htonl
    netconfig.o(.text) refers to netif.o(.text) for netif_add
    netconfig.o(.text) refers to netconfig.o(.data) for serverIP
    netconfig.o(.text) refers to netconfig.o(.bss) for DM9000AEP
    netconfig.o(.text) refers to tcpip.o(.text) for tcpip_input
    netconfig.o(.text) refers to ethernetif.o(.text) for ethernetif_init
    app_serial.o(.text) refers to queue.o(.text) for xQueueGenericSend
    app_serial.o(.text) refers to stm32f10x_usart.o(.text) for USART_ITConfig
    app_serial.o(.text) refers to printfa.o(i.__0vsprintf) for __c89vsprintf
    app_serial.o(.text) refers to stm32f10x_rcc.o(.text) for RCC_APB2PeriphClockCmd
    app_serial.o(.text) refers to stm32f10x_gpio.o(.text) for GPIO_Init
    app_serial.o(.text) refers to misc.o(.text) for NVIC_Init
    app_serial.o(.text) refers to app_serial.o(.data) for xCharsForTx
    app_display.o(.text) refers to app_display.o(i.bsp_74hc595_set_SH_CP) for bsp_74hc595_set_SH_CP
    app_display.o(.text) refers to app_display.o(i.bsp_74hc595_set_DATA) for bsp_74hc595_set_DATA
    app_display.o(.text) refers to app_display.o(i.bsp_74hc595_set_ST_CP) for bsp_74hc595_set_ST_CP
    app_display.o(.text) refers to app_display.o(i.bsp_74hc595_set_OE) for bsp_74hc595_set_OE
    app_display.o(.text) refers to port.o(.text) for vPortEnterCritical
    app_display.o(.text) refers to queue.o(.text) for xQueueGenericReceive
    app_display.o(.text) refers to tasks.o(.text) for vTaskResume
    app_display.o(.text) refers to stm32f10x_gpio.o(.text) for GPIO_ResetBits
    app_display.o(.text) refers to app_display.o(.data) for start_dis
    app_display.o(.text) refers to app_display.o(.constdata) for .constdata
    app_sht10.o(.text) refers to ffltui.o(.text) for __aeabi_ui2f
    app_sht10.o(.text) refers to fmul.o(.text) for __aeabi_fmul
    app_sht10.o(.text) refers to fadd.o(.text) for __aeabi_fadd
    app_sht10.o(.text) refers to f2d.o(.text) for __aeabi_f2d
    app_sht10.o(.text) refers to ddiv.o(.text) for __aeabi_ddiv
    app_sht10.o(.text) refers to dadd.o(.text) for __aeabi_dadd
    app_sht10.o(.text) refers to d2f.o(.text) for __aeabi_d2f
    app_sht10.o(.text) refers to i2c_bus.o(.text) for i2c_bus_start
    app_sht10.o(.text) refers to tasks.o(.text) for vTaskDelay
    app_sht10.o(.text) refers to queue.o(.text) for xQueueGenericReceive
    app_sht10.o(.text) refers to ffixui.o(.text) for __aeabi_f2uiz
    app_sht10.o(.text) refers to app_sht10.o(.data) for temp
    app_ds3231.o(.text) refers to i2c_bus.o(.text) for i2c_bus_read_ds3231
    app_ds3231.o(.text) refers to app_ds3231.o(.constdata) for rtc_days_in_month
    app_ds3231.o(.text) refers to app_data.o(.text) for app_data_write_showtime
    app_ds3231.o(.text) refers to queue.o(.text) for xQueueCreateMutex
    app_ds3231.o(.text) refers to tasks.o(.text) for vTaskDelay
    app_ds3231.o(.text) refers to stm32f10x_exti.o(.text) for EXTI_GetITStatus
    app_ds3231.o(.text) refers to app_ds3231.o(.data) for ontime
    app_buz.o(.text) refers to queue.o(.text) for xQueueGenericReceive
    app_buz.o(.text) refers to stm32f10x_tim.o(.text) for TIM_CtrlPWMOutputs
    app_buz.o(.text) refers to tasks.o(.text) for vTaskDelay
    app_cli.o(.text) refers to _scanf_int.o(.text) for _scanf_int
    app_cli.o(.text) refers to _scanf_str.o(.text) for _scanf_string
    app_cli.o(.text) refers to mid_cli.o(.text) for mid_cli_module_register
    app_cli.o(.text) refers to printfa.o(i.__0sprintf) for __2sprintf
    app_cli.o(.text) refers to strcat.o(.text) for strcat
    app_cli.o(.text) refers to strcpy.o(.text) for strcpy
[...]
    _printf_lc                               0x00000000   Number         0  stubs.o ABSOLUTE
    _printf_ll                               0x00000000   Number         0  stubs.o ABSOLUTE
    _printf_lld                              0x00000000   Number         0  stubs.o ABSOLUTE
    _printf_lli                              0x00000000   Number         0  stubs.o ABSOLUTE
    _printf_llo                              0x00000000   Number         0  stubs.o ABSOLUTE
    _printf_llu                              0x00000000   Number         0  stubs.o ABSOLUTE
    _printf_llx                              0x00000000   Number         0  stubs.o ABSOLUTE
    _printf_longlong_dec                     0x00000000   Number         0  stubs.o ABSOLUTE
    _printf_longlong_hex                     0x00000000   Number         0  stubs.o ABSOLUTE
    _printf_longlong_oct                     0x00000000   Number         0  stubs.o ABSOLUTE
    _printf_ls                               0x00000000   Number         0  stubs.o ABSOLUTE
    _printf_mbtowc                           0x00000000   Number         0  stubs.o ABSOLUTE
    _printf_n                                0x00000000   Number         0  stubs.o ABSOLUTE
    _printf_o                                0x00000000   Number         0  stubs.o ABSOLUTE
    _printf_p                                0x00000000   Number         0  stubs.o ABSOLUTE
    _printf_percent                          0x00000000   Number         0  stubs.o ABSOLUTE
    _printf_pre_padding                      0x00000000   Number         0  stubs.o ABSOLUTE
    _printf_return_value                     0x00000000   Number         0  stubs.o ABSOLUTE
    _printf_s                                0x00000000   Number         0  stubs.o ABSOLUTE
    _printf_sizespec                         0x00000000   Number         0  stubs.o ABSOLUTE
    _printf_str                              0x00000000   Number         0  stubs.o ABSOLUTE
    _printf_truncate_signed                  0x00000000   Number         0  stubs.o ABSOLUTE
    _printf_truncate_unsigned                0x00000000   Number         0  stubs.o ABSOLUTE
    _printf_u                                0x00000000   Number         0  stubs.o ABSOLUTE
    _printf_wc                               0x00000000   Number         0  stubs.o ABSOLUTE
    _printf_wctomb                           0x00000000   Number         0  stubs.o ABSOLUTE
    _printf_widthprec                        0x00000000   Number         0  stubs.o ABSOLUTE
    _printf_x                                0x00000000   Number         0  stubs.o ABSOLUTE
    __cpp_initialize__aeabi_                  - Undefined Weak Reference
    __cxa_finalize                            - Undefined Weak Reference
    _clock_init                               - Undefined Weak Reference
    _microlib_exit                            - Undefined Weak Reference
    _scanf_longlong                           - Undefined Weak Reference
    _scanf_real                               - Undefined Weak Reference
    __Vectors                                0x08000000   Data           4  cstartup.o(RESET)
    __main                                   0x080000ed   Thumb Code     0  entry.o(.ARM.Collect$$$$00000000)
    _main_stk                                0x080000ed   Thumb Code     0  entry2.o(.ARM.Collect$$$$00000001)
    _main_scatterload                        0x080000f1   Thumb Code     0  entry5.o(.ARM.Collect$$$$00000004)
    __main_after_scatterload                 0x080000f5   Thumb Code     0  entry5.o(.ARM.Collect$$$$00000004)
    _main_clock                              0x080000f5   Thumb Code     0  entry7b.o(.ARM.Collect$$$$00000008)
    _main_cpp_init                           0x080000f5   Thumb Code     0  entry8b.o(.ARM.Collect$$$$0000000A)
    _main_init                               0x080000f5   Thumb Code     0  entry9a.o(.ARM.Collect$$$$0000000B)
    __rt_final_cpp                           0x080000fd   Thumb Code     0  entry10a.o(.ARM.Collect$$$$0000000D)
    __rt_final_exit                          0x080000fd   Thumb Code     0  entry11a.o(.ARM.Collect$$$$0000000F)
    vPortSVCHandler                          0x08000101   Thumb Code    32  port.o(.emb_text)
    __asm___6_port_c_39a90d8d__prvStartFirstTask 0x08000125   Thumb Code    28  port.o(.emb_text)
    xPortPendSVHandler                       0x08000145   Thumb Code    72  port.o(.emb_text)
    vPortGetIPSR                             0x08000191   Thumb Code     6  port.o(.emb_text)
    main_get_task_handle                     0x08000199   Thumb Code    10  main.o(.text)
    main                                     0x080001a3   Thumb Code   196  main.o(.text)
    app_led_init                             0x080002d1   Thumb Code    46  app_led.o(.text)
    app_led_task_blink                       0x080002ff   Thumb Code    54  app_led.o(.text)
    xSerialPutChar                           0x0800033d   Thumb Code    46  app_serial.o(.text)
    vSerialPutString                         0x0800036b   Thumb Code    38  app_serial.o(.text)
    dbg_string                               0x08000391   Thumb Code    42  app_serial.o(.text)
    serial_init                              0x080003bb   Thumb Code   236  app_serial.o(.text)
    xSerialGetChar                           0x080004a7   Thumb Code    32  app_serial.o(.text)
    USART1_IRQHandler                        0x080004c7   Thumb Code   154  app_serial.o(.text)
    app_display_set_show                     0x080005db   Thumb Code    28  app_display.o(.text)
    app_display_task                         0x0800071b   Thumb Code   214  app_display.o(.text)
    app_sht10_get_res                        0x080008c9   Thumb Code   148  app_sht10.o(.text)
    app_sht10_get_info                       0x0800095d   Thumb Code    44  app_sht10.o(.text)
    app_sht10_task                           0x08000989   Thumb Code   158  app_sht10.o(.text)
    rtc_valid_tm                             0x08000a95   Thumb Code    72  app_ds3231.o(.text)
    app_ds3231_read_time                     0x08000add   Thumb Code   302  app_ds3231.o(.text)
    app_ds3231_set_time                      0x08000c0b   Thumb Code   292  app_ds3231.o(.text)
    app_ds3231_set_showtime                  0x08000f41   Thumb Code    28  app_ds3231.o(.text)
    app_ds3231_get_showtime                  0x08000f5d   Thumb Code    18  app_ds3231.o(.text)
    app_ds3231_task                          0x08000f6f   Thumb Code   380  app_ds3231.o(.text)
    EXTI0_IRQHandler                         0x080010eb   Thumb Code    52  app_ds3231.o(.text)
    app_buz_task                             0x08001131   Thumb Code    60  app_buz.o(.text)
    app_cli_init                             0x08001863   Thumb Code    22  app_cli.o(.text)
    hal_cli_data_tx                          0x080018c9   Thumb Code    20  hal_cli.o(.text)
    hal_cli_data_rx                          0x080018dd   Thumb Code    18  hal_cli.o(.text)
    mid_cli_module_register                  0x080018f1   Thumb Code    68  mid_cli.o(.text)
    mid_cli_parse_command                    0x08001963   Thumb Code   220  mid_cli.o(.text)
    mid_cli_init                             0x08001bcf   Thumb Code    36  mid_cli.o(.text)
    FreeRTOS_CLIGetParameter                 0x08001bf3   Thumb Code    92  mid_cli.o(.text)
    app_data_init                            0x08001d49   Thumb Code    34  app_data.o(.text)
    app_data_read_showtime                   0x08001d6f   Thumb Code    30  app_data.o(.text)
    app_data_write_showtime                  0x08001d8d   Thumb Code    28  app_data.o(.text)
    app_data_store_task                      0x08001da9   Thumb Code   110  app_data.o(.text)
    bsp_init                                 0x08002077   Thumb Code    52  bsp.o(.text)
    i2c_bus_sda_dir                          0x080020d7   Thumb Code    72  i2c_bus.o(.text)
    i2c_bus_start                            0x0800211f   Thumb Code   256  i2c_bus.o(.text)
    i2c_bus_init                             0x080022a9   Thumb Code   218  i2c_bus.o(.text)
    I2C_BUS_SDA_STATE                        0x08002489   Thumb Code    40  i2c_bus.o(.text)
    i2c_bus_write_byte                       0x080024b1   Thumb Code   266  i2c_bus.o(.text)
    i2c_bus_read_byte                        0x080025bb   Thumb Code   124  i2c_bus.o(.text)
    i2c_bus_write_ds3231                     0x08002637   Thumb Code    80  i2c_bus.o(.text)
    i2c_bus_read_ds3231                      0x08002687   Thumb Code   106  i2c_bus.o(.text)
    Reset_Handler                            0x0800277d   Thumb Code     4  cstartup.o(.text)
    NMI_Handler                              0x08002781   Thumb Code     2  cstartup.o(.text)
    HardFault_Handler                        0x08002783   Thumb Code     2  cstartup.o(.text)
    MemManage_Handler                        0x08002785   Thumb Code     2  cstartup.o(.text)
    BusFault_Handler                         0x08002787   Thumb Code     2  cstartup.o(.text)
    UsageFault_Handler                       0x08002789   Thumb Code     2  cstartup.o(.text)
    SVC_Handler                              0x0800278b   Thumb Code     2  cstartup.o(.text)
    DebugMon_Handler                         0x0800278d   Thumb Code     2  cstartup.o(.text)
    PendSV_Handler                           0x0800278f   Thumb Code     2  cstartup.o(.text)
    SysTick_Handler                          0x08002791   Thumb Code     2  cstartup.o(.text)
    ADC_IRQHandler                           0x08002793   Thumb Code     0  cstartup.o(.text)
    CAN_RX1_IRQHandler                       0x08002793   Thumb Code     0  cstartup.o(.text)
    CAN_SCE_IRQHandler                       0x08002793   Thumb Code     0  cstartup.o(.text)
    DMAChannel1_IRQHandler                   0x08002793   Thumb Code     0  cstartup.o(.text)
    DMAChannel2_IRQHandler                   0x08002793   Thumb Code     0  cstartup.o(.text)
    DMAChannel3_IRQHandler                   0x08002793   Thumb Code     0  cstartup.o(.text)
    DMAChannel4_IRQHandler                   0x08002793   Thumb Code     0  cstartup.o(.text)
    DMAChannel5_IRQHandler                   0x08002793   Thumb Code     0  cstartup.o(.text)
    DMAChannel6_IRQHandler                   0x08002793   Thumb Code     0  cstartup.o(.text)
    DMAChannel7_IRQHandler                   0x08002793   Thumb Code     0  cstartup.o(.text)
    EXTI15_10_IRQHandler                     0x08002793   Thumb Code     0  cstartup.o(.text)
    EXTI1_IRQHandler                         0x08002793   Thumb Code     0  cstartup.o(.text)
    EXTI2_IRQHandler                         0x08002793   Thumb Code     0  cstartup.o(.text)
    EXTI3_IRQHandler                         0x08002793   Thumb Code     0  cstartup.o(.text)
    EXTI4_IRQHandler                         0x08002793   Thumb Code     0  cstartup.o(.text)
    EXTI9_5_IRQHandler                       0x08002793   Thumb Code     0  cstartup.o(.text)
    FLASH_IRQHandler                         0x08002793   Thumb Code     0  cstartup.o(.text)
    I2C1_ER_IRQHandler                       0x08002793   Thumb Code     0  cstartup.o(.text)
    I2C1_EV_IRQHandler                       0x08002793   Thumb Code     0  cstartup.o(.text)
    I2C2_ER_IRQHandler                       0x08002793   Thumb Code     0  cstartup.o(.text)
    I2C2_EV_IRQHandler                       0x08002793   Thumb Code     0  cstartup.o(.text)
    PVD_IRQHandler                           0x08002793   Thumb Code     0  cstartup.o(.text)
    RCC_IRQHandler                           0x08002793   Thumb Code     0  cstartup.o(.text)
    RTCAlarm_IRQHandler                      0x08002793   Thumb Code     0  cstartup.o(.text)
    RTC_IRQHandler                           0x08002793   Thumb Code     0  cstartup.o(.text)
    SPI1_IRQHandler                          0x08002793   Thumb Code     0  cstartup.o(.text)
    SPI2_IRQHandler                          0x08002793   Thumb Code     0  cstartup.o(.text)
    TAMPER_IRQHandler                        0x08002793   Thumb Code     0  cstartup.o(.text)
    TIM1_BRK_IRQHandler                      0x08002793   Thumb Code     0  cstartup.o(.text)
    TIM1_CC_IRQHandler                       0x08002793   Thumb Code     0  cstartup.o(.text)
    TIM1_TRG_COM_IRQHandler                  0x08002793   Thumb Code     0  cstartup.o(.text)
    TIM1_UP_IRQHandler                       0x08002793   Thumb Code     0  cstartup.o(.text)
    TIM2_IRQHandler                          0x08002793   Thumb Code     0  cstartup.o(.text)
    TIM3_IRQHandler                          0x08002793   Thumb Code     0  cstartup.o(.text)
    TIM4_IRQHandler                          0x08002793   Thumb Code     0  cstartup.o(.text)
    USART2_IRQHandler                        0x08002793   Thumb Code     0  cstartup.o(.text)
    USART3_IRQHandler                        0x08002793   Thumb Code     0  cstartup.o(.text)
    USBWakeUp_IRQHandler                     0x08002793   Thumb Code     0  cstartup.o(.text)
    USB_HP_CAN_TX_IRQHandler                 0x08002793   Thumb Code     0  cstartup.o(.text)
    USB_LP_CAN_RX0_IRQHandler                0x08002793   Thumb Code     0  cstartup.o(.text)
    WWDG_IRQHandler                          0x08002793   Thumb Code     0  cstartup.o(.text)
    GPIO_DeInit                              0x08002799   Thumb Code   172  stm32f10x_gpio.o(.text)
    GPIO_AFIODeInit                          0x08002845   Thumb Code    20  stm32f10x_gpio.o(.text)
    GPIO_Init                                0x08002859   Thumb Code   278  stm32f10x_gpio.o(.text)
    GPIO_StructInit                          0x0800296f   Thumb Code    16  stm32f10x_gpio.o(.text)
    GPIO_ReadInputDataBit                    0x0800297f   Thumb Code    18  stm32f10x_gpio.o(.text)
    GPIO_ReadInputData                       0x08002991   Thumb Code     8  stm32f10x_gpio.o(.text)
    GPIO_ReadOutputDataBit                   0x08002999   Thumb Code    18  stm32f10x_gpio.o(.text)
    GPIO_ReadOutputData                      0x080029ab   Thumb Code     8  stm32f10x_gpio.o(.text)
    GPIO_SetBits                             0x080029b3   Thumb Code     4  stm32f10x_gpio.o(.text)
    GPIO_ResetBits                           0x080029b7   Thumb Code     4  stm32f10x_gpio.o(.text)
    GPIO_WriteBit                            0x080029bb   Thumb Code    10  stm32f10x_gpio.o(.text)
    GPIO_Write                               0x080029c5   Thumb Code     4  stm32f10x_gpio.o(.text)
    GPIO_PinLockConfig                       0x080029c9   Thumb Code    18  stm32f10x_gpio.o(.text)
    GPIO_EventOutputConfig                   0x080029db   Thumb Code    26  stm32f10x_gpio.o(.text)
    GPIO_EventOutputCmd                      0x080029f5   Thumb Code     6  stm32f10x_gpio.o(.text)
    GPIO_PinRemapConfig                      0x080029fb   Thumb Code   138  stm32f10x_gpio.o(.text)
    GPIO_EXTILineConfig                      0x08002a85   Thumb Code    66  stm32f10x_gpio.o(.text)
    GPIO_ETH_MediaInterfaceConfig            0x08002ac7   Thumb Code     8  stm32f10x_gpio.o(.text)
    RCC_DeInit                               0x08002af5   Thumb Code    64  stm32f10x_rcc.o(.text)
    RCC_HSEConfig                            0x08002b35   Thumb Code    70  stm32f10x_rcc.o(.text)
    RCC_GetFlagStatus                        0x08002b7b   Thumb Code    56  stm32f10x_rcc.o(.text)
    RCC_WaitForHSEStartUp                    0x08002bb3   Thumb Code    56  stm32f10x_rcc.o(.text)
    RCC_AdjustHSICalibrationValue            0x08002beb   Thumb Code    20  stm32f10x_rcc.o(.text)
    RCC_HSICmd                               0x08002bff   Thumb Code     6  stm32f10x_rcc.o(.text)
    RCC_PLLConfig                            0x08002c05   Thumb Code    24  stm32f10x_rcc.o(.text)
    RCC_PLLCmd                               0x08002c1d   Thumb Code     6  stm32f10x_rcc.o(.text)
    RCC_SYSCLKConfig                         0x08002c23   Thumb Code    18  stm32f10x_rcc.o(.text)
    RCC_GetSYSCLKSource                      0x08002c35   Thumb Code    10  stm32f10x_rcc.o(.text)
    RCC_HCLKConfig                           0x08002c3f   Thumb Code    18  stm32f10x_rcc.o(.text)
    RCC_PCLK1Config                          0x08002c51   Thumb Code    18  stm32f10x_rcc.o(.text)
    RCC_PCLK2Config                          0x08002c63   Thumb Code    20  stm32f10x_rcc.o(.text)
    RCC_ITConfig                             0x08002c77   Thumb Code    26  stm32f10x_rcc.o(.text)
    RCC_USBCLKConfig                         0x08002c91   Thumb Code     8  stm32f10x_rcc.o(.text)
    RCC_ADCCLKConfig                         0x08002c99   Thumb Code    18  stm32f10x_rcc.o(.text)
    RCC_LSEConfig                            0x08002cab   Thumb Code    50  stm32f10x_rcc.o(.text)
    RCC_LSICmd                               0x08002cdd   Thumb Code     6  stm32f10x_rcc.o(.text)
    RCC_RTCCLKConfig                         0x08002ce3   Thumb Code    12  stm32f10x_rcc.o(.text)
    RCC_RTCCLKCmd                            0x08002cef   Thumb Code     8  stm32f10x_rcc.o(.text)
    RCC_GetClocksFreq                        0x08002cf7   Thumb Code   192  stm32f10x_rcc.o(.text)
    RCC_AHBPeriphClockCmd                    0x08002db7   Thumb Code    26  stm32f10x_rcc.o(.text)
    RCC_APB2PeriphClockCmd                   0x08002dd1   Thumb Code    26  stm32f10x_rcc.o(.text)
    RCC_APB1PeriphClockCmd                   0x08002deb   Thumb Code    26  stm32f10x_rcc.o(.text)
    RCC_APB2PeriphResetCmd                   0x08002e05   Thumb Code    26  stm32f10x_rcc.o(.text)
    RCC_APB1PeriphResetCmd                   0x08002e1f   Thumb Code    26  stm32f10x_rcc.o(.text)
    RCC_BackupResetCmd                       0x08002e39   Thumb Code     8  stm32f10x_rcc.o(.text)
    RCC_ClockSecuritySystemCmd               0x08002e41   Thumb Code     6  stm32f10x_rcc.o(.text)
    RCC_MCOConfig                            0x08002e47   Thumb Code     6  stm32f10x_rcc.o(.text)
    RCC_ClearFlag                            0x08002e4d   Thumb Code    14  stm32f10x_rcc.o(.text)
    RCC_GetITStatus                          0x08002e5b   Thumb Code    20  stm32f10x_rcc.o(.text)
    RCC_ClearITPendingBit                    0x08002e6f   Thumb Code     6  stm32f10x_rcc.o(.text)
    NVIC_PriorityGroupConfig                 0x08002e99   Thumb Code    10  misc.o(.text)
    NVIC_Init                                0x08002ea3   Thumb Code   100  misc.o(.text)
    NVIC_SetVectorTable                      0x08002f07   Thumb Code    14  misc.o(.text)
    NVIC_SystemLPConfig                      0x08002f15   Thumb Code    34  misc.o(.text)
    SysTick_CLKSourceConfig                  0x08002f37   Thumb Code    40  misc.o(.text)
    USART_DeInit                             0x08002f75   Thumb Code   134  stm32f10x_usart.o(.text)
    USART_Init                               0x08002ffb   Thumb Code   210  stm32f10x_usart.o(.text)
    USART_StructInit                         0x080030cd   Thumb Code    24  stm32f10x_usart.o(.text)
    USART_ClockInit                          0x080030e5   Thumb Code    34  stm32f10x_usart.o(.text)
    USART_ClockStructInit                    0x08003107   Thumb Code    12  stm32f10x_usart.o(.text)
    USART_Cmd                                0x08003113   Thumb Code    24  stm32f10x_usart.o(.text)
    USART_ITConfig                           0x0800312b   Thumb Code    74  stm32f10x_usart.o(.text)
    USART_DMACmd                             0x08003175   Thumb Code    18  stm32f10x_usart.o(.text)
    USART_SetAddress                         0x08003187   Thumb Code    18  stm32f10x_usart.o(.text)
    USART_WakeUpConfig                       0x08003199   Thumb Code    18  stm32f10x_usart.o(.text)
    USART_ReceiverWakeUpCmd                  0x080031ab   Thumb Code    24  stm32f10x_usart.o(.text)
    USART_LINBreakDetectLengthConfig         0x080031c3   Thumb Code    18  stm32f10x_usart.o(.text)
    USART_LINCmd                             0x080031d5   Thumb Code    24  stm32f10x_usart.o(.text)
    USART_SendData                           0x080031ed   Thumb Code     8  stm32f10x_usart.o(.text)
    USART_ReceiveData                        0x080031f5   Thumb Code    10  stm32f10x_usart.o(.text)
    USART_SendBreak                          0x080031ff   Thumb Code    10  stm32f10x_usart.o(.text)
    USART_SetGuardTime                       0x08003209   Thumb Code    16  stm32f10x_usart.o(.text)
    USART_SetPrescaler                       0x08003219   Thumb Code    16  stm32f10x_usart.o(.text)
    USART_SmartCardCmd                       0x08003229   Thumb Code    24  stm32f10x_usart.o(.text)
    USART_SmartCardNACKCmd                   0x08003241   Thumb Code    24  stm32f10x_usart.o(.text)
    USART_HalfDuplexCmd                      0x08003259   Thumb Code    24  stm32f10x_usart.o(.text)
    USART_OverSampling8Cmd                   0x08003271   Thumb Code    22  stm32f10x_usart.o(.text)
    USART_OneBitMethodCmd                    0x08003287   Thumb Code    24  stm32f10x_usart.o(.text)
    USART_IrDAConfig                         0x0800329f   Thumb Code    18  stm32f10x_usart.o(.text)
    USART_IrDACmd                            0x080032b1   Thumb Code    24  stm32f10x_usart.o(.text)
    USART_GetFlagStatus                      0x080032c9   Thumb Code    26  stm32f10x_usart.o(.text)
    USART_ClearFlag                          0x080032e3   Thumb Code    18  stm32f10x_usart.o(.text)
    USART_GetITStatus                        0x080032f5   Thumb Code    84  stm32f10x_usart.o(.text)
    USART_ClearITPendingBit                  0x08003349   Thumb Code    52  stm32f10x_usart.o(.text)
    EXTI_DeInit                              0x0800337d   Thumb Code    28  stm32f10x_exti.o(.text)
    EXTI_Init                                0x08003399   Thumb Code   142  stm32f10x_exti.o(.text)
    EXTI_StructInit                          0x08003427   Thumb Code    16  stm32f10x_exti.o(.text)
    EXTI_GenerateSWInterrupt                 0x08003437   Thumb Code    16  stm32f10x_exti.o(.text)
    EXTI_GetFlagStatus                       0x08003447   Thumb Code    22  stm32f10x_exti.o(.text)
    EXTI_ClearFlag                           0x0800345d   Thumb Code     8  stm32f10x_exti.o(.text)
    EXTI_GetITStatus                         0x08003465   Thumb Code    34  stm32f10x_exti.o(.text)
    EXTI_ClearITPendingBit                   0x08003487   Thumb Code     8  stm32f10x_exti.o(.text)
    TIM_DeInit                               0x08003499   Thumb Code   424  stm32f10x_tim.o(.text)
    TIM_TimeBaseInit                         0x08003641   Thumb Code   122  stm32f10x_tim.o(.text)
    TIM_OC1Init                              0x080036bb   Thumb Code   132  stm32f10x_tim.o(.text)
    TIM_OC2Init                              0x0800373f   Thumb Code   154  stm32f10x_tim.o(.text)
    TIM_OC3Init                              0x080037d9   Thumb Code   150  stm32f10x_tim.o(.text)
    TIM_OC4Init                              0x0800386f   Thumb Code   182  stm32f10x_tim.o(.text)
    TIM_SetIC4Prescaler                      0x08003925   Thumb Code    26  stm32f10x_tim.o(.text)
    TIM_SetIC3Prescaler                      0x080039c1   Thumb Code    18  stm32f10x_tim.o(.text)
    TIM_SetIC2Prescaler                      0x08003a4d   Thumb Code    26  stm32f10x_tim.o(.text)
    TIM_SetIC1Prescaler                      0x08003ae9   Thumb Code    18  stm32f10x_tim.o(.text)
    TIM_ICInit                               0x08003b67   Thumb Code   150  stm32f10x_tim.o(.text)
    TIM_PWMIConfig                           0x08003bfd   Thumb Code   124  stm32f10x_tim.o(.text)
    TIM_BDTRConfig                           0x08003c79   Thumb Code    32  stm32f10x_tim.o(.text)
    TIM_TimeBaseStructInit                   0x08003c99   Thumb Code    18  stm32f10x_tim.o(.text)
    TIM_OCStructInit                         0x08003cab   Thumb Code    20  stm32f10x_tim.o(.text)
    TIM_ICStructInit                         0x08003cbf   Thumb Code    18  stm32f10x_tim.o(.text)
    TIM_BDTRStructInit                       0x08003cd1   Thumb Code    40  stm32f10x_tim.o(.text)
    TIM_Cmd                                  0x08003cf9   Thumb Code    24  stm32f10x_tim.o(.text)
    TIM_CtrlPWMOutputs                       0x08003d11   Thumb Code    30  stm32f10x_tim.o(.text)
    TIM_ITConfig                             0x08003d2f   Thumb Code    18  stm32f10x_tim.o(.text)
    TIM_GenerateEvent                        0x08003d41   Thumb Code     4  stm32f10x_tim.o(.text)
    TIM_DMAConfig                            0x08003d45   Thumb Code    10  stm32f10x_tim.o(.text)
    TIM_DMACmd                               0x08003d4f   Thumb Code    18  stm32f10x_tim.o(.text)
    TIM_InternalClockConfig                  0x08003d61   Thumb Code    12  stm32f10x_tim.o(.text)
    TIM_SelectInputTrigger                   0x08003d6d   Thumb Code    18  stm32f10x_tim.o(.text)
    TIM_ITRxExternalClockConfig              0x08003d7f   Thumb Code    24  stm32f10x_tim.o(.text)
    TIM_TIxExternalClockConfig               0x08003d97   Thumb Code    62  stm32f10x_tim.o(.text)
    TIM_ETRConfig                            0x08003dd5   Thumb Code    28  stm32f10x_tim.o(.text)
    TIM_ETRClockMode1Config                  0x08003df1   Thumb Code    54  stm32f10x_tim.o(.text)
    TIM_ETRClockMode2Config                  0x08003e27   Thumb Code    32  stm32f10x_tim.o(.text)
    TIM_PrescalerConfig                      0x08003e47   Thumb Code     6  stm32f10x_tim.o(.text)
    TIM_CounterModeConfig                    0x08003e4d   Thumb Code    18  stm32f10x_tim.o(.text)
    TIM_EncoderInterfaceConfig               0x08003e5f   Thumb Code    66  stm32f10x_tim.o(.text)
    TIM_ForcedOC1Config                      0x08003ea1   Thumb Code    18  stm32f10x_tim.o(.text)
    TIM_ForcedOC2Config                      0x08003eb3   Thumb Code    26  stm32f10x_tim.o(.text)
    TIM_ForcedOC3Config                      0x08003ecd   Thumb Code    18  stm32f10x_tim.o(.text)
    TIM_ForcedOC4Config                      0x08003edf   Thumb Code    26  stm32f10x_tim.o(.text)
    TIM_ARRPreloadConfig                     0x08003ef9   Thumb Code    24  stm32f10x_tim.o(.text)
    TIM_SelectCOM                            0x08003f11   Thumb Code    24  stm32f10x_tim.o(.text)
    TIM_SelectCCDMA                          0x08003f29   Thumb Code    24  stm32f10x_tim.o(.text)
    TIM_CCPreloadControl                     0x08003f41   Thumb Code    24  stm32f10x_tim.o(.text)
    TIM_OC1PreloadConfig                     0x08003f59   Thumb Code    18  stm32f10x_tim.o(.text)
    TIM_OC2PreloadConfig                     0x08003f6b   Thumb Code    26  stm32f10x_tim.o(.text)
    TIM_OC3PreloadConfig                     0x08003f85   Thumb Code    18  stm32f10x_tim.o(.text)
    TIM_OC4PreloadConfig                     0x08003f97   Thumb Code    26  stm32f10x_tim.o(.text)
    TIM_OC1FastConfig                        0x08003fb1   Thumb Code    18  stm32f10x_tim.o(.text)
    TIM_OC2FastConfig                        0x08003fc3   Thumb Code    26  stm32f10x_tim.o(.text)
    TIM_OC3FastConfig                        0x08003fdd   Thumb Code    18  stm32f10x_tim.o(.text)
    TIM_OC4FastConfig                        0x08003fef   Thumb Code    26  stm32f10x_tim.o(.text)
    TIM_ClearOC1Ref                          0x08004009   Thumb Code    18  stm32f10x_tim.o(.text)
    TIM_ClearOC2Ref                          0x0800401b   Thumb Code    24  stm32f10x_tim.o(.text)
    TIM_ClearOC3Ref                          0x08004033   Thumb Code    18  stm32f10x_tim.o(.text)
    TIM_ClearOC4Ref                          0x08004045   Thumb Code    24  stm32f10x_tim.o(.text)
    TIM_OC1PolarityConfig                    0x0800405d   Thumb Code    18  stm32f10x_tim.o(.text)
    TIM_OC1NPolarityConfig                   0x0800406f   Thumb Code    18  stm32f10x_tim.o(.text)
    TIM_OC2PolarityConfig                    0x08004081   Thumb Code    26  stm32f10x_tim.o(.text)
    TIM_OC2NPolarityConfig                   0x0800409b   Thumb Code    26  stm32f10x_tim.o(.text)
    TIM_OC3PolarityConfig                    0x080040b5   Thumb Code    26  stm32f10x_tim.o(.text)
    TIM_OC3NPolarityConfig                   0x080040cf   Thumb Code    26  stm32f10x_tim.o(.text)
    TIM_OC4PolarityConfig                    0x080040e9   Thumb Code    26  stm32f10x_tim.o(.text)
    TIM_CCxCmd                               0x08004103   Thumb Code    30  stm32f10x_tim.o(.text)
    TIM_CCxNCmd                              0x08004121   Thumb Code    30  stm32f10x_tim.o(.text)
    TIM_SelectOCxM                           0x0800413f   Thumb Code    82  stm32f10x_tim.o(.text)
    TIM_UpdateDisableConfig                  0x08004191   Thumb Code    24  stm32f10x_tim.o(.text)
    TIM_UpdateRequestConfig                  0x080041a9   Thumb Code    24  stm32f10x_tim.o(.text)
    TIM_SelectHallSensor                     0x080041c1   Thumb Code    24  stm32f10x_tim.o(.text)
    TIM_SelectOnePulseMode                   0x080041d9   Thumb Code    18  stm32f10x_tim.o(.text)
    TIM_SelectOutputTrigger                  0x080041eb   Thumb Code    18  stm32f10x_tim.o(.text)
    TIM_SelectSlaveMode                      0x080041fd   Thumb Code    18  stm32f10x_tim.o(.text)
    TIM_SelectMasterSlaveMode                0x0800420f   Thumb Code    18  stm32f10x_tim.o(.text)
    TIM_SetCounter                           0x08004221   Thumb Code     4  stm32f10x_tim.o(.text)
    TIM_SetAutoreload                        0x08004225   Thumb Code     4  stm32f10x_tim.o(.text)
    TIM_SetCompare1                          0x08004229   Thumb Code     4  stm32f10x_tim.o(.text)
    TIM_SetCompare2                          0x0800422d   Thumb Code     4  stm32f10x_tim.o(.text)
    TIM_SetCompare3                          0x08004231   Thumb Code     4  stm32f10x_tim.o(.text)
    TIM_SetCompare4                          0x08004235   Thumb Code     6  stm32f10x_tim.o(.text)
    TIM_SetClockDivision                     0x0800423b   Thumb Code    18  stm32f10x_tim.o(.text)
    TIM_GetCapture1                          0x0800424d   Thumb Code     6  stm32f10x_tim.o(.text)
    TIM_GetCapture2                          0x08004253   Thumb Code     6  stm32f10x_tim.o(.text)
    TIM_GetCapture3                          0x08004259   Thumb Code     6  stm32f10x_tim.o(.text)
    TIM_GetCapture4                          0x0800425f   Thumb Code     8  stm32f10x_tim.o(.text)
    TIM_GetCounter                           0x08004267   Thumb Code     6  stm32f10x_tim.o(.text)
    TIM_GetPrescaler                         0x0800426d   Thumb Code     6  stm32f10x_tim.o(.text)
    TIM_GetFlagStatus                        0x08004273   Thumb Code    18  stm32f10x_tim.o(.text)
    TIM_ClearFlag                            0x08004285   Thumb Code     6  stm32f10x_tim.o(.text)
    TIM_GetITStatus                          0x0800428b   Thumb Code    34  stm32f10x_tim.o(.text)
    TIM_ClearITPendingBit                    0x080042ad   Thumb Code     6  stm32f10x_tim.o(.text)
    FLASH_SetLatency                         0x080042b5   Thumb Code    18  stm32f10x_flash.o(.text)
    FLASH_HalfCycleAccessCmd                 0x080042c7   Thumb Code    22  stm32f10x_flash.o(.text)
    FLASH_PrefetchBufferCmd                  0x080042dd   Thumb Code    22  stm32f10x_flash.o(.text)
    FLASH_Unlock                             0x080042f3   Thumb Code    12  stm32f10x_flash.o(.text)
    FLASH_UnlockBank1                        0x080042ff   Thumb Code    12  stm32f10x_flash.o(.text)
    FLASH_Lock                               0x0800430b   Thumb Code    14  stm32f10x_flash.o(.text)
    FLASH_LockBank1                          0x08004319   Thumb Code    14  stm32f10x_flash.o(.text)
    FLASH_GetBank1Status                     0x08004327   Thumb Code    48  stm32f10x_flash.o(.text)
    FLASH_WaitForLastOperation               0x08004357   Thumb Code    38  stm32f10x_flash.o(.text)
    FLASH_ErasePage                          0x0800437d   Thumb Code    72  stm32f10x_flash.o(.text)
    FLASH_EraseAllPages                      0x080043c5   Thumb Code    68  stm32f10x_flash.o(.text)
    FLASH_WaitForLastBank1Operation          0x08004409   Thumb Code    38  stm32f10x_flash.o(.text)
    FLASH_EraseAllBank1Pages                 0x0800442f   Thumb Code    68  stm32f10x_flash.o(.text)
    FLASH_GetReadOutProtectionStatus         0x08004473   Thumb Code    20  stm32f10x_flash.o(.text)
    FLASH_EraseOptionBytes                   0x08004487   Thumb Code   150  stm32f10x_flash.o(.text)
    FLASH_ProgramWord                        0x0800451d   Thumb Code   102  stm32f10x_flash.o(.text)
    FLASH_ProgramHalfWord                    0x08004583   Thumb Code    60  stm32f10x_flash.o(.text)
    FLASH_ProgramOptionByteData              0x080045bf   Thumb Code    72  stm32f10x_flash.o(.text)
    FLASH_EnableWriteProtection              0x08004607   Thumb Code   200  stm32f10x_flash.o(.text)
    FLASH_ReadOutProtection                  0x080046cf   Thumb Code   156  stm32f10x_flash.o(.text)
    FLASH_UserOptionByteConfig               0x0800476b   Thumb Code    88  stm32f10x_flash.o(.text)
    FLASH_GetUserOptionByte                  0x080047c3   Thumb Code     8  stm32f10x_flash.o(.text)
    FLASH_GetWriteProtectionOptionByte       0x080047cb   Thumb Code     6  stm32f10x_flash.o(.text)
    FLASH_GetPrefetchBufferStatus            0x080047d1   Thumb Code    20  stm32f10x_flash.o(.text)
    FLASH_ITConfig                           0x080047e5   Thumb Code    26  stm32f10x_flash.o(.text)
    FLASH_GetFlagStatus                      0x080047ff   Thumb Code    42  stm32f10x_flash.o(.text)
    FLASH_ClearFlag                          0x08004829   Thumb Code     6  stm32f10x_flash.o(.text)
    FLASH_GetStatus                          0x0800482f   Thumb Code    48  stm32f10x_flash.o(.text)
    vListInitialise                          0x08004871   Thumb Code    26  list.o(.text)
    vListInitialiseItem                      0x0800488b   Thumb Code     6  list.o(.text)
    vListInsertEnd                           0x08004891   Thumb Code    24  list.o(.text)
    vListInsert                              0x080048a9   Thumb Code    52  list.o(.text)
    uxListRemove                             0x080048dd   Thumb Code    40  list.o(.text)
    xQueueGenericReset                       0x08004905   Thumb Code   122  queue.o(.text)
    xQueueGenericCreate                      0x080049a9   Thumb Code    56  queue.o(.text)
    xQueueGenericSend                        0x08004af9   Thumb Code   276  queue.o(.text)
    xQueueCreateMutex                        0x08004c29   Thumb Code    34  queue.o(.text)
    xQueueGenericSendFromISR                 0x08004c4b   Thumb Code   134  queue.o(.text)
    xQueueGiveFromISR                        0x08004cd1   Thumb Code   124  queue.o(.text)
    xQueueGenericReceive                     0x08004d91   Thumb Code   342  queue.o(.text)
    xQueueReceiveFromISR                     0x08004ee7   Thumb Code   130  queue.o(.text)
    xQueuePeekFromISR                        0x08004f69   Thumb Code    74  queue.o(.text)
    uxQueueMessagesWaiting                   0x08004fb3   Thumb Code    18  queue.o(.text)
    uxQueueSpacesAvailable                   0x08004fc5   Thumb Code    24  queue.o(.text)
    uxQueueMessagesWaitingFromISR            0x08004fdd   Thumb Code     6  queue.o(.text)
    vQueueDelete                             0x08004fe3   Thumb Code    14  queue.o(.text)
    uxQueueGetQueueNumber                    0x08004ff1   Thumb Code     6  queue.o(.text)
    vQueueSetQueueNumber                     0x08004ff7   Thumb Code     4  queue.o(.text)
    ucQueueGetQueueType                      0x08004ffb   Thumb Code     8  queue.o(.text)
    xQueueIsQueueEmptyFromISR                0x08005003   Thumb Code    14  queue.o(.text)
    xQueueIsQueueFullFromISR                 0x08005011   Thumb Code    18  queue.o(.text)
    xTaskCreate                              0x080051a5   Thumb Code    92  tasks.o(.text)
    vTaskDelete                              0x0800523d   Thumb Code   176  tasks.o(.text)
    xTaskIncrementTick                       0x080052ed   Thumb Code   238  tasks.o(.text)
    xTaskResumeAll                           0x080053db   Thumb Code   284  tasks.o(.text)
    vTaskSuspendAll                          0x08005573   Thumb Code    12  tasks.o(.text)
    vTaskDelayUntil                          0x0800557f   Thumb Code   106  tasks.o(.text)
    vTaskDelay                               0x080055e9   Thumb Code    46  tasks.o(.text)
    eTaskGetState                            0x08005617   Thumb Code    88  tasks.o(.text)
    uxTaskPriorityGet                        0x0800566f   Thumb Code    30  tasks.o(.text)
    uxTaskPriorityGetFromISR                 0x0800568d   Thumb Code    52  tasks.o(.text)
    vTaskPrioritySet                         0x080056c1   Thumb Code   226  tasks.o(.text)
    vTaskSwitchContext                       0x080057a3   Thumb Code    76  tasks.o(.text)
    vTaskSuspend                             0x080057ef   Thumb Code   220  tasks.o(.text)
    vTaskResume                              0x08005903   Thumb Code   104  tasks.o(.text)
    xTaskResumeFromISR                       0x0800596b   Thumb Code   130  tasks.o(.text)
    vTaskStartScheduler                      0x08005a63   Thumb Code    74  tasks.o(.text)
    vTaskEndScheduler                        0x08005aad   Thumb Code    32  tasks.o(.text)
    xTaskGetTickCount                        0x08005acd   Thumb Code     6  tasks.o(.text)
    xTaskGetTickCountFromISR                 0x08005ad3   Thumb Code     8  tasks.o(.text)
    uxTaskGetNumberOfTasks                   0x08005adb   Thumb Code     6  tasks.o(.text)
    pcTaskGetName                            0x08005ae1   Thumb Code    20  tasks.o(.text)
    vTaskGetTaskInfo                         0x08005b0b   Thumb Code   114  tasks.o(.text)
    uxTaskGetSystemState                     0x08005be7   Thumb Code   152  tasks.o(.text)
    vTaskPlaceOnEventList                    0x08005c7f   Thumb Code   106  tasks.o(.text)
    vTaskPlaceOnUnorderedEventList           0x08005ce9   Thumb Code    40  tasks.o(.text)
    xTaskRemoveFromEventList                 0x08005d11   Thumb Code   104  tasks.o(.text)
    xTaskRemoveFromUnorderedEventList        0x08005d79   Thumb Code    94  tasks.o(.text)
    vTaskSetTimeOutState                     0x08005dd7   Thumb Code    14  tasks.o(.text)
    xTaskCheckForTimeOut                     0x08005de5   Thumb Code    84  tasks.o(.text)
    vTaskMissedYield                         0x08005e39   Thumb Code     8  tasks.o(.text)
    uxTaskGetTaskNumber                      0x08005e41   Thumb Code    14  tasks.o(.text)
    vTaskSetTaskNumber                       0x08005e4f   Thumb Code     8  tasks.o(.text)
    uxTaskGetStackHighWaterMark              0x08005e57   Thumb Code    34  tasks.o(.text)
    xTaskGetCurrentTaskHandle                0x08005e79   Thumb Code     6  tasks.o(.text)
    vTaskPriorityInherit                     0x08005e7f   Thumb Code   164  tasks.o(.text)
    xTaskPriorityDisinherit                  0x08005f23   Thumb Code   122  tasks.o(.text)
    uxTaskResetEventItemValue                0x08005f9d   Thumb Code    24  tasks.o(.text)
    pvTaskIncrementMutexHeldCount            0x08005fb5   Thumb Code    26  tasks.o(.text)
    ulTaskNotifyTake                         0x08005fcf   Thumb Code   108  tasks.o(.text)
    xTaskNotifyWait                          0x0800603b   Thumb Code   186  tasks.o(.text)
    xTaskGenericNotify                       0x080060f5   Thumb Code   178  tasks.o(.text)
    xTaskGenericNotifyFromISR                0x080061a7   Thumb Code   228  tasks.o(.text)
    vTaskNotifyGiveFromISR                   0x0800628b   Thumb Code   154  tasks.o(.text)
    xTaskNotifyStateClear                    0x08006325   Thumb Code    48  tasks.o(.text)
    pxPortInitialiseStack                    0x08006387   Thumb Code    26  port.o(.text)
    vPortSetupTimerInterrupt                 0x080063a1   Thumb Code    14  port.o(.text)
    xPortStartScheduler                      0x080063af   Thumb Code    42  port.o(.text)
    vPortEndScheduler                        0x080063d9   Thumb Code     2  port.o(.text)
    vPortEnterCritical                       0x080063db   Thumb Code    30  port.o(.text)
    vPortExitCritical                        0x080063f9   Thumb Code    28  port.o(.text)
    xPortSysTickHandler                      0x08006415   Thumb Code    48  port.o(.text)
    pvPortMalloc                             0x0800647f   Thumb Code   166  heap_2.o(.text)
    vPortFree                                0x08006525   Thumb Code    56  heap_2.o(.text)
    xPortGetFreeHeapSize                     0x0800655d   Thumb Code     6  heap_2.o(.text)
    vPortInitialiseBlocks                    0x08006563   Thumb Code     2  heap_2.o(.text)
    sys_mbox_new                             0x08006579   Thumb Code    58  sys_arch.o(.text)
    sys_mbox_free                            0x080065b3   Thumb Code    52  sys_arch.o(.text)
    sys_mbox_post                            0x080065e7   Thumb Code    24  sys_arch.o(.text)
    sys_mbox_trypost                         0x080065ff   Thumb Code    48  sys_arch.o(.text)
    sys_arch_mbox_fetch                      0x0800662f   Thumb Code    94  sys_arch.o(.text)
    sys_arch_mbox_tryfetch                   0x0800668d   Thumb Code    36  sys_arch.o(.text)
    sys_sem_new                              0x080066b1   Thumb Code   108  sys_arch.o(.text)
    sys_arch_sem_wait                        0x0800671d   Thumb Code    82  sys_arch.o(.text)
    sys_sem_signal                           0x0800676f   Thumb Code    18  sys_arch.o(.text)
    sys_sem_free                             0x08006781   Thumb Code    26  sys_arch.o(.text)
    sys_init                                 0x0800679b   Thumb Code    34  sys_arch.o(.text)
    sys_arch_timeouts                        0x080067bd   Thumb Code    42  sys_arch.o(.text)
    sys_arch_protect                         0x080067e7   Thumb Code    10  sys_arch.o(.text)
    sys_arch_unprotect                       0x080067f1   Thumb Code    10  sys_arch.o(.text)
    sys_thread_new                           0x080067fb   Thumb Code    86  sys_arch.o(.text)
    sys_assert                               0x08006851   Thumb Code     8  sys_arch.o(.text)
    etharp_tmr                               0x08006883   Thumb Code   154  etharp.o(.text)
    etharp_find_addr                         0x08006c27   Thumb Code    92  etharp.o(.text)
    etharp_ip_input                          0x08006c83   Thumb Code    52  etharp.o(.text)
    etharp_arp_input                         0x08006cb7   Thumb Code   360  etharp.o(.text)
    etharp_request                           0x08006ee3   Thumb Code    36  etharp.o(.text)
    etharp_query                             0x08006f07   Thumb Code   404  etharp.o(.text)
    etharp_output                            0x0800709b   Thumb Code   216  etharp.o(.text)
    ethernet_input                           0x08007173   Thumb Code   126  etharp.o(.text)
    dns_setserver                            0x080071f9   Thumb Code    28  dns.o(.text)
    dns_init                                 0x080073dd   Thumb Code    64  dns.o(.text)
    dns_getserver                            0x0800741d   Thumb Code    28  dns.o(.text)
    dns_tmr                                  0x0800761f   Thumb Code    14  dns.o(.text)
    dns_gethostbyname                        0x0800773b   Thumb Code    84  dns.o(.text)
    mem_init                                 0x08007809   Thumb Code    92  mem.o(.text)
    mem_free                                 0x08007865   Thumb Code   128  mem.o(.text)
    mem_realloc                              0x080078e5   Thumb Code   310  mem.o(.text)
    mem_malloc                               0x08007a1b   Thumb Code   390  mem.o(.text)
    mem_calloc                               0x08007ba1   Thumb Code    34  mem.o(.text)
    memp_init                                0x08007bc5   Thumb Code   136  memp.o(.text)
    memp_malloc                              0x08007c4d   Thumb Code   150  memp.o(.text)
    memp_free                                0x08007ce3   Thumb Code    74  memp.o(.text)
    netif_set_gw                             0x08007d41   Thumb Code    12  netif.o(.text)
    netif_set_netmask                        0x08007d4d   Thumb Code    12  netif.o(.text)
    netif_set_ipaddr                         0x08007d59   Thumb Code   110  netif.o(.text)
    netif_set_addr                           0x08007dc7   Thumb Code    40  netif.o(.text)
    netif_add                                0x08007def   Thumb Code    96  netif.o(.text)
    netif_set_default                        0x08007e4f   Thumb Code     6  netif.o(.text)
    netif_remove                             0x08007e55   Thumb Code    74  netif.o(.text)
    netif_find                               0x08007e9f   Thumb Code    64  netif.o(.text)
    netif_set_up                             0x08007edf   Thumb Code    44  netif.o(.text)
    netif_set_down                           0x08007f0b   Thumb Code    24  netif.o(.text)
    netif_is_up                              0x08007f23   Thumb Code    12  netif.o(.text)
    pbuf_free                                0x08007fb5   Thumb Code   108  pbuf.o(.text)
    pbuf_alloc                               0x08008021   Thumb Code   386  pbuf.o(.text)
    pbuf_realloc                             0x080081a3   Thumb Code   100  pbuf.o(.text)
    pbuf_header                              0x08008207   Thumb Code   106  pbuf.o(.text)
    pbuf_clen                                0x08008271   Thumb Code    18  pbuf.o(.text)
    pbuf_ref                                 0x08008283   Thumb Code    26  pbuf.o(.text)
    pbuf_cat                                 0x0800829d   Thumb Code    36  pbuf.o(.text)
    pbuf_chain                               0x080082c1   Thumb Code    22  pbuf.o(.text)
    pbuf_dechain                             0x080082d7   Thumb Code    48  pbuf.o(.text)
    pbuf_copy                                0x08008307   Thumb Code   114  pbuf.o(.text)
    pbuf_copy_partial                        0x08008379   Thumb Code   116  pbuf.o(.text)
    pbuf_take                                0x080083ed   Thumb Code    86  pbuf.o(.text)
    pbuf_coalesce                            0x08008443   Thumb Code    56  pbuf.o(.text)
    raw_input                                0x0800847d   Thumb Code   100  raw.o(.text)
    raw_bind                                 0x080084e1   Thumb Code    16  raw.o(.text)
    raw_connect                              0x080084f1   Thumb Code    16  raw.o(.text)
    raw_recv                                 0x08008501   Thumb Code     6  raw.o(.text)
    raw_sendto                               0x08008507   Thumb Code   150  raw.o(.text)
    raw_send                                 0x0800859d   Thumb Code    18  raw.o(.text)
    raw_remove                               0x080085af   Thumb Code    60  raw.o(.text)
    raw_new                                  0x080085eb   Thumb Code    42  raw.o(.text)
    sys_mbox_fetch                           0x08008619   Thumb Code   124  sys.o(.text)
    sys_sem_wait                             0x08008695   Thumb Code   116  sys.o(.text)
    sys_timeout                              0x08008709   Thumb Code   144  sys.o(.text)
    sys_untimeout                            0x08008799   Thumb Code    94  sys.o(.text)
    sys_sem_wait_timeout                     0x0800880b   Thumb Code    58  sys.o(.text)
    sys_msleep                               0x08008845   Thumb Code    28  sys.o(.text)
    tcp_seg_free                             0x08008865   Thumb Code    32  tcp.o(.text)
    tcp_segs_free                            0x08008885   Thumb Code    30  tcp.o(.text)
    tcp_pcb_purge                            0x080088a3   Thumb Code    76  tcp.o(.text)
    tcp_slowtmr                              0x080088ef   Thumb Code   714  tcp.o(.text)
    tcp_pcb_remove                           0x08008bb9   Thumb Code   128  tcp.o(.text)
    tcp_close                                0x08008c39   Thumb Code   274  tcp.o(.text)
    tcp_update_rcv_ann_wnd                   0x08008d4b   Thumb Code    70  tcp.o(.text)
    tcp_recved                               0x08008d91   Thumb Code    62  tcp.o(.text)
    tcp_recv_null                            0x08008dcf   Thumb Code    46  tcp.o(.text)
    tcp_fasttmr                              0x08008dfd   Thumb Code   122  tcp.o(.text)
    tcp_tmr                                  0x08008e77   Thumb Code    30  tcp.o(.text)
    tcp_abandon                              0x08008e95   Thumb Code   158  tcp.o(.text)
    tcp_bind                                 0x08008f9b   Thumb Code   218  tcp.o(.text)
    tcp_listen_with_backlog                  0x0800907d   Thumb Code   184  tcp.o(.text)
    tcp_eff_send_mss                         0x08009135   Thumb Code    46  tcp.o(.text)
    tcp_next_iss                             0x08009163   Thumb Code    20  tcp.o(.text)
    tcp_connect                              0x08009177   Thumb Code   294  tcp.o(.text)
    tcp_setprio                              0x0800929d   Thumb Code     4  tcp.o(.text)
    tcp_seg_copy                             0x080092a1   Thumb Code    38  tcp.o(.text)
    tcp_alloc                                0x08009349   Thumb Code   202  tcp.o(.text)
    tcp_new                                  0x08009413   Thumb Code    10  tcp.o(.text)
    tcp_arg                                  0x0800941d   Thumb Code     4  tcp.o(.text)
    tcp_recv                                 0x08009421   Thumb Code     6  tcp.o(.text)
    tcp_sent                                 0x08009427   Thumb Code     6  tcp.o(.text)
    tcp_err                                  0x0800942d   Thumb Code     6  tcp.o(.text)
    tcp_accept                               0x08009433   Thumb Code     4  tcp.o(.text)
    tcp_poll                                 0x08009437   Thumb Code    10  tcp.o(.text)
    tcp_debug_state_str                      0x08009441   Thumb Code    10  tcp.o(.text)
    tcp_input                                0x0800a65b   Thumb Code  1324  tcp_in.o(.text)
    tcp_enqueue                              0x0800ac43   Thumb Code   986  tcp_out.o(.text)
    tcp_send_ctrl                            0x0800b01d   Thumb Code    28  tcp_out.o(.text)
    tcp_write                                0x0800b039   Thumb Code    72  tcp_out.o(.text)
    tcp_send_empty_ack                       0x0800b081   Thumb Code   118  tcp_out.o(.text)
    tcp_output                               0x0800b1dd   Thumb Code   462  tcp_out.o(.text)
    tcp_rst                                  0x0800b3ab   Thumb Code   198  tcp_out.o(.text)
    tcp_rexmit_rto                           0x0800b471   Thumb Code    58  tcp_out.o(.text)
    tcp_rexmit                               0x0800b4ab   Thumb Code    80  tcp_out.o(.text)
    tcp_rexmit_fast                          0x0800b4fb   Thumb Code   132  tcp_out.o(.text)
    tcp_keepalive                            0x0800b57f   Thumb Code   110  tcp_out.o(.text)
    tcp_zero_window_probe                    0x0800b5ed   Thumb Code   196  tcp_out.o(.text)
    udp_input                                0x0800b6b5   Thumb Code   562  udp.o(.text)
    udp_bind                                 0x0800b8e7   Thumb Code   102  udp.o(.text)
    udp_sendto_if                            0x0800b94d   Thumb Code   248  udp.o(.text)
    udp_sendto                               0x0800ba45   Thumb Code    62  udp.o(.text)
    udp_send                                 0x0800ba83   Thumb Code    20  udp.o(.text)
    udp_connect                              0x0800ba97   Thumb Code   104  udp.o(.text)
    udp_disconnect                           0x0800baff   Thumb Code    28  udp.o(.text)
    udp_recv                                 0x0800bb1b   Thumb Code     6  udp.o(.text)
    udp_remove                               0x0800bb21   Thumb Code    60  udp.o(.text)
    udp_new                                  0x0800bb5d   Thumb Code    28  udp.o(.text)
    icmp_input                               0x0800bb81   Thumb Code   524  icmp.o(.text)
    icmp_dest_unreach                        0x0800be03   Thumb Code    18  icmp.o(.text)
    icmp_time_exceeded                       0x0800be15   Thumb Code    18  icmp.o(.text)
    htonl                                    0x0800be2d   Thumb Code    26  inet.o(.text)
    inet_aton                                0x0800be47   Thumb Code   336  inet.o(.text)
    inet_addr                                0x0800bf97   Thumb Code    24  inet.o(.text)
    inet_ntoa                                0x0800bfaf   Thumb Code   112  inet.o(.text)
    htons                                    0x0800c01f   Thumb Code    12  inet.o(.text)
    ntohs                                    0x0800c02b   Thumb Code    12  inet.o(.text)
    ntohl                                    0x0800c037   Thumb Code    12  inet.o(.text)
    inet_chksum_pseudo                       0x0800c093   Thumb Code   162  inet_chksum.o(.text)
    inet_chksum                              0x0800c135   Thumb Code    20  inet_chksum.o(.text)
    inet_chksum_pbuf                         0x0800c149   Thumb Code    86  inet_chksum.o(.text)
    ip_route                                 0x0800c1a1   Thumb Code    86  ip.o(.text)
    ip_input                                 0x0800c2bd   Thumb Code   596  ip.o(.text)
    ip_output_if                             0x0800c511   Thumb Code   306  ip.o(.text)
    ip_output                                0x0800c643   Thumb Code    70  ip.o(.text)
    ip_addr_isbroadcast                      0x0800c691   Thumb Code    78  ip_addr.o(.text)
    ip_reass_tmr                             0x0800c775   Thumb Code    48  ip_frag.o(.text)
    ip_reass                                 0x0800c9bb   Thumb Code   482  ip_frag.o(.text)
    ip_frag                                  0x0800cb9d   Thumb Code   336  ip_frag.o(.text)
    vlwIPInit                                0x0800ccf9   Thumb Code    24  lwipentry.o(.text)
    LwIPEntry                                0x0800cd11   Thumb Code   106  lwipentry.o(.text)
    netconn_new_with_proto_and_callback      0x0800cd81   Thumb Code    72  api_lib.o(.text)
    netconn_delete                           0x0800cdc9   Thumb Code    40  api_lib.o(.text)
    netconn_getaddr                          0x0800cdf1   Thumb Code    40  api_lib.o(.text)
    netconn_bind                             0x0800ce19   Thumb Code    36  api_lib.o(.text)
    netconn_connect                          0x0800ce3d   Thumb Code    36  api_lib.o(.text)
    netconn_disconnect                       0x0800ce61   Thumb Code    26  api_lib.o(.text)
    netconn_listen_with_backlog              0x0800ce7b   Thumb Code    28  api_lib.o(.text)
    netconn_accept                           0x0800ce97   Thumb Code    32  api_lib.o(.text)
    netconn_recv                             0x0800ceb7   Thumb Code   284  api_lib.o(.text)
    netconn_send                             0x0800cfd3   Thumb Code    30  api_lib.o(.text)
    netconn_sendto                           0x0800cff1   Thumb Code    36  api_lib.o(.text)
    netconn_write                            0x0800d015   Thumb Code    40  api_lib.o(.text)
    netconn_close                            0x0800d03d   Thumb Code    26  api_lib.o(.text)
    netconn_gethostbyname                    0x0800d057   Thumb Code    64  api_lib.o(.text)
    netconn_free                             0x0800d4f3   Thumb Code   114  api_msg.o(.text)
    netconn_alloc                            0x0800d565   Thumb Code   106  api_msg.o(.text)
    do_newconn                               0x0800d6cb   Thumb Code    26  api_msg.o(.text)
    do_delconn                               0x0800d6e5   Thumb Code   126  api_msg.o(.text)
    do_bind                                  0x0800d763   Thumb Code   114  api_msg.o(.text)
    do_connect                               0x0800d809   Thumb Code   156  api_msg.o(.text)
    do_disconnect                            0x0800d8a5   Thumb Code    34  api_msg.o(.text)
    do_listen                                0x0800d8c7   Thumb Code   160  api_msg.o(.text)
    do_send                                  0x0800d967   Thumb Code   144  api_msg.o(.text)
    do_recv                                  0x0800d9f7   Thumb Code    50  api_msg.o(.text)
    do_write                                 0x0800da29   Thumb Code    72  api_msg.o(.text)
    do_getaddr                               0x0800da71   Thumb Code   172  api_msg.o(.text)
    do_close                                 0x0800db1d   Thumb Code    48  api_msg.o(.text)
    do_gethostbyname                         0x0800db79   Thumb Code    40  api_msg.o(.text)
    netbuf_new                               0x0800dbad   Thumb Code    30  netbuf.o(.text)
    netbuf_delete                            0x0800dbcb   Thumb Code    32  netbuf.o(.text)
    netbuf_alloc                             0x0800dbeb   Thumb Code    46  netbuf.o(.text)
    netbuf_free                              0x0800dc19   Thumb Code    22  netbuf.o(.text)
    netbuf_ref                               0x0800dc2f   Thumb Code    62  netbuf.o(.text)
    netbuf_chain                             0x0800dc6d   Thumb Code    28  netbuf.o(.text)
    netbuf_data                              0x0800dc89   Thumb Code    28  netbuf.o(.text)
    netbuf_next                              0x0800dca5   Thumb Code    34  netbuf.o(.text)
    netbuf_first                             0x0800dcc7   Thumb Code     6  netbuf.o(.text)
    tcp_timer_needed                         0x0800dcf5   Thumb Code    38  tcpip.o(.text)
    tcpip_input                              0x0800de2f   Thumb Code    72  tcpip.o(.text)
    tcpip_callback_with_block                0x0800de77   Thumb Code    92  tcpip.o(.text)
    tcpip_timeout                            0x0800ded3   Thumb Code    64  tcpip.o(.text)
    tcpip_untimeout                          0x0800df13   Thumb Code    56  tcpip.o(.text)
    tcpip_apimsg                             0x0800df4b   Thumb Code    52  tcpip.o(.text)
    tcpip_init                               0x0800df7f   Thumb Code    44  tcpip.o(.text)
    pbuf_free_callback                       0x0800dfb9   Thumb Code    16  tcpip.o(.text)
    mem_free_callback                        0x0800dfc9   Thumb Code    16  tcpip.o(.text)
    __aeabi_memcpy                           0x0800e01d   Thumb Code    36  memcpya.o(.text)
    __aeabi_memcpy4                          0x0800e01d   Thumb Code     0  memcpya.o(.text)
    __aeabi_memcpy8                          0x0800e01d   Thumb Code     0  memcpya.o(.text)
    __aeabi_memset                           0x0800e041   Thumb Code    14  memseta.o(.text)
    __aeabi_memset4                          0x0800e041   Thumb Code     0  memseta.o(.text)
    __aeabi_memset8                          0x0800e041   Thumb Code     0  memseta.o(.text)
    __aeabi_memclr                           0x0800e04f   Thumb Code     4  memseta.o(.text)
    __aeabi_memclr4                          0x0800e04f   Thumb Code     0  memseta.o(.text)
    __aeabi_memclr8                          0x0800e04f   Thumb Code     0  memseta.o(.text)
    _memset$wrapper                          0x0800e053   Thumb Code    18  memseta.o(.text)
    strcat                                   0x0800e065   Thumb Code    24  strcat.o(.text)
    strlen                                   0x0800e07d   Thumb Code    14  strlen.o(.text)
    strcmp                                   0x0800e08b   Thumb Code    28  strcmp.o(.text)
    strcpy                                   0x0800e0a7   Thumb Code    18  strcpy.o(.text)
    strncmp                                  0x0800e0b9   Thumb Code    30  strncmp.o(.text)
    __0sscanf                                0x0800e0d9   Thumb Code    48  __0sscanf.o(.text)
    _scanf_int                               0x0800e111   Thumb Code   332  _scanf_int.o(.text)
    _scanf_string                            0x0800e25d   Thumb Code   218  _scanf_str.o(.text)
    __aeabi_fadd                             0x0800e337   Thumb Code   164  fadd.o(.text)
    __aeabi_fsub                             0x0800e3db   Thumb Code     6  fadd.o(.text)
    __aeabi_frsub                            0x0800e3e1   Thumb Code     6  fadd.o(.text)
    __aeabi_fmul                             0x0800e3e7   Thumb Code   100  fmul.o(.text)
    __aeabi_dadd                             0x0800e44b   Thumb Code   322  dadd.o(.text)
    __aeabi_dsub                             0x0800e58d   Thumb Code     6  dadd.o(.text)
    __aeabi_drsub                            0x0800e593   Thumb Code     6  dadd.o(.text)
    __aeabi_ddiv                             0x0800e599   Thumb Code   222  ddiv.o(.text)
    __aeabi_ui2f                             0x0800e677   Thumb Code    10  ffltui.o(.text)
    __aeabi_f2uiz                            0x0800e681   Thumb Code    40  ffixui.o(.text)
    __aeabi_f2d                              0x0800e6a9   Thumb Code    38  f2d.o(.text)
    __aeabi_d2f                              0x0800e6cf   Thumb Code    56  d2f.o(.text)
    __aeabi_uidiv                            0x0800e707   Thumb Code     0  uidiv.o(.text)
    __aeabi_uidivmod                         0x0800e707   Thumb Code    44  uidiv.o(.text)
    __aeabi_uldivmod                         0x0800e733   Thumb Code    98  uldiv.o(.text)
    __aeabi_llsl                             0x0800e795   Thumb Code    30  llshl.o(.text)
    _ll_shift_l                              0x0800e795   Thumb Code     0  llshl.o(.text)
    __aeabi_lasr                             0x0800e7b3   Thumb Code    36  llsshr.o(.text)
    _ll_sshift_r                             0x0800e7b3   Thumb Code     0  llsshr.o(.text)
    _chval                                   0x0800e7d7   Thumb Code    28  _chval.o(.text)
    __vfscanf_char                           0x0800e801   Thumb Code    20  scanf_char.o(.text)
    _sgetc                                   0x0800e81d   Thumb Code    30  _sgetc.o(.text)
    _sbackspace                              0x0800e83b   Thumb Code    34  _sgetc.o(.text)
    __I$use$fp                               0x0800e85d   Thumb Code     0  iusefp.o(.text)
    _float_round                             0x0800e85d   Thumb Code    18  fepilogue.o(.text)
    _float_epilogue                          0x0800e86f   Thumb Code    92  fepilogue.o(.text)
    _double_round                            0x0800e8cb   Thumb Code    26  depilogue.o(.text)
    _double_epilogue                         0x0800e8e5   Thumb Code   156  depilogue.o(.text)
    __aeabi_dmul                             0x0800e981   Thumb Code   228  dmul.o(.text)
    __aeabi_d2ulz                            0x0800ea65   Thumb Code    48  dfixul.o(.text)
    __aeabi_cdrcmple                         0x0800ea95   Thumb Code    38  cdrcmple.o(.text)
    __scatterload                            0x0800eabd   Thumb Code    28  init.o(.text)
    __scatterload_rt2                        0x0800eabd   Thumb Code     0  init.o(.text)
    __aeabi_llsr                             0x0800eae1   Thumb Code    32  llushr.o(.text)
    _ll_ushift_r                             0x0800eae1   Thumb Code     0  llushr.o(.text)
    __rt_ctype_table                         0x0800eb01   Thumb Code     4  ctype_o.o(.text)
    isspace                                  0x0800eb09   Thumb Code    18  isspace_o.o(.text)
    __vfscanf                                0x0800eb1d   Thumb Code   802  _scanf.o(.text)
    __decompress                             0x0800ee45   Thumb Code     0  __dczerorl2.o(.text)
    __decompress1                            0x0800ee45   Thumb Code    86  __dczerorl2.o(.text)
    __0sprintf                               0x0800ee9d   Thumb Code    34  printfa.o(i.__0sprintf)
    __1sprintf                               0x0800ee9d   Thumb Code     0  printfa.o(i.__0sprintf)
    __2sprintf                               0x0800ee9d   Thumb Code     0  printfa.o(i.__0sprintf)
    __c89sprintf                             0x0800ee9d   Thumb Code     0  printfa.o(i.__0sprintf)
    sprintf                                  0x0800ee9d   Thumb Code     0  printfa.o(i.__0sprintf)
    __0vsprintf                              0x0800eec5   Thumb Code    30  printfa.o(i.__0vsprintf)
    __1vsprintf                              0x0800eec5   Thumb Code     0  printfa.o(i.__0vsprintf)
    __2vsprintf                              0x0800eec5   Thumb Code     0  printfa.o(i.__0vsprintf)
    __c89vsprintf                            0x0800eec5   Thumb Code     0  printfa.o(i.__0vsprintf)
    vsprintf                                 0x0800eec5   Thumb Code     0  printfa.o(i.__0vsprintf)
    __scatterload_copy                       0x0800eee9   Thumb Code    14  handlers.o(i.__scatterload_copy)
    __scatterload_null                       0x0800eef7   Thumb Code     2  handlers.o(i.__scatterload_null)
    __scatterload_zeroinit                   0x0800eef9   Thumb Code    14  handlers.o(i.__scatterload_zeroinit)
    bsp_74hc595_set_DATA                     0x0800f7a5   Thumb Code    22  app_display.o(i.bsp_74hc595_set_DATA)
    bsp_74hc595_set_OE                       0x0800f7c1   Thumb Code    20  app_display.o(i.bsp_74hc595_set_OE)
    bsp_74hc595_set_SH_CP                    0x0800f7d9   Thumb Code    22  app_display.o(i.bsp_74hc595_set_SH_CP)
    bsp_74hc595_set_ST_CP                    0x0800f7f5   Thumb Code    22  app_display.o(i.bsp_74hc595_set_ST_CP)
    bsp_set_hv_state                         0x0800f811   Thumb Code    22  app_cli.o(i.bsp_set_hv_state)
    ethbroadcast                             0x0800f94b   Data           6  etharp.o(.constdata)
    ethzero                                  0x0800f951   Data           6  etharp.o(.constdata)
    tcp_backoff                              0x0800f990   Data          13  tcp.o(.constdata)
    tcp_persist_backoff                      0x0800f99d   Data           7  tcp.o(.constdata)
    ip_addr_any                              0x0800f9a4   Data           4  ip_addr.o(.constdata)
    ip_addr_broadcast                        0x0800f9a8   Data           4  ip_addr.o(.constdata)
    __ctype_table                            0x0800f9ac   Data         129  ctype_o.o(.constdata)
    Region$$Table$$Base                      0x0800feb8   Number         0  anon$$obj.o(Region$$Table)
    Region$$Table$$Limit                     0x0800fed8   Number         0  anon$$obj.o(Region$$Table)
    hum                                      0x20000010   Data           4  app_sht10.o(.data)
    temp                                     0x20000014   Data           4  app_sht10.o(.data)
    pxCurrentTCB                             0x20000074   Data           4  tasks.o(.data)
    netif_list                               0x200000f0   Data           4  netif.o(.data)
    netif_default                            0x200000f4   Data           4  netif.o(.data)
    tcp_state_str                            0x20000100   Data          44  tcp.o(.data)
    tcp_ticks                                0x2000012c   Data           4  tcp.o(.data)
    tcp_bound_pcbs                           0x20000130   Data           4  tcp.o(.data)
    tcp_listen_pcbs                          0x20000134   Data           4  tcp.o(.data)
    tcp_active_pcbs                          0x20000138   Data           4  tcp.o(.data)
    tcp_tw_pcbs                              0x2000013c   Data           4  tcp.o(.data)
    tcp_tmp_pcb                              0x20000140   Data           4  tcp.o(.data)
    tcp_input_pcb                            0x20000168   Data           4  tcp_in.o(.data)
    udp_pcbs                                 0x2000016c   Data           4  udp.o(.data)
    current_netif                            0x20000170   Data           4  ip.o(.data)
    current_header                           0x20000174   Data           4  ip.o(.data)
    lwip_stats                               0x20008e8c   Data         330  stats.o(.bss)
    __initial_sp                             0x20009bd0   Data           0  cstartup.o(STACK)



==============================================================================

Memory Map of the image

  Image Entry point : 0x080000ed

  Load Region LR_IROM1 (Base: 0x08000000, Size: 0x0001006c, Max: 0x00040000, ABSOLUTE, COMPRESSED[0x0000ff40])

    Execution Region ER_IROM1 (Base: 0x08000000, Size: 0x0000fed8, Max: 0x00040000, ABSOLUTE)

    Base Addr    Size         Type   Attr      Idx    E Section Name        Object

    0x08000000   0x000000ec   Data   RO          725    RESET               cstartup.o
    0x080000ec   0x00000000   Code   RO         1968  * .ARM.Collect$$$$00000000  mc_w.l(entry.o)
    0x080000ec   0x00000004   Code   RO         2272    .ARM.Collect$$$$00000001  mc_w.l(entry2.o)
    0x080000f0   0x00000004   Code   RO         2275    .ARM.Collect$$$$00000004  mc_w.l(entry5.o)
    0x080000f4   0x00000000   Code   RO         2277    .ARM.Collect$$$$00000008  mc_w.l(entry7b.o)
    0x080000f4   0x00000000   Code   RO         2279    .ARM.Collect$$$$0000000A  mc_w.l(entry8b.o)
    0x080000f4   0x00000008   Code   RO         2280    .ARM.Collect$$$$0000000B  mc_w.l(entry9a.o)
    0x080000fc   0x00000000   Code   RO         2282    .ARM.Collect$$$$0000000D  mc_w.l(entry10a.o)
    0x080000fc   0x00000000   Code   RO         2284    .ARM.Collect$$$$0000000F  mc_w.l(entry11a.o)
    0x080000fc   0x00000004   Code   RO         2273    .ARM.Collect$$$$00002712  mc_w.l(entry2.o)
    0x08000100   0x00000096   Code   RO         1010    .emb_text           port.o
    0x08000196   0x00000002   PAD
    0x08000198   0x00000138   Code   RO            3    .text               main.o
    0x080002d0   0x0000006c   Code   RO          209    .text               app_led.o
    0x0800033c   0x0000023c   Code   RO          323    .text               app_serial.o
    0x08000578   0x0000028c   Code   RO          370    .text               app_display.o
    0x08000804   0x00000250   Code   RO          435    .text               app_sht10.o
    0x08000a54   0x000006dc   Code   RO          474    .text               app_ds3231.o
    0x08001130   0x00000040   Code   RO          500    .text               app_buz.o
    0x08001170   0x00000758   Code   RO          523    .text               app_cli.o
    0x080018c8   0x00000026   Code   RO          582    .text               hal_cli.o
    0x080018ee   0x00000002   PAD
    0x080018f0   0x00000414   Code   RO          603    .text               mid_cli.o
    0x08001d04   0x00000120   Code   RO          635    .text               app_data.o
    0x08001e24   0x0000029c   Code   RO          660    .text               bsp.o
    0x080020c0   0x000006bc   Code   RO          703    .text               i2c_bus.o
    0x0800277c   0x0000001c   Code   RO          726    .text               cstartup.o
    0x08002798   0x0000035c   Code   RO          732    .text               stm32f10x_gpio.o
    0x08002af4   0x000003a4   Code   RO          752    .text               stm32f10x_rcc.o
    0x08002e98   0x000000dc   Code   RO          800    .text               misc.o
    0x08002f74   0x00000408   Code   RO          820    .text               stm32f10x_usart.o
    0x0800337c   0x0000011c   Code   RO          840    .text               stm32f10x_exti.o
    0x08003498   0x00000e1a   Code   RO          860    .text               stm32f10x_tim.o
    0x080042b2   0x00000002   PAD
    0x080042b4   0x000005bc   Code   RO          880    .text               stm32f10x_flash.o
    0x08004870   0x00000094   Code   RO          946    .text               list.o
    0x08004904   0x00000724   Code   RO          958    .text               queue.o
    0x08005028   0x00001348   Code   RO          973    .text               tasks.o
    0x08006370   0x000000e4   Code   RO         1011    .text               port.o
    0x08006454   0x00000124   Code   RO         1040    .text               heap_2.o
    0x08006578   0x000002ec   Code   RO         1095    .text               sys_arch.o
    0x08006864   0x00000994   Code   RO         1141    .text               etharp.o
    0x080071f8   0x000005a4   Code   RO         1227    .text               dns.o
    0x0800779c   0x00000426   Code   RO         1279    .text               mem.o
    0x08007bc2   0x00000002   PAD
    0x08007bc4   0x0000017c   Code   RO         1297    .text               memp.o
    0x08007d40   0x00000204   Code   RO         1330    .text               netif.o
    0x08007f44   0x00000536   Code   RO         1352    .text               pbuf.o
    0x0800847a   0x00000002   PAD
    0x0800847c   0x0000019c   Code   RO         1378    .text               raw.o
    0x08008618   0x0000024c   Code   RO         1404    .text               sys.o
    0x08008864   0x00000c08   Code   RO         1425    .text               tcp.o
    0x0800946c   0x0000174c   Code   RO         1446    .text               tcp_in.o
    0x0800abb8   0x00000afc   Code   RO         1469    .text               tcp_out.o
    0x0800b6b4   0x000004cc   Code   RO         1481    .text               udp.o
    0x0800bb80   0x000002ac   Code   RO         1499    .text               icmp.o
    0x0800be2c   0x0000021c   Code   RO         1517    .text               inet.o
    0x0800c048   0x00000156   Code   RO         1530    .text               inet_chksum.o
    0x0800c19e   0x00000002   PAD
    0x0800c1a0   0x000004f0   Code   RO         1546    .text               ip.o
    0x0800c690   0x0000004e   Code   RO         1567    .text               ip_addr.o
    0x0800c6de   0x00000002   PAD
    0x0800c6e0   0x00000618   Code   RO         1589    .text               ip_frag.o
    0x0800ccf8   0x00000088   Code   RO         1606    .text               lwipentry.o
    0x0800cd80   0x00000348   Code   RO         1689    .text               api_lib.o
    0x0800d0c8   0x00000ae4   Code   RO         1736    .text               api_msg.o
    0x0800dbac   0x00000120   Code   RO         1797    .text               netbuf.o
    0x0800dccc   0x00000350   Code   RO         1911    .text               tcpip.o
    0x0800e01c   0x00000024   Code   RO         1971    .text               mc_w.l(memcpya.o)
    0x0800e040   0x00000024   Code   RO         1973    .text               mc_w.l(memseta.o)
    0x0800e064   0x00000018   Code   RO         1975    .text               mc_w.l(strcat.o)
    0x0800e07c   0x0000000e   Code   RO         1977    .text               mc_w.l(strlen.o)
    0x0800e08a   0x0000001c   Code   RO         1979    .text               mc_w.l(strcmp.o)
    0x0800e0a6   0x00000012   Code   RO         1981    .text               mc_w.l(strcpy.o)
    0x0800e0b8   0x0000001e   Code   RO         1983    .text               mc_w.l(strncmp.o)
    0x0800e0d6   0x00000002   PAD
    0x0800e0d8   0x00000038   Code   RO         2248    .text               mc_w.l(__0sscanf.o)
    0x0800e110   0x0000014c   Code   RO         2250    .text               mc_w.l(_scanf_int.o)
    0x0800e25c   0x000000da   Code   RO         2252    .text               mc_w.l(_scanf_str.o)
    0x0800e336   0x000000b0   Code   RO         2256    .text               mf_w.l(fadd.o)
    0x0800e3e6   0x00000064   Code   RO         2258    .text               mf_w.l(fmul.o)
    0x0800e44a   0x0000014e   Code   RO         2260    .text               mf_w.l(dadd.o)
    0x0800e598   0x000000de   Code   RO         2262    .text               mf_w.l(ddiv.o)
    0x0800e676   0x0000000a   Code   RO         2264    .text               mf_w.l(ffltui.o)
    0x0800e680   0x00000028   Code   RO         2266    .text               mf_w.l(ffixui.o)
    0x0800e6a8   0x00000026   Code   RO         2268    .text               mf_w.l(f2d.o)
    0x0800e6ce   0x00000038   Code   RO         2270    .text               mf_w.l(d2f.o)
    0x0800e706   0x0000002c   Code   RO         2289    .text               mc_w.l(uidiv.o)
    0x0800e732   0x00000062   Code   RO         2291    .text               mc_w.l(uldiv.o)
    0x0800e794   0x0000001e   Code   RO         2293    .text               mc_w.l(llshl.o)
    0x0800e7b2   0x00000024   Code   RO         2295    .text               mc_w.l(llsshr.o)
    0x0800e7d6   0x0000001c   Code   RO         2304    .text               mc_w.l(_chval.o)
    0x0800e7f2   0x00000002   PAD
    0x0800e7f4   0x00000028   Code   RO         2306    .text               mc_w.l(scanf_char.o)
    0x0800e81c   0x00000040   Code   RO         2308    .text               mc_w.l(_sgetc.o)
    0x0800e85c   0x00000000   Code   RO         2312    .text               mc_w.l(iusefp.o)
    0x0800e85c   0x0000006e   Code   RO         2313    .text               mf_w.l(fepilogue.o)
    0x0800e8ca   0x000000b6   Code   RO         2315    .text               mf_w.l(depilogue.o)
    0x0800e980   0x000000e4   Code   RO         2317    .text               mf_w.l(dmul.o)
    0x0800ea64   0x00000030   Code   RO         2319    .text               mf_w.l(dfixul.o)
    0x0800ea94   0x00000028   Code   RO         2321    .text               mf_w.l(cdrcmple.o)
    0x0800eabc   0x00000024   Code   RO         2323    .text               mc_w.l(init.o)
    0x0800eae0   0x00000020   Code   RO         2326    .text               mc_w.l(llushr.o)
    0x0800eb00   0x00000008   Code   RO         2330    .text               mc_w.l(ctype_o.o)
    0x0800eb08   0x00000012   Code   RO         2352    .text               mc_w.l(isspace_o.o)
    0x0800eb1a   0x00000002   PAD
    0x0800eb1c   0x00000328   Code   RO         2358    .text               mc_w.l(_scanf.o)
    0x0800ee44   0x00000056   Code   RO         2374    .text               mc_w.l(__dczerorl2.o)
    0x0800ee9a   0x00000002   PAD
    0x0800ee9c   0x00000028   Code   RO         2222    i.__0sprintf        mc_w.l(printfa.o)
    0x0800eec4   0x00000024   Code   RO         2226    i.__0vsprintf       mc_w.l(printfa.o)
    0x0800eee8   0x0000000e   Code   RO         2368    i.__scatterload_copy  mc_w.l(handlers.o)
    0x0800eef6   0x00000002   Code   RO         2369    i.__scatterload_null  mc_w.l(handlers.o)
    0x0800eef8   0x0000000e   Code   RO         2370    i.__scatterload_zeroinit  mc_w.l(handlers.o)
    0x0800ef06   0x00000002   PAD
    0x0800ef08   0x00000164   Code   RO         2227    i._fp_digits        mc_w.l(printfa.o)
    0x0800f06c   0x000006dc   Code   RO         2228    i._printf_core      mc_w.l(printfa.o)
    0x0800f748   0x00000024   Code   RO         2229    i._printf_post_padding  mc_w.l(printfa.o)
    0x0800f76c   0x0000002e   Code   RO         2230    i._printf_pre_padding  mc_w.l(printfa.o)
    0x0800f79a   0x0000000a   Code   RO         2232    i._sputc            mc_w.l(printfa.o)
    0x0800f7a4   0x0000001c   Code   RO          403    i.bsp_74hc595_set_DATA  app_display.o
    0x0800f7c0   0x00000018   Code   RO          388    i.bsp_74hc595_set_OE  app_display.o
    0x0800f7d8   0x0000001c   Code   RO          398    i.bsp_74hc595_set_SH_CP  app_display.o
    0x0800f7f4   0x0000001c   Code   RO          393    i.bsp_74hc595_set_ST_CP  app_display.o
    0x0800f810   0x0000001c   Code   RO          542    i.bsp_set_hv_state  app_cli.o
    0x0800f82c   0x00000006   Data   RO          210    .constdata          app_led.o
    0x0800f832   0x00000002   PAD
    0x0800f834   0x00000008   Data   RO          371    .constdata          app_display.o
    0x0800f83c   0x0000000c   Data   RO          475    .constdata          app_ds3231.o
    0x0800f848   0x000000a0   Data   RO          524    .constdata          app_cli.o
    0x0800f8e8   0x00000063   Data   RO          605    .constdata          mid_cli.o
    0x0800f94b   0x0000000c   Data   RO         1143    .constdata          etharp.o
    0x0800f957   0x00000001   PAD
    0x0800f958   0x00000038   Data   RO         1299    .constdata          memp.o
    0x0800f990   0x00000014   Data   RO         1426    .constdata          tcp.o
    0x0800f9a4   0x00000008   Data   RO         1568    .constdata          ip_addr.o
    0x0800f9ac   0x00000081   Data   RO         2331    .constdata          mc_w.l(ctype_o.o)
    0x0800fa2d   0x00000003   PAD
    0x0800fa30   0x00000004   Data   RO         2332    .constdata          mc_w.l(ctype_o.o)
    0x0800fa34   0x00000320   Data   RO          525    .conststring        app_cli.o
    0x0800fd54   0x00000072   Data   RO          606    .conststring        mid_cli.o
    0x0800fdc6   0x00000002   PAD
    0x0800fdc8   0x00000075   Data   RO         1427    .conststring        tcp.o
    0x0800fe3d   0x00000003   PAD
    0x0800fe40   0x00000078   Data   RO         1607    .conststring        lwipentry.o
    0x0800feb8   0x00000020   Data   RO         2366    Region$$Table       anon$$obj.o


    Execution Region RW_IRAM1 (Base: 0x20000000, Size: 0x00009bd0, Max: 0x0000c000, ABSOLUTE, COMPRESSED[0x00000068])

    Base Addr    Size         Type   Attr      Idx    E Section Name        Object

    0x20000000   0x0000000c   Data   RW          324    .data               app_serial.o
    0x2000000c   0x00000001   Data   RW          372    .data               app_display.o
    0x2000000d   0x00000003   PAD
    0x20000010   0x00000008   Data   RW          436    .data               app_sht10.o
    0x20000018   0x00000008   Data   RW          476    .data               app_ds3231.o
    0x20000020   0x0000001c   Data   RW          526    .data               app_cli.o
    0x2000003c   0x0000001c   Data   RW          607    .data               mid_cli.o
    0x20000058   0x00000008   Data   RW          636    .data               app_data.o
    0x20000060   0x00000014   Data   RW          753    .data               stm32f10x_rcc.o
    0x20000074   0x0000003c   Data   RW          975    .data               tasks.o
    0x200000b0   0x00000004   Data   RW         1012    .data               port.o
    0x200000b4   0x00000018   Data   RW         1042    .data               heap_2.o
    0x200000cc   0x00000002   Data   RW         1097    .data               sys_arch.o
    0x200000ce   0x00000001   Data   RW         1144    .data               etharp.o
    0x200000cf   0x00000001   PAD
    0x200000d0   0x0000000d   Data   RW         1229    .data               dns.o
    0x200000dd   0x00000003   PAD
    0x200000e0   0x00000010   Data   RW         1281    .data               mem.o
    0x200000f0   0x00000009   Data   RW         1331    .data               netif.o
    0x200000f9   0x00000001   Data   RW         1353    .data               pbuf.o
    0x200000fa   0x00000002   PAD
    0x200000fc   0x00000004   Data   RW         1379    .data               raw.o
    0x20000100   0x0000004c   Data   RW         1428    .data               tcp.o
    0x2000014c   0x00000020   Data   RW         1448    .data               tcp_in.o
    0x2000016c   0x00000004   Data   RW         1482    .data               udp.o
    0x20000170   0x0000000a   Data   RW         1547    .data               ip.o
    0x2000017a   0x00000002   PAD
    0x2000017c   0x00000006   Data   RW         1591    .data               ip_frag.o
    0x20000182   0x00000002   PAD
    0x20000184   0x00000010   Data   RW         1912    .data               tcpip.o
    0x20000194   0x00000034   Zero   RW            4    .bss                main.o
    0x200001c8   0x00000800   Zero   RW          604    .bss                mid_cli.o
    0x200009c8   0x00000030   Zero   RW          704    .bss                i2c_bus.o
    0x200009f8   0x0000012c   Zero   RW          974    .bss                tasks.o
    0x20000b24   0x00004400   Zero   RW         1041    .bss                heap_2.o
    0x20004f24   0x00000028   Zero   RW         1096    .bss                sys_arch.o
    0x20004f4c   0x000000c8   Zero   RW         1142    .bss                etharp.o
    0x20005014   0x00000660   Zero   RW         1228    .bss                dns.o
    0x20005674   0x000007e4   Zero   RW         1280    .bss                mem.o
    0x20005e58   0x00003033   Zero   RW         1298    .bss                memp.o
    0x20008e8b   0x00000001   PAD
    0x20008e8c   0x0000014a   Zero   RW         1392    .bss                stats.o
    0x20008fd6   0x00000002   PAD
    0x20008fd8   0x00000014   Zero   RW         1447    .bss                tcp_in.o
    0x20008fec   0x00000010   Zero   RW         1518    .bss                inet.o
    0x20008ffc   0x000007d4   Zero   RW         1590    .bss                ip_frag.o
    0x200097d0   0x00000400   Zero   RW          723    STACK               cstartup.o


==============================================================================

Image component sizes


      Code (inc. data)   RO Data    RW Data    ZI Data      Debug   Object Name

       840         50          0          0          0      19636   api_lib.o
      2788         38          0          0          0      26087   api_msg.o
        64          4          0          0          0      21247   app_buz.o
      1908        652        960         28          0      30524   app_cli.o
       288         14          0          8          0       8647   app_data.o
       760         42          8          1          0       8286   app_display.o
      1756         24         12          8          0       7437   app_ds3231.o
       108          8          6          0          0       1202   app_led.o
       572         24          0         12          0       9042   app_serial.o
       592         46          0          8          0       3405   app_sht10.o
       668         22          0          0          0       1851   bsp.o
        28          4        236          0       1024        792   cstartup.o
      1444         58          0         13       1632       6157   dns.o
      2452         38         12          1        200      17649   etharp.o
         0          0          0          0          0       9540   event_groups.o
        38          0          0          0          0        794   hal_cli.o
       292         20          0         24      17408       3148   heap_2.o
      1724         18          0          0         48       4961   i2c_bus.o
       684          6          0          0          0       2542   icmp.o
       540         12          0          0         16       3140   inet.o
       342          0          0          0          0       5170   inet_chksum.o
         0          0          0          0          0        672   init.o
      1264         28          0         10          0       6242   ip.o
        78          0          8          0          0       5445   ip_addr.o
      1560         24          0          6       2004       5804   ip_frag.o
       148          0          0          0          0       1822   list.o
       136          6        120          0          0      18509   lwipentry.o
       312        106          0          0         52     256632   main.o
      1062         24          0         16       2020       3834   mem.o
       380         20         56          0      12339       3038   memp.o
      1044        104        213         28       2048       6450   mid_cli.o
       220         22          0          0          0       1761   misc.o
       288          0          0          0          0       6433   netbuf.o
         0          0          0          0          0      13483   netconfig.o
       516         22          0          9          0       5260   netif.o
      1334         12          0          1          0       6108   pbuf.o
       378         28          0          4          0       7016   port.o
      1828         10          0          0          0      11211   queue.o
       412          4          0          4          0       3333   raw.o
         0          0          0          0        330       3329   stats.o
       284         10          0          0          0       2195   stm32f10x_exti.o
      1468         34          0          0          0       7990   stm32f10x_flash.o
       860         38          0          0          0       5605   stm32f10x_gpio.o
       932         36          0         20          0       8772   stm32f10x_rcc.o
      3610         88          0          0          0      22092   stm32f10x_tim.o
      1032         22          0          0          0       8332   stm32f10x_usart.o
       588          4          0          0          0       3248   sys.o
       748         12          0          2         40       8734   sys_arch.o
      4936        300          0         60        300      29939   tasks.o
      3080        120        137         76          0      18085   tcp.o
      5964        248          0         32         20      14188   tcp_in.o
      2812         26          0          0          0       6894   tcp_out.o
       848         74          0         16          0      20920   tcpip.o
      1228         16          0          4          0       6261   udp.o

    ----------------------------------------------------------------------
     57252       2518       1808        404      39484     720894   Object Totals
         0          0         32          0          0          0   (incl. Generated)
        14          0          8         13          3          0   (incl. Padding)

    ----------------------------------------------------------------------

      Code (inc. data)   RO Data    RW Data    ZI Data      Debug   Library Member Name

        56          8          0          0          0         84   __0sscanf.o
        86          0          0          0          0          0   __dczerorl2.o
        28          0          0          0          0         68   _chval.o
       808          6          0          0          0        112   _scanf.o
       332          0          0          0          0         96   _scanf_int.o
       218          0          0          0          0         96   _scanf_str.o
        64          0          0          0          0         84   _sgetc.o
         8          4        133          0          0         68   ctype_o.o
         0          0          0          0          0          0   entry.o
         0          0          0          0          0          0   entry10a.o
         0          0          0          0          0          0   entry11a.o
         8          4          0          0          0          0   entry2.o
         4          0          0          0          0          0   entry5.o
         0          0          0          0          0          0   entry7b.o
         0          0          0          0          0          0   entry8b.o
         8          4          0          0          0          0   entry9a.o
        30          0          0          0          0          0   handlers.o
        36          8          0          0          0         68   init.o
        18          0          0          0          0         76   isspace_o.o
         0          0          0          0          0          0   iusefp.o
        30          0          0          0          0         68   llshl.o
        36          0          0          0          0         68   llsshr.o
        32          0          0          0          0         68   llushr.o
        36          0          0          0          0         68   memcpya.o
        36          0          0          0          0        108   memseta.o
      2280         92          0          0          0        592   printfa.o
        40          8          0          0          0         84   scanf_char.o
        24          0          0          0          0         68   strcat.o
        28          0          0          0          0         76   strcmp.o
        18          0          0          0          0         68   strcpy.o
        14          0          0          0          0         68   strlen.o
        30          0          0          0          0         80   strncmp.o
        44          0          0          0          0         80   uidiv.o
        98          0          0          0          0         92   uldiv.o
        40          2          0          0          0         68   cdrcmple.o
        56          0          0          0          0         88   d2f.o
       334          0          0          0          0        148   dadd.o
       222          0          0          0          0        100   ddiv.o
       182          0          0          0          0        176   depilogue.o
        48          0          0          0          0         68   dfixul.o
       228          0          0          0          0         96   dmul.o
        38          0          0          0          0         68   f2d.o
       176          0          0          0          0        140   fadd.o
       110          0          0          0          0        168   fepilogue.o
        40          0          0          0          0         68   ffixui.o
        10          0          0          0          0         68   ffltui.o
       100          0          0          0          0         76   fmul.o

    ----------------------------------------------------------------------
      6044        136        136          0          0       3672   Library Totals
        10          0          3          0          0          0   (incl. Padding)

    ----------------------------------------------------------------------

      Code (inc. data)   RO Data    RW Data    ZI Data      Debug   Library Name

      4450        134        133          0          0       2340   mc_w.l
      1584          2          0          0          0       1332   mf_w.l

    ----------------------------------------------------------------------
      6044        136        136          0          0       3672   Library Totals

    ----------------------------------------------------------------------

==============================================================================


      Code (inc. data)   RO Data    RW Data    ZI Data      Debug   

     63296       2654       1944        404      39484     718090   Grand Totals
     63296       2654       1944        104      39484     718090   ELF Image Totals (compressed)
     63296       2654       1944        104          0          0   ROM Totals

==============================================================================

    Total RO  Size (Code + RO Data)                65240 (  63.71kB)
    Total RW  Size (RW Data + ZI Data)             39888 (  38.95kB)
    Total ROM Size (Code + RO Data + RW Data)      65344 (  63.81kB)

==============================================================================

