Product: MDK-ARM Standard 5.10
Component: ARM Compiler 5.04 update 1 (build 49)
Tool: armlink [5040049]

==============================================================================

Section Cross References

    main.o(.text) refers to bsp.o(.text) for bsp_init
    main.o(.text) refers to app_serial.o(.text) for dbg_string
    main.o(.text) refers to lwipentry.o(.text) for vlwIPInit
    main.o(.text) refers to printfa.o(i.__0sprintf) for __2sprintf
    main.o(.text) refers to app_cli.o(.text) for app_cli_init
    main.o(.text) refers to tasks.o(.text) for xTaskCreate
    main.o(.text) refers to main.o(.bss) for task_handle
    main.o(.text) refers to app_display.o(.text) for app_display_task
    main.o(.text) refers to app_sht10.o(.text) for app_sht10_task
    main.o(.text) refers to app_ds3231.o(.text) for app_ds3231_task
    main.o(.text) refers to app_buz.o(.text) for app_buz_task
    main.o(.text) refers to app_led.o(.text) for app_led_task_blink
    main.o(.text) refers to app_data.o(.text) for app_data_store_task
    app_led.o(.text) refers to stm32f10x_rcc.o(.text) for RCC_APB2PeriphClockCmd
    app_led.o(.text) refers to stm32f10x_gpio.o(.text) for GPIO_Init
    app_led.o(.text) refers to tasks.o(.text) for xTaskGetTickCount
    app_led.o(.text) refers to app_led.o(.constdata) for .constdata
    netconfig.o(.text) refers to inet.o(.text) for htonl
    netconfig.o(.text) refers to netif.o(.text) for netif_add
    netconfig.o(.text) refers to netconfig.o(.data) for serverIP
    netconfig.o(.text) refers to netconfig.o(.bss) for DM9000AEP
    netconfig.o(.text) refers to tcpip.o(.text) for tcpip_input
    netconfig.o(.text) refers to ethernetif.o(.text) for ethernetif_init
    app_serial.o(.text) refers to queue.o(.text) for xQueueGenericSend
    app_serial.o(.text) refers to stm32f10x_usart.o(.text) for USART_ITConfig
    app_serial.o(.text) refers to printfa.o(i.__0vsprintf) for __c89vsprintf
    app_serial.o(.text) refers to strlen.o(.text) for strlen
    app_serial.o(.text) refers to stm32f10x_rcc.o(.text) for RCC_APB2PeriphClockCmd
    app_serial.o(.text) refers to stm32f10x_gpio.o(.text) for GPIO_Init
    app_serial.o(.text) refers to misc.o(.text) for NVIC_Init
    app_serial.o(.text) refers to app_serial.o(.data) for xCharsForTx
    app_display.o(.text) refers to app_display.o(i.bsp_74hc595_set_SH_CP) for bsp_74hc595_set_SH_CP
    app_display.o(.text) refers to app_display.o(i.bsp_74hc595_set_DATA) for bsp_74hc595_set_DATA
    app_display.o(.text) refers to app_display.o(i.bsp_74hc595_set_ST_CP) for bsp_74hc595_set_ST_CP
    app_display.o(.text) refers to app_display.o(i.bsp_74hc595_set_OE) for bsp_74hc595_set_OE
    app_display.o(.text) refers to port.o(.text) for vPortEnterCritical
    app_display.o(.text) refers to tasks.o(.text) for vTaskDelay
    app_display.o(.text) refers to main.o(.text) for main_get_task_handle
    app_display.o(.text) refers to stm32f10x_gpio.o(.text) for GPIO_ResetBits
    app_display.o(.text) refers to app_display.o(.data) for start_dis
    app_display.o(.text) refers to app_display.o(.constdata) for .constdata
    app_sht10.o(.text) refers to ffltui.o(.text) for __aeabi_ui2f
    app_sht10.o(.text) refers to fmul.o(.text) for __aeabi_fmul
    app_sht10.o(.text) refers to fadd.o(.text) for __aeabi_fadd
    app_sht10.o(.text) refers to f2d.o(.text) for __aeabi_f2d
    app_sht10.o(.text) refers to ddiv.o(.text) for __aeabi_ddiv
    app_sht10.o(.text) refers to dadd.o(.text) for __aeabi_dadd
    app_sht10.o(.text) refers to d2f.o(.text) for __aeabi_d2f
    app_sht10.o(.text) refers to i2c_bus.o(.text) for i2c_bus_start
    app_sht10.o(.text) refers to tasks.o(.text) for vTaskDelay
    app_sht10.o(.text) refers to ffixui.o(.text) for __aeabi_f2uiz
    app_sht10.o(.text) refers to app_display.o(.text) for app_display_show_info
    app_sht10.o(.text) refers to app_sht10.o(.data) for temp
    app_ds3231.o(.text) refers to i2c_bus.o(.text) for i2c_bus_read_ds3231
    app_ds3231.o(.text) refers to app_ds3231.o(.constdata) for rtc_days_in_month
    app_ds3231.o(.text) refers to app_data.o(.text) for app_data_write_showtime
    app_ds3231.o(.text) refers to queue.o(.text) for xQueueCreateMutex
    app_ds3231.o(.text) refers to app_buz.o(.text) for app_buzzer_set_times
    app_ds3231.o(.text) refers to app_sht10.o(.text) for app_sht10_set_running
    app_ds3231.o(.text) refers to app_display.o(.text) for app_display_show_info
    app_ds3231.o(.text) refers to tasks.o(.text) for vTaskDelay
    app_ds3231.o(.text) refers to stm32f10x_exti.o(.text) for EXTI_GetITStatus
    app_ds3231.o(.text) refers to app_ds3231.o(.data) for ontime
    app_buz.o(.text) refers to tasks.o(.text) for vTaskDelay
    app_buz.o(.text) refers to stm32f10x_tim.o(.text) for TIM_CtrlPWMOutputs
    app_buz.o(.text) refers to app_buz.o(.data) for running
    app_cli.o(.text) refers to mid_cli.o(.text) for mid_cli_register
    app_cli.o(.text) refers to printfa.o(i.__0sprintf) for __2sprintf
[...]
    _printf_fp_hex                           0x00000000   Number         0  stubs.o ABSOLUTE
    _printf_g                                0x00000000   Number         0  stubs.o ABSOLUTE
    _printf_i                                0x00000000   Number         0  stubs.o ABSOLUTE
    _printf_int_dec                          0x00000000   Number         0  stubs.o ABSOLUTE
    _printf_l                                0x00000000   Number         0  stubs.o ABSOLUTE
    _printf_lc                               0x00000000   Number         0  stubs.o ABSOLUTE
    _printf_ll                               0x00000000   Number         0  stubs.o ABSOLUTE
    _printf_lld                              0x00000000   Number         0  stubs.o ABSOLUTE
    _printf_lli                              0x00000000   Number         0  stubs.o ABSOLUTE
    _printf_llo                              0x00000000   Number         0  stubs.o ABSOLUTE
    _printf_llu                              0x00000000   Number         0  stubs.o ABSOLUTE
    _printf_llx                              0x00000000   Number         0  stubs.o ABSOLUTE
    _printf_longlong_dec                     0x00000000   Number         0  stubs.o ABSOLUTE
    _printf_longlong_hex                     0x00000000   Number         0  stubs.o ABSOLUTE
    _printf_longlong_oct                     0x00000000   Number         0  stubs.o ABSOLUTE
    _printf_ls                               0x00000000   Number         0  stubs.o ABSOLUTE
    _printf_mbtowc                           0x00000000   Number         0  stubs.o ABSOLUTE
    _printf_n                                0x00000000   Number         0  stubs.o ABSOLUTE
    _printf_o                                0x00000000   Number         0  stubs.o ABSOLUTE
    _printf_p                                0x00000000   Number         0  stubs.o ABSOLUTE
    _printf_percent                          0x00000000   Number         0  stubs.o ABSOLUTE
    _printf_pre_padding                      0x00000000   Number         0  stubs.o ABSOLUTE
    _printf_return_value                     0x00000000   Number         0  stubs.o ABSOLUTE
    _printf_s                                0x00000000   Number         0  stubs.o ABSOLUTE
    _printf_sizespec                         0x00000000   Number         0  stubs.o ABSOLUTE
    _printf_str                              0x00000000   Number         0  stubs.o ABSOLUTE
    _printf_truncate_signed                  0x00000000   Number         0  stubs.o ABSOLUTE
    _printf_truncate_unsigned                0x00000000   Number         0  stubs.o ABSOLUTE
    _printf_u                                0x00000000   Number         0  stubs.o ABSOLUTE
    _printf_wc                               0x00000000   Number         0  stubs.o ABSOLUTE
    _printf_wctomb                           0x00000000   Number         0  stubs.o ABSOLUTE
    _printf_widthprec                        0x00000000   Number         0  stubs.o ABSOLUTE
    _printf_x                                0x00000000   Number         0  stubs.o ABSOLUTE
    __cpp_initialize__aeabi_                  - Undefined Weak Reference
    __cxa_finalize                            - Undefined Weak Reference
    _clock_init                               - Undefined Weak Reference
    _microlib_exit                            - Undefined Weak Reference
    __Vectors                                0x08000000   Data           4  cstartup.o(RESET)
    __main                                   0x080000ed   Thumb Code     0  entry.o(.ARM.Collect$$$$00000000)
    _main_stk                                0x080000ed   Thumb Code     0  entry2.o(.ARM.Collect$$$$00000001)
    _main_scatterload                        0x080000f1   Thumb Code     0  entry5.o(.ARM.Collect$$$$00000004)
    __main_after_scatterload                 0x080000f5   Thumb Code     0  entry5.o(.ARM.Collect$$$$00000004)
    _main_clock                              0x080000f5   Thumb Code     0  entry7b.o(.ARM.Collect$$$$00000008)
    _main_cpp_init                           0x080000f5   Thumb Code     0  entry8b.o(.ARM.Collect$$$$0000000A)
    _main_init                               0x080000f5   Thumb Code     0  entry9a.o(.ARM.Collect$$$$0000000B)
    __rt_final_cpp                           0x080000fd   Thumb Code     0  entry10a.o(.ARM.Collect$$$$0000000D)
    __rt_final_exit                          0x080000fd   Thumb Code     0  entry11a.o(.ARM.Collect$$$$0000000F)
    vPortSVCHandler                          0x08000101   Thumb Code    32  port.o(.emb_text)
    __asm___6_port_c_39a90d8d__prvStartFirstTask 0x08000125   Thumb Code    28  port.o(.emb_text)
    xPortPendSVHandler                       0x08000145   Thumb Code    72  port.o(.emb_text)
    vPortGetIPSR                             0x08000191   Thumb Code     6  port.o(.emb_text)
    main_get_task_handle                     0x08000199   Thumb Code    10  main.o(.text)
    main                                     0x080001a3   Thumb Code   194  main.o(.text)
    app_led_init                             0x080002e5   Thumb Code    46  app_led.o(.text)
    app_led_task_blink                       0x08000313   Thumb Code    54  app_led.o(.text)
    xSerialPutChar                           0x08000351   Thumb Code    46  app_serial.o(.text)
    vSerialPutString                         0x0800037f   Thumb Code    36  app_serial.o(.text)
    dbg_string                               0x080003a3   Thumb Code    52  app_serial.o(.text)
    serial_init                              0x080003d7   Thumb Code   246  app_serial.o(.text)
    xSerialGetChar                           0x080004cd   Thumb Code    46  app_serial.o(.text)
    USART1_IRQHandler                        0x080004fb   Thumb Code   164  app_serial.o(.text)
    app_display_set_show                     0x0800061f   Thumb Code    28  app_display.o(.text)
    app_display_task                         0x0800075f   Thumb Code   234  app_display.o(.text)
    app_display_show_info                    0x08000849   Thumb Code    46  app_display.o(.text)
    app_display_set_hv                       0x08000877   Thumb Code     6  app_display.o(.text)
    app_sht10_get_res                        0x08000965   Thumb Code   148  app_sht10.o(.text)
    app_sht10_get_info                       0x080009f9   Thumb Code    44  app_sht10.o(.text)
    app_sht10_task                           0x08000a25   Thumb Code   164  app_sht10.o(.text)
    app_sht10_set_running                    0x08000ac9   Thumb Code     6  app_sht10.o(.text)
    rtc_valid_tm                             0x08000b41   Thumb Code    72  app_ds3231.o(.text)
    app_ds3231_read_time                     0x08000b89   Thumb Code   302  app_ds3231.o(.text)
    app_ds3231_set_time                      0x08000cb7   Thumb Code   292  app_ds3231.o(.text)
    app_ds3231_set_showtime                  0x08000fed   Thumb Code    28  app_ds3231.o(.text)
    app_ds3231_get_showtime                  0x08001009   Thumb Code    18  app_ds3231.o(.text)
    app_ds3231_task                          0x0800101b   Thumb Code   368  app_ds3231.o(.text)
    EXTI0_IRQHandler                         0x0800118b   Thumb Code    52  app_ds3231.o(.text)
    app_buz_task                             0x080011d1   Thumb Code    62  app_buz.o(.text)
    app_buzzer_running                       0x0800120f   Thumb Code     6  app_buz.o(.text)
    app_buzzer_set_times                     0x08001215   Thumb Code     6  app_buz.o(.text)
    app_cli_init                             0x080018c9   Thumb Code    28  app_cli.o(.text)
    hal_cli_data_tx                          0x08001929   Thumb Code    20  hal_cli.o(.text)
    hal_cli_data_rx                          0x0800193d   Thumb Code    18  hal_cli.o(.text)
    mid_cli_cmd_list_head                    0x08001951   Thumb Code     4  mid_cli.o(.text)
    mid_cli_register                         0x08001955   Thumb Code    68  mid_cli.o(.text)
    mid_cli_init                             0x08001c21   Thumb Code    64  mid_cli.o(.text)
    app_data_init                            0x08001d61   Thumb Code    34  app_data.o(.text)
    app_data_read_showtime                   0x08001d87   Thumb Code    30  app_data.o(.text)
    app_data_write_showtime                  0x08001da5   Thumb Code    28  app_data.o(.text)
    app_data_store_task                      0x08001dc1   Thumb Code   110  app_data.o(.text)
    bsp_init                                 0x0800208f   Thumb Code    52  bsp.o(.text)
    i2c_bus_sda_dir                          0x080020ef   Thumb Code    72  i2c_bus.o(.text)
    i2c_bus_start                            0x08002137   Thumb Code   256  i2c_bus.o(.text)
    i2c_bus_init                             0x080022c1   Thumb Code   218  i2c_bus.o(.text)
    I2C_BUS_SDA_STATE                        0x080024a1   Thumb Code    40  i2c_bus.o(.text)
    i2c_bus_write_byte                       0x080024c9   Thumb Code   266  i2c_bus.o(.text)
    i2c_bus_read_byte                        0x080025d3   Thumb Code   124  i2c_bus.o(.text)
    i2c_bus_write_ds3231                     0x0800264f   Thumb Code    80  i2c_bus.o(.text)
    i2c_bus_read_ds3231                      0x0800269f   Thumb Code   106  i2c_bus.o(.text)
    Reset_Handler                            0x08002795   Thumb Code     4  cstartup.o(.text)
    NMI_Handler                              0x08002799   Thumb Code     2  cstartup.o(.text)
    HardFault_Handler                        0x0800279b   Thumb Code     2  cstartup.o(.text)
    MemManage_Handler                        0x0800279d   Thumb Code     2  cstartup.o(.text)
    BusFault_Handler                         0x0800279f   Thumb Code     2  cstartup.o(.text)
    UsageFault_Handler                       0x080027a1   Thumb Code     2  cstartup.o(.text)
    SVC_Handler                              0x080027a3   Thumb Code     2  cstartup.o(.text)
    DebugMon_Handler                         0x080027a5   Thumb Code     2  cstartup.o(.text)
    PendSV_Handler                           0x080027a7   Thumb Code     2  cstartup.o(.text)
    SysTick_Handler                          0x080027a9   Thumb Code     2  cstartup.o(.text)
    ADC_IRQHandler                           0x080027ab   Thumb Code     0  cstartup.o(.text)
    CAN_RX1_IRQHandler                       0x080027ab   Thumb Code     0  cstartup.o(.text)
    CAN_SCE_IRQHandler                       0x080027ab   Thumb Code     0  cstartup.o(.text)
    DMAChannel1_IRQHandler                   0x080027ab   Thumb Code     0  cstartup.o(.text)
    DMAChannel2_IRQHandler                   0x080027ab   Thumb Code     0  cstartup.o(.text)
    DMAChannel3_IRQHandler                   0x080027ab   Thumb Code     0  cstartup.o(.text)
    DMAChannel4_IRQHandler                   0x080027ab   Thumb Code     0  cstartup.o(.text)
    DMAChannel5_IRQHandler                   0x080027ab   Thumb Code     0  cstartup.o(.text)
    DMAChannel6_IRQHandler                   0x080027ab   Thumb Code     0  cstartup.o(.text)
    DMAChannel7_IRQHandler                   0x080027ab   Thumb Code     0  cstartup.o(.text)
    EXTI15_10_IRQHandler                     0x080027ab   Thumb Code     0  cstartup.o(.text)
    EXTI1_IRQHandler                         0x080027ab   Thumb Code     0  cstartup.o(.text)
    EXTI2_IRQHandler                         0x080027ab   Thumb Code     0  cstartup.o(.text)
    EXTI3_IRQHandler                         0x080027ab   Thumb Code     0  cstartup.o(.text)
    EXTI4_IRQHandler                         0x080027ab   Thumb Code     0  cstartup.o(.text)
    EXTI9_5_IRQHandler                       0x080027ab   Thumb Code     0  cstartup.o(.text)
    FLASH_IRQHandler                         0x080027ab   Thumb Code     0  cstartup.o(.text)
    I2C1_ER_IRQHandler                       0x080027ab   Thumb Code     0  cstartup.o(.text)
    I2C1_EV_IRQHandler                       0x080027ab   Thumb Code     0  cstartup.o(.text)
    I2C2_ER_IRQHandler                       0x080027ab   Thumb Code     0  cstartup.o(.text)
    I2C2_EV_IRQHandler                       0x080027ab   Thumb Code     0  cstartup.o(.text)
    PVD_IRQHandler                           0x080027ab   Thumb Code     0  cstartup.o(.text)
    RCC_IRQHandler                           0x080027ab   Thumb Code     0  cstartup.o(.text)
    RTCAlarm_IRQHandler                      0x080027ab   Thumb Code     0  cstartup.o(.text)
    RTC_IRQHandler                           0x080027ab   Thumb Code     0  cstartup.o(.text)
    SPI1_IRQHandler                          0x080027ab   Thumb Code     0  cstartup.o(.text)
    SPI2_IRQHandler                          0x080027ab   Thumb Code     0  cstartup.o(.text)
    TAMPER_IRQHandler                        0x080027ab   Thumb Code     0  cstartup.o(.text)
    TIM1_BRK_IRQHandler                      0x080027ab   Thumb Code     0  cstartup.o(.text)
    TIM1_CC_IRQHandler                       0x080027ab   Thumb Code     0  cstartup.o(.text)
    TIM1_TRG_COM_IRQHandler                  0x080027ab   Thumb Code     0  cstartup.o(.text)
    TIM1_UP_IRQHandler                       0x080027ab   Thumb Code     0  cstartup.o(.text)
    TIM2_IRQHandler                          0x080027ab   Thumb Code     0  cstartup.o(.text)
    TIM3_IRQHandler                          0x080027ab   Thumb Code     0  cstartup.o(.text)
    TIM4_IRQHandler                          0x080027ab   Thumb Code     0  cstartup.o(.text)
    USART2_IRQHandler                        0x080027ab   Thumb Code     0  cstartup.o(.text)
    USART3_IRQHandler                        0x080027ab   Thumb Code     0  cstartup.o(.text)
    USBWakeUp_IRQHandler                     0x080027ab   Thumb Code     0  cstartup.o(.text)
    USB_HP_CAN_TX_IRQHandler                 0x080027ab   Thumb Code     0  cstartup.o(.text)
    USB_LP_CAN_RX0_IRQHandler                0x080027ab   Thumb Code     0  cstartup.o(.text)
    WWDG_IRQHandler                          0x080027ab   Thumb Code     0  cstartup.o(.text)
    GPIO_DeInit                              0x080027b1   Thumb Code   172  stm32f10x_gpio.o(.text)
    GPIO_AFIODeInit                          0x0800285d   Thumb Code    20  stm32f10x_gpio.o(.text)
    GPIO_Init                                0x08002871   Thumb Code   278  stm32f10x_gpio.o(.text)
    GPIO_StructInit                          0x08002987   Thumb Code    16  stm32f10x_gpio.o(.text)
    GPIO_ReadInputDataBit                    0x08002997   Thumb Code    18  stm32f10x_gpio.o(.text)
    GPIO_ReadInputData                       0x080029a9   Thumb Code     8  stm32f10x_gpio.o(.text)
    GPIO_ReadOutputDataBit                   0x080029b1   Thumb Code    18  stm32f10x_gpio.o(.text)
    GPIO_ReadOutputData                      0x080029c3   Thumb Code     8  stm32f10x_gpio.o(.text)
    GPIO_SetBits                             0x080029cb   Thumb Code     4  stm32f10x_gpio.o(.text)
    GPIO_ResetBits                           0x080029cf   Thumb Code     4  stm32f10x_gpio.o(.text)
    GPIO_WriteBit                            0x080029d3   Thumb Code    10  stm32f10x_gpio.o(.text)
    GPIO_Write                               0x080029dd   Thumb Code     4  stm32f10x_gpio.o(.text)
    GPIO_PinLockConfig                       0x080029e1   Thumb Code    18  stm32f10x_gpio.o(.text)
    GPIO_EventOutputConfig                   0x080029f3   Thumb Code    26  stm32f10x_gpio.o(.text)
    GPIO_EventOutputCmd                      0x08002a0d   Thumb Code     6  stm32f10x_gpio.o(.text)
    GPIO_PinRemapConfig                      0x08002a13   Thumb Code   138  stm32f10x_gpio.o(.text)
    GPIO_EXTILineConfig                      0x08002a9d   Thumb Code    66  stm32f10x_gpio.o(.text)
    GPIO_ETH_MediaInterfaceConfig            0x08002adf   Thumb Code     8  stm32f10x_gpio.o(.text)
    RCC_DeInit                               0x08002b0d   Thumb Code    64  stm32f10x_rcc.o(.text)
    RCC_HSEConfig                            0x08002b4d   Thumb Code    70  stm32f10x_rcc.o(.text)
    RCC_GetFlagStatus                        0x08002b93   Thumb Code    56  stm32f10x_rcc.o(.text)
    RCC_WaitForHSEStartUp                    0x08002bcb   Thumb Code    56  stm32f10x_rcc.o(.text)
    RCC_AdjustHSICalibrationValue            0x08002c03   Thumb Code    20  stm32f10x_rcc.o(.text)
    RCC_HSICmd                               0x08002c17   Thumb Code     6  stm32f10x_rcc.o(.text)
    RCC_PLLConfig                            0x08002c1d   Thumb Code    24  stm32f10x_rcc.o(.text)
    RCC_PLLCmd                               0x08002c35   Thumb Code     6  stm32f10x_rcc.o(.text)
    RCC_SYSCLKConfig                         0x08002c3b   Thumb Code    18  stm32f10x_rcc.o(.text)
    RCC_GetSYSCLKSource                      0x08002c4d   Thumb Code    10  stm32f10x_rcc.o(.text)
    RCC_HCLKConfig                           0x08002c57   Thumb Code    18  stm32f10x_rcc.o(.text)
    RCC_PCLK1Config                          0x08002c69   Thumb Code    18  stm32f10x_rcc.o(.text)
    RCC_PCLK2Config                          0x08002c7b   Thumb Code    20  stm32f10x_rcc.o(.text)
    RCC_ITConfig                             0x08002c8f   Thumb Code    26  stm32f10x_rcc.o(.text)
    RCC_USBCLKConfig                         0x08002ca9   Thumb Code     8  stm32f10x_rcc.o(.text)
    RCC_ADCCLKConfig                         0x08002cb1   Thumb Code    18  stm32f10x_rcc.o(.text)
    RCC_LSEConfig                            0x08002cc3   Thumb Code    50  stm32f10x_rcc.o(.text)
    RCC_LSICmd                               0x08002cf5   Thumb Code     6  stm32f10x_rcc.o(.text)
    RCC_RTCCLKConfig                         0x08002cfb   Thumb Code    12  stm32f10x_rcc.o(.text)
    RCC_RTCCLKCmd                            0x08002d07   Thumb Code     8  stm32f10x_rcc.o(.text)
    RCC_GetClocksFreq                        0x08002d0f   Thumb Code   192  stm32f10x_rcc.o(.text)
    RCC_AHBPeriphClockCmd                    0x08002dcf   Thumb Code    26  stm32f10x_rcc.o(.text)
    RCC_APB2PeriphClockCmd                   0x08002de9   Thumb Code    26  stm32f10x_rcc.o(.text)
    RCC_APB1PeriphClockCmd                   0x08002e03   Thumb Code    26  stm32f10x_rcc.o(.text)
    RCC_APB2PeriphResetCmd                   0x08002e1d   Thumb Code    26  stm32f10x_rcc.o(.text)
    RCC_APB1PeriphResetCmd                   0x08002e37   Thumb Code    26  stm32f10x_rcc.o(.text)
    RCC_BackupResetCmd                       0x08002e51   Thumb Code     8  stm32f10x_rcc.o(.text)
    RCC_ClockSecuritySystemCmd               0x08002e59   Thumb Code     6  stm32f10x_rcc.o(.text)
    RCC_MCOConfig                            0x08002e5f   Thumb Code     6  stm32f10x_rcc.o(.text)
    RCC_ClearFlag                            0x08002e65   Thumb Code    14  stm32f10x_rcc.o(.text)
    RCC_GetITStatus                          0x08002e73   Thumb Code    20  stm32f10x_rcc.o(.text)
    RCC_ClearITPendingBit                    0x08002e87   Thumb Code     6  stm32f10x_rcc.o(.text)
    NVIC_PriorityGroupConfig                 0x08002eb1   Thumb Code    10  misc.o(.text)
    NVIC_Init                                0x08002ebb   Thumb Code   100  misc.o(.text)
    NVIC_SetVectorTable                      0x08002f1f   Thumb Code    14  misc.o(.text)
    NVIC_SystemLPConfig                      0x08002f2d   Thumb Code    34  misc.o(.text)
    SysTick_CLKSourceConfig                  0x08002f4f   Thumb Code    40  misc.o(.text)
    USART_DeInit                             0x08002f8d   Thumb Code   134  stm32f10x_usart.o(.text)
    USART_Init                               0x08003013   Thumb Code   210  stm32f10x_usart.o(.text)
    USART_StructInit                         0x080030e5   Thumb Code    24  stm32f10x_usart.o(.text)
    USART_ClockInit                          0x080030fd   Thumb Code    34  stm32f10x_usart.o(.text)
    USART_ClockStructInit                    0x0800311f   Thumb Code    12  stm32f10x_usart.o(.text)
    USART_Cmd                                0x0800312b   Thumb Code    24  stm32f10x_usart.o(.text)
    USART_ITConfig                           0x08003143   Thumb Code    74  stm32f10x_usart.o(.text)
    USART_DMACmd                             0x0800318d   Thumb Code    18  stm32f10x_usart.o(.text)
    USART_SetAddress                         0x0800319f   Thumb Code    18  stm32f10x_usart.o(.text)
    USART_WakeUpConfig                       0x080031b1   Thumb Code    18  stm32f10x_usart.o(.text)
    USART_ReceiverWakeUpCmd                  0x080031c3   Thumb Code    24  stm32f10x_usart.o(.text)
    USART_LINBreakDetectLengthConfig         0x080031db   Thumb Code    18  stm32f10x_usart.o(.text)
    USART_LINCmd                             0x080031ed   Thumb Code    24  stm32f10x_usart.o(.text)
    USART_SendData                           0x08003205   Thumb Code     8  stm32f10x_usart.o(.text)
    USART_ReceiveData                        0x0800320d   Thumb Code    10  stm32f10x_usart.o(.text)
    USART_SendBreak                          0x08003217   Thumb Code    10  stm32f10x_usart.o(.text)
    USART_SetGuardTime                       0x08003221   Thumb Code    16  stm32f10x_usart.o(.text)
    USART_SetPrescaler                       0x08003231   Thumb Code    16  stm32f10x_usart.o(.text)
    USART_SmartCardCmd                       0x08003241   Thumb Code    24  stm32f10x_usart.o(.text)
    USART_SmartCardNACKCmd                   0x08003259   Thumb Code    24  stm32f10x_usart.o(.text)
    USART_HalfDuplexCmd                      0x08003271   Thumb Code    24  stm32f10x_usart.o(.text)
    USART_OverSampling8Cmd                   0x08003289   Thumb Code    22  stm32f10x_usart.o(.text)
    USART_OneBitMethodCmd                    0x0800329f   Thumb Code    24  stm32f10x_usart.o(.text)
    USART_IrDAConfig                         0x080032b7   Thumb Code    18  stm32f10x_usart.o(.text)
    USART_IrDACmd                            0x080032c9   Thumb Code    24  stm32f10x_usart.o(.text)
    USART_GetFlagStatus                      0x080032e1   Thumb Code    26  stm32f10x_usart.o(.text)
    USART_ClearFlag                          0x080032fb   Thumb Code    18  stm32f10x_usart.o(.text)
    USART_GetITStatus                        0x0800330d   Thumb Code    84  stm32f10x_usart.o(.text)
    USART_ClearITPendingBit                  0x08003361   Thumb Code    52  stm32f10x_usart.o(.text)
    EXTI_DeInit                              0x08003395   Thumb Code    28  stm32f10x_exti.o(.text)
    EXTI_Init                                0x080033b1   Thumb Code   142  stm32f10x_exti.o(.text)
    EXTI_StructInit                          0x0800343f   Thumb Code    16  stm32f10x_exti.o(.text)
    EXTI_GenerateSWInterrupt                 0x0800344f   Thumb Code    16  stm32f10x_exti.o(.text)
    EXTI_GetFlagStatus                       0x0800345f   Thumb Code    22  stm32f10x_exti.o(.text)
    EXTI_ClearFlag                           0x08003475   Thumb Code     8  stm32f10x_exti.o(.text)
    EXTI_GetITStatus                         0x0800347d   Thumb Code    34  stm32f10x_exti.o(.text)
    EXTI_ClearITPendingBit                   0x0800349f   Thumb Code     8  stm32f10x_exti.o(.text)
    TIM_DeInit                               0x080034b1   Thumb Code   424  stm32f10x_tim.o(.text)
    TIM_TimeBaseInit                         0x08003659   Thumb Code   122  stm32f10x_tim.o(.text)
    TIM_OC1Init                              0x080036d3   Thumb Code   132  stm32f10x_tim.o(.text)
    TIM_OC2Init                              0x08003757   Thumb Code   154  stm32f10x_tim.o(.text)
    TIM_OC3Init                              0x080037f1   Thumb Code   150  stm32f10x_tim.o(.text)
    TIM_OC4Init                              0x08003887   Thumb Code   182  stm32f10x_tim.o(.text)
    TIM_SetIC4Prescaler                      0x0800393d   Thumb Code    26  stm32f10x_tim.o(.text)
    TIM_SetIC3Prescaler                      0x080039d9   Thumb Code    18  stm32f10x_tim.o(.text)
    TIM_SetIC2Prescaler                      0x08003a65   Thumb Code    26  stm32f10x_tim.o(.text)
    TIM_SetIC1Prescaler                      0x08003b01   Thumb Code    18  stm32f10x_tim.o(.text)
    TIM_ICInit                               0x08003b7f   Thumb Code   150  stm32f10x_tim.o(.text)
    TIM_PWMIConfig                           0x08003c15   Thumb Code   124  stm32f10x_tim.o(.text)
    TIM_BDTRConfig                           0x08003c91   Thumb Code    32  stm32f10x_tim.o(.text)
    TIM_TimeBaseStructInit                   0x08003cb1   Thumb Code    18  stm32f10x_tim.o(.text)
    TIM_OCStructInit                         0x08003cc3   Thumb Code    20  stm32f10x_tim.o(.text)
    TIM_ICStructInit                         0x08003cd7   Thumb Code    18  stm32f10x_tim.o(.text)
    TIM_BDTRStructInit                       0x08003ce9   Thumb Code    40  stm32f10x_tim.o(.text)
    TIM_Cmd                                  0x08003d11   Thumb Code    24  stm32f10x_tim.o(.text)
    TIM_CtrlPWMOutputs                       0x08003d29   Thumb Code    30  stm32f10x_tim.o(.text)
    TIM_ITConfig                             0x08003d47   Thumb Code    18  stm32f10x_tim.o(.text)
    TIM_GenerateEvent                        0x08003d59   Thumb Code     4  stm32f10x_tim.o(.text)
    TIM_DMAConfig                            0x08003d5d   Thumb Code    10  stm32f10x_tim.o(.text)
    TIM_DMACmd                               0x08003d67   Thumb Code    18  stm32f10x_tim.o(.text)
    TIM_InternalClockConfig                  0x08003d79   Thumb Code    12  stm32f10x_tim.o(.text)
    TIM_SelectInputTrigger                   0x08003d85   Thumb Code    18  stm32f10x_tim.o(.text)
    TIM_ITRxExternalClockConfig              0x08003d97   Thumb Code    24  stm32f10x_tim.o(.text)
    TIM_TIxExternalClockConfig               0x08003daf   Thumb Code    62  stm32f10x_tim.o(.text)
    TIM_ETRConfig                            0x08003ded   Thumb Code    28  stm32f10x_tim.o(.text)
    TIM_ETRClockMode1Config                  0x08003e09   Thumb Code    54  stm32f10x_tim.o(.text)
    TIM_ETRClockMode2Config                  0x08003e3f   Thumb Code    32  stm32f10x_tim.o(.text)
    TIM_PrescalerConfig                      0x08003e5f   Thumb Code     6  stm32f10x_tim.o(.text)
    TIM_CounterModeConfig                    0x08003e65   Thumb Code    18  stm32f10x_tim.o(.text)
    TIM_EncoderInterfaceConfig               0x08003e77   Thumb Code    66  stm32f10x_tim.o(.text)
    TIM_ForcedOC1Config                      0x08003eb9   Thumb Code    18  stm32f10x_tim.o(.text)
    TIM_ForcedOC2Config                      0x08003ecb   Thumb Code    26  stm32f10x_tim.o(.text)
    TIM_ForcedOC3Config                      0x08003ee5   Thumb Code    18  stm32f10x_tim.o(.text)
    TIM_ForcedOC4Config                      0x08003ef7   Thumb Code    26  stm32f10x_tim.o(.text)
    TIM_ARRPreloadConfig                     0x08003f11   Thumb Code    24  stm32f10x_tim.o(.text)
    TIM_SelectCOM                            0x08003f29   Thumb Code    24  stm32f10x_tim.o(.text)
    TIM_SelectCCDMA                          0x08003f41   Thumb Code    24  stm32f10x_tim.o(.text)
    TIM_CCPreloadControl                     0x08003f59   Thumb Code    24  stm32f10x_tim.o(.text)
    TIM_OC1PreloadConfig                     0x08003f71   Thumb Code    18  stm32f10x_tim.o(.text)
    TIM_OC2PreloadConfig                     0x08003f83   Thumb Code    26  stm32f10x_tim.o(.text)
    TIM_OC3PreloadConfig                     0x08003f9d   Thumb Code    18  stm32f10x_tim.o(.text)
    TIM_OC4PreloadConfig                     0x08003faf   Thumb Code    26  stm32f10x_tim.o(.text)
    TIM_OC1FastConfig                        0x08003fc9   Thumb Code    18  stm32f10x_tim.o(.text)
    TIM_OC2FastConfig                        0x08003fdb   Thumb Code    26  stm32f10x_tim.o(.text)
    TIM_OC3FastConfig                        0x08003ff5   Thumb Code    18  stm32f10x_tim.o(.text)
    TIM_OC4FastConfig                        0x08004007   Thumb Code    26  stm32f10x_tim.o(.text)
    TIM_ClearOC1Ref                          0x08004021   Thumb Code    18  stm32f10x_tim.o(.text)
    TIM_ClearOC2Ref                          0x08004033   Thumb Code    24  stm32f10x_tim.o(.text)
    TIM_ClearOC3Ref                          0x0800404b   Thumb Code    18  stm32f10x_tim.o(.text)
    TIM_ClearOC4Ref                          0x0800405d   Thumb Code    24  stm32f10x_tim.o(.text)
    TIM_OC1PolarityConfig                    0x08004075   Thumb Code    18  stm32f10x_tim.o(.text)
    TIM_OC1NPolarityConfig                   0x08004087   Thumb Code    18  stm32f10x_tim.o(.text)
    TIM_OC2PolarityConfig                    0x08004099   Thumb Code    26  stm32f10x_tim.o(.text)
    TIM_OC2NPolarityConfig                   0x080040b3   Thumb Code    26  stm32f10x_tim.o(.text)
    TIM_OC3PolarityConfig                    0x080040cd   Thumb Code    26  stm32f10x_tim.o(.text)
    TIM_OC3NPolarityConfig                   0x080040e7   Thumb Code    26  stm32f10x_tim.o(.text)
    TIM_OC4PolarityConfig                    0x08004101   Thumb Code    26  stm32f10x_tim.o(.text)
    TIM_CCxCmd                               0x0800411b   Thumb Code    30  stm32f10x_tim.o(.text)
    TIM_CCxNCmd                              0x08004139   Thumb Code    30  stm32f10x_tim.o(.text)
    TIM_SelectOCxM                           0x08004157   Thumb Code    82  stm32f10x_tim.o(.text)
    TIM_UpdateDisableConfig                  0x080041a9   Thumb Code    24  stm32f10x_tim.o(.text)
    TIM_UpdateRequestConfig                  0x080041c1   Thumb Code    24  stm32f10x_tim.o(.text)
    TIM_SelectHallSensor                     0x080041d9   Thumb Code    24  stm32f10x_tim.o(.text)
    TIM_SelectOnePulseMode                   0x080041f1   Thumb Code    18  stm32f10x_tim.o(.text)
    TIM_SelectOutputTrigger                  0x08004203   Thumb Code    18  stm32f10x_tim.o(.text)
    TIM_SelectSlaveMode                      0x08004215   Thumb Code    18  stm32f10x_tim.o(.text)
    TIM_SelectMasterSlaveMode                0x08004227   Thumb Code    18  stm32f10x_tim.o(.text)
    TIM_SetCounter                           0x08004239   Thumb Code     4  stm32f10x_tim.o(.text)
    TIM_SetAutoreload                        0x0800423d   Thumb Code     4  stm32f10x_tim.o(.text)
    TIM_SetCompare1                          0x08004241   Thumb Code     4  stm32f10x_tim.o(.text)
    TIM_SetCompare2                          0x08004245   Thumb Code     4  stm32f10x_tim.o(.text)
    TIM_SetCompare3                          0x08004249   Thumb Code     4  stm32f10x_tim.o(.text)
    TIM_SetCompare4                          0x0800424d   Thumb Code     6  stm32f10x_tim.o(.text)
    TIM_SetClockDivision                     0x08004253   Thumb Code    18  stm32f10x_tim.o(.text)
    TIM_GetCapture1                          0x08004265   Thumb Code     6  stm32f10x_tim.o(.text)
    TIM_GetCapture2                          0x0800426b   Thumb Code     6  stm32f10x_tim.o(.text)
    TIM_GetCapture3                          0x08004271   Thumb Code     6  stm32f10x_tim.o(.text)
    TIM_GetCapture4                          0x08004277   Thumb Code     8  stm32f10x_tim.o(.text)
    TIM_GetCounter                           0x0800427f   Thumb Code     6  stm32f10x_tim.o(.text)
    TIM_GetPrescaler                         0x08004285   Thumb Code     6  stm32f10x_tim.o(.text)
    TIM_GetFlagStatus                        0x0800428b   Thumb Code    18  stm32f10x_tim.o(.text)
    TIM_ClearFlag                            0x0800429d   Thumb Code     6  stm32f10x_tim.o(.text)
    TIM_GetITStatus                          0x080042a3   Thumb Code    34  stm32f10x_tim.o(.text)
    TIM_ClearITPendingBit                    0x080042c5   Thumb Code     6  stm32f10x_tim.o(.text)
    FLASH_SetLatency                         0x080042cd   Thumb Code    18  stm32f10x_flash.o(.text)
    FLASH_HalfCycleAccessCmd                 0x080042df   Thumb Code    22  stm32f10x_flash.o(.text)
    FLASH_PrefetchBufferCmd                  0x080042f5   Thumb Code    22  stm32f10x_flash.o(.text)
    FLASH_Unlock                             0x0800430b   Thumb Code    12  stm32f10x_flash.o(.text)
    FLASH_UnlockBank1                        0x08004317   Thumb Code    12  stm32f10x_flash.o(.text)
    FLASH_Lock                               0x08004323   Thumb Code    14  stm32f10x_flash.o(.text)
    FLASH_LockBank1                          0x08004331   Thumb Code    14  stm32f10x_flash.o(.text)
    FLASH_GetBank1Status                     0x0800433f   Thumb Code    48  stm32f10x_flash.o(.text)
    FLASH_WaitForLastOperation               0x0800436f   Thumb Code    38  stm32f10x_flash.o(.text)
    FLASH_ErasePage                          0x08004395   Thumb Code    72  stm32f10x_flash.o(.text)
    FLASH_EraseAllPages                      0x080043dd   Thumb Code    68  stm32f10x_flash.o(.text)
    FLASH_WaitForLastBank1Operation          0x08004421   Thumb Code    38  stm32f10x_flash.o(.text)
    FLASH_EraseAllBank1Pages                 0x08004447   Thumb Code    68  stm32f10x_flash.o(.text)
    FLASH_GetReadOutProtectionStatus         0x0800448b   Thumb Code    20  stm32f10x_flash.o(.text)
    FLASH_EraseOptionBytes                   0x0800449f   Thumb Code   150  stm32f10x_flash.o(.text)
    FLASH_ProgramWord                        0x08004535   Thumb Code   102  stm32f10x_flash.o(.text)
    FLASH_ProgramHalfWord                    0x0800459b   Thumb Code    60  stm32f10x_flash.o(.text)
    FLASH_ProgramOptionByteData              0x080045d7   Thumb Code    72  stm32f10x_flash.o(.text)
    FLASH_EnableWriteProtection              0x0800461f   Thumb Code   200  stm32f10x_flash.o(.text)
    FLASH_ReadOutProtection                  0x080046e7   Thumb Code   156  stm32f10x_flash.o(.text)
    FLASH_UserOptionByteConfig               0x08004783   Thumb Code    88  stm32f10x_flash.o(.text)
    FLASH_GetUserOptionByte                  0x080047db   Thumb Code     8  stm32f10x_flash.o(.text)
    FLASH_GetWriteProtectionOptionByte       0x080047e3   Thumb Code     6  stm32f10x_flash.o(.text)
    FLASH_GetPrefetchBufferStatus            0x080047e9   Thumb Code    20  stm32f10x_flash.o(.text)
    FLASH_ITConfig                           0x080047fd   Thumb Code    26  stm32f10x_flash.o(.text)
    FLASH_GetFlagStatus                      0x08004817   Thumb Code    42  stm32f10x_flash.o(.text)
    FLASH_ClearFlag                          0x08004841   Thumb Code     6  stm32f10x_flash.o(.text)
    FLASH_GetStatus                          0x08004847   Thumb Code    48  stm32f10x_flash.o(.text)
    vListInitialise                          0x08004889   Thumb Code    26  list.o(.text)
    vListInitialiseItem                      0x080048a3   Thumb Code     6  list.o(.text)
    vListInsertEnd                           0x080048a9   Thumb Code    24  list.o(.text)
    vListInsert                              0x080048c1   Thumb Code    52  list.o(.text)
    uxListRemove                             0x080048f5   Thumb Code    40  list.o(.text)
    xQueueGenericReset                       0x0800491d   Thumb Code   122  queue.o(.text)
    xQueueGenericCreate                      0x080049c1   Thumb Code    56  queue.o(.text)
    xQueueGenericSend                        0x08004b11   Thumb Code   276  queue.o(.text)
    xQueueCreateMutex                        0x08004c41   Thumb Code    34  queue.o(.text)
    xQueueGenericSendFromISR                 0x08004c63   Thumb Code   134  queue.o(.text)
    xQueueGiveFromISR                        0x08004ce9   Thumb Code   124  queue.o(.text)
    xQueueGenericReceive                     0x08004da9   Thumb Code   342  queue.o(.text)
    xQueueReceiveFromISR                     0x08004eff   Thumb Code   130  queue.o(.text)
    xQueuePeekFromISR                        0x08004f81   Thumb Code    74  queue.o(.text)
    uxQueueMessagesWaiting                   0x08004fcb   Thumb Code    18  queue.o(.text)
    uxQueueSpacesAvailable                   0x08004fdd   Thumb Code    24  queue.o(.text)
    uxQueueMessagesWaitingFromISR            0x08004ff5   Thumb Code     6  queue.o(.text)
    vQueueDelete                             0x08004ffb   Thumb Code    14  queue.o(.text)
    uxQueueGetQueueNumber                    0x08005009   Thumb Code     6  queue.o(.text)
    vQueueSetQueueNumber                     0x0800500f   Thumb Code     4  queue.o(.text)
    ucQueueGetQueueType                      0x08005013   Thumb Code     8  queue.o(.text)
    xQueueIsQueueEmptyFromISR                0x0800501b   Thumb Code    14  queue.o(.text)
    xQueueIsQueueFullFromISR                 0x08005029   Thumb Code    18  queue.o(.text)
    xTaskCreate                              0x080051bd   Thumb Code    92  tasks.o(.text)
    vTaskDelete                              0x08005255   Thumb Code   176  tasks.o(.text)
    xTaskIncrementTick                       0x08005305   Thumb Code   238  tasks.o(.text)
    xTaskResumeAll                           0x080053f3   Thumb Code   284  tasks.o(.text)
    vTaskSuspendAll                          0x0800558b   Thumb Code    12  tasks.o(.text)
    vTaskDelayUntil                          0x08005597   Thumb Code   106  tasks.o(.text)
    vTaskDelay                               0x08005601   Thumb Code    46  tasks.o(.text)
    eTaskGetState                            0x0800562f   Thumb Code    88  tasks.o(.text)
    uxTaskPriorityGet                        0x08005687   Thumb Code    30  tasks.o(.text)
    uxTaskPriorityGetFromISR                 0x080056a5   Thumb Code    52  tasks.o(.text)
    vTaskPrioritySet                         0x080056d9   Thumb Code   226  tasks.o(.text)
    vTaskSwitchContext                       0x080057bb   Thumb Code    76  tasks.o(.text)
    vTaskSuspend                             0x08005807   Thumb Code   220  tasks.o(.text)
    vTaskResume                              0x0800591b   Thumb Code   104  tasks.o(.text)
    xTaskResumeFromISR                       0x08005983   Thumb Code   130  tasks.o(.text)
    vTaskStartScheduler                      0x08005a7b   Thumb Code    74  tasks.o(.text)
    vTaskEndScheduler                        0x08005ac5   Thumb Code    32  tasks.o(.text)
    xTaskGetTickCount                        0x08005ae5   Thumb Code     6  tasks.o(.text)
    xTaskGetTickCountFromISR                 0x08005aeb   Thumb Code     8  tasks.o(.text)
    uxTaskGetNumberOfTasks                   0x08005af3   Thumb Code     6  tasks.o(.text)
    pcTaskGetName                            0x08005af9   Thumb Code    20  tasks.o(.text)
    vTaskGetTaskInfo                         0x08005b23   Thumb Code   114  tasks.o(.text)
    uxTaskGetSystemState                     0x08005bff   Thumb Code   152  tasks.o(.text)
    vTaskPlaceOnEventList                    0x08005c97   Thumb Code   106  tasks.o(.text)
    vTaskPlaceOnUnorderedEventList           0x08005d01   Thumb Code    40  tasks.o(.text)
    xTaskRemoveFromEventList                 0x08005d29   Thumb Code   104  tasks.o(.text)
    xTaskRemoveFromUnorderedEventList        0x08005d91   Thumb Code    94  tasks.o(.text)
    vTaskSetTimeOutState                     0x08005def   Thumb Code    14  tasks.o(.text)
    xTaskCheckForTimeOut                     0x08005dfd   Thumb Code    84  tasks.o(.text)
    vTaskMissedYield                         0x08005e51   Thumb Code     8  tasks.o(.text)
    uxTaskGetTaskNumber                      0x08005e59   Thumb Code    14  tasks.o(.text)
    vTaskSetTaskNumber                       0x08005e67   Thumb Code     8  tasks.o(.text)
    uxTaskGetStackHighWaterMark              0x08005e6f   Thumb Code    34  tasks.o(.text)
    xTaskGetCurrentTaskHandle                0x08005e91   Thumb Code     6  tasks.o(.text)
    vTaskPriorityInherit                     0x08005e97   Thumb Code   164  tasks.o(.text)
    xTaskPriorityDisinherit                  0x08005f3b   Thumb Code   122  tasks.o(.text)
    uxTaskResetEventItemValue                0x08005fb5   Thumb Code    24  tasks.o(.text)
    pvTaskIncrementMutexHeldCount            0x08005fcd   Thumb Code    26  tasks.o(.text)
    ulTaskNotifyTake                         0x08005fe7   Thumb Code   108  tasks.o(.text)
    xTaskNotifyWait                          0x08006053   Thumb Code   186  tasks.o(.text)
    xTaskGenericNotify                       0x0800610d   Thumb Code   178  tasks.o(.text)
    xTaskGenericNotifyFromISR                0x080061bf   Thumb Code   228  tasks.o(.text)
    vTaskNotifyGiveFromISR                   0x080062a3   Thumb Code   154  tasks.o(.text)
    xTaskNotifyStateClear                    0x0800633d   Thumb Code    48  tasks.o(.text)
    pxPortInitialiseStack                    0x0800639f   Thumb Code    26  port.o(.text)
    vPortSetupTimerInterrupt                 0x080063b9   Thumb Code    14  port.o(.text)
    xPortStartScheduler                      0x080063c7   Thumb Code    42  port.o(.text)
    vPortEndScheduler                        0x080063f1   Thumb Code     2  port.o(.text)
    vPortEnterCritical                       0x080063f3   Thumb Code    30  port.o(.text)
    vPortExitCritical                        0x08006411   Thumb Code    28  port.o(.text)
    xPortSysTickHandler                      0x0800642d   Thumb Code    48  port.o(.text)
    pvPortMalloc                             0x08006497   Thumb Code   166  heap_2.o(.text)
    vPortFree                                0x0800653d   Thumb Code    56  heap_2.o(.text)
    xPortGetFreeHeapSize                     0x08006575   Thumb Code     6  heap_2.o(.text)
    vPortInitialiseBlocks                    0x0800657b   Thumb Code     2  heap_2.o(.text)
    sys_mbox_new                             0x08006591   Thumb Code    58  sys_arch.o(.text)
    sys_mbox_free                            0x080065cb   Thumb Code    52  sys_arch.o(.text)
    sys_mbox_post                            0x080065ff   Thumb Code    24  sys_arch.o(.text)
    sys_mbox_trypost                         0x08006617   Thumb Code    48  sys_arch.o(.text)
    sys_arch_mbox_fetch                      0x08006647   Thumb Code    94  sys_arch.o(.text)
    sys_arch_mbox_tryfetch                   0x080066a5   Thumb Code    36  sys_arch.o(.text)
    sys_sem_new                              0x080066c9   Thumb Code   108  sys_arch.o(.text)
    sys_arch_sem_wait                        0x08006735   Thumb Code    82  sys_arch.o(.text)
    sys_sem_signal                           0x08006787   Thumb Code    18  sys_arch.o(.text)
    sys_sem_free                             0x08006799   Thumb Code    26  sys_arch.o(.text)
    sys_init                                 0x080067b3   Thumb Code    34  sys_arch.o(.text)
    sys_arch_timeouts                        0x080067d5   Thumb Code    42  sys_arch.o(.text)
    sys_arch_protect                         0x080067ff   Thumb Code    10  sys_arch.o(.text)
    sys_arch_unprotect                       0x08006809   Thumb Code    10  sys_arch.o(.text)
    sys_thread_new                           0x08006813   Thumb Code    86  sys_arch.o(.text)
    sys_assert                               0x08006869   Thumb Code     8  sys_arch.o(.text)
    etharp_tmr                               0x0800689b   Thumb Code   154  etharp.o(.text)
    etharp_find_addr                         0x08006c3f   Thumb Code    92  etharp.o(.text)
    etharp_ip_input                          0x08006c9b   Thumb Code    52  etharp.o(.text)
    etharp_arp_input                         0x08006ccf   Thumb Code   360  etharp.o(.text)
    etharp_request                           0x08006efb   Thumb Code    36  etharp.o(.text)
    etharp_query                             0x08006f1f   Thumb Code   404  etharp.o(.text)
    etharp_output                            0x080070b3   Thumb Code   216  etharp.o(.text)
    ethernet_input                           0x0800718b   Thumb Code   126  etharp.o(.text)
    dns_setserver                            0x08007211   Thumb Code    28  dns.o(.text)
    dns_init                                 0x080073f5   Thumb Code    64  dns.o(.text)
    dns_getserver                            0x08007435   Thumb Code    28  dns.o(.text)
    dns_tmr                                  0x08007637   Thumb Code    14  dns.o(.text)
    dns_gethostbyname                        0x08007753   Thumb Code    84  dns.o(.text)
    mem_init                                 0x08007821   Thumb Code    92  mem.o(.text)
    mem_free                                 0x0800787d   Thumb Code   128  mem.o(.text)
    mem_realloc                              0x080078fd   Thumb Code   310  mem.o(.text)
    mem_malloc                               0x08007a33   Thumb Code   390  mem.o(.text)
    mem_calloc                               0x08007bb9   Thumb Code    34  mem.o(.text)
    memp_init                                0x08007bdd   Thumb Code   136  memp.o(.text)
    memp_malloc                              0x08007c65   Thumb Code   150  memp.o(.text)
    memp_free                                0x08007cfb   Thumb Code    74  memp.o(.text)
    netif_set_gw                             0x08007d59   Thumb Code    12  netif.o(.text)
    netif_set_netmask                        0x08007d65   Thumb Code    12  netif.o(.text)
    netif_set_ipaddr                         0x08007d71   Thumb Code   110  netif.o(.text)
    netif_set_addr                           0x08007ddf   Thumb Code    40  netif.o(.text)
    netif_add                                0x08007e07   Thumb Code    96  netif.o(.text)
    netif_set_default                        0x08007e67   Thumb Code     6  netif.o(.text)
    netif_remove                             0x08007e6d   Thumb Code    74  netif.o(.text)
    netif_find                               0x08007eb7   Thumb Code    64  netif.o(.text)
    netif_set_up                             0x08007ef7   Thumb Code    44  netif.o(.text)
    netif_set_down                           0x08007f23   Thumb Code    24  netif.o(.text)
    netif_is_up                              0x08007f3b   Thumb Code    12  netif.o(.text)
    pbuf_free                                0x08007fcd   Thumb Code   108  pbuf.o(.text)
    pbuf_alloc                               0x08008039   Thumb Code   386  pbuf.o(.text)
    pbuf_realloc                             0x080081bb   Thumb Code   100  pbuf.o(.text)
    pbuf_header                              0x0800821f   Thumb Code   106  pbuf.o(.text)
    pbuf_clen                                0x08008289   Thumb Code    18  pbuf.o(.text)
    pbuf_ref                                 0x0800829b   Thumb Code    26  pbuf.o(.text)
    pbuf_cat                                 0x080082b5   Thumb Code    36  pbuf.o(.text)
    pbuf_chain                               0x080082d9   Thumb Code    22  pbuf.o(.text)
    pbuf_dechain                             0x080082ef   Thumb Code    48  pbuf.o(.text)
    pbuf_copy                                0x0800831f   Thumb Code   114  pbuf.o(.text)
    pbuf_copy_partial                        0x08008391   Thumb Code   116  pbuf.o(.text)
    pbuf_take                                0x08008405   Thumb Code    86  pbuf.o(.text)
    pbuf_coalesce                            0x0800845b   Thumb Code    56  pbuf.o(.text)
    raw_input                                0x08008495   Thumb Code   100  raw.o(.text)
    raw_bind                                 0x080084f9   Thumb Code    16  raw.o(.text)
    raw_connect                              0x08008509   Thumb Code    16  raw.o(.text)
    raw_recv                                 0x08008519   Thumb Code     6  raw.o(.text)
    raw_sendto                               0x0800851f   Thumb Code   150  raw.o(.text)
    raw_send                                 0x080085b5   Thumb Code    18  raw.o(.text)
    raw_remove                               0x080085c7   Thumb Code    60  raw.o(.text)
    raw_new                                  0x08008603   Thumb Code    42  raw.o(.text)
    sys_mbox_fetch                           0x08008631   Thumb Code   124  sys.o(.text)
    sys_sem_wait                             0x080086ad   Thumb Code   116  sys.o(.text)
    sys_timeout                              0x08008721   Thumb Code   144  sys.o(.text)
    sys_untimeout                            0x080087b1   Thumb Code    94  sys.o(.text)
    sys_sem_wait_timeout                     0x08008823   Thumb Code    58  sys.o(.text)
    sys_msleep                               0x0800885d   Thumb Code    28  sys.o(.text)
    tcp_seg_free                             0x0800887d   Thumb Code    32  tcp.o(.text)
    tcp_segs_free                            0x0800889d   Thumb Code    30  tcp.o(.text)
    tcp_pcb_purge                            0x080088bb   Thumb Code    76  tcp.o(.text)
    tcp_slowtmr                              0x08008907   Thumb Code   714  tcp.o(.text)
    tcp_pcb_remove                           0x08008bd1   Thumb Code   128  tcp.o(.text)
    tcp_close                                0x08008c51   Thumb Code   274  tcp.o(.text)
    tcp_update_rcv_ann_wnd                   0x08008d63   Thumb Code    70  tcp.o(.text)
    tcp_recved                               0x08008da9   Thumb Code    62  tcp.o(.text)
    tcp_recv_null                            0x08008de7   Thumb Code    46  tcp.o(.text)
    tcp_fasttmr                              0x08008e15   Thumb Code   122  tcp.o(.text)
    tcp_tmr                                  0x08008e8f   Thumb Code    30  tcp.o(.text)
    tcp_abandon                              0x08008ead   Thumb Code   158  tcp.o(.text)
    tcp_bind                                 0x08008fb3   Thumb Code   218  tcp.o(.text)
    tcp_listen_with_backlog                  0x08009095   Thumb Code   184  tcp.o(.text)
    tcp_eff_send_mss                         0x0800914d   Thumb Code    46  tcp.o(.text)
    tcp_next_iss                             0x0800917b   Thumb Code    20  tcp.o(.text)
    tcp_connect                              0x0800918f   Thumb Code   294  tcp.o(.text)
    tcp_setprio                              0x080092b5   Thumb Code     4  tcp.o(.text)
    tcp_seg_copy                             0x080092b9   Thumb Code    38  tcp.o(.text)
    tcp_alloc                                0x08009361   Thumb Code   202  tcp.o(.text)
    tcp_new                                  0x0800942b   Thumb Code    10  tcp.o(.text)
    tcp_arg                                  0x08009435   Thumb Code     4  tcp.o(.text)
    tcp_recv                                 0x08009439   Thumb Code     6  tcp.o(.text)
    tcp_sent                                 0x0800943f   Thumb Code     6  tcp.o(.text)
    tcp_err                                  0x08009445   Thumb Code     6  tcp.o(.text)
    tcp_accept                               0x0800944b   Thumb Code     4  tcp.o(.text)
    tcp_poll                                 0x0800944f   Thumb Code    10  tcp.o(.text)
    tcp_debug_state_str                      0x08009459   Thumb Code    10  tcp.o(.text)
    tcp_input                                0x0800a673   Thumb Code  1324  tcp_in.o(.text)
    tcp_enqueue                              0x0800ac5b   Thumb Code   986  tcp_out.o(.text)
    tcp_send_ctrl                            0x0800b035   Thumb Code    28  tcp_out.o(.text)
    tcp_write                                0x0800b051   Thumb Code    72  tcp_out.o(.text)
    tcp_send_empty_ack                       0x0800b099   Thumb Code   118  tcp_out.o(.text)
    tcp_output                               0x0800b1f5   Thumb Code   462  tcp_out.o(.text)
    tcp_rst                                  0x0800b3c3   Thumb Code   198  tcp_out.o(.text)
    tcp_rexmit_rto                           0x0800b489   Thumb Code    58  tcp_out.o(.text)
    tcp_rexmit                               0x0800b4c3   Thumb Code    80  tcp_out.o(.text)
    tcp_rexmit_fast                          0x0800b513   Thumb Code   132  tcp_out.o(.text)
    tcp_keepalive                            0x0800b597   Thumb Code   110  tcp_out.o(.text)
    tcp_zero_window_probe                    0x0800b605   Thumb Code   196  tcp_out.o(.text)
    udp_input                                0x0800b6cd   Thumb Code   562  udp.o(.text)
    udp_bind                                 0x0800b8ff   Thumb Code   102  udp.o(.text)
    udp_sendto_if                            0x0800b965   Thumb Code   248  udp.o(.text)
    udp_sendto                               0x0800ba5d   Thumb Code    62  udp.o(.text)
    udp_send                                 0x0800ba9b   Thumb Code    20  udp.o(.text)
    udp_connect                              0x0800baaf   Thumb Code   104  udp.o(.text)
    udp_disconnect                           0x0800bb17   Thumb Code    28  udp.o(.text)
    udp_recv                                 0x0800bb33   Thumb Code     6  udp.o(.text)
    udp_remove                               0x0800bb39   Thumb Code    60  udp.o(.text)
    udp_new                                  0x0800bb75   Thumb Code    28  udp.o(.text)
    icmp_input                               0x0800bb99   Thumb Code   524  icmp.o(.text)
    icmp_dest_unreach                        0x0800be1b   Thumb Code    18  icmp.o(.text)
    icmp_time_exceeded                       0x0800be2d   Thumb Code    18  icmp.o(.text)
    htonl                                    0x0800be45   Thumb Code    26  inet.o(.text)
    inet_aton                                0x0800be5f   Thumb Code   336  inet.o(.text)
    inet_addr                                0x0800bfaf   Thumb Code    24  inet.o(.text)
    inet_ntoa                                0x0800bfc7   Thumb Code   112  inet.o(.text)
    htons                                    0x0800c037   Thumb Code    12  inet.o(.text)
    ntohs                                    0x0800c043   Thumb Code    12  inet.o(.text)
    ntohl                                    0x0800c04f   Thumb Code    12  inet.o(.text)
    inet_chksum_pseudo                       0x0800c0ab   Thumb Code   162  inet_chksum.o(.text)
    inet_chksum                              0x0800c14d   Thumb Code    20  inet_chksum.o(.text)
    inet_chksum_pbuf                         0x0800c161   Thumb Code    86  inet_chksum.o(.text)
    ip_route                                 0x0800c1b9   Thumb Code    86  ip.o(.text)
    ip_input                                 0x0800c2d5   Thumb Code   596  ip.o(.text)
    ip_output_if                             0x0800c529   Thumb Code   306  ip.o(.text)
    ip_output                                0x0800c65b   Thumb Code    70  ip.o(.text)
    ip_addr_isbroadcast                      0x0800c6a9   Thumb Code    78  ip_addr.o(.text)
    ip_reass_tmr                             0x0800c78d   Thumb Code    48  ip_frag.o(.text)
    ip_reass                                 0x0800c9d3   Thumb Code   482  ip_frag.o(.text)
    ip_frag                                  0x0800cbb5   Thumb Code   336  ip_frag.o(.text)
    vlwIPInit                                0x0800cd11   Thumb Code    24  lwipentry.o(.text)
    LwIPEntry                                0x0800cd29   Thumb Code   106  lwipentry.o(.text)
    netconn_new_with_proto_and_callback      0x0800cd99   Thumb Code    72  api_lib.o(.text)
    netconn_delete                           0x0800cde1   Thumb Code    40  api_lib.o(.text)
    netconn_getaddr                          0x0800ce09   Thumb Code    40  api_lib.o(.text)
    netconn_bind                             0x0800ce31   Thumb Code    36  api_lib.o(.text)
    netconn_connect                          0x0800ce55   Thumb Code    36  api_lib.o(.text)
    netconn_disconnect                       0x0800ce79   Thumb Code    26  api_lib.o(.text)
    netconn_listen_with_backlog              0x0800ce93   Thumb Code    28  api_lib.o(.text)
    netconn_accept                           0x0800ceaf   Thumb Code    32  api_lib.o(.text)
    netconn_recv                             0x0800cecf   Thumb Code   284  api_lib.o(.text)
    netconn_send                             0x0800cfeb   Thumb Code    30  api_lib.o(.text)
    netconn_sendto                           0x0800d009   Thumb Code    36  api_lib.o(.text)
    netconn_write                            0x0800d02d   Thumb Code    40  api_lib.o(.text)
    netconn_close                            0x0800d055   Thumb Code    26  api_lib.o(.text)
    netconn_gethostbyname                    0x0800d06f   Thumb Code    64  api_lib.o(.text)
    netconn_free                             0x0800d50b   Thumb Code   114  api_msg.o(.text)
    netconn_alloc                            0x0800d57d   Thumb Code   106  api_msg.o(.text)
    do_newconn                               0x0800d6e3   Thumb Code    26  api_msg.o(.text)
    do_delconn                               0x0800d6fd   Thumb Code   126  api_msg.o(.text)
    do_bind                                  0x0800d77b   Thumb Code   114  api_msg.o(.text)
    do_connect                               0x0800d821   Thumb Code   156  api_msg.o(.text)
    do_disconnect                            0x0800d8bd   Thumb Code    34  api_msg.o(.text)
    do_listen                                0x0800d8df   Thumb Code   160  api_msg.o(.text)
    do_send                                  0x0800d97f   Thumb Code   144  api_msg.o(.text)
    do_recv                                  0x0800da0f   Thumb Code    50  api_msg.o(.text)
    do_write                                 0x0800da41   Thumb Code    72  api_msg.o(.text)
    do_getaddr                               0x0800da89   Thumb Code   172  api_msg.o(.text)
    do_close                                 0x0800db35   Thumb Code    48  api_msg.o(.text)
    do_gethostbyname                         0x0800db91   Thumb Code    40  api_msg.o(.text)
    netbuf_new                               0x0800dbc5   Thumb Code    30  netbuf.o(.text)
    netbuf_delete                            0x0800dbe3   Thumb Code    32  netbuf.o(.text)
    netbuf_alloc                             0x0800dc03   Thumb Code    46  netbuf.o(.text)
    netbuf_free                              0x0800dc31   Thumb Code    22  netbuf.o(.text)
    netbuf_ref                               0x0800dc47   Thumb Code    62  netbuf.o(.text)
    netbuf_chain                             0x0800dc85   Thumb Code    28  netbuf.o(.text)
    netbuf_data                              0x0800dca1   Thumb Code    28  netbuf.o(.text)
    netbuf_next                              0x0800dcbd   Thumb Code    34  netbuf.o(.text)
    netbuf_first                             0x0800dcdf   Thumb Code     6  netbuf.o(.text)
    tcp_timer_needed                         0x0800dd0d   Thumb Code    38  tcpip.o(.text)
    tcpip_input                              0x0800de47   Thumb Code    72  tcpip.o(.text)
    tcpip_callback_with_block                0x0800de8f   Thumb Code    92  tcpip.o(.text)
    tcpip_timeout                            0x0800deeb   Thumb Code    64  tcpip.o(.text)
    tcpip_untimeout                          0x0800df2b   Thumb Code    56  tcpip.o(.text)
    tcpip_apimsg                             0x0800df63   Thumb Code    52  tcpip.o(.text)
    tcpip_init                               0x0800df97   Thumb Code    44  tcpip.o(.text)
    pbuf_free_callback                       0x0800dfd1   Thumb Code    16  tcpip.o(.text)
    mem_free_callback                        0x0800dfe1   Thumb Code    16  tcpip.o(.text)
    __aeabi_memcpy                           0x0800e035   Thumb Code    36  memcpya.o(.text)
    __aeabi_memcpy4                          0x0800e035   Thumb Code     0  memcpya.o(.text)
    __aeabi_memcpy8                          0x0800e035   Thumb Code     0  memcpya.o(.text)
    __aeabi_memset                           0x0800e059   Thumb Code    14  memseta.o(.text)
    __aeabi_memset4                          0x0800e059   Thumb Code     0  memseta.o(.text)
    __aeabi_memset8                          0x0800e059   Thumb Code     0  memseta.o(.text)
    __aeabi_memclr                           0x0800e067   Thumb Code     4  memseta.o(.text)
    __aeabi_memclr4                          0x0800e067   Thumb Code     0  memseta.o(.text)
    __aeabi_memclr8                          0x0800e067   Thumb Code     0  memseta.o(.text)
    _memset$wrapper                          0x0800e06b   Thumb Code    18  memseta.o(.text)
    strcat                                   0x0800e07d   Thumb Code    24  strcat.o(.text)
    strlen                                   0x0800e095   Thumb Code    14  strlen.o(.text)
    strcmp                                   0x0800e0a3   Thumb Code    28  strcmp.o(.text)
    strcpy                                   0x0800e0bf   Thumb Code    18  strcpy.o(.text)
    strncmp                                  0x0800e0d1   Thumb Code    30  strncmp.o(.text)
    atoi                                     0x0800e0ef   Thumb Code    26  atoi.o(.text)
    __aeabi_fadd                             0x0800e109   Thumb Code   164  fadd.o(.text)
    __aeabi_fsub                             0x0800e1ad   Thumb Code     6  fadd.o(.text)
    __aeabi_frsub                            0x0800e1b3   Thumb Code     6  fadd.o(.text)
    __aeabi_fmul                             0x0800e1b9   Thumb Code   100  fmul.o(.text)
    __aeabi_dadd                             0x0800e21d   Thumb Code   322  dadd.o(.text)
    __aeabi_dsub                             0x0800e35f   Thumb Code     6  dadd.o(.text)
    __aeabi_drsub                            0x0800e365   Thumb Code     6  dadd.o(.text)
    __aeabi_ddiv                             0x0800e36b   Thumb Code   222  ddiv.o(.text)
    __aeabi_ui2f                             0x0800e449   Thumb Code    10  ffltui.o(.text)
    __aeabi_f2uiz                            0x0800e453   Thumb Code    40  ffixui.o(.text)
    __aeabi_f2d                              0x0800e47b   Thumb Code    38  f2d.o(.text)
    __aeabi_d2f                              0x0800e4a1   Thumb Code    56  d2f.o(.text)
    __aeabi_uidiv                            0x0800e4d9   Thumb Code     0  uidiv.o(.text)
    __aeabi_uidivmod                         0x0800e4d9   Thumb Code    44  uidiv.o(.text)
    __aeabi_uldivmod                         0x0800e505   Thumb Code    98  uldiv.o(.text)
    __aeabi_llsl                             0x0800e567   Thumb Code    30  llshl.o(.text)
    _ll_shift_l                              0x0800e567   Thumb Code     0  llshl.o(.text)
    __aeabi_lasr                             0x0800e585   Thumb Code    36  llsshr.o(.text)
    _ll_sshift_r                             0x0800e585   Thumb Code     0  llsshr.o(.text)
    strtol                                   0x0800e5a9   Thumb Code   112  strtol.o(.text)
    __I$use$fp                               0x0800e619   Thumb Code     0  iusefp.o(.text)
    _float_round                             0x0800e619   Thumb Code    18  fepilogue.o(.text)
    _float_epilogue                          0x0800e62b   Thumb Code    92  fepilogue.o(.text)
    _double_round                            0x0800e687   Thumb Code    26  depilogue.o(.text)
    _double_epilogue                         0x0800e6a1   Thumb Code   156  depilogue.o(.text)
    __aeabi_dmul                             0x0800e73d   Thumb Code   228  dmul.o(.text)
    __aeabi_d2ulz                            0x0800e821   Thumb Code    48  dfixul.o(.text)
    __aeabi_cdrcmple                         0x0800e851   Thumb Code    38  cdrcmple.o(.text)
    __scatterload                            0x0800e879   Thumb Code    28  init.o(.text)
    __scatterload_rt2                        0x0800e879   Thumb Code     0  init.o(.text)
    __aeabi_llsr                             0x0800e89d   Thumb Code    32  llushr.o(.text)
    _ll_ushift_r                             0x0800e89d   Thumb Code     0  llushr.o(.text)
    __rt_ctype_table                         0x0800e8bd   Thumb Code     4  ctype_o.o(.text)
    _strtoul                                 0x0800e8c5   Thumb Code   158  _strtoul.o(.text)
    _chval                                   0x0800e963   Thumb Code    28  _chval.o(.text)
    __decompress                             0x0800e97f   Thumb Code     0  __dczerorl2.o(.text)
    __decompress1                            0x0800e97f   Thumb Code    86  __dczerorl2.o(.text)
    __0sprintf                               0x0800e9d5   Thumb Code    34  printfa.o(i.__0sprintf)
    __1sprintf                               0x0800e9d5   Thumb Code     0  printfa.o(i.__0sprintf)
    __2sprintf                               0x0800e9d5   Thumb Code     0  printfa.o(i.__0sprintf)
    __c89sprintf                             0x0800e9d5   Thumb Code     0  printfa.o(i.__0sprintf)
    sprintf                                  0x0800e9d5   Thumb Code     0  printfa.o(i.__0sprintf)
    __0vsprintf                              0x0800e9fd   Thumb Code    30  printfa.o(i.__0vsprintf)
    __1vsprintf                              0x0800e9fd   Thumb Code     0  printfa.o(i.__0vsprintf)
    __2vsprintf                              0x0800e9fd   Thumb Code     0  printfa.o(i.__0vsprintf)
    __c89vsprintf                            0x0800e9fd   Thumb Code     0  printfa.o(i.__0vsprintf)
    vsprintf                                 0x0800e9fd   Thumb Code     0  printfa.o(i.__0vsprintf)
    __aeabi_errno_addr                       0x0800ea21   Thumb Code     4  errno.o(i.__aeabi_errno_addr)
    __rt_errno_addr                          0x0800ea21   Thumb Code     0  errno.o(i.__aeabi_errno_addr)
    __scatterload_copy                       0x0800ea29   Thumb Code    14  handlers.o(i.__scatterload_copy)
    __scatterload_null                       0x0800ea37   Thumb Code     2  handlers.o(i.__scatterload_null)
    __scatterload_zeroinit                   0x0800ea39   Thumb Code    14  handlers.o(i.__scatterload_zeroinit)
    bsp_74hc595_set_DATA                     0x0800f2e5   Thumb Code    22  app_display.o(i.bsp_74hc595_set_DATA)
    bsp_74hc595_set_OE                       0x0800f301   Thumb Code    20  app_display.o(i.bsp_74hc595_set_OE)
    bsp_74hc595_set_SH_CP                    0x0800f319   Thumb Code    22  app_display.o(i.bsp_74hc595_set_SH_CP)
    bsp_74hc595_set_ST_CP                    0x0800f335   Thumb Code    22  app_display.o(i.bsp_74hc595_set_ST_CP)
    bsp_set_hv_state                         0x0800f351   Thumb Code    22  app_cli.o(i.bsp_set_hv_state)
    ethbroadcast                             0x0800f488   Data           6  etharp.o(.constdata)
    ethzero                                  0x0800f48e   Data           6  etharp.o(.constdata)
    tcp_backoff                              0x0800f4cc   Data          13  tcp.o(.constdata)
    tcp_persist_backoff                      0x0800f4d9   Data           7  tcp.o(.constdata)
    ip_addr_any                              0x0800f4e0   Data           4  ip_addr.o(.constdata)
    ip_addr_broadcast                        0x0800f4e4   Data           4  ip_addr.o(.constdata)
    __ctype_table                            0x0800f4e8   Data         129  ctype_o.o(.constdata)
    Region$$Table$$Base                      0x0800f9e0   Number         0  anon$$obj.o(Region$$Table)
    Region$$Table$$Limit                     0x0800fa00   Number         0  anon$$obj.o(Region$$Table)
    hum                                      0x2000001c   Data           4  app_sht10.o(.data)
    temp                                     0x20000020   Data           4  app_sht10.o(.data)
    pxCurrentTCB                             0x2000008c   Data           4  tasks.o(.data)
    netif_list                               0x20000108   Data           4  netif.o(.data)
    netif_default                            0x2000010c   Data           4  netif.o(.data)
    tcp_state_str                            0x20000118   Data          44  tcp.o(.data)
    tcp_ticks                                0x20000144   Data           4  tcp.o(.data)
    tcp_bound_pcbs                           0x20000148   Data           4  tcp.o(.data)
    tcp_listen_pcbs                          0x2000014c   Data           4  tcp.o(.data)
    tcp_active_pcbs                          0x20000150   Data           4  tcp.o(.data)
    tcp_tw_pcbs                              0x20000154   Data           4  tcp.o(.data)
    tcp_tmp_pcb                              0x20000158   Data           4  tcp.o(.data)
    tcp_input_pcb                            0x20000180   Data           4  tcp_in.o(.data)
    udp_pcbs                                 0x20000184   Data           4  udp.o(.data)
    current_netif                            0x20000188   Data           4  ip.o(.data)
    current_header                           0x2000018c   Data           4  ip.o(.data)
    lwip_stats                               0x20008994   Data         330  stats.o(.bss)
    __initial_sp                             0x200096d8   Data           0  cstartup.o(STACK)



==============================================================================

Memory Map of the image

  Image Entry point : 0x080000ed

  Load Region LR_IROM1 (Base: 0x08000000, Size: 0x0000fbb0, Max: 0x00040000, ABSOLUTE, COMPRESSED[0x0000fa68])

    Execution Region ER_IROM1 (Base: 0x08000000, Size: 0x0000fa00, Max: 0x00040000, ABSOLUTE)

    Base Addr    Size         Type   Attr      Idx    E Section Name        Object

    0x08000000   0x000000ec   Data   RO          715    RESET               cstartup.o
    0x080000ec   0x00000000   Code   RO         1958  * .ARM.Collect$$$$00000000  mc_w.l(entry.o)
    0x080000ec   0x00000004   Code   RO         2256    .ARM.Collect$$$$00000001  mc_w.l(entry2.o)
    0x080000f0   0x00000004   Code   RO         2259    .ARM.Collect$$$$00000004  mc_w.l(entry5.o)
    0x080000f4   0x00000000   Code   RO         2261    .ARM.Collect$$$$00000008  mc_w.l(entry7b.o)
    0x080000f4   0x00000000   Code   RO         2263    .ARM.Collect$$$$0000000A  mc_w.l(entry8b.o)
    0x080000f4   0x00000008   Code   RO         2264    .ARM.Collect$$$$0000000B  mc_w.l(entry9a.o)
    0x080000fc   0x00000000   Code   RO         2266    .ARM.Collect$$$$0000000D  mc_w.l(entry10a.o)
    0x080000fc   0x00000000   Code   RO         2268    .ARM.Collect$$$$0000000F  mc_w.l(entry11a.o)
    0x080000fc   0x00000004   Code   RO         2257    .ARM.Collect$$$$00002712  mc_w.l(entry2.o)
    0x08000100   0x00000096   Code   RO         1000    .emb_text           port.o
    0x08000196   0x00000002   PAD
    0x08000198   0x0000014c   Code   RO            3    .text               main.o
    0x080002e4   0x0000006c   Code   RO          209    .text               app_led.o
    0x08000350   0x0000026c   Code   RO          323    .text               app_serial.o
    0x080005bc   0x000002e4   Code   RO          370    .text               app_display.o
    0x080008a0   0x00000260   Code   RO          432    .text               app_sht10.o
    0x08000b00   0x000006d0   Code   RO          471    .text               app_ds3231.o
    0x080011d0   0x00000058   Code   RO          497    .text               app_buz.o
    0x08001228   0x00000700   Code   RO          522    .text               app_cli.o
    0x08001928   0x00000026   Code   RO          578    .text               hal_cli.o
    0x0800194e   0x00000002   PAD
    0x08001950   0x000003cc   Code   RO          599    .text               mid_cli.o
    0x08001d1c   0x00000120   Code   RO          625    .text               app_data.o
    0x08001e3c   0x0000029c   Code   RO          650    .text               bsp.o
    0x080020d8   0x000006bc   Code   RO          693    .text               i2c_bus.o
    0x08002794   0x0000001c   Code   RO          716    .text               cstartup.o
    0x080027b0   0x0000035c   Code   RO          722    .text               stm32f10x_gpio.o
    0x08002b0c   0x000003a4   Code   RO          742    .text               stm32f10x_rcc.o
    0x08002eb0   0x000000dc   Code   RO          790    .text               misc.o
    0x08002f8c   0x00000408   Code   RO          810    .text               stm32f10x_usart.o
    0x08003394   0x0000011c   Code   RO          830    .text               stm32f10x_exti.o
    0x080034b0   0x00000e1a   Code   RO          850    .text               stm32f10x_tim.o
    0x080042ca   0x00000002   PAD
    0x080042cc   0x000005bc   Code   RO          870    .text               stm32f10x_flash.o
    0x08004888   0x00000094   Code   RO          936    .text               list.o
    0x0800491c   0x00000724   Code   RO          948    .text               queue.o
    0x08005040   0x00001348   Code   RO          963    .text               tasks.o
    0x08006388   0x000000e4   Code   RO         1001    .text               port.o
    0x0800646c   0x00000124   Code   RO         1030    .text               heap_2.o
    0x08006590   0x000002ec   Code   RO         1085    .text               sys_arch.o
    0x0800687c   0x00000994   Code   RO         1131    .text               etharp.o
    0x08007210   0x000005a4   Code   RO         1217    .text               dns.o
    0x080077b4   0x00000426   Code   RO         1269    .text               mem.o
    0x08007bda   0x00000002   PAD
    0x08007bdc   0x0000017c   Code   RO         1287    .text               memp.o
    0x08007d58   0x00000204   Code   RO         1320    .text               netif.o
    0x08007f5c   0x00000536   Code   RO         1342    .text               pbuf.o
    0x08008492   0x00000002   PAD
    0x08008494   0x0000019c   Code   RO         1368    .text               raw.o
    0x08008630   0x0000024c   Code   RO         1394    .text               sys.o
    0x0800887c   0x00000c08   Code   RO         1415    .text               tcp.o
    0x08009484   0x0000174c   Code   RO         1436    .text               tcp_in.o
    0x0800abd0   0x00000afc   Code   RO         1459    .text               tcp_out.o
    0x0800b6cc   0x000004cc   Code   RO         1471    .text               udp.o
    0x0800bb98   0x000002ac   Code   RO         1489    .text               icmp.o
    0x0800be44   0x0000021c   Code   RO         1507    .text               inet.o
    0x0800c060   0x00000156   Code   RO         1520    .text               inet_chksum.o
    0x0800c1b6   0x00000002   PAD
    0x0800c1b8   0x000004f0   Code   RO         1536    .text               ip.o
    0x0800c6a8   0x0000004e   Code   RO         1557    .text               ip_addr.o
    0x0800c6f6   0x00000002   PAD
    0x0800c6f8   0x00000618   Code   RO         1579    .text               ip_frag.o
    0x0800cd10   0x00000088   Code   RO         1596    .text               lwipentry.o
    0x0800cd98   0x00000348   Code   RO         1679    .text               api_lib.o
    0x0800d0e0   0x00000ae4   Code   RO         1726    .text               api_msg.o
    0x0800dbc4   0x00000120   Code   RO         1787    .text               netbuf.o
    0x0800dce4   0x00000350   Code   RO         1901    .text               tcpip.o
    0x0800e034   0x00000024   Code   RO         1961    .text               mc_w.l(memcpya.o)
    0x0800e058   0x00000024   Code   RO         1963    .text               mc_w.l(memseta.o)
    0x0800e07c   0x00000018   Code   RO         1965    .text               mc_w.l(strcat.o)
    0x0800e094   0x0000000e   Code   RO         1967    .text               mc_w.l(strlen.o)
    0x0800e0a2   0x0000001c   Code   RO         1969    .text               mc_w.l(strcmp.o)
    0x0800e0be   0x00000012   Code   RO         1971    .text               mc_w.l(strcpy.o)
    0x0800e0d0   0x0000001e   Code   RO         1973    .text               mc_w.l(strncmp.o)
    0x0800e0ee   0x0000001a   Code   RO         2238    .text               mc_w.l(atoi.o)
    0x0800e108   0x000000b0   Code   RO         2240    .text               mf_w.l(fadd.o)
    0x0800e1b8   0x00000064   Code   RO         2242    .text               mf_w.l(fmul.o)
    0x0800e21c   0x0000014e   Code   RO         2244    .text               mf_w.l(dadd.o)
    0x0800e36a   0x000000de   Code   RO         2246    .text               mf_w.l(ddiv.o)
    0x0800e448   0x0000000a   Code   RO         2248    .text               mf_w.l(ffltui.o)
    0x0800e452   0x00000028   Code   RO         2250    .text               mf_w.l(ffixui.o)
    0x0800e47a   0x00000026   Code   RO         2252    .text               mf_w.l(f2d.o)
    0x0800e4a0   0x00000038   Code   RO         2254    .text               mf_w.l(d2f.o)
    0x0800e4d8   0x0000002c   Code   RO         2273    .text               mc_w.l(uidiv.o)
    0x0800e504   0x00000062   Code   RO         2275    .text               mc_w.l(uldiv.o)
    0x0800e566   0x0000001e   Code   RO         2277    .text               mc_w.l(llshl.o)
    0x0800e584   0x00000024   Code   RO         2279    .text               mc_w.l(llsshr.o)
    0x0800e5a8   0x00000070   Code   RO         2288    .text               mc_w.l(strtol.o)
    0x0800e618   0x00000000   Code   RO         2290    .text               mc_w.l(iusefp.o)
    0x0800e618   0x0000006e   Code   RO         2291    .text               mf_w.l(fepilogue.o)
    0x0800e686   0x000000b6   Code   RO         2293    .text               mf_w.l(depilogue.o)
    0x0800e73c   0x000000e4   Code   RO         2295    .text               mf_w.l(dmul.o)
    0x0800e820   0x00000030   Code   RO         2297    .text               mf_w.l(dfixul.o)
    0x0800e850   0x00000028   Code   RO         2299    .text               mf_w.l(cdrcmple.o)
    0x0800e878   0x00000024   Code   RO         2301    .text               mc_w.l(init.o)
    0x0800e89c   0x00000020   Code   RO         2304    .text               mc_w.l(llushr.o)
    0x0800e8bc   0x00000008   Code   RO         2306    .text               mc_w.l(ctype_o.o)
    0x0800e8c4   0x0000009e   Code   RO         2334    .text               mc_w.l(_strtoul.o)
    0x0800e962   0x0000001c   Code   RO         2337    .text               mc_w.l(_chval.o)
    0x0800e97e   0x00000056   Code   RO         2347    .text               mc_w.l(__dczerorl2.o)
    0x0800e9d4   0x00000028   Code   RO         2212    i.__0sprintf        mc_w.l(printfa.o)
    0x0800e9fc   0x00000024   Code   RO         2216    i.__0vsprintf       mc_w.l(printfa.o)
    0x0800ea20   0x00000008   Code   RO         2281    i.__aeabi_errno_addr  mc_w.l(errno.o)
    0x0800ea28   0x0000000e   Code   RO         2341    i.__scatterload_copy  mc_w.l(handlers.o)
    0x0800ea36   0x00000002   Code   RO         2342    i.__scatterload_null  mc_w.l(handlers.o)
    0x0800ea38   0x0000000e   Code   RO         2343    i.__scatterload_zeroinit  mc_w.l(handlers.o)
    0x0800ea46   0x00000002   PAD
    0x0800ea48   0x00000164   Code   RO         2217    i._fp_digits        mc_w.l(printfa.o)
    0x0800ebac   0x000006dc   Code   RO         2218    i._printf_core      mc_w.l(printfa.o)
    0x0800f288   0x00000024   Code   RO         2219    i._printf_post_padding  mc_w.l(printfa.o)
    0x0800f2ac   0x0000002e   Code   RO         2220    i._printf_pre_padding  mc_w.l(printfa.o)
    0x0800f2da   0x0000000a   Code   RO         2222    i._sputc            mc_w.l(printfa.o)
    0x0800f2e4   0x0000001c   Code   RO          403    i.bsp_74hc595_set_DATA  app_display.o
    0x0800f300   0x00000018   Code   RO          388    i.bsp_74hc595_set_OE  app_display.o
    0x0800f318   0x0000001c   Code   RO          398    i.bsp_74hc595_set_SH_CP  app_display.o
    0x0800f334   0x0000001c   Code   RO          393    i.bsp_74hc595_set_ST_CP  app_display.o
    0x0800f350   0x0000001c   Code   RO          541    i.bsp_set_hv_state  app_cli.o
    0x0800f36c   0x00000006   Data   RO          210    .constdata          app_led.o
    0x0800f372   0x00000002   PAD
    0x0800f374   0x00000008   Data   RO          371    .constdata          app_display.o
    0x0800f37c   0x0000000c   Data   RO          472    .constdata          app_ds3231.o
    0x0800f388   0x000000a0   Data   RO          523    .constdata          app_cli.o
    0x0800f428   0x00000060   Data   RO          601    .constdata          mid_cli.o
    0x0800f488   0x0000000c   Data   RO         1133    .constdata          etharp.o
    0x0800f494   0x00000038   Data   RO         1289    .constdata          memp.o
    0x0800f4cc   0x00000014   Data   RO         1416    .constdata          tcp.o
    0x0800f4e0   0x00000008   Data   RO         1558    .constdata          ip_addr.o
    0x0800f4e8   0x00000081   Data   RO         2307    .constdata          mc_w.l(ctype_o.o)
    0x0800f569   0x00000003   PAD
    0x0800f56c   0x00000004   Data   RO         2308    .constdata          mc_w.l(ctype_o.o)
    0x0800f570   0x00000317   Data   RO          524    .conststring        app_cli.o
    0x0800f887   0x00000001   PAD
    0x0800f888   0x00000065   Data   RO          602    .conststring        mid_cli.o
    0x0800f8ed   0x00000003   PAD
    0x0800f8f0   0x00000075   Data   RO         1417    .conststring        tcp.o
    0x0800f965   0x00000003   PAD
    0x0800f968   0x00000078   Data   RO         1597    .conststring        lwipentry.o
    0x0800f9e0   0x00000020   Data   RO         2339    Region$$Table       anon$$obj.o


    Execution Region RW_IRAM1 (Base: 0x20000000, Size: 0x000096d8, Max: 0x0000c000, ABSOLUTE, COMPRESSED[0x00000068])

    Base Addr    Size         Type   Attr      Idx    E Section Name        Object

    0x20000000   0x00000010   Data   RW          324    .data               app_serial.o
    0x20000010   0x0000000b   Data   RW          372    .data               app_display.o
    0x2000001b   0x00000001   PAD
    0x2000001c   0x00000009   Data   RW          433    .data               app_sht10.o
    0x20000025   0x00000003   PAD
    0x20000028   0x00000008   Data   RW          473    .data               app_ds3231.o
    0x20000030   0x00000002   Data   RW          498    .data               app_buz.o
    0x20000032   0x00000002   PAD
    0x20000034   0x0000001c   Data   RW          525    .data               app_cli.o
    0x20000050   0x00000020   Data   RW          603    .data               mid_cli.o
    0x20000070   0x00000008   Data   RW          626    .data               app_data.o
    0x20000078   0x00000014   Data   RW          743    .data               stm32f10x_rcc.o
    0x2000008c   0x0000003c   Data   RW          965    .data               tasks.o
    0x200000c8   0x00000004   Data   RW         1002    .data               port.o
    0x200000cc   0x00000018   Data   RW         1032    .data               heap_2.o
    0x200000e4   0x00000002   Data   RW         1087    .data               sys_arch.o
    0x200000e6   0x00000001   Data   RW         1134    .data               etharp.o
    0x200000e7   0x00000001   PAD
    0x200000e8   0x0000000d   Data   RW         1219    .data               dns.o
    0x200000f5   0x00000003   PAD
    0x200000f8   0x00000010   Data   RW         1271    .data               mem.o
    0x20000108   0x00000009   Data   RW         1321    .data               netif.o
    0x20000111   0x00000001   Data   RW         1343    .data               pbuf.o
    0x20000112   0x00000002   PAD
    0x20000114   0x00000004   Data   RW         1369    .data               raw.o
    0x20000118   0x0000004c   Data   RW         1418    .data               tcp.o
    0x20000164   0x00000020   Data   RW         1438    .data               tcp_in.o
    0x20000184   0x00000004   Data   RW         1472    .data               udp.o
    0x20000188   0x0000000a   Data   RW         1537    .data               ip.o
    0x20000192   0x00000002   PAD
    0x20000194   0x00000006   Data   RW         1581    .data               ip_frag.o
    0x2000019a   0x00000002   PAD
    0x2000019c   0x00000010   Data   RW         1902    .data               tcpip.o
    0x200001ac   0x00000004   Data   RW         2284    .data               mc_w.l(errno.o)
    0x200001b0   0x00000030   Zero   RW            4    .bss                main.o
    0x200001e0   0x000002f0   Zero   RW          600    .bss                mid_cli.o
    0x200004d0   0x00000030   Zero   RW          694    .bss                i2c_bus.o
    0x20000500   0x0000012c   Zero   RW          964    .bss                tasks.o
    0x2000062c   0x00004400   Zero   RW         1031    .bss                heap_2.o
    0x20004a2c   0x00000028   Zero   RW         1086    .bss                sys_arch.o
    0x20004a54   0x000000c8   Zero   RW         1132    .bss                etharp.o
    0x20004b1c   0x00000660   Zero   RW         1218    .bss                dns.o
    0x2000517c   0x000007e4   Zero   RW         1270    .bss                mem.o
    0x20005960   0x00003033   Zero   RW         1288    .bss                memp.o
    0x20008993   0x00000001   PAD
    0x20008994   0x0000014a   Zero   RW         1382    .bss                stats.o
    0x20008ade   0x00000002   PAD
    0x20008ae0   0x00000014   Zero   RW         1437    .bss                tcp_in.o
    0x20008af4   0x00000010   Zero   RW         1508    .bss                inet.o
    0x20008b04   0x000007d4   Zero   RW         1580    .bss                ip_frag.o
    0x200092d8   0x00000400   Zero   RW          713    STACK               cstartup.o


==============================================================================

Image component sizes


      Code (inc. data)   RO Data    RW Data    ZI Data      Debug   Object Name

       840         50          0          0          0      19500   api_lib.o
      2788         38          0          0          0      25903   api_msg.o
        88         14          0          2          0      21347   app_buz.o
      1820        610        951         28          0      30268   app_cli.o
       288         14          0          8          0       8599   app_data.o
       848         58          8         11          0       7859   app_display.o
      1744         24         12          8          0       7381   app_ds3231.o
       108          8          6          0          0        698   app_led.o
       620         30          0         16          0       9050   app_serial.o
       608         50          0          9          0       3631   app_sht10.o
       668         22          0          0          0       1839   bsp.o
        28          4        236          0       1024        776   cstartup.o
      1444         58          0         13       1632       6109   dns.o
      2452         38         12          1        200      17497   etharp.o
         0          0          0          0          0       9500   event_groups.o
        38          0          0          0          0        782   hal_cli.o
       292         20          0         24      17408       3104   heap_2.o
      1724         18          0          0         48       4913   i2c_bus.o
       684          6          0          0          0       2510   icmp.o
       540         12          0          0         16       3116   inet.o
       342          0          0          0          0       5134   inet_chksum.o
         0          0          0          0          0        656   init.o
      1264         28          0         10          0       6186   ip.o
        78          0          8          0          0       5365   ip_addr.o
      1560         24          0          6       2004       5764   ip_frag.o
       148          0          0          0          0       1790   list.o
       136          6        120          0          0      18349   lwipentry.o
       332        128          0          0         48     253672   main.o
      1062         24          0         16       2020       3794   mem.o
       380         20         56          0      12339       2974   memp.o
       972         96        197         32        752       5390   mid_cli.o
       220         22          0          0          0       1733   misc.o
       288          0          0          0          0       6381   netbuf.o
         0          0          0          0          0      13391   netconfig.o
       516         22          0          9          0       5196   netif.o
      1334         12          0          1          0       6076   pbuf.o
       378         28          0          4          0       6936   port.o
      1828         10          0          0          0      11179   queue.o
       412          4          0          4          0       3285   raw.o
         0          0          0          0        330       3297   stats.o
       284         10          0          0          0       2167   stm32f10x_exti.o
      1468         34          0          0          0       7962   stm32f10x_flash.o
       860         38          0          0          0       5573   stm32f10x_gpio.o
       932         36          0         20          0       8724   stm32f10x_rcc.o
      3610         88          0          0          0      22064   stm32f10x_tim.o
      1032         22          0          0          0       8304   stm32f10x_usart.o
       588          4          0          0          0       3216   sys.o
       748         12          0          2         40       8630   sys_arch.o
      4936        300          0         60        300      29847   tasks.o
      3080        120        137         76          0      18029   tcp.o
      5964        248          0         32         20      14128   tcp_in.o
      2812         26          0          0          0       6866   tcp_out.o
       848         74          0         16          0      20756   tcpip.o
      1228         16          0          4          0       6197   udp.o

    ----------------------------------------------------------------------
     57276       2526       1784        428      38184     713393   Object Totals
         0          0         32          0          0          0   (incl. Generated)
        14          0          9         16          3          0   (incl. Padding)

    ----------------------------------------------------------------------

      Code (inc. data)   RO Data    RW Data    ZI Data      Debug   Library Member Name

        86          0          0          0          0          0   __dczerorl2.o
        28          0          0          0          0         68   _chval.o
       158          0          0          0          0         92   _strtoul.o
        26          0          0          0          0         80   atoi.o
         8          4        133          0          0         68   ctype_o.o
         0          0          0          0          0          0   entry.o
         0          0          0          0          0          0   entry10a.o
         0          0          0          0          0          0   entry11a.o
         8          4          0          0          0          0   entry2.o
         4          0          0          0          0          0   entry5.o
         0          0          0          0          0          0   entry7b.o
         0          0          0          0          0          0   entry8b.o
         8          4          0          0          0          0   entry9a.o
         8          4          0          4          0         68   errno.o
        30          0          0          0          0          0   handlers.o
        36          8          0          0          0         68   init.o
         0          0          0          0          0          0   iusefp.o
        30          0          0          0          0         68   llshl.o
        36          0          0          0          0         68   llsshr.o
        32          0          0          0          0         68   llushr.o
        36          0          0          0          0         68   memcpya.o
        36          0          0          0          0        108   memseta.o
      2280         92          0          0          0        592   printfa.o
        24          0          0          0          0         68   strcat.o
        28          0          0          0          0         76   strcmp.o
        18          0          0          0          0         68   strcpy.o
        14          0          0          0          0         68   strlen.o
        30          0          0          0          0         80   strncmp.o
       112          0          0          0          0         88   strtol.o
        44          0          0          0          0         80   uidiv.o
        98          0          0          0          0         92   uldiv.o
        40          2          0          0          0         68   cdrcmple.o
        56          0          0          0          0         88   d2f.o
       334          0          0          0          0        148   dadd.o
       222          0          0          0          0        100   ddiv.o
       182          0          0          0          0        176   depilogue.o
        48          0          0          0          0         68   dfixul.o
       228          0          0          0          0         96   dmul.o
        38          0          0          0          0         68   f2d.o
       176          0          0          0          0        140   fadd.o
       110          0          0          0          0        168   fepilogue.o
        40          0          0          0          0         68   ffixui.o
        10          0          0          0          0         68   ffltui.o
       100          0          0          0          0         76   fmul.o

    ----------------------------------------------------------------------
      4804        118        136          4          0       3368   Library Totals
         2          0          3          0          0          0   (incl. Padding)

    ----------------------------------------------------------------------

      Code (inc. data)   RO Data    RW Data    ZI Data      Debug   Library Name

      3218        116        133          4          0       2036   mc_w.l
      1584          2          0          0          0       1332   mf_w.l

    ----------------------------------------------------------------------
      4804        118        136          4          0       3368   Library Totals

    ----------------------------------------------------------------------

==============================================================================


      Code (inc. data)   RO Data    RW Data    ZI Data      Debug   

     62080       2644       1920        432      38184     710181   Grand Totals
     62080       2644       1920        104      38184     710181   ELF Image Totals (compressed)
     62080       2644       1920        104          0          0   ROM Totals

==============================================================================

    Total RO  Size (Code + RO Data)                64000 (  62.50kB)
    Total RW  Size (RW Data + ZI Data)             38616 (  37.71kB)
    Total ROM Size (Code + RO Data + RW Data)      64104 (  62.60kB)

==============================================================================

