Product: MDK-ARM Standard 5.10
Component: ARM Compiler 5.04 update 1 (build 49)
Tool: armlink [5040049]

==============================================================================

Section Cross References

    main.o(.text) refers to bsp.o(.text) for bsp_init
    main.o(.text) refers to app_serial.o(.text) for dbg_string
    main.o(.text) refers to lwipentry.o(.text) for vlwIPInit
    main.o(.text) refers to printfa.o(i.__0sprintf) for __2sprintf
    main.o(.text) refers to app_cli.o(.text) for app_cli_init
    main.o(.text) refers to tasks.o(.text) for xTaskCreate
    main.o(.text) refers to main.o(.bss) for task_handle
    main.o(.text) refers to app_display.o(.text) for app_display_task
    main.o(.text) refers to app_sht10.o(.text) for app_sht10_task
    main.o(.text) refers to app_ds3231.o(.text) for app_ds3231_task
    main.o(.text) refers to app_buz.o(.text) for app_buz_task
    main.o(.text) refers to app_led.o(.text) for app_led_task_blink
    main.o(.text) refers to app_data.o(.text) for app_data_store_task
    app_led.o(.text) refers to stm32f10x_rcc.o(.text) for RCC_APB2PeriphClockCmd
    app_led.o(.text) refers to stm32f10x_gpio.o(.text) for GPIO_Init
    app_led.o(.text) refers to tasks.o(.text) for xTaskGetTickCount
    app_led.o(.text) refers to app_led.o(.constdata) for .constdata
    netconfig.o(.text) refers to inet.o(.text) for htonl
    netconfig.o(.text) refers to netif.o(.text) for netif_add
    netconfig.o(.text) refers to netconfig.o(.data) for serverIP
    netconfig.o(.text) refers to netconfig.o(.bss) for DM9000AEP
    netconfig.o(.text) refers to tcpip.o(.text) for tcpip_input
    netconfig.o(.text) refers to ethernetif.o(.text) for ethernetif_init
    app_serial.o(.text) refers to queue.o(.text) for xQueueGenericSend
    app_serial.o(.text) refers to stm32f10x_usart.o(.text) for USART_ITConfig
    app_serial.o(.text) refers to printfa.o(i.__0vsprintf) for __c89vsprintf
    app_serial.o(.text) refers to strlen.o(.text) for strlen
    app_serial.o(.text) refers to stm32f10x_rcc.o(.text) for RCC_APB2PeriphClockCmd
    app_serial.o(.text) refers to stm32f10x_gpio.o(.text) for GPIO_Init
    app_serial.o(.text) refers to misc.o(.text) for NVIC_Init
    app_serial.o(.text) refers to app_serial.o(.data) for xCharsForTx
    app_display.o(.text) refers to app_display.o(i.bsp_74hc595_set_SH_CP) for bsp_74hc595_set_SH_CP
    app_display.o(.text) refers to app_display.o(i.bsp_74hc595_set_DATA) for bsp_74hc595_set_DATA
    app_display.o(.text) refers to app_display.o(i.bsp_74hc595_set_ST_CP) for bsp_74hc595_set_ST_CP
    app_display.o(.text) refers to app_display.o(i.bsp_74hc595_set_OE) for bsp_74hc595_set_OE
    app_display.o(.text) refers to port.o(.text) for vPortEnterCritical
    app_display.o(.text) refers to main.o(.text) for main_get_task_handle
    app_display.o(.text) refers to tasks.o(.text) for vTaskResume
    app_display.o(.text) refers to stm32f10x_gpio.o(.text) for GPIO_ResetBits
    app_display.o(.text) refers to app_display.o(.data) for start_dis
    app_display.o(.text) refers to app_display.o(.constdata) for .constdata
    app_sht10.o(.text) refers to ffltui.o(.text) for __aeabi_ui2f
    app_sht10.o(.text) refers to fmul.o(.text) for __aeabi_fmul
    app_sht10.o(.text) refers to fadd.o(.text) for __aeabi_fadd
    app_sht10.o(.text) refers to f2d.o(.text) for __aeabi_f2d
    app_sht10.o(.text) refers to ddiv.o(.text) for __aeabi_ddiv
    app_sht10.o(.text) refers to dadd.o(.text) for __aeabi_dadd
    app_sht10.o(.text) refers to d2f.o(.text) for __aeabi_d2f
    app_sht10.o(.text) refers to i2c_bus.o(.text) for i2c_bus_start
    app_sht10.o(.text) refers to tasks.o(.text) for vTaskDelay
    app_sht10.o(.text) refers to ffixui.o(.text) for __aeabi_f2uiz
    app_sht10.o(.text) refers to app_display.o(.text) for app_display_show_info
    app_sht10.o(.text) refers to app_sht10.o(.data) for temp
    app_ds3231.o(.text) refers to i2c_bus.o(.text) for i2c_bus_read_ds3231
    app_ds3231.o(.text) refers to app_ds3231.o(.constdata) for rtc_days_in_month
    app_ds3231.o(.text) refers to app_data.o(.text) for app_data_write_showtime
    app_ds3231.o(.text) refers to queue.o(.text) for xQueueCreateMutex
    app_ds3231.o(.text) refers to app_buz.o(.text) for app_buzzer_set_times
    app_ds3231.o(.text) refers to app_sht10.o(.text) for app_sht10_refresh_display
    app_ds3231.o(.text) refers to app_display.o(.text) for app_display_show_info
    app_ds3231.o(.text) refers to tasks.o(.text) for vTaskDelay
    app_ds3231.o(.text) refers to stm32f10x_exti.o(.text) for EXTI_GetITStatus
    app_ds3231.o(.text) refers to app_ds3231.o(.data) for ontime
    app_buz.o(.text) refers to tasks.o(.text) for vTaskDelay
    app_buz.o(.text) refers to stm32f10x_tim.o(.text) for TIM_CtrlPWMOutputs
    app_buz.o(.text) refers to app_buz.o(.data) for running
    app_cli.o(.text) refers to mid_cli.o(.text) for mid_cli_register
    app_cli.o(.text) refers to printfa.o(i.__0sprintf) for __2sprintf
[...]
    _printf_g                                0x00000000   Number         0  stubs.o ABSOLUTE
    _printf_i                                0x00000000   Number         0  stubs.o ABSOLUTE
    _printf_int_dec                          0x00000000   Number         0  stubs.o ABSOLUTE
    _printf_l                                0x00000000   Number         0  stubs.o ABSOLUTE
    _printf_lc                               0x00000000   Number         0  stubs.o ABSOLUTE
    _printf_ll                               0x00000000   Number         0  stubs.o ABSOLUTE
    _printf_lld                              0x00000000   Number         0  stubs.o ABSOLUTE
    _printf_lli                              0x00000000   Number         0  stubs.o ABSOLUTE
    _printf_llo                              0x00000000   Number         0  stubs.o ABSOLUTE
    _printf_llu                              0x00000000   Number         0  stubs.o ABSOLUTE
    _printf_llx                              0x00000000   Number         0  stubs.o ABSOLUTE
    _printf_longlong_dec                     0x00000000   Number         0  stubs.o ABSOLUTE
    _printf_longlong_hex                     0x00000000   Number         0  stubs.o ABSOLUTE
    _printf_longlong_oct                     0x00000000   Number         0  stubs.o ABSOLUTE
    _printf_ls                               0x00000000   Number         0  stubs.o ABSOLUTE
    _printf_mbtowc                           0x00000000   Number         0  stubs.o ABSOLUTE
    _printf_n                                0x00000000   Number         0  stubs.o ABSOLUTE
    _printf_o                                0x00000000   Number         0  stubs.o ABSOLUTE
    _printf_p                                0x00000000   Number         0  stubs.o ABSOLUTE
    _printf_percent                          0x00000000   Number         0  stubs.o ABSOLUTE
    _printf_pre_padding                      0x00000000   Number         0  stubs.o ABSOLUTE
    _printf_return_value                     0x00000000   Number         0  stubs.o ABSOLUTE
    _printf_s                                0x00000000   Number         0  stubs.o ABSOLUTE
    _printf_sizespec                         0x00000000   Number         0  stubs.o ABSOLUTE
    _printf_str                              0x00000000   Number         0  stubs.o ABSOLUTE
    _printf_truncate_signed                  0x00000000   Number         0  stubs.o ABSOLUTE
    _printf_truncate_unsigned                0x00000000   Number         0  stubs.o ABSOLUTE
    _printf_u                                0x00000000   Number         0  stubs.o ABSOLUTE
    _printf_wc                               0x00000000   Number         0  stubs.o ABSOLUTE
    _printf_wctomb                           0x00000000   Number         0  stubs.o ABSOLUTE
    _printf_widthprec                        0x00000000   Number         0  stubs.o ABSOLUTE
    _printf_x                                0x00000000   Number         0  stubs.o ABSOLUTE
    __cpp_initialize__aeabi_                  - Undefined Weak Reference
    __cxa_finalize                            - Undefined Weak Reference
    _clock_init                               - Undefined Weak Reference
    _microlib_exit                            - Undefined Weak Reference
    __Vectors                                0x08000000   Data           4  cstartup.o(RESET)
    __main                                   0x080000ed   Thumb Code     0  entry.o(.ARM.Collect$$$$00000000)
    _main_stk                                0x080000ed   Thumb Code     0  entry2.o(.ARM.Collect$$$$00000001)
    _main_scatterload                        0x080000f1   Thumb Code     0  entry5.o(.ARM.Collect$$$$00000004)
    __main_after_scatterload                 0x080000f5   Thumb Code     0  entry5.o(.ARM.Collect$$$$00000004)
    _main_clock                              0x080000f5   Thumb Code     0  entry7b.o(.ARM.Collect$$$$00000008)
    _main_cpp_init                           0x080000f5   Thumb Code     0  entry8b.o(.ARM.Collect$$$$0000000A)
    _main_init                               0x080000f5   Thumb Code     0  entry9a.o(.ARM.Collect$$$$0000000B)
    __rt_final_cpp                           0x080000fd   Thumb Code     0  entry10a.o(.ARM.Collect$$$$0000000D)
    __rt_final_exit                          0x080000fd   Thumb Code     0  entry11a.o(.ARM.Collect$$$$0000000F)
    vPortSVCHandler                          0x08000101   Thumb Code    32  port.o(.emb_text)
    __asm___6_port_c_39a90d8d__prvStartFirstTask 0x08000125   Thumb Code    28  port.o(.emb_text)
    xPortPendSVHandler                       0x08000145   Thumb Code    72  port.o(.emb_text)
    vPortGetIPSR                             0x08000191   Thumb Code     6  port.o(.emb_text)
    main_get_task_handle                     0x08000199   Thumb Code    10  main.o(.text)
    main                                     0x080001a3   Thumb Code   194  main.o(.text)
    app_led_init                             0x080002e5   Thumb Code    46  app_led.o(.text)
    app_led_task_blink                       0x08000313   Thumb Code    54  app_led.o(.text)
    xSerialPutChar                           0x08000351   Thumb Code    46  app_serial.o(.text)
    vSerialPutString                         0x0800037f   Thumb Code    36  app_serial.o(.text)
    dbg_string                               0x080003a3   Thumb Code    52  app_serial.o(.text)
    serial_init                              0x080003d7   Thumb Code   246  app_serial.o(.text)
    xSerialGetChar                           0x080004cd   Thumb Code    46  app_serial.o(.text)
    USART1_IRQHandler                        0x080004fb   Thumb Code   164  app_serial.o(.text)
    app_display_set_show                     0x0800061f   Thumb Code    28  app_display.o(.text)
    app_display_task                         0x0800075f   Thumb Code   234  app_display.o(.text)
    app_display_show_info                    0x08000849   Thumb Code    28  app_display.o(.text)
    app_display_set_hv                       0x08000865   Thumb Code     6  app_display.o(.text)
    app_sht10_get_res                        0x08000951   Thumb Code   148  app_sht10.o(.text)
    app_sht10_get_info                       0x080009e5   Thumb Code    44  app_sht10.o(.text)
    app_sht10_task                           0x08000a11   Thumb Code   130  app_sht10.o(.text)
    app_sht10_refresh_display                0x08000a93   Thumb Code    10  app_sht10.o(.text)
    rtc_valid_tm                             0x08000b0d   Thumb Code    72  app_ds3231.o(.text)
    app_ds3231_read_time                     0x08000b55   Thumb Code   302  app_ds3231.o(.text)
    app_ds3231_set_time                      0x08000c83   Thumb Code   292  app_ds3231.o(.text)
    app_ds3231_set_showtime                  0x08000fb9   Thumb Code    28  app_ds3231.o(.text)
    app_ds3231_get_showtime                  0x08000fd5   Thumb Code    18  app_ds3231.o(.text)
    app_ds3231_task                          0x08000fe7   Thumb Code   360  app_ds3231.o(.text)
    EXTI0_IRQHandler                         0x0800114f   Thumb Code    52  app_ds3231.o(.text)
    app_buz_task                             0x08001195   Thumb Code    68  app_buz.o(.text)
    app_buzzer_running                       0x080011d9   Thumb Code     6  app_buz.o(.text)
    app_buzzer_set_times                     0x080011df   Thumb Code     6  app_buz.o(.text)
    app_cli_init                             0x08001891   Thumb Code    28  app_cli.o(.text)
    hal_cli_data_tx                          0x080018f1   Thumb Code    20  hal_cli.o(.text)
    hal_cli_data_rx                          0x08001905   Thumb Code    18  hal_cli.o(.text)
    mid_cli_cmd_list_head                    0x08001919   Thumb Code     4  mid_cli.o(.text)
    mid_cli_register                         0x0800191d   Thumb Code    68  mid_cli.o(.text)
    mid_cli_init                             0x08001be9   Thumb Code    64  mid_cli.o(.text)
    app_data_init                            0x08001d29   Thumb Code    34  app_data.o(.text)
    app_data_read_showtime                   0x08001d4f   Thumb Code    30  app_data.o(.text)
    app_data_write_showtime                  0x08001d6d   Thumb Code    28  app_data.o(.text)
    app_data_store_task                      0x08001d89   Thumb Code   110  app_data.o(.text)
    bsp_init                                 0x08002057   Thumb Code    52  bsp.o(.text)
    i2c_bus_sda_dir                          0x080020b7   Thumb Code    72  i2c_bus.o(.text)
    i2c_bus_start                            0x080020ff   Thumb Code   256  i2c_bus.o(.text)
    i2c_bus_init                             0x08002289   Thumb Code   218  i2c_bus.o(.text)
    I2C_BUS_SDA_STATE                        0x08002469   Thumb Code    40  i2c_bus.o(.text)
    i2c_bus_write_byte                       0x08002491   Thumb Code   266  i2c_bus.o(.text)
    i2c_bus_read_byte                        0x0800259b   Thumb Code   124  i2c_bus.o(.text)
    i2c_bus_write_ds3231                     0x08002617   Thumb Code    80  i2c_bus.o(.text)
    i2c_bus_read_ds3231                      0x08002667   Thumb Code   106  i2c_bus.o(.text)
    Reset_Handler                            0x0800275d   Thumb Code     4  cstartup.o(.text)
    NMI_Handler                              0x08002761   Thumb Code     2  cstartup.o(.text)
    HardFault_Handler                        0x08002763   Thumb Code     2  cstartup.o(.text)
    MemManage_Handler                        0x08002765   Thumb Code     2  cstartup.o(.text)
    BusFault_Handler                         0x08002767   Thumb Code     2  cstartup.o(.text)
    UsageFault_Handler                       0x08002769   Thumb Code     2  cstartup.o(.text)
    SVC_Handler                              0x0800276b   Thumb Code     2  cstartup.o(.text)
    DebugMon_Handler                         0x0800276d   Thumb Code     2  cstartup.o(.text)
    PendSV_Handler                           0x0800276f   Thumb Code     2  cstartup.o(.text)
    SysTick_Handler                          0x08002771   Thumb Code     2  cstartup.o(.text)
    ADC_IRQHandler                           0x08002773   Thumb Code     0  cstartup.o(.text)
    CAN_RX1_IRQHandler                       0x08002773   Thumb Code     0  cstartup.o(.text)
    CAN_SCE_IRQHandler                       0x08002773   Thumb Code     0  cstartup.o(.text)
    DMAChannel1_IRQHandler                   0x08002773   Thumb Code     0  cstartup.o(.text)
    DMAChannel2_IRQHandler                   0x08002773   Thumb Code     0  cstartup.o(.text)
    DMAChannel3_IRQHandler                   0x08002773   Thumb Code     0  cstartup.o(.text)
    DMAChannel4_IRQHandler                   0x08002773   Thumb Code     0  cstartup.o(.text)
    DMAChannel5_IRQHandler                   0x08002773   Thumb Code     0  cstartup.o(.text)
    DMAChannel6_IRQHandler                   0x08002773   Thumb Code     0  cstartup.o(.text)
    DMAChannel7_IRQHandler                   0x08002773   Thumb Code     0  cstartup.o(.text)
    EXTI15_10_IRQHandler                     0x08002773   Thumb Code     0  cstartup.o(.text)
    EXTI1_IRQHandler                         0x08002773   Thumb Code     0  cstartup.o(.text)
    EXTI2_IRQHandler                         0x08002773   Thumb Code     0  cstartup.o(.text)
    EXTI3_IRQHandler                         0x08002773   Thumb Code     0  cstartup.o(.text)
    EXTI4_IRQHandler                         0x08002773   Thumb Code     0  cstartup.o(.text)
    EXTI9_5_IRQHandler                       0x08002773   Thumb Code     0  cstartup.o(.text)
    FLASH_IRQHandler                         0x08002773   Thumb Code     0  cstartup.o(.text)
    I2C1_ER_IRQHandler                       0x08002773   Thumb Code     0  cstartup.o(.text)
    I2C1_EV_IRQHandler                       0x08002773   Thumb Code     0  cstartup.o(.text)
    I2C2_ER_IRQHandler                       0x08002773   Thumb Code     0  cstartup.o(.text)
    I2C2_EV_IRQHandler                       0x08002773   Thumb Code     0  cstartup.o(.text)
    PVD_IRQHandler                           0x08002773   Thumb Code     0  cstartup.o(.text)
    RCC_IRQHandler                           0x08002773   Thumb Code     0  cstartup.o(.text)
    RTCAlarm_IRQHandler                      0x08002773   Thumb Code     0  cstartup.o(.text)
    RTC_IRQHandler                           0x08002773   Thumb Code     0  cstartup.o(.text)
    SPI1_IRQHandler                          0x08002773   Thumb Code     0  cstartup.o(.text)
    SPI2_IRQHandler                          0x08002773   Thumb Code     0  cstartup.o(.text)
    TAMPER_IRQHandler                        0x08002773   Thumb Code     0  cstartup.o(.text)
    TIM1_BRK_IRQHandler                      0x08002773   Thumb Code     0  cstartup.o(.text)
    TIM1_CC_IRQHandler                       0x08002773   Thumb Code     0  cstartup.o(.text)
    TIM1_TRG_COM_IRQHandler                  0x08002773   Thumb Code     0  cstartup.o(.text)
    TIM1_UP_IRQHandler                       0x08002773   Thumb Code     0  cstartup.o(.text)
    TIM2_IRQHandler                          0x08002773   Thumb Code     0  cstartup.o(.text)
    TIM3_IRQHandler                          0x08002773   Thumb Code     0  cstartup.o(.text)
    TIM4_IRQHandler                          0x08002773   Thumb Code     0  cstartup.o(.text)
    USART2_IRQHandler                        0x08002773   Thumb Code     0  cstartup.o(.text)
    USART3_IRQHandler                        0x08002773   Thumb Code     0  cstartup.o(.text)
    USBWakeUp_IRQHandler                     0x08002773   Thumb Code     0  cstartup.o(.text)
    USB_HP_CAN_TX_IRQHandler                 0x08002773   Thumb Code     0  cstartup.o(.text)
    USB_LP_CAN_RX0_IRQHandler                0x08002773   Thumb Code     0  cstartup.o(.text)
    WWDG_IRQHandler                          0x08002773   Thumb Code     0  cstartup.o(.text)
    GPIO_DeInit                              0x08002779   Thumb Code   172  stm32f10x_gpio.o(.text)
    GPIO_AFIODeInit                          0x08002825   Thumb Code    20  stm32f10x_gpio.o(.text)
    GPIO_Init                                0x08002839   Thumb Code   278  stm32f10x_gpio.o(.text)
    GPIO_StructInit                          0x0800294f   Thumb Code    16  stm32f10x_gpio.o(.text)
    GPIO_ReadInputDataBit                    0x0800295f   Thumb Code    18  stm32f10x_gpio.o(.text)
    GPIO_ReadInputData                       0x08002971   Thumb Code     8  stm32f10x_gpio.o(.text)
    GPIO_ReadOutputDataBit                   0x08002979   Thumb Code    18  stm32f10x_gpio.o(.text)
    GPIO_ReadOutputData                      0x0800298b   Thumb Code     8  stm32f10x_gpio.o(.text)
    GPIO_SetBits                             0x08002993   Thumb Code     4  stm32f10x_gpio.o(.text)
    GPIO_ResetBits                           0x08002997   Thumb Code     4  stm32f10x_gpio.o(.text)
    GPIO_WriteBit                            0x0800299b   Thumb Code    10  stm32f10x_gpio.o(.text)
    GPIO_Write                               0x080029a5   Thumb Code     4  stm32f10x_gpio.o(.text)
    GPIO_PinLockConfig                       0x080029a9   Thumb Code    18  stm32f10x_gpio.o(.text)
    GPIO_EventOutputConfig                   0x080029bb   Thumb Code    26  stm32f10x_gpio.o(.text)
    GPIO_EventOutputCmd                      0x080029d5   Thumb Code     6  stm32f10x_gpio.o(.text)
    GPIO_PinRemapConfig                      0x080029db   Thumb Code   138  stm32f10x_gpio.o(.text)
    GPIO_EXTILineConfig                      0x08002a65   Thumb Code    66  stm32f10x_gpio.o(.text)
    GPIO_ETH_MediaInterfaceConfig            0x08002aa7   Thumb Code     8  stm32f10x_gpio.o(.text)
    RCC_DeInit                               0x08002ad5   Thumb Code    64  stm32f10x_rcc.o(.text)
    RCC_HSEConfig                            0x08002b15   Thumb Code    70  stm32f10x_rcc.o(.text)
    RCC_GetFlagStatus                        0x08002b5b   Thumb Code    56  stm32f10x_rcc.o(.text)
    RCC_WaitForHSEStartUp                    0x08002b93   Thumb Code    56  stm32f10x_rcc.o(.text)
    RCC_AdjustHSICalibrationValue            0x08002bcb   Thumb Code    20  stm32f10x_rcc.o(.text)
    RCC_HSICmd                               0x08002bdf   Thumb Code     6  stm32f10x_rcc.o(.text)
    RCC_PLLConfig                            0x08002be5   Thumb Code    24  stm32f10x_rcc.o(.text)
    RCC_PLLCmd                               0x08002bfd   Thumb Code     6  stm32f10x_rcc.o(.text)
    RCC_SYSCLKConfig                         0x08002c03   Thumb Code    18  stm32f10x_rcc.o(.text)
    RCC_GetSYSCLKSource                      0x08002c15   Thumb Code    10  stm32f10x_rcc.o(.text)
    RCC_HCLKConfig                           0x08002c1f   Thumb Code    18  stm32f10x_rcc.o(.text)
    RCC_PCLK1Config                          0x08002c31   Thumb Code    18  stm32f10x_rcc.o(.text)
    RCC_PCLK2Config                          0x08002c43   Thumb Code    20  stm32f10x_rcc.o(.text)
    RCC_ITConfig                             0x08002c57   Thumb Code    26  stm32f10x_rcc.o(.text)
    RCC_USBCLKConfig                         0x08002c71   Thumb Code     8  stm32f10x_rcc.o(.text)
    RCC_ADCCLKConfig                         0x08002c79   Thumb Code    18  stm32f10x_rcc.o(.text)
    RCC_LSEConfig                            0x08002c8b   Thumb Code    50  stm32f10x_rcc.o(.text)
    RCC_LSICmd                               0x08002cbd   Thumb Code     6  stm32f10x_rcc.o(.text)
    RCC_RTCCLKConfig                         0x08002cc3   Thumb Code    12  stm32f10x_rcc.o(.text)
    RCC_RTCCLKCmd                            0x08002ccf   Thumb Code     8  stm32f10x_rcc.o(.text)
    RCC_GetClocksFreq                        0x08002cd7   Thumb Code   192  stm32f10x_rcc.o(.text)
    RCC_AHBPeriphClockCmd                    0x08002d97   Thumb Code    26  stm32f10x_rcc.o(.text)
    RCC_APB2PeriphClockCmd                   0x08002db1   Thumb Code    26  stm32f10x_rcc.o(.text)
    RCC_APB1PeriphClockCmd                   0x08002dcb   Thumb Code    26  stm32f10x_rcc.o(.text)
    RCC_APB2PeriphResetCmd                   0x08002de5   Thumb Code    26  stm32f10x_rcc.o(.text)
    RCC_APB1PeriphResetCmd                   0x08002dff   Thumb Code    26  stm32f10x_rcc.o(.text)
    RCC_BackupResetCmd                       0x08002e19   Thumb Code     8  stm32f10x_rcc.o(.text)
    RCC_ClockSecuritySystemCmd               0x08002e21   Thumb Code     6  stm32f10x_rcc.o(.text)
    RCC_MCOConfig                            0x08002e27   Thumb Code     6  stm32f10x_rcc.o(.text)
    RCC_ClearFlag                            0x08002e2d   Thumb Code    14  stm32f10x_rcc.o(.text)
    RCC_GetITStatus                          0x08002e3b   Thumb Code    20  stm32f10x_rcc.o(.text)
    RCC_ClearITPendingBit                    0x08002e4f   Thumb Code     6  stm32f10x_rcc.o(.text)
    NVIC_PriorityGroupConfig                 0x08002e79   Thumb Code    10  misc.o(.text)
    NVIC_Init                                0x08002e83   Thumb Code   100  misc.o(.text)
    NVIC_SetVectorTable                      0x08002ee7   Thumb Code    14  misc.o(.text)
    NVIC_SystemLPConfig                      0x08002ef5   Thumb Code    34  misc.o(.text)
    SysTick_CLKSourceConfig                  0x08002f17   Thumb Code    40  misc.o(.text)
    USART_DeInit                             0x08002f55   Thumb Code   134  stm32f10x_usart.o(.text)
    USART_Init                               0x08002fdb   Thumb Code   210  stm32f10x_usart.o(.text)
    USART_StructInit                         0x080030ad   Thumb Code    24  stm32f10x_usart.o(.text)
    USART_ClockInit                          0x080030c5   Thumb Code    34  stm32f10x_usart.o(.text)
    USART_ClockStructInit                    0x080030e7   Thumb Code    12  stm32f10x_usart.o(.text)
    USART_Cmd                                0x080030f3   Thumb Code    24  stm32f10x_usart.o(.text)
    USART_ITConfig                           0x0800310b   Thumb Code    74  stm32f10x_usart.o(.text)
    USART_DMACmd                             0x08003155   Thumb Code    18  stm32f10x_usart.o(.text)
    USART_SetAddress                         0x08003167   Thumb Code    18  stm32f10x_usart.o(.text)
    USART_WakeUpConfig                       0x08003179   Thumb Code    18  stm32f10x_usart.o(.text)
    USART_ReceiverWakeUpCmd                  0x0800318b   Thumb Code    24  stm32f10x_usart.o(.text)
    USART_LINBreakDetectLengthConfig         0x080031a3   Thumb Code    18  stm32f10x_usart.o(.text)
    USART_LINCmd                             0x080031b5   Thumb Code    24  stm32f10x_usart.o(.text)
    USART_SendData                           0x080031cd   Thumb Code     8  stm32f10x_usart.o(.text)
    USART_ReceiveData                        0x080031d5   Thumb Code    10  stm32f10x_usart.o(.text)
    USART_SendBreak                          0x080031df   Thumb Code    10  stm32f10x_usart.o(.text)
    USART_SetGuardTime                       0x080031e9   Thumb Code    16  stm32f10x_usart.o(.text)
    USART_SetPrescaler                       0x080031f9   Thumb Code    16  stm32f10x_usart.o(.text)
    USART_SmartCardCmd                       0x08003209   Thumb Code    24  stm32f10x_usart.o(.text)
    USART_SmartCardNACKCmd                   0x08003221   Thumb Code    24  stm32f10x_usart.o(.text)
    USART_HalfDuplexCmd                      0x08003239   Thumb Code    24  stm32f10x_usart.o(.text)
    USART_OverSampling8Cmd                   0x08003251   Thumb Code    22  stm32f10x_usart.o(.text)
    USART_OneBitMethodCmd                    0x08003267   Thumb Code    24  stm32f10x_usart.o(.text)
    USART_IrDAConfig                         0x0800327f   Thumb Code    18  stm32f10x_usart.o(.text)
    USART_IrDACmd                            0x08003291   Thumb Code    24  stm32f10x_usart.o(.text)
    USART_GetFlagStatus                      0x080032a9   Thumb Code    26  stm32f10x_usart.o(.text)
    USART_ClearFlag                          0x080032c3   Thumb Code    18  stm32f10x_usart.o(.text)
    USART_GetITStatus                        0x080032d5   Thumb Code    84  stm32f10x_usart.o(.text)
    USART_ClearITPendingBit                  0x08003329   Thumb Code    52  stm32f10x_usart.o(.text)
    EXTI_DeInit                              0x0800335d   Thumb Code    28  stm32f10x_exti.o(.text)
    EXTI_Init                                0x08003379   Thumb Code   142  stm32f10x_exti.o(.text)
    EXTI_StructInit                          0x08003407   Thumb Code    16  stm32f10x_exti.o(.text)
    EXTI_GenerateSWInterrupt                 0x08003417   Thumb Code    16  stm32f10x_exti.o(.text)
    EXTI_GetFlagStatus                       0x08003427   Thumb Code    22  stm32f10x_exti.o(.text)
    EXTI_ClearFlag                           0x0800343d   Thumb Code     8  stm32f10x_exti.o(.text)
    EXTI_GetITStatus                         0x08003445   Thumb Code    34  stm32f10x_exti.o(.text)
    EXTI_ClearITPendingBit                   0x08003467   Thumb Code     8  stm32f10x_exti.o(.text)
    TIM_DeInit                               0x08003479   Thumb Code   424  stm32f10x_tim.o(.text)
    TIM_TimeBaseInit                         0x08003621   Thumb Code   122  stm32f10x_tim.o(.text)
    TIM_OC1Init                              0x0800369b   Thumb Code   132  stm32f10x_tim.o(.text)
    TIM_OC2Init                              0x0800371f   Thumb Code   154  stm32f10x_tim.o(.text)
    TIM_OC3Init                              0x080037b9   Thumb Code   150  stm32f10x_tim.o(.text)
    TIM_OC4Init                              0x0800384f   Thumb Code   182  stm32f10x_tim.o(.text)
    TIM_SetIC4Prescaler                      0x08003905   Thumb Code    26  stm32f10x_tim.o(.text)
    TIM_SetIC3Prescaler                      0x080039a1   Thumb Code    18  stm32f10x_tim.o(.text)
    TIM_SetIC2Prescaler                      0x08003a2d   Thumb Code    26  stm32f10x_tim.o(.text)
    TIM_SetIC1Prescaler                      0x08003ac9   Thumb Code    18  stm32f10x_tim.o(.text)
    TIM_ICInit                               0x08003b47   Thumb Code   150  stm32f10x_tim.o(.text)
    TIM_PWMIConfig                           0x08003bdd   Thumb Code   124  stm32f10x_tim.o(.text)
    TIM_BDTRConfig                           0x08003c59   Thumb Code    32  stm32f10x_tim.o(.text)
    TIM_TimeBaseStructInit                   0x08003c79   Thumb Code    18  stm32f10x_tim.o(.text)
    TIM_OCStructInit                         0x08003c8b   Thumb Code    20  stm32f10x_tim.o(.text)
    TIM_ICStructInit                         0x08003c9f   Thumb Code    18  stm32f10x_tim.o(.text)
    TIM_BDTRStructInit                       0x08003cb1   Thumb Code    40  stm32f10x_tim.o(.text)
    TIM_Cmd                                  0x08003cd9   Thumb Code    24  stm32f10x_tim.o(.text)
    TIM_CtrlPWMOutputs                       0x08003cf1   Thumb Code    30  stm32f10x_tim.o(.text)
    TIM_ITConfig                             0x08003d0f   Thumb Code    18  stm32f10x_tim.o(.text)
    TIM_GenerateEvent                        0x08003d21   Thumb Code     4  stm32f10x_tim.o(.text)
    TIM_DMAConfig                            0x08003d25   Thumb Code    10  stm32f10x_tim.o(.text)
    TIM_DMACmd                               0x08003d2f   Thumb Code    18  stm32f10x_tim.o(.text)
    TIM_InternalClockConfig                  0x08003d41   Thumb Code    12  stm32f10x_tim.o(.text)
    TIM_SelectInputTrigger                   0x08003d4d   Thumb Code    18  stm32f10x_tim.o(.text)
    TIM_ITRxExternalClockConfig              0x08003d5f   Thumb Code    24  stm32f10x_tim.o(.text)
    TIM_TIxExternalClockConfig               0x08003d77   Thumb Code    62  stm32f10x_tim.o(.text)
    TIM_ETRConfig                            0x08003db5   Thumb Code    28  stm32f10x_tim.o(.text)
    TIM_ETRClockMode1Config                  0x08003dd1   Thumb Code    54  stm32f10x_tim.o(.text)
    TIM_ETRClockMode2Config                  0x08003e07   Thumb Code    32  stm32f10x_tim.o(.text)
    TIM_PrescalerConfig                      0x08003e27   Thumb Code     6  stm32f10x_tim.o(.text)
    TIM_CounterModeConfig                    0x08003e2d   Thumb Code    18  stm32f10x_tim.o(.text)
    TIM_EncoderInterfaceConfig               0x08003e3f   Thumb Code    66  stm32f10x_tim.o(.text)
    TIM_ForcedOC1Config                      0x08003e81   Thumb Code    18  stm32f10x_tim.o(.text)
    TIM_ForcedOC2Config                      0x08003e93   Thumb Code    26  stm32f10x_tim.o(.text)
    TIM_ForcedOC3Config                      0x08003ead   Thumb Code    18  stm32f10x_tim.o(.text)
    TIM_ForcedOC4Config                      0x08003ebf   Thumb Code    26  stm32f10x_tim.o(.text)
    TIM_ARRPreloadConfig                     0x08003ed9   Thumb Code    24  stm32f10x_tim.o(.text)
    TIM_SelectCOM                            0x08003ef1   Thumb Code    24  stm32f10x_tim.o(.text)
    TIM_SelectCCDMA                          0x08003f09   Thumb Code    24  stm32f10x_tim.o(.text)
    TIM_CCPreloadControl                     0x08003f21   Thumb Code    24  stm32f10x_tim.o(.text)
    TIM_OC1PreloadConfig                     0x08003f39   Thumb Code    18  stm32f10x_tim.o(.text)
    TIM_OC2PreloadConfig                     0x08003f4b   Thumb Code    26  stm32f10x_tim.o(.text)
    TIM_OC3PreloadConfig                     0x08003f65   Thumb Code    18  stm32f10x_tim.o(.text)
    TIM_OC4PreloadConfig                     0x08003f77   Thumb Code    26  stm32f10x_tim.o(.text)
    TIM_OC1FastConfig                        0x08003f91   Thumb Code    18  stm32f10x_tim.o(.text)
    TIM_OC2FastConfig                        0x08003fa3   Thumb Code    26  stm32f10x_tim.o(.text)
    TIM_OC3FastConfig                        0x08003fbd   Thumb Code    18  stm32f10x_tim.o(.text)
    TIM_OC4FastConfig                        0x08003fcf   Thumb Code    26  stm32f10x_tim.o(.text)
    TIM_ClearOC1Ref                          0x08003fe9   Thumb Code    18  stm32f10x_tim.o(.text)
    TIM_ClearOC2Ref                          0x08003ffb   Thumb Code    24  stm32f10x_tim.o(.text)
    TIM_ClearOC3Ref                          0x08004013   Thumb Code    18  stm32f10x_tim.o(.text)
    TIM_ClearOC4Ref                          0x08004025   Thumb Code    24  stm32f10x_tim.o(.text)
    TIM_OC1PolarityConfig                    0x0800403d   Thumb Code    18  stm32f10x_tim.o(.text)
    TIM_OC1NPolarityConfig                   0x0800404f   Thumb Code    18  stm32f10x_tim.o(.text)
    TIM_OC2PolarityConfig                    0x08004061   Thumb Code    26  stm32f10x_tim.o(.text)
    TIM_OC2NPolarityConfig                   0x0800407b   Thumb Code    26  stm32f10x_tim.o(.text)
    TIM_OC3PolarityConfig                    0x08004095   Thumb Code    26  stm32f10x_tim.o(.text)
    TIM_OC3NPolarityConfig                   0x080040af   Thumb Code    26  stm32f10x_tim.o(.text)
    TIM_OC4PolarityConfig                    0x080040c9   Thumb Code    26  stm32f10x_tim.o(.text)
    TIM_CCxCmd                               0x080040e3   Thumb Code    30  stm32f10x_tim.o(.text)
    TIM_CCxNCmd                              0x08004101   Thumb Code    30  stm32f10x_tim.o(.text)
    TIM_SelectOCxM                           0x0800411f   Thumb Code    82  stm32f10x_tim.o(.text)
    TIM_UpdateDisableConfig                  0x08004171   Thumb Code    24  stm32f10x_tim.o(.text)
    TIM_UpdateRequestConfig                  0x08004189   Thumb Code    24  stm32f10x_tim.o(.text)
    TIM_SelectHallSensor                     0x080041a1   Thumb Code    24  stm32f10x_tim.o(.text)
    TIM_SelectOnePulseMode                   0x080041b9   Thumb Code    18  stm32f10x_tim.o(.text)
    TIM_SelectOutputTrigger                  0x080041cb   Thumb Code    18  stm32f10x_tim.o(.text)
    TIM_SelectSlaveMode                      0x080041dd   Thumb Code    18  stm32f10x_tim.o(.text)
    TIM_SelectMasterSlaveMode                0x080041ef   Thumb Code    18  stm32f10x_tim.o(.text)
    TIM_SetCounter                           0x08004201   Thumb Code     4  stm32f10x_tim.o(.text)
    TIM_SetAutoreload                        0x08004205   Thumb Code     4  stm32f10x_tim.o(.text)
    TIM_SetCompare1                          0x08004209   Thumb Code     4  stm32f10x_tim.o(.text)
    TIM_SetCompare2                          0x0800420d   Thumb Code     4  stm32f10x_tim.o(.text)
    TIM_SetCompare3                          0x08004211   Thumb Code     4  stm32f10x_tim.o(.text)
    TIM_SetCompare4                          0x08004215   Thumb Code     6  stm32f10x_tim.o(.text)
    TIM_SetClockDivision                     0x0800421b   Thumb Code    18  stm32f10x_tim.o(.text)
    TIM_GetCapture1                          0x0800422d   Thumb Code     6  stm32f10x_tim.o(.text)
    TIM_GetCapture2                          0x08004233   Thumb Code     6  stm32f10x_tim.o(.text)
    TIM_GetCapture3                          0x08004239   Thumb Code     6  stm32f10x_tim.o(.text)
    TIM_GetCapture4                          0x0800423f   Thumb Code     8  stm32f10x_tim.o(.text)
    TIM_GetCounter                           0x08004247   Thumb Code     6  stm32f10x_tim.o(.text)
    TIM_GetPrescaler                         0x0800424d   Thumb Code     6  stm32f10x_tim.o(.text)
    TIM_GetFlagStatus                        0x08004253   Thumb Code    18  stm32f10x_tim.o(.text)
    TIM_ClearFlag                            0x08004265   Thumb Code     6  stm32f10x_tim.o(.text)
    TIM_GetITStatus                          0x0800426b   Thumb Code    34  stm32f10x_tim.o(.text)
    TIM_ClearITPendingBit                    0x0800428d   Thumb Code     6  stm32f10x_tim.o(.text)
    FLASH_SetLatency                         0x08004295   Thumb Code    18  stm32f10x_flash.o(.text)
    FLASH_HalfCycleAccessCmd                 0x080042a7   Thumb Code    22  stm32f10x_flash.o(.text)
    FLASH_PrefetchBufferCmd                  0x080042bd   Thumb Code    22  stm32f10x_flash.o(.text)
    FLASH_Unlock                             0x080042d3   Thumb Code    12  stm32f10x_flash.o(.text)
    FLASH_UnlockBank1                        0x080042df   Thumb Code    12  stm32f10x_flash.o(.text)
    FLASH_Lock                               0x080042eb   Thumb Code    14  stm32f10x_flash.o(.text)
    FLASH_LockBank1                          0x080042f9   Thumb Code    14  stm32f10x_flash.o(.text)
    FLASH_GetBank1Status                     0x08004307   Thumb Code    48  stm32f10x_flash.o(.text)
    FLASH_WaitForLastOperation               0x08004337   Thumb Code    38  stm32f10x_flash.o(.text)
    FLASH_ErasePage                          0x0800435d   Thumb Code    72  stm32f10x_flash.o(.text)
    FLASH_EraseAllPages                      0x080043a5   Thumb Code    68  stm32f10x_flash.o(.text)
    FLASH_WaitForLastBank1Operation          0x080043e9   Thumb Code    38  stm32f10x_flash.o(.text)
    FLASH_EraseAllBank1Pages                 0x0800440f   Thumb Code    68  stm32f10x_flash.o(.text)
    FLASH_GetReadOutProtectionStatus         0x08004453   Thumb Code    20  stm32f10x_flash.o(.text)
    FLASH_EraseOptionBytes                   0x08004467   Thumb Code   150  stm32f10x_flash.o(.text)
    FLASH_ProgramWord                        0x080044fd   Thumb Code   102  stm32f10x_flash.o(.text)
    FLASH_ProgramHalfWord                    0x08004563   Thumb Code    60  stm32f10x_flash.o(.text)
    FLASH_ProgramOptionByteData              0x0800459f   Thumb Code    72  stm32f10x_flash.o(.text)
    FLASH_EnableWriteProtection              0x080045e7   Thumb Code   200  stm32f10x_flash.o(.text)
    FLASH_ReadOutProtection                  0x080046af   Thumb Code   156  stm32f10x_flash.o(.text)
    FLASH_UserOptionByteConfig               0x0800474b   Thumb Code    88  stm32f10x_flash.o(.text)
    FLASH_GetUserOptionByte                  0x080047a3   Thumb Code     8  stm32f10x_flash.o(.text)
    FLASH_GetWriteProtectionOptionByte       0x080047ab   Thumb Code     6  stm32f10x_flash.o(.text)
    FLASH_GetPrefetchBufferStatus            0x080047b1   Thumb Code    20  stm32f10x_flash.o(.text)
    FLASH_ITConfig                           0x080047c5   Thumb Code    26  stm32f10x_flash.o(.text)
    FLASH_GetFlagStatus                      0x080047df   Thumb Code    42  stm32f10x_flash.o(.text)
    FLASH_ClearFlag                          0x08004809   Thumb Code     6  stm32f10x_flash.o(.text)
    FLASH_GetStatus                          0x0800480f   Thumb Code    48  stm32f10x_flash.o(.text)
    vListInitialise                          0x08004851   Thumb Code    26  list.o(.text)
    vListInitialiseItem                      0x0800486b   Thumb Code     6  list.o(.text)
    vListInsertEnd                           0x08004871   Thumb Code    24  list.o(.text)
    vListInsert                              0x08004889   Thumb Code    52  list.o(.text)
    uxListRemove                             0x080048bd   Thumb Code    40  list.o(.text)
    xQueueGenericReset                       0x080048e5   Thumb Code   122  queue.o(.text)
    xQueueGenericCreate                      0x08004989   Thumb Code    56  queue.o(.text)
    xQueueGenericSend                        0x08004ad9   Thumb Code   276  queue.o(.text)
    xQueueCreateMutex                        0x08004c09   Thumb Code    34  queue.o(.text)
    xQueueGenericSendFromISR                 0x08004c2b   Thumb Code   134  queue.o(.text)
    xQueueGiveFromISR                        0x08004cb1   Thumb Code   124  queue.o(.text)
    xQueueGenericReceive                     0x08004d71   Thumb Code   342  queue.o(.text)
    xQueueReceiveFromISR                     0x08004ec7   Thumb Code   130  queue.o(.text)
    xQueuePeekFromISR                        0x08004f49   Thumb Code    74  queue.o(.text)
    uxQueueMessagesWaiting                   0x08004f93   Thumb Code    18  queue.o(.text)
    uxQueueSpacesAvailable                   0x08004fa5   Thumb Code    24  queue.o(.text)
    uxQueueMessagesWaitingFromISR            0x08004fbd   Thumb Code     6  queue.o(.text)
    vQueueDelete                             0x08004fc3   Thumb Code    14  queue.o(.text)
    uxQueueGetQueueNumber                    0x08004fd1   Thumb Code     6  queue.o(.text)
    vQueueSetQueueNumber                     0x08004fd7   Thumb Code     4  queue.o(.text)
    ucQueueGetQueueType                      0x08004fdb   Thumb Code     8  queue.o(.text)
    xQueueIsQueueEmptyFromISR                0x08004fe3   Thumb Code    14  queue.o(.text)
    xQueueIsQueueFullFromISR                 0x08004ff1   Thumb Code    18  queue.o(.text)
    xTaskCreate                              0x08005185   Thumb Code    92  tasks.o(.text)
    vTaskDelete                              0x0800521d   Thumb Code   176  tasks.o(.text)
    xTaskIncrementTick                       0x080052cd   Thumb Code   238  tasks.o(.text)
    xTaskResumeAll                           0x080053bb   Thumb Code   284  tasks.o(.text)
    vTaskSuspendAll                          0x08005553   Thumb Code    12  tasks.o(.text)
    vTaskDelayUntil                          0x0800555f   Thumb Code   106  tasks.o(.text)
    vTaskDelay                               0x080055c9   Thumb Code    46  tasks.o(.text)
    eTaskGetState                            0x080055f7   Thumb Code    88  tasks.o(.text)
    uxTaskPriorityGet                        0x0800564f   Thumb Code    30  tasks.o(.text)
    uxTaskPriorityGetFromISR                 0x0800566d   Thumb Code    52  tasks.o(.text)
    vTaskPrioritySet                         0x080056a1   Thumb Code   226  tasks.o(.text)
    vTaskSwitchContext                       0x08005783   Thumb Code    76  tasks.o(.text)
    vTaskSuspend                             0x080057cf   Thumb Code   220  tasks.o(.text)
    vTaskResume                              0x080058e3   Thumb Code   104  tasks.o(.text)
    xTaskResumeFromISR                       0x0800594b   Thumb Code   130  tasks.o(.text)
    vTaskStartScheduler                      0x08005a43   Thumb Code    74  tasks.o(.text)
    vTaskEndScheduler                        0x08005a8d   Thumb Code    32  tasks.o(.text)
    xTaskGetTickCount                        0x08005aad   Thumb Code     6  tasks.o(.text)
    xTaskGetTickCountFromISR                 0x08005ab3   Thumb Code     8  tasks.o(.text)
    uxTaskGetNumberOfTasks                   0x08005abb   Thumb Code     6  tasks.o(.text)
    pcTaskGetName                            0x08005ac1   Thumb Code    20  tasks.o(.text)
    vTaskGetTaskInfo                         0x08005aeb   Thumb Code   114  tasks.o(.text)
    uxTaskGetSystemState                     0x08005bc7   Thumb Code   152  tasks.o(.text)
    vTaskPlaceOnEventList                    0x08005c5f   Thumb Code   106  tasks.o(.text)
    vTaskPlaceOnUnorderedEventList           0x08005cc9   Thumb Code    40  tasks.o(.text)
    xTaskRemoveFromEventList                 0x08005cf1   Thumb Code   104  tasks.o(.text)
    xTaskRemoveFromUnorderedEventList        0x08005d59   Thumb Code    94  tasks.o(.text)
    vTaskSetTimeOutState                     0x08005db7   Thumb Code    14  tasks.o(.text)
    xTaskCheckForTimeOut                     0x08005dc5   Thumb Code    84  tasks.o(.text)
    vTaskMissedYield                         0x08005e19   Thumb Code     8  tasks.o(.text)
    uxTaskGetTaskNumber                      0x08005e21   Thumb Code    14  tasks.o(.text)
    vTaskSetTaskNumber                       0x08005e2f   Thumb Code     8  tasks.o(.text)
    uxTaskGetStackHighWaterMark              0x08005e37   Thumb Code    34  tasks.o(.text)
    xTaskGetCurrentTaskHandle                0x08005e59   Thumb Code     6  tasks.o(.text)
    vTaskPriorityInherit                     0x08005e5f   Thumb Code   164  tasks.o(.text)
    xTaskPriorityDisinherit                  0x08005f03   Thumb Code   122  tasks.o(.text)
    uxTaskResetEventItemValue                0x08005f7d   Thumb Code    24  tasks.o(.text)
    pvTaskIncrementMutexHeldCount            0x08005f95   Thumb Code    26  tasks.o(.text)
    ulTaskNotifyTake                         0x08005faf   Thumb Code   108  tasks.o(.text)
    xTaskNotifyWait                          0x0800601b   Thumb Code   186  tasks.o(.text)
    xTaskGenericNotify                       0x080060d5   Thumb Code   178  tasks.o(.text)
    xTaskGenericNotifyFromISR                0x08006187   Thumb Code   228  tasks.o(.text)
    vTaskNotifyGiveFromISR                   0x0800626b   Thumb Code   154  tasks.o(.text)
    xTaskNotifyStateClear                    0x08006305   Thumb Code    48  tasks.o(.text)
    pxPortInitialiseStack                    0x08006367   Thumb Code    26  port.o(.text)
    vPortSetupTimerInterrupt                 0x08006381   Thumb Code    14  port.o(.text)
    xPortStartScheduler                      0x0800638f   Thumb Code    42  port.o(.text)
    vPortEndScheduler                        0x080063b9   Thumb Code     2  port.o(.text)
    vPortEnterCritical                       0x080063bb   Thumb Code    30  port.o(.text)
    vPortExitCritical                        0x080063d9   Thumb Code    28  port.o(.text)
    xPortSysTickHandler                      0x080063f5   Thumb Code    48  port.o(.text)
    pvPortMalloc                             0x0800645f   Thumb Code   166  heap_2.o(.text)
    vPortFree                                0x08006505   Thumb Code    56  heap_2.o(.text)
    xPortGetFreeHeapSize                     0x0800653d   Thumb Code     6  heap_2.o(.text)
    vPortInitialiseBlocks                    0x08006543   Thumb Code     2  heap_2.o(.text)
    sys_mbox_new                             0x08006559   Thumb Code    58  sys_arch.o(.text)
    sys_mbox_free                            0x08006593   Thumb Code    52  sys_arch.o(.text)
    sys_mbox_post                            0x080065c7   Thumb Code    24  sys_arch.o(.text)
    sys_mbox_trypost                         0x080065df   Thumb Code    48  sys_arch.o(.text)
    sys_arch_mbox_fetch                      0x0800660f   Thumb Code    94  sys_arch.o(.text)
    sys_arch_mbox_tryfetch                   0x0800666d   Thumb Code    36  sys_arch.o(.text)
    sys_sem_new                              0x08006691   Thumb Code   108  sys_arch.o(.text)
    sys_arch_sem_wait                        0x080066fd   Thumb Code    82  sys_arch.o(.text)
    sys_sem_signal                           0x0800674f   Thumb Code    18  sys_arch.o(.text)
    sys_sem_free                             0x08006761   Thumb Code    26  sys_arch.o(.text)
    sys_init                                 0x0800677b   Thumb Code    34  sys_arch.o(.text)
    sys_arch_timeouts                        0x0800679d   Thumb Code    42  sys_arch.o(.text)
    sys_arch_protect                         0x080067c7   Thumb Code    10  sys_arch.o(.text)
    sys_arch_unprotect                       0x080067d1   Thumb Code    10  sys_arch.o(.text)
    sys_thread_new                           0x080067db   Thumb Code    86  sys_arch.o(.text)
    sys_assert                               0x08006831   Thumb Code     8  sys_arch.o(.text)
    etharp_tmr                               0x08006863   Thumb Code   154  etharp.o(.text)
    etharp_find_addr                         0x08006c07   Thumb Code    92  etharp.o(.text)
    etharp_ip_input                          0x08006c63   Thumb Code    52  etharp.o(.text)
    etharp_arp_input                         0x08006c97   Thumb Code   360  etharp.o(.text)
    etharp_request                           0x08006ec3   Thumb Code    36  etharp.o(.text)
    etharp_query                             0x08006ee7   Thumb Code   404  etharp.o(.text)
    etharp_output                            0x0800707b   Thumb Code   216  etharp.o(.text)
    ethernet_input                           0x08007153   Thumb Code   126  etharp.o(.text)
    dns_setserver                            0x080071d9   Thumb Code    28  dns.o(.text)
    dns_init                                 0x080073bd   Thumb Code    64  dns.o(.text)
    dns_getserver                            0x080073fd   Thumb Code    28  dns.o(.text)
    dns_tmr                                  0x080075ff   Thumb Code    14  dns.o(.text)
    dns_gethostbyname                        0x0800771b   Thumb Code    84  dns.o(.text)
    mem_init                                 0x080077e9   Thumb Code    92  mem.o(.text)
    mem_free                                 0x08007845   Thumb Code   128  mem.o(.text)
    mem_realloc                              0x080078c5   Thumb Code   310  mem.o(.text)
    mem_malloc                               0x080079fb   Thumb Code   390  mem.o(.text)
    mem_calloc                               0x08007b81   Thumb Code    34  mem.o(.text)
    memp_init                                0x08007ba5   Thumb Code   136  memp.o(.text)
    memp_malloc                              0x08007c2d   Thumb Code   150  memp.o(.text)
    memp_free                                0x08007cc3   Thumb Code    74  memp.o(.text)
    netif_set_gw                             0x08007d21   Thumb Code    12  netif.o(.text)
    netif_set_netmask                        0x08007d2d   Thumb Code    12  netif.o(.text)
    netif_set_ipaddr                         0x08007d39   Thumb Code   110  netif.o(.text)
    netif_set_addr                           0x08007da7   Thumb Code    40  netif.o(.text)
    netif_add                                0x08007dcf   Thumb Code    96  netif.o(.text)
    netif_set_default                        0x08007e2f   Thumb Code     6  netif.o(.text)
    netif_remove                             0x08007e35   Thumb Code    74  netif.o(.text)
    netif_find                               0x08007e7f   Thumb Code    64  netif.o(.text)
    netif_set_up                             0x08007ebf   Thumb Code    44  netif.o(.text)
    netif_set_down                           0x08007eeb   Thumb Code    24  netif.o(.text)
    netif_is_up                              0x08007f03   Thumb Code    12  netif.o(.text)
    pbuf_free                                0x08007f95   Thumb Code   108  pbuf.o(.text)
    pbuf_alloc                               0x08008001   Thumb Code   386  pbuf.o(.text)
    pbuf_realloc                             0x08008183   Thumb Code   100  pbuf.o(.text)
    pbuf_header                              0x080081e7   Thumb Code   106  pbuf.o(.text)
    pbuf_clen                                0x08008251   Thumb Code    18  pbuf.o(.text)
    pbuf_ref                                 0x08008263   Thumb Code    26  pbuf.o(.text)
    pbuf_cat                                 0x0800827d   Thumb Code    36  pbuf.o(.text)
    pbuf_chain                               0x080082a1   Thumb Code    22  pbuf.o(.text)
    pbuf_dechain                             0x080082b7   Thumb Code    48  pbuf.o(.text)
    pbuf_copy                                0x080082e7   Thumb Code   114  pbuf.o(.text)
    pbuf_copy_partial                        0x08008359   Thumb Code   116  pbuf.o(.text)
    pbuf_take                                0x080083cd   Thumb Code    86  pbuf.o(.text)
    pbuf_coalesce                            0x08008423   Thumb Code    56  pbuf.o(.text)
    raw_input                                0x0800845d   Thumb Code   100  raw.o(.text)
    raw_bind                                 0x080084c1   Thumb Code    16  raw.o(.text)
    raw_connect                              0x080084d1   Thumb Code    16  raw.o(.text)
    raw_recv                                 0x080084e1   Thumb Code     6  raw.o(.text)
    raw_sendto                               0x080084e7   Thumb Code   150  raw.o(.text)
    raw_send                                 0x0800857d   Thumb Code    18  raw.o(.text)
    raw_remove                               0x0800858f   Thumb Code    60  raw.o(.text)
    raw_new                                  0x080085cb   Thumb Code    42  raw.o(.text)
    sys_mbox_fetch                           0x080085f9   Thumb Code   124  sys.o(.text)
    sys_sem_wait                             0x08008675   Thumb Code   116  sys.o(.text)
    sys_timeout                              0x080086e9   Thumb Code   144  sys.o(.text)
    sys_untimeout                            0x08008779   Thumb Code    94  sys.o(.text)
    sys_sem_wait_timeout                     0x080087eb   Thumb Code    58  sys.o(.text)
    sys_msleep                               0x08008825   Thumb Code    28  sys.o(.text)
    tcp_seg_free                             0x08008845   Thumb Code    32  tcp.o(.text)
    tcp_segs_free                            0x08008865   Thumb Code    30  tcp.o(.text)
    tcp_pcb_purge                            0x08008883   Thumb Code    76  tcp.o(.text)
    tcp_slowtmr                              0x080088cf   Thumb Code   714  tcp.o(.text)
    tcp_pcb_remove                           0x08008b99   Thumb Code   128  tcp.o(.text)
    tcp_close                                0x08008c19   Thumb Code   274  tcp.o(.text)
    tcp_update_rcv_ann_wnd                   0x08008d2b   Thumb Code    70  tcp.o(.text)
    tcp_recved                               0x08008d71   Thumb Code    62  tcp.o(.text)
    tcp_recv_null                            0x08008daf   Thumb Code    46  tcp.o(.text)
    tcp_fasttmr                              0x08008ddd   Thumb Code   122  tcp.o(.text)
    tcp_tmr                                  0x08008e57   Thumb Code    30  tcp.o(.text)
    tcp_abandon                              0x08008e75   Thumb Code   158  tcp.o(.text)
    tcp_bind                                 0x08008f7b   Thumb Code   218  tcp.o(.text)
    tcp_listen_with_backlog                  0x0800905d   Thumb Code   184  tcp.o(.text)
    tcp_eff_send_mss                         0x08009115   Thumb Code    46  tcp.o(.text)
    tcp_next_iss                             0x08009143   Thumb Code    20  tcp.o(.text)
    tcp_connect                              0x08009157   Thumb Code   294  tcp.o(.text)
    tcp_setprio                              0x0800927d   Thumb Code     4  tcp.o(.text)
    tcp_seg_copy                             0x08009281   Thumb Code    38  tcp.o(.text)
    tcp_alloc                                0x08009329   Thumb Code   202  tcp.o(.text)
    tcp_new                                  0x080093f3   Thumb Code    10  tcp.o(.text)
    tcp_arg                                  0x080093fd   Thumb Code     4  tcp.o(.text)
    tcp_recv                                 0x08009401   Thumb Code     6  tcp.o(.text)
    tcp_sent                                 0x08009407   Thumb Code     6  tcp.o(.text)
    tcp_err                                  0x0800940d   Thumb Code     6  tcp.o(.text)
    tcp_accept                               0x08009413   Thumb Code     4  tcp.o(.text)
    tcp_poll                                 0x08009417   Thumb Code    10  tcp.o(.text)
    tcp_debug_state_str                      0x08009421   Thumb Code    10  tcp.o(.text)
    tcp_input                                0x0800a63b   Thumb Code  1324  tcp_in.o(.text)
    tcp_enqueue                              0x0800ac23   Thumb Code   986  tcp_out.o(.text)
    tcp_send_ctrl                            0x0800affd   Thumb Code    28  tcp_out.o(.text)
    tcp_write                                0x0800b019   Thumb Code    72  tcp_out.o(.text)
    tcp_send_empty_ack                       0x0800b061   Thumb Code   118  tcp_out.o(.text)
    tcp_output                               0x0800b1bd   Thumb Code   462  tcp_out.o(.text)
    tcp_rst                                  0x0800b38b   Thumb Code   198  tcp_out.o(.text)
    tcp_rexmit_rto                           0x0800b451   Thumb Code    58  tcp_out.o(.text)
    tcp_rexmit                               0x0800b48b   Thumb Code    80  tcp_out.o(.text)
    tcp_rexmit_fast                          0x0800b4db   Thumb Code   132  tcp_out.o(.text)
    tcp_keepalive                            0x0800b55f   Thumb Code   110  tcp_out.o(.text)
    tcp_zero_window_probe                    0x0800b5cd   Thumb Code   196  tcp_out.o(.text)
    udp_input                                0x0800b695   Thumb Code   562  udp.o(.text)
    udp_bind                                 0x0800b8c7   Thumb Code   102  udp.o(.text)
    udp_sendto_if                            0x0800b92d   Thumb Code   248  udp.o(.text)
    udp_sendto                               0x0800ba25   Thumb Code    62  udp.o(.text)
    udp_send                                 0x0800ba63   Thumb Code    20  udp.o(.text)
    udp_connect                              0x0800ba77   Thumb Code   104  udp.o(.text)
    udp_disconnect                           0x0800badf   Thumb Code    28  udp.o(.text)
    udp_recv                                 0x0800bafb   Thumb Code     6  udp.o(.text)
    udp_remove                               0x0800bb01   Thumb Code    60  udp.o(.text)
    udp_new                                  0x0800bb3d   Thumb Code    28  udp.o(.text)
    icmp_input                               0x0800bb61   Thumb Code   524  icmp.o(.text)
    icmp_dest_unreach                        0x0800bde3   Thumb Code    18  icmp.o(.text)
    icmp_time_exceeded                       0x0800bdf5   Thumb Code    18  icmp.o(.text)
    htonl                                    0x0800be0d   Thumb Code    26  inet.o(.text)
    inet_aton                                0x0800be27   Thumb Code   336  inet.o(.text)
    inet_addr                                0x0800bf77   Thumb Code    24  inet.o(.text)
    inet_ntoa                                0x0800bf8f   Thumb Code   112  inet.o(.text)
    htons                                    0x0800bfff   Thumb Code    12  inet.o(.text)
    ntohs                                    0x0800c00b   Thumb Code    12  inet.o(.text)
    ntohl                                    0x0800c017   Thumb Code    12  inet.o(.text)
    inet_chksum_pseudo                       0x0800c073   Thumb Code   162  inet_chksum.o(.text)
    inet_chksum                              0x0800c115   Thumb Code    20  inet_chksum.o(.text)
    inet_chksum_pbuf                         0x0800c129   Thumb Code    86  inet_chksum.o(.text)
    ip_route                                 0x0800c181   Thumb Code    86  ip.o(.text)
    ip_input                                 0x0800c29d   Thumb Code   596  ip.o(.text)
    ip_output_if                             0x0800c4f1   Thumb Code   306  ip.o(.text)
    ip_output                                0x0800c623   Thumb Code    70  ip.o(.text)
    ip_addr_isbroadcast                      0x0800c671   Thumb Code    78  ip_addr.o(.text)
    ip_reass_tmr                             0x0800c755   Thumb Code    48  ip_frag.o(.text)
    ip_reass                                 0x0800c99b   Thumb Code   482  ip_frag.o(.text)
    ip_frag                                  0x0800cb7d   Thumb Code   336  ip_frag.o(.text)
    vlwIPInit                                0x0800ccd9   Thumb Code    24  lwipentry.o(.text)
    LwIPEntry                                0x0800ccf1   Thumb Code   106  lwipentry.o(.text)
    netconn_new_with_proto_and_callback      0x0800cd61   Thumb Code    72  api_lib.o(.text)
    netconn_delete                           0x0800cda9   Thumb Code    40  api_lib.o(.text)
    netconn_getaddr                          0x0800cdd1   Thumb Code    40  api_lib.o(.text)
    netconn_bind                             0x0800cdf9   Thumb Code    36  api_lib.o(.text)
    netconn_connect                          0x0800ce1d   Thumb Code    36  api_lib.o(.text)
    netconn_disconnect                       0x0800ce41   Thumb Code    26  api_lib.o(.text)
    netconn_listen_with_backlog              0x0800ce5b   Thumb Code    28  api_lib.o(.text)
    netconn_accept                           0x0800ce77   Thumb Code    32  api_lib.o(.text)
    netconn_recv                             0x0800ce97   Thumb Code   284  api_lib.o(.text)
    netconn_send                             0x0800cfb3   Thumb Code    30  api_lib.o(.text)
    netconn_sendto                           0x0800cfd1   Thumb Code    36  api_lib.o(.text)
    netconn_write                            0x0800cff5   Thumb Code    40  api_lib.o(.text)
    netconn_close                            0x0800d01d   Thumb Code    26  api_lib.o(.text)
    netconn_gethostbyname                    0x0800d037   Thumb Code    64  api_lib.o(.text)
    netconn_free                             0x0800d4d3   Thumb Code   114  api_msg.o(.text)
    netconn_alloc                            0x0800d545   Thumb Code   106  api_msg.o(.text)
    do_newconn                               0x0800d6ab   Thumb Code    26  api_msg.o(.text)
    do_delconn                               0x0800d6c5   Thumb Code   126  api_msg.o(.text)
    do_bind                                  0x0800d743   Thumb Code   114  api_msg.o(.text)
    do_connect                               0x0800d7e9   Thumb Code   156  api_msg.o(.text)
    do_disconnect                            0x0800d885   Thumb Code    34  api_msg.o(.text)
    do_listen                                0x0800d8a7   Thumb Code   160  api_msg.o(.text)
    do_send                                  0x0800d947   Thumb Code   144  api_msg.o(.text)
    do_recv                                  0x0800d9d7   Thumb Code    50  api_msg.o(.text)
    do_write                                 0x0800da09   Thumb Code    72  api_msg.o(.text)
    do_getaddr                               0x0800da51   Thumb Code   172  api_msg.o(.text)
    do_close                                 0x0800dafd   Thumb Code    48  api_msg.o(.text)
    do_gethostbyname                         0x0800db59   Thumb Code    40  api_msg.o(.text)
    netbuf_new                               0x0800db8d   Thumb Code    30  netbuf.o(.text)
    netbuf_delete                            0x0800dbab   Thumb Code    32  netbuf.o(.text)
    netbuf_alloc                             0x0800dbcb   Thumb Code    46  netbuf.o(.text)
    netbuf_free                              0x0800dbf9   Thumb Code    22  netbuf.o(.text)
    netbuf_ref                               0x0800dc0f   Thumb Code    62  netbuf.o(.text)
    netbuf_chain                             0x0800dc4d   Thumb Code    28  netbuf.o(.text)
    netbuf_data                              0x0800dc69   Thumb Code    28  netbuf.o(.text)
    netbuf_next                              0x0800dc85   Thumb Code    34  netbuf.o(.text)
    netbuf_first                             0x0800dca7   Thumb Code     6  netbuf.o(.text)
    tcp_timer_needed                         0x0800dcd5   Thumb Code    38  tcpip.o(.text)
    tcpip_input                              0x0800de0f   Thumb Code    72  tcpip.o(.text)
    tcpip_callback_with_block                0x0800de57   Thumb Code    92  tcpip.o(.text)
    tcpip_timeout                            0x0800deb3   Thumb Code    64  tcpip.o(.text)
    tcpip_untimeout                          0x0800def3   Thumb Code    56  tcpip.o(.text)
    tcpip_apimsg                             0x0800df2b   Thumb Code    52  tcpip.o(.text)
    tcpip_init                               0x0800df5f   Thumb Code    44  tcpip.o(.text)
    pbuf_free_callback                       0x0800df99   Thumb Code    16  tcpip.o(.text)
    mem_free_callback                        0x0800dfa9   Thumb Code    16  tcpip.o(.text)
    __aeabi_memcpy                           0x0800dffd   Thumb Code    36  memcpya.o(.text)
    __aeabi_memcpy4                          0x0800dffd   Thumb Code     0  memcpya.o(.text)
    __aeabi_memcpy8                          0x0800dffd   Thumb Code     0  memcpya.o(.text)
    __aeabi_memset                           0x0800e021   Thumb Code    14  memseta.o(.text)
    __aeabi_memset4                          0x0800e021   Thumb Code     0  memseta.o(.text)
    __aeabi_memset8                          0x0800e021   Thumb Code     0  memseta.o(.text)
    __aeabi_memclr                           0x0800e02f   Thumb Code     4  memseta.o(.text)
    __aeabi_memclr4                          0x0800e02f   Thumb Code     0  memseta.o(.text)
    __aeabi_memclr8                          0x0800e02f   Thumb Code     0  memseta.o(.text)
    _memset$wrapper                          0x0800e033   Thumb Code    18  memseta.o(.text)
    strcat                                   0x0800e045   Thumb Code    24  strcat.o(.text)
    strlen                                   0x0800e05d   Thumb Code    14  strlen.o(.text)
    strcmp                                   0x0800e06b   Thumb Code    28  strcmp.o(.text)
    strcpy                                   0x0800e087   Thumb Code    18  strcpy.o(.text)
    strncmp                                  0x0800e099   Thumb Code    30  strncmp.o(.text)
    atoi                                     0x0800e0b7   Thumb Code    26  atoi.o(.text)
    __aeabi_fadd                             0x0800e0d1   Thumb Code   164  fadd.o(.text)
    __aeabi_fsub                             0x0800e175   Thumb Code     6  fadd.o(.text)
    __aeabi_frsub                            0x0800e17b   Thumb Code     6  fadd.o(.text)
    __aeabi_fmul                             0x0800e181   Thumb Code   100  fmul.o(.text)
    __aeabi_dadd                             0x0800e1e5   Thumb Code   322  dadd.o(.text)
    __aeabi_dsub                             0x0800e327   Thumb Code     6  dadd.o(.text)
    __aeabi_drsub                            0x0800e32d   Thumb Code     6  dadd.o(.text)
    __aeabi_ddiv                             0x0800e333   Thumb Code   222  ddiv.o(.text)
    __aeabi_ui2f                             0x0800e411   Thumb Code    10  ffltui.o(.text)
    __aeabi_f2uiz                            0x0800e41b   Thumb Code    40  ffixui.o(.text)
    __aeabi_f2d                              0x0800e443   Thumb Code    38  f2d.o(.text)
    __aeabi_d2f                              0x0800e469   Thumb Code    56  d2f.o(.text)
    __aeabi_uidiv                            0x0800e4a1   Thumb Code     0  uidiv.o(.text)
    __aeabi_uidivmod                         0x0800e4a1   Thumb Code    44  uidiv.o(.text)
    __aeabi_uldivmod                         0x0800e4cd   Thumb Code    98  uldiv.o(.text)
    __aeabi_llsl                             0x0800e52f   Thumb Code    30  llshl.o(.text)
    _ll_shift_l                              0x0800e52f   Thumb Code     0  llshl.o(.text)
    __aeabi_lasr                             0x0800e54d   Thumb Code    36  llsshr.o(.text)
    _ll_sshift_r                             0x0800e54d   Thumb Code     0  llsshr.o(.text)
    strtol                                   0x0800e571   Thumb Code   112  strtol.o(.text)
    __I$use$fp                               0x0800e5e1   Thumb Code     0  iusefp.o(.text)
    _float_round                             0x0800e5e1   Thumb Code    18  fepilogue.o(.text)
    _float_epilogue                          0x0800e5f3   Thumb Code    92  fepilogue.o(.text)
    _double_round                            0x0800e64f   Thumb Code    26  depilogue.o(.text)
    _double_epilogue                         0x0800e669   Thumb Code   156  depilogue.o(.text)
    __aeabi_dmul                             0x0800e705   Thumb Code   228  dmul.o(.text)
    __aeabi_d2ulz                            0x0800e7e9   Thumb Code    48  dfixul.o(.text)
    __aeabi_cdrcmple                         0x0800e819   Thumb Code    38  cdrcmple.o(.text)
    __scatterload                            0x0800e841   Thumb Code    28  init.o(.text)
    __scatterload_rt2                        0x0800e841   Thumb Code     0  init.o(.text)
    __aeabi_llsr                             0x0800e865   Thumb Code    32  llushr.o(.text)
    _ll_ushift_r                             0x0800e865   Thumb Code     0  llushr.o(.text)
    __rt_ctype_table                         0x0800e885   Thumb Code     4  ctype_o.o(.text)
    _strtoul                                 0x0800e88d   Thumb Code   158  _strtoul.o(.text)
    _chval                                   0x0800e92b   Thumb Code    28  _chval.o(.text)
    __decompress                             0x0800e947   Thumb Code     0  __dczerorl2.o(.text)
    __decompress1                            0x0800e947   Thumb Code    86  __dczerorl2.o(.text)
    __0sprintf                               0x0800e99d   Thumb Code    34  printfa.o(i.__0sprintf)
    __1sprintf                               0x0800e99d   Thumb Code     0  printfa.o(i.__0sprintf)
    __2sprintf                               0x0800e99d   Thumb Code     0  printfa.o(i.__0sprintf)
    __c89sprintf                             0x0800e99d   Thumb Code     0  printfa.o(i.__0sprintf)
    sprintf                                  0x0800e99d   Thumb Code     0  printfa.o(i.__0sprintf)
    __0vsprintf                              0x0800e9c5   Thumb Code    30  printfa.o(i.__0vsprintf)
    __1vsprintf                              0x0800e9c5   Thumb Code     0  printfa.o(i.__0vsprintf)
    __2vsprintf                              0x0800e9c5   Thumb Code     0  printfa.o(i.__0vsprintf)
    __c89vsprintf                            0x0800e9c5   Thumb Code     0  printfa.o(i.__0vsprintf)
    vsprintf                                 0x0800e9c5   Thumb Code     0  printfa.o(i.__0vsprintf)
    __aeabi_errno_addr                       0x0800e9e9   Thumb Code     4  errno.o(i.__aeabi_errno_addr)
    __rt_errno_addr                          0x0800e9e9   Thumb Code     0  errno.o(i.__aeabi_errno_addr)
    __scatterload_copy                       0x0800e9f1   Thumb Code    14  handlers.o(i.__scatterload_copy)
    __scatterload_null                       0x0800e9ff   Thumb Code     2  handlers.o(i.__scatterload_null)
    __scatterload_zeroinit                   0x0800ea01   Thumb Code    14  handlers.o(i.__scatterload_zeroinit)
    bsp_74hc595_set_DATA                     0x0800f2ad   Thumb Code    22  app_display.o(i.bsp_74hc595_set_DATA)
    bsp_74hc595_set_OE                       0x0800f2c9   Thumb Code    20  app_display.o(i.bsp_74hc595_set_OE)
    bsp_74hc595_set_SH_CP                    0x0800f2e1   Thumb Code    22  app_display.o(i.bsp_74hc595_set_SH_CP)
    bsp_74hc595_set_ST_CP                    0x0800f2fd   Thumb Code    22  app_display.o(i.bsp_74hc595_set_ST_CP)
    bsp_set_hv_state                         0x0800f319   Thumb Code    22  app_cli.o(i.bsp_set_hv_state)
    ethbroadcast                             0x0800f450   Data           6  etharp.o(.constdata)
    ethzero                                  0x0800f456   Data           6  etharp.o(.constdata)
    tcp_backoff                              0x0800f494   Data          13  tcp.o(.constdata)
    tcp_persist_backoff                      0x0800f4a1   Data           7  tcp.o(.constdata)
    ip_addr_any                              0x0800f4a8   Data           4  ip_addr.o(.constdata)
    ip_addr_broadcast                        0x0800f4ac   Data           4  ip_addr.o(.constdata)
    __ctype_table                            0x0800f4b0   Data         129  ctype_o.o(.constdata)
    Region$$Table$$Base                      0x0800f9a4   Number         0  anon$$obj.o(Region$$Table)
    Region$$Table$$Limit                     0x0800f9c4   Number         0  anon$$obj.o(Region$$Table)
    hum                                      0x2000001c   Data           4  app_sht10.o(.data)
    temp                                     0x20000020   Data           4  app_sht10.o(.data)
    pxCurrentTCB                             0x20000090   Data           4  tasks.o(.data)
    netif_list                               0x2000010c   Data           4  netif.o(.data)
    netif_default                            0x20000110   Data           4  netif.o(.data)
    tcp_state_str                            0x2000011c   Data          44  tcp.o(.data)
    tcp_ticks                                0x20000148   Data           4  tcp.o(.data)
    tcp_bound_pcbs                           0x2000014c   Data           4  tcp.o(.data)
    tcp_listen_pcbs                          0x20000150   Data           4  tcp.o(.data)
    tcp_active_pcbs                          0x20000154   Data           4  tcp.o(.data)
    tcp_tw_pcbs                              0x20000158   Data           4  tcp.o(.data)
    tcp_tmp_pcb                              0x2000015c   Data           4  tcp.o(.data)
    tcp_input_pcb                            0x20000184   Data           4  tcp_in.o(.data)
    udp_pcbs                                 0x20000188   Data           4  udp.o(.data)
    current_netif                            0x2000018c   Data           4  ip.o(.data)
    current_header                           0x20000190   Data           4  ip.o(.data)
    lwip_stats                               0x20008998   Data         330  stats.o(.bss)
    __initial_sp                             0x200096e0   Data           0  cstartup.o(STACK)



==============================================================================

Memory Map of the image

  Image Entry point : 0x080000ed

  Load Region LR_IROM1 (Base: 0x08000000, Size: 0x0000fb78, Max: 0x00040000, ABSOLUTE, COMPRESSED[0x0000fa2c])

    Execution Region ER_IROM1 (Base: 0x08000000, Size: 0x0000f9c4, Max: 0x00040000, ABSOLUTE)

    Base Addr    Size         Type   Attr      Idx    E Section Name        Object

    0x08000000   0x000000ec   Data   RO          715    RESET               cstartup.o
    0x080000ec   0x00000000   Code   RO         1958  * .ARM.Collect$$$$00000000  mc_w.l(entry.o)
    0x080000ec   0x00000004   Code   RO         2256    .ARM.Collect$$$$00000001  mc_w.l(entry2.o)
    0x080000f0   0x00000004   Code   RO         2259    .ARM.Collect$$$$00000004  mc_w.l(entry5.o)
    0x080000f4   0x00000000   Code   RO         2261    .ARM.Collect$$$$00000008  mc_w.l(entry7b.o)
    0x080000f4   0x00000000   Code   RO         2263    .ARM.Collect$$$$0000000A  mc_w.l(entry8b.o)
    0x080000f4   0x00000008   Code   RO         2264    .ARM.Collect$$$$0000000B  mc_w.l(entry9a.o)
    0x080000fc   0x00000000   Code   RO         2266    .ARM.Collect$$$$0000000D  mc_w.l(entry10a.o)
    0x080000fc   0x00000000   Code   RO         2268    .ARM.Collect$$$$0000000F  mc_w.l(entry11a.o)
    0x080000fc   0x00000004   Code   RO         2257    .ARM.Collect$$$$00002712  mc_w.l(entry2.o)
    0x08000100   0x00000096   Code   RO         1000    .emb_text           port.o
    0x08000196   0x00000002   PAD
    0x08000198   0x0000014c   Code   RO            3    .text               main.o
    0x080002e4   0x0000006c   Code   RO          209    .text               app_led.o
    0x08000350   0x0000026c   Code   RO          323    .text               app_serial.o
    0x080005bc   0x000002d0   Code   RO          370    .text               app_display.o
    0x0800088c   0x00000240   Code   RO          432    .text               app_sht10.o
    0x08000acc   0x000006c8   Code   RO          471    .text               app_ds3231.o
    0x08001194   0x0000005c   Code   RO          497    .text               app_buz.o
    0x080011f0   0x00000700   Code   RO          522    .text               app_cli.o
    0x080018f0   0x00000026   Code   RO          578    .text               hal_cli.o
    0x08001916   0x00000002   PAD
    0x08001918   0x000003cc   Code   RO          599    .text               mid_cli.o
    0x08001ce4   0x00000120   Code   RO          625    .text               app_data.o
    0x08001e04   0x0000029c   Code   RO          650    .text               bsp.o
    0x080020a0   0x000006bc   Code   RO          693    .text               i2c_bus.o
    0x0800275c   0x0000001c   Code   RO          716    .text               cstartup.o
    0x08002778   0x0000035c   Code   RO          722    .text               stm32f10x_gpio.o
    0x08002ad4   0x000003a4   Code   RO          742    .text               stm32f10x_rcc.o
    0x08002e78   0x000000dc   Code   RO          790    .text               misc.o
    0x08002f54   0x00000408   Code   RO          810    .text               stm32f10x_usart.o
    0x0800335c   0x0000011c   Code   RO          830    .text               stm32f10x_exti.o
    0x08003478   0x00000e1a   Code   RO          850    .text               stm32f10x_tim.o
    0x08004292   0x00000002   PAD
    0x08004294   0x000005bc   Code   RO          870    .text               stm32f10x_flash.o
    0x08004850   0x00000094   Code   RO          936    .text               list.o
    0x080048e4   0x00000724   Code   RO          948    .text               queue.o
    0x08005008   0x00001348   Code   RO          963    .text               tasks.o
    0x08006350   0x000000e4   Code   RO         1001    .text               port.o
    0x08006434   0x00000124   Code   RO         1030    .text               heap_2.o
    0x08006558   0x000002ec   Code   RO         1085    .text               sys_arch.o
    0x08006844   0x00000994   Code   RO         1131    .text               etharp.o
    0x080071d8   0x000005a4   Code   RO         1217    .text               dns.o
    0x0800777c   0x00000426   Code   RO         1269    .text               mem.o
    0x08007ba2   0x00000002   PAD
    0x08007ba4   0x0000017c   Code   RO         1287    .text               memp.o
    0x08007d20   0x00000204   Code   RO         1320    .text               netif.o
    0x08007f24   0x00000536   Code   RO         1342    .text               pbuf.o
    0x0800845a   0x00000002   PAD
    0x0800845c   0x0000019c   Code   RO         1368    .text               raw.o
    0x080085f8   0x0000024c   Code   RO         1394    .text               sys.o
    0x08008844   0x00000c08   Code   RO         1415    .text               tcp.o
    0x0800944c   0x0000174c   Code   RO         1436    .text               tcp_in.o
    0x0800ab98   0x00000afc   Code   RO         1459    .text               tcp_out.o
    0x0800b694   0x000004cc   Code   RO         1471    .text               udp.o
    0x0800bb60   0x000002ac   Code   RO         1489    .text               icmp.o
    0x0800be0c   0x0000021c   Code   RO         1507    .text               inet.o
    0x0800c028   0x00000156   Code   RO         1520    .text               inet_chksum.o
    0x0800c17e   0x00000002   PAD
    0x0800c180   0x000004f0   Code   RO         1536    .text               ip.o
    0x0800c670   0x0000004e   Code   RO         1557    .text               ip_addr.o
    0x0800c6be   0x00000002   PAD
    0x0800c6c0   0x00000618   Code   RO         1579    .text               ip_frag.o
    0x0800ccd8   0x00000088   Code   RO         1596    .text               lwipentry.o
    0x0800cd60   0x00000348   Code   RO         1679    .text               api_lib.o
    0x0800d0a8   0x00000ae4   Code   RO         1726    .text               api_msg.o
    0x0800db8c   0x00000120   Code   RO         1787    .text               netbuf.o
    0x0800dcac   0x00000350   Code   RO         1901    .text               tcpip.o
    0x0800dffc   0x00000024   Code   RO         1961    .text               mc_w.l(memcpya.o)
    0x0800e020   0x00000024   Code   RO         1963    .text               mc_w.l(memseta.o)
    0x0800e044   0x00000018   Code   RO         1965    .text               mc_w.l(strcat.o)
    0x0800e05c   0x0000000e   Code   RO         1967    .text               mc_w.l(strlen.o)
    0x0800e06a   0x0000001c   Code   RO         1969    .text               mc_w.l(strcmp.o)
    0x0800e086   0x00000012   Code   RO         1971    .text               mc_w.l(strcpy.o)
    0x0800e098   0x0000001e   Code   RO         1973    .text               mc_w.l(strncmp.o)
    0x0800e0b6   0x0000001a   Code   RO         2238    .text               mc_w.l(atoi.o)
    0x0800e0d0   0x000000b0   Code   RO         2240    .text               mf_w.l(fadd.o)
    0x0800e180   0x00000064   Code   RO         2242    .text               mf_w.l(fmul.o)
    0x0800e1e4   0x0000014e   Code   RO         2244    .text               mf_w.l(dadd.o)
    0x0800e332   0x000000de   Code   RO         2246    .text               mf_w.l(ddiv.o)
    0x0800e410   0x0000000a   Code   RO         2248    .text               mf_w.l(ffltui.o)
    0x0800e41a   0x00000028   Code   RO         2250    .text               mf_w.l(ffixui.o)
    0x0800e442   0x00000026   Code   RO         2252    .text               mf_w.l(f2d.o)
    0x0800e468   0x00000038   Code   RO         2254    .text               mf_w.l(d2f.o)
    0x0800e4a0   0x0000002c   Code   RO         2273    .text               mc_w.l(uidiv.o)
    0x0800e4cc   0x00000062   Code   RO         2275    .text               mc_w.l(uldiv.o)
    0x0800e52e   0x0000001e   Code   RO         2277    .text               mc_w.l(llshl.o)
    0x0800e54c   0x00000024   Code   RO         2279    .text               mc_w.l(llsshr.o)
    0x0800e570   0x00000070   Code   RO         2288    .text               mc_w.l(strtol.o)
    0x0800e5e0   0x00000000   Code   RO         2290    .text               mc_w.l(iusefp.o)
    0x0800e5e0   0x0000006e   Code   RO         2291    .text               mf_w.l(fepilogue.o)
    0x0800e64e   0x000000b6   Code   RO         2293    .text               mf_w.l(depilogue.o)
    0x0800e704   0x000000e4   Code   RO         2295    .text               mf_w.l(dmul.o)
    0x0800e7e8   0x00000030   Code   RO         2297    .text               mf_w.l(dfixul.o)
    0x0800e818   0x00000028   Code   RO         2299    .text               mf_w.l(cdrcmple.o)
    0x0800e840   0x00000024   Code   RO         2301    .text               mc_w.l(init.o)
    0x0800e864   0x00000020   Code   RO         2304    .text               mc_w.l(llushr.o)
    0x0800e884   0x00000008   Code   RO         2306    .text               mc_w.l(ctype_o.o)
    0x0800e88c   0x0000009e   Code   RO         2334    .text               mc_w.l(_strtoul.o)
    0x0800e92a   0x0000001c   Code   RO         2337    .text               mc_w.l(_chval.o)
    0x0800e946   0x00000056   Code   RO         2347    .text               mc_w.l(__dczerorl2.o)
    0x0800e99c   0x00000028   Code   RO         2212    i.__0sprintf        mc_w.l(printfa.o)
    0x0800e9c4   0x00000024   Code   RO         2216    i.__0vsprintf       mc_w.l(printfa.o)
    0x0800e9e8   0x00000008   Code   RO         2281    i.__aeabi_errno_addr  mc_w.l(errno.o)
    0x0800e9f0   0x0000000e   Code   RO         2341    i.__scatterload_copy  mc_w.l(handlers.o)
    0x0800e9fe   0x00000002   Code   RO         2342    i.__scatterload_null  mc_w.l(handlers.o)
    0x0800ea00   0x0000000e   Code   RO         2343    i.__scatterload_zeroinit  mc_w.l(handlers.o)
    0x0800ea0e   0x00000002   PAD
    0x0800ea10   0x00000164   Code   RO         2217    i._fp_digits        mc_w.l(printfa.o)
    0x0800eb74   0x000006dc   Code   RO         2218    i._printf_core      mc_w.l(printfa.o)
    0x0800f250   0x00000024   Code   RO         2219    i._printf_post_padding  mc_w.l(printfa.o)
    0x0800f274   0x0000002e   Code   RO         2220    i._printf_pre_padding  mc_w.l(printfa.o)
    0x0800f2a2   0x0000000a   Code   RO         2222    i._sputc            mc_w.l(printfa.o)
    0x0800f2ac   0x0000001c   Code   RO          403    i.bsp_74hc595_set_DATA  app_display.o
    0x0800f2c8   0x00000018   Code   RO          388    i.bsp_74hc595_set_OE  app_display.o
    0x0800f2e0   0x0000001c   Code   RO          398    i.bsp_74hc595_set_SH_CP  app_display.o
    0x0800f2fc   0x0000001c   Code   RO          393    i.bsp_74hc595_set_ST_CP  app_display.o
    0x0800f318   0x0000001c   Code   RO          541    i.bsp_set_hv_state  app_cli.o
    0x0800f334   0x00000006   Data   RO          210    .constdata          app_led.o
    0x0800f33a   0x00000002   PAD
    0x0800f33c   0x00000008   Data   RO          371    .constdata          app_display.o
    0x0800f344   0x0000000c   Data   RO          472    .constdata          app_ds3231.o
    0x0800f350   0x000000a0   Data   RO          523    .constdata          app_cli.o
    0x0800f3f0   0x00000060   Data   RO          601    .constdata          mid_cli.o
    0x0800f450   0x0000000c   Data   RO         1133    .constdata          etharp.o
    0x0800f45c   0x00000038   Data   RO         1289    .constdata          memp.o
    0x0800f494   0x00000014   Data   RO         1416    .constdata          tcp.o
    0x0800f4a8   0x00000008   Data   RO         1558    .constdata          ip_addr.o
    0x0800f4b0   0x00000081   Data   RO         2307    .constdata          mc_w.l(ctype_o.o)
    0x0800f531   0x00000003   PAD
    0x0800f534   0x00000004   Data   RO         2308    .constdata          mc_w.l(ctype_o.o)
    0x0800f538   0x00000313   Data   RO          524    .conststring        app_cli.o
    0x0800f84b   0x00000001   PAD
    0x0800f84c   0x00000065   Data   RO          602    .conststring        mid_cli.o
    0x0800f8b1   0x00000003   PAD
    0x0800f8b4   0x00000075   Data   RO         1417    .conststring        tcp.o
    0x0800f929   0x00000003   PAD
    0x0800f92c   0x00000078   Data   RO         1597    .conststring        lwipentry.o
    0x0800f9a4   0x00000020   Data   RO         2339    Region$$Table       anon$$obj.o


    Execution Region RW_IRAM1 (Base: 0x20000000, Size: 0x000096e0, Max: 0x0000c000, ABSOLUTE, COMPRESSED[0x00000068])

    Base Addr    Size         Type   Attr      Idx    E Section Name        Object

    0x20000000   0x00000010   Data   RW          324    .data               app_serial.o
    0x20000010   0x0000000a   Data   RW          372    .data               app_display.o
    0x2000001a   0x00000002   PAD
    0x2000001c   0x0000000f   Data   RW          433    .data               app_sht10.o
    0x2000002b   0x00000001   PAD
    0x2000002c   0x00000008   Data   RW          473    .data               app_ds3231.o
    0x20000034   0x00000002   Data   RW          498    .data               app_buz.o
    0x20000036   0x00000002   PAD
    0x20000038   0x0000001c   Data   RW          525    .data               app_cli.o
    0x20000054   0x00000020   Data   RW          603    .data               mid_cli.o
    0x20000074   0x00000008   Data   RW          626    .data               app_data.o
    0x2000007c   0x00000014   Data   RW          743    .data               stm32f10x_rcc.o
    0x20000090   0x0000003c   Data   RW          965    .data               tasks.o
    0x200000cc   0x00000004   Data   RW         1002    .data               port.o
    0x200000d0   0x00000018   Data   RW         1032    .data               heap_2.o
    0x200000e8   0x00000002   Data   RW         1087    .data               sys_arch.o
    0x200000ea   0x00000001   Data   RW         1134    .data               etharp.o
    0x200000eb   0x00000001   PAD
    0x200000ec   0x0000000d   Data   RW         1219    .data               dns.o
    0x200000f9   0x00000003   PAD
    0x200000fc   0x00000010   Data   RW         1271    .data               mem.o
    0x2000010c   0x00000009   Data   RW         1321    .data               netif.o
    0x20000115   0x00000001   Data   RW         1343    .data               pbuf.o
    0x20000116   0x00000002   PAD
    0x20000118   0x00000004   Data   RW         1369    .data               raw.o
    0x2000011c   0x0000004c   Data   RW         1418    .data               tcp.o
    0x20000168   0x00000020   Data   RW         1438    .data               tcp_in.o
    0x20000188   0x00000004   Data   RW         1472    .data               udp.o
    0x2000018c   0x0000000a   Data   RW         1537    .data               ip.o
    0x20000196   0x00000002   PAD
    0x20000198   0x00000006   Data   RW         1581    .data               ip_frag.o
    0x2000019e   0x00000002   PAD
    0x200001a0   0x00000010   Data   RW         1902    .data               tcpip.o
    0x200001b0   0x00000004   Data   RW         2284    .data               mc_w.l(errno.o)
    0x200001b4   0x00000030   Zero   RW            4    .bss                main.o
    0x200001e4   0x000002f0   Zero   RW          600    .bss                mid_cli.o
    0x200004d4   0x00000030   Zero   RW          694    .bss                i2c_bus.o
    0x20000504   0x0000012c   Zero   RW          964    .bss                tasks.o
    0x20000630   0x00004400   Zero   RW         1031    .bss                heap_2.o
    0x20004a30   0x00000028   Zero   RW         1086    .bss                sys_arch.o
    0x20004a58   0x000000c8   Zero   RW         1132    .bss                etharp.o
    0x20004b20   0x00000660   Zero   RW         1218    .bss                dns.o
    0x20005180   0x000007e4   Zero   RW         1270    .bss                mem.o
    0x20005964   0x00003033   Zero   RW         1288    .bss                memp.o
    0x20008997   0x00000001   PAD
    0x20008998   0x0000014a   Zero   RW         1382    .bss                stats.o
    0x20008ae2   0x00000002   PAD
    0x20008ae4   0x00000014   Zero   RW         1437    .bss                tcp_in.o
    0x20008af8   0x00000010   Zero   RW         1508    .bss                inet.o
    0x20008b08   0x000007d4   Zero   RW         1580    .bss                ip_frag.o
    0x200092dc   0x00000004   PAD
    0x200092e0   0x00000400   Zero   RW          713    STACK               cstartup.o


==============================================================================

Image component sizes


      Code (inc. data)   RO Data    RW Data    ZI Data      Debug   Object Name

       840         50          0          0          0      19456   api_lib.o
      2788         38          0          0          0      25847   api_msg.o
        92         12          0          2          0      21343   app_buz.o
      1820        610        947         28          0      30232   app_cli.o
       288         14          0          8          0       8583   app_data.o
       828         56          8         10          0       7763   app_display.o
      1736         24         12          8          0       7357   app_ds3231.o
       108          8          6          0          0        694   app_led.o
       620         30          0         16          0       9034   app_serial.o
       576         48          0         15          0       3491   app_sht10.o
       668         22          0          0          0       1831   bsp.o
        28          4        236          0       1024        772   cstartup.o
      1444         58          0         13       1632       6097   dns.o
      2452         38         12          1        200      17449   etharp.o
         0          0          0          0          0       9480   event_groups.o
        38          0          0          0          0        774   hal_cli.o
       292         20          0         24      17408       3088   heap_2.o
      1724         18          0          0         48       4901   i2c_bus.o
       684          6          0          0          0       2502   icmp.o
       540         12          0          0         16       3100   inet.o
       342          0          0          0          0       5110   inet_chksum.o
         0          0          0          0          0        652   init.o
      1264         28          0         10          0       6162   ip.o
        78          0          8          0          0       5345   ip_addr.o
      1560         24          0          6       2004       5744   ip_frag.o
       148          0          0          0          0       1782   list.o
       136          6        120          0          0      18289   lwipentry.o
       332        128          0          0         48     253548   main.o
      1062         24          0         16       2020       3774   mem.o
       380         20         56          0      12339       2958   memp.o
       972         96        197         32        752       5374   mid_cli.o
       220         22          0          0          0       1721   misc.o
       288          0          0          0          0       6353   netbuf.o
         0          0          0          0          0      13363   netconfig.o
       516         22          0          9          0       5180   netif.o
      1334         12          0          1          0       6068   pbuf.o
       378         28          0          4          0       6916   port.o
      1828         10          0          0          0      11171   queue.o
       412          4          0          4          0       3273   raw.o
         0          0          0          0        330       3289   stats.o
       284         10          0          0          0       2155   stm32f10x_exti.o
      1468         34          0          0          0       7950   stm32f10x_flash.o
       860         38          0          0          0       5565   stm32f10x_gpio.o
       932         36          0         20          0       8712   stm32f10x_rcc.o
      3610         88          0          0          0      22052   stm32f10x_tim.o
      1032         22          0          0          0       8292   stm32f10x_usart.o
       588          4          0          0          0       3208   sys.o
       748         12          0          2         40       8594   sys_arch.o
      4936        300          0         60        300      29819   tasks.o
      3080        120        137         76          0      18005   tcp.o
      5964        248          0         32         20      14108   tcp_in.o
      2812         26          0          0          0       6854   tcp_out.o
       848         74          0         16          0      20700   tcpip.o
      1228         16          0          4          0       6181   udp.o

    ----------------------------------------------------------------------
     57220       2520       1780        432      38188     712061   Object Totals
         0          0         32          0          0          0   (incl. Generated)
        14          0          9         15          7          0   (incl. Padding)

    ----------------------------------------------------------------------

      Code (inc. data)   RO Data    RW Data    ZI Data      Debug   Library Member Name

        86          0          0          0          0          0   __dczerorl2.o
        28          0          0          0          0         68   _chval.o
       158          0          0          0          0         92   _strtoul.o
        26          0          0          0          0         80   atoi.o
         8          4        133          0          0         68   ctype_o.o
         0          0          0          0          0          0   entry.o
         0          0          0          0          0          0   entry10a.o
         0          0          0          0          0          0   entry11a.o
         8          4          0          0          0          0   entry2.o
         4          0          0          0          0          0   entry5.o
         0          0          0          0          0          0   entry7b.o
         0          0          0          0          0          0   entry8b.o
         8          4          0          0          0          0   entry9a.o
         8          4          0          4          0         68   errno.o
        30          0          0          0          0          0   handlers.o
        36          8          0          0          0         68   init.o
         0          0          0          0          0          0   iusefp.o
        30          0          0          0          0         68   llshl.o
        36          0          0          0          0         68   llsshr.o
        32          0          0          0          0         68   llushr.o
        36          0          0          0          0         68   memcpya.o
        36          0          0          0          0        108   memseta.o
      2280         92          0          0          0        592   printfa.o
        24          0          0          0          0         68   strcat.o
        28          0          0          0          0         76   strcmp.o
        18          0          0          0          0         68   strcpy.o
        14          0          0          0          0         68   strlen.o
        30          0          0          0          0         80   strncmp.o
       112          0          0          0          0         88   strtol.o
        44          0          0          0          0         80   uidiv.o
        98          0          0          0          0         92   uldiv.o
        40          2          0          0          0         68   cdrcmple.o
        56          0          0          0          0         88   d2f.o
       334          0          0          0          0        148   dadd.o
       222          0          0          0          0        100   ddiv.o
       182          0          0          0          0        176   depilogue.o
        48          0          0          0          0         68   dfixul.o
       228          0          0          0          0         96   dmul.o
        38          0          0          0          0         68   f2d.o
       176          0          0          0          0        140   fadd.o
       110          0          0          0          0        168   fepilogue.o
        40          0          0          0          0         68   ffixui.o
        10          0          0          0          0         68   ffltui.o
       100          0          0          0          0         76   fmul.o

    ----------------------------------------------------------------------
      4804        118        136          4          0       3368   Library Totals
         2          0          3          0          0          0   (incl. Padding)

    ----------------------------------------------------------------------

      Code (inc. data)   RO Data    RW Data    ZI Data      Debug   Library Name

      3218        116        133          4          0       2036   mc_w.l
      1584          2          0          0          0       1332   mf_w.l

    ----------------------------------------------------------------------
      4804        118        136          4          0       3368   Library Totals

    ----------------------------------------------------------------------

==============================================================================


      Code (inc. data)   RO Data    RW Data    ZI Data      Debug   

     62024       2638       1916        436      38188     708901   Grand Totals
     62024       2638       1916        104      38188     708901   ELF Image Totals (compressed)
     62024       2638       1916        104          0          0   ROM Totals

==============================================================================

    Total RO  Size (Code + RO Data)                63940 (  62.44kB)
    Total RW  Size (RW Data + ZI Data)             38624 (  37.72kB)
    Total ROM Size (Code + RO Data + RW Data)      64044 (  62.54kB)

==============================================================================

