Product: MDK-ARM Standard 5.10
Component: ARM Compiler 5.04 update 1 (build 49)
Tool: armlink [5040049]

==============================================================================

Section Cross References

    main.o(.text) refers to bsp.o(.text) for bsp_init
    main.o(.text) refers to lwipentry.o(.text) for vlwIPInit
    main.o(.text) refers to netconfig.o(.text) for LwIP_Init
    main.o(.text) refers to sys_arch.o(.text) for sys_thread_new
    main.o(.text) refers to tasks.o(.text) for xTaskCreate
    main.o(.text) refers to app_led.o(.text) for app_led_task_blink
    app_led.o(.text) refers to stm32f10x_rcc.o(.text) for RCC_APB2PeriphClockCmd
    app_led.o(.text) refers to stm32f10x_gpio.o(.text) for GPIO_Init
    app_led.o(.text) refers to tasks.o(.text) for xTaskGetTickCount
    app_led.o(.text) refers to app_serial.o(.text) for dbg_string
    app_led.o(.text) refers to app_led.o(.constdata) for .constdata
    netconfig.o(.text) refers to inet.o(.text) for htonl
    netconfig.o(.text) refers to netif.o(.text) for netif_add
    netconfig.o(.text) refers to netconfig.o(.data) for .data
    netconfig.o(.text) refers to netconfig.o(.bss) for .bss
    netconfig.o(.text) refers to tcpip.o(.text) for tcpip_input
    netconfig.o(.text) refers to ethernetif.o(.text) for ethernetif_init
    app_serial.o(.text) refers to tasks.o(.text) for vTaskDelay
    app_serial.o(.text) refers to printfa.o(i.__0vsprintf) for __c89vsprintf
    app_serial.o(.text) refers to queue.o(.text) for xQueueGenericCreate
    app_serial.o(.text) refers to stm32f10x_rcc.o(.text) for RCC_APB2PeriphClockCmd
    app_serial.o(.text) refers to stm32f10x_gpio.o(.text) for GPIO_Init
    app_serial.o(.text) refers to stm32f10x_usart.o(.text) for USART_Init
    app_serial.o(.text) refers to misc.o(.text) for NVIC_Init
    app_serial.o(.text) refers to app_serial.o(.data) for .data
    bsp.o(.text) refers to app_serial.o(.text) for serial_init
    bsp.o(.text) refers to i2c_bus.o(.text) for i2c_bus_init
    bsp.o(.text) refers to app_led.o(.text) for app_led_init
    bsp.o(.text) refers to stm32f10x_rcc.o(.text) for RCC_APB2PeriphClockCmd
    bsp.o(.text) refers to stm32f10x_gpio.o(.text) for GPIO_Init
    bsp.o(.text) refers to misc.o(.text) for NVIC_SetVectorTable
    dm9000x.o(.text) refers to stm32f10x_rcc.o(.text) for RCC_APB2PeriphClockCmd
    dm9000x.o(.text) refers to stm32f10x_gpio.o(.text) for GPIO_PinRemapConfig
    i2c_bus.o(.text) refers to stm32f10x_rcc.o(.text) for RCC_APB2PeriphClockCmd
    i2c_bus.o(.text) refers to stm32f10x_gpio.o(.text) for GPIO_Init
    i2c_bus.o(.text) refers to i2c_bus.o(.bss) for .bss
    cstartup.o(RESET) refers to cstartup.o(STACK) for __initial_sp
    cstartup.o(RESET) refers to cstartup.o(.text) for Reset_Handler
    cstartup.o(RESET) refers to port.o(.emb_text) for vPortSVCHandler
    cstartup.o(RESET) refers to port.o(.text) for xPortSysTickHandler
    cstartup.o(RESET) refers to app_serial.o(.text) for USART1_IRQHandler
    cstartup.o(.text) refers to entry.o(.ARM.Collect$$$$00000000) for __main
    stm32f10x_gpio.o(.text) refers to stm32f10x_rcc.o(.text) for RCC_APB2PeriphResetCmd
    stm32f10x_rcc.o(.text) refers to stm32f10x_rcc.o(.data) for .data
    system_stm32f10x.o(.text) refers to system_stm32f10x.o(.data) for .data
    stm32f10x_usart.o(.text) refers to stm32f10x_rcc.o(.text) for RCC_APB2PeriphResetCmd
    event_groups.o(.text) refers to heap_2.o(.text) for pvPortMalloc
    event_groups.o(.text) refers to list.o(.text) for vListInitialise
    event_groups.o(.text) refers to tasks.o(.text) for vTaskSuspendAll
    event_groups.o(.text) refers to port.o(.text) for vPortEnterCritical
    queue.o(.text) refers to port.o(.text) for vPortEnterCritical
    queue.o(.text) refers to list.o(.text) for vListInitialise
    queue.o(.text) refers to tasks.o(.text) for xTaskRemoveFromEventList
    queue.o(.text) refers to heap_2.o(.text) for pvPortMalloc
    queue.o(.text) refers to memcpya.o(.text) for __aeabi_memcpy
    tasks.o(.text) refers to port.o(.text) for vPortEnterCritical
    tasks.o(.text) refers to list.o(.text) for vListInitialise
    tasks.o(.text) refers to heap_2.o(.text) for pvPortMalloc
    tasks.o(.text) refers to tasks.o(.data) for .data
    tasks.o(.text) refers to tasks.o(.bss) for .bss
    tasks.o(.text) refers to memseta.o(.text) for __aeabi_memset
    port.o(.emb_text) refers to tasks.o(.text) for vTaskSwitchContext
    port.o(.emb_text) refers to tasks.o(.data) for pxCurrentTCB
    port.o(.text) refers to port.o(.emb_text) for __asm___6_port_c_39a90d8d__prvStartFirstTask
    port.o(.text) refers to tasks.o(.text) for xTaskIncrementTick
    port.o(.text) refers to port.o(.data) for .data
    heap_2.o(.text) refers to tasks.o(.text) for vTaskSuspendAll
    heap_2.o(.text) refers to heap_2.o(.data) for .data
    heap_2.o(.text) refers to heap_2.o(.bss) for .bss
    ethernetif.o(.text) refers to dm9000x.o(.text) for dm9000x_receivepacket
[...]
    ..\\STMLIB\\src\\stm32f10x_exti.c        0x00000000   Number         0  stm32f10x_exti.o ABSOLUTE
    ..\\STMLIB\\src\\stm32f10x_gpio.c        0x00000000   Number         0  stm32f10x_gpio.o ABSOLUTE
    ..\\STMLIB\\src\\stm32f10x_rcc.c         0x00000000   Number         0  stm32f10x_rcc.o ABSOLUTE
    ..\\STMLIB\\src\\stm32f10x_usart.c       0x00000000   Number         0  stm32f10x_usart.o ABSOLUTE
    ..\\STMLIB\\src\\system_stm32f10x.c      0x00000000   Number         0  system_stm32f10x.o ABSOLUTE
    cdrcmple.s                               0x00000000   Number         0  cdrcmple.o ABSOLUTE
    dc.s                                     0x00000000   Number         0  dc.o ABSOLUTE
    handlers.s                               0x00000000   Number         0  handlers.o ABSOLUTE
    init.s                                   0x00000000   Number         0  init.o ABSOLUTE
    RESET                                    0x08000000   Section      236  cstartup.o(RESET)
    .ARM.Collect$$$$00000000                 0x080000ec   Section        0  entry.o(.ARM.Collect$$$$00000000)
    .ARM.Collect$$$$00000001                 0x080000ec   Section        4  entry2.o(.ARM.Collect$$$$00000001)
    .ARM.Collect$$$$00000004                 0x080000f0   Section        4  entry5.o(.ARM.Collect$$$$00000004)
    .ARM.Collect$$$$00000008                 0x080000f4   Section        0  entry7b.o(.ARM.Collect$$$$00000008)
    .ARM.Collect$$$$0000000A                 0x080000f4   Section        0  entry8b.o(.ARM.Collect$$$$0000000A)
    .ARM.Collect$$$$0000000B                 0x080000f4   Section        8  entry9a.o(.ARM.Collect$$$$0000000B)
    .ARM.Collect$$$$0000000D                 0x080000fc   Section        0  entry10a.o(.ARM.Collect$$$$0000000D)
    .ARM.Collect$$$$0000000F                 0x080000fc   Section        0  entry11a.o(.ARM.Collect$$$$0000000F)
    .ARM.Collect$$$$00002712                 0x080000fc   Section        4  entry2.o(.ARM.Collect$$$$00002712)
    __lit__00000000                          0x080000fc   Data           4  entry2.o(.ARM.Collect$$$$00002712)
    .emb_text                                0x08000100   Section      150  port.o(.emb_text)
    .text                                    0x08000198   Section        0  main.o(.text)
    .text                                    0x080001e8   Section        0  app_led.o(.text)
    .text                                    0x08000260   Section        0  netconfig.o(.text)
    .text                                    0x0800032c   Section        0  app_serial.o(.text)
    vComTxTask                               0x0800032d   Thumb Code    60  app_serial.o(.text)
    xSerialPutChar                           0x080004d3   Thumb Code    40  app_serial.o(.text)
    .text                                    0x08000518   Section        0  bsp.o(.text)
    prvSetupHardware                         0x080005b5   Thumb Code   118  bsp.o(.text)
    .text                                    0x08000638   Section        0  dm9000x.o(.text)
    dm9000_out_byte                          0x080006c1   Thumb Code   106  dm9000x.o(.text)
    ior                                      0x0800072b   Thumb Code    92  dm9000x.o(.text)
    iow                                      0x080009d9   Thumb Code    20  dm9000x.o(.text)
    .text                                    0x08000a00   Section        0  i2c_bus.o(.text)
    i2c_bus_start                            0x08000a01   Thumb Code    98  i2c_bus.o(.text)
    i2c_bus_chip_reset                       0x08000a63   Thumb Code    62  i2c_bus.o(.text)
    delayus                                  0x08000b23   Thumb Code    20  i2c_bus.o(.text)
    .text                                    0x08000b44   Section       28  cstartup.o(.text)
    .text                                    0x08000b60   Section        0  stm32f10x_gpio.o(.text)
    .text                                    0x08000dc4   Section        0  stm32f10x_rcc.o(.text)
    .text                                    0x0800107c   Section        0  misc.o(.text)
    .text                                    0x0800112c   Section        0  stm32f10x_usart.o(.text)
    .text                                    0x08001454   Section        0  list.o(.text)
    .text                                    0x080014dc   Section        0  queue.o(.text)
    prvUnlockQueue                           0x0800158d   Thumb Code   106  queue.o(.text)
    prvCopyDataToQueue                       0x080015f7   Thumb Code    88  queue.o(.text)
    prvCopyDataFromQueue                     0x08001803   Thumb Code    38  queue.o(.text)
    prvIsQueueEmpty                          0x08001a15   Thumb Code    26  queue.o(.text)
    .text                                    0x08001a30   Section        0  tasks.o(.text)
    prvAddNewTaskToReadyList                 0x08001a31   Thumb Code   194  tasks.o(.text)
    prvAddCurrentTaskToDelayedList           0x08001d27   Thumb Code   102  tasks.o(.text)
    prvIdleTask                              0x080020d1   Thumb Code    30  tasks.o(.text)
    prvListTasksWithinSingleList             0x080021e5   Thumb Code   112  tasks.o(.text)
    prvInitialiseNewTask                     0x08002737   Thumb Code   132  tasks.o(.text)
    prvResetNextTaskUnblockTime              0x080027bb   Thumb Code    26  tasks.o(.text)
    prvDeleteTCB                             0x080027d5   Thumb Code    20  tasks.o(.text)
    prvTaskIsTaskSuspended                   0x080027e9   Thumb Code    28  tasks.o(.text)
    prvCheckTasksWaitingTermination          0x08002805   Thumb Code    76  tasks.o(.text)
    .text                                    0x0800285c   Section        0  port.o(.text)
    prvTaskExitError                         0x0800285d   Thumb Code    16  port.o(.text)
    .text                                    0x08002920   Section        0  heap_2.o(.text)
    .text                                    0x08002a14   Section        0  ethernetif.o(.text)
    low_level_output                         0x08002a73   Thumb Code    42  ethernetif.o(.text)
    .text                                    0x08002b10   Section        0  sys_arch.o(.text)
    .text                                    0x08002d5c   Section        0  etharp.o(.text)
    find_entry                               0x08002dab   Thumb Code   316  etharp.o(.text)
    etharp_send_ip                           0x08002ee7   Thumb Code    54  etharp.o(.text)
    update_arp_entry                         0x08002f1d   Thumb Code   162  etharp.o(.text)
    free_etharp_q                            0x08003395   Thumb Code    30  etharp.o(.text)
    etharp_raw                               0x080033b3   Thumb Code   188  etharp.o(.text)
    .text                                    0x0800347c   Section        0  dns.o(.text)
    dns_recv                                 0x0800349f   Thumb Code   356  dns.o(.text)
    dns_send                                 0x0800364f   Thumb Code   190  dns.o(.text)
    dns_check_entry                          0x0800370d   Thumb Code   170  dns.o(.text)
    dns_parse_name                           0x08003889   Thumb Code    34  dns.o(.text)
    dns_enqueue                              0x080038ab   Thumb Code   136  dns.o(.text)
    .text                                    0x0800393c   Section        0  mem.o(.text)
    plug_holes                               0x08003be9   Thumb Code    78  mem.o(.text)
    .text                                    0x08003c44   Section        0  memp.o(.text)
    .text                                    0x08003d48   Section        0  netif.o(.text)
    .text                                    0x08003ed4   Section        0  pbuf.o(.text)
    pbuf_free_ooseq                          0x08003ed5   Thumb Code    42  pbuf.o(.text)
    pbuf_pool_is_empty                       0x08003eff   Thumb Code    54  pbuf.o(.text)
    .text                                    0x08004308   Section        0  raw.o(.text)
    .text                                    0x08004468   Section        0  sys.o(.text)
    sswt_handler                             0x080045db   Thumb Code    12  sys.o(.text)
    .text                                    0x08004640   Section        0  tcp.o(.text)
    tcp_new_port                             0x08004b97   Thumb Code    92  tcp.o(.text)
    tcp_accept_null                          0x08004ca3   Thumb Code     6  tcp.o(.text)
    .text                                    0x08004f78   Section        0  tcp_in.o(.text)
    tcp_oos_insert_segment                   0x08004f79   Thumb Code   140  tcp_in.o(.text)
    tcp_receive                              0x08005005   Thumb Code  1670  tcp_in.o(.text)
    tcp_parseopt                             0x0800568b   Thumb Code   124  tcp_in.o(.text)
    tcp_process                              0x08005707   Thumb Code   846  tcp_in.o(.text)
    tcp_listen_input                         0x08005a55   Thumb Code   236  tcp_in.o(.text)
    tcp_timewait_input                       0x08005ed3   Thumb Code   100  tcp_in.o(.text)
    .text                                    0x08005f40   Section        0  tcp_out.o(.text)
    tcp_output_set_header                    0x08005f41   Thumb Code   124  tcp_out.o(.text)
    tcp_output_segment                       0x080063a3   Thumb Code   208  tcp_out.o(.text)
    .text                                    0x080068c8   Section        0  udp.o(.text)
    .text                                    0x08006c8c   Section        0  icmp.o(.text)
    icmp_send_response                       0x08006e33   Thumb Code   112  icmp.o(.text)
    .text                                    0x08006eb4   Section        0  inet.o(.text)
    .text                                    0x0800701c   Section        0  inet_chksum.o(.text)
    lwip_standard_chksum                     0x0800701d   Thumb Code    60  inet_chksum.o(.text)
    .text                                    0x08007134   Section        0  ip.o(.text)
    ip_forward                               0x0800717d   Thumb Code   168  ip.o(.text)
    .text                                    0x08007550   Section        0  ip_addr.o(.text)
    .text                                    0x08007580   Section        0  ip_frag.o(.text)
    ip_reass_free_complete_datagram          0x08007581   Thumb Code   106  ip_frag.o(.text)
    ip_reass_remove_oldest_datagram          0x08007613   Thumb Code   108  ip_frag.o(.text)
    ip_reass_chain_frag_into_datagram_and_validate 0x0800767f   Thumb Code   234  ip_frag.o(.text)
    ip_reass_dequeue_datagram                0x08007a7d   Thumb Code    30  ip_frag.o(.text)
    .text                                    0x08007aa4   Section        0  lwipentry.o(.text)
    .text                                    0x08007b24   Section        0  api_lib.o(.text)
    .text                                    0x08007de4   Section        0  api_msg.o(.text)
    recv_raw                                 0x08007de5   Thumb Code   122  api_msg.o(.text)
    recv_udp                                 0x08007e5f   Thumb Code   110  api_msg.o(.text)
    recv_tcp                                 0x08007ecd   Thumb Code    74  api_msg.o(.text)
    err_tcp                                  0x08007f17   Thumb Code   100  api_msg.o(.text)
    do_writemore                             0x08007f7b   Thumb Code   180  api_msg.o(.text)
    sent_tcp                                 0x0800802f   Thumb Code    64  api_msg.o(.text)
    do_close_internal                        0x0800806f   Thumb Code   156  api_msg.o(.text)
    poll_tcp                                 0x0800810b   Thumb Code    28  api_msg.o(.text)
    setup_tcp                                0x08008127   Thumb Code    50  api_msg.o(.text)
    accept_function                          0x08008219   Thumb Code    76  api_msg.o(.text)
    do_connected                             0x08008343   Thumb Code    44  api_msg.o(.text)
    do_dns_found                             0x080085e9   Thumb Code    26  api_msg.o(.text)
    pcb_new                                  0x08008627   Thumb Code   136  api_msg.o(.text)
    .text                                    0x080086bc   Section        0  netbuf.o(.text)
    .text                                    0x080087bc   Section        0  tcpip.o(.text)
    tcpip_tcp_timer                          0x080087bd   Thumb Code    40  tcpip.o(.text)
    ip_reass_timer                           0x08008809   Thumb Code    22  tcpip.o(.text)
    arp_timer                                0x0800881f   Thumb Code    22  tcpip.o(.text)
    dns_timer                                0x08008835   Thumb Code    22  tcpip.o(.text)
    tcpip_thread                             0x0800884b   Thumb Code   150  tcpip.o(.text)
    pbuf_free_int                            0x08008a3d   Thumb Code     4  tcpip.o(.text)
    .text                                    0x08008a88   Section        0  memcpya.o(.text)
    .text                                    0x08008aac   Section        0  memseta.o(.text)
    .text                                    0x08008ad0   Section        0  strlen.o(.text)
    .text                                    0x08008ade   Section        0  strcmp.o(.text)
    .text                                    0x08008afa   Section        0  strcpy.o(.text)
    .text                                    0x08008b0c   Section        0  uidiv.o(.text)
    .text                                    0x08008b38   Section        0  uldiv.o(.text)
    .text                                    0x08008b9a   Section        0  dadd.o(.text)
    .text                                    0x08008b9a   Section        0  iusefp.o(.text)
    .text                                    0x08008ce8   Section        0  dmul.o(.text)
    .text                                    0x08008dcc   Section        0  ddiv.o(.text)
    .text                                    0x08008eaa   Section        0  dfixul.o(.text)
    .text                                    0x08008edc   Section       40  cdrcmple.o(.text)
    .text                                    0x08008f04   Section       36  init.o(.text)
    .text                                    0x08008f28   Section        0  llshl.o(.text)
    .text                                    0x08008f46   Section        0  llushr.o(.text)
    .text                                    0x08008f66   Section        0  llsshr.o(.text)
    .text                                    0x08008f8a   Section        0  depilogue.o(.text)
    .text                                    0x08009040   Section        0  __dczerorl2.o(.text)
    i.__0vsprintf                            0x08009098   Section        0  printfa.o(i.__0vsprintf)
    i.__scatterload_copy                     0x080090bc   Section       14  handlers.o(i.__scatterload_copy)
    i.__scatterload_null                     0x080090ca   Section        2  handlers.o(i.__scatterload_null)
    i.__scatterload_zeroinit                 0x080090cc   Section       14  handlers.o(i.__scatterload_zeroinit)
    i._fp_digits                             0x080090dc   Section        0  printfa.o(i._fp_digits)
    _fp_digits                               0x080090dd   Thumb Code   334  printfa.o(i._fp_digits)
    i._printf_core                           0x08009240   Section        0  printfa.o(i._printf_core)
    _printf_core                             0x08009241   Thumb Code  1744  printfa.o(i._printf_core)
    i._printf_post_padding                   0x0800991c   Section        0  printfa.o(i._printf_post_padding)
    _printf_post_padding                     0x0800991d   Thumb Code    36  printfa.o(i._printf_post_padding)
    i._printf_pre_padding                    0x08009940   Section        0  printfa.o(i._printf_pre_padding)
    _printf_pre_padding                      0x08009941   Thumb Code    46  printfa.o(i._printf_pre_padding)
    i._sputc                                 0x0800996e   Section        0  printfa.o(i._sputc)
    _sputc                                   0x0800996f   Thumb Code    10  printfa.o(i._sputc)
    .constdata                               0x08009978   Section        6  app_led.o(.constdata)
    .constdata                               0x0800997e   Section       12  etharp.o(.constdata)
    .constdata                               0x0800998a   Section       56  memp.o(.constdata)
    memp_sizes                               0x0800998a   Data          28  memp.o(.constdata)
    memp_num                                 0x080099a6   Data          28  memp.o(.constdata)
    .constdata                               0x080099c2   Section       20  tcp.o(.constdata)
    .constdata                               0x080099d6   Section        4  ip_addr.o(.constdata)
    .conststring                             0x080099dc   Section      117  tcp.o(.conststring)
    .conststring                             0x08009a54   Section      120  lwipentry.o(.conststring)
    .data                                    0x20000000   Section       18  netconfig.o(.data)
    .data                                    0x20000014   Section        8  app_serial.o(.data)
    xPort                                    0x20000014   Data           4  app_serial.o(.data)
    xCharsForTx                              0x20000018   Data           4  app_serial.o(.data)
    .data                                    0x2000001c   Section       20  stm32f10x_rcc.o(.data)
    ADCPrescTable                            0x2000001c   Data           4  stm32f10x_rcc.o(.data)
    APBAHBPrescTable                         0x20000020   Data          16  stm32f10x_rcc.o(.data)
    .data                                    0x20000030   Section       60  tasks.o(.data)
    uxDeletedTasksWaitingCleanUp             0x20000034   Data           4  tasks.o(.data)
    uxCurrentNumberOfTasks                   0x20000038   Data           4  tasks.o(.data)
    xTickCount                               0x2000003c   Data           4  tasks.o(.data)
    uxTopReadyPriority                       0x20000040   Data           4  tasks.o(.data)
    xSchedulerRunning                        0x20000044   Data           4  tasks.o(.data)
    uxPendedTicks                            0x20000048   Data           4  tasks.o(.data)
    xYieldPending                            0x2000004c   Data           4  tasks.o(.data)
    xNumOfOverflows                          0x20000050   Data           4  tasks.o(.data)
    uxTaskNumber                             0x20000054   Data           4  tasks.o(.data)
    xNextTaskUnblockTime                     0x20000058   Data           4  tasks.o(.data)
    xIdleTaskHandle                          0x2000005c   Data           4  tasks.o(.data)
    uxSchedulerSuspended                     0x20000060   Data           4  tasks.o(.data)
    pxDelayedTaskList                        0x20000064   Data           4  tasks.o(.data)
    pxOverflowDelayedTaskList                0x20000068   Data           4  tasks.o(.data)
    .data                                    0x2000006c   Section        4  port.o(.data)
    uxCriticalNesting                        0x2000006c   Data           4  port.o(.data)
    .data                                    0x20000070   Section       24  heap_2.o(.data)
    xFreeBytesRemaining                      0x20000070   Data           4  heap_2.o(.data)
    xHeapHasBeenInitialised                  0x20000074   Data           4  heap_2.o(.data)
    xStart                                   0x20000078   Data           8  heap_2.o(.data)
    xEnd                                     0x20000080   Data           8  heap_2.o(.data)
    .data                                    0x20000088   Section        2  sys_arch.o(.data)
    s_nextthread                             0x20000088   Data           2  sys_arch.o(.data)
    .data                                    0x2000008a   Section        1  etharp.o(.data)
    etharp_cached_entry                      0x2000008a   Data           1  etharp.o(.data)
    .data                                    0x2000008c   Section       16  dns.o(.data)
    dns_seqno                                0x2000008c   Data           1  dns.o(.data)
    dns_pcb                                  0x20000090   Data           4  dns.o(.data)
    dns_servers                              0x20000094   Data           8  dns.o(.data)
    .data                                    0x2000009c   Section       16  mem.o(.data)
    ram                                      0x2000009c   Data           4  mem.o(.data)
    ram_end                                  0x200000a0   Data           4  mem.o(.data)
    lfree                                    0x200000a4   Data           4  mem.o(.data)
    mem_sem                                  0x200000a8   Data           4  mem.o(.data)
    .data                                    0x200000ac   Section       12  netif.o(.data)
    netifnum                                 0x200000ac   Data           1  netif.o(.data)
    .data                                    0x200000b8   Section        1  pbuf.o(.data)
    pbuf_free_ooseq_queued                   0x200000b8   Data           1  pbuf.o(.data)
    .data                                    0x200000bc   Section        4  raw.o(.data)
    raw_pcbs                                 0x200000bc   Data           4  raw.o(.data)
    .data                                    0x200000c0   Section       76  tcp.o(.data)
    tcp_timer                                0x200000c0   Data           1  tcp.o(.data)
    port                                     0x200000c2   Data           2  tcp.o(.data)
    iss                                      0x200000c4   Data           4  tcp.o(.data)
    .data                                    0x2000010c   Section       28  tcp_in.o(.data)
    flags                                    0x2000010c   Data           1  tcp_in.o(.data)
    recv_flags                               0x2000010d   Data           1  tcp_in.o(.data)
    tcplen                                   0x2000010e   Data           2  tcp_in.o(.data)
    tcphdr                                   0x20000110   Data           4  tcp_in.o(.data)
    iphdr                                    0x20000114   Data           4  tcp_in.o(.data)
    seqno                                    0x20000118   Data           4  tcp_in.o(.data)
    ackno                                    0x2000011c   Data           4  tcp_in.o(.data)
    recv_data                                0x20000120   Data           4  tcp_in.o(.data)
    .data                                    0x20000128   Section        4  udp.o(.data)
    .data                                    0x2000012c   Section       12  ip.o(.data)
    ip_id                                    0x2000012c   Data           2  ip.o(.data)
    .data                                    0x20000138   Section        8  ip_frag.o(.data)
    ip_reass_pbufcount                       0x20000138   Data           2  ip_frag.o(.data)
    reassdatagrams                           0x2000013c   Data           4  ip_frag.o(.data)
    .data                                    0x20000140   Section       16  tcpip.o(.data)
    mbox                                     0x20000140   Data           4  tcpip.o(.data)
    tcpip_init_done                          0x20000144   Data           4  tcpip.o(.data)
    tcpip_init_done_arg                      0x20000148   Data           4  tcpip.o(.data)
    tcpip_tcp_timer_active                   0x2000014c   Data           4  tcpip.o(.data)
    .bss                                     0x20000150   Section       48  netconfig.o(.bss)
    .bss                                     0x20000180   Section       56  i2c_bus.o(.bss)
    i2c_bus                                  0x20000180   Data          56  i2c_bus.o(.bss)
    .bss                                     0x200001b8   Section      300  tasks.o(.bss)
    pxReadyTasksLists                        0x200001b8   Data         200  tasks.o(.bss)
    xDelayedTaskList1                        0x20000280   Data          20  tasks.o(.bss)
    xDelayedTaskList2                        0x20000294   Data          20  tasks.o(.bss)
    xPendingReadyList                        0x200002a8   Data          20  tasks.o(.bss)
    xTasksWaitingTermination                 0x200002bc   Data          20  tasks.o(.bss)
    xSuspendedTaskList                       0x200002d0   Data          20  tasks.o(.bss)
    .bss                                     0x200002e4   Section    17408  heap_2.o(.bss)
    ucHeap                                   0x200002e4   Data       17408  heap_2.o(.bss)
    .bss                                     0x200046e4   Section     3032  ethernetif.o(.bss)
    .bss                                     0x200052bc   Section       40  sys_arch.o(.bss)
    s_timeoutlist                            0x200052bc   Data          40  sys_arch.o(.bss)
    .bss                                     0x200052e4   Section      200  etharp.o(.bss)
    arp_table                                0x200052e4   Data         200  etharp.o(.bss)
    .bss                                     0x200053ac   Section     1632  dns.o(.bss)
    dns_table                                0x200053ac   Data        1120  dns.o(.bss)
    dns_payload                              0x2000580c   Data         512  dns.o(.bss)
    .bss                                     0x20005a0c   Section     2020  mem.o(.bss)
    ram_heap                                 0x20005a0c   Data        2020  mem.o(.bss)
    .bss                                     0x200061f0   Section    12339  memp.o(.bss)
    memp_tab                                 0x200061f0   Data          56  memp.o(.bss)
    memp_memory                              0x20006228   Data       12283  memp.o(.bss)
    .bss                                     0x20009224   Section      330  stats.o(.bss)
    .bss                                     0x20009370   Section       20  tcp_in.o(.bss)
    inseg                                    0x20009370   Data          20  tcp_in.o(.bss)
    .bss                                     0x20009384   Section       16  inet.o(.bss)
    str                                      0x20009384   Data          16  inet.o(.bss)
    .bss                                     0x20009394   Section     2004  ip_frag.o(.bss)
    buf                                      0x20009394   Data        2004  ip_frag.o(.bss)
    STACK                                    0x20009b68   Section     1024  cstartup.o(STACK)

    Global Symbols

    Symbol Name                              Value     Ov Type        Size  Object(Section)

    BuildAttributes$$THM_ISAv4$P$D$K$B$S$PE$A:L22UL41UL21$X:L11$S22US41US21$IEEE1$IW$USESV6$~STKCKD$USESV7$~SHL$OSPACE$ROPI$EBA8$MICROLIB$REQ8$PRES8$EABIv2 0x00000000   Number         0  anon$$obj.o ABSOLUTE
    __ARM_use_no_argv                        0x00000000   Number         0  main.o ABSOLUTE
    __cpp_initialize__aeabi_                  - Undefined Weak Reference
    __cxa_finalize                            - Undefined Weak Reference
    _clock_init                               - Undefined Weak Reference
    _microlib_exit                            - Undefined Weak Reference
    __Vectors                                0x08000000   Data           4  cstartup.o(RESET)
    __main                                   0x080000ed   Thumb Code     0  entry.o(.ARM.Collect$$$$00000000)
    _main_stk                                0x080000ed   Thumb Code     0  entry2.o(.ARM.Collect$$$$00000001)
    _main_scatterload                        0x080000f1   Thumb Code     0  entry5.o(.ARM.Collect$$$$00000004)
    __main_after_scatterload                 0x080000f5   Thumb Code     0  entry5.o(.ARM.Collect$$$$00000004)
    _main_clock                              0x080000f5   Thumb Code     0  entry7b.o(.ARM.Collect$$$$00000008)
    _main_cpp_init                           0x080000f5   Thumb Code     0  entry8b.o(.ARM.Collect$$$$0000000A)
    _main_init                               0x080000f5   Thumb Code     0  entry9a.o(.ARM.Collect$$$$0000000B)
    __rt_final_cpp                           0x080000fd   Thumb Code     0  entry10a.o(.ARM.Collect$$$$0000000D)
    __rt_final_exit                          0x080000fd   Thumb Code     0  entry11a.o(.ARM.Collect$$$$0000000F)
    vPortSVCHandler                          0x08000101   Thumb Code    32  port.o(.emb_text)
    __asm___6_port_c_39a90d8d__prvStartFirstTask 0x08000125   Thumb Code    28  port.o(.emb_text)
    xPortPendSVHandler                       0x08000145   Thumb Code    72  port.o(.emb_text)
    vPortGetIPSR                             0x08000191   Thumb Code     6  port.o(.emb_text)
    main                                     0x08000199   Thumb Code    60  main.o(.text)
    app_led_init                             0x080001e9   Thumb Code    48  app_led.o(.text)
    app_led_task_blink                       0x08000219   Thumb Code    56  app_led.o(.text)
    LwIP_Init                                0x08000261   Thumb Code   184  netconfig.o(.text)
    app_init                                 0x08000319   Thumb Code     2  netconfig.o(.text)
    vStartComTasks                           0x08000369   Thumb Code    22  app_serial.o(.text)
    dbg_string                               0x0800037f   Thumb Code    50  app_serial.o(.text)
    serial_init                              0x080003b1   Thumb Code   204  app_serial.o(.text)
    USART1_IRQHandler                        0x0800047d   Thumb Code    86  app_serial.o(.text)
    bsp_init                                 0x08000519   Thumb Code   130  bsp.o(.text)
    bsp_set_hv_state                         0x0800059b   Thumb Code    16  bsp.o(.text)
    bsp_get_hv_state                         0x080005ab   Thumb Code    10  bsp.o(.text)
    dm9000x_gpio_inital                      0x08000639   Thumb Code   136  dm9000x.o(.text)
    dm9000x_read_id                          0x08000787   Thumb Code    54  dm9000x.o(.text)
    dm9000x_inital                           0x080007bd   Thumb Code   216  dm9000x.o(.text)
    dm9000x_sendpacket                       0x08000895   Thumb Code   136  dm9000x.o(.text)
    dm9000x_receivepacket                    0x0800091d   Thumb Code   188  dm9000x.o(.text)
    i2c_bus_init                             0x08000aa1   Thumb Code   130  i2c_bus.o(.text)
    Reset_Handler                            0x08000b45   Thumb Code     4  cstartup.o(.text)
    NMI_Handler                              0x08000b49   Thumb Code     2  cstartup.o(.text)
    HardFault_Handler                        0x08000b4b   Thumb Code     2  cstartup.o(.text)
    MemManage_Handler                        0x08000b4d   Thumb Code     2  cstartup.o(.text)
    BusFault_Handler                         0x08000b4f   Thumb Code     2  cstartup.o(.text)
    UsageFault_Handler                       0x08000b51   Thumb Code     2  cstartup.o(.text)
    SVC_Handler                              0x08000b53   Thumb Code     2  cstartup.o(.text)
    DebugMon_Handler                         0x08000b55   Thumb Code     2  cstartup.o(.text)
    PendSV_Handler                           0x08000b57   Thumb Code     2  cstartup.o(.text)
    SysTick_Handler                          0x08000b59   Thumb Code     2  cstartup.o(.text)
    ADC_IRQHandler                           0x08000b5b   Thumb Code     0  cstartup.o(.text)
    CAN_RX1_IRQHandler                       0x08000b5b   Thumb Code     0  cstartup.o(.text)
    CAN_SCE_IRQHandler                       0x08000b5b   Thumb Code     0  cstartup.o(.text)
    DMAChannel1_IRQHandler                   0x08000b5b   Thumb Code     0  cstartup.o(.text)
    DMAChannel2_IRQHandler                   0x08000b5b   Thumb Code     0  cstartup.o(.text)
    DMAChannel3_IRQHandler                   0x08000b5b   Thumb Code     0  cstartup.o(.text)
    DMAChannel4_IRQHandler                   0x08000b5b   Thumb Code     0  cstartup.o(.text)
    DMAChannel5_IRQHandler                   0x08000b5b   Thumb Code     0  cstartup.o(.text)
    DMAChannel6_IRQHandler                   0x08000b5b   Thumb Code     0  cstartup.o(.text)
    DMAChannel7_IRQHandler                   0x08000b5b   Thumb Code     0  cstartup.o(.text)
    EXTI0_IRQHandler                         0x08000b5b   Thumb Code     0  cstartup.o(.text)
    EXTI15_10_IRQHandler                     0x08000b5b   Thumb Code     0  cstartup.o(.text)
    EXTI1_IRQHandler                         0x08000b5b   Thumb Code     0  cstartup.o(.text)
    EXTI2_IRQHandler                         0x08000b5b   Thumb Code     0  cstartup.o(.text)
    EXTI3_IRQHandler                         0x08000b5b   Thumb Code     0  cstartup.o(.text)
    EXTI4_IRQHandler                         0x08000b5b   Thumb Code     0  cstartup.o(.text)
    EXTI9_5_IRQHandler                       0x08000b5b   Thumb Code     0  cstartup.o(.text)
    FLASH_IRQHandler                         0x08000b5b   Thumb Code     0  cstartup.o(.text)
    I2C1_ER_IRQHandler                       0x08000b5b   Thumb Code     0  cstartup.o(.text)
    I2C1_EV_IRQHandler                       0x08000b5b   Thumb Code     0  cstartup.o(.text)
    I2C2_ER_IRQHandler                       0x08000b5b   Thumb Code     0  cstartup.o(.text)
    I2C2_EV_IRQHandler                       0x08000b5b   Thumb Code     0  cstartup.o(.text)
    PVD_IRQHandler                           0x08000b5b   Thumb Code     0  cstartup.o(.text)
    RCC_IRQHandler                           0x08000b5b   Thumb Code     0  cstartup.o(.text)
    RTCAlarm_IRQHandler                      0x08000b5b   Thumb Code     0  cstartup.o(.text)
    RTC_IRQHandler                           0x08000b5b   Thumb Code     0  cstartup.o(.text)
    SPI1_IRQHandler                          0x08000b5b   Thumb Code     0  cstartup.o(.text)
    SPI2_IRQHandler                          0x08000b5b   Thumb Code     0  cstartup.o(.text)
    TAMPER_IRQHandler                        0x08000b5b   Thumb Code     0  cstartup.o(.text)
    TIM1_BRK_IRQHandler                      0x08000b5b   Thumb Code     0  cstartup.o(.text)
    TIM1_CC_IRQHandler                       0x08000b5b   Thumb Code     0  cstartup.o(.text)
    TIM1_TRG_COM_IRQHandler                  0x08000b5b   Thumb Code     0  cstartup.o(.text)
    TIM1_UP_IRQHandler                       0x08000b5b   Thumb Code     0  cstartup.o(.text)
    TIM2_IRQHandler                          0x08000b5b   Thumb Code     0  cstartup.o(.text)
    TIM3_IRQHandler                          0x08000b5b   Thumb Code     0  cstartup.o(.text)
    TIM4_IRQHandler                          0x08000b5b   Thumb Code     0  cstartup.o(.text)
    USART2_IRQHandler                        0x08000b5b   Thumb Code     0  cstartup.o(.text)
    USART3_IRQHandler                        0x08000b5b   Thumb Code     0  cstartup.o(.text)
    USBWakeUp_IRQHandler                     0x08000b5b   Thumb Code     0  cstartup.o(.text)
    USB_HP_CAN_TX_IRQHandler                 0x08000b5b   Thumb Code     0  cstartup.o(.text)
    USB_LP_CAN_RX0_IRQHandler                0x08000b5b   Thumb Code     0  cstartup.o(.text)
    WWDG_IRQHandler                          0x08000b5b   Thumb Code     0  cstartup.o(.text)
    GPIO_DeInit                              0x08000b61   Thumb Code   152  stm32f10x_gpio.o(.text)
    GPIO_AFIODeInit                          0x08000bf9   Thumb Code    22  stm32f10x_gpio.o(.text)
    GPIO_Init                                0x08000c0f   Thumb Code   156  stm32f10x_gpio.o(.text)
    GPIO_StructInit                          0x08000cab   Thumb Code    16  stm32f10x_gpio.o(.text)
    GPIO_ReadInputDataBit                    0x08000cbb   Thumb Code    14  stm32f10x_gpio.o(.text)
    GPIO_ReadInputData                       0x08000cc9   Thumb Code     6  stm32f10x_gpio.o(.text)
    GPIO_ReadOutputDataBit                   0x08000ccf   Thumb Code    14  stm32f10x_gpio.o(.text)
    GPIO_ReadOutputData                      0x08000cdd   Thumb Code     6  stm32f10x_gpio.o(.text)
    GPIO_SetBits                             0x08000ce3   Thumb Code     4  stm32f10x_gpio.o(.text)
    GPIO_ResetBits                           0x08000ce7   Thumb Code     4  stm32f10x_gpio.o(.text)
    GPIO_WriteBit                            0x08000ceb   Thumb Code    10  stm32f10x_gpio.o(.text)
    GPIO_Write                               0x08000cf5   Thumb Code     4  stm32f10x_gpio.o(.text)
    GPIO_PinLockConfig                       0x08000cf9   Thumb Code    16  stm32f10x_gpio.o(.text)
    GPIO_EventOutputConfig                   0x08000d09   Thumb Code    22  stm32f10x_gpio.o(.text)
    GPIO_EventOutputCmd                      0x08000d1f   Thumb Code     6  stm32f10x_gpio.o(.text)
    GPIO_PinRemapConfig                      0x08000d25   Thumb Code    82  stm32f10x_gpio.o(.text)
    GPIO_EXTILineConfig                      0x08000d77   Thumb Code    34  stm32f10x_gpio.o(.text)
    GPIO_ETH_MediaInterfaceConfig            0x08000d99   Thumb Code     8  stm32f10x_gpio.o(.text)
    RCC_DeInit                               0x08000dc5   Thumb Code    50  stm32f10x_rcc.o(.text)
    RCC_HSEConfig                            0x08000df7   Thumb Code    48  stm32f10x_rcc.o(.text)
    RCC_GetFlagStatus                        0x08000e27   Thumb Code    42  stm32f10x_rcc.o(.text)
    RCC_WaitForHSEStartUp                    0x08000e51   Thumb Code    44  stm32f10x_rcc.o(.text)
    RCC_AdjustHSICalibrationValue            0x08000e7d   Thumb Code    16  stm32f10x_rcc.o(.text)
    RCC_HSICmd                               0x08000e8d   Thumb Code     6  stm32f10x_rcc.o(.text)
    RCC_PLLConfig                            0x08000e93   Thumb Code    16  stm32f10x_rcc.o(.text)
    RCC_PLLCmd                               0x08000ea3   Thumb Code     6  stm32f10x_rcc.o(.text)
    RCC_SYSCLKConfig                         0x08000ea9   Thumb Code    14  stm32f10x_rcc.o(.text)
    RCC_GetSYSCLKSource                      0x08000eb7   Thumb Code    10  stm32f10x_rcc.o(.text)
    RCC_HCLKConfig                           0x08000ec1   Thumb Code    14  stm32f10x_rcc.o(.text)
    RCC_PCLK1Config                          0x08000ecf   Thumb Code    14  stm32f10x_rcc.o(.text)
    RCC_PCLK2Config                          0x08000edd   Thumb Code    16  stm32f10x_rcc.o(.text)
    RCC_ITConfig                             0x08000eed   Thumb Code    18  stm32f10x_rcc.o(.text)
    RCC_USBCLKConfig                         0x08000eff   Thumb Code     8  stm32f10x_rcc.o(.text)
    RCC_ADCCLKConfig                         0x08000f07   Thumb Code    14  stm32f10x_rcc.o(.text)
    RCC_LSEConfig                            0x08000f15   Thumb Code    28  stm32f10x_rcc.o(.text)
    RCC_LSICmd                               0x08000f31   Thumb Code     6  stm32f10x_rcc.o(.text)
    RCC_RTCCLKConfig                         0x08000f37   Thumb Code    10  stm32f10x_rcc.o(.text)
    RCC_RTCCLKCmd                            0x08000f41   Thumb Code     8  stm32f10x_rcc.o(.text)
    RCC_GetClocksFreq                        0x08000f49   Thumb Code   132  stm32f10x_rcc.o(.text)
    RCC_AHBPeriphClockCmd                    0x08000fcd   Thumb Code    18  stm32f10x_rcc.o(.text)
    RCC_APB2PeriphClockCmd                   0x08000fdf   Thumb Code    18  stm32f10x_rcc.o(.text)
    RCC_APB1PeriphClockCmd                   0x08000ff1   Thumb Code    18  stm32f10x_rcc.o(.text)
    RCC_APB2PeriphResetCmd                   0x08001003   Thumb Code    18  stm32f10x_rcc.o(.text)
    RCC_APB1PeriphResetCmd                   0x08001015   Thumb Code    18  stm32f10x_rcc.o(.text)
    RCC_BackupResetCmd                       0x08001027   Thumb Code     8  stm32f10x_rcc.o(.text)
    RCC_ClockSecuritySystemCmd               0x0800102f   Thumb Code     6  stm32f10x_rcc.o(.text)
    RCC_MCOConfig                            0x08001035   Thumb Code     6  stm32f10x_rcc.o(.text)
    RCC_ClearFlag                            0x0800103b   Thumb Code    12  stm32f10x_rcc.o(.text)
    RCC_GetITStatus                          0x08001047   Thumb Code    16  stm32f10x_rcc.o(.text)
    RCC_ClearITPendingBit                    0x08001057   Thumb Code     6  stm32f10x_rcc.o(.text)
    NVIC_PriorityGroupConfig                 0x0800107d   Thumb Code    10  misc.o(.text)
    NVIC_Init                                0x08001087   Thumb Code    94  misc.o(.text)
    NVIC_SetVectorTable                      0x080010e5   Thumb Code    14  misc.o(.text)
    NVIC_SystemLPConfig                      0x080010f3   Thumb Code    20  misc.o(.text)
    SysTick_CLKSourceConfig                  0x08001107   Thumb Code    24  misc.o(.text)
    USART_DeInit                             0x0800112d   Thumb Code    96  stm32f10x_usart.o(.text)
    USART_Init                               0x0800118d   Thumb Code   166  stm32f10x_usart.o(.text)
    USART_StructInit                         0x08001233   Thumb Code    22  stm32f10x_usart.o(.text)
    USART_ClockInit                          0x08001249   Thumb Code    30  stm32f10x_usart.o(.text)
    USART_ClockStructInit                    0x08001267   Thumb Code    12  stm32f10x_usart.o(.text)
    USART_Cmd                                0x08001273   Thumb Code    20  stm32f10x_usart.o(.text)
    USART_ITConfig                           0x08001287   Thumb Code    48  stm32f10x_usart.o(.text)
    USART_DMACmd                             0x080012b7   Thumb Code    16  stm32f10x_usart.o(.text)
    USART_SetAddress                         0x080012c7   Thumb Code    16  stm32f10x_usart.o(.text)
    USART_WakeUpConfig                       0x080012d7   Thumb Code    16  stm32f10x_usart.o(.text)
    USART_ReceiverWakeUpCmd                  0x080012e7   Thumb Code    20  stm32f10x_usart.o(.text)
    USART_LINBreakDetectLengthConfig         0x080012fb   Thumb Code    16  stm32f10x_usart.o(.text)
    USART_LINCmd                             0x0800130b   Thumb Code    20  stm32f10x_usart.o(.text)
    USART_SendData                           0x0800131f   Thumb Code     8  stm32f10x_usart.o(.text)
    USART_ReceiveData                        0x08001327   Thumb Code     8  stm32f10x_usart.o(.text)
    USART_SendBreak                          0x0800132f   Thumb Code    10  stm32f10x_usart.o(.text)
    USART_SetGuardTime                       0x08001339   Thumb Code    16  stm32f10x_usart.o(.text)
    USART_SetPrescaler                       0x08001349   Thumb Code    16  stm32f10x_usart.o(.text)
    USART_SmartCardCmd                       0x08001359   Thumb Code    20  stm32f10x_usart.o(.text)
    USART_SmartCardNACKCmd                   0x0800136d   Thumb Code    20  stm32f10x_usart.o(.text)
    USART_HalfDuplexCmd                      0x08001381   Thumb Code    20  stm32f10x_usart.o(.text)
    USART_OverSampling8Cmd                   0x08001395   Thumb Code    20  stm32f10x_usart.o(.text)
    USART_OneBitMethodCmd                    0x080013a9   Thumb Code    20  stm32f10x_usart.o(.text)
    USART_IrDAConfig                         0x080013bd   Thumb Code    16  stm32f10x_usart.o(.text)
    USART_IrDACmd                            0x080013cd   Thumb Code    20  stm32f10x_usart.o(.text)
    USART_GetFlagStatus                      0x080013e1   Thumb Code    14  stm32f10x_usart.o(.text)
    USART_ClearFlag                          0x080013ef   Thumb Code     6  stm32f10x_usart.o(.text)
    USART_GetITStatus                        0x080013f5   Thumb Code    62  stm32f10x_usart.o(.text)
    USART_ClearITPendingBit                  0x08001433   Thumb Code    12  stm32f10x_usart.o(.text)
    vListInitialise                          0x08001455   Thumb Code    22  list.o(.text)
    vListInitialiseItem                      0x0800146b   Thumb Code     6  list.o(.text)
    vListInsertEnd                           0x08001471   Thumb Code    24  list.o(.text)
    vListInsert                              0x08001489   Thumb Code    48  list.o(.text)
    uxListRemove                             0x080014b9   Thumb Code    36  list.o(.text)
    xQueueGenericReset                       0x080014dd   Thumb Code   112  queue.o(.text)
    xQueueGenericCreate                      0x0800154d   Thumb Code    64  queue.o(.text)
    xQueueGenericSend                        0x0800164f   Thumb Code   250  queue.o(.text)
    xQueueGenericSendFromISR                 0x08001749   Thumb Code   100  queue.o(.text)
    xQueueGiveFromISR                        0x080017ad   Thumb Code    86  queue.o(.text)
    xQueueGenericReceive                     0x08001829   Thumb Code   260  queue.o(.text)
    xQueueReceiveFromISR                     0x0800192d   Thumb Code    98  queue.o(.text)
    xQueuePeekFromISR                        0x0800198f   Thumb Code    44  queue.o(.text)
    uxQueueMessagesWaiting                   0x080019bb   Thumb Code    18  queue.o(.text)
    uxQueueSpacesAvailable                   0x080019cd   Thumb Code    22  queue.o(.text)
    uxQueueMessagesWaitingFromISR            0x080019e3   Thumb Code     4  queue.o(.text)
    vQueueDelete                             0x080019e7   Thumb Code     4  queue.o(.text)
    uxQueueGetQueueNumber                    0x080019eb   Thumb Code     4  queue.o(.text)
    vQueueSetQueueNumber                     0x080019ef   Thumb Code     4  queue.o(.text)
    ucQueueGetQueueType                      0x080019f3   Thumb Code     6  queue.o(.text)
    xQueueIsQueueEmptyFromISR                0x080019f9   Thumb Code    12  queue.o(.text)
    xQueueIsQueueFullFromISR                 0x08001a05   Thumb Code    16  queue.o(.text)
    xTaskCreate                              0x08001af3   Thumb Code    82  tasks.o(.text)
    vTaskDelete                              0x08001b45   Thumb Code   148  tasks.o(.text)
    xTaskIncrementTick                       0x08001bd9   Thumb Code   168  tasks.o(.text)
    xTaskResumeAll                           0x08001c81   Thumb Code   166  tasks.o(.text)
    vTaskSuspendAll                          0x08001d8d   Thumb Code    10  tasks.o(.text)
    vTaskDelayUntil                          0x08001d97   Thumb Code    78  tasks.o(.text)
    vTaskDelay                               0x08001de5   Thumb Code    44  tasks.o(.text)
    eTaskGetState                            0x08001e11   Thumb Code    92  tasks.o(.text)
    uxTaskPriorityGet                        0x08001e6d   Thumb Code    24  tasks.o(.text)
    uxTaskPriorityGetFromISR                 0x08001e85   Thumb Code    32  tasks.o(.text)
    vTaskPrioritySet                         0x08001ea5   Thumb Code   160  tasks.o(.text)
    vTaskSwitchContext                       0x08001f45   Thumb Code    60  tasks.o(.text)
    vTaskSuspend                             0x08001f81   Thumb Code   136  tasks.o(.text)
    vTaskResume                              0x08002009   Thumb Code    96  tasks.o(.text)
    xTaskResumeFromISR                       0x08002069   Thumb Code   104  tasks.o(.text)
    vTaskStartScheduler                      0x080020ef   Thumb Code    66  tasks.o(.text)
    vTaskEndScheduler                        0x08002131   Thumb Code    24  tasks.o(.text)
    xTaskGetTickCount                        0x08002149   Thumb Code     6  tasks.o(.text)
    xTaskGetTickCountFromISR                 0x0800214f   Thumb Code     6  tasks.o(.text)
    uxTaskGetNumberOfTasks                   0x08002155   Thumb Code     6  tasks.o(.text)
    pcTaskGetName                            0x0800215b   Thumb Code    10  tasks.o(.text)
    vTaskGetTaskInfo                         0x08002165   Thumb Code   128  tasks.o(.text)
    uxTaskGetSystemState                     0x08002255   Thumb Code   156  tasks.o(.text)
    vTaskPlaceOnEventList                    0x080022f1   Thumb Code    28  tasks.o(.text)
    vTaskPlaceOnUnorderedEventList           0x0800230d   Thumb Code    36  tasks.o(.text)
    xTaskRemoveFromEventList                 0x08002331   Thumb Code    88  tasks.o(.text)
    xTaskRemoveFromUnorderedEventList        0x08002389   Thumb Code    72  tasks.o(.text)
    vTaskSetTimeOutState                     0x080023d1   Thumb Code    12  tasks.o(.text)
    xTaskCheckForTimeOut                     0x080023dd   Thumb Code    66  tasks.o(.text)
    vTaskMissedYield                         0x0800241f   Thumb Code     8  tasks.o(.text)
    uxTaskGetTaskNumber                      0x08002427   Thumb Code     8  tasks.o(.text)
    vTaskSetTaskNumber                       0x0800242f   Thumb Code     8  tasks.o(.text)
    xTaskGetCurrentTaskHandle                0x08002437   Thumb Code     6  tasks.o(.text)
    uxTaskResetEventItemValue                0x0800243d   Thumb Code    20  tasks.o(.text)
    ulTaskNotifyTake                         0x08002451   Thumb Code    96  tasks.o(.text)
    xTaskNotifyWait                          0x080024b1   Thumb Code   128  tasks.o(.text)
    xTaskGenericNotify                       0x08002531   Thumb Code   150  tasks.o(.text)
    xTaskGenericNotifyFromISR                0x080025c7   Thumb Code   178  tasks.o(.text)
    vTaskNotifyGiveFromISR                   0x08002679   Thumb Code   146  tasks.o(.text)
    xTaskNotifyStateClear                    0x0800270b   Thumb Code    44  tasks.o(.text)
    pxPortInitialiseStack                    0x0800286d   Thumb Code    28  port.o(.text)
    vPortSetupTimerInterrupt                 0x08002889   Thumb Code    14  port.o(.text)
    xPortStartScheduler                      0x08002897   Thumb Code    38  port.o(.text)
    vPortEndScheduler                        0x080028bd   Thumb Code     2  port.o(.text)
    vPortEnterCritical                       0x080028bf   Thumb Code    24  port.o(.text)
    vPortExitCritical                        0x080028d7   Thumb Code    16  port.o(.text)
    xPortSysTickHandler                      0x080028e7   Thumb Code    40  port.o(.text)
    pvPortMalloc                             0x08002921   Thumb Code   172  heap_2.o(.text)
    vPortFree                                0x080029cd   Thumb Code    56  heap_2.o(.text)
    xPortGetFreeHeapSize                     0x08002a05   Thumb Code     6  heap_2.o(.text)
    vPortInitialiseBlocks                    0x08002a0b   Thumb Code     2  heap_2.o(.text)
    ethernetif_input                         0x08002a15   Thumb Code    94  ethernetif.o(.text)
    ethernetif_init                          0x08002a9d   Thumb Code    92  ethernetif.o(.text)
    sys_mbox_new                             0x08002b11   Thumb Code    40  sys_arch.o(.text)
    sys_mbox_free                            0x08002b39   Thumb Code    40  sys_arch.o(.text)
    sys_mbox_post                            0x08002b61   Thumb Code    26  sys_arch.o(.text)
    sys_mbox_trypost                         0x08002b7b   Thumb Code    38  sys_arch.o(.text)
    sys_arch_mbox_fetch                      0x08002ba1   Thumb Code    76  sys_arch.o(.text)
    sys_arch_mbox_tryfetch                   0x08002bed   Thumb Code    28  sys_arch.o(.text)
    sys_sem_new                              0x08002c09   Thumb Code    88  sys_arch.o(.text)
    sys_arch_sem_wait                        0x08002c61   Thumb Code    66  sys_arch.o(.text)
    sys_sem_signal                           0x08002ca3   Thumb Code    10  sys_arch.o(.text)
    sys_sem_free                             0x08002cad   Thumb Code    16  sys_arch.o(.text)
    sys_init                                 0x08002cbd   Thumb Code    28  sys_arch.o(.text)
    sys_arch_timeouts                        0x08002cd9   Thumb Code    38  sys_arch.o(.text)
    sys_arch_protect                         0x08002cff   Thumb Code    10  sys_arch.o(.text)
    sys_arch_unprotect                       0x08002d09   Thumb Code     4  sys_arch.o(.text)
    sys_thread_new                           0x08002d0d   Thumb Code    60  sys_arch.o(.text)
    sys_assert                               0x08002d49   Thumb Code     6  sys_arch.o(.text)
    etharp_tmr                               0x08002d5d   Thumb Code    78  etharp.o(.text)
    etharp_find_addr                         0x08002fbf   Thumb Code    52  etharp.o(.text)
    etharp_ip_input                          0x08002ff3   Thumb Code    38  etharp.o(.text)
    etharp_arp_input                         0x08003019   Thumb Code   262  etharp.o(.text)
    etharp_request                           0x0800311f   Thumb Code    32  etharp.o(.text)
    etharp_query                             0x0800313f   Thumb Code   314  etharp.o(.text)
    etharp_output                            0x08003279   Thumb Code   186  etharp.o(.text)
    ethernet_input                           0x08003333   Thumb Code    98  etharp.o(.text)
    dns_setserver                            0x0800347d   Thumb Code    34  dns.o(.text)
    dns_init                                 0x08003603   Thumb Code    56  dns.o(.text)
    dns_getserver                            0x0800363b   Thumb Code    20  dns.o(.text)
    dns_tmr                                  0x080037b7   Thumb Code    28  dns.o(.text)
    dns_gethostbyname                        0x080037d3   Thumb Code   182  dns.o(.text)
    mem_init                                 0x0800393d   Thumb Code    58  mem.o(.text)
    mem_free                                 0x08003977   Thumb Code    98  mem.o(.text)
    mem_realloc                              0x080039d9   Thumb Code   252  mem.o(.text)
    mem_malloc                               0x08003ad5   Thumb Code   250  mem.o(.text)
    mem_calloc                               0x08003bcf   Thumb Code    26  mem.o(.text)
    memp_init                                0x08003c45   Thumb Code   108  memp.o(.text)
    memp_malloc                              0x08003cb1   Thumb Code    80  memp.o(.text)
    memp_free                                0x08003d01   Thumb Code    60  memp.o(.text)
    netif_set_gw                             0x08003d49   Thumb Code     8  netif.o(.text)
    netif_set_netmask                        0x08003d51   Thumb Code     8  netif.o(.text)
    netif_set_ipaddr                         0x08003d59   Thumb Code    96  netif.o(.text)
    netif_set_addr                           0x08003db9   Thumb Code    30  netif.o(.text)
    netif_add                                0x08003dd7   Thumb Code    68  netif.o(.text)
    netif_set_default                        0x08003e1b   Thumb Code     6  netif.o(.text)
    netif_remove                             0x08003e21   Thumb Code    52  netif.o(.text)
    netif_find                               0x08003e55   Thumb Code    58  netif.o(.text)
    netif_set_up                             0x08003e8f   Thumb Code    28  netif.o(.text)
    netif_set_down                           0x08003eab   Thumb Code    18  netif.o(.text)
    netif_is_up                              0x08003ebd   Thumb Code    10  netif.o(.text)
    pbuf_free                                0x08003f35   Thumb Code    82  pbuf.o(.text)
    pbuf_alloc                               0x08003f87   Thumb Code   280  pbuf.o(.text)
    pbuf_realloc                             0x0800409f   Thumb Code    78  pbuf.o(.text)
    pbuf_header                              0x080040ed   Thumb Code    90  pbuf.o(.text)
    pbuf_clen                                0x08004147   Thumb Code    18  pbuf.o(.text)
    pbuf_ref                                 0x08004159   Thumb Code    26  pbuf.o(.text)
    pbuf_cat                                 0x08004173   Thumb Code    32  pbuf.o(.text)
    pbuf_chain                               0x08004193   Thumb Code    16  pbuf.o(.text)
    pbuf_dechain                             0x080041a3   Thumb Code    38  pbuf.o(.text)
    pbuf_copy                                0x080041c9   Thumb Code    88  pbuf.o(.text)
    pbuf_copy_partial                        0x08004221   Thumb Code   100  pbuf.o(.text)
    pbuf_take                                0x08004285   Thumb Code    88  pbuf.o(.text)
    pbuf_coalesce                            0x080042dd   Thumb Code    44  pbuf.o(.text)
    raw_input                                0x08004309   Thumb Code   100  raw.o(.text)
    raw_bind                                 0x0800436d   Thumb Code    10  raw.o(.text)
    raw_connect                              0x08004377   Thumb Code    10  raw.o(.text)
    raw_recv                                 0x08004381   Thumb Code     6  raw.o(.text)
    raw_sendto                               0x08004387   Thumb Code   138  raw.o(.text)
    raw_send                                 0x08004411   Thumb Code     4  raw.o(.text)
    raw_remove                               0x08004415   Thumb Code    40  raw.o(.text)
    raw_new                                  0x0800443d   Thumb Code    38  raw.o(.text)
    sys_mbox_fetch                           0x08004469   Thumb Code   100  sys.o(.text)
    sys_sem_wait                             0x080044cd   Thumb Code    94  sys.o(.text)
    sys_timeout                              0x0800452b   Thumb Code    98  sys.o(.text)
    sys_untimeout                            0x0800458d   Thumb Code    78  sys.o(.text)
    sys_sem_wait_timeout                     0x080045e7   Thumb Code    58  sys.o(.text)
    sys_msleep                               0x08004621   Thumb Code    28  sys.o(.text)
    tcp_seg_free                             0x08004641   Thumb Code    32  tcp.o(.text)
    tcp_segs_free                            0x08004661   Thumb Code    26  tcp.o(.text)
    tcp_pcb_purge                            0x0800467b   Thumb Code    66  tcp.o(.text)
    tcp_slowtmr                              0x080046bd   Thumb Code   572  tcp.o(.text)
    tcp_pcb_remove                           0x080048f9   Thumb Code    88  tcp.o(.text)
    tcp_close                                0x08004951   Thumb Code   152  tcp.o(.text)
    tcp_update_rcv_ann_wnd                   0x080049e9   Thumb Code    52  tcp.o(.text)
    tcp_recved                               0x08004a1d   Thumb Code    56  tcp.o(.text)
    tcp_recv_null                            0x08004a55   Thumb Code    34  tcp.o(.text)
    tcp_fasttmr                              0x08004a77   Thumb Code   110  tcp.o(.text)
    tcp_tmr                                  0x08004ae5   Thumb Code    26  tcp.o(.text)
    tcp_abandon                              0x08004aff   Thumb Code   152  tcp.o(.text)
    tcp_bind                                 0x08004bf3   Thumb Code   176  tcp.o(.text)
    tcp_listen_with_backlog                  0x08004ca9   Thumb Code   124  tcp.o(.text)
    tcp_eff_send_mss                         0x08004d25   Thumb Code    32  tcp.o(.text)
    tcp_next_iss                             0x08004d45   Thumb Code    12  tcp.o(.text)
    tcp_connect                              0x08004d51   Thumb Code   176  tcp.o(.text)
    tcp_setprio                              0x08004e01   Thumb Code     4  tcp.o(.text)
    tcp_seg_copy                             0x08004e05   Thumb Code    36  tcp.o(.text)
    tcp_alloc                                0x08004e29   Thumb Code   280  tcp.o(.text)
    tcp_new                                  0x08004f41   Thumb Code     4  tcp.o(.text)
    tcp_arg                                  0x08004f45   Thumb Code     4  tcp.o(.text)
    tcp_recv                                 0x08004f49   Thumb Code     6  tcp.o(.text)
    tcp_sent                                 0x08004f4f   Thumb Code     6  tcp.o(.text)
    tcp_err                                  0x08004f55   Thumb Code     6  tcp.o(.text)
    tcp_accept                               0x08004f5b   Thumb Code     4  tcp.o(.text)
    tcp_poll                                 0x08004f5f   Thumb Code    10  tcp.o(.text)
    tcp_debug_state_str                      0x08004f69   Thumb Code     8  tcp.o(.text)
    tcp_input                                0x08005b41   Thumb Code   914  tcp_in.o(.text)
    tcp_enqueue                              0x08005fbd   Thumb Code   824  tcp_out.o(.text)
    tcp_send_ctrl                            0x080062f5   Thumb Code    22  tcp_out.o(.text)
    tcp_write                                0x0800630b   Thumb Code    46  tcp_out.o(.text)
    tcp_send_empty_ack                       0x08006339   Thumb Code   106  tcp_out.o(.text)
    tcp_output                               0x08006473   Thumb Code   420  tcp_out.o(.text)
    tcp_rst                                  0x08006617   Thumb Code   184  tcp_out.o(.text)
    tcp_rexmit_rto                           0x080066cf   Thumb Code    44  tcp_out.o(.text)
    tcp_rexmit                               0x080066fb   Thumb Code    72  tcp_out.o(.text)
    tcp_rexmit_fast                          0x08006743   Thumb Code    92  tcp_out.o(.text)
    tcp_keepalive                            0x0800679f   Thumb Code   114  tcp_out.o(.text)
    tcp_zero_window_probe                    0x08006811   Thumb Code   180  tcp_out.o(.text)
    udp_input                                0x080068c9   Thumb Code   428  udp.o(.text)
    udp_bind                                 0x08006a75   Thumb Code    86  udp.o(.text)
    udp_sendto_if                            0x08006acb   Thumb Code   218  udp.o(.text)
    udp_sendto                               0x08006ba5   Thumb Code    50  udp.o(.text)
    udp_send                                 0x08006bd7   Thumb Code     6  udp.o(.text)
    udp_connect                              0x08006bdd   Thumb Code    70  udp.o(.text)
    udp_disconnect                           0x08006c23   Thumb Code    20  udp.o(.text)
    udp_recv                                 0x08006c37   Thumb Code     6  udp.o(.text)
    udp_remove                               0x08006c3d   Thumb Code    40  udp.o(.text)
    udp_new                                  0x08006c65   Thumb Code    26  udp.o(.text)
    icmp_input                               0x08006c8d   Thumb Code   422  icmp.o(.text)
    icmp_dest_unreach                        0x08006ea3   Thumb Code     6  icmp.o(.text)
    icmp_time_exceeded                       0x08006ea9   Thumb Code     6  icmp.o(.text)
    htonl                                    0x08006eb5   Thumb Code     4  inet.o(.text)
    inet_aton                                0x08006eb9   Thumb Code   238  inet.o(.text)
    inet_addr                                0x08006fa7   Thumb Code    20  inet.o(.text)
    inet_ntoa                                0x08006fbb   Thumb Code    80  inet.o(.text)
    htons                                    0x0800700b   Thumb Code     4  inet.o(.text)
    ntohs                                    0x0800700f   Thumb Code     4  inet.o(.text)
    ntohl                                    0x08007013   Thumb Code     4  inet.o(.text)
    inet_chksum_pseudo                       0x08007059   Thumb Code   134  inet_chksum.o(.text)
    inet_chksum                              0x080070df   Thumb Code    12  inet_chksum.o(.text)
    inet_chksum_pbuf                         0x080070eb   Thumb Code    72  inet_chksum.o(.text)
    ip_route                                 0x08007135   Thumb Code    72  ip.o(.text)
    ip_input                                 0x08007225   Thumb Code   494  ip.o(.text)
    ip_output_if                             0x08007413   Thumb Code   236  ip.o(.text)
    ip_output                                0x080074ff   Thumb Code    78  ip.o(.text)
    ip_addr_isbroadcast                      0x08007551   Thumb Code    48  ip_addr.o(.text)
    ip_reass_tmr                             0x080075eb   Thumb Code    40  ip_frag.o(.text)
    ip_reass                                 0x08007769   Thumb Code   468  ip_frag.o(.text)
    ip_frag                                  0x0800793d   Thumb Code   320  ip_frag.o(.text)
    vlwIPInit                                0x08007aa5   Thumb Code    26  lwipentry.o(.text)
    LwIPEntry                                0x08007abf   Thumb Code    98  lwipentry.o(.text)
    netconn_new_with_proto_and_callback      0x08007b25   Thumb Code    66  api_lib.o(.text)
    netconn_delete                           0x08007b67   Thumb Code    36  api_lib.o(.text)
    netconn_getaddr                          0x08007b8b   Thumb Code    32  api_lib.o(.text)
    netconn_bind                             0x08007bab   Thumb Code    30  api_lib.o(.text)
    netconn_connect                          0x08007bc9   Thumb Code    30  api_lib.o(.text)
    netconn_disconnect                       0x08007be7   Thumb Code    24  api_lib.o(.text)
    netconn_listen_with_backlog              0x08007bff   Thumb Code    24  api_lib.o(.text)
    netconn_accept                           0x08007c17   Thumb Code    30  api_lib.o(.text)
    netconn_recv                             0x08007c35   Thumb Code   222  api_lib.o(.text)
    netconn_send                             0x08007d13   Thumb Code    26  api_lib.o(.text)
    netconn_sendto                           0x08007d2d   Thumb Code    14  api_lib.o(.text)
    netconn_write                            0x08007d3b   Thumb Code    32  api_lib.o(.text)
    netconn_close                            0x08007d5b   Thumb Code    24  api_lib.o(.text)
    netconn_gethostbyname                    0x08007d73   Thumb Code    64  api_lib.o(.text)
    netconn_free                             0x08008159   Thumb Code   104  api_msg.o(.text)
    netconn_alloc                            0x080081c1   Thumb Code    88  api_msg.o(.text)
    do_newconn                               0x08008265   Thumb Code    28  api_msg.o(.text)
    do_delconn                               0x08008281   Thumb Code   102  api_msg.o(.text)
    do_bind                                  0x080082e7   Thumb Code    92  api_msg.o(.text)
    do_connect                               0x0800836f   Thumb Code    96  api_msg.o(.text)
    do_disconnect                            0x080083cf   Thumb Code    34  api_msg.o(.text)
    do_listen                                0x080083f1   Thumb Code   142  api_msg.o(.text)
    do_send                                  0x0800847f   Thumb Code   118  api_msg.o(.text)
    do_recv                                  0x080084f5   Thumb Code    46  api_msg.o(.text)
    do_write                                 0x08008523   Thumb Code    52  api_msg.o(.text)
    do_getaddr                               0x08008557   Thumb Code   114  api_msg.o(.text)
    do_close                                 0x080085c9   Thumb Code    32  api_msg.o(.text)
    do_gethostbyname                         0x08008603   Thumb Code    36  api_msg.o(.text)
    netbuf_new                               0x080086bd   Thumb Code    24  netbuf.o(.text)
    netbuf_delete                            0x080086d5   Thumb Code    34  netbuf.o(.text)
    netbuf_alloc                             0x080086f7   Thumb Code    36  netbuf.o(.text)
    netbuf_free                              0x0800871b   Thumb Code    20  netbuf.o(.text)
    netbuf_ref                               0x0800872f   Thumb Code    56  netbuf.o(.text)
    netbuf_chain                             0x08008767   Thumb Code    30  netbuf.o(.text)
    netbuf_data                              0x08008785   Thumb Code    24  netbuf.o(.text)
    netbuf_next                              0x0800879d   Thumb Code    26  netbuf.o(.text)
    netbuf_first                             0x080087b7   Thumb Code     6  netbuf.o(.text)
    tcp_timer_needed                         0x080087e5   Thumb Code    36  tcpip.o(.text)
    tcpip_input                              0x080088e1   Thumb Code    68  tcpip.o(.text)
    tcpip_callback_with_block                0x08008925   Thumb Code    86  tcpip.o(.text)
    tcpip_timeout                            0x0800897b   Thumb Code    58  tcpip.o(.text)
    tcpip_untimeout                          0x080089b5   Thumb Code    52  tcpip.o(.text)
    tcpip_apimsg                             0x080089e9   Thumb Code    48  tcpip.o(.text)
    tcpip_init                               0x08008a19   Thumb Code    36  tcpip.o(.text)
    pbuf_free_callback                       0x08008a41   Thumb Code     8  tcpip.o(.text)
    mem_free_callback                        0x08008a49   Thumb Code     8  tcpip.o(.text)
    __aeabi_memcpy                           0x08008a89   Thumb Code    36  memcpya.o(.text)
    __aeabi_memcpy4                          0x08008a89   Thumb Code     0  memcpya.o(.text)
    __aeabi_memcpy8                          0x08008a89   Thumb Code     0  memcpya.o(.text)
    __aeabi_memset                           0x08008aad   Thumb Code    14  memseta.o(.text)
    __aeabi_memset4                          0x08008aad   Thumb Code     0  memseta.o(.text)
    __aeabi_memset8                          0x08008aad   Thumb Code     0  memseta.o(.text)
    __aeabi_memclr                           0x08008abb   Thumb Code     4  memseta.o(.text)
    __aeabi_memclr4                          0x08008abb   Thumb Code     0  memseta.o(.text)
    __aeabi_memclr8                          0x08008abb   Thumb Code     0  memseta.o(.text)
    _memset$wrapper                          0x08008abf   Thumb Code    18  memseta.o(.text)
    strlen                                   0x08008ad1   Thumb Code    14  strlen.o(.text)
    strcmp                                   0x08008adf   Thumb Code    28  strcmp.o(.text)
    strcpy                                   0x08008afb   Thumb Code    18  strcpy.o(.text)
    __aeabi_uidiv                            0x08008b0d   Thumb Code     0  uidiv.o(.text)
    __aeabi_uidivmod                         0x08008b0d   Thumb Code    44  uidiv.o(.text)
    __aeabi_uldivmod                         0x08008b39   Thumb Code    98  uldiv.o(.text)
    __I$use$fp                               0x08008b9b   Thumb Code     0  iusefp.o(.text)
    __aeabi_dadd                             0x08008b9b   Thumb Code   322  dadd.o(.text)
    __aeabi_dsub                             0x08008cdd   Thumb Code     6  dadd.o(.text)
    __aeabi_drsub                            0x08008ce3   Thumb Code     6  dadd.o(.text)
    __aeabi_dmul                             0x08008ce9   Thumb Code   228  dmul.o(.text)
    __aeabi_ddiv                             0x08008dcd   Thumb Code   222  ddiv.o(.text)
    __aeabi_d2ulz                            0x08008eab   Thumb Code    48  dfixul.o(.text)
    __aeabi_cdrcmple                         0x08008edd   Thumb Code    38  cdrcmple.o(.text)
    __scatterload                            0x08008f05   Thumb Code    28  init.o(.text)
    __scatterload_rt2                        0x08008f05   Thumb Code     0  init.o(.text)
    __aeabi_llsl                             0x08008f29   Thumb Code    30  llshl.o(.text)
    _ll_shift_l                              0x08008f29   Thumb Code     0  llshl.o(.text)
    __aeabi_llsr                             0x08008f47   Thumb Code    32  llushr.o(.text)
    _ll_ushift_r                             0x08008f47   Thumb Code     0  llushr.o(.text)
    __aeabi_lasr                             0x08008f67   Thumb Code    36  llsshr.o(.text)
    _ll_sshift_r                             0x08008f67   Thumb Code     0  llsshr.o(.text)
    _double_round                            0x08008f8b   Thumb Code    26  depilogue.o(.text)
    _double_epilogue                         0x08008fa5   Thumb Code   156  depilogue.o(.text)
    __decompress                             0x08009041   Thumb Code     0  __dczerorl2.o(.text)
    __decompress1                            0x08009041   Thumb Code    86  __dczerorl2.o(.text)
    __0vsprintf                              0x08009099   Thumb Code    30  printfa.o(i.__0vsprintf)
    __1vsprintf                              0x08009099   Thumb Code     0  printfa.o(i.__0vsprintf)
    __2vsprintf                              0x08009099   Thumb Code     0  printfa.o(i.__0vsprintf)
    __c89vsprintf                            0x08009099   Thumb Code     0  printfa.o(i.__0vsprintf)
    vsprintf                                 0x08009099   Thumb Code     0  printfa.o(i.__0vsprintf)
    __scatterload_copy                       0x080090bd   Thumb Code    14  handlers.o(i.__scatterload_copy)
    __scatterload_null                       0x080090cb   Thumb Code     2  handlers.o(i.__scatterload_null)
    __scatterload_zeroinit                   0x080090cd   Thumb Code    14  handlers.o(i.__scatterload_zeroinit)
    ethbroadcast                             0x0800997e   Data           6  etharp.o(.constdata)
    ethzero                                  0x08009984   Data           6  etharp.o(.constdata)
    tcp_persist_backoff                      0x080099c2   Data           7  tcp.o(.constdata)
    tcp_backoff                              0x080099c9   Data          13  tcp.o(.constdata)
    ip_addr_any                              0x080099d6   Data           4  ip_addr.o(.constdata)
    Region$$Table$$Base                      0x08009acc   Number         0  anon$$obj.o(Region$$Table)
    Region$$Table$$Limit                     0x08009aec   Number         0  anon$$obj.o(Region$$Table)
    serverIP                                 0x20000000   Data           4  netconfig.o(.data)
    maskIP                                   0x20000004   Data           4  netconfig.o(.data)
    gateIP                                   0x20000008   Data           4  netconfig.o(.data)
    m_mac                                    0x2000000c   Data           6  netconfig.o(.data)
    pxCurrentTCB                             0x20000030   Data           4  tasks.o(.data)
    netif_list                               0x200000b0   Data           4  netif.o(.data)
    netif_default                            0x200000b4   Data           4  netif.o(.data)
    tcp_ticks                                0x200000c8   Data           4  tcp.o(.data)
    tcp_bound_pcbs                           0x200000cc   Data           4  tcp.o(.data)
    tcp_listen_pcbs                          0x200000d0   Data           4  tcp.o(.data)
    tcp_active_pcbs                          0x200000d4   Data           4  tcp.o(.data)
    tcp_tw_pcbs                              0x200000d8   Data           4  tcp.o(.data)
    tcp_tmp_pcb                              0x200000dc   Data           4  tcp.o(.data)
    tcp_state_str                            0x200000e0   Data          44  tcp.o(.data)
    tcp_input_pcb                            0x20000124   Data           4  tcp_in.o(.data)
    udp_pcbs                                 0x20000128   Data           4  udp.o(.data)
    current_netif                            0x20000130   Data           4  ip.o(.data)
    current_header                           0x20000134   Data           4  ip.o(.data)
    DM9000AEP                                0x20000150   Data          48  netconfig.o(.bss)
    Rx_Data_Buf                              0x200046e4   Data        1516  ethernetif.o(.bss)
    Tx_Data_Buf                              0x20004cd0   Data        1516  ethernetif.o(.bss)
    lwip_stats                               0x20009224   Data         330  stats.o(.bss)
    __initial_sp                             0x20009f68   Data           0  cstartup.o(STACK)



==============================================================================

Memory Map of the image

  Image Entry point : 0x080000ed

  Load Region LR_IROM1 (Base: 0x08000000, Size: 0x00009c3c, Max: 0x00040000, ABSOLUTE, COMPRESSED[0x00009b30])

    Execution Region ER_IROM1 (Base: 0x08000000, Size: 0x00009aec, Max: 0x00040000, ABSOLUTE)

    Base Addr    Size         Type   Attr      Idx    E Section Name        Object

    0x08000000   0x000000ec   Data   RO          439    RESET               cstartup.o
    0x080000ec   0x00000000   Code   RO         1658  * .ARM.Collect$$$$00000000  mc_w.l(entry.o)
    0x080000ec   0x00000004   Code   RO         1703    .ARM.Collect$$$$00000001  mc_w.l(entry2.o)
    0x080000f0   0x00000004   Code   RO         1706    .ARM.Collect$$$$00000004  mc_w.l(entry5.o)
    0x080000f4   0x00000000   Code   RO         1708    .ARM.Collect$$$$00000008  mc_w.l(entry7b.o)
    0x080000f4   0x00000000   Code   RO         1710    .ARM.Collect$$$$0000000A  mc_w.l(entry8b.o)
    0x080000f4   0x00000008   Code   RO         1711    .ARM.Collect$$$$0000000B  mc_w.l(entry9a.o)
    0x080000fc   0x00000000   Code   RO         1713    .ARM.Collect$$$$0000000D  mc_w.l(entry10a.o)
    0x080000fc   0x00000000   Code   RO         1715    .ARM.Collect$$$$0000000F  mc_w.l(entry11a.o)
    0x080000fc   0x00000004   Code   RO         1704    .ARM.Collect$$$$00002712  mc_w.l(entry2.o)
    0x08000100   0x00000096   Code   RO          689    .emb_text           port.o
    0x08000196   0x00000002   PAD
    0x08000198   0x00000050   Code   RO            3    .text               main.o
    0x080001e8   0x00000078   Code   RO          189    .text               app_led.o
    0x08000260   0x000000cc   Code   RO          223    .text               netconfig.o
    0x0800032c   0x000001ec   Code   RO          317    .text               app_serial.o
    0x08000518   0x00000120   Code   RO          364    .text               bsp.o
    0x08000638   0x000003c8   Code   RO          388    .text               dm9000x.o
    0x08000a00   0x00000144   Code   RO          416    .text               i2c_bus.o
    0x08000b44   0x0000001c   Code   RO          440    .text               cstartup.o
    0x08000b60   0x00000264   Code   RO          446    .text               stm32f10x_gpio.o
    0x08000dc4   0x000002b8   Code   RO          466    .text               stm32f10x_rcc.o
    0x0800107c   0x000000b0   Code   RO          514    .text               misc.o
    0x0800112c   0x00000328   Code   RO          534    .text               stm32f10x_usart.o
    0x08001454   0x00000088   Code   RO          624    .text               list.o
    0x080014dc   0x00000552   Code   RO          636    .text               queue.o
    0x08001a2e   0x00000002   PAD
    0x08001a30   0x00000e2c   Code   RO          651    .text               tasks.o
    0x0800285c   0x000000c4   Code   RO          690    .text               port.o
    0x08002920   0x000000f4   Code   RO          720    .text               heap_2.o
    0x08002a14   0x000000fc   Code   RO          737    .text               ethernetif.o
    0x08002b10   0x0000024c   Code   RO          773    .text               sys_arch.o
    0x08002d5c   0x00000720   Code   RO          819    .text               etharp.o
    0x0800347c   0x000004c0   Code   RO          906    .text               dns.o
    0x0800393c   0x00000308   Code   RO          959    .text               mem.o
    0x08003c44   0x00000104   Code   RO          977    .text               memp.o
    0x08003d48   0x0000018c   Code   RO         1010    .text               netif.o
    0x08003ed4   0x00000434   Code   RO         1033    .text               pbuf.o
    0x08004308   0x00000160   Code   RO         1060    .text               raw.o
    0x08004468   0x000001d8   Code   RO         1086    .text               sys.o
    0x08004640   0x00000938   Code   RO         1107    .text               tcp.o
    0x08004f78   0x00000fc8   Code   RO         1129    .text               tcp_in.o
    0x08005f40   0x00000988   Code   RO         1152    .text               tcp_out.o
    0x080068c8   0x000003c4   Code   RO         1164    .text               udp.o
    0x08006c8c   0x00000228   Code   RO         1182    .text               icmp.o
    0x08006eb4   0x00000168   Code   RO         1200    .text               inet.o
    0x0800701c   0x00000116   Code   RO         1214    .text               inet_chksum.o
    0x08007132   0x00000002   PAD
    0x08007134   0x0000041c   Code   RO         1230    .text               ip.o
    0x08007550   0x00000030   Code   RO         1251    .text               ip_addr.o
    0x08007580   0x00000524   Code   RO         1274    .text               ip_frag.o
    0x08007aa4   0x00000080   Code   RO         1291    .text               lwipentry.o
    0x08007b24   0x000002c0   Code   RO         1378    .text               api_lib.o
    0x08007de4   0x000008d8   Code   RO         1426    .text               api_msg.o
    0x080086bc   0x00000100   Code   RO         1487    .text               netbuf.o
    0x080087bc   0x000002cc   Code   RO         1601    .text               tcpip.o
    0x08008a88   0x00000024   Code   RO         1661    .text               mc_w.l(memcpya.o)
    0x08008aac   0x00000024   Code   RO         1663    .text               mc_w.l(memseta.o)
    0x08008ad0   0x0000000e   Code   RO         1665    .text               mc_w.l(strlen.o)
    0x08008ade   0x0000001c   Code   RO         1667    .text               mc_w.l(strcmp.o)
    0x08008afa   0x00000012   Code   RO         1669    .text               mc_w.l(strcpy.o)
    0x08008b0c   0x0000002c   Code   RO         1720    .text               mc_w.l(uidiv.o)
    0x08008b38   0x00000062   Code   RO         1722    .text               mc_w.l(uldiv.o)
    0x08008b9a   0x00000000   Code   RO         1733    .text               mc_w.l(iusefp.o)
    0x08008b9a   0x0000014e   Code   RO         1734    .text               mf_w.l(dadd.o)
    0x08008ce8   0x000000e4   Code   RO         1736    .text               mf_w.l(dmul.o)
    0x08008dcc   0x000000de   Code   RO         1738    .text               mf_w.l(ddiv.o)
    0x08008eaa   0x00000030   Code   RO         1740    .text               mf_w.l(dfixul.o)
    0x08008eda   0x00000002   PAD
    0x08008edc   0x00000028   Code   RO         1742    .text               mf_w.l(cdrcmple.o)
    0x08008f04   0x00000024   Code   RO         1744    .text               mc_w.l(init.o)
    0x08008f28   0x0000001e   Code   RO         1747    .text               mc_w.l(llshl.o)
    0x08008f46   0x00000020   Code   RO         1749    .text               mc_w.l(llushr.o)
    0x08008f66   0x00000024   Code   RO         1751    .text               mc_w.l(llsshr.o)
    0x08008f8a   0x000000b6   Code   RO         1784    .text               mf_w.l(depilogue.o)
    0x08009040   0x00000056   Code   RO         1796    .text               mc_w.l(__dczerorl2.o)
    0x08009096   0x00000002   PAD
    0x08009098   0x00000024   Code   RO         1680    i.__0vsprintf       mc_w.l(printfa.o)
    0x080090bc   0x0000000e   Code   RO         1790    i.__scatterload_copy  mc_w.l(handlers.o)
    0x080090ca   0x00000002   Code   RO         1791    i.__scatterload_null  mc_w.l(handlers.o)
    0x080090cc   0x0000000e   Code   RO         1792    i.__scatterload_zeroinit  mc_w.l(handlers.o)
    0x080090da   0x00000002   PAD
    0x080090dc   0x00000164   Code   RO         1681    i._fp_digits        mc_w.l(printfa.o)
    0x08009240   0x000006dc   Code   RO         1682    i._printf_core      mc_w.l(printfa.o)
    0x0800991c   0x00000024   Code   RO         1683    i._printf_post_padding  mc_w.l(printfa.o)
    0x08009940   0x0000002e   Code   RO         1684    i._printf_pre_padding  mc_w.l(printfa.o)
    0x0800996e   0x0000000a   Code   RO         1686    i._sputc            mc_w.l(printfa.o)
    0x08009978   0x00000006   Data   RO          190    .constdata          app_led.o
    0x0800997e   0x0000000c   Data   RO          821    .constdata          etharp.o
    0x0800998a   0x00000038   Data   RO          979    .constdata          memp.o
    0x080099c2   0x00000014   Data   RO         1108    .constdata          tcp.o
    0x080099d6   0x00000004   Data   RO         1252    .constdata          ip_addr.o
    0x080099da   0x00000002   PAD
    0x080099dc   0x00000075   Data   RO         1109    .conststring        tcp.o
    0x08009a51   0x00000003   PAD
    0x08009a54   0x00000078   Data   RO         1292    .conststring        lwipentry.o
    0x08009acc   0x00000020   Data   RO         1788    Region$$Table       anon$$obj.o


    Execution Region RW_IRAM1 (Base: 0x20000000, Size: 0x00009f68, Max: 0x0000c000, ABSOLUTE, COMPRESSED[0x00000044])

    Base Addr    Size         Type   Attr      Idx    E Section Name        Object

    0x20000000   0x00000012   Data   RW          231    .data               netconfig.o
    0x20000012   0x00000002   PAD
    0x20000014   0x00000008   Data   RW          318    .data               app_serial.o
    0x2000001c   0x00000014   Data   RW          467    .data               stm32f10x_rcc.o
    0x20000030   0x0000003c   Data   RW          653    .data               tasks.o
    0x2000006c   0x00000004   Data   RW          691    .data               port.o
    0x20000070   0x00000018   Data   RW          722    .data               heap_2.o
    0x20000088   0x00000002   Data   RW          775    .data               sys_arch.o
    0x2000008a   0x00000001   Data   RW          822    .data               etharp.o
    0x2000008b   0x00000001   PAD
    0x2000008c   0x00000010   Data   RW          908    .data               dns.o
    0x2000009c   0x00000010   Data   RW          961    .data               mem.o
    0x200000ac   0x0000000c   Data   RW         1011    .data               netif.o
    0x200000b8   0x00000001   Data   RW         1034    .data               pbuf.o
    0x200000b9   0x00000003   PAD
    0x200000bc   0x00000004   Data   RW         1061    .data               raw.o
    0x200000c0   0x0000004c   Data   RW         1110    .data               tcp.o
    0x2000010c   0x0000001c   Data   RW         1131    .data               tcp_in.o
    0x20000128   0x00000004   Data   RW         1165    .data               udp.o
    0x2000012c   0x0000000c   Data   RW         1231    .data               ip.o
    0x20000138   0x00000008   Data   RW         1276    .data               ip_frag.o
    0x20000140   0x00000010   Data   RW         1602    .data               tcpip.o
    0x20000150   0x00000030   Zero   RW          225    .bss                netconfig.o
    0x20000180   0x00000038   Zero   RW          417    .bss                i2c_bus.o
    0x200001b8   0x0000012c   Zero   RW          652    .bss                tasks.o
    0x200002e4   0x00004400   Zero   RW          721    .bss                heap_2.o
    0x200046e4   0x00000bd8   Zero   RW          738    .bss                ethernetif.o
    0x200052bc   0x00000028   Zero   RW          774    .bss                sys_arch.o
    0x200052e4   0x000000c8   Zero   RW          820    .bss                etharp.o
    0x200053ac   0x00000660   Zero   RW          907    .bss                dns.o
    0x20005a0c   0x000007e4   Zero   RW          960    .bss                mem.o
    0x200061f0   0x00003033   Zero   RW          978    .bss                memp.o
    0x20009223   0x00000001   PAD
    0x20009224   0x0000014a   Zero   RW         1074    .bss                stats.o
    0x2000936e   0x00000002   PAD
    0x20009370   0x00000014   Zero   RW         1130    .bss                tcp_in.o
    0x20009384   0x00000010   Zero   RW         1201    .bss                inet.o
    0x20009394   0x000007d4   Zero   RW         1275    .bss                ip_frag.o
    0x20009b68   0x00000400   Zero   RW          437    STACK               cstartup.o


==============================================================================

Image component sizes


      Code (inc. data)   RO Data    RW Data    ZI Data      Debug   Object Name

       704         50          0          0          0      18574   api_lib.o
      2264         38          0          0          0      24983   api_msg.o
       120         16          6          0          0       1274   app_led.o
       492         30          0          8          0       9878   app_serial.o
       288         14          0          0          0       2739   bsp.o
        28          4        236          0       1024        784   cstartup.o
       968         20          0          0          0       4106   dm9000x.o
      1216         50          0         16       1632       5547   dns.o
      1824         30         12          1        200      16359   etharp.o
       252         24          0          0       3032       3628   ethernetif.o
         0          0          0          0          0       9524   event_groups.o
       244          8          0         24      17408       2944   heap_2.o
       324         14          0          0         56       2742   i2c_bus.o
       552          6          0          0          0       2134   icmp.o
       360         12          0          0         16       2866   inet.o
       278          0          0          0          0       4922   inet_chksum.o
         0          0          0          0          0        664   init.o
      1052         20          0         12          0       5758   ip.o
        48          0          4          0          0       5313   ip_addr.o
      1316         22          0          8       2004       4684   ip_frag.o
       136          0          0          0          0       1634   list.o
       128          4        120          0          0      18397   lwipentry.o
        80         20          0          0          0     253866   main.o
       776         14          0         16       2020       3494   mem.o
       260         12         56          0      12339       3018   memp.o
       176         14          0          0          0       1641   misc.o
       256          0          0          0          0       6173   netbuf.o
       204         18          0         18         48      15434   netconfig.o
       396         14          0         12          0       4818   netif.o
      1076         14          0          1          0       5650   pbuf.o
       346         30          0          4          0       6934   port.o
      1362          6          0          0          0       9129   queue.o
       352          6          0          4          0       2869   raw.o
         0          0          0          0        330       3317   stats.o
       612         36          0          0          0       4913   stm32f10x_gpio.o
       696         32          0         20          0       8016   stm32f10x_rcc.o
       808         22          0          0          0       7240   stm32f10x_usart.o
       472          4          0          0          0       2664   sys.o
       588         14          0          2         40       7918   sys_arch.o
      3628         84          0         60        300      26542   tasks.o
      2360         46        137         76          0      16571   tcp.o
      4040         80          0         28         20      13248   tcp_in.o
      2440         28          0          0          0       5402   tcp_out.o
       716         62          0         16          0      20424   tcpip.o
       964         14          0          4          0       5273   udp.o

    ----------------------------------------------------------------------
     35208        932        608        336      40472     584008   Object Totals
         0          0         32          0          0          0   (incl. Generated)
         6          0          5          6          3          0   (incl. Padding)

    ----------------------------------------------------------------------

      Code (inc. data)   RO Data    RW Data    ZI Data      Debug   Library Member Name

        86          0          0          0          0          0   __dczerorl2.o
         0          0          0          0          0          0   entry.o
         0          0          0          0          0          0   entry10a.o
         0          0          0          0          0          0   entry11a.o
         8          4          0          0          0          0   entry2.o
         4          0          0          0          0          0   entry5.o
         0          0          0          0          0          0   entry7b.o
         0          0          0          0          0          0   entry8b.o
         8          4          0          0          0          0   entry9a.o
        30          0          0          0          0          0   handlers.o
        36          8          0          0          0         68   init.o
         0          0          0          0          0          0   iusefp.o
        30          0          0          0          0         68   llshl.o
        36          0          0          0          0         68   llsshr.o
        32          0          0          0          0         68   llushr.o
        36          0          0          0          0         68   memcpya.o
        36          0          0          0          0        108   memseta.o
      2240         86          0          0          0        508   printfa.o
        28          0          0          0          0         76   strcmp.o
        18          0          0          0          0         68   strcpy.o
        14          0          0          0          0         68   strlen.o
        44          0          0          0          0         80   uidiv.o
        98          0          0          0          0         92   uldiv.o
        40          2          0          0          0         68   cdrcmple.o
       334          0          0          0          0        148   dadd.o
       222          0          0          0          0        100   ddiv.o
       182          0          0          0          0        176   depilogue.o
        48          0          0          0          0         68   dfixul.o
       228          0          0          0          0         96   dmul.o

    ----------------------------------------------------------------------
      3844        104          0          0          0       1996   Library Totals
         6          0          0          0          0          0   (incl. Padding)

    ----------------------------------------------------------------------

      Code (inc. data)   RO Data    RW Data    ZI Data      Debug   Library Name

      2784        102          0          0          0       1340   mc_w.l
      1054          2          0          0          0        656   mf_w.l

    ----------------------------------------------------------------------
      3844        104          0          0          0       1996   Library Totals

    ----------------------------------------------------------------------

==============================================================================


      Code (inc. data)   RO Data    RW Data    ZI Data      Debug   

     39052       1036        608        336      40472     580568   Grand Totals
     39052       1036        608         68      40472     580568   ELF Image Totals (compressed)
     39052       1036        608         68          0          0   ROM Totals

==============================================================================

    Total RO  Size (Code + RO Data)                39660 (  38.73kB)
    Total RW  Size (RW Data + ZI Data)             40808 (  39.85kB)
    Total ROM Size (Code + RO Data + RW Data)      39728 (  38.80kB)

==============================================================================

