Product: MDK-ARM Standard 5.10
Component: ARM Compiler 5.04 update 1 (build 49)
Tool: armlink [5040049]

==============================================================================

Section Cross References

    main.o(.text) refers to bsp.o(.text) for bsp_init
    main.o(.text) refers to lwipentry.o(.text) for vlwIPInit
    main.o(.text) refers to netconfig.o(.text) for LwIP_Init
    main.o(.text) refers to sys_arch.o(.text) for sys_thread_new
    main.o(.text) refers to tasks.o(.text) for xTaskCreate
    main.o(.text) refers to app_led.o(.text) for app_led_task_blink
    app_led.o(.text) refers to stm32f10x_rcc.o(.text) for RCC_APB2PeriphClockCmd
    app_led.o(.text) refers to stm32f10x_gpio.o(.text) for GPIO_Init
    app_led.o(.text) refers to tasks.o(.text) for xTaskGetTickCount
    app_led.o(.text) refers to app_serial.o(.text) for dbg_string
    app_led.o(.text) refers to app_led.o(.constdata) for .constdata
    netconfig.o(.text) refers to inet.o(.text) for htonl
    netconfig.o(.text) refers to netif.o(.text) for netif_add
    netconfig.o(.text) refers to netconfig.o(.data) for .data
    netconfig.o(.text) refers to netconfig.o(.bss) for .bss
    netconfig.o(.text) refers to tcpip.o(.text) for tcpip_input
    netconfig.o(.text) refers to ethernetif.o(.text) for ethernetif_init
    app_serial.o(.text) refers to tasks.o(.text) for vTaskDelay
    app_serial.o(.text) refers to printfa.o(i.__0vsprintf) for __c89vsprintf
    app_serial.o(.text) refers to queue.o(.text) for xQueueGenericCreate
    app_serial.o(.text) refers to stm32f10x_rcc.o(.text) for RCC_APB2PeriphClockCmd
    app_serial.o(.text) refers to stm32f10x_gpio.o(.text) for GPIO_Init
    app_serial.o(.text) refers to stm32f10x_usart.o(.text) for USART_Init
    app_serial.o(.text) refers to misc.o(.text) for NVIC_Init
    app_serial.o(.text) refers to app_serial.o(.data) for .data
    bsp.o(.text) refers to app_serial.o(.text) for serial_init
    bsp.o(.text) refers to i2c_bus.o(.text) for i2c_bus_init
    bsp.o(.text) refers to app_led.o(.text) for app_led_init
    bsp.o(.text) refers to stm32f10x_rcc.o(.text) for RCC_APB2PeriphClockCmd
    bsp.o(.text) refers to stm32f10x_gpio.o(.text) for GPIO_Init
    bsp.o(.text) refers to misc.o(.text) for NVIC_SetVectorTable
    dm9000x.o(.text) refers to stm32f10x_rcc.o(.text) for RCC_APB2PeriphClockCmd
    dm9000x.o(.text) refers to stm32f10x_gpio.o(.text) for GPIO_PinRemapConfig
    i2c_bus.o(.text) refers to stm32f10x_rcc.o(.text) for RCC_APB2PeriphClockCmd
    i2c_bus.o(.text) refers to stm32f10x_gpio.o(.text) for GPIO_Init
    i2c_bus.o(.text) refers to i2c_bus.o(.bss) for .bss
    cstartup.o(RESET) refers to cstartup.o(STACK) for __initial_sp
    cstartup.o(RESET) refers to cstartup.o(.text) for Reset_Handler
    cstartup.o(RESET) refers to port.o(.emb_text) for vPortSVCHandler
    cstartup.o(RESET) refers to port.o(.text) for xPortSysTickHandler
    cstartup.o(RESET) refers to app_serial.o(.text) for USART1_IRQHandler
    cstartup.o(.text) refers to entry.o(.ARM.Collect$$$$00000000) for __main
    stm32f10x_gpio.o(.text) refers to stm32f10x_rcc.o(.text) for RCC_APB2PeriphResetCmd
    stm32f10x_rcc.o(.text) refers to stm32f10x_rcc.o(.data) for .data
    system_stm32f10x.o(.text) refers to system_stm32f10x.o(.data) for .data
    stm32f10x_usart.o(.text) refers to stm32f10x_rcc.o(.text) for RCC_APB2PeriphResetCmd
    event_groups.o(.text) refers to heap_2.o(.text) for pvPortMalloc
    event_groups.o(.text) refers to list.o(.text) for vListInitialise
    event_groups.o(.text) refers to tasks.o(.text) for vTaskSuspendAll
    event_groups.o(.text) refers to port.o(.text) for vPortEnterCritical
    queue.o(.text) refers to port.o(.text) for vPortEnterCritical
    queue.o(.text) refers to list.o(.text) for vListInitialise
    queue.o(.text) refers to tasks.o(.text) for xTaskRemoveFromEventList
    queue.o(.text) refers to heap_2.o(.text) for pvPortMalloc
    queue.o(.text) refers to memcpya.o(.text) for __aeabi_memcpy
    tasks.o(.text) refers to port.o(.text) for vPortEnterCritical
    tasks.o(.text) refers to list.o(.text) for vListInitialise
    tasks.o(.text) refers to heap_2.o(.text) for pvPortMalloc
    tasks.o(.text) refers to tasks.o(.data) for .data
    tasks.o(.text) refers to tasks.o(.bss) for .bss
    tasks.o(.text) refers to memseta.o(.text) for __aeabi_memset
    port.o(.emb_text) refers to tasks.o(.text) for vTaskSwitchContext
    port.o(.emb_text) refers to tasks.o(.data) for pxCurrentTCB
    port.o(.text) refers to port.o(.emb_text) for __asm___6_port_c_39a90d8d__prvStartFirstTask
    port.o(.text) refers to tasks.o(.text) for xTaskIncrementTick
    port.o(.text) refers to port.o(.data) for .data
    heap_2.o(.text) refers to tasks.o(.text) for vTaskSuspendAll
    heap_2.o(.text) refers to heap_2.o(.data) for .data
    heap_2.o(.text) refers to heap_2.o(.bss) for .bss
    ethernetif.o(.text) refers to dm9000x.o(.text) for dm9000x_receivepacket
[...]
    ..\\STMLIB\\src\\stm32f10x_exti.c        0x00000000   Number         0  stm32f10x_exti.o ABSOLUTE
    ..\\STMLIB\\src\\stm32f10x_gpio.c        0x00000000   Number         0  stm32f10x_gpio.o ABSOLUTE
    ..\\STMLIB\\src\\stm32f10x_rcc.c         0x00000000   Number         0  stm32f10x_rcc.o ABSOLUTE
    ..\\STMLIB\\src\\stm32f10x_usart.c       0x00000000   Number         0  stm32f10x_usart.o ABSOLUTE
    ..\\STMLIB\\src\\system_stm32f10x.c      0x00000000   Number         0  system_stm32f10x.o ABSOLUTE
    cdrcmple.s                               0x00000000   Number         0  cdrcmple.o ABSOLUTE
    dc.s                                     0x00000000   Number         0  dc.o ABSOLUTE
    handlers.s                               0x00000000   Number         0  handlers.o ABSOLUTE
    init.s                                   0x00000000   Number         0  init.o ABSOLUTE
    RESET                                    0x08000000   Section      236  cstartup.o(RESET)
    .ARM.Collect$$$$00000000                 0x080000ec   Section        0  entry.o(.ARM.Collect$$$$00000000)
    .ARM.Collect$$$$00000001                 0x080000ec   Section        4  entry2.o(.ARM.Collect$$$$00000001)
    .ARM.Collect$$$$00000004                 0x080000f0   Section        4  entry5.o(.ARM.Collect$$$$00000004)
    .ARM.Collect$$$$00000008                 0x080000f4   Section        0  entry7b.o(.ARM.Collect$$$$00000008)
    .ARM.Collect$$$$0000000A                 0x080000f4   Section        0  entry8b.o(.ARM.Collect$$$$0000000A)
    .ARM.Collect$$$$0000000B                 0x080000f4   Section        8  entry9a.o(.ARM.Collect$$$$0000000B)
    .ARM.Collect$$$$0000000D                 0x080000fc   Section        0  entry10a.o(.ARM.Collect$$$$0000000D)
    .ARM.Collect$$$$0000000F                 0x080000fc   Section        0  entry11a.o(.ARM.Collect$$$$0000000F)
    .ARM.Collect$$$$00002712                 0x080000fc   Section        4  entry2.o(.ARM.Collect$$$$00002712)
    __lit__00000000                          0x080000fc   Data           4  entry2.o(.ARM.Collect$$$$00002712)
    .emb_text                                0x08000100   Section      150  port.o(.emb_text)
    .text                                    0x08000198   Section        0  main.o(.text)
    .text                                    0x080001e8   Section        0  app_led.o(.text)
    .text                                    0x0800027c   Section        0  netconfig.o(.text)
    .text                                    0x08000348   Section        0  app_serial.o(.text)
    vComTxTask                               0x08000349   Thumb Code    60  app_serial.o(.text)
    xSerialPutChar                           0x080004ef   Thumb Code    40  app_serial.o(.text)
    .text                                    0x08000534   Section        0  bsp.o(.text)
    prvSetupHardware                         0x08000595   Thumb Code   118  bsp.o(.text)
    .text                                    0x08000614   Section        0  dm9000x.o(.text)
    dm9000_out_byte                          0x0800069d   Thumb Code   106  dm9000x.o(.text)
    ior                                      0x08000707   Thumb Code    92  dm9000x.o(.text)
    iow                                      0x080009b5   Thumb Code    20  dm9000x.o(.text)
    .text                                    0x080009dc   Section        0  i2c_bus.o(.text)
    i2c_bus_start                            0x080009dd   Thumb Code    98  i2c_bus.o(.text)
    i2c_bus_chip_reset                       0x08000a3f   Thumb Code    62  i2c_bus.o(.text)
    delayus                                  0x08000aff   Thumb Code    20  i2c_bus.o(.text)
    .text                                    0x08000b20   Section       28  cstartup.o(.text)
    .text                                    0x08000b3c   Section        0  stm32f10x_gpio.o(.text)
    .text                                    0x08000da0   Section        0  stm32f10x_rcc.o(.text)
    .text                                    0x08001058   Section        0  misc.o(.text)
    .text                                    0x08001108   Section        0  stm32f10x_usart.o(.text)
    .text                                    0x08001430   Section        0  list.o(.text)
    .text                                    0x080014b8   Section        0  queue.o(.text)
    prvUnlockQueue                           0x08001569   Thumb Code   106  queue.o(.text)
    prvCopyDataToQueue                       0x080015d3   Thumb Code    88  queue.o(.text)
    prvCopyDataFromQueue                     0x080017df   Thumb Code    38  queue.o(.text)
    prvIsQueueEmpty                          0x080019f1   Thumb Code    26  queue.o(.text)
    .text                                    0x08001a0c   Section        0  tasks.o(.text)
    prvAddNewTaskToReadyList                 0x08001a0d   Thumb Code   194  tasks.o(.text)
    prvAddCurrentTaskToDelayedList           0x08001d03   Thumb Code   102  tasks.o(.text)
    prvIdleTask                              0x080020ad   Thumb Code    30  tasks.o(.text)
    prvListTasksWithinSingleList             0x080021c1   Thumb Code   112  tasks.o(.text)
    prvInitialiseNewTask                     0x08002713   Thumb Code   132  tasks.o(.text)
    prvResetNextTaskUnblockTime              0x08002797   Thumb Code    26  tasks.o(.text)
    prvDeleteTCB                             0x080027b1   Thumb Code    20  tasks.o(.text)
    prvTaskIsTaskSuspended                   0x080027c5   Thumb Code    28  tasks.o(.text)
    prvCheckTasksWaitingTermination          0x080027e1   Thumb Code    76  tasks.o(.text)
    .text                                    0x08002838   Section        0  port.o(.text)
    prvTaskExitError                         0x08002839   Thumb Code    16  port.o(.text)
    .text                                    0x080028fc   Section        0  heap_2.o(.text)
    .text                                    0x080029f0   Section        0  ethernetif.o(.text)
    low_level_output                         0x08002a4f   Thumb Code    42  ethernetif.o(.text)
    .text                                    0x08002aec   Section        0  sys_arch.o(.text)
    .text                                    0x08002d38   Section        0  etharp.o(.text)
    find_entry                               0x08002d87   Thumb Code   316  etharp.o(.text)
    etharp_send_ip                           0x08002ec3   Thumb Code    54  etharp.o(.text)
    update_arp_entry                         0x08002ef9   Thumb Code   162  etharp.o(.text)
    free_etharp_q                            0x08003371   Thumb Code    30  etharp.o(.text)
    etharp_raw                               0x0800338f   Thumb Code   188  etharp.o(.text)
    .text                                    0x08003458   Section        0  dns.o(.text)
    dns_recv                                 0x0800347b   Thumb Code   356  dns.o(.text)
    dns_send                                 0x0800362b   Thumb Code   190  dns.o(.text)
    dns_check_entry                          0x080036e9   Thumb Code   170  dns.o(.text)
    dns_parse_name                           0x08003865   Thumb Code    34  dns.o(.text)
    dns_enqueue                              0x08003887   Thumb Code   136  dns.o(.text)
    .text                                    0x08003918   Section        0  mem.o(.text)
    plug_holes                               0x08003bc5   Thumb Code    78  mem.o(.text)
    .text                                    0x08003c20   Section        0  memp.o(.text)
    .text                                    0x08003d24   Section        0  netif.o(.text)
    .text                                    0x08003eb0   Section        0  pbuf.o(.text)
    pbuf_free_ooseq                          0x08003eb1   Thumb Code    42  pbuf.o(.text)
    pbuf_pool_is_empty                       0x08003edb   Thumb Code    54  pbuf.o(.text)
    .text                                    0x080042e4   Section        0  raw.o(.text)
    .text                                    0x08004444   Section        0  sys.o(.text)
    sswt_handler                             0x080045b7   Thumb Code    12  sys.o(.text)
    .text                                    0x0800461c   Section        0  tcp.o(.text)
    tcp_new_port                             0x08004b73   Thumb Code    92  tcp.o(.text)
    tcp_accept_null                          0x08004c7f   Thumb Code     6  tcp.o(.text)
    .text                                    0x08004f54   Section        0  tcp_in.o(.text)
    tcp_oos_insert_segment                   0x08004f55   Thumb Code   140  tcp_in.o(.text)
    tcp_receive                              0x08004fe1   Thumb Code  1670  tcp_in.o(.text)
    tcp_parseopt                             0x08005667   Thumb Code   124  tcp_in.o(.text)
    tcp_process                              0x080056e3   Thumb Code   846  tcp_in.o(.text)
    tcp_listen_input                         0x08005a31   Thumb Code   236  tcp_in.o(.text)
    tcp_timewait_input                       0x08005eaf   Thumb Code   100  tcp_in.o(.text)
    .text                                    0x08005f1c   Section        0  tcp_out.o(.text)
    tcp_output_set_header                    0x08005f1d   Thumb Code   124  tcp_out.o(.text)
    tcp_output_segment                       0x0800637f   Thumb Code   208  tcp_out.o(.text)
    .text                                    0x080068a4   Section        0  udp.o(.text)
    .text                                    0x08006c68   Section        0  icmp.o(.text)
    icmp_send_response                       0x08006e0f   Thumb Code   112  icmp.o(.text)
    .text                                    0x08006e90   Section        0  inet.o(.text)
    .text                                    0x08006ff8   Section        0  inet_chksum.o(.text)
    lwip_standard_chksum                     0x08006ff9   Thumb Code    60  inet_chksum.o(.text)
    .text                                    0x08007110   Section        0  ip.o(.text)
    ip_forward                               0x08007159   Thumb Code   168  ip.o(.text)
    .text                                    0x0800752c   Section        0  ip_addr.o(.text)
    .text                                    0x0800755c   Section        0  ip_frag.o(.text)
    ip_reass_free_complete_datagram          0x0800755d   Thumb Code   106  ip_frag.o(.text)
    ip_reass_remove_oldest_datagram          0x080075ef   Thumb Code   108  ip_frag.o(.text)
    ip_reass_chain_frag_into_datagram_and_validate 0x0800765b   Thumb Code   234  ip_frag.o(.text)
    ip_reass_dequeue_datagram                0x08007a59   Thumb Code    30  ip_frag.o(.text)
    .text                                    0x08007a80   Section        0  lwipentry.o(.text)
    .text                                    0x08007b00   Section        0  api_lib.o(.text)
    .text                                    0x08007dc0   Section        0  api_msg.o(.text)
    recv_raw                                 0x08007dc1   Thumb Code   122  api_msg.o(.text)
    recv_udp                                 0x08007e3b   Thumb Code   110  api_msg.o(.text)
    recv_tcp                                 0x08007ea9   Thumb Code    74  api_msg.o(.text)
    err_tcp                                  0x08007ef3   Thumb Code   100  api_msg.o(.text)
    do_writemore                             0x08007f57   Thumb Code   180  api_msg.o(.text)
    sent_tcp                                 0x0800800b   Thumb Code    64  api_msg.o(.text)
    do_close_internal                        0x0800804b   Thumb Code   156  api_msg.o(.text)
    poll_tcp                                 0x080080e7   Thumb Code    28  api_msg.o(.text)
    setup_tcp                                0x08008103   Thumb Code    50  api_msg.o(.text)
    accept_function                          0x080081f5   Thumb Code    76  api_msg.o(.text)
    do_connected                             0x0800831f   Thumb Code    44  api_msg.o(.text)
    do_dns_found                             0x080085c5   Thumb Code    26  api_msg.o(.text)
    pcb_new                                  0x08008603   Thumb Code   136  api_msg.o(.text)
    .text                                    0x08008698   Section        0  netbuf.o(.text)
    .text                                    0x08008798   Section        0  tcpip.o(.text)
    tcpip_tcp_timer                          0x08008799   Thumb Code    40  tcpip.o(.text)
    ip_reass_timer                           0x080087e5   Thumb Code    22  tcpip.o(.text)
    arp_timer                                0x080087fb   Thumb Code    22  tcpip.o(.text)
    dns_timer                                0x08008811   Thumb Code    22  tcpip.o(.text)
    tcpip_thread                             0x08008827   Thumb Code   150  tcpip.o(.text)
    pbuf_free_int                            0x08008a19   Thumb Code     4  tcpip.o(.text)
    .text                                    0x08008a64   Section        0  memcpya.o(.text)
    .text                                    0x08008a88   Section        0  memseta.o(.text)
    .text                                    0x08008aac   Section        0  strlen.o(.text)
    .text                                    0x08008aba   Section        0  strcmp.o(.text)
    .text                                    0x08008ad6   Section        0  strcpy.o(.text)
    .text                                    0x08008ae8   Section        0  uidiv.o(.text)
    .text                                    0x08008b14   Section        0  uldiv.o(.text)
    .text                                    0x08008b76   Section        0  dadd.o(.text)
    .text                                    0x08008b76   Section        0  iusefp.o(.text)
    .text                                    0x08008cc4   Section        0  dmul.o(.text)
    .text                                    0x08008da8   Section        0  ddiv.o(.text)
    .text                                    0x08008e86   Section        0  dfixul.o(.text)
    .text                                    0x08008eb8   Section       40  cdrcmple.o(.text)
    .text                                    0x08008ee0   Section       36  init.o(.text)
    .text                                    0x08008f04   Section        0  llshl.o(.text)
    .text                                    0x08008f22   Section        0  llushr.o(.text)
    .text                                    0x08008f42   Section        0  llsshr.o(.text)
    .text                                    0x08008f66   Section        0  depilogue.o(.text)
    .text                                    0x0800901c   Section        0  __dczerorl2.o(.text)
    i.__0vsprintf                            0x08009074   Section        0  printfa.o(i.__0vsprintf)
    i.__scatterload_copy                     0x08009098   Section       14  handlers.o(i.__scatterload_copy)
    i.__scatterload_null                     0x080090a6   Section        2  handlers.o(i.__scatterload_null)
    i.__scatterload_zeroinit                 0x080090a8   Section       14  handlers.o(i.__scatterload_zeroinit)
    i._fp_digits                             0x080090b8   Section        0  printfa.o(i._fp_digits)
    _fp_digits                               0x080090b9   Thumb Code   334  printfa.o(i._fp_digits)
    i._printf_core                           0x0800921c   Section        0  printfa.o(i._printf_core)
    _printf_core                             0x0800921d   Thumb Code  1744  printfa.o(i._printf_core)
    i._printf_post_padding                   0x080098f8   Section        0  printfa.o(i._printf_post_padding)
    _printf_post_padding                     0x080098f9   Thumb Code    36  printfa.o(i._printf_post_padding)
    i._printf_pre_padding                    0x0800991c   Section        0  printfa.o(i._printf_pre_padding)
    _printf_pre_padding                      0x0800991d   Thumb Code    46  printfa.o(i._printf_pre_padding)
    i._sputc                                 0x0800994a   Section        0  printfa.o(i._sputc)
    _sputc                                   0x0800994b   Thumb Code    10  printfa.o(i._sputc)
    .constdata                               0x08009954   Section        6  app_led.o(.constdata)
    .constdata                               0x0800995a   Section       12  etharp.o(.constdata)
    .constdata                               0x08009966   Section       56  memp.o(.constdata)
    memp_sizes                               0x08009966   Data          28  memp.o(.constdata)
    memp_num                                 0x08009982   Data          28  memp.o(.constdata)
    .constdata                               0x0800999e   Section       20  tcp.o(.constdata)
    .constdata                               0x080099b2   Section        4  ip_addr.o(.constdata)
    .conststring                             0x080099b8   Section      117  tcp.o(.conststring)
    .conststring                             0x08009a30   Section      120  lwipentry.o(.conststring)
    .data                                    0x20000000   Section       18  netconfig.o(.data)
    .data                                    0x20000014   Section        8  app_serial.o(.data)
    xPort                                    0x20000014   Data           4  app_serial.o(.data)
    xCharsForTx                              0x20000018   Data           4  app_serial.o(.data)
    .data                                    0x2000001c   Section       20  stm32f10x_rcc.o(.data)
    ADCPrescTable                            0x2000001c   Data           4  stm32f10x_rcc.o(.data)
    APBAHBPrescTable                         0x20000020   Data          16  stm32f10x_rcc.o(.data)
    .data                                    0x20000030   Section       60  tasks.o(.data)
    uxDeletedTasksWaitingCleanUp             0x20000034   Data           4  tasks.o(.data)
    uxCurrentNumberOfTasks                   0x20000038   Data           4  tasks.o(.data)
    xTickCount                               0x2000003c   Data           4  tasks.o(.data)
    uxTopReadyPriority                       0x20000040   Data           4  tasks.o(.data)
    xSchedulerRunning                        0x20000044   Data           4  tasks.o(.data)
    uxPendedTicks                            0x20000048   Data           4  tasks.o(.data)
    xYieldPending                            0x2000004c   Data           4  tasks.o(.data)
    xNumOfOverflows                          0x20000050   Data           4  tasks.o(.data)
    uxTaskNumber                             0x20000054   Data           4  tasks.o(.data)
    xNextTaskUnblockTime                     0x20000058   Data           4  tasks.o(.data)
    xIdleTaskHandle                          0x2000005c   Data           4  tasks.o(.data)
    uxSchedulerSuspended                     0x20000060   Data           4  tasks.o(.data)
    pxDelayedTaskList                        0x20000064   Data           4  tasks.o(.data)
    pxOverflowDelayedTaskList                0x20000068   Data           4  tasks.o(.data)
    .data                                    0x2000006c   Section        4  port.o(.data)
    uxCriticalNesting                        0x2000006c   Data           4  port.o(.data)
    .data                                    0x20000070   Section       24  heap_2.o(.data)
    xFreeBytesRemaining                      0x20000070   Data           4  heap_2.o(.data)
    xHeapHasBeenInitialised                  0x20000074   Data           4  heap_2.o(.data)
    xStart                                   0x20000078   Data           8  heap_2.o(.data)
    xEnd                                     0x20000080   Data           8  heap_2.o(.data)
    .data                                    0x20000088   Section        2  sys_arch.o(.data)
    s_nextthread                             0x20000088   Data           2  sys_arch.o(.data)
    .data                                    0x2000008a   Section        1  etharp.o(.data)
    etharp_cached_entry                      0x2000008a   Data           1  etharp.o(.data)
    .data                                    0x2000008c   Section       16  dns.o(.data)
    dns_seqno                                0x2000008c   Data           1  dns.o(.data)
    dns_pcb                                  0x20000090   Data           4  dns.o(.data)
    dns_servers                              0x20000094   Data           8  dns.o(.data)
    .data                                    0x2000009c   Section       16  mem.o(.data)
    ram                                      0x2000009c   Data           4  mem.o(.data)
    ram_end                                  0x200000a0   Data           4  mem.o(.data)
    lfree                                    0x200000a4   Data           4  mem.o(.data)
    mem_sem                                  0x200000a8   Data           4  mem.o(.data)
    .data                                    0x200000ac   Section       12  netif.o(.data)
    netifnum                                 0x200000ac   Data           1  netif.o(.data)
    .data                                    0x200000b8   Section        1  pbuf.o(.data)
    pbuf_free_ooseq_queued                   0x200000b8   Data           1  pbuf.o(.data)
    .data                                    0x200000bc   Section        4  raw.o(.data)
    raw_pcbs                                 0x200000bc   Data           4  raw.o(.data)
    .data                                    0x200000c0   Section       76  tcp.o(.data)
    tcp_timer                                0x200000c0   Data           1  tcp.o(.data)
    port                                     0x200000c2   Data           2  tcp.o(.data)
    iss                                      0x200000c4   Data           4  tcp.o(.data)
    .data                                    0x2000010c   Section       28  tcp_in.o(.data)
    flags                                    0x2000010c   Data           1  tcp_in.o(.data)
    recv_flags                               0x2000010d   Data           1  tcp_in.o(.data)
    tcplen                                   0x2000010e   Data           2  tcp_in.o(.data)
    tcphdr                                   0x20000110   Data           4  tcp_in.o(.data)
    iphdr                                    0x20000114   Data           4  tcp_in.o(.data)
    seqno                                    0x20000118   Data           4  tcp_in.o(.data)
    ackno                                    0x2000011c   Data           4  tcp_in.o(.data)
    recv_data                                0x20000120   Data           4  tcp_in.o(.data)
    .data                                    0x20000128   Section        4  udp.o(.data)
    .data                                    0x2000012c   Section       12  ip.o(.data)
    ip_id                                    0x2000012c   Data           2  ip.o(.data)
    .data                                    0x20000138   Section        8  ip_frag.o(.data)
    ip_reass_pbufcount                       0x20000138   Data           2  ip_frag.o(.data)
    reassdatagrams                           0x2000013c   Data           4  ip_frag.o(.data)
    .data                                    0x20000140   Section       16  tcpip.o(.data)
    mbox                                     0x20000140   Data           4  tcpip.o(.data)
    tcpip_init_done                          0x20000144   Data           4  tcpip.o(.data)
    tcpip_init_done_arg                      0x20000148   Data           4  tcpip.o(.data)
    tcpip_tcp_timer_active                   0x2000014c   Data           4  tcpip.o(.data)
    .bss                                     0x20000150   Section       48  netconfig.o(.bss)
    .bss                                     0x20000180   Section       56  i2c_bus.o(.bss)
    i2c_bus                                  0x20000180   Data          56  i2c_bus.o(.bss)
    .bss                                     0x200001b8   Section      300  tasks.o(.bss)
    pxReadyTasksLists                        0x200001b8   Data         200  tasks.o(.bss)
    xDelayedTaskList1                        0x20000280   Data          20  tasks.o(.bss)
    xDelayedTaskList2                        0x20000294   Data          20  tasks.o(.bss)
    xPendingReadyList                        0x200002a8   Data          20  tasks.o(.bss)
    xTasksWaitingTermination                 0x200002bc   Data          20  tasks.o(.bss)
    xSuspendedTaskList                       0x200002d0   Data          20  tasks.o(.bss)
    .bss                                     0x200002e4   Section    17408  heap_2.o(.bss)
    ucHeap                                   0x200002e4   Data       17408  heap_2.o(.bss)
    .bss                                     0x200046e4   Section     3032  ethernetif.o(.bss)
    .bss                                     0x200052bc   Section       40  sys_arch.o(.bss)
    s_timeoutlist                            0x200052bc   Data          40  sys_arch.o(.bss)
    .bss                                     0x200052e4   Section      200  etharp.o(.bss)
    arp_table                                0x200052e4   Data         200  etharp.o(.bss)
    .bss                                     0x200053ac   Section     1632  dns.o(.bss)
    dns_table                                0x200053ac   Data        1120  dns.o(.bss)
    dns_payload                              0x2000580c   Data         512  dns.o(.bss)
    .bss                                     0x20005a0c   Section     2020  mem.o(.bss)
    ram_heap                                 0x20005a0c   Data        2020  mem.o(.bss)
    .bss                                     0x200061f0   Section    12339  memp.o(.bss)
    memp_tab                                 0x200061f0   Data          56  memp.o(.bss)
    memp_memory                              0x20006228   Data       12283  memp.o(.bss)
    .bss                                     0x20009224   Section      330  stats.o(.bss)
    .bss                                     0x20009370   Section       20  tcp_in.o(.bss)
    inseg                                    0x20009370   Data          20  tcp_in.o(.bss)
    .bss                                     0x20009384   Section       16  inet.o(.bss)
    str                                      0x20009384   Data          16  inet.o(.bss)
    .bss                                     0x20009394   Section     2004  ip_frag.o(.bss)
    buf                                      0x20009394   Data        2004  ip_frag.o(.bss)
    STACK                                    0x20009b68   Section     1024  cstartup.o(STACK)

    Global Symbols

    Symbol Name                              Value     Ov Type        Size  Object(Section)

    BuildAttributes$$THM_ISAv4$P$D$K$B$S$PE$A:L22UL41UL21$X:L11$S22US41US21$IEEE1$IW$USESV6$~STKCKD$USESV7$~SHL$OSPACE$ROPI$EBA8$MICROLIB$REQ8$PRES8$EABIv2 0x00000000   Number         0  anon$$obj.o ABSOLUTE
    __ARM_use_no_argv                        0x00000000   Number         0  main.o ABSOLUTE
    __cpp_initialize__aeabi_                  - Undefined Weak Reference
    __cxa_finalize                            - Undefined Weak Reference
    _clock_init                               - Undefined Weak Reference
    _microlib_exit                            - Undefined Weak Reference
    __Vectors                                0x08000000   Data           4  cstartup.o(RESET)
    __main                                   0x080000ed   Thumb Code     0  entry.o(.ARM.Collect$$$$00000000)
    _main_stk                                0x080000ed   Thumb Code     0  entry2.o(.ARM.Collect$$$$00000001)
    _main_scatterload                        0x080000f1   Thumb Code     0  entry5.o(.ARM.Collect$$$$00000004)
    __main_after_scatterload                 0x080000f5   Thumb Code     0  entry5.o(.ARM.Collect$$$$00000004)
    _main_clock                              0x080000f5   Thumb Code     0  entry7b.o(.ARM.Collect$$$$00000008)
    _main_cpp_init                           0x080000f5   Thumb Code     0  entry8b.o(.ARM.Collect$$$$0000000A)
    _main_init                               0x080000f5   Thumb Code     0  entry9a.o(.ARM.Collect$$$$0000000B)
    __rt_final_cpp                           0x080000fd   Thumb Code     0  entry10a.o(.ARM.Collect$$$$0000000D)
    __rt_final_exit                          0x080000fd   Thumb Code     0  entry11a.o(.ARM.Collect$$$$0000000F)
    vPortSVCHandler                          0x08000101   Thumb Code    32  port.o(.emb_text)
    __asm___6_port_c_39a90d8d__prvStartFirstTask 0x08000125   Thumb Code    28  port.o(.emb_text)
    xPortPendSVHandler                       0x08000145   Thumb Code    72  port.o(.emb_text)
    vPortGetIPSR                             0x08000191   Thumb Code     6  port.o(.emb_text)
    main                                     0x08000199   Thumb Code    60  main.o(.text)
    app_led_init                             0x080001e9   Thumb Code    48  app_led.o(.text)
    app_led_task_blink                       0x08000219   Thumb Code    82  app_led.o(.text)
    LwIP_Init                                0x0800027d   Thumb Code   184  netconfig.o(.text)
    app_init                                 0x08000335   Thumb Code     2  netconfig.o(.text)
    vStartComTasks                           0x08000385   Thumb Code    22  app_serial.o(.text)
    dbg_string                               0x0800039b   Thumb Code    50  app_serial.o(.text)
    serial_init                              0x080003cd   Thumb Code   204  app_serial.o(.text)
    USART1_IRQHandler                        0x08000499   Thumb Code    86  app_serial.o(.text)
    bsp_init                                 0x08000535   Thumb Code    70  bsp.o(.text)
    bsp_set_power_hv                         0x0800057b   Thumb Code    16  bsp.o(.text)
    bsp_get_power_hv                         0x0800058b   Thumb Code    10  bsp.o(.text)
    dm9000x_gpio_inital                      0x08000615   Thumb Code   136  dm9000x.o(.text)
    dm9000x_read_id                          0x08000763   Thumb Code    54  dm9000x.o(.text)
    dm9000x_inital                           0x08000799   Thumb Code   216  dm9000x.o(.text)
    dm9000x_sendpacket                       0x08000871   Thumb Code   136  dm9000x.o(.text)
    dm9000x_receivepacket                    0x080008f9   Thumb Code   188  dm9000x.o(.text)
    i2c_bus_init                             0x08000a7d   Thumb Code   130  i2c_bus.o(.text)
    Reset_Handler                            0x08000b21   Thumb Code     4  cstartup.o(.text)
    NMI_Handler                              0x08000b25   Thumb Code     2  cstartup.o(.text)
    HardFault_Handler                        0x08000b27   Thumb Code     2  cstartup.o(.text)
    MemManage_Handler                        0x08000b29   Thumb Code     2  cstartup.o(.text)
    BusFault_Handler                         0x08000b2b   Thumb Code     2  cstartup.o(.text)
    UsageFault_Handler                       0x08000b2d   Thumb Code     2  cstartup.o(.text)
    SVC_Handler                              0x08000b2f   Thumb Code     2  cstartup.o(.text)
    DebugMon_Handler                         0x08000b31   Thumb Code     2  cstartup.o(.text)
    PendSV_Handler                           0x08000b33   Thumb Code     2  cstartup.o(.text)
    SysTick_Handler                          0x08000b35   Thumb Code     2  cstartup.o(.text)
    ADC_IRQHandler                           0x08000b37   Thumb Code     0  cstartup.o(.text)
    CAN_RX1_IRQHandler                       0x08000b37   Thumb Code     0  cstartup.o(.text)
    CAN_SCE_IRQHandler                       0x08000b37   Thumb Code     0  cstartup.o(.text)
    DMAChannel1_IRQHandler                   0x08000b37   Thumb Code     0  cstartup.o(.text)
    DMAChannel2_IRQHandler                   0x08000b37   Thumb Code     0  cstartup.o(.text)
    DMAChannel3_IRQHandler                   0x08000b37   Thumb Code     0  cstartup.o(.text)
    DMAChannel4_IRQHandler                   0x08000b37   Thumb Code     0  cstartup.o(.text)
    DMAChannel5_IRQHandler                   0x08000b37   Thumb Code     0  cstartup.o(.text)
    DMAChannel6_IRQHandler                   0x08000b37   Thumb Code     0  cstartup.o(.text)
    DMAChannel7_IRQHandler                   0x08000b37   Thumb Code     0  cstartup.o(.text)
    EXTI0_IRQHandler                         0x08000b37   Thumb Code     0  cstartup.o(.text)
    EXTI15_10_IRQHandler                     0x08000b37   Thumb Code     0  cstartup.o(.text)
    EXTI1_IRQHandler                         0x08000b37   Thumb Code     0  cstartup.o(.text)
    EXTI2_IRQHandler                         0x08000b37   Thumb Code     0  cstartup.o(.text)
    EXTI3_IRQHandler                         0x08000b37   Thumb Code     0  cstartup.o(.text)
    EXTI4_IRQHandler                         0x08000b37   Thumb Code     0  cstartup.o(.text)
    EXTI9_5_IRQHandler                       0x08000b37   Thumb Code     0  cstartup.o(.text)
    FLASH_IRQHandler                         0x08000b37   Thumb Code     0  cstartup.o(.text)
    I2C1_ER_IRQHandler                       0x08000b37   Thumb Code     0  cstartup.o(.text)
    I2C1_EV_IRQHandler                       0x08000b37   Thumb Code     0  cstartup.o(.text)
    I2C2_ER_IRQHandler                       0x08000b37   Thumb Code     0  cstartup.o(.text)
    I2C2_EV_IRQHandler                       0x08000b37   Thumb Code     0  cstartup.o(.text)
    PVD_IRQHandler                           0x08000b37   Thumb Code     0  cstartup.o(.text)
    RCC_IRQHandler                           0x08000b37   Thumb Code     0  cstartup.o(.text)
    RTCAlarm_IRQHandler                      0x08000b37   Thumb Code     0  cstartup.o(.text)
    RTC_IRQHandler                           0x08000b37   Thumb Code     0  cstartup.o(.text)
    SPI1_IRQHandler                          0x08000b37   Thumb Code     0  cstartup.o(.text)
    SPI2_IRQHandler                          0x08000b37   Thumb Code     0  cstartup.o(.text)
    TAMPER_IRQHandler                        0x08000b37   Thumb Code     0  cstartup.o(.text)
    TIM1_BRK_IRQHandler                      0x08000b37   Thumb Code     0  cstartup.o(.text)
    TIM1_CC_IRQHandler                       0x08000b37   Thumb Code     0  cstartup.o(.text)
    TIM1_TRG_COM_IRQHandler                  0x08000b37   Thumb Code     0  cstartup.o(.text)
    TIM1_UP_IRQHandler                       0x08000b37   Thumb Code     0  cstartup.o(.text)
    TIM2_IRQHandler                          0x08000b37   Thumb Code     0  cstartup.o(.text)
    TIM3_IRQHandler                          0x08000b37   Thumb Code     0  cstartup.o(.text)
    TIM4_IRQHandler                          0x08000b37   Thumb Code     0  cstartup.o(.text)
    USART2_IRQHandler                        0x08000b37   Thumb Code     0  cstartup.o(.text)
    USART3_IRQHandler                        0x08000b37   Thumb Code     0  cstartup.o(.text)
    USBWakeUp_IRQHandler                     0x08000b37   Thumb Code     0  cstartup.o(.text)
    USB_HP_CAN_TX_IRQHandler                 0x08000b37   Thumb Code     0  cstartup.o(.text)
    USB_LP_CAN_RX0_IRQHandler                0x08000b37   Thumb Code     0  cstartup.o(.text)
    WWDG_IRQHandler                          0x08000b37   Thumb Code     0  cstartup.o(.text)
    GPIO_DeInit                              0x08000b3d   Thumb Code   152  stm32f10x_gpio.o(.text)
    GPIO_AFIODeInit                          0x08000bd5   Thumb Code    22  stm32f10x_gpio.o(.text)
    GPIO_Init                                0x08000beb   Thumb Code   156  stm32f10x_gpio.o(.text)
    GPIO_StructInit                          0x08000c87   Thumb Code    16  stm32f10x_gpio.o(.text)
    GPIO_ReadInputDataBit                    0x08000c97   Thumb Code    14  stm32f10x_gpio.o(.text)
    GPIO_ReadInputData                       0x08000ca5   Thumb Code     6  stm32f10x_gpio.o(.text)
    GPIO_ReadOutputDataBit                   0x08000cab   Thumb Code    14  stm32f10x_gpio.o(.text)
    GPIO_ReadOutputData                      0x08000cb9   Thumb Code     6  stm32f10x_gpio.o(.text)
    GPIO_SetBits                             0x08000cbf   Thumb Code     4  stm32f10x_gpio.o(.text)
    GPIO_ResetBits                           0x08000cc3   Thumb Code     4  stm32f10x_gpio.o(.text)
    GPIO_WriteBit                            0x08000cc7   Thumb Code    10  stm32f10x_gpio.o(.text)
    GPIO_Write                               0x08000cd1   Thumb Code     4  stm32f10x_gpio.o(.text)
    GPIO_PinLockConfig                       0x08000cd5   Thumb Code    16  stm32f10x_gpio.o(.text)
    GPIO_EventOutputConfig                   0x08000ce5   Thumb Code    22  stm32f10x_gpio.o(.text)
    GPIO_EventOutputCmd                      0x08000cfb   Thumb Code     6  stm32f10x_gpio.o(.text)
    GPIO_PinRemapConfig                      0x08000d01   Thumb Code    82  stm32f10x_gpio.o(.text)
    GPIO_EXTILineConfig                      0x08000d53   Thumb Code    34  stm32f10x_gpio.o(.text)
    GPIO_ETH_MediaInterfaceConfig            0x08000d75   Thumb Code     8  stm32f10x_gpio.o(.text)
    RCC_DeInit                               0x08000da1   Thumb Code    50  stm32f10x_rcc.o(.text)
    RCC_HSEConfig                            0x08000dd3   Thumb Code    48  stm32f10x_rcc.o(.text)
    RCC_GetFlagStatus                        0x08000e03   Thumb Code    42  stm32f10x_rcc.o(.text)
    RCC_WaitForHSEStartUp                    0x08000e2d   Thumb Code    44  stm32f10x_rcc.o(.text)
    RCC_AdjustHSICalibrationValue            0x08000e59   Thumb Code    16  stm32f10x_rcc.o(.text)
    RCC_HSICmd                               0x08000e69   Thumb Code     6  stm32f10x_rcc.o(.text)
    RCC_PLLConfig                            0x08000e6f   Thumb Code    16  stm32f10x_rcc.o(.text)
    RCC_PLLCmd                               0x08000e7f   Thumb Code     6  stm32f10x_rcc.o(.text)
    RCC_SYSCLKConfig                         0x08000e85   Thumb Code    14  stm32f10x_rcc.o(.text)
    RCC_GetSYSCLKSource                      0x08000e93   Thumb Code    10  stm32f10x_rcc.o(.text)
    RCC_HCLKConfig                           0x08000e9d   Thumb Code    14  stm32f10x_rcc.o(.text)
    RCC_PCLK1Config                          0x08000eab   Thumb Code    14  stm32f10x_rcc.o(.text)
    RCC_PCLK2Config                          0x08000eb9   Thumb Code    16  stm32f10x_rcc.o(.text)
    RCC_ITConfig                             0x08000ec9   Thumb Code    18  stm32f10x_rcc.o(.text)
    RCC_USBCLKConfig                         0x08000edb   Thumb Code     8  stm32f10x_rcc.o(.text)
    RCC_ADCCLKConfig                         0x08000ee3   Thumb Code    14  stm32f10x_rcc.o(.text)
    RCC_LSEConfig                            0x08000ef1   Thumb Code    28  stm32f10x_rcc.o(.text)
    RCC_LSICmd                               0x08000f0d   Thumb Code     6  stm32f10x_rcc.o(.text)
    RCC_RTCCLKConfig                         0x08000f13   Thumb Code    10  stm32f10x_rcc.o(.text)
    RCC_RTCCLKCmd                            0x08000f1d   Thumb Code     8  stm32f10x_rcc.o(.text)
    RCC_GetClocksFreq                        0x08000f25   Thumb Code   132  stm32f10x_rcc.o(.text)
    RCC_AHBPeriphClockCmd                    0x08000fa9   Thumb Code    18  stm32f10x_rcc.o(.text)
    RCC_APB2PeriphClockCmd                   0x08000fbb   Thumb Code    18  stm32f10x_rcc.o(.text)
    RCC_APB1PeriphClockCmd                   0x08000fcd   Thumb Code    18  stm32f10x_rcc.o(.text)
    RCC_APB2PeriphResetCmd                   0x08000fdf   Thumb Code    18  stm32f10x_rcc.o(.text)
    RCC_APB1PeriphResetCmd                   0x08000ff1   Thumb Code    18  stm32f10x_rcc.o(.text)
    RCC_BackupResetCmd                       0x08001003   Thumb Code     8  stm32f10x_rcc.o(.text)
    RCC_ClockSecuritySystemCmd               0x0800100b   Thumb Code     6  stm32f10x_rcc.o(.text)
    RCC_MCOConfig                            0x08001011   Thumb Code     6  stm32f10x_rcc.o(.text)
    RCC_ClearFlag                            0x08001017   Thumb Code    12  stm32f10x_rcc.o(.text)
    RCC_GetITStatus                          0x08001023   Thumb Code    16  stm32f10x_rcc.o(.text)
    RCC_ClearITPendingBit                    0x08001033   Thumb Code     6  stm32f10x_rcc.o(.text)
    NVIC_PriorityGroupConfig                 0x08001059   Thumb Code    10  misc.o(.text)
    NVIC_Init                                0x08001063   Thumb Code    94  misc.o(.text)
    NVIC_SetVectorTable                      0x080010c1   Thumb Code    14  misc.o(.text)
    NVIC_SystemLPConfig                      0x080010cf   Thumb Code    20  misc.o(.text)
    SysTick_CLKSourceConfig                  0x080010e3   Thumb Code    24  misc.o(.text)
    USART_DeInit                             0x08001109   Thumb Code    96  stm32f10x_usart.o(.text)
    USART_Init                               0x08001169   Thumb Code   166  stm32f10x_usart.o(.text)
    USART_StructInit                         0x0800120f   Thumb Code    22  stm32f10x_usart.o(.text)
    USART_ClockInit                          0x08001225   Thumb Code    30  stm32f10x_usart.o(.text)
    USART_ClockStructInit                    0x08001243   Thumb Code    12  stm32f10x_usart.o(.text)
    USART_Cmd                                0x0800124f   Thumb Code    20  stm32f10x_usart.o(.text)
    USART_ITConfig                           0x08001263   Thumb Code    48  stm32f10x_usart.o(.text)
    USART_DMACmd                             0x08001293   Thumb Code    16  stm32f10x_usart.o(.text)
    USART_SetAddress                         0x080012a3   Thumb Code    16  stm32f10x_usart.o(.text)
    USART_WakeUpConfig                       0x080012b3   Thumb Code    16  stm32f10x_usart.o(.text)
    USART_ReceiverWakeUpCmd                  0x080012c3   Thumb Code    20  stm32f10x_usart.o(.text)
    USART_LINBreakDetectLengthConfig         0x080012d7   Thumb Code    16  stm32f10x_usart.o(.text)
    USART_LINCmd                             0x080012e7   Thumb Code    20  stm32f10x_usart.o(.text)
    USART_SendData                           0x080012fb   Thumb Code     8  stm32f10x_usart.o(.text)
    USART_ReceiveData                        0x08001303   Thumb Code     8  stm32f10x_usart.o(.text)
    USART_SendBreak                          0x0800130b   Thumb Code    10  stm32f10x_usart.o(.text)
    USART_SetGuardTime                       0x08001315   Thumb Code    16  stm32f10x_usart.o(.text)
    USART_SetPrescaler                       0x08001325   Thumb Code    16  stm32f10x_usart.o(.text)
    USART_SmartCardCmd                       0x08001335   Thumb Code    20  stm32f10x_usart.o(.text)
    USART_SmartCardNACKCmd                   0x08001349   Thumb Code    20  stm32f10x_usart.o(.text)
    USART_HalfDuplexCmd                      0x0800135d   Thumb Code    20  stm32f10x_usart.o(.text)
    USART_OverSampling8Cmd                   0x08001371   Thumb Code    20  stm32f10x_usart.o(.text)
    USART_OneBitMethodCmd                    0x08001385   Thumb Code    20  stm32f10x_usart.o(.text)
    USART_IrDAConfig                         0x08001399   Thumb Code    16  stm32f10x_usart.o(.text)
    USART_IrDACmd                            0x080013a9   Thumb Code    20  stm32f10x_usart.o(.text)
    USART_GetFlagStatus                      0x080013bd   Thumb Code    14  stm32f10x_usart.o(.text)
    USART_ClearFlag                          0x080013cb   Thumb Code     6  stm32f10x_usart.o(.text)
    USART_GetITStatus                        0x080013d1   Thumb Code    62  stm32f10x_usart.o(.text)
    USART_ClearITPendingBit                  0x0800140f   Thumb Code    12  stm32f10x_usart.o(.text)
    vListInitialise                          0x08001431   Thumb Code    22  list.o(.text)
    vListInitialiseItem                      0x08001447   Thumb Code     6  list.o(.text)
    vListInsertEnd                           0x0800144d   Thumb Code    24  list.o(.text)
    vListInsert                              0x08001465   Thumb Code    48  list.o(.text)
    uxListRemove                             0x08001495   Thumb Code    36  list.o(.text)
    xQueueGenericReset                       0x080014b9   Thumb Code   112  queue.o(.text)
    xQueueGenericCreate                      0x08001529   Thumb Code    64  queue.o(.text)
    xQueueGenericSend                        0x0800162b   Thumb Code   250  queue.o(.text)
    xQueueGenericSendFromISR                 0x08001725   Thumb Code   100  queue.o(.text)
    xQueueGiveFromISR                        0x08001789   Thumb Code    86  queue.o(.text)
    xQueueGenericReceive                     0x08001805   Thumb Code   260  queue.o(.text)
    xQueueReceiveFromISR                     0x08001909   Thumb Code    98  queue.o(.text)
    xQueuePeekFromISR                        0x0800196b   Thumb Code    44  queue.o(.text)
    uxQueueMessagesWaiting                   0x08001997   Thumb Code    18  queue.o(.text)
    uxQueueSpacesAvailable                   0x080019a9   Thumb Code    22  queue.o(.text)
    uxQueueMessagesWaitingFromISR            0x080019bf   Thumb Code     4  queue.o(.text)
    vQueueDelete                             0x080019c3   Thumb Code     4  queue.o(.text)
    uxQueueGetQueueNumber                    0x080019c7   Thumb Code     4  queue.o(.text)
    vQueueSetQueueNumber                     0x080019cb   Thumb Code     4  queue.o(.text)
    ucQueueGetQueueType                      0x080019cf   Thumb Code     6  queue.o(.text)
    xQueueIsQueueEmptyFromISR                0x080019d5   Thumb Code    12  queue.o(.text)
    xQueueIsQueueFullFromISR                 0x080019e1   Thumb Code    16  queue.o(.text)
    xTaskCreate                              0x08001acf   Thumb Code    82  tasks.o(.text)
    vTaskDelete                              0x08001b21   Thumb Code   148  tasks.o(.text)
    xTaskIncrementTick                       0x08001bb5   Thumb Code   168  tasks.o(.text)
    xTaskResumeAll                           0x08001c5d   Thumb Code   166  tasks.o(.text)
    vTaskSuspendAll                          0x08001d69   Thumb Code    10  tasks.o(.text)
    vTaskDelayUntil                          0x08001d73   Thumb Code    78  tasks.o(.text)
    vTaskDelay                               0x08001dc1   Thumb Code    44  tasks.o(.text)
    eTaskGetState                            0x08001ded   Thumb Code    92  tasks.o(.text)
    uxTaskPriorityGet                        0x08001e49   Thumb Code    24  tasks.o(.text)
    uxTaskPriorityGetFromISR                 0x08001e61   Thumb Code    32  tasks.o(.text)
    vTaskPrioritySet                         0x08001e81   Thumb Code   160  tasks.o(.text)
    vTaskSwitchContext                       0x08001f21   Thumb Code    60  tasks.o(.text)
    vTaskSuspend                             0x08001f5d   Thumb Code   136  tasks.o(.text)
    vTaskResume                              0x08001fe5   Thumb Code    96  tasks.o(.text)
    xTaskResumeFromISR                       0x08002045   Thumb Code   104  tasks.o(.text)
    vTaskStartScheduler                      0x080020cb   Thumb Code    66  tasks.o(.text)
    vTaskEndScheduler                        0x0800210d   Thumb Code    24  tasks.o(.text)
    xTaskGetTickCount                        0x08002125   Thumb Code     6  tasks.o(.text)
    xTaskGetTickCountFromISR                 0x0800212b   Thumb Code     6  tasks.o(.text)
    uxTaskGetNumberOfTasks                   0x08002131   Thumb Code     6  tasks.o(.text)
    pcTaskGetName                            0x08002137   Thumb Code    10  tasks.o(.text)
    vTaskGetTaskInfo                         0x08002141   Thumb Code   128  tasks.o(.text)
    uxTaskGetSystemState                     0x08002231   Thumb Code   156  tasks.o(.text)
    vTaskPlaceOnEventList                    0x080022cd   Thumb Code    28  tasks.o(.text)
    vTaskPlaceOnUnorderedEventList           0x080022e9   Thumb Code    36  tasks.o(.text)
    xTaskRemoveFromEventList                 0x0800230d   Thumb Code    88  tasks.o(.text)
    xTaskRemoveFromUnorderedEventList        0x08002365   Thumb Code    72  tasks.o(.text)
    vTaskSetTimeOutState                     0x080023ad   Thumb Code    12  tasks.o(.text)
    xTaskCheckForTimeOut                     0x080023b9   Thumb Code    66  tasks.o(.text)
    vTaskMissedYield                         0x080023fb   Thumb Code     8  tasks.o(.text)
    uxTaskGetTaskNumber                      0x08002403   Thumb Code     8  tasks.o(.text)
    vTaskSetTaskNumber                       0x0800240b   Thumb Code     8  tasks.o(.text)
    xTaskGetCurrentTaskHandle                0x08002413   Thumb Code     6  tasks.o(.text)
    uxTaskResetEventItemValue                0x08002419   Thumb Code    20  tasks.o(.text)
    ulTaskNotifyTake                         0x0800242d   Thumb Code    96  tasks.o(.text)
    xTaskNotifyWait                          0x0800248d   Thumb Code   128  tasks.o(.text)
    xTaskGenericNotify                       0x0800250d   Thumb Code   150  tasks.o(.text)
    xTaskGenericNotifyFromISR                0x080025a3   Thumb Code   178  tasks.o(.text)
    vTaskNotifyGiveFromISR                   0x08002655   Thumb Code   146  tasks.o(.text)
    xTaskNotifyStateClear                    0x080026e7   Thumb Code    44  tasks.o(.text)
    pxPortInitialiseStack                    0x08002849   Thumb Code    28  port.o(.text)
    vPortSetupTimerInterrupt                 0x08002865   Thumb Code    14  port.o(.text)
    xPortStartScheduler                      0x08002873   Thumb Code    38  port.o(.text)
    vPortEndScheduler                        0x08002899   Thumb Code     2  port.o(.text)
    vPortEnterCritical                       0x0800289b   Thumb Code    24  port.o(.text)
    vPortExitCritical                        0x080028b3   Thumb Code    16  port.o(.text)
    xPortSysTickHandler                      0x080028c3   Thumb Code    40  port.o(.text)
    pvPortMalloc                             0x080028fd   Thumb Code   172  heap_2.o(.text)
    vPortFree                                0x080029a9   Thumb Code    56  heap_2.o(.text)
    xPortGetFreeHeapSize                     0x080029e1   Thumb Code     6  heap_2.o(.text)
    vPortInitialiseBlocks                    0x080029e7   Thumb Code     2  heap_2.o(.text)
    ethernetif_input                         0x080029f1   Thumb Code    94  ethernetif.o(.text)
    ethernetif_init                          0x08002a79   Thumb Code    92  ethernetif.o(.text)
    sys_mbox_new                             0x08002aed   Thumb Code    40  sys_arch.o(.text)
    sys_mbox_free                            0x08002b15   Thumb Code    40  sys_arch.o(.text)
    sys_mbox_post                            0x08002b3d   Thumb Code    26  sys_arch.o(.text)
    sys_mbox_trypost                         0x08002b57   Thumb Code    38  sys_arch.o(.text)
    sys_arch_mbox_fetch                      0x08002b7d   Thumb Code    76  sys_arch.o(.text)
    sys_arch_mbox_tryfetch                   0x08002bc9   Thumb Code    28  sys_arch.o(.text)
    sys_sem_new                              0x08002be5   Thumb Code    88  sys_arch.o(.text)
    sys_arch_sem_wait                        0x08002c3d   Thumb Code    66  sys_arch.o(.text)
    sys_sem_signal                           0x08002c7f   Thumb Code    10  sys_arch.o(.text)
    sys_sem_free                             0x08002c89   Thumb Code    16  sys_arch.o(.text)
    sys_init                                 0x08002c99   Thumb Code    28  sys_arch.o(.text)
    sys_arch_timeouts                        0x08002cb5   Thumb Code    38  sys_arch.o(.text)
    sys_arch_protect                         0x08002cdb   Thumb Code    10  sys_arch.o(.text)
    sys_arch_unprotect                       0x08002ce5   Thumb Code     4  sys_arch.o(.text)
    sys_thread_new                           0x08002ce9   Thumb Code    60  sys_arch.o(.text)
    sys_assert                               0x08002d25   Thumb Code     6  sys_arch.o(.text)
    etharp_tmr                               0x08002d39   Thumb Code    78  etharp.o(.text)
    etharp_find_addr                         0x08002f9b   Thumb Code    52  etharp.o(.text)
    etharp_ip_input                          0x08002fcf   Thumb Code    38  etharp.o(.text)
    etharp_arp_input                         0x08002ff5   Thumb Code   262  etharp.o(.text)
    etharp_request                           0x080030fb   Thumb Code    32  etharp.o(.text)
    etharp_query                             0x0800311b   Thumb Code   314  etharp.o(.text)
    etharp_output                            0x08003255   Thumb Code   186  etharp.o(.text)
    ethernet_input                           0x0800330f   Thumb Code    98  etharp.o(.text)
    dns_setserver                            0x08003459   Thumb Code    34  dns.o(.text)
    dns_init                                 0x080035df   Thumb Code    56  dns.o(.text)
    dns_getserver                            0x08003617   Thumb Code    20  dns.o(.text)
    dns_tmr                                  0x08003793   Thumb Code    28  dns.o(.text)
    dns_gethostbyname                        0x080037af   Thumb Code   182  dns.o(.text)
    mem_init                                 0x08003919   Thumb Code    58  mem.o(.text)
    mem_free                                 0x08003953   Thumb Code    98  mem.o(.text)
    mem_realloc                              0x080039b5   Thumb Code   252  mem.o(.text)
    mem_malloc                               0x08003ab1   Thumb Code   250  mem.o(.text)
    mem_calloc                               0x08003bab   Thumb Code    26  mem.o(.text)
    memp_init                                0x08003c21   Thumb Code   108  memp.o(.text)
    memp_malloc                              0x08003c8d   Thumb Code    80  memp.o(.text)
    memp_free                                0x08003cdd   Thumb Code    60  memp.o(.text)
    netif_set_gw                             0x08003d25   Thumb Code     8  netif.o(.text)
    netif_set_netmask                        0x08003d2d   Thumb Code     8  netif.o(.text)
    netif_set_ipaddr                         0x08003d35   Thumb Code    96  netif.o(.text)
    netif_set_addr                           0x08003d95   Thumb Code    30  netif.o(.text)
    netif_add                                0x08003db3   Thumb Code    68  netif.o(.text)
    netif_set_default                        0x08003df7   Thumb Code     6  netif.o(.text)
    netif_remove                             0x08003dfd   Thumb Code    52  netif.o(.text)
    netif_find                               0x08003e31   Thumb Code    58  netif.o(.text)
    netif_set_up                             0x08003e6b   Thumb Code    28  netif.o(.text)
    netif_set_down                           0x08003e87   Thumb Code    18  netif.o(.text)
    netif_is_up                              0x08003e99   Thumb Code    10  netif.o(.text)
    pbuf_free                                0x08003f11   Thumb Code    82  pbuf.o(.text)
    pbuf_alloc                               0x08003f63   Thumb Code   280  pbuf.o(.text)
    pbuf_realloc                             0x0800407b   Thumb Code    78  pbuf.o(.text)
    pbuf_header                              0x080040c9   Thumb Code    90  pbuf.o(.text)
    pbuf_clen                                0x08004123   Thumb Code    18  pbuf.o(.text)
    pbuf_ref                                 0x08004135   Thumb Code    26  pbuf.o(.text)
    pbuf_cat                                 0x0800414f   Thumb Code    32  pbuf.o(.text)
    pbuf_chain                               0x0800416f   Thumb Code    16  pbuf.o(.text)
    pbuf_dechain                             0x0800417f   Thumb Code    38  pbuf.o(.text)
    pbuf_copy                                0x080041a5   Thumb Code    88  pbuf.o(.text)
    pbuf_copy_partial                        0x080041fd   Thumb Code   100  pbuf.o(.text)
    pbuf_take                                0x08004261   Thumb Code    88  pbuf.o(.text)
    pbuf_coalesce                            0x080042b9   Thumb Code    44  pbuf.o(.text)
    raw_input                                0x080042e5   Thumb Code   100  raw.o(.text)
    raw_bind                                 0x08004349   Thumb Code    10  raw.o(.text)
    raw_connect                              0x08004353   Thumb Code    10  raw.o(.text)
    raw_recv                                 0x0800435d   Thumb Code     6  raw.o(.text)
    raw_sendto                               0x08004363   Thumb Code   138  raw.o(.text)
    raw_send                                 0x080043ed   Thumb Code     4  raw.o(.text)
    raw_remove                               0x080043f1   Thumb Code    40  raw.o(.text)
    raw_new                                  0x08004419   Thumb Code    38  raw.o(.text)
    sys_mbox_fetch                           0x08004445   Thumb Code   100  sys.o(.text)
    sys_sem_wait                             0x080044a9   Thumb Code    94  sys.o(.text)
    sys_timeout                              0x08004507   Thumb Code    98  sys.o(.text)
    sys_untimeout                            0x08004569   Thumb Code    78  sys.o(.text)
    sys_sem_wait_timeout                     0x080045c3   Thumb Code    58  sys.o(.text)
    sys_msleep                               0x080045fd   Thumb Code    28  sys.o(.text)
    tcp_seg_free                             0x0800461d   Thumb Code    32  tcp.o(.text)
    tcp_segs_free                            0x0800463d   Thumb Code    26  tcp.o(.text)
    tcp_pcb_purge                            0x08004657   Thumb Code    66  tcp.o(.text)
    tcp_slowtmr                              0x08004699   Thumb Code   572  tcp.o(.text)
    tcp_pcb_remove                           0x080048d5   Thumb Code    88  tcp.o(.text)
    tcp_close                                0x0800492d   Thumb Code   152  tcp.o(.text)
    tcp_update_rcv_ann_wnd                   0x080049c5   Thumb Code    52  tcp.o(.text)
    tcp_recved                               0x080049f9   Thumb Code    56  tcp.o(.text)
    tcp_recv_null                            0x08004a31   Thumb Code    34  tcp.o(.text)
    tcp_fasttmr                              0x08004a53   Thumb Code   110  tcp.o(.text)
    tcp_tmr                                  0x08004ac1   Thumb Code    26  tcp.o(.text)
    tcp_abandon                              0x08004adb   Thumb Code   152  tcp.o(.text)
    tcp_bind                                 0x08004bcf   Thumb Code   176  tcp.o(.text)
    tcp_listen_with_backlog                  0x08004c85   Thumb Code   124  tcp.o(.text)
    tcp_eff_send_mss                         0x08004d01   Thumb Code    32  tcp.o(.text)
    tcp_next_iss                             0x08004d21   Thumb Code    12  tcp.o(.text)
    tcp_connect                              0x08004d2d   Thumb Code   176  tcp.o(.text)
    tcp_setprio                              0x08004ddd   Thumb Code     4  tcp.o(.text)
    tcp_seg_copy                             0x08004de1   Thumb Code    36  tcp.o(.text)
    tcp_alloc                                0x08004e05   Thumb Code   280  tcp.o(.text)
    tcp_new                                  0x08004f1d   Thumb Code     4  tcp.o(.text)
    tcp_arg                                  0x08004f21   Thumb Code     4  tcp.o(.text)
    tcp_recv                                 0x08004f25   Thumb Code     6  tcp.o(.text)
    tcp_sent                                 0x08004f2b   Thumb Code     6  tcp.o(.text)
    tcp_err                                  0x08004f31   Thumb Code     6  tcp.o(.text)
    tcp_accept                               0x08004f37   Thumb Code     4  tcp.o(.text)
    tcp_poll                                 0x08004f3b   Thumb Code    10  tcp.o(.text)
    tcp_debug_state_str                      0x08004f45   Thumb Code     8  tcp.o(.text)
    tcp_input                                0x08005b1d   Thumb Code   914  tcp_in.o(.text)
    tcp_enqueue                              0x08005f99   Thumb Code   824  tcp_out.o(.text)
    tcp_send_ctrl                            0x080062d1   Thumb Code    22  tcp_out.o(.text)
    tcp_write                                0x080062e7   Thumb Code    46  tcp_out.o(.text)
    tcp_send_empty_ack                       0x08006315   Thumb Code   106  tcp_out.o(.text)
    tcp_output                               0x0800644f   Thumb Code   420  tcp_out.o(.text)
    tcp_rst                                  0x080065f3   Thumb Code   184  tcp_out.o(.text)
    tcp_rexmit_rto                           0x080066ab   Thumb Code    44  tcp_out.o(.text)
    tcp_rexmit                               0x080066d7   Thumb Code    72  tcp_out.o(.text)
    tcp_rexmit_fast                          0x0800671f   Thumb Code    92  tcp_out.o(.text)
    tcp_keepalive                            0x0800677b   Thumb Code   114  tcp_out.o(.text)
    tcp_zero_window_probe                    0x080067ed   Thumb Code   180  tcp_out.o(.text)
    udp_input                                0x080068a5   Thumb Code   428  udp.o(.text)
    udp_bind                                 0x08006a51   Thumb Code    86  udp.o(.text)
    udp_sendto_if                            0x08006aa7   Thumb Code   218  udp.o(.text)
    udp_sendto                               0x08006b81   Thumb Code    50  udp.o(.text)
    udp_send                                 0x08006bb3   Thumb Code     6  udp.o(.text)
    udp_connect                              0x08006bb9   Thumb Code    70  udp.o(.text)
    udp_disconnect                           0x08006bff   Thumb Code    20  udp.o(.text)
    udp_recv                                 0x08006c13   Thumb Code     6  udp.o(.text)
    udp_remove                               0x08006c19   Thumb Code    40  udp.o(.text)
    udp_new                                  0x08006c41   Thumb Code    26  udp.o(.text)
    icmp_input                               0x08006c69   Thumb Code   422  icmp.o(.text)
    icmp_dest_unreach                        0x08006e7f   Thumb Code     6  icmp.o(.text)
    icmp_time_exceeded                       0x08006e85   Thumb Code     6  icmp.o(.text)
    htonl                                    0x08006e91   Thumb Code     4  inet.o(.text)
    inet_aton                                0x08006e95   Thumb Code   238  inet.o(.text)
    inet_addr                                0x08006f83   Thumb Code    20  inet.o(.text)
    inet_ntoa                                0x08006f97   Thumb Code    80  inet.o(.text)
    htons                                    0x08006fe7   Thumb Code     4  inet.o(.text)
    ntohs                                    0x08006feb   Thumb Code     4  inet.o(.text)
    ntohl                                    0x08006fef   Thumb Code     4  inet.o(.text)
    inet_chksum_pseudo                       0x08007035   Thumb Code   134  inet_chksum.o(.text)
    inet_chksum                              0x080070bb   Thumb Code    12  inet_chksum.o(.text)
    inet_chksum_pbuf                         0x080070c7   Thumb Code    72  inet_chksum.o(.text)
    ip_route                                 0x08007111   Thumb Code    72  ip.o(.text)
    ip_input                                 0x08007201   Thumb Code   494  ip.o(.text)
    ip_output_if                             0x080073ef   Thumb Code   236  ip.o(.text)
    ip_output                                0x080074db   Thumb Code    78  ip.o(.text)
    ip_addr_isbroadcast                      0x0800752d   Thumb Code    48  ip_addr.o(.text)
    ip_reass_tmr                             0x080075c7   Thumb Code    40  ip_frag.o(.text)
    ip_reass                                 0x08007745   Thumb Code   468  ip_frag.o(.text)
    ip_frag                                  0x08007919   Thumb Code   320  ip_frag.o(.text)
    vlwIPInit                                0x08007a81   Thumb Code    26  lwipentry.o(.text)
    LwIPEntry                                0x08007a9b   Thumb Code    98  lwipentry.o(.text)
    netconn_new_with_proto_and_callback      0x08007b01   Thumb Code    66  api_lib.o(.text)
    netconn_delete                           0x08007b43   Thumb Code    36  api_lib.o(.text)
    netconn_getaddr                          0x08007b67   Thumb Code    32  api_lib.o(.text)
    netconn_bind                             0x08007b87   Thumb Code    30  api_lib.o(.text)
    netconn_connect                          0x08007ba5   Thumb Code    30  api_lib.o(.text)
    netconn_disconnect                       0x08007bc3   Thumb Code    24  api_lib.o(.text)
    netconn_listen_with_backlog              0x08007bdb   Thumb Code    24  api_lib.o(.text)
    netconn_accept                           0x08007bf3   Thumb Code    30  api_lib.o(.text)
    netconn_recv                             0x08007c11   Thumb Code   222  api_lib.o(.text)
    netconn_send                             0x08007cef   Thumb Code    26  api_lib.o(.text)
    netconn_sendto                           0x08007d09   Thumb Code    14  api_lib.o(.text)
    netconn_write                            0x08007d17   Thumb Code    32  api_lib.o(.text)
    netconn_close                            0x08007d37   Thumb Code    24  api_lib.o(.text)
    netconn_gethostbyname                    0x08007d4f   Thumb Code    64  api_lib.o(.text)
    netconn_free                             0x08008135   Thumb Code   104  api_msg.o(.text)
    netconn_alloc                            0x0800819d   Thumb Code    88  api_msg.o(.text)
    do_newconn                               0x08008241   Thumb Code    28  api_msg.o(.text)
    do_delconn                               0x0800825d   Thumb Code   102  api_msg.o(.text)
    do_bind                                  0x080082c3   Thumb Code    92  api_msg.o(.text)
    do_connect                               0x0800834b   Thumb Code    96  api_msg.o(.text)
    do_disconnect                            0x080083ab   Thumb Code    34  api_msg.o(.text)
    do_listen                                0x080083cd   Thumb Code   142  api_msg.o(.text)
    do_send                                  0x0800845b   Thumb Code   118  api_msg.o(.text)
    do_recv                                  0x080084d1   Thumb Code    46  api_msg.o(.text)
    do_write                                 0x080084ff   Thumb Code    52  api_msg.o(.text)
    do_getaddr                               0x08008533   Thumb Code   114  api_msg.o(.text)
    do_close                                 0x080085a5   Thumb Code    32  api_msg.o(.text)
    do_gethostbyname                         0x080085df   Thumb Code    36  api_msg.o(.text)
    netbuf_new                               0x08008699   Thumb Code    24  netbuf.o(.text)
    netbuf_delete                            0x080086b1   Thumb Code    34  netbuf.o(.text)
    netbuf_alloc                             0x080086d3   Thumb Code    36  netbuf.o(.text)
    netbuf_free                              0x080086f7   Thumb Code    20  netbuf.o(.text)
    netbuf_ref                               0x0800870b   Thumb Code    56  netbuf.o(.text)
    netbuf_chain                             0x08008743   Thumb Code    30  netbuf.o(.text)
    netbuf_data                              0x08008761   Thumb Code    24  netbuf.o(.text)
    netbuf_next                              0x08008779   Thumb Code    26  netbuf.o(.text)
    netbuf_first                             0x08008793   Thumb Code     6  netbuf.o(.text)
    tcp_timer_needed                         0x080087c1   Thumb Code    36  tcpip.o(.text)
    tcpip_input                              0x080088bd   Thumb Code    68  tcpip.o(.text)
    tcpip_callback_with_block                0x08008901   Thumb Code    86  tcpip.o(.text)
    tcpip_timeout                            0x08008957   Thumb Code    58  tcpip.o(.text)
    tcpip_untimeout                          0x08008991   Thumb Code    52  tcpip.o(.text)
    tcpip_apimsg                             0x080089c5   Thumb Code    48  tcpip.o(.text)
    tcpip_init                               0x080089f5   Thumb Code    36  tcpip.o(.text)
    pbuf_free_callback                       0x08008a1d   Thumb Code     8  tcpip.o(.text)
    mem_free_callback                        0x08008a25   Thumb Code     8  tcpip.o(.text)
    __aeabi_memcpy                           0x08008a65   Thumb Code    36  memcpya.o(.text)
    __aeabi_memcpy4                          0x08008a65   Thumb Code     0  memcpya.o(.text)
    __aeabi_memcpy8                          0x08008a65   Thumb Code     0  memcpya.o(.text)
    __aeabi_memset                           0x08008a89   Thumb Code    14  memseta.o(.text)
    __aeabi_memset4                          0x08008a89   Thumb Code     0  memseta.o(.text)
    __aeabi_memset8                          0x08008a89   Thumb Code     0  memseta.o(.text)
    __aeabi_memclr                           0x08008a97   Thumb Code     4  memseta.o(.text)
    __aeabi_memclr4                          0x08008a97   Thumb Code     0  memseta.o(.text)
    __aeabi_memclr8                          0x08008a97   Thumb Code     0  memseta.o(.text)
    _memset$wrapper                          0x08008a9b   Thumb Code    18  memseta.o(.text)
    strlen                                   0x08008aad   Thumb Code    14  strlen.o(.text)
    strcmp                                   0x08008abb   Thumb Code    28  strcmp.o(.text)
    strcpy                                   0x08008ad7   Thumb Code    18  strcpy.o(.text)
    __aeabi_uidiv                            0x08008ae9   Thumb Code     0  uidiv.o(.text)
    __aeabi_uidivmod                         0x08008ae9   Thumb Code    44  uidiv.o(.text)
    __aeabi_uldivmod                         0x08008b15   Thumb Code    98  uldiv.o(.text)
    __I$use$fp                               0x08008b77   Thumb Code     0  iusefp.o(.text)
    __aeabi_dadd                             0x08008b77   Thumb Code   322  dadd.o(.text)
    __aeabi_dsub                             0x08008cb9   Thumb Code     6  dadd.o(.text)
    __aeabi_drsub                            0x08008cbf   Thumb Code     6  dadd.o(.text)
    __aeabi_dmul                             0x08008cc5   Thumb Code   228  dmul.o(.text)
    __aeabi_ddiv                             0x08008da9   Thumb Code   222  ddiv.o(.text)
    __aeabi_d2ulz                            0x08008e87   Thumb Code    48  dfixul.o(.text)
    __aeabi_cdrcmple                         0x08008eb9   Thumb Code    38  cdrcmple.o(.text)
    __scatterload                            0x08008ee1   Thumb Code    28  init.o(.text)
    __scatterload_rt2                        0x08008ee1   Thumb Code     0  init.o(.text)
    __aeabi_llsl                             0x08008f05   Thumb Code    30  llshl.o(.text)
    _ll_shift_l                              0x08008f05   Thumb Code     0  llshl.o(.text)
    __aeabi_llsr                             0x08008f23   Thumb Code    32  llushr.o(.text)
    _ll_ushift_r                             0x08008f23   Thumb Code     0  llushr.o(.text)
    __aeabi_lasr                             0x08008f43   Thumb Code    36  llsshr.o(.text)
    _ll_sshift_r                             0x08008f43   Thumb Code     0  llsshr.o(.text)
    _double_round                            0x08008f67   Thumb Code    26  depilogue.o(.text)
    _double_epilogue                         0x08008f81   Thumb Code   156  depilogue.o(.text)
    __decompress                             0x0800901d   Thumb Code     0  __dczerorl2.o(.text)
    __decompress1                            0x0800901d   Thumb Code    86  __dczerorl2.o(.text)
    __0vsprintf                              0x08009075   Thumb Code    30  printfa.o(i.__0vsprintf)
    __1vsprintf                              0x08009075   Thumb Code     0  printfa.o(i.__0vsprintf)
    __2vsprintf                              0x08009075   Thumb Code     0  printfa.o(i.__0vsprintf)
    __c89vsprintf                            0x08009075   Thumb Code     0  printfa.o(i.__0vsprintf)
    vsprintf                                 0x08009075   Thumb Code     0  printfa.o(i.__0vsprintf)
    __scatterload_copy                       0x08009099   Thumb Code    14  handlers.o(i.__scatterload_copy)
    __scatterload_null                       0x080090a7   Thumb Code     2  handlers.o(i.__scatterload_null)
    __scatterload_zeroinit                   0x080090a9   Thumb Code    14  handlers.o(i.__scatterload_zeroinit)
    ethbroadcast                             0x0800995a   Data           6  etharp.o(.constdata)
    ethzero                                  0x08009960   Data           6  etharp.o(.constdata)
    tcp_persist_backoff                      0x0800999e   Data           7  tcp.o(.constdata)
    tcp_backoff                              0x080099a5   Data          13  tcp.o(.constdata)
    ip_addr_any                              0x080099b2   Data           4  ip_addr.o(.constdata)
    Region$$Table$$Base                      0x08009aa8   Number         0  anon$$obj.o(Region$$Table)
    Region$$Table$$Limit                     0x08009ac8   Number         0  anon$$obj.o(Region$$Table)
    serverIP                                 0x20000000   Data           4  netconfig.o(.data)
    maskIP                                   0x20000004   Data           4  netconfig.o(.data)
    gateIP                                   0x20000008   Data           4  netconfig.o(.data)
    m_mac                                    0x2000000c   Data           6  netconfig.o(.data)
    pxCurrentTCB                             0x20000030   Data           4  tasks.o(.data)
    netif_list                               0x200000b0   Data           4  netif.o(.data)
    netif_default                            0x200000b4   Data           4  netif.o(.data)
    tcp_ticks                                0x200000c8   Data           4  tcp.o(.data)
    tcp_bound_pcbs                           0x200000cc   Data           4  tcp.o(.data)
    tcp_listen_pcbs                          0x200000d0   Data           4  tcp.o(.data)
    tcp_active_pcbs                          0x200000d4   Data           4  tcp.o(.data)
    tcp_tw_pcbs                              0x200000d8   Data           4  tcp.o(.data)
    tcp_tmp_pcb                              0x200000dc   Data           4  tcp.o(.data)
    tcp_state_str                            0x200000e0   Data          44  tcp.o(.data)
    tcp_input_pcb                            0x20000124   Data           4  tcp_in.o(.data)
    udp_pcbs                                 0x20000128   Data           4  udp.o(.data)
    current_netif                            0x20000130   Data           4  ip.o(.data)
    current_header                           0x20000134   Data           4  ip.o(.data)
    DM9000AEP                                0x20000150   Data          48  netconfig.o(.bss)
    Rx_Data_Buf                              0x200046e4   Data        1516  ethernetif.o(.bss)
    Tx_Data_Buf                              0x20004cd0   Data        1516  ethernetif.o(.bss)
    lwip_stats                               0x20009224   Data         330  stats.o(.bss)
    __initial_sp                             0x20009f68   Data           0  cstartup.o(STACK)



==============================================================================

Memory Map of the image

  Image Entry point : 0x080000ed

  Load Region LR_IROM1 (Base: 0x08000000, Size: 0x00009c18, Max: 0x00040000, ABSOLUTE, COMPRESSED[0x00009b0c])

    Execution Region ER_IROM1 (Base: 0x08000000, Size: 0x00009ac8, Max: 0x00040000, ABSOLUTE)

    Base Addr    Size         Type   Attr      Idx    E Section Name        Object

    0x08000000   0x000000ec   Data   RO          438    RESET               cstartup.o
    0x080000ec   0x00000000   Code   RO         1657  * .ARM.Collect$$$$00000000  mc_w.l(entry.o)
    0x080000ec   0x00000004   Code   RO         1702    .ARM.Collect$$$$00000001  mc_w.l(entry2.o)
    0x080000f0   0x00000004   Code   RO         1705    .ARM.Collect$$$$00000004  mc_w.l(entry5.o)
    0x080000f4   0x00000000   Code   RO         1707    .ARM.Collect$$$$00000008  mc_w.l(entry7b.o)
    0x080000f4   0x00000000   Code   RO         1709    .ARM.Collect$$$$0000000A  mc_w.l(entry8b.o)
    0x080000f4   0x00000008   Code   RO         1710    .ARM.Collect$$$$0000000B  mc_w.l(entry9a.o)
    0x080000fc   0x00000000   Code   RO         1712    .ARM.Collect$$$$0000000D  mc_w.l(entry10a.o)
    0x080000fc   0x00000000   Code   RO         1714    .ARM.Collect$$$$0000000F  mc_w.l(entry11a.o)
    0x080000fc   0x00000004   Code   RO         1703    .ARM.Collect$$$$00002712  mc_w.l(entry2.o)
    0x08000100   0x00000096   Code   RO          688    .emb_text           port.o
    0x08000196   0x00000002   PAD
    0x08000198   0x00000050   Code   RO            3    .text               main.o
    0x080001e8   0x00000094   Code   RO          189    .text               app_led.o
    0x0800027c   0x000000cc   Code   RO          223    .text               netconfig.o
    0x08000348   0x000001ec   Code   RO          317    .text               app_serial.o
    0x08000534   0x000000e0   Code   RO          364    .text               bsp.o
    0x08000614   0x000003c8   Code   RO          387    .text               dm9000x.o
    0x080009dc   0x00000144   Code   RO          415    .text               i2c_bus.o
    0x08000b20   0x0000001c   Code   RO          439    .text               cstartup.o
    0x08000b3c   0x00000264   Code   RO          445    .text               stm32f10x_gpio.o
    0x08000da0   0x000002b8   Code   RO          465    .text               stm32f10x_rcc.o
    0x08001058   0x000000b0   Code   RO          513    .text               misc.o
    0x08001108   0x00000328   Code   RO          533    .text               stm32f10x_usart.o
    0x08001430   0x00000088   Code   RO          623    .text               list.o
    0x080014b8   0x00000552   Code   RO          635    .text               queue.o
    0x08001a0a   0x00000002   PAD
    0x08001a0c   0x00000e2c   Code   RO          650    .text               tasks.o
    0x08002838   0x000000c4   Code   RO          689    .text               port.o
    0x080028fc   0x000000f4   Code   RO          719    .text               heap_2.o
    0x080029f0   0x000000fc   Code   RO          736    .text               ethernetif.o
    0x08002aec   0x0000024c   Code   RO          772    .text               sys_arch.o
    0x08002d38   0x00000720   Code   RO          818    .text               etharp.o
    0x08003458   0x000004c0   Code   RO          905    .text               dns.o
    0x08003918   0x00000308   Code   RO          958    .text               mem.o
    0x08003c20   0x00000104   Code   RO          976    .text               memp.o
    0x08003d24   0x0000018c   Code   RO         1009    .text               netif.o
    0x08003eb0   0x00000434   Code   RO         1032    .text               pbuf.o
    0x080042e4   0x00000160   Code   RO         1059    .text               raw.o
    0x08004444   0x000001d8   Code   RO         1085    .text               sys.o
    0x0800461c   0x00000938   Code   RO         1106    .text               tcp.o
    0x08004f54   0x00000fc8   Code   RO         1128    .text               tcp_in.o
    0x08005f1c   0x00000988   Code   RO         1151    .text               tcp_out.o
    0x080068a4   0x000003c4   Code   RO         1163    .text               udp.o
    0x08006c68   0x00000228   Code   RO         1181    .text               icmp.o
    0x08006e90   0x00000168   Code   RO         1199    .text               inet.o
    0x08006ff8   0x00000116   Code   RO         1213    .text               inet_chksum.o
    0x0800710e   0x00000002   PAD
    0x08007110   0x0000041c   Code   RO         1229    .text               ip.o
    0x0800752c   0x00000030   Code   RO         1250    .text               ip_addr.o
    0x0800755c   0x00000524   Code   RO         1273    .text               ip_frag.o
    0x08007a80   0x00000080   Code   RO         1290    .text               lwipentry.o
    0x08007b00   0x000002c0   Code   RO         1377    .text               api_lib.o
    0x08007dc0   0x000008d8   Code   RO         1425    .text               api_msg.o
    0x08008698   0x00000100   Code   RO         1486    .text               netbuf.o
    0x08008798   0x000002cc   Code   RO         1600    .text               tcpip.o
    0x08008a64   0x00000024   Code   RO         1660    .text               mc_w.l(memcpya.o)
    0x08008a88   0x00000024   Code   RO         1662    .text               mc_w.l(memseta.o)
    0x08008aac   0x0000000e   Code   RO         1664    .text               mc_w.l(strlen.o)
    0x08008aba   0x0000001c   Code   RO         1666    .text               mc_w.l(strcmp.o)
    0x08008ad6   0x00000012   Code   RO         1668    .text               mc_w.l(strcpy.o)
    0x08008ae8   0x0000002c   Code   RO         1719    .text               mc_w.l(uidiv.o)
    0x08008b14   0x00000062   Code   RO         1721    .text               mc_w.l(uldiv.o)
    0x08008b76   0x00000000   Code   RO         1732    .text               mc_w.l(iusefp.o)
    0x08008b76   0x0000014e   Code   RO         1733    .text               mf_w.l(dadd.o)
    0x08008cc4   0x000000e4   Code   RO         1735    .text               mf_w.l(dmul.o)
    0x08008da8   0x000000de   Code   RO         1737    .text               mf_w.l(ddiv.o)
    0x08008e86   0x00000030   Code   RO         1739    .text               mf_w.l(dfixul.o)
    0x08008eb6   0x00000002   PAD
    0x08008eb8   0x00000028   Code   RO         1741    .text               mf_w.l(cdrcmple.o)
    0x08008ee0   0x00000024   Code   RO         1743    .text               mc_w.l(init.o)
    0x08008f04   0x0000001e   Code   RO         1746    .text               mc_w.l(llshl.o)
    0x08008f22   0x00000020   Code   RO         1748    .text               mc_w.l(llushr.o)
    0x08008f42   0x00000024   Code   RO         1750    .text               mc_w.l(llsshr.o)
    0x08008f66   0x000000b6   Code   RO         1783    .text               mf_w.l(depilogue.o)
    0x0800901c   0x00000056   Code   RO         1795    .text               mc_w.l(__dczerorl2.o)
    0x08009072   0x00000002   PAD
    0x08009074   0x00000024   Code   RO         1679    i.__0vsprintf       mc_w.l(printfa.o)
    0x08009098   0x0000000e   Code   RO         1789    i.__scatterload_copy  mc_w.l(handlers.o)
    0x080090a6   0x00000002   Code   RO         1790    i.__scatterload_null  mc_w.l(handlers.o)
    0x080090a8   0x0000000e   Code   RO         1791    i.__scatterload_zeroinit  mc_w.l(handlers.o)
    0x080090b6   0x00000002   PAD
    0x080090b8   0x00000164   Code   RO         1680    i._fp_digits        mc_w.l(printfa.o)
    0x0800921c   0x000006dc   Code   RO         1681    i._printf_core      mc_w.l(printfa.o)
    0x080098f8   0x00000024   Code   RO         1682    i._printf_post_padding  mc_w.l(printfa.o)
    0x0800991c   0x0000002e   Code   RO         1683    i._printf_pre_padding  mc_w.l(printfa.o)
    0x0800994a   0x0000000a   Code   RO         1685    i._sputc            mc_w.l(printfa.o)
    0x08009954   0x00000006   Data   RO          190    .constdata          app_led.o
    0x0800995a   0x0000000c   Data   RO          820    .constdata          etharp.o
    0x08009966   0x00000038   Data   RO          978    .constdata          memp.o
    0x0800999e   0x00000014   Data   RO         1107    .constdata          tcp.o
    0x080099b2   0x00000004   Data   RO         1251    .constdata          ip_addr.o
    0x080099b6   0x00000002   PAD
    0x080099b8   0x00000075   Data   RO         1108    .conststring        tcp.o
    0x08009a2d   0x00000003   PAD
    0x08009a30   0x00000078   Data   RO         1291    .conststring        lwipentry.o
    0x08009aa8   0x00000020   Data   RO         1787    Region$$Table       anon$$obj.o


    Execution Region RW_IRAM1 (Base: 0x20000000, Size: 0x00009f68, Max: 0x0000c000, ABSOLUTE, COMPRESSED[0x00000044])

    Base Addr    Size         Type   Attr      Idx    E Section Name        Object

    0x20000000   0x00000012   Data   RW          231    .data               netconfig.o
    0x20000012   0x00000002   PAD
    0x20000014   0x00000008   Data   RW          318    .data               app_serial.o
    0x2000001c   0x00000014   Data   RW          466    .data               stm32f10x_rcc.o
    0x20000030   0x0000003c   Data   RW          652    .data               tasks.o
    0x2000006c   0x00000004   Data   RW          690    .data               port.o
    0x20000070   0x00000018   Data   RW          721    .data               heap_2.o
    0x20000088   0x00000002   Data   RW          774    .data               sys_arch.o
    0x2000008a   0x00000001   Data   RW          821    .data               etharp.o
    0x2000008b   0x00000001   PAD
    0x2000008c   0x00000010   Data   RW          907    .data               dns.o
    0x2000009c   0x00000010   Data   RW          960    .data               mem.o
    0x200000ac   0x0000000c   Data   RW         1010    .data               netif.o
    0x200000b8   0x00000001   Data   RW         1033    .data               pbuf.o
    0x200000b9   0x00000003   PAD
    0x200000bc   0x00000004   Data   RW         1060    .data               raw.o
    0x200000c0   0x0000004c   Data   RW         1109    .data               tcp.o
    0x2000010c   0x0000001c   Data   RW         1130    .data               tcp_in.o
    0x20000128   0x00000004   Data   RW         1164    .data               udp.o
    0x2000012c   0x0000000c   Data   RW         1230    .data               ip.o
    0x20000138   0x00000008   Data   RW         1275    .data               ip_frag.o
    0x20000140   0x00000010   Data   RW         1601    .data               tcpip.o
    0x20000150   0x00000030   Zero   RW          225    .bss                netconfig.o
    0x20000180   0x00000038   Zero   RW          416    .bss                i2c_bus.o
    0x200001b8   0x0000012c   Zero   RW          651    .bss                tasks.o
    0x200002e4   0x00004400   Zero   RW          720    .bss                heap_2.o
    0x200046e4   0x00000bd8   Zero   RW          737    .bss                ethernetif.o
    0x200052bc   0x00000028   Zero   RW          773    .bss                sys_arch.o
    0x200052e4   0x000000c8   Zero   RW          819    .bss                etharp.o
    0x200053ac   0x00000660   Zero   RW          906    .bss                dns.o
    0x20005a0c   0x000007e4   Zero   RW          959    .bss                mem.o
    0x200061f0   0x00003033   Zero   RW          977    .bss                memp.o
    0x20009223   0x00000001   PAD
    0x20009224   0x0000014a   Zero   RW         1073    .bss                stats.o
    0x2000936e   0x00000002   PAD
    0x20009370   0x00000014   Zero   RW         1129    .bss                tcp_in.o
    0x20009384   0x00000010   Zero   RW         1200    .bss                inet.o
    0x20009394   0x000007d4   Zero   RW         1274    .bss                ip_frag.o
    0x20009b68   0x00000400   Zero   RW          436    STACK               cstartup.o


==============================================================================

Image component sizes


      Code (inc. data)   RO Data    RW Data    ZI Data      Debug   Object Name

       704         50          0          0          0      18642   api_lib.o
      2264         38          0          0          0      25067   api_msg.o
       148         18          6          0          0       1270   app_led.o
       492         30          0          8          0       9898   app_serial.o
       224         10          0          0          0       1953   bsp.o
        28          4        236          0       1024        792   cstartup.o
       968         20          0          0          0       4114   dm9000x.o
      1216         50          0         16       1632       5567   dns.o
      1824         30         12          1        200      16427   etharp.o
       252         24          0          0       3032       3644   ethernetif.o
         0          0          0          0          0       9540   event_groups.o
       244          8          0         24      17408       2968   heap_2.o
       324         14          0          0         56       2762   i2c_bus.o
       552          6          0          0          0       2146   icmp.o
       360         12          0          0         16       2878   inet.o
       278          0          0          0          0       4938   inet_chksum.o
         0          0          0          0          0        672   init.o
      1052         20          0         12          0       5778   ip.o
        48          0          4          0          0       5345   ip_addr.o
      1316         22          0          8       2004       4700   ip_frag.o
       136          0          0          0          0       1650   list.o
       128          4        120          0          0      18469   lwipentry.o
        80         20          0          0          0     253974   main.o
       776         14          0         16       2020       3510   mem.o
       260         12         56          0      12339       3038   memp.o
       176         14          0          0          0       1649   misc.o
       256          0          0          0          0       6197   netbuf.o
       204         18          0         18         48      15486   netconfig.o
       396         14          0         12          0       4846   netif.o
      1076         14          0          1          0       5670   pbuf.o
       346         30          0          4          0       6962   port.o
      1362          6          0          0          0       9145   queue.o
       352          6          0          4          0       2889   raw.o
         0          0          0          0        330       3329   stats.o
       612         36          0          0          0       4925   stm32f10x_gpio.o
       696         32          0         20          0       8036   stm32f10x_rcc.o
       808         22          0          0          0       7252   stm32f10x_usart.o
       472          4          0          0          0       2676   sys.o
       588         14          0          2         40       7962   sys_arch.o
      3628         84          0         60        300      26586   tasks.o
      2360         46        137         76          0      16595   tcp.o
      4040         80          0         28         20      13272   tcp_in.o
      2440         28          0          0          0       5414   tcp_out.o
       716         62          0         16          0      20488   tcpip.o
       964         14          0          4          0       5301   udp.o

    ----------------------------------------------------------------------
     35172        930        608        336      40472     584422   Object Totals
         0          0         32          0          0          0   (incl. Generated)
         6          0          5          6          3          0   (incl. Padding)

    ----------------------------------------------------------------------

      Code (inc. data)   RO Data    RW Data    ZI Data      Debug   Library Member Name

        86          0          0          0          0          0   __dczerorl2.o
         0          0          0          0          0          0   entry.o
         0          0          0          0          0          0   entry10a.o
         0          0          0          0          0          0   entry11a.o
         8          4          0          0          0          0   entry2.o
         4          0          0          0          0          0   entry5.o
         0          0          0          0          0          0   entry7b.o
         0          0          0          0          0          0   entry8b.o
         8          4          0          0          0          0   entry9a.o
        30          0          0          0          0          0   handlers.o
        36          8          0          0          0         68   init.o
         0          0          0          0          0          0   iusefp.o
        30          0          0          0          0         68   llshl.o
        36          0          0          0          0         68   llsshr.o
        32          0          0          0          0         68   llushr.o
        36          0          0          0          0         68   memcpya.o
        36          0          0          0          0        108   memseta.o
      2240         86          0          0          0        508   printfa.o
        28          0          0          0          0         76   strcmp.o
        18          0          0          0          0         68   strcpy.o
        14          0          0          0          0         68   strlen.o
        44          0          0          0          0         80   uidiv.o
        98          0          0          0          0         92   uldiv.o
        40          2          0          0          0         68   cdrcmple.o
       334          0          0          0          0        148   dadd.o
       222          0          0          0          0        100   ddiv.o
       182          0          0          0          0        176   depilogue.o
        48          0          0          0          0         68   dfixul.o
       228          0          0          0          0         96   dmul.o

    ----------------------------------------------------------------------
      3844        104          0          0          0       1996   Library Totals
         6          0          0          0          0          0   (incl. Padding)

    ----------------------------------------------------------------------

      Code (inc. data)   RO Data    RW Data    ZI Data      Debug   Library Name

      2784        102          0          0          0       1340   mc_w.l
      1054          2          0          0          0        656   mf_w.l

    ----------------------------------------------------------------------
      3844        104          0          0          0       1996   Library Totals

    ----------------------------------------------------------------------

==============================================================================


      Code (inc. data)   RO Data    RW Data    ZI Data      Debug   

     39016       1034        608        336      40472     580982   Grand Totals
     39016       1034        608         68      40472     580982   ELF Image Totals (compressed)
     39016       1034        608         68          0          0   ROM Totals

==============================================================================

    Total RO  Size (Code + RO Data)                39624 (  38.70kB)
    Total RW  Size (RW Data + ZI Data)             40808 (  39.85kB)
    Total ROM Size (Code + RO Data + RW Data)      39692 (  38.76kB)

==============================================================================

