Product: MDK-ARM Standard 5.10
Component: ARM Compiler 5.04 update 1 (build 49)
Tool: armlink [5040049]

==============================================================================

Section Cross References

    main.o(.text) refers to bsp.o(.text) for bsp_init
    main.o(.text) refers to app_serial.o(.text) for dbg_string
    main.o(.text) refers to lwipentry.o(.text) for vlwIPInit
    main.o(.text) refers to netconfig.o(.text) for LwIP_Init
    main.o(.text) refers to queue.o(.text) for xQueueCreateMutex
    main.o(.text) refers to uart_console.o(.text) for vUARTCommandConsoleStart
    main.o(.text) refers to sys_arch.o(.text) for sys_thread_new
    main.o(.text) refers to tasks.o(.text) for xTaskCreate
    main.o(.text) refers to cli-commands.o(.text) for vRegisterCLICommands
    main.o(.text) refers to main.o(.bss) for handle_source
    main.o(.text) refers to app_display.o(.text) for app_display_task
    main.o(.text) refers to app_sht10.o(.text) for app_sht10_task
    main.o(.text) refers to app_ds3231.o(.text) for app_ds3231_task
    main.o(.text) refers to app_buz.o(.text) for app_buz_task
    main.o(.text) refers to app_led.o(.text) for app_led_task_blink
    app_led.o(.text) refers to stm32f10x_rcc.o(.text) for RCC_APB2PeriphClockCmd
    app_led.o(.text) refers to stm32f10x_gpio.o(.text) for GPIO_Init
    app_led.o(.text) refers to tasks.o(.text) for xTaskGetTickCount
    app_led.o(.text) refers to app_led.o(.constdata) for .constdata
    netconfig.o(.text) refers to inet.o(.text) for htonl
    netconfig.o(.text) refers to netif.o(.text) for netif_add
    netconfig.o(.text) refers to netconfig.o(.data) for serverIP
    netconfig.o(.text) refers to netconfig.o(.bss) for DM9000AEP
    netconfig.o(.text) refers to tcpip.o(.text) for tcpip_input
    netconfig.o(.text) refers to ethernetif.o(.text) for ethernetif_init
    app_serial.o(.text) refers to queue.o(.text) for xQueueGenericSend
    app_serial.o(.text) refers to stm32f10x_usart.o(.text) for USART_ITConfig
    app_serial.o(.text) refers to printfa.o(i.__0vsprintf) for __c89vsprintf
    app_serial.o(.text) refers to stm32f10x_rcc.o(.text) for RCC_APB2PeriphClockCmd
    app_serial.o(.text) refers to stm32f10x_gpio.o(.text) for GPIO_Init
    app_serial.o(.text) refers to misc.o(.text) for NVIC_Init
    app_serial.o(.text) refers to app_serial.o(.data) for xCharsForTx
    app_display.o(.text) refers to app_display.o(i.bsp_74hc595_set_SH_CP) for bsp_74hc595_set_SH_CP
    app_display.o(.text) refers to app_display.o(i.bsp_74hc595_set_DATA) for bsp_74hc595_set_DATA
    app_display.o(.text) refers to app_display.o(i.bsp_74hc595_set_ST_CP) for bsp_74hc595_set_ST_CP
    app_display.o(.text) refers to app_display.o(i.bsp_74hc595_set_OE) for bsp_74hc595_set_OE
    app_display.o(.text) refers to port.o(.text) for vPortEnterCritical
    app_display.o(.text) refers to queue.o(.text) for xQueueGenericReceive
    app_display.o(.text) refers to main.o(.text) for main_get_task_handle
    app_display.o(.text) refers to tasks.o(.text) for vTaskResume
    app_display.o(.text) refers to stm32f10x_gpio.o(.text) for GPIO_ResetBits
    app_display.o(.text) refers to app_display.o(.data) for start_dis
    app_display.o(.text) refers to app_display.o(.constdata) for .constdata
    app_sht10.o(.text) refers to ffltui.o(.text) for __aeabi_ui2f
    app_sht10.o(.text) refers to fmul.o(.text) for __aeabi_fmul
    app_sht10.o(.text) refers to fadd.o(.text) for __aeabi_fadd
    app_sht10.o(.text) refers to f2d.o(.text) for __aeabi_f2d
    app_sht10.o(.text) refers to ddiv.o(.text) for __aeabi_ddiv
    app_sht10.o(.text) refers to dadd.o(.text) for __aeabi_dadd
    app_sht10.o(.text) refers to d2f.o(.text) for __aeabi_d2f
    app_sht10.o(.text) refers to i2c_bus.o(.text) for i2c_bus_start
    app_sht10.o(.text) refers to tasks.o(.text) for vTaskDelay
    app_sht10.o(.text) refers to queue.o(.text) for xQueueGenericReceive
    app_sht10.o(.text) refers to ffixui.o(.text) for __aeabi_f2uiz
    app_sht10.o(.text) refers to app_sht10.o(.data) for temp
    app_ds3231.o(.text) refers to i2c_bus.o(.text) for i2c_bus_read_ds3231
    app_ds3231.o(.text) refers to app_ds3231.o(.constdata) for rtc_days_in_month
    app_ds3231.o(.text) refers to queue.o(.text) for xQueueCreateMutex
    app_ds3231.o(.text) refers to tasks.o(.text) for vTaskDelay
    app_ds3231.o(.text) refers to stm32f10x_exti.o(.text) for EXTI_GetITStatus
    app_ds3231.o(.text) refers to app_ds3231.o(.data) for timeSync
    app_buz.o(.text) refers to queue.o(.text) for xQueueGenericReceive
    app_buz.o(.text) refers to stm32f10x_tim.o(.text) for TIM_CtrlPWMOutputs
    app_buz.o(.text) refers to tasks.o(.text) for vTaskDelay
    cli_api.o(.text) refers to heap_2.o(.text) for pvPortMalloc
    cli_api.o(.text) refers to port.o(.text) for vPortEnterCritical
    cli_api.o(.text) refers to strlen.o(.text) for strlen
    cli_api.o(.text) refers to strncmp.o(.text) for strncmp
[...]

    Global Symbols

    Symbol Name                              Value     Ov Type        Size  Object(Section)

    BuildAttributes$$THM_ISAv4$P$D$K$B$S$PE$A:L22UL41UL21$X:L11$S22US41US21$IEEE1$IW$USESV6$~STKCKD$USESV7$~SHL$OTIME$ROPI$EBA8$MICROLIB$REQ8$PRES8$EABIv2 0x00000000   Number         0  anon$$obj.o ABSOLUTE
    __ARM_use_no_argv                        0x00000000   Number         0  main.o ABSOLUTE
    _printf_a                                0x00000000   Number         0  stubs.o ABSOLUTE
    _printf_c                                0x00000000   Number         0  stubs.o ABSOLUTE
    _printf_charcount                        0x00000000   Number         0  stubs.o ABSOLUTE
    _printf_d                                0x00000000   Number         0  stubs.o ABSOLUTE
    _printf_e                                0x00000000   Number         0  stubs.o ABSOLUTE
    _printf_f                                0x00000000   Number         0  stubs.o ABSOLUTE
    _printf_flags                            0x00000000   Number         0  stubs.o ABSOLUTE
    _printf_fp_dec                           0x00000000   Number         0  stubs.o ABSOLUTE
    _printf_fp_hex                           0x00000000   Number         0  stubs.o ABSOLUTE
    _printf_g                                0x00000000   Number         0  stubs.o ABSOLUTE
    _printf_i                                0x00000000   Number         0  stubs.o ABSOLUTE
    _printf_int_dec                          0x00000000   Number         0  stubs.o ABSOLUTE
    _printf_l                                0x00000000   Number         0  stubs.o ABSOLUTE
    _printf_lc                               0x00000000   Number         0  stubs.o ABSOLUTE
    _printf_ll                               0x00000000   Number         0  stubs.o ABSOLUTE
    _printf_lld                              0x00000000   Number         0  stubs.o ABSOLUTE
    _printf_lli                              0x00000000   Number         0  stubs.o ABSOLUTE
    _printf_llo                              0x00000000   Number         0  stubs.o ABSOLUTE
    _printf_llu                              0x00000000   Number         0  stubs.o ABSOLUTE
    _printf_llx                              0x00000000   Number         0  stubs.o ABSOLUTE
    _printf_longlong_dec                     0x00000000   Number         0  stubs.o ABSOLUTE
    _printf_longlong_hex                     0x00000000   Number         0  stubs.o ABSOLUTE
    _printf_longlong_oct                     0x00000000   Number         0  stubs.o ABSOLUTE
    _printf_ls                               0x00000000   Number         0  stubs.o ABSOLUTE
    _printf_mbtowc                           0x00000000   Number         0  stubs.o ABSOLUTE
    _printf_n                                0x00000000   Number         0  stubs.o ABSOLUTE
    _printf_o                                0x00000000   Number         0  stubs.o ABSOLUTE
    _printf_p                                0x00000000   Number         0  stubs.o ABSOLUTE
    _printf_percent                          0x00000000   Number         0  stubs.o ABSOLUTE
    _printf_pre_padding                      0x00000000   Number         0  stubs.o ABSOLUTE
    _printf_return_value                     0x00000000   Number         0  stubs.o ABSOLUTE
    _printf_s                                0x00000000   Number         0  stubs.o ABSOLUTE
    _printf_sizespec                         0x00000000   Number         0  stubs.o ABSOLUTE
    _printf_str                              0x00000000   Number         0  stubs.o ABSOLUTE
    _printf_truncate_signed                  0x00000000   Number         0  stubs.o ABSOLUTE
    _printf_truncate_unsigned                0x00000000   Number         0  stubs.o ABSOLUTE
    _printf_u                                0x00000000   Number         0  stubs.o ABSOLUTE
    _printf_wc                               0x00000000   Number         0  stubs.o ABSOLUTE
    _printf_wctomb                           0x00000000   Number         0  stubs.o ABSOLUTE
    _printf_widthprec                        0x00000000   Number         0  stubs.o ABSOLUTE
    _printf_x                                0x00000000   Number         0  stubs.o ABSOLUTE
    __cpp_initialize__aeabi_                  - Undefined Weak Reference
    __cxa_finalize                            - Undefined Weak Reference
    _clock_init                               - Undefined Weak Reference
    _microlib_exit                            - Undefined Weak Reference
    _scanf_longlong                           - Undefined Weak Reference
    _scanf_real                               - Undefined Weak Reference
    __Vectors                                0x08000000   Data           4  cstartup.o(RESET)
    __main                                   0x080000ed   Thumb Code     0  entry.o(.ARM.Collect$$$$00000000)
    _main_stk                                0x080000ed   Thumb Code     0  entry2.o(.ARM.Collect$$$$00000001)
    _main_scatterload                        0x080000f1   Thumb Code     0  entry5.o(.ARM.Collect$$$$00000004)
    __main_after_scatterload                 0x080000f5   Thumb Code     0  entry5.o(.ARM.Collect$$$$00000004)
    _main_clock                              0x080000f5   Thumb Code     0  entry7b.o(.ARM.Collect$$$$00000008)
    _main_cpp_init                           0x080000f5   Thumb Code     0  entry8b.o(.ARM.Collect$$$$0000000A)
    _main_init                               0x080000f5   Thumb Code     0  entry9a.o(.ARM.Collect$$$$0000000B)
    __rt_final_cpp                           0x080000fd   Thumb Code     0  entry10a.o(.ARM.Collect$$$$0000000D)
    __rt_final_exit                          0x080000fd   Thumb Code     0  entry11a.o(.ARM.Collect$$$$0000000F)
    vPortSVCHandler                          0x08000101   Thumb Code    32  port.o(.emb_text)
    __asm___6_port_c_39a90d8d__prvStartFirstTask 0x08000125   Thumb Code    28  port.o(.emb_text)
    xPortPendSVHandler                       0x08000145   Thumb Code    72  port.o(.emb_text)
    vPortGetIPSR                             0x08000191   Thumb Code     6  port.o(.emb_text)
    main_get_task_handle                     0x08000199   Thumb Code    10  main.o(.text)
    main                                     0x080001a3   Thumb Code   196  main.o(.text)
    app_led_init                             0x080002e9   Thumb Code    46  app_led.o(.text)
    app_led_task_blink                       0x08000317   Thumb Code    54  app_led.o(.text)
    LwIP_Init                                0x08000355   Thumb Code   254  netconfig.o(.text)
    netconfig_get_pmac                       0x08000453   Thumb Code     4  netconfig.o(.text)
    xSerialPutChar                           0x08000475   Thumb Code    46  app_serial.o(.text)
    vSerialPutString                         0x080004a3   Thumb Code    38  app_serial.o(.text)
    dbg_string                               0x080004c9   Thumb Code    42  app_serial.o(.text)
    serial_init                              0x080004f3   Thumb Code   236  app_serial.o(.text)
    xSerialGetChar                           0x080005df   Thumb Code    32  app_serial.o(.text)
    USART1_IRQHandler                        0x080005ff   Thumb Code   154  app_serial.o(.text)
    app_display_set_show                     0x08000713   Thumb Code    28  app_display.o(.text)
    app_display_task                         0x08000853   Thumb Code   222  app_display.o(.text)
    app_sht10_get_res                        0x08000a09   Thumb Code   148  app_sht10.o(.text)
    app_sht10_get_info                       0x08000a9d   Thumb Code    44  app_sht10.o(.text)
    app_sht10_task                           0x08000ac9   Thumb Code   158  app_sht10.o(.text)
    rtc_valid_tm                             0x08000bd5   Thumb Code    72  app_ds3231.o(.text)
    app_ds3231_read_time                     0x08000c1d   Thumb Code   302  app_ds3231.o(.text)
    app_ds3231_set_time                      0x08000d4b   Thumb Code   292  app_ds3231.o(.text)
    app_ds3231_task                          0x08001081   Thumb Code   382  app_ds3231.o(.text)
    EXTI0_IRQHandler                         0x080011ff   Thumb Code    52  app_ds3231.o(.text)
    app_buz_task                             0x0800123d   Thumb Code    60  app_buz.o(.text)
    cli_api_get_cmd_list                     0x0800127d   Thumb Code     4  cli_api.o(.text)
    FreeRTOS_CLIRegisterCommand              0x08001281   Thumb Code    46  cli_api.o(.text)
    FreeRTOS_CLIProcessCommand               0x080012dd   Thumb Code   230  cli_api.o(.text)
    FreeRTOS_CLIGetOutputBuffer              0x080013c3   Thumb Code     4  cli_api.o(.text)
    FreeRTOS_CLIGetParameter                 0x080013c7   Thumb Code    92  cli_api.o(.text)
    vRegisterCLICommands                     0x080014a5   Thumb Code    58  cli-commands.o(.text)
    vUARTCommandConsoleStart                 0x08001aa1   Thumb Code    36  uart_console.o(.text)
    vOutputString                            0x08001ac5   Thumb Code    60  uart_console.o(.text)
    bsp_init                                 0x08001d73   Thumb Code    48  bsp.o(.text)
    dm9000x_gpio_inital                      0x08001dc5   Thumb Code    90  dm9000x.o(.text)
    dm9000x_read_id                          0x08001ecf   Thumb Code    68  dm9000x.o(.text)
    dm9000x_inital                           0x08001f13   Thumb Code   278  dm9000x.o(.text)
    dm9000x_sendpacket                       0x08002029   Thumb Code   154  dm9000x.o(.text)
    dm9000x_receivepacket                    0x080020c3   Thumb Code   322  dm9000x.o(.text)
    i2c_bus_sda_dir                          0x080022a3   Thumb Code    72  i2c_bus.o(.text)
    i2c_bus_start                            0x080022eb   Thumb Code   256  i2c_bus.o(.text)
    i2c_bus_init                             0x08002475   Thumb Code   218  i2c_bus.o(.text)
    I2C_BUS_SDA_STATE                        0x08002655   Thumb Code    40  i2c_bus.o(.text)
    i2c_bus_write_byte                       0x0800267d   Thumb Code   266  i2c_bus.o(.text)
    i2c_bus_read_byte                        0x08002787   Thumb Code   124  i2c_bus.o(.text)
    i2c_bus_write_ds3231                     0x08002803   Thumb Code    80  i2c_bus.o(.text)
    i2c_bus_read_ds3231                      0x08002853   Thumb Code   106  i2c_bus.o(.text)
    Reset_Handler                            0x08002949   Thumb Code     4  cstartup.o(.text)
    NMI_Handler                              0x0800294d   Thumb Code     2  cstartup.o(.text)
    HardFault_Handler                        0x0800294f   Thumb Code     2  cstartup.o(.text)
    MemManage_Handler                        0x08002951   Thumb Code     2  cstartup.o(.text)
    BusFault_Handler                         0x08002953   Thumb Code     2  cstartup.o(.text)
    UsageFault_Handler                       0x08002955   Thumb Code     2  cstartup.o(.text)
    SVC_Handler                              0x08002957   Thumb Code     2  cstartup.o(.text)
    DebugMon_Handler                         0x08002959   Thumb Code     2  cstartup.o(.text)
    PendSV_Handler                           0x0800295b   Thumb Code     2  cstartup.o(.text)
    SysTick_Handler                          0x0800295d   Thumb Code     2  cstartup.o(.text)
    ADC_IRQHandler                           0x0800295f   Thumb Code     0  cstartup.o(.text)
    CAN_RX1_IRQHandler                       0x0800295f   Thumb Code     0  cstartup.o(.text)
    CAN_SCE_IRQHandler                       0x0800295f   Thumb Code     0  cstartup.o(.text)
    DMAChannel1_IRQHandler                   0x0800295f   Thumb Code     0  cstartup.o(.text)
    DMAChannel2_IRQHandler                   0x0800295f   Thumb Code     0  cstartup.o(.text)
    DMAChannel3_IRQHandler                   0x0800295f   Thumb Code     0  cstartup.o(.text)
    DMAChannel4_IRQHandler                   0x0800295f   Thumb Code     0  cstartup.o(.text)
    DMAChannel5_IRQHandler                   0x0800295f   Thumb Code     0  cstartup.o(.text)
    DMAChannel6_IRQHandler                   0x0800295f   Thumb Code     0  cstartup.o(.text)
    DMAChannel7_IRQHandler                   0x0800295f   Thumb Code     0  cstartup.o(.text)
    EXTI15_10_IRQHandler                     0x0800295f   Thumb Code     0  cstartup.o(.text)
    EXTI1_IRQHandler                         0x0800295f   Thumb Code     0  cstartup.o(.text)
    EXTI2_IRQHandler                         0x0800295f   Thumb Code     0  cstartup.o(.text)
    EXTI3_IRQHandler                         0x0800295f   Thumb Code     0  cstartup.o(.text)
    EXTI4_IRQHandler                         0x0800295f   Thumb Code     0  cstartup.o(.text)
    EXTI9_5_IRQHandler                       0x0800295f   Thumb Code     0  cstartup.o(.text)
    FLASH_IRQHandler                         0x0800295f   Thumb Code     0  cstartup.o(.text)
    I2C1_ER_IRQHandler                       0x0800295f   Thumb Code     0  cstartup.o(.text)
    I2C1_EV_IRQHandler                       0x0800295f   Thumb Code     0  cstartup.o(.text)
    I2C2_ER_IRQHandler                       0x0800295f   Thumb Code     0  cstartup.o(.text)
    I2C2_EV_IRQHandler                       0x0800295f   Thumb Code     0  cstartup.o(.text)
    PVD_IRQHandler                           0x0800295f   Thumb Code     0  cstartup.o(.text)
    RCC_IRQHandler                           0x0800295f   Thumb Code     0  cstartup.o(.text)
    RTCAlarm_IRQHandler                      0x0800295f   Thumb Code     0  cstartup.o(.text)
    RTC_IRQHandler                           0x0800295f   Thumb Code     0  cstartup.o(.text)
    SPI1_IRQHandler                          0x0800295f   Thumb Code     0  cstartup.o(.text)
    SPI2_IRQHandler                          0x0800295f   Thumb Code     0  cstartup.o(.text)
    TAMPER_IRQHandler                        0x0800295f   Thumb Code     0  cstartup.o(.text)
    TIM1_BRK_IRQHandler                      0x0800295f   Thumb Code     0  cstartup.o(.text)
    TIM1_CC_IRQHandler                       0x0800295f   Thumb Code     0  cstartup.o(.text)
    TIM1_TRG_COM_IRQHandler                  0x0800295f   Thumb Code     0  cstartup.o(.text)
    TIM1_UP_IRQHandler                       0x0800295f   Thumb Code     0  cstartup.o(.text)
    TIM2_IRQHandler                          0x0800295f   Thumb Code     0  cstartup.o(.text)
    TIM3_IRQHandler                          0x0800295f   Thumb Code     0  cstartup.o(.text)
    TIM4_IRQHandler                          0x0800295f   Thumb Code     0  cstartup.o(.text)
    USART2_IRQHandler                        0x0800295f   Thumb Code     0  cstartup.o(.text)
    USART3_IRQHandler                        0x0800295f   Thumb Code     0  cstartup.o(.text)
    USBWakeUp_IRQHandler                     0x0800295f   Thumb Code     0  cstartup.o(.text)
    USB_HP_CAN_TX_IRQHandler                 0x0800295f   Thumb Code     0  cstartup.o(.text)
    USB_LP_CAN_RX0_IRQHandler                0x0800295f   Thumb Code     0  cstartup.o(.text)
    WWDG_IRQHandler                          0x0800295f   Thumb Code     0  cstartup.o(.text)
    GPIO_DeInit                              0x08002965   Thumb Code   172  stm32f10x_gpio.o(.text)
    GPIO_AFIODeInit                          0x08002a11   Thumb Code    20  stm32f10x_gpio.o(.text)
    GPIO_Init                                0x08002a25   Thumb Code   278  stm32f10x_gpio.o(.text)
    GPIO_StructInit                          0x08002b3b   Thumb Code    16  stm32f10x_gpio.o(.text)
    GPIO_ReadInputDataBit                    0x08002b4b   Thumb Code    18  stm32f10x_gpio.o(.text)
    GPIO_ReadInputData                       0x08002b5d   Thumb Code     8  stm32f10x_gpio.o(.text)
    GPIO_ReadOutputDataBit                   0x08002b65   Thumb Code    18  stm32f10x_gpio.o(.text)
    GPIO_ReadOutputData                      0x08002b77   Thumb Code     8  stm32f10x_gpio.o(.text)
    GPIO_SetBits                             0x08002b7f   Thumb Code     4  stm32f10x_gpio.o(.text)
    GPIO_ResetBits                           0x08002b83   Thumb Code     4  stm32f10x_gpio.o(.text)
    GPIO_WriteBit                            0x08002b87   Thumb Code    10  stm32f10x_gpio.o(.text)
    GPIO_Write                               0x08002b91   Thumb Code     4  stm32f10x_gpio.o(.text)
    GPIO_PinLockConfig                       0x08002b95   Thumb Code    18  stm32f10x_gpio.o(.text)
    GPIO_EventOutputConfig                   0x08002ba7   Thumb Code    26  stm32f10x_gpio.o(.text)
    GPIO_EventOutputCmd                      0x08002bc1   Thumb Code     6  stm32f10x_gpio.o(.text)
    GPIO_PinRemapConfig                      0x08002bc7   Thumb Code   138  stm32f10x_gpio.o(.text)
    GPIO_EXTILineConfig                      0x08002c51   Thumb Code    66  stm32f10x_gpio.o(.text)
    GPIO_ETH_MediaInterfaceConfig            0x08002c93   Thumb Code     8  stm32f10x_gpio.o(.text)
    RCC_DeInit                               0x08002cc1   Thumb Code    64  stm32f10x_rcc.o(.text)
    RCC_HSEConfig                            0x08002d01   Thumb Code    70  stm32f10x_rcc.o(.text)
    RCC_GetFlagStatus                        0x08002d47   Thumb Code    56  stm32f10x_rcc.o(.text)
    RCC_WaitForHSEStartUp                    0x08002d7f   Thumb Code    56  stm32f10x_rcc.o(.text)
    RCC_AdjustHSICalibrationValue            0x08002db7   Thumb Code    20  stm32f10x_rcc.o(.text)
    RCC_HSICmd                               0x08002dcb   Thumb Code     6  stm32f10x_rcc.o(.text)
    RCC_PLLConfig                            0x08002dd1   Thumb Code    24  stm32f10x_rcc.o(.text)
    RCC_PLLCmd                               0x08002de9   Thumb Code     6  stm32f10x_rcc.o(.text)
    RCC_SYSCLKConfig                         0x08002def   Thumb Code    18  stm32f10x_rcc.o(.text)
    RCC_GetSYSCLKSource                      0x08002e01   Thumb Code    10  stm32f10x_rcc.o(.text)
    RCC_HCLKConfig                           0x08002e0b   Thumb Code    18  stm32f10x_rcc.o(.text)
    RCC_PCLK1Config                          0x08002e1d   Thumb Code    18  stm32f10x_rcc.o(.text)
    RCC_PCLK2Config                          0x08002e2f   Thumb Code    20  stm32f10x_rcc.o(.text)
    RCC_ITConfig                             0x08002e43   Thumb Code    26  stm32f10x_rcc.o(.text)
    RCC_USBCLKConfig                         0x08002e5d   Thumb Code     8  stm32f10x_rcc.o(.text)
    RCC_ADCCLKConfig                         0x08002e65   Thumb Code    18  stm32f10x_rcc.o(.text)
    RCC_LSEConfig                            0x08002e77   Thumb Code    50  stm32f10x_rcc.o(.text)
    RCC_LSICmd                               0x08002ea9   Thumb Code     6  stm32f10x_rcc.o(.text)
    RCC_RTCCLKConfig                         0x08002eaf   Thumb Code    12  stm32f10x_rcc.o(.text)
    RCC_RTCCLKCmd                            0x08002ebb   Thumb Code     8  stm32f10x_rcc.o(.text)
    RCC_GetClocksFreq                        0x08002ec3   Thumb Code   192  stm32f10x_rcc.o(.text)
    RCC_AHBPeriphClockCmd                    0x08002f83   Thumb Code    26  stm32f10x_rcc.o(.text)
    RCC_APB2PeriphClockCmd                   0x08002f9d   Thumb Code    26  stm32f10x_rcc.o(.text)
    RCC_APB1PeriphClockCmd                   0x08002fb7   Thumb Code    26  stm32f10x_rcc.o(.text)
    RCC_APB2PeriphResetCmd                   0x08002fd1   Thumb Code    26  stm32f10x_rcc.o(.text)
    RCC_APB1PeriphResetCmd                   0x08002feb   Thumb Code    26  stm32f10x_rcc.o(.text)
    RCC_BackupResetCmd                       0x08003005   Thumb Code     8  stm32f10x_rcc.o(.text)
    RCC_ClockSecuritySystemCmd               0x0800300d   Thumb Code     6  stm32f10x_rcc.o(.text)
    RCC_MCOConfig                            0x08003013   Thumb Code     6  stm32f10x_rcc.o(.text)
    RCC_ClearFlag                            0x08003019   Thumb Code    14  stm32f10x_rcc.o(.text)
    RCC_GetITStatus                          0x08003027   Thumb Code    20  stm32f10x_rcc.o(.text)
    RCC_ClearITPendingBit                    0x0800303b   Thumb Code     6  stm32f10x_rcc.o(.text)
    NVIC_PriorityGroupConfig                 0x08003065   Thumb Code    10  misc.o(.text)
    NVIC_Init                                0x0800306f   Thumb Code   100  misc.o(.text)
    NVIC_SetVectorTable                      0x080030d3   Thumb Code    14  misc.o(.text)
    NVIC_SystemLPConfig                      0x080030e1   Thumb Code    34  misc.o(.text)
    SysTick_CLKSourceConfig                  0x08003103   Thumb Code    40  misc.o(.text)
    USART_DeInit                             0x08003141   Thumb Code   134  stm32f10x_usart.o(.text)
    USART_Init                               0x080031c7   Thumb Code   210  stm32f10x_usart.o(.text)
    USART_StructInit                         0x08003299   Thumb Code    24  stm32f10x_usart.o(.text)
    USART_ClockInit                          0x080032b1   Thumb Code    34  stm32f10x_usart.o(.text)
    USART_ClockStructInit                    0x080032d3   Thumb Code    12  stm32f10x_usart.o(.text)
    USART_Cmd                                0x080032df   Thumb Code    24  stm32f10x_usart.o(.text)
    USART_ITConfig                           0x080032f7   Thumb Code    74  stm32f10x_usart.o(.text)
    USART_DMACmd                             0x08003341   Thumb Code    18  stm32f10x_usart.o(.text)
    USART_SetAddress                         0x08003353   Thumb Code    18  stm32f10x_usart.o(.text)
    USART_WakeUpConfig                       0x08003365   Thumb Code    18  stm32f10x_usart.o(.text)
    USART_ReceiverWakeUpCmd                  0x08003377   Thumb Code    24  stm32f10x_usart.o(.text)
    USART_LINBreakDetectLengthConfig         0x0800338f   Thumb Code    18  stm32f10x_usart.o(.text)
    USART_LINCmd                             0x080033a1   Thumb Code    24  stm32f10x_usart.o(.text)
    USART_SendData                           0x080033b9   Thumb Code     8  stm32f10x_usart.o(.text)
    USART_ReceiveData                        0x080033c1   Thumb Code    10  stm32f10x_usart.o(.text)
    USART_SendBreak                          0x080033cb   Thumb Code    10  stm32f10x_usart.o(.text)
    USART_SetGuardTime                       0x080033d5   Thumb Code    16  stm32f10x_usart.o(.text)
    USART_SetPrescaler                       0x080033e5   Thumb Code    16  stm32f10x_usart.o(.text)
    USART_SmartCardCmd                       0x080033f5   Thumb Code    24  stm32f10x_usart.o(.text)
    USART_SmartCardNACKCmd                   0x0800340d   Thumb Code    24  stm32f10x_usart.o(.text)
    USART_HalfDuplexCmd                      0x08003425   Thumb Code    24  stm32f10x_usart.o(.text)
    USART_OverSampling8Cmd                   0x0800343d   Thumb Code    22  stm32f10x_usart.o(.text)
    USART_OneBitMethodCmd                    0x08003453   Thumb Code    24  stm32f10x_usart.o(.text)
    USART_IrDAConfig                         0x0800346b   Thumb Code    18  stm32f10x_usart.o(.text)
    USART_IrDACmd                            0x0800347d   Thumb Code    24  stm32f10x_usart.o(.text)
    USART_GetFlagStatus                      0x08003495   Thumb Code    26  stm32f10x_usart.o(.text)
    USART_ClearFlag                          0x080034af   Thumb Code    18  stm32f10x_usart.o(.text)
    USART_GetITStatus                        0x080034c1   Thumb Code    84  stm32f10x_usart.o(.text)
    USART_ClearITPendingBit                  0x08003515   Thumb Code    52  stm32f10x_usart.o(.text)
    EXTI_DeInit                              0x08003549   Thumb Code    28  stm32f10x_exti.o(.text)
    EXTI_Init                                0x08003565   Thumb Code   142  stm32f10x_exti.o(.text)
    EXTI_StructInit                          0x080035f3   Thumb Code    16  stm32f10x_exti.o(.text)
    EXTI_GenerateSWInterrupt                 0x08003603   Thumb Code    16  stm32f10x_exti.o(.text)
    EXTI_GetFlagStatus                       0x08003613   Thumb Code    22  stm32f10x_exti.o(.text)
    EXTI_ClearFlag                           0x08003629   Thumb Code     8  stm32f10x_exti.o(.text)
    EXTI_GetITStatus                         0x08003631   Thumb Code    34  stm32f10x_exti.o(.text)
    EXTI_ClearITPendingBit                   0x08003653   Thumb Code     8  stm32f10x_exti.o(.text)
    TIM_DeInit                               0x08003665   Thumb Code   424  stm32f10x_tim.o(.text)
    TIM_TimeBaseInit                         0x0800380d   Thumb Code   122  stm32f10x_tim.o(.text)
    TIM_OC1Init                              0x08003887   Thumb Code   132  stm32f10x_tim.o(.text)
    TIM_OC2Init                              0x0800390b   Thumb Code   154  stm32f10x_tim.o(.text)
    TIM_OC3Init                              0x080039a5   Thumb Code   150  stm32f10x_tim.o(.text)
    TIM_OC4Init                              0x08003a3b   Thumb Code   182  stm32f10x_tim.o(.text)
    TIM_SetIC4Prescaler                      0x08003af1   Thumb Code    26  stm32f10x_tim.o(.text)
    TIM_SetIC3Prescaler                      0x08003b8d   Thumb Code    18  stm32f10x_tim.o(.text)
    TIM_SetIC2Prescaler                      0x08003c19   Thumb Code    26  stm32f10x_tim.o(.text)
    TIM_SetIC1Prescaler                      0x08003cb5   Thumb Code    18  stm32f10x_tim.o(.text)
    TIM_ICInit                               0x08003d33   Thumb Code   150  stm32f10x_tim.o(.text)
    TIM_PWMIConfig                           0x08003dc9   Thumb Code   124  stm32f10x_tim.o(.text)
    TIM_BDTRConfig                           0x08003e45   Thumb Code    32  stm32f10x_tim.o(.text)
    TIM_TimeBaseStructInit                   0x08003e65   Thumb Code    18  stm32f10x_tim.o(.text)
    TIM_OCStructInit                         0x08003e77   Thumb Code    20  stm32f10x_tim.o(.text)
    TIM_ICStructInit                         0x08003e8b   Thumb Code    18  stm32f10x_tim.o(.text)
    TIM_BDTRStructInit                       0x08003e9d   Thumb Code    40  stm32f10x_tim.o(.text)
    TIM_Cmd                                  0x08003ec5   Thumb Code    24  stm32f10x_tim.o(.text)
    TIM_CtrlPWMOutputs                       0x08003edd   Thumb Code    30  stm32f10x_tim.o(.text)
    TIM_ITConfig                             0x08003efb   Thumb Code    18  stm32f10x_tim.o(.text)
    TIM_GenerateEvent                        0x08003f0d   Thumb Code     4  stm32f10x_tim.o(.text)
    TIM_DMAConfig                            0x08003f11   Thumb Code    10  stm32f10x_tim.o(.text)
    TIM_DMACmd                               0x08003f1b   Thumb Code    18  stm32f10x_tim.o(.text)
    TIM_InternalClockConfig                  0x08003f2d   Thumb Code    12  stm32f10x_tim.o(.text)
    TIM_SelectInputTrigger                   0x08003f39   Thumb Code    18  stm32f10x_tim.o(.text)
    TIM_ITRxExternalClockConfig              0x08003f4b   Thumb Code    24  stm32f10x_tim.o(.text)
    TIM_TIxExternalClockConfig               0x08003f63   Thumb Code    62  stm32f10x_tim.o(.text)
    TIM_ETRConfig                            0x08003fa1   Thumb Code    28  stm32f10x_tim.o(.text)
    TIM_ETRClockMode1Config                  0x08003fbd   Thumb Code    54  stm32f10x_tim.o(.text)
    TIM_ETRClockMode2Config                  0x08003ff3   Thumb Code    32  stm32f10x_tim.o(.text)
    TIM_PrescalerConfig                      0x08004013   Thumb Code     6  stm32f10x_tim.o(.text)
    TIM_CounterModeConfig                    0x08004019   Thumb Code    18  stm32f10x_tim.o(.text)
    TIM_EncoderInterfaceConfig               0x0800402b   Thumb Code    66  stm32f10x_tim.o(.text)
    TIM_ForcedOC1Config                      0x0800406d   Thumb Code    18  stm32f10x_tim.o(.text)
    TIM_ForcedOC2Config                      0x0800407f   Thumb Code    26  stm32f10x_tim.o(.text)
    TIM_ForcedOC3Config                      0x08004099   Thumb Code    18  stm32f10x_tim.o(.text)
    TIM_ForcedOC4Config                      0x080040ab   Thumb Code    26  stm32f10x_tim.o(.text)
    TIM_ARRPreloadConfig                     0x080040c5   Thumb Code    24  stm32f10x_tim.o(.text)
    TIM_SelectCOM                            0x080040dd   Thumb Code    24  stm32f10x_tim.o(.text)
    TIM_SelectCCDMA                          0x080040f5   Thumb Code    24  stm32f10x_tim.o(.text)
    TIM_CCPreloadControl                     0x0800410d   Thumb Code    24  stm32f10x_tim.o(.text)
    TIM_OC1PreloadConfig                     0x08004125   Thumb Code    18  stm32f10x_tim.o(.text)
    TIM_OC2PreloadConfig                     0x08004137   Thumb Code    26  stm32f10x_tim.o(.text)
    TIM_OC3PreloadConfig                     0x08004151   Thumb Code    18  stm32f10x_tim.o(.text)
    TIM_OC4PreloadConfig                     0x08004163   Thumb Code    26  stm32f10x_tim.o(.text)
    TIM_OC1FastConfig                        0x0800417d   Thumb Code    18  stm32f10x_tim.o(.text)
    TIM_OC2FastConfig                        0x0800418f   Thumb Code    26  stm32f10x_tim.o(.text)
    TIM_OC3FastConfig                        0x080041a9   Thumb Code    18  stm32f10x_tim.o(.text)
    TIM_OC4FastConfig                        0x080041bb   Thumb Code    26  stm32f10x_tim.o(.text)
    TIM_ClearOC1Ref                          0x080041d5   Thumb Code    18  stm32f10x_tim.o(.text)
    TIM_ClearOC2Ref                          0x080041e7   Thumb Code    24  stm32f10x_tim.o(.text)
    TIM_ClearOC3Ref                          0x080041ff   Thumb Code    18  stm32f10x_tim.o(.text)
    TIM_ClearOC4Ref                          0x08004211   Thumb Code    24  stm32f10x_tim.o(.text)
    TIM_OC1PolarityConfig                    0x08004229   Thumb Code    18  stm32f10x_tim.o(.text)
    TIM_OC1NPolarityConfig                   0x0800423b   Thumb Code    18  stm32f10x_tim.o(.text)
    TIM_OC2PolarityConfig                    0x0800424d   Thumb Code    26  stm32f10x_tim.o(.text)
    TIM_OC2NPolarityConfig                   0x08004267   Thumb Code    26  stm32f10x_tim.o(.text)
    TIM_OC3PolarityConfig                    0x08004281   Thumb Code    26  stm32f10x_tim.o(.text)
    TIM_OC3NPolarityConfig                   0x0800429b   Thumb Code    26  stm32f10x_tim.o(.text)
    TIM_OC4PolarityConfig                    0x080042b5   Thumb Code    26  stm32f10x_tim.o(.text)
    TIM_CCxCmd                               0x080042cf   Thumb Code    30  stm32f10x_tim.o(.text)
    TIM_CCxNCmd                              0x080042ed   Thumb Code    30  stm32f10x_tim.o(.text)
    TIM_SelectOCxM                           0x0800430b   Thumb Code    82  stm32f10x_tim.o(.text)
    TIM_UpdateDisableConfig                  0x0800435d   Thumb Code    24  stm32f10x_tim.o(.text)
    TIM_UpdateRequestConfig                  0x08004375   Thumb Code    24  stm32f10x_tim.o(.text)
    TIM_SelectHallSensor                     0x0800438d   Thumb Code    24  stm32f10x_tim.o(.text)
    TIM_SelectOnePulseMode                   0x080043a5   Thumb Code    18  stm32f10x_tim.o(.text)
    TIM_SelectOutputTrigger                  0x080043b7   Thumb Code    18  stm32f10x_tim.o(.text)
    TIM_SelectSlaveMode                      0x080043c9   Thumb Code    18  stm32f10x_tim.o(.text)
    TIM_SelectMasterSlaveMode                0x080043db   Thumb Code    18  stm32f10x_tim.o(.text)
    TIM_SetCounter                           0x080043ed   Thumb Code     4  stm32f10x_tim.o(.text)
    TIM_SetAutoreload                        0x080043f1   Thumb Code     4  stm32f10x_tim.o(.text)
    TIM_SetCompare1                          0x080043f5   Thumb Code     4  stm32f10x_tim.o(.text)
    TIM_SetCompare2                          0x080043f9   Thumb Code     4  stm32f10x_tim.o(.text)
    TIM_SetCompare3                          0x080043fd   Thumb Code     4  stm32f10x_tim.o(.text)
    TIM_SetCompare4                          0x08004401   Thumb Code     6  stm32f10x_tim.o(.text)
    TIM_SetClockDivision                     0x08004407   Thumb Code    18  stm32f10x_tim.o(.text)
    TIM_GetCapture1                          0x08004419   Thumb Code     6  stm32f10x_tim.o(.text)
    TIM_GetCapture2                          0x0800441f   Thumb Code     6  stm32f10x_tim.o(.text)
    TIM_GetCapture3                          0x08004425   Thumb Code     6  stm32f10x_tim.o(.text)
    TIM_GetCapture4                          0x0800442b   Thumb Code     8  stm32f10x_tim.o(.text)
    TIM_GetCounter                           0x08004433   Thumb Code     6  stm32f10x_tim.o(.text)
    TIM_GetPrescaler                         0x08004439   Thumb Code     6  stm32f10x_tim.o(.text)
    TIM_GetFlagStatus                        0x0800443f   Thumb Code    18  stm32f10x_tim.o(.text)
    TIM_ClearFlag                            0x08004451   Thumb Code     6  stm32f10x_tim.o(.text)
    TIM_GetITStatus                          0x08004457   Thumb Code    34  stm32f10x_tim.o(.text)
    TIM_ClearITPendingBit                    0x08004479   Thumb Code     6  stm32f10x_tim.o(.text)
    vListInitialise                          0x0800447f   Thumb Code    26  list.o(.text)
    vListInitialiseItem                      0x08004499   Thumb Code     6  list.o(.text)
    vListInsertEnd                           0x0800449f   Thumb Code    24  list.o(.text)
    vListInsert                              0x080044b7   Thumb Code    52  list.o(.text)
    uxListRemove                             0x080044eb   Thumb Code    40  list.o(.text)
    xQueueGenericReset                       0x08004515   Thumb Code   122  queue.o(.text)
    xQueueGenericCreate                      0x080045b9   Thumb Code    56  queue.o(.text)
    xQueueGenericSend                        0x08004709   Thumb Code   276  queue.o(.text)
    xQueueCreateMutex                        0x08004839   Thumb Code    34  queue.o(.text)
    xQueueGenericSendFromISR                 0x0800485b   Thumb Code   134  queue.o(.text)
    xQueueGiveFromISR                        0x080048e1   Thumb Code   124  queue.o(.text)
    xQueueGenericReceive                     0x080049a1   Thumb Code   342  queue.o(.text)
    xQueueReceiveFromISR                     0x08004af7   Thumb Code   130  queue.o(.text)
    xQueuePeekFromISR                        0x08004b79   Thumb Code    74  queue.o(.text)
    uxQueueMessagesWaiting                   0x08004bc3   Thumb Code    18  queue.o(.text)
    uxQueueSpacesAvailable                   0x08004bd5   Thumb Code    24  queue.o(.text)
    uxQueueMessagesWaitingFromISR            0x08004bed   Thumb Code     6  queue.o(.text)
    vQueueDelete                             0x08004bf3   Thumb Code    14  queue.o(.text)
    uxQueueGetQueueNumber                    0x08004c01   Thumb Code     6  queue.o(.text)
    vQueueSetQueueNumber                     0x08004c07   Thumb Code     4  queue.o(.text)
    ucQueueGetQueueType                      0x08004c0b   Thumb Code     8  queue.o(.text)
    xQueueIsQueueEmptyFromISR                0x08004c13   Thumb Code    14  queue.o(.text)
    xQueueIsQueueFullFromISR                 0x08004c21   Thumb Code    18  queue.o(.text)
    xTaskCreate                              0x08004db5   Thumb Code    92  tasks.o(.text)
    vTaskDelete                              0x08004e4d   Thumb Code   176  tasks.o(.text)
    xTaskIncrementTick                       0x08004efd   Thumb Code   238  tasks.o(.text)
    xTaskResumeAll                           0x08004feb   Thumb Code   284  tasks.o(.text)
    vTaskSuspendAll                          0x08005183   Thumb Code    12  tasks.o(.text)
    vTaskDelayUntil                          0x0800518f   Thumb Code   106  tasks.o(.text)
    vTaskDelay                               0x080051f9   Thumb Code    46  tasks.o(.text)
    eTaskGetState                            0x08005227   Thumb Code    88  tasks.o(.text)
    uxTaskPriorityGet                        0x0800527f   Thumb Code    30  tasks.o(.text)
    uxTaskPriorityGetFromISR                 0x0800529d   Thumb Code    52  tasks.o(.text)
    vTaskPrioritySet                         0x080052d1   Thumb Code   226  tasks.o(.text)
    vTaskSwitchContext                       0x080053b3   Thumb Code    76  tasks.o(.text)
    vTaskSuspend                             0x080053ff   Thumb Code   220  tasks.o(.text)
    vTaskResume                              0x08005513   Thumb Code   104  tasks.o(.text)
    xTaskResumeFromISR                       0x0800557b   Thumb Code   130  tasks.o(.text)
    vTaskStartScheduler                      0x08005673   Thumb Code    74  tasks.o(.text)
    vTaskEndScheduler                        0x080056bd   Thumb Code    32  tasks.o(.text)
    xTaskGetTickCount                        0x080056dd   Thumb Code     6  tasks.o(.text)
    xTaskGetTickCountFromISR                 0x080056e3   Thumb Code     8  tasks.o(.text)
    uxTaskGetNumberOfTasks                   0x080056eb   Thumb Code     6  tasks.o(.text)
    pcTaskGetName                            0x080056f1   Thumb Code    20  tasks.o(.text)
    vTaskGetTaskInfo                         0x0800571b   Thumb Code   114  tasks.o(.text)
    uxTaskGetSystemState                     0x080057f7   Thumb Code   152  tasks.o(.text)
    vTaskPlaceOnEventList                    0x0800588f   Thumb Code   106  tasks.o(.text)
    vTaskPlaceOnUnorderedEventList           0x080058f9   Thumb Code    40  tasks.o(.text)
    xTaskRemoveFromEventList                 0x08005921   Thumb Code   104  tasks.o(.text)
    xTaskRemoveFromUnorderedEventList        0x08005989   Thumb Code    94  tasks.o(.text)
    vTaskSetTimeOutState                     0x080059e7   Thumb Code    14  tasks.o(.text)
    xTaskCheckForTimeOut                     0x080059f5   Thumb Code    84  tasks.o(.text)
    vTaskMissedYield                         0x08005a49   Thumb Code     8  tasks.o(.text)
    uxTaskGetTaskNumber                      0x08005a51   Thumb Code    14  tasks.o(.text)
    vTaskSetTaskNumber                       0x08005a5f   Thumb Code     8  tasks.o(.text)
    xTaskGetCurrentTaskHandle                0x08005a67   Thumb Code     6  tasks.o(.text)
    vTaskPriorityInherit                     0x08005a6d   Thumb Code   164  tasks.o(.text)
    xTaskPriorityDisinherit                  0x08005b11   Thumb Code   122  tasks.o(.text)
    uxTaskResetEventItemValue                0x08005b8b   Thumb Code    24  tasks.o(.text)
    pvTaskIncrementMutexHeldCount            0x08005ba3   Thumb Code    26  tasks.o(.text)
    ulTaskNotifyTake                         0x08005bbd   Thumb Code   108  tasks.o(.text)
    xTaskNotifyWait                          0x08005c29   Thumb Code   150  tasks.o(.text)
    xTaskGenericNotify                       0x08005cbf   Thumb Code   216  tasks.o(.text)
    xTaskGenericNotifyFromISR                0x08005d97   Thumb Code   228  tasks.o(.text)
    vTaskNotifyGiveFromISR                   0x08005e7b   Thumb Code   154  tasks.o(.text)
    xTaskNotifyStateClear                    0x08005f15   Thumb Code    48  tasks.o(.text)
    pxPortInitialiseStack                    0x08005f77   Thumb Code    26  port.o(.text)
    vPortSetupTimerInterrupt                 0x08005f91   Thumb Code    14  port.o(.text)
    xPortStartScheduler                      0x08005f9f   Thumb Code    42  port.o(.text)
    vPortEndScheduler                        0x08005fc9   Thumb Code     2  port.o(.text)
    vPortEnterCritical                       0x08005fcb   Thumb Code    30  port.o(.text)
    vPortExitCritical                        0x08005fe9   Thumb Code    28  port.o(.text)
    xPortSysTickHandler                      0x08006005   Thumb Code    48  port.o(.text)
    pvPortMalloc                             0x0800606f   Thumb Code   166  heap_2.o(.text)
    vPortFree                                0x08006115   Thumb Code    56  heap_2.o(.text)
    xPortGetFreeHeapSize                     0x0800614d   Thumb Code     6  heap_2.o(.text)
    vPortInitialiseBlocks                    0x08006153   Thumb Code     2  heap_2.o(.text)
    ethernetif_input                         0x080061bf   Thumb Code    42  ethernetif.o(.text)
    ethernetif_init                          0x08006249   Thumb Code    58  ethernetif.o(.text)
    sys_mbox_new                             0x0800629d   Thumb Code    58  sys_arch.o(.text)
    sys_mbox_free                            0x080062d7   Thumb Code    52  sys_arch.o(.text)
    sys_mbox_post                            0x0800630b   Thumb Code    24  sys_arch.o(.text)
    sys_mbox_trypost                         0x08006323   Thumb Code    48  sys_arch.o(.text)
    sys_arch_mbox_fetch                      0x08006353   Thumb Code    94  sys_arch.o(.text)
    sys_arch_mbox_tryfetch                   0x080063b1   Thumb Code    36  sys_arch.o(.text)
    sys_sem_new                              0x080063d5   Thumb Code   108  sys_arch.o(.text)
    sys_arch_sem_wait                        0x08006441   Thumb Code    82  sys_arch.o(.text)
    sys_sem_signal                           0x08006493   Thumb Code    18  sys_arch.o(.text)
    sys_sem_free                             0x080064a5   Thumb Code    26  sys_arch.o(.text)
    sys_init                                 0x080064bf   Thumb Code    34  sys_arch.o(.text)
    sys_arch_timeouts                        0x080064e1   Thumb Code    42  sys_arch.o(.text)
    sys_arch_protect                         0x0800650b   Thumb Code    10  sys_arch.o(.text)
    sys_arch_unprotect                       0x08006515   Thumb Code    10  sys_arch.o(.text)
    sys_thread_new                           0x0800651f   Thumb Code    86  sys_arch.o(.text)
    sys_assert                               0x08006575   Thumb Code     8  sys_arch.o(.text)
    etharp_tmr                               0x080065a7   Thumb Code   154  etharp.o(.text)
    etharp_find_addr                         0x0800694b   Thumb Code    92  etharp.o(.text)
    etharp_ip_input                          0x080069a7   Thumb Code    52  etharp.o(.text)
    etharp_arp_input                         0x080069db   Thumb Code   360  etharp.o(.text)
    etharp_request                           0x08006c07   Thumb Code    36  etharp.o(.text)
    etharp_query                             0x08006c2b   Thumb Code   404  etharp.o(.text)
    etharp_output                            0x08006dbf   Thumb Code   216  etharp.o(.text)
    ethernet_input                           0x08006e97   Thumb Code   126  etharp.o(.text)
    dns_setserver                            0x08006f1d   Thumb Code    28  dns.o(.text)
    dns_init                                 0x08007101   Thumb Code    64  dns.o(.text)
    dns_getserver                            0x08007141   Thumb Code    28  dns.o(.text)
    dns_tmr                                  0x08007343   Thumb Code    14  dns.o(.text)
    dns_gethostbyname                        0x0800745f   Thumb Code    84  dns.o(.text)
    mem_init                                 0x0800752d   Thumb Code    92  mem.o(.text)
    mem_free                                 0x08007589   Thumb Code   128  mem.o(.text)
    mem_realloc                              0x08007609   Thumb Code   310  mem.o(.text)
    mem_malloc                               0x0800773f   Thumb Code   390  mem.o(.text)
    mem_calloc                               0x080078c5   Thumb Code    34  mem.o(.text)
    memp_init                                0x080078e9   Thumb Code   136  memp.o(.text)
    memp_malloc                              0x08007971   Thumb Code   150  memp.o(.text)
    memp_free                                0x08007a07   Thumb Code    74  memp.o(.text)
    netif_set_gw                             0x08007a65   Thumb Code    12  netif.o(.text)
    netif_set_netmask                        0x08007a71   Thumb Code    12  netif.o(.text)
    netif_set_ipaddr                         0x08007a7d   Thumb Code   110  netif.o(.text)
    netif_set_addr                           0x08007aeb   Thumb Code    40  netif.o(.text)
    netif_add                                0x08007b13   Thumb Code    96  netif.o(.text)
    netif_set_default                        0x08007b73   Thumb Code     6  netif.o(.text)
    netif_remove                             0x08007b79   Thumb Code    74  netif.o(.text)
    netif_find                               0x08007bc3   Thumb Code    64  netif.o(.text)
    netif_set_up                             0x08007c03   Thumb Code    44  netif.o(.text)
    netif_set_down                           0x08007c2f   Thumb Code    24  netif.o(.text)
    netif_is_up                              0x08007c47   Thumb Code    12  netif.o(.text)
    pbuf_free                                0x08007cd9   Thumb Code   108  pbuf.o(.text)
    pbuf_alloc                               0x08007d45   Thumb Code   386  pbuf.o(.text)
    pbuf_realloc                             0x08007ec7   Thumb Code   100  pbuf.o(.text)
    pbuf_header                              0x08007f2b   Thumb Code   106  pbuf.o(.text)
    pbuf_clen                                0x08007f95   Thumb Code    18  pbuf.o(.text)
    pbuf_ref                                 0x08007fa7   Thumb Code    26  pbuf.o(.text)
    pbuf_cat                                 0x08007fc1   Thumb Code    36  pbuf.o(.text)
    pbuf_chain                               0x08007fe5   Thumb Code    22  pbuf.o(.text)
    pbuf_dechain                             0x08007ffb   Thumb Code    48  pbuf.o(.text)
    pbuf_copy                                0x0800802b   Thumb Code   114  pbuf.o(.text)
    pbuf_copy_partial                        0x0800809d   Thumb Code   116  pbuf.o(.text)
    pbuf_take                                0x08008111   Thumb Code    86  pbuf.o(.text)
    pbuf_coalesce                            0x08008167   Thumb Code    56  pbuf.o(.text)
    raw_input                                0x080081a1   Thumb Code   100  raw.o(.text)
    raw_bind                                 0x08008205   Thumb Code    16  raw.o(.text)
    raw_connect                              0x08008215   Thumb Code    16  raw.o(.text)
    raw_recv                                 0x08008225   Thumb Code     6  raw.o(.text)
    raw_sendto                               0x0800822b   Thumb Code   150  raw.o(.text)
    raw_send                                 0x080082c1   Thumb Code    18  raw.o(.text)
    raw_remove                               0x080082d3   Thumb Code    60  raw.o(.text)
    raw_new                                  0x0800830f   Thumb Code    42  raw.o(.text)
    sys_mbox_fetch                           0x0800833d   Thumb Code   124  sys.o(.text)
    sys_sem_wait                             0x080083b9   Thumb Code   116  sys.o(.text)
    sys_timeout                              0x0800842d   Thumb Code   144  sys.o(.text)
    sys_untimeout                            0x080084bd   Thumb Code    94  sys.o(.text)
    sys_sem_wait_timeout                     0x0800852f   Thumb Code    58  sys.o(.text)
    sys_msleep                               0x08008569   Thumb Code    28  sys.o(.text)
    tcp_seg_free                             0x08008589   Thumb Code    32  tcp.o(.text)
    tcp_segs_free                            0x080085a9   Thumb Code    30  tcp.o(.text)
    tcp_pcb_purge                            0x080085c7   Thumb Code    76  tcp.o(.text)
    tcp_slowtmr                              0x08008613   Thumb Code   714  tcp.o(.text)
    tcp_pcb_remove                           0x080088dd   Thumb Code   128  tcp.o(.text)
    tcp_close                                0x0800895d   Thumb Code   274  tcp.o(.text)
    tcp_update_rcv_ann_wnd                   0x08008a6f   Thumb Code    70  tcp.o(.text)
    tcp_recved                               0x08008ab5   Thumb Code    62  tcp.o(.text)
    tcp_recv_null                            0x08008af3   Thumb Code    46  tcp.o(.text)
    tcp_fasttmr                              0x08008b21   Thumb Code   122  tcp.o(.text)
    tcp_tmr                                  0x08008b9b   Thumb Code    30  tcp.o(.text)
    tcp_abandon                              0x08008bb9   Thumb Code   158  tcp.o(.text)
    tcp_bind                                 0x08008cbf   Thumb Code   218  tcp.o(.text)
    tcp_listen_with_backlog                  0x08008da1   Thumb Code   184  tcp.o(.text)
    tcp_eff_send_mss                         0x08008e59   Thumb Code    46  tcp.o(.text)
    tcp_next_iss                             0x08008e87   Thumb Code    20  tcp.o(.text)
    tcp_connect                              0x08008e9b   Thumb Code   294  tcp.o(.text)
    tcp_setprio                              0x08008fc1   Thumb Code     4  tcp.o(.text)
    tcp_seg_copy                             0x08008fc5   Thumb Code    38  tcp.o(.text)
    tcp_alloc                                0x0800906d   Thumb Code   202  tcp.o(.text)
    tcp_new                                  0x08009137   Thumb Code    10  tcp.o(.text)
    tcp_arg                                  0x08009141   Thumb Code     4  tcp.o(.text)
    tcp_recv                                 0x08009145   Thumb Code     6  tcp.o(.text)
    tcp_sent                                 0x0800914b   Thumb Code     6  tcp.o(.text)
    tcp_err                                  0x08009151   Thumb Code     6  tcp.o(.text)
    tcp_accept                               0x08009157   Thumb Code     4  tcp.o(.text)
    tcp_poll                                 0x0800915b   Thumb Code    10  tcp.o(.text)
    tcp_debug_state_str                      0x08009165   Thumb Code    10  tcp.o(.text)
    tcp_input                                0x0800a37f   Thumb Code  1324  tcp_in.o(.text)
    tcp_enqueue                              0x0800a967   Thumb Code   986  tcp_out.o(.text)
    tcp_send_ctrl                            0x0800ad41   Thumb Code    28  tcp_out.o(.text)
    tcp_write                                0x0800ad5d   Thumb Code    72  tcp_out.o(.text)
    tcp_send_empty_ack                       0x0800ada5   Thumb Code   118  tcp_out.o(.text)
    tcp_output                               0x0800af01   Thumb Code   462  tcp_out.o(.text)
    tcp_rst                                  0x0800b0cf   Thumb Code   198  tcp_out.o(.text)
    tcp_rexmit_rto                           0x0800b195   Thumb Code    58  tcp_out.o(.text)
    tcp_rexmit                               0x0800b1cf   Thumb Code    80  tcp_out.o(.text)
    tcp_rexmit_fast                          0x0800b21f   Thumb Code   132  tcp_out.o(.text)
    tcp_keepalive                            0x0800b2a3   Thumb Code   110  tcp_out.o(.text)
    tcp_zero_window_probe                    0x0800b311   Thumb Code   196  tcp_out.o(.text)
    udp_input                                0x0800b3d9   Thumb Code   562  udp.o(.text)
    udp_bind                                 0x0800b60b   Thumb Code   102  udp.o(.text)
    udp_sendto_if                            0x0800b671   Thumb Code   248  udp.o(.text)
    udp_sendto                               0x0800b769   Thumb Code    62  udp.o(.text)
    udp_send                                 0x0800b7a7   Thumb Code    20  udp.o(.text)
    udp_connect                              0x0800b7bb   Thumb Code   104  udp.o(.text)
    udp_disconnect                           0x0800b823   Thumb Code    28  udp.o(.text)
    udp_recv                                 0x0800b83f   Thumb Code     6  udp.o(.text)
    udp_remove                               0x0800b845   Thumb Code    60  udp.o(.text)
    udp_new                                  0x0800b881   Thumb Code    28  udp.o(.text)
    icmp_input                               0x0800b8a5   Thumb Code   524  icmp.o(.text)
    icmp_dest_unreach                        0x0800bb27   Thumb Code    18  icmp.o(.text)
    icmp_time_exceeded                       0x0800bb39   Thumb Code    18  icmp.o(.text)
    htonl                                    0x0800bb51   Thumb Code    26  inet.o(.text)
    inet_aton                                0x0800bb6b   Thumb Code   336  inet.o(.text)
    inet_addr                                0x0800bcbb   Thumb Code    24  inet.o(.text)
    inet_ntoa                                0x0800bcd3   Thumb Code   112  inet.o(.text)
    htons                                    0x0800bd43   Thumb Code    12  inet.o(.text)
    ntohs                                    0x0800bd4f   Thumb Code    12  inet.o(.text)
    ntohl                                    0x0800bd5b   Thumb Code    12  inet.o(.text)
    inet_chksum_pseudo                       0x0800bdb7   Thumb Code   162  inet_chksum.o(.text)
    inet_chksum                              0x0800be59   Thumb Code    20  inet_chksum.o(.text)
    inet_chksum_pbuf                         0x0800be6d   Thumb Code    86  inet_chksum.o(.text)
    ip_route                                 0x0800bec5   Thumb Code    86  ip.o(.text)
    ip_input                                 0x0800bfe1   Thumb Code   596  ip.o(.text)
    ip_output_if                             0x0800c235   Thumb Code   306  ip.o(.text)
    ip_output                                0x0800c367   Thumb Code    70  ip.o(.text)
    ip_addr_isbroadcast                      0x0800c3b5   Thumb Code    78  ip_addr.o(.text)
    ip_reass_tmr                             0x0800c499   Thumb Code    48  ip_frag.o(.text)
    ip_reass                                 0x0800c6df   Thumb Code   482  ip_frag.o(.text)
    ip_frag                                  0x0800c8c1   Thumb Code   336  ip_frag.o(.text)
    vlwIPInit                                0x0800ca1d   Thumb Code    24  lwipentry.o(.text)
    LwIPEntry                                0x0800ca35   Thumb Code   106  lwipentry.o(.text)
    netconn_new_with_proto_and_callback      0x0800caa5   Thumb Code    72  api_lib.o(.text)
    netconn_delete                           0x0800caed   Thumb Code    40  api_lib.o(.text)
    netconn_getaddr                          0x0800cb15   Thumb Code    40  api_lib.o(.text)
    netconn_bind                             0x0800cb3d   Thumb Code    36  api_lib.o(.text)
    netconn_connect                          0x0800cb61   Thumb Code    36  api_lib.o(.text)
    netconn_disconnect                       0x0800cb85   Thumb Code    26  api_lib.o(.text)
    netconn_listen_with_backlog              0x0800cb9f   Thumb Code    28  api_lib.o(.text)
    netconn_accept                           0x0800cbbb   Thumb Code    32  api_lib.o(.text)
    netconn_recv                             0x0800cbdb   Thumb Code   284  api_lib.o(.text)
    netconn_send                             0x0800ccf7   Thumb Code    30  api_lib.o(.text)
    netconn_sendto                           0x0800cd15   Thumb Code    36  api_lib.o(.text)
    netconn_write                            0x0800cd39   Thumb Code    40  api_lib.o(.text)
    netconn_close                            0x0800cd61   Thumb Code    26  api_lib.o(.text)
    netconn_gethostbyname                    0x0800cd7b   Thumb Code    64  api_lib.o(.text)
    netconn_free                             0x0800d217   Thumb Code   114  api_msg.o(.text)
    netconn_alloc                            0x0800d289   Thumb Code   106  api_msg.o(.text)
    do_newconn                               0x0800d3ef   Thumb Code    26  api_msg.o(.text)
    do_delconn                               0x0800d409   Thumb Code   126  api_msg.o(.text)
    do_bind                                  0x0800d487   Thumb Code   114  api_msg.o(.text)
    do_connect                               0x0800d52d   Thumb Code   156  api_msg.o(.text)
    do_disconnect                            0x0800d5c9   Thumb Code    34  api_msg.o(.text)
    do_listen                                0x0800d5eb   Thumb Code   160  api_msg.o(.text)
    do_send                                  0x0800d68b   Thumb Code   144  api_msg.o(.text)
    do_recv                                  0x0800d71b   Thumb Code    50  api_msg.o(.text)
    do_write                                 0x0800d74d   Thumb Code    72  api_msg.o(.text)
    do_getaddr                               0x0800d795   Thumb Code   172  api_msg.o(.text)
    do_close                                 0x0800d841   Thumb Code    48  api_msg.o(.text)
    do_gethostbyname                         0x0800d89d   Thumb Code    40  api_msg.o(.text)
    netbuf_new                               0x0800d8d1   Thumb Code    30  netbuf.o(.text)
    netbuf_delete                            0x0800d8ef   Thumb Code    32  netbuf.o(.text)
    netbuf_alloc                             0x0800d90f   Thumb Code    46  netbuf.o(.text)
    netbuf_free                              0x0800d93d   Thumb Code    22  netbuf.o(.text)
    netbuf_ref                               0x0800d953   Thumb Code    62  netbuf.o(.text)
    netbuf_chain                             0x0800d991   Thumb Code    28  netbuf.o(.text)
    netbuf_data                              0x0800d9ad   Thumb Code    28  netbuf.o(.text)
    netbuf_next                              0x0800d9c9   Thumb Code    34  netbuf.o(.text)
    netbuf_first                             0x0800d9eb   Thumb Code     6  netbuf.o(.text)
    tcp_timer_needed                         0x0800da19   Thumb Code    38  tcpip.o(.text)
    tcpip_input                              0x0800db53   Thumb Code    72  tcpip.o(.text)
    tcpip_callback_with_block                0x0800db9b   Thumb Code    92  tcpip.o(.text)
    tcpip_timeout                            0x0800dbf7   Thumb Code    64  tcpip.o(.text)
    tcpip_untimeout                          0x0800dc37   Thumb Code    56  tcpip.o(.text)
    tcpip_apimsg                             0x0800dc6f   Thumb Code    52  tcpip.o(.text)
    tcpip_init                               0x0800dca3   Thumb Code    44  tcpip.o(.text)
    pbuf_free_callback                       0x0800dcdd   Thumb Code    16  tcpip.o(.text)
    mem_free_callback                        0x0800dced   Thumb Code    16  tcpip.o(.text)
    __aeabi_memcpy                           0x0800dd41   Thumb Code    36  memcpya.o(.text)
    __aeabi_memcpy4                          0x0800dd41   Thumb Code     0  memcpya.o(.text)
    __aeabi_memcpy8                          0x0800dd41   Thumb Code     0  memcpya.o(.text)
    __aeabi_memset                           0x0800dd65   Thumb Code    14  memseta.o(.text)
    __aeabi_memset4                          0x0800dd65   Thumb Code     0  memseta.o(.text)
    __aeabi_memset8                          0x0800dd65   Thumb Code     0  memseta.o(.text)
    __aeabi_memclr                           0x0800dd73   Thumb Code     4  memseta.o(.text)
    __aeabi_memclr4                          0x0800dd73   Thumb Code     0  memseta.o(.text)
    __aeabi_memclr8                          0x0800dd73   Thumb Code     0  memseta.o(.text)
    _memset$wrapper                          0x0800dd77   Thumb Code    18  memseta.o(.text)
    strcat                                   0x0800dd89   Thumb Code    24  strcat.o(.text)
    strlen                                   0x0800dda1   Thumb Code    14  strlen.o(.text)
    strcmp                                   0x0800ddaf   Thumb Code    28  strcmp.o(.text)
    strcpy                                   0x0800ddcb   Thumb Code    18  strcpy.o(.text)
    strncmp                                  0x0800dddd   Thumb Code    30  strncmp.o(.text)
    __0sscanf                                0x0800ddfd   Thumb Code    48  __0sscanf.o(.text)
    _scanf_int                               0x0800de35   Thumb Code   332  _scanf_int.o(.text)
    _scanf_string                            0x0800df81   Thumb Code   218  _scanf_str.o(.text)
    __aeabi_fadd                             0x0800e05b   Thumb Code   164  fadd.o(.text)
    __aeabi_fsub                             0x0800e0ff   Thumb Code     6  fadd.o(.text)
    __aeabi_frsub                            0x0800e105   Thumb Code     6  fadd.o(.text)
    __aeabi_fmul                             0x0800e10b   Thumb Code   100  fmul.o(.text)
    __aeabi_dadd                             0x0800e16f   Thumb Code   322  dadd.o(.text)
    __aeabi_dsub                             0x0800e2b1   Thumb Code     6  dadd.o(.text)
    __aeabi_drsub                            0x0800e2b7   Thumb Code     6  dadd.o(.text)
    __aeabi_ddiv                             0x0800e2bd   Thumb Code   222  ddiv.o(.text)
    __aeabi_ui2f                             0x0800e39b   Thumb Code    10  ffltui.o(.text)
    __aeabi_f2uiz                            0x0800e3a5   Thumb Code    40  ffixui.o(.text)
    __aeabi_f2d                              0x0800e3cd   Thumb Code    38  f2d.o(.text)
    __aeabi_d2f                              0x0800e3f3   Thumb Code    56  d2f.o(.text)
    __aeabi_uidiv                            0x0800e42b   Thumb Code     0  uidiv.o(.text)
    __aeabi_uidivmod                         0x0800e42b   Thumb Code    44  uidiv.o(.text)
    __aeabi_uldivmod                         0x0800e457   Thumb Code    98  uldiv.o(.text)
    __aeabi_llsl                             0x0800e4b9   Thumb Code    30  llshl.o(.text)
    _ll_shift_l                              0x0800e4b9   Thumb Code     0  llshl.o(.text)
    __aeabi_lasr                             0x0800e4d7   Thumb Code    36  llsshr.o(.text)
    _ll_sshift_r                             0x0800e4d7   Thumb Code     0  llsshr.o(.text)
    _chval                                   0x0800e4fb   Thumb Code    28  _chval.o(.text)
    __vfscanf_char                           0x0800e525   Thumb Code    20  scanf_char.o(.text)
    _sgetc                                   0x0800e541   Thumb Code    30  _sgetc.o(.text)
    _sbackspace                              0x0800e55f   Thumb Code    34  _sgetc.o(.text)
    __I$use$fp                               0x0800e581   Thumb Code     0  iusefp.o(.text)
    _float_round                             0x0800e581   Thumb Code    18  fepilogue.o(.text)
    _float_epilogue                          0x0800e593   Thumb Code    92  fepilogue.o(.text)
    _double_round                            0x0800e5ef   Thumb Code    26  depilogue.o(.text)
    _double_epilogue                         0x0800e609   Thumb Code   156  depilogue.o(.text)
    __aeabi_dmul                             0x0800e6a5   Thumb Code   228  dmul.o(.text)
    __aeabi_d2ulz                            0x0800e789   Thumb Code    48  dfixul.o(.text)
    __aeabi_cdrcmple                         0x0800e7b9   Thumb Code    38  cdrcmple.o(.text)
    __scatterload                            0x0800e7e1   Thumb Code    28  init.o(.text)
    __scatterload_rt2                        0x0800e7e1   Thumb Code     0  init.o(.text)
    __aeabi_llsr                             0x0800e805   Thumb Code    32  llushr.o(.text)
    _ll_ushift_r                             0x0800e805   Thumb Code     0  llushr.o(.text)
    __rt_ctype_table                         0x0800e825   Thumb Code     4  ctype_o.o(.text)
    isspace                                  0x0800e82d   Thumb Code    18  isspace_o.o(.text)
    __vfscanf                                0x0800e841   Thumb Code   802  _scanf.o(.text)
    __decompress                             0x0800eb69   Thumb Code     0  __dczerorl2.o(.text)
    __decompress1                            0x0800eb69   Thumb Code    86  __dczerorl2.o(.text)
    __0sprintf                               0x0800ebc1   Thumb Code    34  printfa.o(i.__0sprintf)
    __1sprintf                               0x0800ebc1   Thumb Code     0  printfa.o(i.__0sprintf)
    __2sprintf                               0x0800ebc1   Thumb Code     0  printfa.o(i.__0sprintf)
    __c89sprintf                             0x0800ebc1   Thumb Code     0  printfa.o(i.__0sprintf)
    sprintf                                  0x0800ebc1   Thumb Code     0  printfa.o(i.__0sprintf)
    __0vsprintf                              0x0800ebe9   Thumb Code    30  printfa.o(i.__0vsprintf)
    __1vsprintf                              0x0800ebe9   Thumb Code     0  printfa.o(i.__0vsprintf)
    __2vsprintf                              0x0800ebe9   Thumb Code     0  printfa.o(i.__0vsprintf)
    __c89vsprintf                            0x0800ebe9   Thumb Code     0  printfa.o(i.__0vsprintf)
    vsprintf                                 0x0800ebe9   Thumb Code     0  printfa.o(i.__0vsprintf)
    __scatterload_copy                       0x0800ec0d   Thumb Code    14  handlers.o(i.__scatterload_copy)
    __scatterload_null                       0x0800ec1b   Thumb Code     2  handlers.o(i.__scatterload_null)
    __scatterload_zeroinit                   0x0800ec1d   Thumb Code    14  handlers.o(i.__scatterload_zeroinit)
    bsp_74hc595_set_DATA                     0x0800f4c9   Thumb Code    22  app_display.o(i.bsp_74hc595_set_DATA)
    bsp_74hc595_set_OE                       0x0800f4e5   Thumb Code    20  app_display.o(i.bsp_74hc595_set_OE)
    bsp_74hc595_set_SH_CP                    0x0800f4fd   Thumb Code    22  app_display.o(i.bsp_74hc595_set_SH_CP)
    bsp_74hc595_set_ST_CP                    0x0800f519   Thumb Code    22  app_display.o(i.bsp_74hc595_set_ST_CP)
    bsp_set_hv_state                         0x0800f535   Thumb Code    22  cli-commands.o(i.bsp_set_hv_state)
    ethbroadcast                             0x0800f65c   Data           6  etharp.o(.constdata)
    ethzero                                  0x0800f662   Data           6  etharp.o(.constdata)
    tcp_backoff                              0x0800f6a0   Data          13  tcp.o(.constdata)
    tcp_persist_backoff                      0x0800f6ad   Data           7  tcp.o(.constdata)
    ip_addr_any                              0x0800f6b4   Data           4  ip_addr.o(.constdata)
    ip_addr_broadcast                        0x0800f6b8   Data           4  ip_addr.o(.constdata)
    __ctype_table                            0x0800f6bc   Data         129  ctype_o.o(.constdata)
    Region$$Table$$Base                      0x0800fae4   Number         0  anon$$obj.o(Region$$Table)
    Region$$Table$$Limit                     0x0800fb04   Number         0  anon$$obj.o(Region$$Table)
    DHCPfineTimer                            0x20000000   Data           4  netconfig.o(.data)
    DHCPcoarseTimer                          0x20000004   Data           4  netconfig.o(.data)
    hum                                      0x2000002c   Data           4  app_sht10.o(.data)
    temp                                     0x20000030   Data           4  app_sht10.o(.data)
    pxCurrentTCB                             0x20000080   Data           4  tasks.o(.data)
    netif_list                               0x200000fc   Data           4  netif.o(.data)
    netif_default                            0x20000100   Data           4  netif.o(.data)
    tcp_state_str                            0x2000010c   Data          44  tcp.o(.data)
    tcp_ticks                                0x20000138   Data           4  tcp.o(.data)
    tcp_bound_pcbs                           0x2000013c   Data           4  tcp.o(.data)
    tcp_listen_pcbs                          0x20000140   Data           4  tcp.o(.data)
    tcp_active_pcbs                          0x20000144   Data           4  tcp.o(.data)
    tcp_tw_pcbs                              0x20000148   Data           4  tcp.o(.data)
    tcp_tmp_pcb                              0x2000014c   Data           4  tcp.o(.data)
    tcp_input_pcb                            0x20000174   Data           4  tcp_in.o(.data)
    udp_pcbs                                 0x20000178   Data           4  udp.o(.data)
    current_netif                            0x2000017c   Data           4  ip.o(.data)
    current_header                           0x20000180   Data           4  ip.o(.data)
    lwip_stats                               0x20009594   Data         330  stats.o(.bss)
    __initial_sp                             0x2000a2d8   Data           0  cstartup.o(STACK)



==============================================================================

Memory Map of the image

  Image Entry point : 0x080000ed

  Load Region LR_IROM1 (Base: 0x08000000, Size: 0x0000fca4, Max: 0x00040000, ABSOLUTE, COMPRESSED[0x0000fb6c])

    Execution Region ER_IROM1 (Base: 0x08000000, Size: 0x0000fb04, Max: 0x00040000, ABSOLUTE)

    Base Addr    Size         Type   Attr      Idx    E Section Name        Object

    0x08000000   0x000000ec   Data   RO          696    RESET               cstartup.o
    0x080000ec   0x00000000   Code   RO         1919  * .ARM.Collect$$$$00000000  mc_w.l(entry.o)
    0x080000ec   0x00000004   Code   RO         2223    .ARM.Collect$$$$00000001  mc_w.l(entry2.o)
    0x080000f0   0x00000004   Code   RO         2226    .ARM.Collect$$$$00000004  mc_w.l(entry5.o)
    0x080000f4   0x00000000   Code   RO         2228    .ARM.Collect$$$$00000008  mc_w.l(entry7b.o)
    0x080000f4   0x00000000   Code   RO         2230    .ARM.Collect$$$$0000000A  mc_w.l(entry8b.o)
    0x080000f4   0x00000008   Code   RO         2231    .ARM.Collect$$$$0000000B  mc_w.l(entry9a.o)
    0x080000fc   0x00000000   Code   RO         2233    .ARM.Collect$$$$0000000D  mc_w.l(entry10a.o)
    0x080000fc   0x00000000   Code   RO         2235    .ARM.Collect$$$$0000000F  mc_w.l(entry11a.o)
    0x080000fc   0x00000004   Code   RO         2224    .ARM.Collect$$$$00002712  mc_w.l(entry2.o)
    0x08000100   0x00000096   Code   RO          961    .emb_text           port.o
    0x08000196   0x00000002   PAD
    0x08000198   0x00000150   Code   RO            3    .text               main.o
    0x080002e8   0x0000006c   Code   RO          209    .text               app_led.o
    0x08000354   0x00000120   Code   RO          246    .text               netconfig.o
    0x08000474   0x0000023c   Code   RO          323    .text               app_serial.o
    0x080006b0   0x00000294   Code   RO          370    .text               app_display.o
    0x08000944   0x00000250   Code   RO          435    .text               app_sht10.o
    0x08000b94   0x000006a8   Code   RO          474    .text               app_ds3231.o
    0x0800123c   0x00000040   Code   RO          500    .text               app_buz.o
    0x0800127c   0x00000228   Code   RO          521    .text               cli_api.o
    0x080014a4   0x000004ec   Code   RO          550    .text               cli-commands.o
    0x08001990   0x00000190   Code   RO          606    .text               uart_console.o
    0x08001b20   0x00000298   Code   RO          631    .text               bsp.o
    0x08001db8   0x000004d4   Code   RO          651    .text               dm9000x.o
    0x0800228c   0x000006bc   Code   RO          674    .text               i2c_bus.o
    0x08002948   0x0000001c   Code   RO          697    .text               cstartup.o
    0x08002964   0x0000035c   Code   RO          703    .text               stm32f10x_gpio.o
    0x08002cc0   0x000003a4   Code   RO          723    .text               stm32f10x_rcc.o
    0x08003064   0x000000dc   Code   RO          771    .text               misc.o
    0x08003140   0x00000408   Code   RO          791    .text               stm32f10x_usart.o
    0x08003548   0x0000011c   Code   RO          811    .text               stm32f10x_exti.o
    0x08003664   0x00000e1a   Code   RO          831    .text               stm32f10x_tim.o
    0x0800447e   0x00000094   Code   RO          897    .text               list.o
    0x08004512   0x00000002   PAD
    0x08004514   0x00000724   Code   RO          909    .text               queue.o
    0x08004c38   0x00001328   Code   RO          924    .text               tasks.o
    0x08005f60   0x000000e4   Code   RO          962    .text               port.o
    0x08006044   0x00000124   Code   RO          991    .text               heap_2.o
    0x08006168   0x00000134   Code   RO         1008    .text               ethernetif.o
    0x0800629c   0x000002ec   Code   RO         1046    .text               sys_arch.o
    0x08006588   0x00000994   Code   RO         1092    .text               etharp.o
    0x08006f1c   0x000005a4   Code   RO         1178    .text               dns.o
    0x080074c0   0x00000426   Code   RO         1230    .text               mem.o
    0x080078e6   0x00000002   PAD
    0x080078e8   0x0000017c   Code   RO         1248    .text               memp.o
    0x08007a64   0x00000204   Code   RO         1281    .text               netif.o
    0x08007c68   0x00000536   Code   RO         1303    .text               pbuf.o
    0x0800819e   0x00000002   PAD
    0x080081a0   0x0000019c   Code   RO         1329    .text               raw.o
    0x0800833c   0x0000024c   Code   RO         1355    .text               sys.o
    0x08008588   0x00000c08   Code   RO         1376    .text               tcp.o
    0x08009190   0x0000174c   Code   RO         1397    .text               tcp_in.o
    0x0800a8dc   0x00000afc   Code   RO         1420    .text               tcp_out.o
    0x0800b3d8   0x000004cc   Code   RO         1432    .text               udp.o
    0x0800b8a4   0x000002ac   Code   RO         1450    .text               icmp.o
    0x0800bb50   0x0000021c   Code   RO         1468    .text               inet.o
    0x0800bd6c   0x00000156   Code   RO         1481    .text               inet_chksum.o
    0x0800bec2   0x00000002   PAD
    0x0800bec4   0x000004f0   Code   RO         1497    .text               ip.o
    0x0800c3b4   0x0000004e   Code   RO         1518    .text               ip_addr.o
    0x0800c402   0x00000002   PAD
    0x0800c404   0x00000618   Code   RO         1540    .text               ip_frag.o
    0x0800ca1c   0x00000088   Code   RO         1557    .text               lwipentry.o
    0x0800caa4   0x00000348   Code   RO         1640    .text               api_lib.o
    0x0800cdec   0x00000ae4   Code   RO         1687    .text               api_msg.o
    0x0800d8d0   0x00000120   Code   RO         1748    .text               netbuf.o
    0x0800d9f0   0x00000350   Code   RO         1862    .text               tcpip.o
    0x0800dd40   0x00000024   Code   RO         1922    .text               mc_w.l(memcpya.o)
    0x0800dd64   0x00000024   Code   RO         1924    .text               mc_w.l(memseta.o)
    0x0800dd88   0x00000018   Code   RO         1926    .text               mc_w.l(strcat.o)
    0x0800dda0   0x0000000e   Code   RO         1928    .text               mc_w.l(strlen.o)
    0x0800ddae   0x0000001c   Code   RO         1930    .text               mc_w.l(strcmp.o)
    0x0800ddca   0x00000012   Code   RO         1932    .text               mc_w.l(strcpy.o)
    0x0800dddc   0x0000001e   Code   RO         1934    .text               mc_w.l(strncmp.o)
    0x0800ddfa   0x00000002   PAD
    0x0800ddfc   0x00000038   Code   RO         2199    .text               mc_w.l(__0sscanf.o)
    0x0800de34   0x0000014c   Code   RO         2201    .text               mc_w.l(_scanf_int.o)
    0x0800df80   0x000000da   Code   RO         2203    .text               mc_w.l(_scanf_str.o)
    0x0800e05a   0x000000b0   Code   RO         2207    .text               mf_w.l(fadd.o)
    0x0800e10a   0x00000064   Code   RO         2209    .text               mf_w.l(fmul.o)
    0x0800e16e   0x0000014e   Code   RO         2211    .text               mf_w.l(dadd.o)
    0x0800e2bc   0x000000de   Code   RO         2213    .text               mf_w.l(ddiv.o)
    0x0800e39a   0x0000000a   Code   RO         2215    .text               mf_w.l(ffltui.o)
    0x0800e3a4   0x00000028   Code   RO         2217    .text               mf_w.l(ffixui.o)
    0x0800e3cc   0x00000026   Code   RO         2219    .text               mf_w.l(f2d.o)
    0x0800e3f2   0x00000038   Code   RO         2221    .text               mf_w.l(d2f.o)
    0x0800e42a   0x0000002c   Code   RO         2240    .text               mc_w.l(uidiv.o)
    0x0800e456   0x00000062   Code   RO         2242    .text               mc_w.l(uldiv.o)
    0x0800e4b8   0x0000001e   Code   RO         2244    .text               mc_w.l(llshl.o)
    0x0800e4d6   0x00000024   Code   RO         2246    .text               mc_w.l(llsshr.o)
    0x0800e4fa   0x0000001c   Code   RO         2255    .text               mc_w.l(_chval.o)
    0x0800e516   0x00000002   PAD
    0x0800e518   0x00000028   Code   RO         2257    .text               mc_w.l(scanf_char.o)
    0x0800e540   0x00000040   Code   RO         2259    .text               mc_w.l(_sgetc.o)
    0x0800e580   0x00000000   Code   RO         2263    .text               mc_w.l(iusefp.o)
    0x0800e580   0x0000006e   Code   RO         2264    .text               mf_w.l(fepilogue.o)
    0x0800e5ee   0x000000b6   Code   RO         2266    .text               mf_w.l(depilogue.o)
    0x0800e6a4   0x000000e4   Code   RO         2268    .text               mf_w.l(dmul.o)
    0x0800e788   0x00000030   Code   RO         2270    .text               mf_w.l(dfixul.o)
    0x0800e7b8   0x00000028   Code   RO         2272    .text               mf_w.l(cdrcmple.o)
    0x0800e7e0   0x00000024   Code   RO         2274    .text               mc_w.l(init.o)
    0x0800e804   0x00000020   Code   RO         2277    .text               mc_w.l(llushr.o)
    0x0800e824   0x00000008   Code   RO         2281    .text               mc_w.l(ctype_o.o)
    0x0800e82c   0x00000012   Code   RO         2303    .text               mc_w.l(isspace_o.o)
    0x0800e83e   0x00000002   PAD
    0x0800e840   0x00000328   Code   RO         2309    .text               mc_w.l(_scanf.o)
    0x0800eb68   0x00000056   Code   RO         2325    .text               mc_w.l(__dczerorl2.o)
    0x0800ebbe   0x00000002   PAD
    0x0800ebc0   0x00000028   Code   RO         2173    i.__0sprintf        mc_w.l(printfa.o)
    0x0800ebe8   0x00000024   Code   RO         2177    i.__0vsprintf       mc_w.l(printfa.o)
    0x0800ec0c   0x0000000e   Code   RO         2319    i.__scatterload_copy  mc_w.l(handlers.o)
    0x0800ec1a   0x00000002   Code   RO         2320    i.__scatterload_null  mc_w.l(handlers.o)
    0x0800ec1c   0x0000000e   Code   RO         2321    i.__scatterload_zeroinit  mc_w.l(handlers.o)
    0x0800ec2a   0x00000002   PAD
    0x0800ec2c   0x00000164   Code   RO         2178    i._fp_digits        mc_w.l(printfa.o)
    0x0800ed90   0x000006dc   Code   RO         2179    i._printf_core      mc_w.l(printfa.o)
    0x0800f46c   0x00000024   Code   RO         2180    i._printf_post_padding  mc_w.l(printfa.o)
    0x0800f490   0x0000002e   Code   RO         2181    i._printf_pre_padding  mc_w.l(printfa.o)
    0x0800f4be   0x0000000a   Code   RO         2183    i._sputc            mc_w.l(printfa.o)
    0x0800f4c8   0x0000001c   Code   RO          403    i.bsp_74hc595_set_DATA  app_display.o
    0x0800f4e4   0x00000018   Code   RO          388    i.bsp_74hc595_set_OE  app_display.o
    0x0800f4fc   0x0000001c   Code   RO          398    i.bsp_74hc595_set_SH_CP  app_display.o
    0x0800f518   0x0000001c   Code   RO          393    i.bsp_74hc595_set_ST_CP  app_display.o
    0x0800f534   0x0000001c   Code   RO          569    i.bsp_set_hv_state  cli-commands.o
    0x0800f550   0x00000006   Data   RO          210    .constdata          app_led.o
    0x0800f556   0x00000002   PAD
    0x0800f558   0x00000008   Data   RO          371    .constdata          app_display.o
    0x0800f560   0x0000000c   Data   RO          475    .constdata          app_ds3231.o
    0x0800f56c   0x00000056   Data   RO          523    .constdata          cli_api.o
    0x0800f5c2   0x00000002   PAD
    0x0800f5c4   0x00000090   Data   RO          551    .constdata          cli-commands.o
    0x0800f654   0x00000008   Data   RO          608    .constdata          uart_console.o
    0x0800f65c   0x0000000c   Data   RO         1094    .constdata          etharp.o
    0x0800f668   0x00000038   Data   RO         1250    .constdata          memp.o
    0x0800f6a0   0x00000014   Data   RO         1377    .constdata          tcp.o
    0x0800f6b4   0x00000008   Data   RO         1519    .constdata          ip_addr.o
    0x0800f6bc   0x00000081   Data   RO         2282    .constdata          mc_w.l(ctype_o.o)
    0x0800f73d   0x00000003   PAD
    0x0800f740   0x00000004   Data   RO         2283    .constdata          mc_w.l(ctype_o.o)
    0x0800f744   0x0000002d   Data   RO          524    .conststring        cli_api.o
    0x0800f771   0x00000003   PAD
    0x0800f774   0x00000270   Data   RO          552    .conststring        cli-commands.o
    0x0800f9e4   0x0000000f   Data   RO          609    .conststring        uart_console.o
    0x0800f9f3   0x00000001   PAD
    0x0800f9f4   0x00000075   Data   RO         1378    .conststring        tcp.o
    0x0800fa69   0x00000003   PAD
    0x0800fa6c   0x00000078   Data   RO         1558    .conststring        lwipentry.o
    0x0800fae4   0x00000020   Data   RO         2317    Region$$Table       anon$$obj.o


    Execution Region RW_IRAM1 (Base: 0x20000000, Size: 0x0000a2d8, Max: 0x0000c000, ABSOLUTE, COMPRESSED[0x00000068])

    Base Addr    Size         Type   Attr      Idx    E Section Name        Object

    0x20000000   0x0000001a   Data   RW          248    .data               netconfig.o
    0x2000001a   0x00000002   PAD
    0x2000001c   0x0000000c   Data   RW          324    .data               app_serial.o
    0x20000028   0x00000001   Data   RW          372    .data               app_display.o
    0x20000029   0x00000003   PAD
    0x2000002c   0x00000008   Data   RW          436    .data               app_sht10.o
    0x20000034   0x00000004   Data   RW          476    .data               app_ds3231.o
    0x20000038   0x00000010   Data   RW          525    .data               cli_api.o
    0x20000048   0x0000001c   Data   RW          553    .data               cli-commands.o
    0x20000064   0x00000008   Data   RW          610    .data               uart_console.o
    0x2000006c   0x00000014   Data   RW          724    .data               stm32f10x_rcc.o
    0x20000080   0x0000003c   Data   RW          926    .data               tasks.o
    0x200000bc   0x00000004   Data   RW          963    .data               port.o
    0x200000c0   0x00000018   Data   RW          993    .data               heap_2.o
    0x200000d8   0x00000002   Data   RW         1048    .data               sys_arch.o
    0x200000da   0x00000001   Data   RW         1095    .data               etharp.o
    0x200000db   0x00000001   PAD
    0x200000dc   0x0000000d   Data   RW         1180    .data               dns.o
    0x200000e9   0x00000003   PAD
    0x200000ec   0x00000010   Data   RW         1232    .data               mem.o
    0x200000fc   0x00000009   Data   RW         1282    .data               netif.o
    0x20000105   0x00000001   Data   RW         1304    .data               pbuf.o
    0x20000106   0x00000002   PAD
    0x20000108   0x00000004   Data   RW         1330    .data               raw.o
    0x2000010c   0x0000004c   Data   RW         1379    .data               tcp.o
    0x20000158   0x00000020   Data   RW         1399    .data               tcp_in.o
    0x20000178   0x00000004   Data   RW         1433    .data               udp.o
    0x2000017c   0x0000000a   Data   RW         1498    .data               ip.o
    0x20000186   0x00000002   PAD
    0x20000188   0x00000006   Data   RW         1542    .data               ip_frag.o
    0x2000018e   0x00000002   PAD
    0x20000190   0x00000010   Data   RW         1863    .data               tcpip.o
    0x200001a0   0x00000028   Zero   RW            4    .bss                main.o
    0x200001c8   0x00000030   Zero   RW          247    .bss                netconfig.o
    0x200001f8   0x00000100   Zero   RW          522    .bss                cli_api.o
    0x200002f8   0x00000200   Zero   RW          607    .bss                uart_console.o
    0x200004f8   0x00000030   Zero   RW          675    .bss                i2c_bus.o
    0x20000528   0x0000012c   Zero   RW          925    .bss                tasks.o
    0x20000654   0x00004400   Zero   RW          992    .bss                heap_2.o
    0x20004a54   0x00000bd8   Zero   RW         1009    .bss                ethernetif.o
    0x2000562c   0x00000028   Zero   RW         1047    .bss                sys_arch.o
    0x20005654   0x000000c8   Zero   RW         1093    .bss                etharp.o
    0x2000571c   0x00000660   Zero   RW         1179    .bss                dns.o
    0x20005d7c   0x000007e4   Zero   RW         1231    .bss                mem.o
    0x20006560   0x00003033   Zero   RW         1249    .bss                memp.o
    0x20009593   0x00000001   PAD
    0x20009594   0x0000014a   Zero   RW         1343    .bss                stats.o
    0x200096de   0x00000002   PAD
    0x200096e0   0x00000014   Zero   RW         1398    .bss                tcp_in.o
    0x200096f4   0x00000010   Zero   RW         1469    .bss                inet.o
    0x20009704   0x000007d4   Zero   RW         1541    .bss                ip_frag.o
    0x20009ed8   0x00000400   Zero   RW          694    STACK               cstartup.o


==============================================================================

Image component sizes


      Code (inc. data)   RO Data    RW Data    ZI Data      Debug   Object Name

       840         50          0          0          0      19572   api_lib.o
      2788         38          0          0          0      26003   api_msg.o
        64          4          0          0          0      21227   app_buz.o
       768         42          8          1          0       8054   app_display.o
      1704         16         12          4          0       6953   app_ds3231.o
       108          8          6          0          0       1586   app_led.o
       572         24          0         12          0       9022   app_serial.o
       592         46          0          8          0       3381   app_sht10.o
       664         22          0          0          0       1839   bsp.o
      1288        480        768         28          0      29696   cli-commands.o
       552         50        131         16        256       5375   cli_api.o
        28          4        236          0       1024        784   cstartup.o
      1236         82          0          0          0       4570   dm9000x.o
      1444         58          0         13       1632       6133   dns.o
      2452         38         12          1        200      17585   etharp.o
       308         26          0          0       3032       5189   ethernetif.o
         0          0          0          0          0       9524   event_groups.o
       292         20          0         24      17408       3132   heap_2.o
      1724         18          0          0         48       4937   i2c_bus.o
       684          6          0          0          0       2526   icmp.o
       540         12          0          0         16       3132   inet.o
       342          0          0          0          0       5158   inet_chksum.o
         0          0          0          0          0        664   init.o
      1264         28          0         10          0       6222   ip.o
        78          0          8          0          0       5413   ip_addr.o
      1560         24          0          6       2004       5788   ip_frag.o
       148          0          0          0          0       1806   list.o
       136          6        120          0          0      18441   lwipentry.o
       336        130          0          0         40     256636   main.o
      1062         24          0         16       2020       3818   mem.o
       380         20         56          0      12339       3014   memp.o
       220         22          0          0          0       1753   misc.o
       288          0          0          0          0       6413   netbuf.o
       288         30          0         26         48      15210   netconfig.o
       516         22          0          9          0       5236   netif.o
      1334         12          0          1          0       6092   pbuf.o
       378         28          0          4          0       6980   port.o
      1828         10          0          0          0      11195   queue.o
       412          4          0          4          0       3313   raw.o
         0          0          0          0        330       3317   stats.o
       284         10          0          0          0       2183   stm32f10x_exti.o
       860         38          0          0          0       5593   stm32f10x_gpio.o
       932         36          0         20          0       8748   stm32f10x_rcc.o
      3610         88          0          0          0      22080   stm32f10x_tim.o
      1032         22          0          0          0       8320   stm32f10x_usart.o
       588          4          0          0          0       3232   sys.o
       748         12          0          2         40       8686   sys_arch.o
      4904        302          0         60        300      29563   tasks.o
      3080        120        137         76          0      18069   tcp.o
      5964        248          0         32         20      14168   tcp_in.o
      2812         26          0          0          0       6886   tcp_out.o
       848         74          0         16          0      20856   tcpip.o
       400         32         23          8        512       1577   uart_console.o
      1228         16          0          4          0       6233   udp.o

    ----------------------------------------------------------------------
     56520       2432       1560        416      41272     712883   Object Totals
         0          0         32          0          0          0   (incl. Generated)
        12          0         11         15          3          0   (incl. Padding)

    ----------------------------------------------------------------------

      Code (inc. data)   RO Data    RW Data    ZI Data      Debug   Library Member Name

        56          8          0          0          0         84   __0sscanf.o
        86          0          0          0          0          0   __dczerorl2.o
        28          0          0          0          0         68   _chval.o
       808          6          0          0          0        112   _scanf.o
       332          0          0          0          0         96   _scanf_int.o
       218          0          0          0          0         96   _scanf_str.o
        64          0          0          0          0         84   _sgetc.o
         8          4        133          0          0         68   ctype_o.o
         0          0          0          0          0          0   entry.o
         0          0          0          0          0          0   entry10a.o
         0          0          0          0          0          0   entry11a.o
         8          4          0          0          0          0   entry2.o
         4          0          0          0          0          0   entry5.o
         0          0          0          0          0          0   entry7b.o
         0          0          0          0          0          0   entry8b.o
         8          4          0          0          0          0   entry9a.o
        30          0          0          0          0          0   handlers.o
        36          8          0          0          0         68   init.o
        18          0          0          0          0         76   isspace_o.o
         0          0          0          0          0          0   iusefp.o
        30          0          0          0          0         68   llshl.o
        36          0          0          0          0         68   llsshr.o
        32          0          0          0          0         68   llushr.o
        36          0          0          0          0         68   memcpya.o
        36          0          0          0          0        108   memseta.o
      2280         92          0          0          0        592   printfa.o
        40          8          0          0          0         84   scanf_char.o
        24          0          0          0          0         68   strcat.o
        28          0          0          0          0         76   strcmp.o
        18          0          0          0          0         68   strcpy.o
        14          0          0          0          0         68   strlen.o
        30          0          0          0          0         80   strncmp.o
        44          0          0          0          0         80   uidiv.o
        98          0          0          0          0         92   uldiv.o
        40          2          0          0          0         68   cdrcmple.o
        56          0          0          0          0         88   d2f.o
       334          0          0          0          0        148   dadd.o
       222          0          0          0          0        100   ddiv.o
       182          0          0          0          0        176   depilogue.o
        48          0          0          0          0         68   dfixul.o
       228          0          0          0          0         96   dmul.o
        38          0          0          0          0         68   f2d.o
       176          0          0          0          0        140   fadd.o
       110          0          0          0          0        168   fepilogue.o
        40          0          0          0          0         68   ffixui.o
        10          0          0          0          0         68   ffltui.o
       100          0          0          0          0         76   fmul.o

    ----------------------------------------------------------------------
      6044        136        136          0          0       3672   Library Totals
        10          0          3          0          0          0   (incl. Padding)

    ----------------------------------------------------------------------

      Code (inc. data)   RO Data    RW Data    ZI Data      Debug   Library Name

      4450        134        133          0          0       2340   mc_w.l
      1584          2          0          0          0       1332   mf_w.l

    ----------------------------------------------------------------------
      6044        136        136          0          0       3672   Library Totals

    ----------------------------------------------------------------------

==============================================================================


      Code (inc. data)   RO Data    RW Data    ZI Data      Debug   

     62564       2568       1696        416      41272     710131   Grand Totals
     62564       2568       1696        104      41272     710131   ELF Image Totals (compressed)
     62564       2568       1696        104          0          0   ROM Totals

==============================================================================

    Total RO  Size (Code + RO Data)                64260 (  62.75kB)
    Total RW  Size (RW Data + ZI Data)             41688 (  40.71kB)
    Total ROM Size (Code + RO Data + RW Data)      64364 (  62.86kB)

==============================================================================

