Product: MDK-ARM Standard 5.10
Component: ARM Compiler 5.04 update 1 (build 49)
Tool: armlink [5040049]

==============================================================================

Section Cross References

    main.o(.text) refers to bsp.o(.text) for bsp_init
    main.o(.text) refers to lwipentry.o(.text) for vlwIPInit
    main.o(.text) refers to netconfig.o(.text) for LwIP_Init
    main.o(.text) refers to sys_arch.o(.text) for sys_thread_new
    main.o(.text) refers to tasks.o(.text) for xTaskCreate
    main.o(.text) refers to app_led.o(.text) for app_led_task_blink
    app_led.o(.text) refers to stm32f10x_rcc.o(.text) for RCC_APB2PeriphClockCmd
    app_led.o(.text) refers to stm32f10x_gpio.o(.text) for GPIO_Init
    app_led.o(.text) refers to tasks.o(.text) for xTaskGetTickCount
    app_led.o(.text) refers to app_serial.o(.text) for dbg_string
    app_led.o(.text) refers to app_led.o(.constdata) for .constdata
    netconfig.o(.text) refers to inet.o(.text) for htonl
    netconfig.o(.text) refers to netif.o(.text) for netif_add
    netconfig.o(.text) refers to netconfig.o(.data) for .data
    netconfig.o(.text) refers to netconfig.o(.bss) for .bss
    netconfig.o(.text) refers to tcpip.o(.text) for tcpip_input
    netconfig.o(.text) refers to ethernetif.o(.text) for ethernetif_init
    app_serial.o(.text) refers to tasks.o(.text) for vTaskDelay
    app_serial.o(.text) refers to printfa.o(i.__0vsprintf) for __c89vsprintf
    app_serial.o(.text) refers to queue.o(.text) for xQueueGenericCreate
    app_serial.o(.text) refers to stm32f10x_rcc.o(.text) for RCC_APB2PeriphClockCmd
    app_serial.o(.text) refers to stm32f10x_gpio.o(.text) for GPIO_Init
    app_serial.o(.text) refers to stm32f10x_usart.o(.text) for USART_Init
    app_serial.o(.text) refers to misc.o(.text) for NVIC_Init
    app_serial.o(.text) refers to app_serial.o(.data) for .data
    bsp.o(.text) refers to app_serial.o(.text) for serial_init
    bsp.o(.text) refers to app_led.o(.text) for app_led_init
    bsp.o(.text) refers to stm32f10x_rcc.o(.text) for RCC_DeInit
    bsp.o(.text) refers to misc.o(.text) for NVIC_SetVectorTable
    dm9000x.o(.text) refers to stm32f10x_rcc.o(.text) for RCC_APB2PeriphClockCmd
    dm9000x.o(.text) refers to stm32f10x_gpio.o(.text) for GPIO_PinRemapConfig
    i2c_bus.o(.text) refers to stm32f10x_rcc.o(.text) for RCC_APB2PeriphClockCmd
    i2c_bus.o(.text) refers to stm32f10x_gpio.o(.text) for GPIO_Init
    i2c_bus.o(.text) refers to i2c_bus.o(.bss) for .bss
    cstartup.o(RESET) refers to cstartup.o(STACK) for __initial_sp
    cstartup.o(RESET) refers to cstartup.o(.text) for Reset_Handler
    cstartup.o(RESET) refers to port.o(.emb_text) for vPortSVCHandler
    cstartup.o(RESET) refers to port.o(.text) for xPortSysTickHandler
    cstartup.o(RESET) refers to app_serial.o(.text) for USART1_IRQHandler
    cstartup.o(.text) refers to entry.o(.ARM.Collect$$$$00000000) for __main
    stm32f10x_gpio.o(.text) refers to stm32f10x_rcc.o(.text) for RCC_APB2PeriphResetCmd
    stm32f10x_rcc.o(.text) refers to stm32f10x_rcc.o(.data) for .data
    system_stm32f10x.o(.text) refers to system_stm32f10x.o(.data) for .data
    stm32f10x_usart.o(.text) refers to stm32f10x_rcc.o(.text) for RCC_APB2PeriphResetCmd
    event_groups.o(.text) refers to heap_2.o(.text) for pvPortMalloc
    event_groups.o(.text) refers to list.o(.text) for vListInitialise
    event_groups.o(.text) refers to tasks.o(.text) for vTaskSuspendAll
    event_groups.o(.text) refers to port.o(.text) for vPortEnterCritical
    queue.o(.text) refers to port.o(.text) for vPortEnterCritical
    queue.o(.text) refers to list.o(.text) for vListInitialise
    queue.o(.text) refers to tasks.o(.text) for xTaskRemoveFromEventList
    queue.o(.text) refers to heap_2.o(.text) for pvPortMalloc
    queue.o(.text) refers to memcpya.o(.text) for __aeabi_memcpy
    tasks.o(.text) refers to port.o(.text) for vPortEnterCritical
    tasks.o(.text) refers to list.o(.text) for vListInitialise
    tasks.o(.text) refers to heap_2.o(.text) for pvPortMalloc
    tasks.o(.text) refers to tasks.o(.data) for .data
    tasks.o(.text) refers to tasks.o(.bss) for .bss
    tasks.o(.text) refers to memseta.o(.text) for __aeabi_memset
    port.o(.emb_text) refers to tasks.o(.text) for vTaskSwitchContext
    port.o(.emb_text) refers to tasks.o(.data) for pxCurrentTCB
    port.o(.text) refers to port.o(.emb_text) for __asm___6_port_c_39a90d8d__prvStartFirstTask
    port.o(.text) refers to tasks.o(.text) for xTaskIncrementTick
    port.o(.text) refers to port.o(.data) for .data
    heap_2.o(.text) refers to tasks.o(.text) for vTaskSuspendAll
    heap_2.o(.text) refers to heap_2.o(.data) for .data
    heap_2.o(.text) refers to heap_2.o(.bss) for .bss
    ethernetif.o(.text) refers to dm9000x.o(.text) for dm9000x_receivepacket
    ethernetif.o(.text) refers to pbuf.o(.text) for pbuf_alloc
    ethernetif.o(.text) refers to memcpya.o(.text) for __aeabi_memcpy
[...]
    ..\\APP\\app_led.c                       0x00000000   Number         0  app_led.o ABSOLUTE
    ..\\APP\\app_serial.c                    0x00000000   Number         0  app_serial.o ABSOLUTE
    ..\\APP\\main.c                          0x00000000   Number         0  main.o ABSOLUTE
    ..\\APP\\netconfig.c                     0x00000000   Number         0  netconfig.o ABSOLUTE
    ..\\BSP\\bsp.c                           0x00000000   Number         0  bsp.o ABSOLUTE
    ..\\BSP\\dm9000x.c                       0x00000000   Number         0  dm9000x.o ABSOLUTE
    ..\\BSP\\i2c_bus.c                       0x00000000   Number         0  i2c_bus.o ABSOLUTE
    ..\\FreeRTOS\\portable\\RVDS\\ARM_CM3\\port.c 0x00000000   Number         0  port.o ABSOLUTE
    ..\\Lwip-1.3.2\\src\\LwIPEntry\\LwIPEntry.c 0x00000000   Number         0  lwipentry.o ABSOLUTE
    ..\\Lwip-1.3.2\\src\\netif\\ethernetif.c 0x00000000   Number         0  ethernetif.o ABSOLUTE
    ..\\STMLIB\\src\\misc.c                  0x00000000   Number         0  misc.o ABSOLUTE
    ..\\STMLIB\\src\\stm32f10x_exti.c        0x00000000   Number         0  stm32f10x_exti.o ABSOLUTE
    ..\\STMLIB\\src\\stm32f10x_gpio.c        0x00000000   Number         0  stm32f10x_gpio.o ABSOLUTE
    ..\\STMLIB\\src\\stm32f10x_rcc.c         0x00000000   Number         0  stm32f10x_rcc.o ABSOLUTE
    ..\\STMLIB\\src\\stm32f10x_usart.c       0x00000000   Number         0  stm32f10x_usart.o ABSOLUTE
    ..\\STMLIB\\src\\system_stm32f10x.c      0x00000000   Number         0  system_stm32f10x.o ABSOLUTE
    cdrcmple.s                               0x00000000   Number         0  cdrcmple.o ABSOLUTE
    dc.s                                     0x00000000   Number         0  dc.o ABSOLUTE
    handlers.s                               0x00000000   Number         0  handlers.o ABSOLUTE
    init.s                                   0x00000000   Number         0  init.o ABSOLUTE
    RESET                                    0x08000000   Section      236  cstartup.o(RESET)
    .ARM.Collect$$$$00000000                 0x080000ec   Section        0  entry.o(.ARM.Collect$$$$00000000)
    .ARM.Collect$$$$00000001                 0x080000ec   Section        4  entry2.o(.ARM.Collect$$$$00000001)
    .ARM.Collect$$$$00000004                 0x080000f0   Section        4  entry5.o(.ARM.Collect$$$$00000004)
    .ARM.Collect$$$$00000008                 0x080000f4   Section        0  entry7b.o(.ARM.Collect$$$$00000008)
    .ARM.Collect$$$$0000000A                 0x080000f4   Section        0  entry8b.o(.ARM.Collect$$$$0000000A)
    .ARM.Collect$$$$0000000B                 0x080000f4   Section        8  entry9a.o(.ARM.Collect$$$$0000000B)
    .ARM.Collect$$$$0000000D                 0x080000fc   Section        0  entry10a.o(.ARM.Collect$$$$0000000D)
    .ARM.Collect$$$$0000000F                 0x080000fc   Section        0  entry11a.o(.ARM.Collect$$$$0000000F)
    .ARM.Collect$$$$00002712                 0x080000fc   Section        4  entry2.o(.ARM.Collect$$$$00002712)
    __lit__00000000                          0x080000fc   Data           4  entry2.o(.ARM.Collect$$$$00002712)
    .emb_text                                0x08000100   Section      150  port.o(.emb_text)
    .text                                    0x08000198   Section        0  main.o(.text)
    .text                                    0x080001e8   Section        0  app_led.o(.text)
    .text                                    0x0800027c   Section        0  netconfig.o(.text)
    .text                                    0x08000348   Section        0  app_serial.o(.text)
    vComTxTask                               0x08000349   Thumb Code    60  app_serial.o(.text)
    xSerialPutChar                           0x080004ef   Thumb Code    40  app_serial.o(.text)
    .text                                    0x08000534   Section        0  bsp.o(.text)
    prvSetupHardware                         0x0800054b   Thumb Code   118  bsp.o(.text)
    .text                                    0x080005c4   Section        0  dm9000x.o(.text)
    dm9000_out_byte                          0x0800064d   Thumb Code   106  dm9000x.o(.text)
    ior                                      0x080006b7   Thumb Code    92  dm9000x.o(.text)
    iow                                      0x08000965   Thumb Code    20  dm9000x.o(.text)
    .text                                    0x0800098c   Section       28  cstartup.o(.text)
    .text                                    0x080009a8   Section        0  stm32f10x_gpio.o(.text)
    .text                                    0x08000c0c   Section        0  stm32f10x_rcc.o(.text)
    .text                                    0x08000ec4   Section        0  misc.o(.text)
    .text                                    0x08000f74   Section        0  stm32f10x_usart.o(.text)
    .text                                    0x0800129c   Section        0  list.o(.text)
    .text                                    0x08001324   Section        0  queue.o(.text)
    prvUnlockQueue                           0x080013d5   Thumb Code   106  queue.o(.text)
    prvCopyDataToQueue                       0x0800143f   Thumb Code    88  queue.o(.text)
    prvCopyDataFromQueue                     0x0800164b   Thumb Code    38  queue.o(.text)
    prvIsQueueEmpty                          0x0800185d   Thumb Code    26  queue.o(.text)
    .text                                    0x08001878   Section        0  tasks.o(.text)
    prvAddNewTaskToReadyList                 0x08001879   Thumb Code   194  tasks.o(.text)
    prvAddCurrentTaskToDelayedList           0x08001b6f   Thumb Code   102  tasks.o(.text)
    prvIdleTask                              0x08001f19   Thumb Code    30  tasks.o(.text)
    prvListTasksWithinSingleList             0x0800202d   Thumb Code   112  tasks.o(.text)
    prvInitialiseNewTask                     0x0800257f   Thumb Code   132  tasks.o(.text)
    prvResetNextTaskUnblockTime              0x08002603   Thumb Code    26  tasks.o(.text)
    prvDeleteTCB                             0x0800261d   Thumb Code    20  tasks.o(.text)
    prvTaskIsTaskSuspended                   0x08002631   Thumb Code    28  tasks.o(.text)
    prvCheckTasksWaitingTermination          0x0800264d   Thumb Code    76  tasks.o(.text)
    .text                                    0x080026a4   Section        0  port.o(.text)
    prvTaskExitError                         0x080026a5   Thumb Code    16  port.o(.text)
    .text                                    0x08002768   Section        0  heap_2.o(.text)
    .text                                    0x0800285c   Section        0  ethernetif.o(.text)
    low_level_output                         0x080028bb   Thumb Code    42  ethernetif.o(.text)
    .text                                    0x08002958   Section        0  sys_arch.o(.text)
    .text                                    0x08002ba4   Section        0  etharp.o(.text)
    find_entry                               0x08002bf3   Thumb Code   316  etharp.o(.text)
    etharp_send_ip                           0x08002d2f   Thumb Code    54  etharp.o(.text)
    update_arp_entry                         0x08002d65   Thumb Code   162  etharp.o(.text)
    free_etharp_q                            0x080031dd   Thumb Code    30  etharp.o(.text)
    etharp_raw                               0x080031fb   Thumb Code   188  etharp.o(.text)
    .text                                    0x080032c4   Section        0  dns.o(.text)
    dns_recv                                 0x080032e7   Thumb Code   356  dns.o(.text)
    dns_send                                 0x08003497   Thumb Code   190  dns.o(.text)
    dns_check_entry                          0x08003555   Thumb Code   170  dns.o(.text)
    dns_parse_name                           0x080036d1   Thumb Code    34  dns.o(.text)
    dns_enqueue                              0x080036f3   Thumb Code   136  dns.o(.text)
    .text                                    0x08003784   Section        0  mem.o(.text)
    plug_holes                               0x08003a31   Thumb Code    78  mem.o(.text)
    .text                                    0x08003a8c   Section        0  memp.o(.text)
    .text                                    0x08003b90   Section        0  netif.o(.text)
    .text                                    0x08003d1c   Section        0  pbuf.o(.text)
    pbuf_free_ooseq                          0x08003d1d   Thumb Code    42  pbuf.o(.text)
    pbuf_pool_is_empty                       0x08003d47   Thumb Code    54  pbuf.o(.text)
    .text                                    0x08004150   Section        0  raw.o(.text)
    .text                                    0x080042b0   Section        0  sys.o(.text)
    sswt_handler                             0x08004423   Thumb Code    12  sys.o(.text)
    .text                                    0x08004488   Section        0  tcp.o(.text)
    tcp_new_port                             0x080049df   Thumb Code    92  tcp.o(.text)
    tcp_accept_null                          0x08004aeb   Thumb Code     6  tcp.o(.text)
    .text                                    0x08004dc0   Section        0  tcp_in.o(.text)
    tcp_oos_insert_segment                   0x08004dc1   Thumb Code   140  tcp_in.o(.text)
    tcp_receive                              0x08004e4d   Thumb Code  1670  tcp_in.o(.text)
    tcp_parseopt                             0x080054d3   Thumb Code   124  tcp_in.o(.text)
    tcp_process                              0x0800554f   Thumb Code   846  tcp_in.o(.text)
    tcp_listen_input                         0x0800589d   Thumb Code   236  tcp_in.o(.text)
    tcp_timewait_input                       0x08005d1b   Thumb Code   100  tcp_in.o(.text)
    .text                                    0x08005d88   Section        0  tcp_out.o(.text)
    tcp_output_set_header                    0x08005d89   Thumb Code   124  tcp_out.o(.text)
    tcp_output_segment                       0x080061eb   Thumb Code   208  tcp_out.o(.text)
    .text                                    0x08006710   Section        0  udp.o(.text)
    .text                                    0x08006ad4   Section        0  icmp.o(.text)
    icmp_send_response                       0x08006c7b   Thumb Code   112  icmp.o(.text)
    .text                                    0x08006cfc   Section        0  inet.o(.text)
    .text                                    0x08006e64   Section        0  inet_chksum.o(.text)
    lwip_standard_chksum                     0x08006e65   Thumb Code    60  inet_chksum.o(.text)
    .text                                    0x08006f7c   Section        0  ip.o(.text)
    ip_forward                               0x08006fc5   Thumb Code   168  ip.o(.text)
    .text                                    0x08007398   Section        0  ip_addr.o(.text)
    .text                                    0x080073c8   Section        0  ip_frag.o(.text)
    ip_reass_free_complete_datagram          0x080073c9   Thumb Code   106  ip_frag.o(.text)
    ip_reass_remove_oldest_datagram          0x0800745b   Thumb Code   108  ip_frag.o(.text)
    ip_reass_chain_frag_into_datagram_and_validate 0x080074c7   Thumb Code   234  ip_frag.o(.text)
    ip_reass_dequeue_datagram                0x080078c5   Thumb Code    30  ip_frag.o(.text)
    .text                                    0x080078ec   Section        0  lwipentry.o(.text)
    .text                                    0x0800796c   Section        0  api_lib.o(.text)
    .text                                    0x08007c2c   Section        0  api_msg.o(.text)
    recv_raw                                 0x08007c2d   Thumb Code   122  api_msg.o(.text)
    recv_udp                                 0x08007ca7   Thumb Code   110  api_msg.o(.text)
    recv_tcp                                 0x08007d15   Thumb Code    74  api_msg.o(.text)
    err_tcp                                  0x08007d5f   Thumb Code   100  api_msg.o(.text)
    do_writemore                             0x08007dc3   Thumb Code   180  api_msg.o(.text)
    sent_tcp                                 0x08007e77   Thumb Code    64  api_msg.o(.text)
    do_close_internal                        0x08007eb7   Thumb Code   156  api_msg.o(.text)
    poll_tcp                                 0x08007f53   Thumb Code    28  api_msg.o(.text)
    setup_tcp                                0x08007f6f   Thumb Code    50  api_msg.o(.text)
    accept_function                          0x08008061   Thumb Code    76  api_msg.o(.text)
    do_connected                             0x0800818b   Thumb Code    44  api_msg.o(.text)
    do_dns_found                             0x08008431   Thumb Code    26  api_msg.o(.text)
    pcb_new                                  0x0800846f   Thumb Code   136  api_msg.o(.text)
    .text                                    0x08008504   Section        0  netbuf.o(.text)
    .text                                    0x08008604   Section        0  tcpip.o(.text)
    tcpip_tcp_timer                          0x08008605   Thumb Code    40  tcpip.o(.text)
    ip_reass_timer                           0x08008651   Thumb Code    22  tcpip.o(.text)
    arp_timer                                0x08008667   Thumb Code    22  tcpip.o(.text)
    dns_timer                                0x0800867d   Thumb Code    22  tcpip.o(.text)
    tcpip_thread                             0x08008693   Thumb Code   150  tcpip.o(.text)
    pbuf_free_int                            0x08008885   Thumb Code     4  tcpip.o(.text)
    .text                                    0x080088d0   Section        0  memcpya.o(.text)
    .text                                    0x080088f4   Section        0  memseta.o(.text)
    .text                                    0x08008918   Section        0  strlen.o(.text)
    .text                                    0x08008926   Section        0  strcmp.o(.text)
    .text                                    0x08008942   Section        0  strcpy.o(.text)
    .text                                    0x08008954   Section        0  uidiv.o(.text)
    .text                                    0x08008980   Section        0  uldiv.o(.text)
    .text                                    0x080089e2   Section        0  dadd.o(.text)
    .text                                    0x080089e2   Section        0  iusefp.o(.text)
    .text                                    0x08008b30   Section        0  dmul.o(.text)
    .text                                    0x08008c14   Section        0  ddiv.o(.text)
    .text                                    0x08008cf2   Section        0  dfixul.o(.text)
    .text                                    0x08008d24   Section       40  cdrcmple.o(.text)
    .text                                    0x08008d4c   Section       36  init.o(.text)
    .text                                    0x08008d70   Section        0  llshl.o(.text)
    .text                                    0x08008d8e   Section        0  llushr.o(.text)
    .text                                    0x08008dae   Section        0  llsshr.o(.text)
    .text                                    0x08008dd2   Section        0  depilogue.o(.text)
    .text                                    0x08008e88   Section        0  __dczerorl2.o(.text)
    i.__0vsprintf                            0x08008ee0   Section        0  printfa.o(i.__0vsprintf)
    i.__scatterload_copy                     0x08008f04   Section       14  handlers.o(i.__scatterload_copy)
    i.__scatterload_null                     0x08008f12   Section        2  handlers.o(i.__scatterload_null)
    i.__scatterload_zeroinit                 0x08008f14   Section       14  handlers.o(i.__scatterload_zeroinit)
    i._fp_digits                             0x08008f24   Section        0  printfa.o(i._fp_digits)
    _fp_digits                               0x08008f25   Thumb Code   334  printfa.o(i._fp_digits)
    i._printf_core                           0x08009088   Section        0  printfa.o(i._printf_core)
    _printf_core                             0x08009089   Thumb Code  1744  printfa.o(i._printf_core)
    i._printf_post_padding                   0x08009764   Section        0  printfa.o(i._printf_post_padding)
    _printf_post_padding                     0x08009765   Thumb Code    36  printfa.o(i._printf_post_padding)
    i._printf_pre_padding                    0x08009788   Section        0  printfa.o(i._printf_pre_padding)
    _printf_pre_padding                      0x08009789   Thumb Code    46  printfa.o(i._printf_pre_padding)
    i._sputc                                 0x080097b6   Section        0  printfa.o(i._sputc)
    _sputc                                   0x080097b7   Thumb Code    10  printfa.o(i._sputc)
    .constdata                               0x080097c0   Section        6  app_led.o(.constdata)
    .constdata                               0x080097c6   Section       12  etharp.o(.constdata)
    .constdata                               0x080097d2   Section       56  memp.o(.constdata)
    memp_sizes                               0x080097d2   Data          28  memp.o(.constdata)
    memp_num                                 0x080097ee   Data          28  memp.o(.constdata)
    .constdata                               0x0800980a   Section       20  tcp.o(.constdata)
    .constdata                               0x0800981e   Section        4  ip_addr.o(.constdata)
    .conststring                             0x08009824   Section      117  tcp.o(.conststring)
    .conststring                             0x0800989c   Section      120  lwipentry.o(.conststring)
    .data                                    0x20000000   Section       18  netconfig.o(.data)
    .data                                    0x20000014   Section        8  app_serial.o(.data)
    xPort                                    0x20000014   Data           4  app_serial.o(.data)
    xCharsForTx                              0x20000018   Data           4  app_serial.o(.data)
    .data                                    0x2000001c   Section       20  stm32f10x_rcc.o(.data)
    ADCPrescTable                            0x2000001c   Data           4  stm32f10x_rcc.o(.data)
    APBAHBPrescTable                         0x20000020   Data          16  stm32f10x_rcc.o(.data)
    .data                                    0x20000030   Section       60  tasks.o(.data)
    uxDeletedTasksWaitingCleanUp             0x20000034   Data           4  tasks.o(.data)
    uxCurrentNumberOfTasks                   0x20000038   Data           4  tasks.o(.data)
    xTickCount                               0x2000003c   Data           4  tasks.o(.data)
    uxTopReadyPriority                       0x20000040   Data           4  tasks.o(.data)
    xSchedulerRunning                        0x20000044   Data           4  tasks.o(.data)
    uxPendedTicks                            0x20000048   Data           4  tasks.o(.data)
    xYieldPending                            0x2000004c   Data           4  tasks.o(.data)
    xNumOfOverflows                          0x20000050   Data           4  tasks.o(.data)
    uxTaskNumber                             0x20000054   Data           4  tasks.o(.data)
    xNextTaskUnblockTime                     0x20000058   Data           4  tasks.o(.data)
    xIdleTaskHandle                          0x2000005c   Data           4  tasks.o(.data)
    uxSchedulerSuspended                     0x20000060   Data           4  tasks.o(.data)
    pxDelayedTaskList                        0x20000064   Data           4  tasks.o(.data)
    pxOverflowDelayedTaskList                0x20000068   Data           4  tasks.o(.data)
    .data                                    0x2000006c   Section        4  port.o(.data)
    uxCriticalNesting                        0x2000006c   Data           4  port.o(.data)
    .data                                    0x20000070   Section       24  heap_2.o(.data)
    xFreeBytesRemaining                      0x20000070   Data           4  heap_2.o(.data)
    xHeapHasBeenInitialised                  0x20000074   Data           4  heap_2.o(.data)
    xStart                                   0x20000078   Data           8  heap_2.o(.data)
    xEnd                                     0x20000080   Data           8  heap_2.o(.data)
    .data                                    0x20000088   Section        2  sys_arch.o(.data)
    s_nextthread                             0x20000088   Data           2  sys_arch.o(.data)
    .data                                    0x2000008a   Section        1  etharp.o(.data)
    etharp_cached_entry                      0x2000008a   Data           1  etharp.o(.data)
    .data                                    0x2000008c   Section       16  dns.o(.data)
    dns_seqno                                0x2000008c   Data           1  dns.o(.data)
    dns_pcb                                  0x20000090   Data           4  dns.o(.data)
    dns_servers                              0x20000094   Data           8  dns.o(.data)
    .data                                    0x2000009c   Section       16  mem.o(.data)
    ram                                      0x2000009c   Data           4  mem.o(.data)
    ram_end                                  0x200000a0   Data           4  mem.o(.data)
    lfree                                    0x200000a4   Data           4  mem.o(.data)
    mem_sem                                  0x200000a8   Data           4  mem.o(.data)
    .data                                    0x200000ac   Section       12  netif.o(.data)
    netifnum                                 0x200000ac   Data           1  netif.o(.data)
    .data                                    0x200000b8   Section        1  pbuf.o(.data)
    pbuf_free_ooseq_queued                   0x200000b8   Data           1  pbuf.o(.data)
    .data                                    0x200000bc   Section        4  raw.o(.data)
    raw_pcbs                                 0x200000bc   Data           4  raw.o(.data)
    .data                                    0x200000c0   Section       76  tcp.o(.data)
    tcp_timer                                0x200000c0   Data           1  tcp.o(.data)
    port                                     0x200000c2   Data           2  tcp.o(.data)
    iss                                      0x200000c4   Data           4  tcp.o(.data)
    .data                                    0x2000010c   Section       28  tcp_in.o(.data)
    flags                                    0x2000010c   Data           1  tcp_in.o(.data)
    recv_flags                               0x2000010d   Data           1  tcp_in.o(.data)
    tcplen                                   0x2000010e   Data           2  tcp_in.o(.data)
    tcphdr                                   0x20000110   Data           4  tcp_in.o(.data)
    iphdr                                    0x20000114   Data           4  tcp_in.o(.data)
    seqno                                    0x20000118   Data           4  tcp_in.o(.data)
    ackno                                    0x2000011c   Data           4  tcp_in.o(.data)
    recv_data                                0x20000120   Data           4  tcp_in.o(.data)
    .data                                    0x20000128   Section        4  udp.o(.data)
    .data                                    0x2000012c   Section       12  ip.o(.data)
    ip_id                                    0x2000012c   Data           2  ip.o(.data)
    .data                                    0x20000138   Section        8  ip_frag.o(.data)
    ip_reass_pbufcount                       0x20000138   Data           2  ip_frag.o(.data)
    reassdatagrams                           0x2000013c   Data           4  ip_frag.o(.data)
    .data                                    0x20000140   Section       16  tcpip.o(.data)
    mbox                                     0x20000140   Data           4  tcpip.o(.data)
    tcpip_init_done                          0x20000144   Data           4  tcpip.o(.data)
    tcpip_init_done_arg                      0x20000148   Data           4  tcpip.o(.data)
    tcpip_tcp_timer_active                   0x2000014c   Data           4  tcpip.o(.data)
    .bss                                     0x20000150   Section       48  netconfig.o(.bss)
    .bss                                     0x20000180   Section      300  tasks.o(.bss)
    pxReadyTasksLists                        0x20000180   Data         200  tasks.o(.bss)
    xDelayedTaskList1                        0x20000248   Data          20  tasks.o(.bss)
    xDelayedTaskList2                        0x2000025c   Data          20  tasks.o(.bss)
    xPendingReadyList                        0x20000270   Data          20  tasks.o(.bss)
    xTasksWaitingTermination                 0x20000284   Data          20  tasks.o(.bss)
    xSuspendedTaskList                       0x20000298   Data          20  tasks.o(.bss)
    .bss                                     0x200002ac   Section    17408  heap_2.o(.bss)
    ucHeap                                   0x200002ac   Data       17408  heap_2.o(.bss)
    .bss                                     0x200046ac   Section     3032  ethernetif.o(.bss)
    .bss                                     0x20005284   Section       40  sys_arch.o(.bss)
    s_timeoutlist                            0x20005284   Data          40  sys_arch.o(.bss)
    .bss                                     0x200052ac   Section      200  etharp.o(.bss)
    arp_table                                0x200052ac   Data         200  etharp.o(.bss)
    .bss                                     0x20005374   Section     1632  dns.o(.bss)
    dns_table                                0x20005374   Data        1120  dns.o(.bss)
    dns_payload                              0x200057d4   Data         512  dns.o(.bss)
    .bss                                     0x200059d4   Section     2020  mem.o(.bss)
    ram_heap                                 0x200059d4   Data        2020  mem.o(.bss)
    .bss                                     0x200061b8   Section    12339  memp.o(.bss)
    memp_tab                                 0x200061b8   Data          56  memp.o(.bss)
    memp_memory                              0x200061f0   Data       12283  memp.o(.bss)
    .bss                                     0x200091ec   Section      330  stats.o(.bss)
    .bss                                     0x20009338   Section       20  tcp_in.o(.bss)
    inseg                                    0x20009338   Data          20  tcp_in.o(.bss)
    .bss                                     0x2000934c   Section       16  inet.o(.bss)
    str                                      0x2000934c   Data          16  inet.o(.bss)
    .bss                                     0x2000935c   Section     2004  ip_frag.o(.bss)
    buf                                      0x2000935c   Data        2004  ip_frag.o(.bss)
    STACK                                    0x20009b30   Section     1024  cstartup.o(STACK)

    Global Symbols

    Symbol Name                              Value     Ov Type        Size  Object(Section)

    BuildAttributes$$THM_ISAv4$P$D$K$B$S$PE$A:L22UL41UL21$X:L11$S22US41US21$IEEE1$IW$USESV6$~STKCKD$USESV7$~SHL$OSPACE$ROPI$EBA8$MICROLIB$REQ8$PRES8$EABIv2 0x00000000   Number         0  anon$$obj.o ABSOLUTE
    __ARM_use_no_argv                        0x00000000   Number         0  main.o ABSOLUTE
    __cpp_initialize__aeabi_                  - Undefined Weak Reference
    __cxa_finalize                            - Undefined Weak Reference
    _clock_init                               - Undefined Weak Reference
    _microlib_exit                            - Undefined Weak Reference
    __Vectors                                0x08000000   Data           4  cstartup.o(RESET)
    __main                                   0x080000ed   Thumb Code     0  entry.o(.ARM.Collect$$$$00000000)
    _main_stk                                0x080000ed   Thumb Code     0  entry2.o(.ARM.Collect$$$$00000001)
    _main_scatterload                        0x080000f1   Thumb Code     0  entry5.o(.ARM.Collect$$$$00000004)
    __main_after_scatterload                 0x080000f5   Thumb Code     0  entry5.o(.ARM.Collect$$$$00000004)
    _main_clock                              0x080000f5   Thumb Code     0  entry7b.o(.ARM.Collect$$$$00000008)
    _main_cpp_init                           0x080000f5   Thumb Code     0  entry8b.o(.ARM.Collect$$$$0000000A)
    _main_init                               0x080000f5   Thumb Code     0  entry9a.o(.ARM.Collect$$$$0000000B)
    __rt_final_cpp                           0x080000fd   Thumb Code     0  entry10a.o(.ARM.Collect$$$$0000000D)
    __rt_final_exit                          0x080000fd   Thumb Code     0  entry11a.o(.ARM.Collect$$$$0000000F)
    vPortSVCHandler                          0x08000101   Thumb Code    32  port.o(.emb_text)
    __asm___6_port_c_39a90d8d__prvStartFirstTask 0x08000125   Thumb Code    28  port.o(.emb_text)
    xPortPendSVHandler                       0x08000145   Thumb Code    72  port.o(.emb_text)
    vPortGetIPSR                             0x08000191   Thumb Code     6  port.o(.emb_text)
    main                                     0x08000199   Thumb Code    60  main.o(.text)
    app_led_init                             0x080001e9   Thumb Code    48  app_led.o(.text)
    app_led_task_blink                       0x08000219   Thumb Code    82  app_led.o(.text)
    LwIP_Init                                0x0800027d   Thumb Code   184  netconfig.o(.text)
    app_init                                 0x08000335   Thumb Code     2  netconfig.o(.text)
    vStartComTasks                           0x08000385   Thumb Code    22  app_serial.o(.text)
    dbg_string                               0x0800039b   Thumb Code    50  app_serial.o(.text)
    serial_init                              0x080003cd   Thumb Code   204  app_serial.o(.text)
    USART1_IRQHandler                        0x08000499   Thumb Code    86  app_serial.o(.text)
    bsp_init                                 0x08000535   Thumb Code    22  bsp.o(.text)
    dm9000x_gpio_inital                      0x080005c5   Thumb Code   136  dm9000x.o(.text)
    dm9000x_read_id                          0x08000713   Thumb Code    54  dm9000x.o(.text)
    dm9000x_inital                           0x08000749   Thumb Code   216  dm9000x.o(.text)
    dm9000x_sendpacket                       0x08000821   Thumb Code   136  dm9000x.o(.text)
    dm9000x_receivepacket                    0x080008a9   Thumb Code   188  dm9000x.o(.text)
    Reset_Handler                            0x0800098d   Thumb Code     4  cstartup.o(.text)
    NMI_Handler                              0x08000991   Thumb Code     2  cstartup.o(.text)
    HardFault_Handler                        0x08000993   Thumb Code     2  cstartup.o(.text)
    MemManage_Handler                        0x08000995   Thumb Code     2  cstartup.o(.text)
    BusFault_Handler                         0x08000997   Thumb Code     2  cstartup.o(.text)
    UsageFault_Handler                       0x08000999   Thumb Code     2  cstartup.o(.text)
    SVC_Handler                              0x0800099b   Thumb Code     2  cstartup.o(.text)
    DebugMon_Handler                         0x0800099d   Thumb Code     2  cstartup.o(.text)
    PendSV_Handler                           0x0800099f   Thumb Code     2  cstartup.o(.text)
    SysTick_Handler                          0x080009a1   Thumb Code     2  cstartup.o(.text)
    ADC_IRQHandler                           0x080009a3   Thumb Code     0  cstartup.o(.text)
    CAN_RX1_IRQHandler                       0x080009a3   Thumb Code     0  cstartup.o(.text)
    CAN_SCE_IRQHandler                       0x080009a3   Thumb Code     0  cstartup.o(.text)
    DMAChannel1_IRQHandler                   0x080009a3   Thumb Code     0  cstartup.o(.text)
    DMAChannel2_IRQHandler                   0x080009a3   Thumb Code     0  cstartup.o(.text)
    DMAChannel3_IRQHandler                   0x080009a3   Thumb Code     0  cstartup.o(.text)
    DMAChannel4_IRQHandler                   0x080009a3   Thumb Code     0  cstartup.o(.text)
    DMAChannel5_IRQHandler                   0x080009a3   Thumb Code     0  cstartup.o(.text)
    DMAChannel6_IRQHandler                   0x080009a3   Thumb Code     0  cstartup.o(.text)
    DMAChannel7_IRQHandler                   0x080009a3   Thumb Code     0  cstartup.o(.text)
    EXTI0_IRQHandler                         0x080009a3   Thumb Code     0  cstartup.o(.text)
    EXTI15_10_IRQHandler                     0x080009a3   Thumb Code     0  cstartup.o(.text)
    EXTI1_IRQHandler                         0x080009a3   Thumb Code     0  cstartup.o(.text)
    EXTI2_IRQHandler                         0x080009a3   Thumb Code     0  cstartup.o(.text)
    EXTI3_IRQHandler                         0x080009a3   Thumb Code     0  cstartup.o(.text)
    EXTI4_IRQHandler                         0x080009a3   Thumb Code     0  cstartup.o(.text)
    EXTI9_5_IRQHandler                       0x080009a3   Thumb Code     0  cstartup.o(.text)
    FLASH_IRQHandler                         0x080009a3   Thumb Code     0  cstartup.o(.text)
    I2C1_ER_IRQHandler                       0x080009a3   Thumb Code     0  cstartup.o(.text)
    I2C1_EV_IRQHandler                       0x080009a3   Thumb Code     0  cstartup.o(.text)
    I2C2_ER_IRQHandler                       0x080009a3   Thumb Code     0  cstartup.o(.text)
    I2C2_EV_IRQHandler                       0x080009a3   Thumb Code     0  cstartup.o(.text)
    PVD_IRQHandler                           0x080009a3   Thumb Code     0  cstartup.o(.text)
    RCC_IRQHandler                           0x080009a3   Thumb Code     0  cstartup.o(.text)
    RTCAlarm_IRQHandler                      0x080009a3   Thumb Code     0  cstartup.o(.text)
    RTC_IRQHandler                           0x080009a3   Thumb Code     0  cstartup.o(.text)
    SPI1_IRQHandler                          0x080009a3   Thumb Code     0  cstartup.o(.text)
    SPI2_IRQHandler                          0x080009a3   Thumb Code     0  cstartup.o(.text)
    TAMPER_IRQHandler                        0x080009a3   Thumb Code     0  cstartup.o(.text)
    TIM1_BRK_IRQHandler                      0x080009a3   Thumb Code     0  cstartup.o(.text)
    TIM1_CC_IRQHandler                       0x080009a3   Thumb Code     0  cstartup.o(.text)
    TIM1_TRG_COM_IRQHandler                  0x080009a3   Thumb Code     0  cstartup.o(.text)
    TIM1_UP_IRQHandler                       0x080009a3   Thumb Code     0  cstartup.o(.text)
    TIM2_IRQHandler                          0x080009a3   Thumb Code     0  cstartup.o(.text)
    TIM3_IRQHandler                          0x080009a3   Thumb Code     0  cstartup.o(.text)
    TIM4_IRQHandler                          0x080009a3   Thumb Code     0  cstartup.o(.text)
    USART2_IRQHandler                        0x080009a3   Thumb Code     0  cstartup.o(.text)
    USART3_IRQHandler                        0x080009a3   Thumb Code     0  cstartup.o(.text)
    USBWakeUp_IRQHandler                     0x080009a3   Thumb Code     0  cstartup.o(.text)
    USB_HP_CAN_TX_IRQHandler                 0x080009a3   Thumb Code     0  cstartup.o(.text)
    USB_LP_CAN_RX0_IRQHandler                0x080009a3   Thumb Code     0  cstartup.o(.text)
    WWDG_IRQHandler                          0x080009a3   Thumb Code     0  cstartup.o(.text)
    GPIO_DeInit                              0x080009a9   Thumb Code   152  stm32f10x_gpio.o(.text)
    GPIO_AFIODeInit                          0x08000a41   Thumb Code    22  stm32f10x_gpio.o(.text)
    GPIO_Init                                0x08000a57   Thumb Code   156  stm32f10x_gpio.o(.text)
    GPIO_StructInit                          0x08000af3   Thumb Code    16  stm32f10x_gpio.o(.text)
    GPIO_ReadInputDataBit                    0x08000b03   Thumb Code    14  stm32f10x_gpio.o(.text)
    GPIO_ReadInputData                       0x08000b11   Thumb Code     6  stm32f10x_gpio.o(.text)
    GPIO_ReadOutputDataBit                   0x08000b17   Thumb Code    14  stm32f10x_gpio.o(.text)
    GPIO_ReadOutputData                      0x08000b25   Thumb Code     6  stm32f10x_gpio.o(.text)
    GPIO_SetBits                             0x08000b2b   Thumb Code     4  stm32f10x_gpio.o(.text)
    GPIO_ResetBits                           0x08000b2f   Thumb Code     4  stm32f10x_gpio.o(.text)
    GPIO_WriteBit                            0x08000b33   Thumb Code    10  stm32f10x_gpio.o(.text)
    GPIO_Write                               0x08000b3d   Thumb Code     4  stm32f10x_gpio.o(.text)
    GPIO_PinLockConfig                       0x08000b41   Thumb Code    16  stm32f10x_gpio.o(.text)
    GPIO_EventOutputConfig                   0x08000b51   Thumb Code    22  stm32f10x_gpio.o(.text)
    GPIO_EventOutputCmd                      0x08000b67   Thumb Code     6  stm32f10x_gpio.o(.text)
    GPIO_PinRemapConfig                      0x08000b6d   Thumb Code    82  stm32f10x_gpio.o(.text)
    GPIO_EXTILineConfig                      0x08000bbf   Thumb Code    34  stm32f10x_gpio.o(.text)
    GPIO_ETH_MediaInterfaceConfig            0x08000be1   Thumb Code     8  stm32f10x_gpio.o(.text)
    RCC_DeInit                               0x08000c0d   Thumb Code    50  stm32f10x_rcc.o(.text)
    RCC_HSEConfig                            0x08000c3f   Thumb Code    48  stm32f10x_rcc.o(.text)
    RCC_GetFlagStatus                        0x08000c6f   Thumb Code    42  stm32f10x_rcc.o(.text)
    RCC_WaitForHSEStartUp                    0x08000c99   Thumb Code    44  stm32f10x_rcc.o(.text)
    RCC_AdjustHSICalibrationValue            0x08000cc5   Thumb Code    16  stm32f10x_rcc.o(.text)
    RCC_HSICmd                               0x08000cd5   Thumb Code     6  stm32f10x_rcc.o(.text)
    RCC_PLLConfig                            0x08000cdb   Thumb Code    16  stm32f10x_rcc.o(.text)
    RCC_PLLCmd                               0x08000ceb   Thumb Code     6  stm32f10x_rcc.o(.text)
    RCC_SYSCLKConfig                         0x08000cf1   Thumb Code    14  stm32f10x_rcc.o(.text)
    RCC_GetSYSCLKSource                      0x08000cff   Thumb Code    10  stm32f10x_rcc.o(.text)
    RCC_HCLKConfig                           0x08000d09   Thumb Code    14  stm32f10x_rcc.o(.text)
    RCC_PCLK1Config                          0x08000d17   Thumb Code    14  stm32f10x_rcc.o(.text)
    RCC_PCLK2Config                          0x08000d25   Thumb Code    16  stm32f10x_rcc.o(.text)
    RCC_ITConfig                             0x08000d35   Thumb Code    18  stm32f10x_rcc.o(.text)
    RCC_USBCLKConfig                         0x08000d47   Thumb Code     8  stm32f10x_rcc.o(.text)
    RCC_ADCCLKConfig                         0x08000d4f   Thumb Code    14  stm32f10x_rcc.o(.text)
    RCC_LSEConfig                            0x08000d5d   Thumb Code    28  stm32f10x_rcc.o(.text)
    RCC_LSICmd                               0x08000d79   Thumb Code     6  stm32f10x_rcc.o(.text)
    RCC_RTCCLKConfig                         0x08000d7f   Thumb Code    10  stm32f10x_rcc.o(.text)
    RCC_RTCCLKCmd                            0x08000d89   Thumb Code     8  stm32f10x_rcc.o(.text)
    RCC_GetClocksFreq                        0x08000d91   Thumb Code   132  stm32f10x_rcc.o(.text)
    RCC_AHBPeriphClockCmd                    0x08000e15   Thumb Code    18  stm32f10x_rcc.o(.text)
    RCC_APB2PeriphClockCmd                   0x08000e27   Thumb Code    18  stm32f10x_rcc.o(.text)
    RCC_APB1PeriphClockCmd                   0x08000e39   Thumb Code    18  stm32f10x_rcc.o(.text)
    RCC_APB2PeriphResetCmd                   0x08000e4b   Thumb Code    18  stm32f10x_rcc.o(.text)
    RCC_APB1PeriphResetCmd                   0x08000e5d   Thumb Code    18  stm32f10x_rcc.o(.text)
    RCC_BackupResetCmd                       0x08000e6f   Thumb Code     8  stm32f10x_rcc.o(.text)
    RCC_ClockSecuritySystemCmd               0x08000e77   Thumb Code     6  stm32f10x_rcc.o(.text)
    RCC_MCOConfig                            0x08000e7d   Thumb Code     6  stm32f10x_rcc.o(.text)
    RCC_ClearFlag                            0x08000e83   Thumb Code    12  stm32f10x_rcc.o(.text)
    RCC_GetITStatus                          0x08000e8f   Thumb Code    16  stm32f10x_rcc.o(.text)
    RCC_ClearITPendingBit                    0x08000e9f   Thumb Code     6  stm32f10x_rcc.o(.text)
    NVIC_PriorityGroupConfig                 0x08000ec5   Thumb Code    10  misc.o(.text)
    NVIC_Init                                0x08000ecf   Thumb Code    94  misc.o(.text)
    NVIC_SetVectorTable                      0x08000f2d   Thumb Code    14  misc.o(.text)
    NVIC_SystemLPConfig                      0x08000f3b   Thumb Code    20  misc.o(.text)
    SysTick_CLKSourceConfig                  0x08000f4f   Thumb Code    24  misc.o(.text)
    USART_DeInit                             0x08000f75   Thumb Code    96  stm32f10x_usart.o(.text)
    USART_Init                               0x08000fd5   Thumb Code   166  stm32f10x_usart.o(.text)
    USART_StructInit                         0x0800107b   Thumb Code    22  stm32f10x_usart.o(.text)
    USART_ClockInit                          0x08001091   Thumb Code    30  stm32f10x_usart.o(.text)
    USART_ClockStructInit                    0x080010af   Thumb Code    12  stm32f10x_usart.o(.text)
    USART_Cmd                                0x080010bb   Thumb Code    20  stm32f10x_usart.o(.text)
    USART_ITConfig                           0x080010cf   Thumb Code    48  stm32f10x_usart.o(.text)
    USART_DMACmd                             0x080010ff   Thumb Code    16  stm32f10x_usart.o(.text)
    USART_SetAddress                         0x0800110f   Thumb Code    16  stm32f10x_usart.o(.text)
    USART_WakeUpConfig                       0x0800111f   Thumb Code    16  stm32f10x_usart.o(.text)
    USART_ReceiverWakeUpCmd                  0x0800112f   Thumb Code    20  stm32f10x_usart.o(.text)
    USART_LINBreakDetectLengthConfig         0x08001143   Thumb Code    16  stm32f10x_usart.o(.text)
    USART_LINCmd                             0x08001153   Thumb Code    20  stm32f10x_usart.o(.text)
    USART_SendData                           0x08001167   Thumb Code     8  stm32f10x_usart.o(.text)
    USART_ReceiveData                        0x0800116f   Thumb Code     8  stm32f10x_usart.o(.text)
    USART_SendBreak                          0x08001177   Thumb Code    10  stm32f10x_usart.o(.text)
    USART_SetGuardTime                       0x08001181   Thumb Code    16  stm32f10x_usart.o(.text)
    USART_SetPrescaler                       0x08001191   Thumb Code    16  stm32f10x_usart.o(.text)
    USART_SmartCardCmd                       0x080011a1   Thumb Code    20  stm32f10x_usart.o(.text)
    USART_SmartCardNACKCmd                   0x080011b5   Thumb Code    20  stm32f10x_usart.o(.text)
    USART_HalfDuplexCmd                      0x080011c9   Thumb Code    20  stm32f10x_usart.o(.text)
    USART_OverSampling8Cmd                   0x080011dd   Thumb Code    20  stm32f10x_usart.o(.text)
    USART_OneBitMethodCmd                    0x080011f1   Thumb Code    20  stm32f10x_usart.o(.text)
    USART_IrDAConfig                         0x08001205   Thumb Code    16  stm32f10x_usart.o(.text)
    USART_IrDACmd                            0x08001215   Thumb Code    20  stm32f10x_usart.o(.text)
    USART_GetFlagStatus                      0x08001229   Thumb Code    14  stm32f10x_usart.o(.text)
    USART_ClearFlag                          0x08001237   Thumb Code     6  stm32f10x_usart.o(.text)
    USART_GetITStatus                        0x0800123d   Thumb Code    62  stm32f10x_usart.o(.text)
    USART_ClearITPendingBit                  0x0800127b   Thumb Code    12  stm32f10x_usart.o(.text)
    vListInitialise                          0x0800129d   Thumb Code    22  list.o(.text)
    vListInitialiseItem                      0x080012b3   Thumb Code     6  list.o(.text)
    vListInsertEnd                           0x080012b9   Thumb Code    24  list.o(.text)
    vListInsert                              0x080012d1   Thumb Code    48  list.o(.text)
    uxListRemove                             0x08001301   Thumb Code    36  list.o(.text)
    xQueueGenericReset                       0x08001325   Thumb Code   112  queue.o(.text)
    xQueueGenericCreate                      0x08001395   Thumb Code    64  queue.o(.text)
    xQueueGenericSend                        0x08001497   Thumb Code   250  queue.o(.text)
    xQueueGenericSendFromISR                 0x08001591   Thumb Code   100  queue.o(.text)
    xQueueGiveFromISR                        0x080015f5   Thumb Code    86  queue.o(.text)
    xQueueGenericReceive                     0x08001671   Thumb Code   260  queue.o(.text)
    xQueueReceiveFromISR                     0x08001775   Thumb Code    98  queue.o(.text)
    xQueuePeekFromISR                        0x080017d7   Thumb Code    44  queue.o(.text)
    uxQueueMessagesWaiting                   0x08001803   Thumb Code    18  queue.o(.text)
    uxQueueSpacesAvailable                   0x08001815   Thumb Code    22  queue.o(.text)
    uxQueueMessagesWaitingFromISR            0x0800182b   Thumb Code     4  queue.o(.text)
    vQueueDelete                             0x0800182f   Thumb Code     4  queue.o(.text)
    uxQueueGetQueueNumber                    0x08001833   Thumb Code     4  queue.o(.text)
    vQueueSetQueueNumber                     0x08001837   Thumb Code     4  queue.o(.text)
    ucQueueGetQueueType                      0x0800183b   Thumb Code     6  queue.o(.text)
    xQueueIsQueueEmptyFromISR                0x08001841   Thumb Code    12  queue.o(.text)
    xQueueIsQueueFullFromISR                 0x0800184d   Thumb Code    16  queue.o(.text)
    xTaskCreate                              0x0800193b   Thumb Code    82  tasks.o(.text)
    vTaskDelete                              0x0800198d   Thumb Code   148  tasks.o(.text)
    xTaskIncrementTick                       0x08001a21   Thumb Code   168  tasks.o(.text)
    xTaskResumeAll                           0x08001ac9   Thumb Code   166  tasks.o(.text)
    vTaskSuspendAll                          0x08001bd5   Thumb Code    10  tasks.o(.text)
    vTaskDelayUntil                          0x08001bdf   Thumb Code    78  tasks.o(.text)
    vTaskDelay                               0x08001c2d   Thumb Code    44  tasks.o(.text)
    eTaskGetState                            0x08001c59   Thumb Code    92  tasks.o(.text)
    uxTaskPriorityGet                        0x08001cb5   Thumb Code    24  tasks.o(.text)
    uxTaskPriorityGetFromISR                 0x08001ccd   Thumb Code    32  tasks.o(.text)
    vTaskPrioritySet                         0x08001ced   Thumb Code   160  tasks.o(.text)
    vTaskSwitchContext                       0x08001d8d   Thumb Code    60  tasks.o(.text)
    vTaskSuspend                             0x08001dc9   Thumb Code   136  tasks.o(.text)
    vTaskResume                              0x08001e51   Thumb Code    96  tasks.o(.text)
    xTaskResumeFromISR                       0x08001eb1   Thumb Code   104  tasks.o(.text)
    vTaskStartScheduler                      0x08001f37   Thumb Code    66  tasks.o(.text)
    vTaskEndScheduler                        0x08001f79   Thumb Code    24  tasks.o(.text)
    xTaskGetTickCount                        0x08001f91   Thumb Code     6  tasks.o(.text)
    xTaskGetTickCountFromISR                 0x08001f97   Thumb Code     6  tasks.o(.text)
    uxTaskGetNumberOfTasks                   0x08001f9d   Thumb Code     6  tasks.o(.text)
    pcTaskGetName                            0x08001fa3   Thumb Code    10  tasks.o(.text)
    vTaskGetTaskInfo                         0x08001fad   Thumb Code   128  tasks.o(.text)
    uxTaskGetSystemState                     0x0800209d   Thumb Code   156  tasks.o(.text)
    vTaskPlaceOnEventList                    0x08002139   Thumb Code    28  tasks.o(.text)
    vTaskPlaceOnUnorderedEventList           0x08002155   Thumb Code    36  tasks.o(.text)
    xTaskRemoveFromEventList                 0x08002179   Thumb Code    88  tasks.o(.text)
    xTaskRemoveFromUnorderedEventList        0x080021d1   Thumb Code    72  tasks.o(.text)
    vTaskSetTimeOutState                     0x08002219   Thumb Code    12  tasks.o(.text)
    xTaskCheckForTimeOut                     0x08002225   Thumb Code    66  tasks.o(.text)
    vTaskMissedYield                         0x08002267   Thumb Code     8  tasks.o(.text)
    uxTaskGetTaskNumber                      0x0800226f   Thumb Code     8  tasks.o(.text)
    vTaskSetTaskNumber                       0x08002277   Thumb Code     8  tasks.o(.text)
    xTaskGetCurrentTaskHandle                0x0800227f   Thumb Code     6  tasks.o(.text)
    uxTaskResetEventItemValue                0x08002285   Thumb Code    20  tasks.o(.text)
    ulTaskNotifyTake                         0x08002299   Thumb Code    96  tasks.o(.text)
    xTaskNotifyWait                          0x080022f9   Thumb Code   128  tasks.o(.text)
    xTaskGenericNotify                       0x08002379   Thumb Code   150  tasks.o(.text)
    xTaskGenericNotifyFromISR                0x0800240f   Thumb Code   178  tasks.o(.text)
    vTaskNotifyGiveFromISR                   0x080024c1   Thumb Code   146  tasks.o(.text)
    xTaskNotifyStateClear                    0x08002553   Thumb Code    44  tasks.o(.text)
    pxPortInitialiseStack                    0x080026b5   Thumb Code    28  port.o(.text)
    vPortSetupTimerInterrupt                 0x080026d1   Thumb Code    14  port.o(.text)
    xPortStartScheduler                      0x080026df   Thumb Code    38  port.o(.text)
    vPortEndScheduler                        0x08002705   Thumb Code     2  port.o(.text)
    vPortEnterCritical                       0x08002707   Thumb Code    24  port.o(.text)
    vPortExitCritical                        0x0800271f   Thumb Code    16  port.o(.text)
    xPortSysTickHandler                      0x0800272f   Thumb Code    40  port.o(.text)
    pvPortMalloc                             0x08002769   Thumb Code   172  heap_2.o(.text)
    vPortFree                                0x08002815   Thumb Code    56  heap_2.o(.text)
    xPortGetFreeHeapSize                     0x0800284d   Thumb Code     6  heap_2.o(.text)
    vPortInitialiseBlocks                    0x08002853   Thumb Code     2  heap_2.o(.text)
    ethernetif_input                         0x0800285d   Thumb Code    94  ethernetif.o(.text)
    ethernetif_init                          0x080028e5   Thumb Code    92  ethernetif.o(.text)
    sys_mbox_new                             0x08002959   Thumb Code    40  sys_arch.o(.text)
    sys_mbox_free                            0x08002981   Thumb Code    40  sys_arch.o(.text)
    sys_mbox_post                            0x080029a9   Thumb Code    26  sys_arch.o(.text)
    sys_mbox_trypost                         0x080029c3   Thumb Code    38  sys_arch.o(.text)
    sys_arch_mbox_fetch                      0x080029e9   Thumb Code    76  sys_arch.o(.text)
    sys_arch_mbox_tryfetch                   0x08002a35   Thumb Code    28  sys_arch.o(.text)
    sys_sem_new                              0x08002a51   Thumb Code    88  sys_arch.o(.text)
    sys_arch_sem_wait                        0x08002aa9   Thumb Code    66  sys_arch.o(.text)
    sys_sem_signal                           0x08002aeb   Thumb Code    10  sys_arch.o(.text)
    sys_sem_free                             0x08002af5   Thumb Code    16  sys_arch.o(.text)
    sys_init                                 0x08002b05   Thumb Code    28  sys_arch.o(.text)
    sys_arch_timeouts                        0x08002b21   Thumb Code    38  sys_arch.o(.text)
    sys_arch_protect                         0x08002b47   Thumb Code    10  sys_arch.o(.text)
    sys_arch_unprotect                       0x08002b51   Thumb Code     4  sys_arch.o(.text)
    sys_thread_new                           0x08002b55   Thumb Code    60  sys_arch.o(.text)
    sys_assert                               0x08002b91   Thumb Code     6  sys_arch.o(.text)
    etharp_tmr                               0x08002ba5   Thumb Code    78  etharp.o(.text)
    etharp_find_addr                         0x08002e07   Thumb Code    52  etharp.o(.text)
    etharp_ip_input                          0x08002e3b   Thumb Code    38  etharp.o(.text)
    etharp_arp_input                         0x08002e61   Thumb Code   262  etharp.o(.text)
    etharp_request                           0x08002f67   Thumb Code    32  etharp.o(.text)
    etharp_query                             0x08002f87   Thumb Code   314  etharp.o(.text)
    etharp_output                            0x080030c1   Thumb Code   186  etharp.o(.text)
    ethernet_input                           0x0800317b   Thumb Code    98  etharp.o(.text)
    dns_setserver                            0x080032c5   Thumb Code    34  dns.o(.text)
    dns_init                                 0x0800344b   Thumb Code    56  dns.o(.text)
    dns_getserver                            0x08003483   Thumb Code    20  dns.o(.text)
    dns_tmr                                  0x080035ff   Thumb Code    28  dns.o(.text)
    dns_gethostbyname                        0x0800361b   Thumb Code   182  dns.o(.text)
    mem_init                                 0x08003785   Thumb Code    58  mem.o(.text)
    mem_free                                 0x080037bf   Thumb Code    98  mem.o(.text)
    mem_realloc                              0x08003821   Thumb Code   252  mem.o(.text)
    mem_malloc                               0x0800391d   Thumb Code   250  mem.o(.text)
    mem_calloc                               0x08003a17   Thumb Code    26  mem.o(.text)
    memp_init                                0x08003a8d   Thumb Code   108  memp.o(.text)
    memp_malloc                              0x08003af9   Thumb Code    80  memp.o(.text)
    memp_free                                0x08003b49   Thumb Code    60  memp.o(.text)
    netif_set_gw                             0x08003b91   Thumb Code     8  netif.o(.text)
    netif_set_netmask                        0x08003b99   Thumb Code     8  netif.o(.text)
    netif_set_ipaddr                         0x08003ba1   Thumb Code    96  netif.o(.text)
    netif_set_addr                           0x08003c01   Thumb Code    30  netif.o(.text)
    netif_add                                0x08003c1f   Thumb Code    68  netif.o(.text)
    netif_set_default                        0x08003c63   Thumb Code     6  netif.o(.text)
    netif_remove                             0x08003c69   Thumb Code    52  netif.o(.text)
    netif_find                               0x08003c9d   Thumb Code    58  netif.o(.text)
    netif_set_up                             0x08003cd7   Thumb Code    28  netif.o(.text)
    netif_set_down                           0x08003cf3   Thumb Code    18  netif.o(.text)
    netif_is_up                              0x08003d05   Thumb Code    10  netif.o(.text)
    pbuf_free                                0x08003d7d   Thumb Code    82  pbuf.o(.text)
    pbuf_alloc                               0x08003dcf   Thumb Code   280  pbuf.o(.text)
    pbuf_realloc                             0x08003ee7   Thumb Code    78  pbuf.o(.text)
    pbuf_header                              0x08003f35   Thumb Code    90  pbuf.o(.text)
    pbuf_clen                                0x08003f8f   Thumb Code    18  pbuf.o(.text)
    pbuf_ref                                 0x08003fa1   Thumb Code    26  pbuf.o(.text)
    pbuf_cat                                 0x08003fbb   Thumb Code    32  pbuf.o(.text)
    pbuf_chain                               0x08003fdb   Thumb Code    16  pbuf.o(.text)
    pbuf_dechain                             0x08003feb   Thumb Code    38  pbuf.o(.text)
    pbuf_copy                                0x08004011   Thumb Code    88  pbuf.o(.text)
    pbuf_copy_partial                        0x08004069   Thumb Code   100  pbuf.o(.text)
    pbuf_take                                0x080040cd   Thumb Code    88  pbuf.o(.text)
    pbuf_coalesce                            0x08004125   Thumb Code    44  pbuf.o(.text)
    raw_input                                0x08004151   Thumb Code   100  raw.o(.text)
    raw_bind                                 0x080041b5   Thumb Code    10  raw.o(.text)
    raw_connect                              0x080041bf   Thumb Code    10  raw.o(.text)
    raw_recv                                 0x080041c9   Thumb Code     6  raw.o(.text)
    raw_sendto                               0x080041cf   Thumb Code   138  raw.o(.text)
    raw_send                                 0x08004259   Thumb Code     4  raw.o(.text)
    raw_remove                               0x0800425d   Thumb Code    40  raw.o(.text)
    raw_new                                  0x08004285   Thumb Code    38  raw.o(.text)
    sys_mbox_fetch                           0x080042b1   Thumb Code   100  sys.o(.text)
    sys_sem_wait                             0x08004315   Thumb Code    94  sys.o(.text)
    sys_timeout                              0x08004373   Thumb Code    98  sys.o(.text)
    sys_untimeout                            0x080043d5   Thumb Code    78  sys.o(.text)
    sys_sem_wait_timeout                     0x0800442f   Thumb Code    58  sys.o(.text)
    sys_msleep                               0x08004469   Thumb Code    28  sys.o(.text)
    tcp_seg_free                             0x08004489   Thumb Code    32  tcp.o(.text)
    tcp_segs_free                            0x080044a9   Thumb Code    26  tcp.o(.text)
    tcp_pcb_purge                            0x080044c3   Thumb Code    66  tcp.o(.text)
    tcp_slowtmr                              0x08004505   Thumb Code   572  tcp.o(.text)
    tcp_pcb_remove                           0x08004741   Thumb Code    88  tcp.o(.text)
    tcp_close                                0x08004799   Thumb Code   152  tcp.o(.text)
    tcp_update_rcv_ann_wnd                   0x08004831   Thumb Code    52  tcp.o(.text)
    tcp_recved                               0x08004865   Thumb Code    56  tcp.o(.text)
    tcp_recv_null                            0x0800489d   Thumb Code    34  tcp.o(.text)
    tcp_fasttmr                              0x080048bf   Thumb Code   110  tcp.o(.text)
    tcp_tmr                                  0x0800492d   Thumb Code    26  tcp.o(.text)
    tcp_abandon                              0x08004947   Thumb Code   152  tcp.o(.text)
    tcp_bind                                 0x08004a3b   Thumb Code   176  tcp.o(.text)
    tcp_listen_with_backlog                  0x08004af1   Thumb Code   124  tcp.o(.text)
    tcp_eff_send_mss                         0x08004b6d   Thumb Code    32  tcp.o(.text)
    tcp_next_iss                             0x08004b8d   Thumb Code    12  tcp.o(.text)
    tcp_connect                              0x08004b99   Thumb Code   176  tcp.o(.text)
    tcp_setprio                              0x08004c49   Thumb Code     4  tcp.o(.text)
    tcp_seg_copy                             0x08004c4d   Thumb Code    36  tcp.o(.text)
    tcp_alloc                                0x08004c71   Thumb Code   280  tcp.o(.text)
    tcp_new                                  0x08004d89   Thumb Code     4  tcp.o(.text)
    tcp_arg                                  0x08004d8d   Thumb Code     4  tcp.o(.text)
    tcp_recv                                 0x08004d91   Thumb Code     6  tcp.o(.text)
    tcp_sent                                 0x08004d97   Thumb Code     6  tcp.o(.text)
    tcp_err                                  0x08004d9d   Thumb Code     6  tcp.o(.text)
    tcp_accept                               0x08004da3   Thumb Code     4  tcp.o(.text)
    tcp_poll                                 0x08004da7   Thumb Code    10  tcp.o(.text)
    tcp_debug_state_str                      0x08004db1   Thumb Code     8  tcp.o(.text)
    tcp_input                                0x08005989   Thumb Code   914  tcp_in.o(.text)
    tcp_enqueue                              0x08005e05   Thumb Code   824  tcp_out.o(.text)
    tcp_send_ctrl                            0x0800613d   Thumb Code    22  tcp_out.o(.text)
    tcp_write                                0x08006153   Thumb Code    46  tcp_out.o(.text)
    tcp_send_empty_ack                       0x08006181   Thumb Code   106  tcp_out.o(.text)
    tcp_output                               0x080062bb   Thumb Code   420  tcp_out.o(.text)
    tcp_rst                                  0x0800645f   Thumb Code   184  tcp_out.o(.text)
    tcp_rexmit_rto                           0x08006517   Thumb Code    44  tcp_out.o(.text)
    tcp_rexmit                               0x08006543   Thumb Code    72  tcp_out.o(.text)
    tcp_rexmit_fast                          0x0800658b   Thumb Code    92  tcp_out.o(.text)
    tcp_keepalive                            0x080065e7   Thumb Code   114  tcp_out.o(.text)
    tcp_zero_window_probe                    0x08006659   Thumb Code   180  tcp_out.o(.text)
    udp_input                                0x08006711   Thumb Code   428  udp.o(.text)
    udp_bind                                 0x080068bd   Thumb Code    86  udp.o(.text)
    udp_sendto_if                            0x08006913   Thumb Code   218  udp.o(.text)
    udp_sendto                               0x080069ed   Thumb Code    50  udp.o(.text)
    udp_send                                 0x08006a1f   Thumb Code     6  udp.o(.text)
    udp_connect                              0x08006a25   Thumb Code    70  udp.o(.text)
    udp_disconnect                           0x08006a6b   Thumb Code    20  udp.o(.text)
    udp_recv                                 0x08006a7f   Thumb Code     6  udp.o(.text)
    udp_remove                               0x08006a85   Thumb Code    40  udp.o(.text)
    udp_new                                  0x08006aad   Thumb Code    26  udp.o(.text)
    icmp_input                               0x08006ad5   Thumb Code   422  icmp.o(.text)
    icmp_dest_unreach                        0x08006ceb   Thumb Code     6  icmp.o(.text)
    icmp_time_exceeded                       0x08006cf1   Thumb Code     6  icmp.o(.text)
    htonl                                    0x08006cfd   Thumb Code     4  inet.o(.text)
    inet_aton                                0x08006d01   Thumb Code   238  inet.o(.text)
    inet_addr                                0x08006def   Thumb Code    20  inet.o(.text)
    inet_ntoa                                0x08006e03   Thumb Code    80  inet.o(.text)
    htons                                    0x08006e53   Thumb Code     4  inet.o(.text)
    ntohs                                    0x08006e57   Thumb Code     4  inet.o(.text)
    ntohl                                    0x08006e5b   Thumb Code     4  inet.o(.text)
    inet_chksum_pseudo                       0x08006ea1   Thumb Code   134  inet_chksum.o(.text)
    inet_chksum                              0x08006f27   Thumb Code    12  inet_chksum.o(.text)
    inet_chksum_pbuf                         0x08006f33   Thumb Code    72  inet_chksum.o(.text)
    ip_route                                 0x08006f7d   Thumb Code    72  ip.o(.text)
    ip_input                                 0x0800706d   Thumb Code   494  ip.o(.text)
    ip_output_if                             0x0800725b   Thumb Code   236  ip.o(.text)
    ip_output                                0x08007347   Thumb Code    78  ip.o(.text)
    ip_addr_isbroadcast                      0x08007399   Thumb Code    48  ip_addr.o(.text)
    ip_reass_tmr                             0x08007433   Thumb Code    40  ip_frag.o(.text)
    ip_reass                                 0x080075b1   Thumb Code   468  ip_frag.o(.text)
    ip_frag                                  0x08007785   Thumb Code   320  ip_frag.o(.text)
    vlwIPInit                                0x080078ed   Thumb Code    26  lwipentry.o(.text)
    LwIPEntry                                0x08007907   Thumb Code    98  lwipentry.o(.text)
    netconn_new_with_proto_and_callback      0x0800796d   Thumb Code    66  api_lib.o(.text)
    netconn_delete                           0x080079af   Thumb Code    36  api_lib.o(.text)
    netconn_getaddr                          0x080079d3   Thumb Code    32  api_lib.o(.text)
    netconn_bind                             0x080079f3   Thumb Code    30  api_lib.o(.text)
    netconn_connect                          0x08007a11   Thumb Code    30  api_lib.o(.text)
    netconn_disconnect                       0x08007a2f   Thumb Code    24  api_lib.o(.text)
    netconn_listen_with_backlog              0x08007a47   Thumb Code    24  api_lib.o(.text)
    netconn_accept                           0x08007a5f   Thumb Code    30  api_lib.o(.text)
    netconn_recv                             0x08007a7d   Thumb Code   222  api_lib.o(.text)
    netconn_send                             0x08007b5b   Thumb Code    26  api_lib.o(.text)
    netconn_sendto                           0x08007b75   Thumb Code    14  api_lib.o(.text)
    netconn_write                            0x08007b83   Thumb Code    32  api_lib.o(.text)
    netconn_close                            0x08007ba3   Thumb Code    24  api_lib.o(.text)
    netconn_gethostbyname                    0x08007bbb   Thumb Code    64  api_lib.o(.text)
    netconn_free                             0x08007fa1   Thumb Code   104  api_msg.o(.text)
    netconn_alloc                            0x08008009   Thumb Code    88  api_msg.o(.text)
    do_newconn                               0x080080ad   Thumb Code    28  api_msg.o(.text)
    do_delconn                               0x080080c9   Thumb Code   102  api_msg.o(.text)
    do_bind                                  0x0800812f   Thumb Code    92  api_msg.o(.text)
    do_connect                               0x080081b7   Thumb Code    96  api_msg.o(.text)
    do_disconnect                            0x08008217   Thumb Code    34  api_msg.o(.text)
    do_listen                                0x08008239   Thumb Code   142  api_msg.o(.text)
    do_send                                  0x080082c7   Thumb Code   118  api_msg.o(.text)
    do_recv                                  0x0800833d   Thumb Code    46  api_msg.o(.text)
    do_write                                 0x0800836b   Thumb Code    52  api_msg.o(.text)
    do_getaddr                               0x0800839f   Thumb Code   114  api_msg.o(.text)
    do_close                                 0x08008411   Thumb Code    32  api_msg.o(.text)
    do_gethostbyname                         0x0800844b   Thumb Code    36  api_msg.o(.text)
    netbuf_new                               0x08008505   Thumb Code    24  netbuf.o(.text)
    netbuf_delete                            0x0800851d   Thumb Code    34  netbuf.o(.text)
    netbuf_alloc                             0x0800853f   Thumb Code    36  netbuf.o(.text)
    netbuf_free                              0x08008563   Thumb Code    20  netbuf.o(.text)
    netbuf_ref                               0x08008577   Thumb Code    56  netbuf.o(.text)
    netbuf_chain                             0x080085af   Thumb Code    30  netbuf.o(.text)
    netbuf_data                              0x080085cd   Thumb Code    24  netbuf.o(.text)
    netbuf_next                              0x080085e5   Thumb Code    26  netbuf.o(.text)
    netbuf_first                             0x080085ff   Thumb Code     6  netbuf.o(.text)
    tcp_timer_needed                         0x0800862d   Thumb Code    36  tcpip.o(.text)
    tcpip_input                              0x08008729   Thumb Code    68  tcpip.o(.text)
    tcpip_callback_with_block                0x0800876d   Thumb Code    86  tcpip.o(.text)
    tcpip_timeout                            0x080087c3   Thumb Code    58  tcpip.o(.text)
    tcpip_untimeout                          0x080087fd   Thumb Code    52  tcpip.o(.text)
    tcpip_apimsg                             0x08008831   Thumb Code    48  tcpip.o(.text)
    tcpip_init                               0x08008861   Thumb Code    36  tcpip.o(.text)
    pbuf_free_callback                       0x08008889   Thumb Code     8  tcpip.o(.text)
    mem_free_callback                        0x08008891   Thumb Code     8  tcpip.o(.text)
    __aeabi_memcpy                           0x080088d1   Thumb Code    36  memcpya.o(.text)
    __aeabi_memcpy4                          0x080088d1   Thumb Code     0  memcpya.o(.text)
    __aeabi_memcpy8                          0x080088d1   Thumb Code     0  memcpya.o(.text)
    __aeabi_memset                           0x080088f5   Thumb Code    14  memseta.o(.text)
    __aeabi_memset4                          0x080088f5   Thumb Code     0  memseta.o(.text)
    __aeabi_memset8                          0x080088f5   Thumb Code     0  memseta.o(.text)
    __aeabi_memclr                           0x08008903   Thumb Code     4  memseta.o(.text)
    __aeabi_memclr4                          0x08008903   Thumb Code     0  memseta.o(.text)
    __aeabi_memclr8                          0x08008903   Thumb Code     0  memseta.o(.text)
    _memset$wrapper                          0x08008907   Thumb Code    18  memseta.o(.text)
    strlen                                   0x08008919   Thumb Code    14  strlen.o(.text)
    strcmp                                   0x08008927   Thumb Code    28  strcmp.o(.text)
    strcpy                                   0x08008943   Thumb Code    18  strcpy.o(.text)
    __aeabi_uidiv                            0x08008955   Thumb Code     0  uidiv.o(.text)
    __aeabi_uidivmod                         0x08008955   Thumb Code    44  uidiv.o(.text)
    __aeabi_uldivmod                         0x08008981   Thumb Code    98  uldiv.o(.text)
    __I$use$fp                               0x080089e3   Thumb Code     0  iusefp.o(.text)
    __aeabi_dadd                             0x080089e3   Thumb Code   322  dadd.o(.text)
    __aeabi_dsub                             0x08008b25   Thumb Code     6  dadd.o(.text)
    __aeabi_drsub                            0x08008b2b   Thumb Code     6  dadd.o(.text)
    __aeabi_dmul                             0x08008b31   Thumb Code   228  dmul.o(.text)
    __aeabi_ddiv                             0x08008c15   Thumb Code   222  ddiv.o(.text)
    __aeabi_d2ulz                            0x08008cf3   Thumb Code    48  dfixul.o(.text)
    __aeabi_cdrcmple                         0x08008d25   Thumb Code    38  cdrcmple.o(.text)
    __scatterload                            0x08008d4d   Thumb Code    28  init.o(.text)
    __scatterload_rt2                        0x08008d4d   Thumb Code     0  init.o(.text)
    __aeabi_llsl                             0x08008d71   Thumb Code    30  llshl.o(.text)
    _ll_shift_l                              0x08008d71   Thumb Code     0  llshl.o(.text)
    __aeabi_llsr                             0x08008d8f   Thumb Code    32  llushr.o(.text)
    _ll_ushift_r                             0x08008d8f   Thumb Code     0  llushr.o(.text)
    __aeabi_lasr                             0x08008daf   Thumb Code    36  llsshr.o(.text)
    _ll_sshift_r                             0x08008daf   Thumb Code     0  llsshr.o(.text)
    _double_round                            0x08008dd3   Thumb Code    26  depilogue.o(.text)
    _double_epilogue                         0x08008ded   Thumb Code   156  depilogue.o(.text)
    __decompress                             0x08008e89   Thumb Code     0  __dczerorl2.o(.text)
    __decompress1                            0x08008e89   Thumb Code    86  __dczerorl2.o(.text)
    __0vsprintf                              0x08008ee1   Thumb Code    30  printfa.o(i.__0vsprintf)
    __1vsprintf                              0x08008ee1   Thumb Code     0  printfa.o(i.__0vsprintf)
    __2vsprintf                              0x08008ee1   Thumb Code     0  printfa.o(i.__0vsprintf)
    __c89vsprintf                            0x08008ee1   Thumb Code     0  printfa.o(i.__0vsprintf)
    vsprintf                                 0x08008ee1   Thumb Code     0  printfa.o(i.__0vsprintf)
    __scatterload_copy                       0x08008f05   Thumb Code    14  handlers.o(i.__scatterload_copy)
    __scatterload_null                       0x08008f13   Thumb Code     2  handlers.o(i.__scatterload_null)
    __scatterload_zeroinit                   0x08008f15   Thumb Code    14  handlers.o(i.__scatterload_zeroinit)
    ethbroadcast                             0x080097c6   Data           6  etharp.o(.constdata)
    ethzero                                  0x080097cc   Data           6  etharp.o(.constdata)
    tcp_persist_backoff                      0x0800980a   Data           7  tcp.o(.constdata)
    tcp_backoff                              0x08009811   Data          13  tcp.o(.constdata)
    ip_addr_any                              0x0800981e   Data           4  ip_addr.o(.constdata)
    Region$$Table$$Base                      0x08009914   Number         0  anon$$obj.o(Region$$Table)
    Region$$Table$$Limit                     0x08009934   Number         0  anon$$obj.o(Region$$Table)
    serverIP                                 0x20000000   Data           4  netconfig.o(.data)
    maskIP                                   0x20000004   Data           4  netconfig.o(.data)
    gateIP                                   0x20000008   Data           4  netconfig.o(.data)
    m_mac                                    0x2000000c   Data           6  netconfig.o(.data)
    pxCurrentTCB                             0x20000030   Data           4  tasks.o(.data)
    netif_list                               0x200000b0   Data           4  netif.o(.data)
    netif_default                            0x200000b4   Data           4  netif.o(.data)
    tcp_ticks                                0x200000c8   Data           4  tcp.o(.data)
    tcp_bound_pcbs                           0x200000cc   Data           4  tcp.o(.data)
    tcp_listen_pcbs                          0x200000d0   Data           4  tcp.o(.data)
    tcp_active_pcbs                          0x200000d4   Data           4  tcp.o(.data)
    tcp_tw_pcbs                              0x200000d8   Data           4  tcp.o(.data)
    tcp_tmp_pcb                              0x200000dc   Data           4  tcp.o(.data)
    tcp_state_str                            0x200000e0   Data          44  tcp.o(.data)
    tcp_input_pcb                            0x20000124   Data           4  tcp_in.o(.data)
    udp_pcbs                                 0x20000128   Data           4  udp.o(.data)
    current_netif                            0x20000130   Data           4  ip.o(.data)
    current_header                           0x20000134   Data           4  ip.o(.data)
    DM9000AEP                                0x20000150   Data          48  netconfig.o(.bss)
    Rx_Data_Buf                              0x200046ac   Data        1516  ethernetif.o(.bss)
    Tx_Data_Buf                              0x20004c98   Data        1516  ethernetif.o(.bss)
    lwip_stats                               0x200091ec   Data         330  stats.o(.bss)
    __initial_sp                             0x20009f30   Data           0  cstartup.o(STACK)



==============================================================================

Memory Map of the image

  Image Entry point : 0x080000ed

  Load Region LR_IROM1 (Base: 0x08000000, Size: 0x00009a84, Max: 0x00040000, ABSOLUTE, COMPRESSED[0x00009978])

    Execution Region ER_IROM1 (Base: 0x08000000, Size: 0x00009934, Max: 0x00040000, ABSOLUTE)

    Base Addr    Size         Type   Attr      Idx    E Section Name        Object

    0x08000000   0x000000ec   Data   RO          437    RESET               cstartup.o
    0x080000ec   0x00000000   Code   RO         1656  * .ARM.Collect$$$$00000000  mc_w.l(entry.o)
    0x080000ec   0x00000004   Code   RO         1701    .ARM.Collect$$$$00000001  mc_w.l(entry2.o)
    0x080000f0   0x00000004   Code   RO         1704    .ARM.Collect$$$$00000004  mc_w.l(entry5.o)
    0x080000f4   0x00000000   Code   RO         1706    .ARM.Collect$$$$00000008  mc_w.l(entry7b.o)
    0x080000f4   0x00000000   Code   RO         1708    .ARM.Collect$$$$0000000A  mc_w.l(entry8b.o)
    0x080000f4   0x00000008   Code   RO         1709    .ARM.Collect$$$$0000000B  mc_w.l(entry9a.o)
    0x080000fc   0x00000000   Code   RO         1711    .ARM.Collect$$$$0000000D  mc_w.l(entry10a.o)
    0x080000fc   0x00000000   Code   RO         1713    .ARM.Collect$$$$0000000F  mc_w.l(entry11a.o)
    0x080000fc   0x00000004   Code   RO         1702    .ARM.Collect$$$$00002712  mc_w.l(entry2.o)
    0x08000100   0x00000096   Code   RO          687    .emb_text           port.o
    0x08000196   0x00000002   PAD
    0x08000198   0x00000050   Code   RO            3    .text               main.o
    0x080001e8   0x00000094   Code   RO          189    .text               app_led.o
    0x0800027c   0x000000cc   Code   RO          223    .text               netconfig.o
    0x08000348   0x000001ec   Code   RO          317    .text               app_serial.o
    0x08000534   0x00000090   Code   RO          364    .text               bsp.o
    0x080005c4   0x000003c8   Code   RO          384    .text               dm9000x.o
    0x0800098c   0x0000001c   Code   RO          438    .text               cstartup.o
    0x080009a8   0x00000264   Code   RO          444    .text               stm32f10x_gpio.o
    0x08000c0c   0x000002b8   Code   RO          464    .text               stm32f10x_rcc.o
    0x08000ec4   0x000000b0   Code   RO          512    .text               misc.o
    0x08000f74   0x00000328   Code   RO          532    .text               stm32f10x_usart.o
    0x0800129c   0x00000088   Code   RO          622    .text               list.o
    0x08001324   0x00000552   Code   RO          634    .text               queue.o
    0x08001876   0x00000002   PAD
    0x08001878   0x00000e2c   Code   RO          649    .text               tasks.o
    0x080026a4   0x000000c4   Code   RO          688    .text               port.o
    0x08002768   0x000000f4   Code   RO          718    .text               heap_2.o
    0x0800285c   0x000000fc   Code   RO          735    .text               ethernetif.o
    0x08002958   0x0000024c   Code   RO          771    .text               sys_arch.o
    0x08002ba4   0x00000720   Code   RO          817    .text               etharp.o
    0x080032c4   0x000004c0   Code   RO          904    .text               dns.o
    0x08003784   0x00000308   Code   RO          957    .text               mem.o
    0x08003a8c   0x00000104   Code   RO          975    .text               memp.o
    0x08003b90   0x0000018c   Code   RO         1008    .text               netif.o
    0x08003d1c   0x00000434   Code   RO         1031    .text               pbuf.o
    0x08004150   0x00000160   Code   RO         1058    .text               raw.o
    0x080042b0   0x000001d8   Code   RO         1084    .text               sys.o
    0x08004488   0x00000938   Code   RO         1105    .text               tcp.o
    0x08004dc0   0x00000fc8   Code   RO         1127    .text               tcp_in.o
    0x08005d88   0x00000988   Code   RO         1150    .text               tcp_out.o
    0x08006710   0x000003c4   Code   RO         1162    .text               udp.o
    0x08006ad4   0x00000228   Code   RO         1180    .text               icmp.o
    0x08006cfc   0x00000168   Code   RO         1198    .text               inet.o
    0x08006e64   0x00000116   Code   RO         1212    .text               inet_chksum.o
    0x08006f7a   0x00000002   PAD
    0x08006f7c   0x0000041c   Code   RO         1228    .text               ip.o
    0x08007398   0x00000030   Code   RO         1249    .text               ip_addr.o
    0x080073c8   0x00000524   Code   RO         1272    .text               ip_frag.o
    0x080078ec   0x00000080   Code   RO         1289    .text               lwipentry.o
    0x0800796c   0x000002c0   Code   RO         1376    .text               api_lib.o
    0x08007c2c   0x000008d8   Code   RO         1424    .text               api_msg.o
    0x08008504   0x00000100   Code   RO         1485    .text               netbuf.o
    0x08008604   0x000002cc   Code   RO         1599    .text               tcpip.o
    0x080088d0   0x00000024   Code   RO         1659    .text               mc_w.l(memcpya.o)
    0x080088f4   0x00000024   Code   RO         1661    .text               mc_w.l(memseta.o)
    0x08008918   0x0000000e   Code   RO         1663    .text               mc_w.l(strlen.o)
    0x08008926   0x0000001c   Code   RO         1665    .text               mc_w.l(strcmp.o)
    0x08008942   0x00000012   Code   RO         1667    .text               mc_w.l(strcpy.o)
    0x08008954   0x0000002c   Code   RO         1718    .text               mc_w.l(uidiv.o)
    0x08008980   0x00000062   Code   RO         1720    .text               mc_w.l(uldiv.o)
    0x080089e2   0x00000000   Code   RO         1731    .text               mc_w.l(iusefp.o)
    0x080089e2   0x0000014e   Code   RO         1732    .text               mf_w.l(dadd.o)
    0x08008b30   0x000000e4   Code   RO         1734    .text               mf_w.l(dmul.o)
    0x08008c14   0x000000de   Code   RO         1736    .text               mf_w.l(ddiv.o)
    0x08008cf2   0x00000030   Code   RO         1738    .text               mf_w.l(dfixul.o)
    0x08008d22   0x00000002   PAD
    0x08008d24   0x00000028   Code   RO         1740    .text               mf_w.l(cdrcmple.o)
    0x08008d4c   0x00000024   Code   RO         1742    .text               mc_w.l(init.o)
    0x08008d70   0x0000001e   Code   RO         1745    .text               mc_w.l(llshl.o)
    0x08008d8e   0x00000020   Code   RO         1747    .text               mc_w.l(llushr.o)
    0x08008dae   0x00000024   Code   RO         1749    .text               mc_w.l(llsshr.o)
    0x08008dd2   0x000000b6   Code   RO         1782    .text               mf_w.l(depilogue.o)
    0x08008e88   0x00000056   Code   RO         1794    .text               mc_w.l(__dczerorl2.o)
    0x08008ede   0x00000002   PAD
    0x08008ee0   0x00000024   Code   RO         1678    i.__0vsprintf       mc_w.l(printfa.o)
    0x08008f04   0x0000000e   Code   RO         1788    i.__scatterload_copy  mc_w.l(handlers.o)
    0x08008f12   0x00000002   Code   RO         1789    i.__scatterload_null  mc_w.l(handlers.o)
    0x08008f14   0x0000000e   Code   RO         1790    i.__scatterload_zeroinit  mc_w.l(handlers.o)
    0x08008f22   0x00000002   PAD
    0x08008f24   0x00000164   Code   RO         1679    i._fp_digits        mc_w.l(printfa.o)
    0x08009088   0x000006dc   Code   RO         1680    i._printf_core      mc_w.l(printfa.o)
    0x08009764   0x00000024   Code   RO         1681    i._printf_post_padding  mc_w.l(printfa.o)
    0x08009788   0x0000002e   Code   RO         1682    i._printf_pre_padding  mc_w.l(printfa.o)
    0x080097b6   0x0000000a   Code   RO         1684    i._sputc            mc_w.l(printfa.o)
    0x080097c0   0x00000006   Data   RO          190    .constdata          app_led.o
    0x080097c6   0x0000000c   Data   RO          819    .constdata          etharp.o
    0x080097d2   0x00000038   Data   RO          977    .constdata          memp.o
    0x0800980a   0x00000014   Data   RO         1106    .constdata          tcp.o
    0x0800981e   0x00000004   Data   RO         1250    .constdata          ip_addr.o
    0x08009822   0x00000002   PAD
    0x08009824   0x00000075   Data   RO         1107    .conststring        tcp.o
    0x08009899   0x00000003   PAD
    0x0800989c   0x00000078   Data   RO         1290    .conststring        lwipentry.o
    0x08009914   0x00000020   Data   RO         1786    Region$$Table       anon$$obj.o


    Execution Region RW_IRAM1 (Base: 0x20000000, Size: 0x00009f30, Max: 0x0000c000, ABSOLUTE, COMPRESSED[0x00000044])

    Base Addr    Size         Type   Attr      Idx    E Section Name        Object

    0x20000000   0x00000012   Data   RW          231    .data               netconfig.o
    0x20000012   0x00000002   PAD
    0x20000014   0x00000008   Data   RW          318    .data               app_serial.o
    0x2000001c   0x00000014   Data   RW          465    .data               stm32f10x_rcc.o
    0x20000030   0x0000003c   Data   RW          651    .data               tasks.o
    0x2000006c   0x00000004   Data   RW          689    .data               port.o
    0x20000070   0x00000018   Data   RW          720    .data               heap_2.o
    0x20000088   0x00000002   Data   RW          773    .data               sys_arch.o
    0x2000008a   0x00000001   Data   RW          820    .data               etharp.o
    0x2000008b   0x00000001   PAD
    0x2000008c   0x00000010   Data   RW          906    .data               dns.o
    0x2000009c   0x00000010   Data   RW          959    .data               mem.o
    0x200000ac   0x0000000c   Data   RW         1009    .data               netif.o
    0x200000b8   0x00000001   Data   RW         1032    .data               pbuf.o
    0x200000b9   0x00000003   PAD
    0x200000bc   0x00000004   Data   RW         1059    .data               raw.o
    0x200000c0   0x0000004c   Data   RW         1108    .data               tcp.o
    0x2000010c   0x0000001c   Data   RW         1129    .data               tcp_in.o
    0x20000128   0x00000004   Data   RW         1163    .data               udp.o
    0x2000012c   0x0000000c   Data   RW         1229    .data               ip.o
    0x20000138   0x00000008   Data   RW         1274    .data               ip_frag.o
    0x20000140   0x00000010   Data   RW         1600    .data               tcpip.o
    0x20000150   0x00000030   Zero   RW          225    .bss                netconfig.o
    0x20000180   0x0000012c   Zero   RW          650    .bss                tasks.o
    0x200002ac   0x00004400   Zero   RW          719    .bss                heap_2.o
    0x200046ac   0x00000bd8   Zero   RW          736    .bss                ethernetif.o
    0x20005284   0x00000028   Zero   RW          772    .bss                sys_arch.o
    0x200052ac   0x000000c8   Zero   RW          818    .bss                etharp.o
    0x20005374   0x00000660   Zero   RW          905    .bss                dns.o
    0x200059d4   0x000007e4   Zero   RW          958    .bss                mem.o
    0x200061b8   0x00003033   Zero   RW          976    .bss                memp.o
    0x200091eb   0x00000001   PAD
    0x200091ec   0x0000014a   Zero   RW         1072    .bss                stats.o
    0x20009336   0x00000002   PAD
    0x20009338   0x00000014   Zero   RW         1128    .bss                tcp_in.o
    0x2000934c   0x00000010   Zero   RW         1199    .bss                inet.o
    0x2000935c   0x000007d4   Zero   RW         1273    .bss                ip_frag.o
    0x20009b30   0x00000400   Zero   RW          435    STACK               cstartup.o


==============================================================================

Image component sizes


      Code (inc. data)   RO Data    RW Data    ZI Data      Debug   Object Name

       704         50          0          0          0      18642   api_lib.o
      2264         38          0          0          0      25067   api_msg.o
       148         18          6          0          0       1270   app_led.o
       492         30          0          8          0       9898   app_serial.o
       144          4          0          0          0       1047   bsp.o
        28          4        236          0       1024        792   cstartup.o
       968         20          0          0          0       4114   dm9000x.o
      1216         50          0         16       1632       5567   dns.o
      1824         30         12          1        200      16427   etharp.o
       252         24          0          0       3032       3644   ethernetif.o
         0          0          0          0          0       9540   event_groups.o
       244          8          0         24      17408       2968   heap_2.o
       552          6          0          0          0       2146   icmp.o
       360         12          0          0         16       2878   inet.o
       278          0          0          0          0       4938   inet_chksum.o
         0          0          0          0          0        672   init.o
      1052         20          0         12          0       5778   ip.o
        48          0          4          0          0       5345   ip_addr.o
      1316         22          0          8       2004       4700   ip_frag.o
       136          0          0          0          0       1650   list.o
       128          4        120          0          0      18469   lwipentry.o
        80         20          0          0          0     253654   main.o
       776         14          0         16       2020       3510   mem.o
       260         12         56          0      12339       3038   memp.o
       176         14          0          0          0       1649   misc.o
       256          0          0          0          0       6197   netbuf.o
       204         18          0         18         48      15486   netconfig.o
       396         14          0         12          0       4846   netif.o
      1076         14          0          1          0       5670   pbuf.o
       346         30          0          4          0       6962   port.o
      1362          6          0          0          0       9145   queue.o
       352          6          0          4          0       2889   raw.o
         0          0          0          0        330       3329   stats.o
       612         36          0          0          0       4925   stm32f10x_gpio.o
       696         32          0         20          0       8036   stm32f10x_rcc.o
       808         22          0          0          0       7252   stm32f10x_usart.o
       472          4          0          0          0       2676   sys.o
       588         14          0          2         40       7962   sys_arch.o
      3628         84          0         60        300      26586   tasks.o
      2360         46        137         76          0      16595   tcp.o
      4040         80          0         28         20      13272   tcp_in.o
      2440         28          0          0          0       5414   tcp_out.o
       716         62          0         16          0      20488   tcpip.o
       964         14          0          4          0       5301   udp.o

    ----------------------------------------------------------------------
     34768        910        608        336      40416     580434   Object Totals
         0          0         32          0          0          0   (incl. Generated)
         6          0          5          6          3          0   (incl. Padding)

    ----------------------------------------------------------------------

      Code (inc. data)   RO Data    RW Data    ZI Data      Debug   Library Member Name

        86          0          0          0          0          0   __dczerorl2.o
         0          0          0          0          0          0   entry.o
         0          0          0          0          0          0   entry10a.o
         0          0          0          0          0          0   entry11a.o
         8          4          0          0          0          0   entry2.o
         4          0          0          0          0          0   entry5.o
         0          0          0          0          0          0   entry7b.o
         0          0          0          0          0          0   entry8b.o
         8          4          0          0          0          0   entry9a.o
        30          0          0          0          0          0   handlers.o
        36          8          0          0          0         68   init.o
         0          0          0          0          0          0   iusefp.o
        30          0          0          0          0         68   llshl.o
        36          0          0          0          0         68   llsshr.o
        32          0          0          0          0         68   llushr.o
        36          0          0          0          0         68   memcpya.o
        36          0          0          0          0        108   memseta.o
      2240         86          0          0          0        508   printfa.o
        28          0          0          0          0         76   strcmp.o
        18          0          0          0          0         68   strcpy.o
        14          0          0          0          0         68   strlen.o
        44          0          0          0          0         80   uidiv.o
        98          0          0          0          0         92   uldiv.o
        40          2          0          0          0         68   cdrcmple.o
       334          0          0          0          0        148   dadd.o
       222          0          0          0          0        100   ddiv.o
       182          0          0          0          0        176   depilogue.o
        48          0          0          0          0         68   dfixul.o
       228          0          0          0          0         96   dmul.o

    ----------------------------------------------------------------------
      3844        104          0          0          0       1996   Library Totals
         6          0          0          0          0          0   (incl. Padding)

    ----------------------------------------------------------------------

      Code (inc. data)   RO Data    RW Data    ZI Data      Debug   Library Name

      2784        102          0          0          0       1340   mc_w.l
      1054          2          0          0          0        656   mf_w.l

    ----------------------------------------------------------------------
      3844        104          0          0          0       1996   Library Totals

    ----------------------------------------------------------------------

==============================================================================


      Code (inc. data)   RO Data    RW Data    ZI Data      Debug   

     38612       1014        608        336      40416     577150   Grand Totals
     38612       1014        608         68      40416     577150   ELF Image Totals (compressed)
     38612       1014        608         68          0          0   ROM Totals

==============================================================================

    Total RO  Size (Code + RO Data)                39220 (  38.30kB)
    Total RW  Size (RW Data + ZI Data)             40752 (  39.80kB)
    Total ROM Size (Code + RO Data + RW Data)      39288 (  38.37kB)

==============================================================================

