Product: MDK-ARM Standard 5.10
Component: ARM Compiler 5.04 update 1 (build 49)
Tool: armlink [5040049]

==============================================================================

Section Cross References

    main.o(.text) refers to system_stm32f10x.o(.text) for SystemInit
    main.o(.text) refers to netconfig.o(.text) for LwIP_Init
    main.o(.text) refers to clock-arch.o(.text) for clock_arch_init
    main.o(.text) refers to app_led.o(.text) for BSP_LED_Init
    main.o(.text) refers to tasks.o(.text) for xTaskCreate
    app_led.o(.text) refers to stm32f10x_rcc.o(.text) for RCC_APB2PeriphClockCmd
    app_led.o(.text) refers to stm32f10x_gpio.o(.text) for GPIO_Init
    app_led.o(.text) refers to tasks.o(.text) for vTaskDelay
    netconfig.o(.text) refers to tcp.o(.text) for tcp_tmr
    netconfig.o(.text) refers to dns.o(.text) for dns_tmr
    netconfig.o(.text) refers to etharp.o(.text) for etharp_tmr
    netconfig.o(.text) refers to ethernetif.o(.text) for ethernetif_input
    netconfig.o(.text) refers to init.o(.text) for lwip_init
    netconfig.o(.text) refers to inet.o(.text) for htonl
    netconfig.o(.text) refers to netif.o(.text) for netif_add
    netconfig.o(.text) refers to clock-arch.o(.data) for sys_ticks
    netconfig.o(.text) refers to netconfig.o(.data) for .data
    netconfig.o(.text) refers to netconfig.o(.bss) for .bss
    clock-arch.o(.text) refers to clock-arch.o(.data) for .data
    dm9000x.o(.text) refers to stm32f10x_rcc.o(.text) for RCC_APB2PeriphClockCmd
    dm9000x.o(.text) refers to stm32f10x_gpio.o(.text) for GPIO_PinRemapConfig
    cstartup.o(RESET) refers to cstartup.o(STACK) for __initial_sp
    cstartup.o(RESET) refers to cstartup.o(.text) for Reset_Handler
    cstartup.o(RESET) refers to port.o(.emb_text) for vPortSVCHandler
    cstartup.o(RESET) refers to port.o(.text) for xPortSysTickHandler
    cstartup.o(.text) refers to entry.o(.ARM.Collect$$$$00000000) for __main
    stm32f10x_gpio.o(.text) refers to stm32f10x_rcc.o(.text) for RCC_APB2PeriphResetCmd
    stm32f10x_rcc.o(.text) refers to stm32f10x_rcc.o(.data) for .data
    system_stm32f10x.o(.text) refers to system_stm32f10x.o(.data) for .data
    event_groups.o(.text) refers to heap_2.o(.text) for pvPortMalloc
    event_groups.o(.text) refers to list.o(.text) for vListInitialise
    event_groups.o(.text) refers to tasks.o(.text) for vTaskSuspendAll
    event_groups.o(.text) refers to port.o(.text) for vPortEnterCritical
    queue.o(.text) refers to port.o(.text) for vPortEnterCritical
    queue.o(.text) refers to list.o(.text) for vListInitialise
    queue.o(.text) refers to tasks.o(.text) for xTaskRemoveFromEventList
    queue.o(.text) refers to heap_2.o(.text) for pvPortMalloc
    queue.o(.text) refers to memcpya.o(.text) for __aeabi_memcpy
    tasks.o(.text) refers to list.o(.text) for vListInitialise
    tasks.o(.text) refers to port.o(.text) for vPortEnterCritical
    tasks.o(.text) refers to heap_2.o(.text) for pvPortMalloc
    tasks.o(.text) refers to tasks.o(.bss) for .bss
    tasks.o(.text) refers to tasks.o(.data) for .data
    port.o(.emb_text) refers to tasks.o(.text) for vTaskSwitchContext
    port.o(.emb_text) refers to tasks.o(.data) for pxCurrentTCB
    port.o(.text) refers to port.o(.emb_text) for __asm___6_port_c_39a90d8d__prvStartFirstTask
    port.o(.text) refers to tasks.o(.text) for xTaskIncrementTick
    port.o(.text) refers to port.o(.data) for .data
    heap_2.o(.text) refers to tasks.o(.text) for vTaskSuspendAll
    heap_2.o(.text) refers to heap_2.o(.bss) for .bss
    heap_2.o(.text) refers to heap_2.o(.data) for .data
    ethernetif.o(.text) refers to dm9000x.o(.text) for dm9000x_inital
    ethernetif.o(.text) refers to memcpya.o(.text) for __aeabi_memcpy
    ethernetif.o(.text) refers to pbuf.o(.text) for pbuf_alloc
    ethernetif.o(.text) refers to mem.o(.text) for mem_malloc
    ethernetif.o(.text) refers to netconfig.o(.data) for m_mac
    ethernetif.o(.text) refers to ethernetif.o(.bss) for .bss
    ethernetif.o(.text) refers to etharp.o(.text) for etharp_output
    sys_arch.o(.text) refers to queue.o(.text) for xQueueGenericCreate
    sys_arch.o(.text) refers to tasks.o(.text) for xTaskGetTickCount
    sys_arch.o(.text) refers to port.o(.text) for vPortEnterCritical
    sys_arch.o(.text) refers to stats.o(.bss) for lwip_stats
    sys_arch.o(.text) refers to sys_arch.o(.bss) for .bss
    sys_arch.o(.text) refers to sys_arch.o(.data) for .data
    etharp.o(.text) refers to pbuf.o(.text) for pbuf_free
    etharp.o(.text) refers to memp.o(.text) for memp_free
    etharp.o(.text) refers to inet.o(.text) for htons
    etharp.o(.text) refers to ip_addr.o(.text) for ip_addr_isbroadcast
    etharp.o(.text) refers to etharp.o(.bss) for .bss
    etharp.o(.text) refers to etharp.o(.data) for .data
    etharp.o(.text) refers to stats.o(.bss) for lwip_stats
    etharp.o(.text) refers to ip.o(.text) for ip_input
    etharp.o(.text) refers to etharp.o(.constdata) for .constdata
[...]
    ../clib/microlib/ctype/ctype.c           0x00000000   Number         0  ctype_o.o ABSOLUTE
    ../clib/microlib/ctype/ctype.c           0x00000000   Number         0  ispunct_o.o ABSOLUTE
    ../clib/microlib/ctype/ctype.c           0x00000000   Number         0  isalnum_o.o ABSOLUTE
    ../clib/microlib/ctype/ctype.c           0x00000000   Number         0  isupper_o.o ABSOLUTE
    ../clib/microlib/ctype/ctype.c           0x00000000   Number         0  isblank_o.o ABSOLUTE
    ../clib/microlib/ctype/ctype.c           0x00000000   Number         0  iscntrl_o.o ABSOLUTE
    ../clib/microlib/ctype/ctype.c           0x00000000   Number         0  isxdigit_o.o ABSOLUTE
    ../clib/microlib/ctype/ctype.c           0x00000000   Number         0  isdigit_o.o ABSOLUTE
    ../clib/microlib/ctype/ctype.c           0x00000000   Number         0  isgraph_o.o ABSOLUTE
    ../clib/microlib/ctype/ctype.c           0x00000000   Number         0  islower_o.o ABSOLUTE
    ../clib/microlib/errno.c                 0x00000000   Number         0  errno.o ABSOLUTE
    ../clib/microlib/init/entry.s            0x00000000   Number         0  entry2.o ABSOLUTE
    ../clib/microlib/init/entry.s            0x00000000   Number         0  entry.o ABSOLUTE
    ../clib/microlib/init/entry.s            0x00000000   Number         0  entry5.o ABSOLUTE
    ../clib/microlib/init/entry.s            0x00000000   Number         0  entry7a.o ABSOLUTE
    ../clib/microlib/init/entry.s            0x00000000   Number         0  entry7b.o ABSOLUTE
    ../clib/microlib/init/entry.s            0x00000000   Number         0  entry10a.o ABSOLUTE
    ../clib/microlib/init/entry.s            0x00000000   Number         0  entry10b.o ABSOLUTE
    ../clib/microlib/init/entry.s            0x00000000   Number         0  entry8a.o ABSOLUTE
    ../clib/microlib/init/entry.s            0x00000000   Number         0  entry11a.o ABSOLUTE
    ../clib/microlib/init/entry.s            0x00000000   Number         0  entry11b.o ABSOLUTE
    ../clib/microlib/init/entry.s            0x00000000   Number         0  entry9a.o ABSOLUTE
    ../clib/microlib/init/entry.s            0x00000000   Number         0  entry9b.o ABSOLUTE
    ../clib/microlib/init/entry.s            0x00000000   Number         0  entry8b.o ABSOLUTE
    ../clib/microlib/string/memcpy.c         0x00000000   Number         0  memcpya.o ABSOLUTE
    ../clib/microlib/string/memcpy.c         0x00000000   Number         0  memcpyb.o ABSOLUTE
    ../clib/microlib/string/memset.c         0x00000000   Number         0  memseta.o ABSOLUTE
    ../clib/microlib/string/strcmp.c         0x00000000   Number         0  strcmp.o ABSOLUTE
    ../clib/microlib/string/strcpy.c         0x00000000   Number         0  strcpy.o ABSOLUTE
    ../clib/microlib/string/strlen.c         0x00000000   Number         0  strlen.o ABSOLUTE
    ../clib/scanf.c                          0x00000000   Number         0  _chval.o ABSOLUTE
    ../clib/scanf.c                          0x00000000   Number         0  _strtoul.o ABSOLUTE
    ../clib/scanf.c                          0x00000000   Number         0  atoi.o ABSOLUTE
    ../clib/scanf.c                          0x00000000   Number         0  strtol.o ABSOLUTE
    ..\APP\app_led.c                         0x00000000   Number         0  app_led.o ABSOLUTE
    ..\APP\clock-arch.c                      0x00000000   Number         0  clock-arch.o ABSOLUTE
    ..\APP\main.c                            0x00000000   Number         0  main.o ABSOLUTE
    ..\APP\netconfig.c                       0x00000000   Number         0  netconfig.o ABSOLUTE
    ..\BSP\dm9000x.c                         0x00000000   Number         0  dm9000x.o ABSOLUTE
    ..\FreeRTOS\croutine.c                   0x00000000   Number         0  croutine.o ABSOLUTE
    ..\FreeRTOS\event_groups.c               0x00000000   Number         0  event_groups.o ABSOLUTE
    ..\FreeRTOS\list.c                       0x00000000   Number         0  list.o ABSOLUTE
    ..\FreeRTOS\portable\MemMang\heap_2.c    0x00000000   Number         0  heap_2.o ABSOLUTE
    ..\FreeRTOS\portable\RVDS\ARM_CM3\port.c 0x00000000   Number         0  port.o ABSOLUTE
    ..\FreeRTOS\queue.c                      0x00000000   Number         0  queue.o ABSOLUTE
    ..\FreeRTOS\tasks.c                      0x00000000   Number         0  tasks.o ABSOLUTE
    ..\FreeRTOS\timers.c                     0x00000000   Number         0  timers.o ABSOLUTE
    ..\Lwip-1.3.2\src\LwIPEntry\LwIPEntry.c  0x00000000   Number         0  lwipentry.o ABSOLUTE
    ..\Lwip-1.3.2\src\api\api_lib.c          0x00000000   Number         0  api_lib.o ABSOLUTE
    ..\Lwip-1.3.2\src\api\api_msg.c          0x00000000   Number         0  api_msg.o ABSOLUTE
    ..\Lwip-1.3.2\src\api\err.c              0x00000000   Number         0  err.o ABSOLUTE
    ..\Lwip-1.3.2\src\api\netbuf.c           0x00000000   Number         0  netbuf.o ABSOLUTE
    ..\Lwip-1.3.2\src\api\netdb.c            0x00000000   Number         0  netdb.o ABSOLUTE
    ..\Lwip-1.3.2\src\api\netifapi.c         0x00000000   Number         0  netifapi.o ABSOLUTE
    ..\Lwip-1.3.2\src\api\sockets.c          0x00000000   Number         0  sockets.o ABSOLUTE
    ..\Lwip-1.3.2\src\api\tcpip.c            0x00000000   Number         0  tcpip.o ABSOLUTE
    ..\Lwip-1.3.2\src\arch\sys_arch.c        0x00000000   Number         0  sys_arch.o ABSOLUTE
    ..\Lwip-1.3.2\src\core\dhcp.c            0x00000000   Number         0  dhcp.o ABSOLUTE
    ..\Lwip-1.3.2\src\core\dns.c             0x00000000   Number         0  dns.o ABSOLUTE
    ..\Lwip-1.3.2\src\core\init.c            0x00000000   Number         0  init.o ABSOLUTE
    ..\Lwip-1.3.2\src\core\ipv4\icmp.c       0x00000000   Number         0  icmp.o ABSOLUTE
    ..\Lwip-1.3.2\src\core\ipv4\igmp.c       0x00000000   Number         0  igmp.o ABSOLUTE
    ..\Lwip-1.3.2\src\core\ipv4\inet.c       0x00000000   Number         0  inet.o ABSOLUTE
    ..\Lwip-1.3.2\src\core\ipv4\inet_chksum.c 0x00000000   Number         0  inet_chksum.o ABSOLUTE
    ..\Lwip-1.3.2\src\core\ipv4\ip.c         0x00000000   Number         0  ip.o ABSOLUTE
    ..\Lwip-1.3.2\src\core\ipv4\ip_addr.c    0x00000000   Number         0  ip_addr.o ABSOLUTE
    ..\Lwip-1.3.2\src\core\ipv4\ip_frag.c    0x00000000   Number         0  ip_frag.o ABSOLUTE
    ..\Lwip-1.3.2\src\core\mem.c             0x00000000   Number         0  mem.o ABSOLUTE
    ..\Lwip-1.3.2\src\core\memp.c            0x00000000   Number         0  memp.o ABSOLUTE
    ..\Lwip-1.3.2\src\core\netif.c           0x00000000   Number         0  netif.o ABSOLUTE
    ..\Lwip-1.3.2\src\core\pbuf.c            0x00000000   Number         0  pbuf.o ABSOLUTE
    ..\Lwip-1.3.2\src\core\raw.c             0x00000000   Number         0  raw.o ABSOLUTE
    ..\Lwip-1.3.2\src\core\stats.c           0x00000000   Number         0  stats.o ABSOLUTE
    ..\Lwip-1.3.2\src\core\sys.c             0x00000000   Number         0  sys.o ABSOLUTE
    ..\Lwip-1.3.2\src\core\tcp.c             0x00000000   Number         0  tcp.o ABSOLUTE
    ..\Lwip-1.3.2\src\core\tcp_in.c          0x00000000   Number         0  tcp_in.o ABSOLUTE
    ..\Lwip-1.3.2\src\core\tcp_out.c         0x00000000   Number         0  tcp_out.o ABSOLUTE
    ..\Lwip-1.3.2\src\core\udp.c             0x00000000   Number         0  udp.o ABSOLUTE
    ..\Lwip-1.3.2\src\netif\etharp.c         0x00000000   Number         0  etharp.o ABSOLUTE
    ..\Lwip-1.3.2\src\netif\ethernetif.c     0x00000000   Number         0  ethernetif.o ABSOLUTE
    ..\STMLIB\src\stm32f10x_gpio.c           0x00000000   Number         0  stm32f10x_gpio.o ABSOLUTE
    ..\STMLIB\src\stm32f10x_rcc.c            0x00000000   Number         0  stm32f10x_rcc.o ABSOLUTE
    ..\STMLIB\src\system_stm32f10x.c         0x00000000   Number         0  system_stm32f10x.o ABSOLUTE
    ..\STMLIB\startup\cstartup.s             0x00000000   Number         0  cstartup.o ABSOLUTE
    ..\\APP\\app_led.c                       0x00000000   Number         0  app_led.o ABSOLUTE
    ..\\APP\\clock-arch.c                    0x00000000   Number         0  clock-arch.o ABSOLUTE
    ..\\APP\\main.c                          0x00000000   Number         0  main.o ABSOLUTE
    ..\\APP\\netconfig.c                     0x00000000   Number         0  netconfig.o ABSOLUTE
    ..\\BSP\\dm9000x.c                       0x00000000   Number         0  dm9000x.o ABSOLUTE
    ..\\FreeRTOS\\portable\\RVDS\\ARM_CM3\\port.c 0x00000000   Number         0  port.o ABSOLUTE
    ..\\Lwip-1.3.2\\src\\LwIPEntry\\LwIPEntry.c 0x00000000   Number         0  lwipentry.o ABSOLUTE
    ..\\Lwip-1.3.2\\src\\netif\\ethernetif.c 0x00000000   Number         0  ethernetif.o ABSOLUTE
    ..\\STMLIB\\src\\stm32f10x_gpio.c        0x00000000   Number         0  stm32f10x_gpio.o ABSOLUTE
    ..\\STMLIB\\src\\stm32f10x_rcc.c         0x00000000   Number         0  stm32f10x_rcc.o ABSOLUTE
    ..\\STMLIB\\src\\system_stm32f10x.c      0x00000000   Number         0  system_stm32f10x.o ABSOLUTE
    dc.s                                     0x00000000   Number         0  dc.o ABSOLUTE
    handlers.s                               0x00000000   Number         0  handlers.o ABSOLUTE
    init.s                                   0x00000000   Number         0  init.o ABSOLUTE
    RESET                                    0x08000000   Section      236  cstartup.o(RESET)
    .ARM.Collect$$$$00000000                 0x080000ec   Section        0  entry.o(.ARM.Collect$$$$00000000)
    .ARM.Collect$$$$00000001                 0x080000ec   Section        4  entry2.o(.ARM.Collect$$$$00000001)
    .ARM.Collect$$$$00000004                 0x080000f0   Section        4  entry5.o(.ARM.Collect$$$$00000004)
    .ARM.Collect$$$$00000008                 0x080000f4   Section        0  entry7b.o(.ARM.Collect$$$$00000008)
    .ARM.Collect$$$$0000000A                 0x080000f4   Section        0  entry8b.o(.ARM.Collect$$$$0000000A)
    .ARM.Collect$$$$0000000B                 0x080000f4   Section        8  entry9a.o(.ARM.Collect$$$$0000000B)
    .ARM.Collect$$$$0000000D                 0x080000fc   Section        0  entry10a.o(.ARM.Collect$$$$0000000D)
    .ARM.Collect$$$$0000000F                 0x080000fc   Section        0  entry11a.o(.ARM.Collect$$$$0000000F)
    .ARM.Collect$$$$00002712                 0x080000fc   Section        4  entry2.o(.ARM.Collect$$$$00002712)
    __lit__00000000                          0x080000fc   Data           4  entry2.o(.ARM.Collect$$$$00002712)
    .emb_text                                0x08000100   Section      150  port.o(.emb_text)
    .text                                    0x08000198   Section        0  main.o(.text)
    .text                                    0x0800020c   Section        0  app_led.o(.text)
    .text                                    0x080002e0   Section        0  netconfig.o(.text)
    .text                                    0x080003ec   Section        0  clock-arch.o(.text)
    .text                                    0x08000420   Section        0  dm9000x.o(.text)
    dm9000_delay                             0x08000421   Thumb Code     8  dm9000x.o(.text)
    dm9000_out_byte                          0x080004b1   Thumb Code   110  dm9000x.o(.text)
    ior                                      0x0800051f   Thumb Code   100  dm9000x.o(.text)
    iow                                      0x08000583   Thumb Code    20  dm9000x.o(.text)
    .text                                    0x08000800   Section       28  cstartup.o(.text)
    .text                                    0x0800081c   Section        0  stm32f10x_gpio.o(.text)
    .text                                    0x08000ab4   Section        0  stm32f10x_rcc.o(.text)
    .text                                    0x08000da8   Section        0  system_stm32f10x.o(.text)
    SetSysClockTo72                          0x08000da9   Thumb Code   166  system_stm32f10x.o(.text)
    SetSysClock                              0x08000e4f   Thumb Code     2  system_stm32f10x.o(.text)
    .text                                    0x08000f1c   Section        0  list.o(.text)
    .text                                    0x08000fa4   Section        0  queue.o(.text)
    prvInitialiseNewQueue                    0x08001017   Thumb Code    22  queue.o(.text)
    prvUnlockQueue                           0x0800105f   Thumb Code   106  queue.o(.text)
    prvIsQueueFull                           0x080010c9   Thumb Code    30  queue.o(.text)
    prvCopyDataToQueue                       0x080010e7   Thumb Code    92  queue.o(.text)
    prvIsQueueEmpty                          0x080012f1   Thumb Code    26  queue.o(.text)
    prvCopyDataFromQueue                     0x0800130b   Thumb Code    40  queue.o(.text)
    .text                                    0x08001534   Section        0  tasks.o(.text)
    prvInitialiseTaskLists                   0x08001535   Thumb Code    78  tasks.o(.text)
    prvAddNewTaskToReadyList                 0x08001583   Thumb Code   124  tasks.o(.text)
    prvInitialiseNewTask                     0x080015ff   Thumb Code   116  tasks.o(.text)
    prvResetNextTaskUnblockTime              0x080016cd   Thumb Code    30  tasks.o(.text)
    prvDeleteTCB                             0x080016eb   Thumb Code    20  tasks.o(.text)
    prvAddCurrentTaskToDelayedList           0x080018eb   Thumb Code   118  tasks.o(.text)
    prvTaskIsTaskSuspended                   0x08001b99   Thumb Code    30  tasks.o(.text)
    prvCheckTasksWaitingTermination          0x08001c85   Thumb Code    76  tasks.o(.text)
    prvIdleTask                              0x08001cd1   Thumb Code    30  tasks.o(.text)
    .text                                    0x080021dc   Section        0  port.o(.text)
    prvTaskExitError                         0x080021dd   Thumb Code    16  port.o(.text)
    .text                                    0x08002298   Section        0  heap_2.o(.text)
    prvHeapInit                              0x08002299   Thumb Code    30  heap_2.o(.text)
    .text                                    0x08002398   Section        0  ethernetif.o(.text)
    low_level_init                           0x08002399   Thumb Code    48  ethernetif.o(.text)
    low_level_output                         0x080023c9   Thumb Code    42  ethernetif.o(.text)
    low_level_input                          0x080023f3   Thumb Code    80  ethernetif.o(.text)
    .text                                    0x080024b8   Section        0  sys_arch.o(.text)
    .text                                    0x08002720   Section        0  etharp.o(.text)
    free_etharp_q                            0x08002721   Thumb Code    30  etharp.o(.text)
    find_entry                               0x08002789   Thumb Code   314  etharp.o(.text)
    etharp_send_ip                           0x080028c3   Thumb Code    52  etharp.o(.text)
    update_arp_entry                         0x080028f7   Thumb Code   162  etharp.o(.text)
    etharp_raw                               0x08002b3d   Thumb Code   188  etharp.o(.text)
    .text                                    0x08002e80   Section        0  dns.o(.text)
    dns_parse_name                           0x08002ea3   Thumb Code    34  dns.o(.text)
    dns_compare_name                         0x08002ec5   Thumb Code    52  dns.o(.text)
    dns_recv                                 0x08002ef9   Thumb Code   302  dns.o(.text)
    dns_send                                 0x08003073   Thumb Code   192  dns.o(.text)
    dns_check_entry                          0x08003133   Thumb Code   178  dns.o(.text)
    dns_check_entries                        0x080031e5   Thumb Code    20  dns.o(.text)
    dns_lookup                               0x08003205   Thumb Code    70  dns.o(.text)
    dns_enqueue                              0x0800324b   Thumb Code   184  dns.o(.text)
    .text                                    0x0800335c   Section        0  init.o(.text)
    .text                                    0x08003378   Section        0  mem.o(.text)
    plug_holes                               0x08003379   Thumb Code    78  mem.o(.text)
    .text                                    0x08003694   Section        0  memp.o(.text)
    .text                                    0x08003770   Section        0  netif.o(.text)
    .text                                    0x08003908   Section        0  pbuf.o(.text)
    .text                                    0x08003cf0   Section        0  raw.o(.text)
    .text                                    0x08003e60   Section        0  sys.o(.text)
    sswt_handler                             0x08003feb   Thumb Code    12  sys.o(.text)
    .text                                    0x08004054   Section        0  tcp.o(.text)
    tcp_new_port                             0x080045b1   Thumb Code    86  tcp.o(.text)
    tcp_accept_null                          0x080046c5   Thumb Code     6  tcp.o(.text)
    tcp_kill_prio                            0x08004845   Thumb Code    62  tcp.o(.text)
    tcp_kill_timewait                        0x08004883   Thumb Code    54  tcp.o(.text)
    .text                                    0x080049a4   Section        0  tcp_in.o(.text)
    tcp_receive                              0x080049a5   Thumb Code  1116  tcp_in.o(.text)
    tcp_parseopt                             0x08004e01   Thumb Code   130  tcp_in.o(.text)
    tcp_process                              0x08004e83   Thumb Code  1068  tcp_in.o(.text)
    tcp_listen_input                         0x080052af   Thumb Code   238  tcp_in.o(.text)
    tcp_timewait_input                       0x0800539d   Thumb Code   106  tcp_in.o(.text)
    .text                                    0x080057ec   Section        0  tcp_out.o(.text)
    tcp_output_set_header                    0x080057ed   Thumb Code   124  tcp_out.o(.text)
    tcp_output_segment                       0x08005c6b   Thumb Code   206  tcp_out.o(.text)
    .text                                    0x0800618c   Section        0  udp.o(.text)
    .text                                    0x080065b4   Section        0  icmp.o(.text)
    icmp_send_response                       0x08006775   Thumb Code   114  icmp.o(.text)
    .text                                    0x080067f8   Section        0  inet.o(.text)
    .text                                    0x080069a4   Section        0  inet_chksum.o(.text)
    lwip_standard_chksum                     0x080069a5   Thumb Code    58  inet_chksum.o(.text)
    .text                                    0x08006ab8   Section        0  ip.o(.text)
    .text                                    0x08006e44   Section        0  ip_addr.o(.text)
    .text                                    0x08006e84   Section        0  ip_frag.o(.text)
    ip_reass_dequeue_datagram                0x08006e85   Thumb Code    30  ip_frag.o(.text)
    ip_reass_free_complete_datagram          0x08006ea3   Thumb Code   108  ip_frag.o(.text)
    ip_reass_remove_oldest_datagram          0x08006f37   Thumb Code   110  ip_frag.o(.text)
    ip_reass_enqueue_new_datagram            0x08006fa5   Thumb Code    86  ip_frag.o(.text)
    ip_reass_chain_frag_into_datagram_and_validate 0x08006ffb   Thumb Code   244  ip_frag.o(.text)
    .text                                    0x080073ec   Section        0  api_lib.o(.text)
    .text                                    0x080076b4   Section        0  api_msg.o(.text)
    recv_raw                                 0x080076b5   Thumb Code   132  api_msg.o(.text)
    recv_udp                                 0x08007739   Thumb Code   110  api_msg.o(.text)
    recv_tcp                                 0x080077a7   Thumb Code    66  api_msg.o(.text)
    err_tcp                                  0x080077e9   Thumb Code   102  api_msg.o(.text)
    do_writemore                             0x0800784f   Thumb Code   186  api_msg.o(.text)
    sent_tcp                                 0x08007909   Thumb Code    64  api_msg.o(.text)
    do_close_internal                        0x08007949   Thumb Code   156  api_msg.o(.text)
    poll_tcp                                 0x080079e5   Thumb Code    28  api_msg.o(.text)
    setup_tcp                                0x08007a01   Thumb Code    50  api_msg.o(.text)
    accept_function                          0x08007b05   Thumb Code    80  api_msg.o(.text)
    pcb_new                                  0x08007b55   Thumb Code   136  api_msg.o(.text)
    do_connected                             0x08007cc7   Thumb Code    46  api_msg.o(.text)
    do_dns_found                             0x08007fb1   Thumb Code    28  api_msg.o(.text)
    .text                                    0x08007ff8   Section        0  netbuf.o(.text)
    .text                                    0x08008108   Section        0  sockets.o(.text)
    get_socket                               0x0800811f   Thumb Code    28  sockets.o(.text)
    alloc_socket                             0x0800813b   Thumb Code    82  sockets.o(.text)
    event_callback                           0x0800818d   Thumb Code   252  sockets.o(.text)
    lwip_selscan                             0x080087f5   Thumb Code   150  sockets.o(.text)
    lwip_getaddrname                         0x08008a17   Thumb Code   110  sockets.o(.text)
    lwip_getsockopt_internal                 0x08008a8d   Thumb Code   244  sockets.o(.text)
    lwip_setsockopt_internal                 0x08008c8d   Thumb Code   194  sockets.o(.text)
    .text                                    0x08008ec8   Section        0  tcpip.o(.text)
    tcpip_tcp_timer                          0x08008ec9   Thumb Code    40  tcpip.o(.text)
    ip_reass_timer                           0x08008f15   Thumb Code    22  tcpip.o(.text)
    arp_timer                                0x08008f2b   Thumb Code    22  tcpip.o(.text)
    dns_timer                                0x08008f41   Thumb Code    22  tcpip.o(.text)
    tcpip_thread                             0x08008f57   Thumb Code   180  tcpip.o(.text)
    pbuf_free_int                            0x08009185   Thumb Code     4  tcpip.o(.text)
    .text                                    0x080091d0   Section        0  memcpya.o(.text)
    .text                                    0x080091f4   Section        0  memseta.o(.text)
    .text                                    0x08009218   Section        0  strlen.o(.text)
    .text                                    0x08009226   Section        0  strcmp.o(.text)
    .text                                    0x08009242   Section        0  strcpy.o(.text)
    .text                                    0x08009254   Section       36  init.o(.text)
    .text                                    0x08009278   Section        0  __dczerorl2.o(.text)
    i.__scatterload_copy                     0x080092ce   Section       14  handlers.o(i.__scatterload_copy)
    i.__scatterload_null                     0x080092dc   Section        2  handlers.o(i.__scatterload_null)
    i.__scatterload_zeroinit                 0x080092de   Section       14  handlers.o(i.__scatterload_zeroinit)
    .constdata                               0x080092ec   Section       12  etharp.o(.constdata)
    .constdata                               0x080092f8   Section       56  memp.o(.constdata)
    memp_sizes                               0x080092f8   Data          28  memp.o(.constdata)
    memp_num                                 0x08009314   Data          28  memp.o(.constdata)
    .constdata                               0x08009330   Section       20  tcp.o(.constdata)
    .constdata                               0x08009344   Section        4  ip_addr.o(.constdata)
    .constdata                               0x08009348   Section       60  sockets.o(.constdata)
    err_to_errno_table                       0x08009348   Data          60  sockets.o(.constdata)
    .conststring                             0x08009384   Section      117  tcp.o(.conststring)
    .data                                    0x20000000   Section       24  netconfig.o(.data)
    .data                                    0x20000018   Section        6  netconfig.o(.data)
    .data                                    0x20000020   Section        4  clock-arch.o(.data)
    .data                                    0x20000024   Section       20  stm32f10x_rcc.o(.data)
    ADCPrescTable                            0x20000024   Data           4  stm32f10x_rcc.o(.data)
    APBAHBPrescTable                         0x20000028   Data          16  stm32f10x_rcc.o(.data)
    .data                                    0x20000038   Section       20  system_stm32f10x.o(.data)
    .data                                    0x2000004c   Section       60  tasks.o(.data)
    uxDeletedTasksWaitingCleanUp             0x20000050   Data           4  tasks.o(.data)
    uxCurrentNumberOfTasks                   0x20000054   Data           4  tasks.o(.data)
    xTickCount                               0x20000058   Data           4  tasks.o(.data)
    uxTopReadyPriority                       0x2000005c   Data           4  tasks.o(.data)
    xSchedulerRunning                        0x20000060   Data           4  tasks.o(.data)
    uxPendedTicks                            0x20000064   Data           4  tasks.o(.data)
    xYieldPending                            0x20000068   Data           4  tasks.o(.data)
    xNumOfOverflows                          0x2000006c   Data           4  tasks.o(.data)
    uxTaskNumber                             0x20000070   Data           4  tasks.o(.data)
    xNextTaskUnblockTime                     0x20000074   Data           4  tasks.o(.data)
    xIdleTaskHandle                          0x20000078   Data           4  tasks.o(.data)
    uxSchedulerSuspended                     0x2000007c   Data           4  tasks.o(.data)
    pxDelayedTaskList                        0x20000080   Data           4  tasks.o(.data)
    pxOverflowDelayedTaskList                0x20000084   Data           4  tasks.o(.data)
    .data                                    0x20000088   Section        4  port.o(.data)
    uxCriticalNesting                        0x20000088   Data           4  port.o(.data)
    .data                                    0x2000008c   Section       24  heap_2.o(.data)
    xFreeBytesRemaining                      0x2000008c   Data           4  heap_2.o(.data)
    xHeapHasBeenInitialised                  0x20000090   Data           4  heap_2.o(.data)
    xStart                                   0x20000094   Data           8  heap_2.o(.data)
    xEnd                                     0x2000009c   Data           8  heap_2.o(.data)
    .data                                    0x200000a4   Section        2  sys_arch.o(.data)
    s_nextthread                             0x200000a4   Data           2  sys_arch.o(.data)
    .data                                    0x200000a6   Section        1  etharp.o(.data)
    etharp_cached_entry                      0x200000a6   Data           1  etharp.o(.data)
    .data                                    0x200000a8   Section       16  dns.o(.data)
    dns_seqno                                0x200000a8   Data           1  dns.o(.data)
    dns_pcb                                  0x200000ac   Data           4  dns.o(.data)
    dns_servers                              0x200000b0   Data           8  dns.o(.data)
    .data                                    0x200000b8   Section       16  mem.o(.data)
    ram                                      0x200000b8   Data           4  mem.o(.data)
    ram_end                                  0x200000bc   Data           4  mem.o(.data)
    lfree                                    0x200000c0   Data           4  mem.o(.data)
    mem_sem                                  0x200000c4   Data           4  mem.o(.data)
    .data                                    0x200000c8   Section       12  netif.o(.data)
    netifnum                                 0x200000c8   Data           1  netif.o(.data)
    .data                                    0x200000d4   Section        4  raw.o(.data)
    raw_pcbs                                 0x200000d4   Data           4  raw.o(.data)
    .data                                    0x200000d8   Section       76  tcp.o(.data)
    tcp_timer                                0x200000d8   Data           1  tcp.o(.data)
    port                                     0x200000da   Data           2  tcp.o(.data)
    iss                                      0x200000dc   Data           4  tcp.o(.data)
    .data                                    0x20000124   Section       28  tcp_in.o(.data)
    flags                                    0x20000124   Data           1  tcp_in.o(.data)
    recv_flags                               0x20000125   Data           1  tcp_in.o(.data)
    tcplen                                   0x20000126   Data           2  tcp_in.o(.data)
    tcphdr                                   0x20000128   Data           4  tcp_in.o(.data)
    iphdr                                    0x2000012c   Data           4  tcp_in.o(.data)
    seqno                                    0x20000130   Data           4  tcp_in.o(.data)
    ackno                                    0x20000134   Data           4  tcp_in.o(.data)
    recv_data                                0x20000138   Data           4  tcp_in.o(.data)
    .data                                    0x20000140   Section        4  udp.o(.data)
    .data                                    0x20000144   Section       12  ip.o(.data)
    ip_id                                    0x20000144   Data           2  ip.o(.data)
    .data                                    0x20000150   Section        8  ip_frag.o(.data)
    ip_reass_pbufcount                       0x20000150   Data           2  ip_frag.o(.data)
    reassdatagrams                           0x20000154   Data           4  ip_frag.o(.data)
    .data                                    0x20000158   Section       12  sockets.o(.data)
    select_cb_list                           0x20000158   Data           4  sockets.o(.data)
    socksem                                  0x2000015c   Data           4  sockets.o(.data)
    selectsem                                0x20000160   Data           4  sockets.o(.data)
    .data                                    0x20000164   Section       16  tcpip.o(.data)
    mbox                                     0x20000164   Data           4  tcpip.o(.data)
    tcpip_init_done                          0x20000168   Data           4  tcpip.o(.data)
    tcpip_init_done_arg                      0x2000016c   Data           4  tcpip.o(.data)
    tcpip_tcp_timer_active                   0x20000170   Data           4  tcpip.o(.data)
    .bss                                     0x20000174   Section       48  netconfig.o(.bss)
    .bss                                     0x200001a4   Section      200  tasks.o(.bss)
    pxReadyTasksLists                        0x200001a4   Data         100  tasks.o(.bss)
    xDelayedTaskList1                        0x20000208   Data          20  tasks.o(.bss)
    xDelayedTaskList2                        0x2000021c   Data          20  tasks.o(.bss)
    xPendingReadyList                        0x20000230   Data          20  tasks.o(.bss)
    xTasksWaitingTermination                 0x20000244   Data          20  tasks.o(.bss)
    xSuspendedTaskList                       0x20000258   Data          20  tasks.o(.bss)
    .bss                                     0x2000026c   Section    17408  heap_2.o(.bss)
    ucHeap                                   0x2000026c   Data       17408  heap_2.o(.bss)
    .bss                                     0x2000466c   Section     3032  ethernetif.o(.bss)
    .bss                                     0x20005244   Section       40  sys_arch.o(.bss)
    s_timeoutlist                            0x20005244   Data          40  sys_arch.o(.bss)
    .bss                                     0x2000526c   Section      200  etharp.o(.bss)
    arp_table                                0x2000526c   Data         200  etharp.o(.bss)
    .bss                                     0x20005334   Section     1632  dns.o(.bss)
    dns_table                                0x20005334   Data        1120  dns.o(.bss)
    dns_payload                              0x20005794   Data         512  dns.o(.bss)
    .bss                                     0x20005994   Section     2020  mem.o(.bss)
    ram_heap                                 0x20005994   Data        2020  mem.o(.bss)
    .bss                                     0x20006178   Section    12107  memp.o(.bss)
    memp_tab                                 0x20006178   Data          56  memp.o(.bss)
    memp_memory                              0x200061b0   Data       12051  memp.o(.bss)
    .bss                                     0x200090c4   Section      330  stats.o(.bss)
    .bss                                     0x20009210   Section       20  tcp_in.o(.bss)
    inseg                                    0x20009210   Data          20  tcp_in.o(.bss)
    .bss                                     0x20009224   Section       16  inet.o(.bss)
    str                                      0x20009224   Data          16  inet.o(.bss)
    .bss                                     0x20009234   Section     1504  ip_frag.o(.bss)
    buf                                      0x20009234   Data        1504  ip_frag.o(.bss)
    .bss                                     0x20009814   Section       80  sockets.o(.bss)
    sockets                                  0x20009814   Data          80  sockets.o(.bss)
    STACK                                    0x20009868   Section      512  cstartup.o(STACK)

    Global Symbols

    Symbol Name                              Value     Ov Type        Size  Object(Section)

    BuildAttributes$$THM_ISAv4$P$D$K$B$S$PE$A:L22UL41UL21$X:L11$S22US41US21$IEEE1$IW$USESV6$~STKCKD$USESV7$~SHL$OSPACE$EBA8$MICROLIB$REQ8$PRES8$EABIv2 0x00000000   Number         0  anon$$obj.o ABSOLUTE
    __ARM_use_no_argv                        0x00000000   Number         0  main.o ABSOLUTE
    __cpp_initialize__aeabi_                  - Undefined Weak Reference
    __cxa_finalize                            - Undefined Weak Reference
    _clock_init                               - Undefined Weak Reference
    _microlib_exit                            - Undefined Weak Reference
    __Vectors                                0x08000000   Data           4  cstartup.o(RESET)
    __main                                   0x080000ed   Thumb Code     0  entry.o(.ARM.Collect$$$$00000000)
    _main_stk                                0x080000ed   Thumb Code     0  entry2.o(.ARM.Collect$$$$00000001)
    _main_scatterload                        0x080000f1   Thumb Code     0  entry5.o(.ARM.Collect$$$$00000004)
    __main_after_scatterload                 0x080000f5   Thumb Code     0  entry5.o(.ARM.Collect$$$$00000004)
    _main_clock                              0x080000f5   Thumb Code     0  entry7b.o(.ARM.Collect$$$$00000008)
    _main_cpp_init                           0x080000f5   Thumb Code     0  entry8b.o(.ARM.Collect$$$$0000000A)
    _main_init                               0x080000f5   Thumb Code     0  entry9a.o(.ARM.Collect$$$$0000000B)
    __rt_final_cpp                           0x080000fd   Thumb Code     0  entry10a.o(.ARM.Collect$$$$0000000D)
    __rt_final_exit                          0x080000fd   Thumb Code     0  entry11a.o(.ARM.Collect$$$$0000000F)
    vPortSVCHandler                          0x08000101   Thumb Code    32  port.o(.emb_text)
    __asm___6_port_c_39a90d8d__prvStartFirstTask 0x08000125   Thumb Code    28  port.o(.emb_text)
    xPortPendSVHandler                       0x08000145   Thumb Code    72  port.o(.emb_text)
    vPortGetIPSR                             0x08000191   Thumb Code     6  port.o(.emb_text)
    main                                     0x08000199   Thumb Code    84  main.o(.text)
    BSP_LED_Init                             0x0800020d   Thumb Code    50  app_led.o(.text)
    vLedTask                                 0x0800023f   Thumb Code    40  app_led.o(.text)
    vRelay1Task                              0x08000267   Thumb Code    36  app_led.o(.text)
    vRelay2Task                              0x0800028b   Thumb Code    40  app_led.o(.text)
    vRelay3Task                              0x080002b3   Thumb Code    40  app_led.o(.text)
    LwIP_Periodic_Handle                     0x080002e1   Thumb Code    80  netconfig.o(.text)
    LwIP_Init                                0x08000331   Thumb Code   168  netconfig.o(.text)
    clock_arch_init                          0x080003ed   Thumb Code    28  clock-arch.o(.text)
    SysTick_Handler                          0x08000409   Thumb Code    10  clock-arch.o(.text)
    dm9000x_gpio_inital                      0x08000429   Thumb Code   136  dm9000x.o(.text)
    dm9000x_read_id                          0x08000597   Thumb Code    46  dm9000x.o(.text)
    dm9000x_inital                           0x080005c5   Thumb Code   216  dm9000x.o(.text)
    dm9000x_sendpacket                       0x0800069d   Thumb Code   140  dm9000x.o(.text)
    dm9000x_receivepacket                    0x08000729   Thumb Code   200  dm9000x.o(.text)
    Reset_Handler                            0x08000801   Thumb Code     4  cstartup.o(.text)
    NMI_Handler                              0x08000805   Thumb Code     2  cstartup.o(.text)
    HardFault_Handler                        0x08000807   Thumb Code     2  cstartup.o(.text)
    MemManage_Handler                        0x08000809   Thumb Code     2  cstartup.o(.text)
    BusFault_Handler                         0x0800080b   Thumb Code     2  cstartup.o(.text)
    UsageFault_Handler                       0x0800080d   Thumb Code     2  cstartup.o(.text)
    SVC_Handler                              0x0800080f   Thumb Code     2  cstartup.o(.text)
    DebugMon_Handler                         0x08000811   Thumb Code     2  cstartup.o(.text)
    PendSV_Handler                           0x08000813   Thumb Code     2  cstartup.o(.text)
    ADC_IRQHandler                           0x08000817   Thumb Code     0  cstartup.o(.text)
    CAN_RX1_IRQHandler                       0x08000817   Thumb Code     0  cstartup.o(.text)
    CAN_SCE_IRQHandler                       0x08000817   Thumb Code     0  cstartup.o(.text)
    DMAChannel1_IRQHandler                   0x08000817   Thumb Code     0  cstartup.o(.text)
    DMAChannel2_IRQHandler                   0x08000817   Thumb Code     0  cstartup.o(.text)
    DMAChannel3_IRQHandler                   0x08000817   Thumb Code     0  cstartup.o(.text)
    DMAChannel4_IRQHandler                   0x08000817   Thumb Code     0  cstartup.o(.text)
    DMAChannel5_IRQHandler                   0x08000817   Thumb Code     0  cstartup.o(.text)
    DMAChannel6_IRQHandler                   0x08000817   Thumb Code     0  cstartup.o(.text)
    DMAChannel7_IRQHandler                   0x08000817   Thumb Code     0  cstartup.o(.text)
    EXTI0_IRQHandler                         0x08000817   Thumb Code     0  cstartup.o(.text)
    EXTI15_10_IRQHandler                     0x08000817   Thumb Code     0  cstartup.o(.text)
    EXTI1_IRQHandler                         0x08000817   Thumb Code     0  cstartup.o(.text)
    EXTI2_IRQHandler                         0x08000817   Thumb Code     0  cstartup.o(.text)
    EXTI3_IRQHandler                         0x08000817   Thumb Code     0  cstartup.o(.text)
    EXTI4_IRQHandler                         0x08000817   Thumb Code     0  cstartup.o(.text)
    EXTI9_5_IRQHandler                       0x08000817   Thumb Code     0  cstartup.o(.text)
    FLASH_IRQHandler                         0x08000817   Thumb Code     0  cstartup.o(.text)
    I2C1_ER_IRQHandler                       0x08000817   Thumb Code     0  cstartup.o(.text)
    I2C1_EV_IRQHandler                       0x08000817   Thumb Code     0  cstartup.o(.text)
    I2C2_ER_IRQHandler                       0x08000817   Thumb Code     0  cstartup.o(.text)
    I2C2_EV_IRQHandler                       0x08000817   Thumb Code     0  cstartup.o(.text)
    PVD_IRQHandler                           0x08000817   Thumb Code     0  cstartup.o(.text)
    RCC_IRQHandler                           0x08000817   Thumb Code     0  cstartup.o(.text)
    RTCAlarm_IRQHandler                      0x08000817   Thumb Code     0  cstartup.o(.text)
    RTC_IRQHandler                           0x08000817   Thumb Code     0  cstartup.o(.text)
    SPI1_IRQHandler                          0x08000817   Thumb Code     0  cstartup.o(.text)
    SPI2_IRQHandler                          0x08000817   Thumb Code     0  cstartup.o(.text)
    TAMPER_IRQHandler                        0x08000817   Thumb Code     0  cstartup.o(.text)
    TIM1_BRK_IRQHandler                      0x08000817   Thumb Code     0  cstartup.o(.text)
    TIM1_CC_IRQHandler                       0x08000817   Thumb Code     0  cstartup.o(.text)
    TIM1_TRG_COM_IRQHandler                  0x08000817   Thumb Code     0  cstartup.o(.text)
    TIM1_UP_IRQHandler                       0x08000817   Thumb Code     0  cstartup.o(.text)
    TIM2_IRQHandler                          0x08000817   Thumb Code     0  cstartup.o(.text)
    TIM3_IRQHandler                          0x08000817   Thumb Code     0  cstartup.o(.text)
    TIM4_IRQHandler                          0x08000817   Thumb Code     0  cstartup.o(.text)
    USART1_IRQHandler                        0x08000817   Thumb Code     0  cstartup.o(.text)
    USART2_IRQHandler                        0x08000817   Thumb Code     0  cstartup.o(.text)
    USART3_IRQHandler                        0x08000817   Thumb Code     0  cstartup.o(.text)
    USBWakeUp_IRQHandler                     0x08000817   Thumb Code     0  cstartup.o(.text)
    USB_HP_CAN_TX_IRQHandler                 0x08000817   Thumb Code     0  cstartup.o(.text)
    USB_LP_CAN_RX0_IRQHandler                0x08000817   Thumb Code     0  cstartup.o(.text)
    WWDG_IRQHandler                          0x08000817   Thumb Code     0  cstartup.o(.text)
    GPIO_DeInit                              0x0800081d   Thumb Code   188  stm32f10x_gpio.o(.text)
    GPIO_AFIODeInit                          0x080008d9   Thumb Code    22  stm32f10x_gpio.o(.text)
    GPIO_Init                                0x080008ef   Thumb Code   166  stm32f10x_gpio.o(.text)
    GPIO_StructInit                          0x08000995   Thumb Code    16  stm32f10x_gpio.o(.text)
    GPIO_ReadInputDataBit                    0x080009a5   Thumb Code    14  stm32f10x_gpio.o(.text)
    GPIO_ReadInputData                       0x080009b3   Thumb Code     6  stm32f10x_gpio.o(.text)
    GPIO_ReadOutputDataBit                   0x080009b9   Thumb Code    14  stm32f10x_gpio.o(.text)
    GPIO_ReadOutputData                      0x080009c7   Thumb Code     6  stm32f10x_gpio.o(.text)
    GPIO_SetBits                             0x080009cd   Thumb Code     4  stm32f10x_gpio.o(.text)
    GPIO_ResetBits                           0x080009d1   Thumb Code     4  stm32f10x_gpio.o(.text)
    GPIO_WriteBit                            0x080009d5   Thumb Code    12  stm32f10x_gpio.o(.text)
    GPIO_Write                               0x080009e1   Thumb Code     4  stm32f10x_gpio.o(.text)
    GPIO_PinLockConfig                       0x080009e5   Thumb Code    16  stm32f10x_gpio.o(.text)
    GPIO_EventOutputConfig                   0x080009f5   Thumb Code    22  stm32f10x_gpio.o(.text)
    GPIO_EventOutputCmd                      0x08000a0b   Thumb Code     6  stm32f10x_gpio.o(.text)
    GPIO_PinRemapConfig                      0x08000a11   Thumb Code    86  stm32f10x_gpio.o(.text)
    GPIO_EXTILineConfig                      0x08000a67   Thumb Code    34  stm32f10x_gpio.o(.text)
    GPIO_ETH_MediaInterfaceConfig            0x08000a89   Thumb Code     8  stm32f10x_gpio.o(.text)
    RCC_DeInit                               0x08000ab5   Thumb Code    50  stm32f10x_rcc.o(.text)
    RCC_HSEConfig                            0x08000ae7   Thumb Code    50  stm32f10x_rcc.o(.text)
    RCC_GetFlagStatus                        0x08000b19   Thumb Code    42  stm32f10x_rcc.o(.text)
    RCC_WaitForHSEStartUp                    0x08000b43   Thumb Code    48  stm32f10x_rcc.o(.text)
    RCC_AdjustHSICalibrationValue            0x08000b73   Thumb Code    16  stm32f10x_rcc.o(.text)
    RCC_HSICmd                               0x08000b83   Thumb Code     6  stm32f10x_rcc.o(.text)
    RCC_PLLConfig                            0x08000b89   Thumb Code    16  stm32f10x_rcc.o(.text)
    RCC_PLLCmd                               0x08000b99   Thumb Code     6  stm32f10x_rcc.o(.text)
    RCC_SYSCLKConfig                         0x08000b9f   Thumb Code    14  stm32f10x_rcc.o(.text)
    RCC_GetSYSCLKSource                      0x08000bad   Thumb Code    10  stm32f10x_rcc.o(.text)
    RCC_HCLKConfig                           0x08000bb7   Thumb Code    14  stm32f10x_rcc.o(.text)
    RCC_PCLK1Config                          0x08000bc5   Thumb Code    14  stm32f10x_rcc.o(.text)
    RCC_PCLK2Config                          0x08000bd3   Thumb Code    16  stm32f10x_rcc.o(.text)
    RCC_ITConfig                             0x08000be3   Thumb Code    22  stm32f10x_rcc.o(.text)
    RCC_USBCLKConfig                         0x08000bf9   Thumb Code     8  stm32f10x_rcc.o(.text)
    RCC_ADCCLKConfig                         0x08000c01   Thumb Code    14  stm32f10x_rcc.o(.text)
    RCC_LSEConfig                            0x08000c0f   Thumb Code    36  stm32f10x_rcc.o(.text)
    RCC_LSICmd                               0x08000c33   Thumb Code     6  stm32f10x_rcc.o(.text)
    RCC_RTCCLKConfig                         0x08000c39   Thumb Code    10  stm32f10x_rcc.o(.text)
    RCC_RTCCLKCmd                            0x08000c43   Thumb Code     8  stm32f10x_rcc.o(.text)
    RCC_GetClocksFreq                        0x08000c4b   Thumb Code   154  stm32f10x_rcc.o(.text)
    RCC_AHBPeriphClockCmd                    0x08000ce5   Thumb Code    22  stm32f10x_rcc.o(.text)
    RCC_APB2PeriphClockCmd                   0x08000cfb   Thumb Code    22  stm32f10x_rcc.o(.text)
    RCC_APB1PeriphClockCmd                   0x08000d11   Thumb Code    22  stm32f10x_rcc.o(.text)
    RCC_APB2PeriphResetCmd                   0x08000d27   Thumb Code    22  stm32f10x_rcc.o(.text)
    RCC_APB1PeriphResetCmd                   0x08000d3d   Thumb Code    22  stm32f10x_rcc.o(.text)
    RCC_BackupResetCmd                       0x08000d53   Thumb Code     8  stm32f10x_rcc.o(.text)
    RCC_ClockSecuritySystemCmd               0x08000d5b   Thumb Code     6  stm32f10x_rcc.o(.text)
    RCC_MCOConfig                            0x08000d61   Thumb Code     6  stm32f10x_rcc.o(.text)
    RCC_ClearFlag                            0x08000d67   Thumb Code    12  stm32f10x_rcc.o(.text)
    RCC_GetITStatus                          0x08000d73   Thumb Code    16  stm32f10x_rcc.o(.text)
    RCC_ClearITPendingBit                    0x08000d83   Thumb Code     6  stm32f10x_rcc.o(.text)
    SystemInit                               0x08000e51   Thumb Code    64  system_stm32f10x.o(.text)
    SystemCoreClockUpdate                    0x08000e91   Thumb Code   106  system_stm32f10x.o(.text)
    vListInitialise                          0x08000f1d   Thumb Code    22  list.o(.text)
    vListInitialiseItem                      0x08000f33   Thumb Code     6  list.o(.text)
    vListInsertEnd                           0x08000f39   Thumb Code    24  list.o(.text)
    vListInsert                              0x08000f51   Thumb Code    48  list.o(.text)
    uxListRemove                             0x08000f81   Thumb Code    36  list.o(.text)
    xQueueGenericReset                       0x08000fa5   Thumb Code   114  queue.o(.text)
    xQueueGenericCreate                      0x0800102d   Thumb Code    50  queue.o(.text)
    xQueueGenericSend                        0x08001143   Thumb Code   244  queue.o(.text)
    xQueueGenericSendFromISR                 0x08001237   Thumb Code   100  queue.o(.text)
    xQueueGiveFromISR                        0x0800129b   Thumb Code    86  queue.o(.text)
    xQueueGenericReceive                     0x08001333   Thumb Code   286  queue.o(.text)
    xQueueReceiveFromISR                     0x08001451   Thumb Code   100  queue.o(.text)
    xQueuePeekFromISR                        0x080014b5   Thumb Code    50  queue.o(.text)
    uxQueueMessagesWaiting                   0x080014e7   Thumb Code    18  queue.o(.text)
    uxQueueSpacesAvailable                   0x080014f9   Thumb Code    22  queue.o(.text)
    uxQueueMessagesWaitingFromISR            0x0800150f   Thumb Code     4  queue.o(.text)
    vQueueDelete                             0x08001513   Thumb Code     4  queue.o(.text)
    xQueueIsQueueEmptyFromISR                0x08001517   Thumb Code    14  queue.o(.text)
    xQueueIsQueueFullFromISR                 0x08001525   Thumb Code    16  queue.o(.text)
    xTaskCreate                              0x08001673   Thumb Code    90  tasks.o(.text)
    vTaskDelete                              0x080016ff   Thumb Code   150  tasks.o(.text)
    xTaskIncrementTick                       0x08001795   Thumb Code   174  tasks.o(.text)
    xTaskResumeAll                           0x08001843   Thumb Code   168  tasks.o(.text)
    vTaskSuspendAll                          0x08001961   Thumb Code    10  tasks.o(.text)
    vTaskDelayUntil                          0x0800196b   Thumb Code    84  tasks.o(.text)
    vTaskDelay                               0x080019bf   Thumb Code    48  tasks.o(.text)
    uxTaskPriorityGet                        0x080019ef   Thumb Code    24  tasks.o(.text)
    uxTaskPriorityGetFromISR                 0x08001a07   Thumb Code    34  tasks.o(.text)
    vTaskPrioritySet                         0x08001a29   Thumb Code   164  tasks.o(.text)
    vTaskSwitchContext                       0x08001acd   Thumb Code    64  tasks.o(.text)
    vTaskSuspend                             0x08001b0d   Thumb Code   140  tasks.o(.text)
    vTaskResume                              0x08001bb7   Thumb Code    98  tasks.o(.text)
    xTaskResumeFromISR                       0x08001c19   Thumb Code   108  tasks.o(.text)
    vTaskStartScheduler                      0x08001cef   Thumb Code    66  tasks.o(.text)
    vTaskEndScheduler                        0x08001d31   Thumb Code    48  tasks.o(.text)
    xTaskGetTickCount                        0x08001d61   Thumb Code     6  tasks.o(.text)
    xTaskGetTickCountFromISR                 0x08001d67   Thumb Code     6  tasks.o(.text)
    uxTaskGetNumberOfTasks                   0x08001d6d   Thumb Code     6  tasks.o(.text)
    pcTaskGetName                            0x08001d73   Thumb Code    12  tasks.o(.text)
    vTaskPlaceOnEventList                    0x08001d7f   Thumb Code    24  tasks.o(.text)
    vTaskPlaceOnUnorderedEventList           0x08001d97   Thumb Code    32  tasks.o(.text)
    xTaskRemoveFromEventList                 0x08001db7   Thumb Code    92  tasks.o(.text)
    xTaskRemoveFromUnorderedEventList        0x08001e13   Thumb Code    74  tasks.o(.text)
    vTaskSetTimeOutState                     0x08001e5d   Thumb Code    12  tasks.o(.text)
    xTaskCheckForTimeOut                     0x08001e69   Thumb Code    74  tasks.o(.text)
    vTaskMissedYield                         0x08001eb3   Thumb Code     8  tasks.o(.text)
    xTaskGetCurrentTaskHandle                0x08001ebb   Thumb Code     6  tasks.o(.text)
    uxTaskResetEventItemValue                0x08001ec1   Thumb Code    20  tasks.o(.text)
    ulTaskNotifyTake                         0x08001ed5   Thumb Code    96  tasks.o(.text)
    xTaskNotifyWait                          0x08001f35   Thumb Code   134  tasks.o(.text)
    xTaskGenericNotify                       0x08001fbb   Thumb Code   156  tasks.o(.text)
    xTaskGenericNotifyFromISR                0x08002057   Thumb Code   192  tasks.o(.text)
    vTaskNotifyGiveFromISR                   0x08002117   Thumb Code   144  tasks.o(.text)
    xTaskNotifyStateClear                    0x080021a7   Thumb Code    46  tasks.o(.text)
    pxPortInitialiseStack                    0x080021ed   Thumb Code    20  port.o(.text)
    vPortSetupTimerInterrupt                 0x08002201   Thumb Code    14  port.o(.text)
    xPortStartScheduler                      0x0800220f   Thumb Code    38  port.o(.text)
    vPortEndScheduler                        0x08002235   Thumb Code     2  port.o(.text)
    vPortEnterCritical                       0x08002237   Thumb Code    24  port.o(.text)
    vPortExitCritical                        0x0800224f   Thumb Code    18  port.o(.text)
    xPortSysTickHandler                      0x08002261   Thumb Code    40  port.o(.text)
    pvPortMalloc                             0x080022b7   Thumb Code   150  heap_2.o(.text)
    vPortFree                                0x0800234d   Thumb Code    58  heap_2.o(.text)
    xPortGetFreeHeapSize                     0x08002387   Thumb Code     8  heap_2.o(.text)
    vPortInitialiseBlocks                    0x0800238f   Thumb Code     2  heap_2.o(.text)
    ethernetif_input                         0x08002443   Thumb Code    42  ethernetif.o(.text)
    ethernetif_init                          0x0800246d   Thumb Code    56  ethernetif.o(.text)
    sys_mbox_new                             0x080024b9   Thumb Code    40  sys_arch.o(.text)
    sys_mbox_free                            0x080024e1   Thumb Code    42  sys_arch.o(.text)
    sys_mbox_post                            0x0800250b   Thumb Code    26  sys_arch.o(.text)
    sys_mbox_trypost                         0x08002525   Thumb Code    38  sys_arch.o(.text)
    sys_arch_mbox_fetch                      0x0800254b   Thumb Code    84  sys_arch.o(.text)
    sys_arch_mbox_tryfetch                   0x0800259f   Thumb Code    30  sys_arch.o(.text)
    sys_sem_new                              0x080025bd   Thumb Code    92  sys_arch.o(.text)
    sys_arch_sem_wait                        0x08002619   Thumb Code    74  sys_arch.o(.text)
    sys_sem_signal                           0x08002663   Thumb Code    10  sys_arch.o(.text)
    sys_sem_free                             0x0800266d   Thumb Code    16  sys_arch.o(.text)
    sys_init                                 0x0800267d   Thumb Code    28  sys_arch.o(.text)
    sys_arch_timeouts                        0x08002699   Thumb Code    38  sys_arch.o(.text)
    sys_arch_protect                         0x080026bf   Thumb Code    10  sys_arch.o(.text)
    sys_arch_unprotect                       0x080026c9   Thumb Code     4  sys_arch.o(.text)
    sys_thread_new                           0x080026cd   Thumb Code    66  sys_arch.o(.text)
    sys_assert                               0x0800270f   Thumb Code     6  sys_arch.o(.text)
    etharp_tmr                               0x0800273f   Thumb Code    74  etharp.o(.text)
    etharp_find_addr                         0x08002999   Thumb Code    52  etharp.o(.text)
    etharp_ip_input                          0x080029cd   Thumb Code    36  etharp.o(.text)
    etharp_arp_input                         0x080029f1   Thumb Code   332  etharp.o(.text)
    etharp_request                           0x08002bf9   Thumb Code    32  etharp.o(.text)
    etharp_query                             0x08002c19   Thumb Code   310  etharp.o(.text)
    etharp_output                            0x08002d4f   Thumb Code   188  etharp.o(.text)
    ethernet_input                           0x08002e0b   Thumb Code   104  etharp.o(.text)
    dns_setserver                            0x08002e81   Thumb Code    34  dns.o(.text)
    dns_init                                 0x08003027   Thumb Code    56  dns.o(.text)
    dns_getserver                            0x0800305f   Thumb Code    20  dns.o(.text)
    dns_tmr                                  0x080031f9   Thumb Code    12  dns.o(.text)
    dns_gethostbyname                        0x08003303   Thumb Code    86  dns.o(.text)
    lwip_init                                0x0800335d   Thumb Code    26  init.o(.text)
    mem_init                                 0x080033c7   Thumb Code    58  mem.o(.text)
    mem_free                                 0x08003401   Thumb Code    88  mem.o(.text)
    mem_realloc                              0x08003459   Thumb Code   256  mem.o(.text)
    mem_malloc                               0x08003559   Thumb Code   276  mem.o(.text)
    mem_calloc                               0x0800366d   Thumb Code    28  mem.o(.text)
    memp_init                                0x08003695   Thumb Code   102  memp.o(.text)
    memp_malloc                              0x080036fb   Thumb Code    66  memp.o(.text)
    memp_free                                0x0800373d   Thumb Code    38  memp.o(.text)
    netif_set_gw                             0x08003771   Thumb Code    14  netif.o(.text)
    netif_set_netmask                        0x0800377f   Thumb Code    14  netif.o(.text)
    netif_set_ipaddr                         0x0800378d   Thumb Code    96  netif.o(.text)
    netif_set_addr                           0x080037ed   Thumb Code    32  netif.o(.text)
    netif_add                                0x0800380d   Thumb Code    66  netif.o(.text)
    netif_set_default                        0x0800384f   Thumb Code     6  netif.o(.text)
    netif_remove                             0x08003855   Thumb Code    52  netif.o(.text)
    netif_find                               0x08003889   Thumb Code    60  netif.o(.text)
    netif_set_up                             0x080038c5   Thumb Code    28  netif.o(.text)
    netif_set_down                           0x080038e1   Thumb Code    18  netif.o(.text)
    netif_is_up                              0x080038f3   Thumb Code    10  netif.o(.text)
    pbuf_free                                0x08003909   Thumb Code    82  pbuf.o(.text)
    pbuf_alloc                               0x0800395b   Thumb Code   298  pbuf.o(.text)
    pbuf_realloc                             0x08003a85   Thumb Code    78  pbuf.o(.text)
    pbuf_header                              0x08003ad3   Thumb Code    96  pbuf.o(.text)
    pbuf_clen                                0x08003b33   Thumb Code    18  pbuf.o(.text)
    pbuf_ref                                 0x08003b45   Thumb Code    12  pbuf.o(.text)
    pbuf_cat                                 0x08003b51   Thumb Code    32  pbuf.o(.text)
    pbuf_chain                               0x08003b71   Thumb Code    18  pbuf.o(.text)
    pbuf_dechain                             0x08003b83   Thumb Code    44  pbuf.o(.text)
    pbuf_copy                                0x08003baf   Thumb Code    90  pbuf.o(.text)
    pbuf_copy_partial                        0x08003c09   Thumb Code   102  pbuf.o(.text)
    pbuf_take                                0x08003c6f   Thumb Code    76  pbuf.o(.text)
    pbuf_coalesce                            0x08003cbb   Thumb Code    52  pbuf.o(.text)
    raw_input                                0x08003cf1   Thumb Code    98  raw.o(.text)
    raw_bind                                 0x08003d53   Thumb Code    16  raw.o(.text)
    raw_connect                              0x08003d63   Thumb Code    16  raw.o(.text)
    raw_recv                                 0x08003d73   Thumb Code     6  raw.o(.text)
    raw_sendto                               0x08003d79   Thumb Code   144  raw.o(.text)
    raw_send                                 0x08003e09   Thumb Code     4  raw.o(.text)
    raw_remove                               0x08003e0d   Thumb Code    40  raw.o(.text)
    raw_new                                  0x08003e35   Thumb Code    40  raw.o(.text)
    sys_mbox_fetch                           0x08003e61   Thumb Code   106  sys.o(.text)
    sys_sem_wait                             0x08003ecb   Thumb Code    96  sys.o(.text)
    sys_timeout                              0x08003f2b   Thumb Code   112  sys.o(.text)
    sys_untimeout                            0x08003f9b   Thumb Code    80  sys.o(.text)
    sys_sem_wait_timeout                     0x08003ff7   Thumb Code    58  sys.o(.text)
    sys_msleep                               0x08004031   Thumb Code    30  sys.o(.text)
    tcp_seg_free                             0x08004055   Thumb Code    32  tcp.o(.text)
    tcp_segs_free                            0x08004075   Thumb Code    26  tcp.o(.text)
    tcp_pcb_purge                            0x0800408f   Thumb Code    48  tcp.o(.text)
    tcp_slowtmr                              0x080040bf   Thumb Code   548  tcp.o(.text)
    tcp_pcb_remove                           0x080042e3   Thumb Code    92  tcp.o(.text)
    tcp_close                                0x0800433f   Thumb Code   204  tcp.o(.text)
    tcp_update_rcv_ann_wnd                   0x0800440b   Thumb Code    54  tcp.o(.text)
    tcp_recved                               0x08004441   Thumb Code    56  tcp.o(.text)
    tcp_recv_null                            0x08004479   Thumb Code    52  tcp.o(.text)
    tcp_fasttmr                              0x080044ad   Thumb Code    86  tcp.o(.text)
    tcp_tmr                                  0x08004503   Thumb Code    26  tcp.o(.text)
    tcp_abandon                              0x0800451d   Thumb Code   148  tcp.o(.text)
    tcp_bind                                 0x08004607   Thumb Code   190  tcp.o(.text)
    tcp_listen_with_backlog                  0x080046cb   Thumb Code   142  tcp.o(.text)
    tcp_eff_send_mss                         0x08004759   Thumb Code    32  tcp.o(.text)
    tcp_next_iss                             0x08004779   Thumb Code    12  tcp.o(.text)
    tcp_connect                              0x08004785   Thumb Code   188  tcp.o(.text)
    tcp_setprio                              0x08004841   Thumb Code     4  tcp.o(.text)
    tcp_alloc                                0x080048b9   Thumb Code   172  tcp.o(.text)
    tcp_new                                  0x08004965   Thumb Code     4  tcp.o(.text)
    tcp_arg                                  0x08004969   Thumb Code     4  tcp.o(.text)
    tcp_recv                                 0x0800496d   Thumb Code     6  tcp.o(.text)
    tcp_sent                                 0x08004973   Thumb Code     6  tcp.o(.text)
    tcp_err                                  0x08004979   Thumb Code     6  tcp.o(.text)
    tcp_accept                               0x0800497f   Thumb Code     4  tcp.o(.text)
    tcp_poll                                 0x08004983   Thumb Code    10  tcp.o(.text)
    tcp_debug_state_str                      0x0800498d   Thumb Code    10  tcp.o(.text)
    tcp_input                                0x08005407   Thumb Code   992  tcp_in.o(.text)
    tcp_enqueue                              0x08005869   Thumb Code   854  tcp_out.o(.text)
    tcp_send_ctrl                            0x08005bbf   Thumb Code    20  tcp_out.o(.text)
    tcp_write                                0x08005bd3   Thumb Code    46  tcp_out.o(.text)
    tcp_send_empty_ack                       0x08005c01   Thumb Code   106  tcp_out.o(.text)
    tcp_output                               0x08005d39   Thumb Code   408  tcp_out.o(.text)
    tcp_rst                                  0x08005ed1   Thumb Code   184  tcp_out.o(.text)
    tcp_rexmit_rto                           0x08005f89   Thumb Code    44  tcp_out.o(.text)
    tcp_rexmit                               0x08005fb5   Thumb Code    70  tcp_out.o(.text)
    tcp_rexmit_fast                          0x08005ffb   Thumb Code    96  tcp_out.o(.text)
    tcp_keepalive                            0x0800605b   Thumb Code   114  tcp_out.o(.text)
    tcp_zero_window_probe                    0x080060cd   Thumb Code   186  tcp_out.o(.text)
    udp_input                                0x0800618d   Thumb Code   514  udp.o(.text)
    udp_bind                                 0x0800638f   Thumb Code    94  udp.o(.text)
    udp_sendto_if                            0x080063ed   Thumb Code   220  udp.o(.text)
    udp_sendto                               0x080064c9   Thumb Code    50  udp.o(.text)
    udp_send                                 0x080064fb   Thumb Code     6  udp.o(.text)
    udp_connect                              0x08006501   Thumb Code    74  udp.o(.text)
    udp_disconnect                           0x0800654b   Thumb Code    20  udp.o(.text)
    udp_recv                                 0x0800655f   Thumb Code     6  udp.o(.text)
    udp_remove                               0x08006565   Thumb Code    40  udp.o(.text)
    udp_new                                  0x0800658d   Thumb Code    28  udp.o(.text)
    icmp_input                               0x080065b5   Thumb Code   448  icmp.o(.text)
    icmp_dest_unreach                        0x080067e7   Thumb Code     6  icmp.o(.text)
    icmp_time_exceeded                       0x080067ed   Thumb Code     6  icmp.o(.text)
    htonl                                    0x080067f9   Thumb Code    24  inet.o(.text)
    inet_aton                                0x08006811   Thumb Code   276  inet.o(.text)
    inet_addr                                0x08006925   Thumb Code    20  inet.o(.text)
    inet_ntoa                                0x08006939   Thumb Code    88  inet.o(.text)
    htons                                    0x08006991   Thumb Code    10  inet.o(.text)
    ntohs                                    0x0800699b   Thumb Code     2  inet.o(.text)
    ntohl                                    0x0800699d   Thumb Code     2  inet.o(.text)
    inet_chksum_pseudo                       0x080069df   Thumb Code   134  inet_chksum.o(.text)
    inet_chksum                              0x08006a65   Thumb Code    12  inet_chksum.o(.text)
    inet_chksum_pbuf                         0x08006a71   Thumb Code    72  inet_chksum.o(.text)
    ip_route                                 0x08006ab9   Thumb Code    70  ip.o(.text)
    ip_input                                 0x08006aff   Thumb Code   510  ip.o(.text)
    ip_output_if                             0x08006cfd   Thumb Code   252  ip.o(.text)
    ip_output                                0x08006df9   Thumb Code    60  ip.o(.text)
    ip_addr_isbroadcast                      0x08006e45   Thumb Code    62  ip_addr.o(.text)
    ip_reass_tmr                             0x08006f0f   Thumb Code    40  ip_frag.o(.text)
    ip_reass                                 0x080070ef   Thumb Code   436  ip_frag.o(.text)
    ip_frag                                  0x080072a3   Thumb Code   320  ip_frag.o(.text)
    netconn_new_with_proto_and_callback      0x080073ed   Thumb Code    66  api_lib.o(.text)
    netconn_delete                           0x0800742f   Thumb Code    42  api_lib.o(.text)
    netconn_getaddr                          0x08007459   Thumb Code    32  api_lib.o(.text)
    netconn_bind                             0x08007479   Thumb Code    30  api_lib.o(.text)
    netconn_connect                          0x08007497   Thumb Code    30  api_lib.o(.text)
    netconn_disconnect                       0x080074b5   Thumb Code    24  api_lib.o(.text)
    netconn_listen_with_backlog              0x080074cd   Thumb Code    24  api_lib.o(.text)
    netconn_accept                           0x080074e5   Thumb Code    30  api_lib.o(.text)
    netconn_recv                             0x08007503   Thumb Code   222  api_lib.o(.text)
    netconn_send                             0x080075e1   Thumb Code    26  api_lib.o(.text)
    netconn_sendto                           0x080075fb   Thumb Code    16  api_lib.o(.text)
    netconn_write                            0x0800760b   Thumb Code    32  api_lib.o(.text)
    netconn_close                            0x0800762b   Thumb Code    24  api_lib.o(.text)
    netconn_gethostbyname                    0x08007643   Thumb Code    64  api_lib.o(.text)
    netconn_free                             0x08007a33   Thumb Code   108  api_msg.o(.text)
    netconn_alloc                            0x08007a9f   Thumb Code   102  api_msg.o(.text)
    do_newconn                               0x08007bdd   Thumb Code    30  api_msg.o(.text)
    do_delconn                               0x08007bfb   Thumb Code   104  api_msg.o(.text)
    do_bind                                  0x08007c63   Thumb Code   100  api_msg.o(.text)
    do_connect                               0x08007cf5   Thumb Code   148  api_msg.o(.text)
    do_disconnect                            0x08007d89   Thumb Code    34  api_msg.o(.text)
    do_listen                                0x08007dab   Thumb Code   144  api_msg.o(.text)
    do_send                                  0x08007e3b   Thumb Code   106  api_msg.o(.text)
    do_recv                                  0x08007ea5   Thumb Code    46  api_msg.o(.text)
    do_write                                 0x08007ed3   Thumb Code    52  api_msg.o(.text)
    do_getaddr                               0x08007f07   Thumb Code   136  api_msg.o(.text)
    do_close                                 0x08007f8f   Thumb Code    34  api_msg.o(.text)
    do_gethostbyname                         0x08007fcd   Thumb Code    36  api_msg.o(.text)
    netbuf_new                               0x08007ff9   Thumb Code    26  netbuf.o(.text)
    netbuf_delete                            0x08008013   Thumb Code    36  netbuf.o(.text)
    netbuf_alloc                             0x08008037   Thumb Code    40  netbuf.o(.text)
    netbuf_free                              0x0800805f   Thumb Code    22  netbuf.o(.text)
    netbuf_ref                               0x08008075   Thumb Code    58  netbuf.o(.text)
    netbuf_chain                             0x080080af   Thumb Code    30  netbuf.o(.text)
    netbuf_data                              0x080080cd   Thumb Code    26  netbuf.o(.text)
    netbuf_next                              0x080080e7   Thumb Code    28  netbuf.o(.text)
    netbuf_first                             0x08008103   Thumb Code     6  netbuf.o(.text)
    lwip_socket_init                         0x08008109   Thumb Code    22  sockets.o(.text)
    lwip_accept                              0x08008289   Thumb Code   284  sockets.o(.text)
    lwip_bind                                0x080083a5   Thumb Code    72  sockets.o(.text)
    lwip_close                               0x080083ed   Thumb Code    58  sockets.o(.text)
    lwip_connect                             0x08008427   Thumb Code    84  sockets.o(.text)
    lwip_listen                              0x0800847b   Thumb Code    72  sockets.o(.text)
    lwip_recvfrom                            0x080084c3   Thumb Code   426  sockets.o(.text)
    lwip_read                                0x0800866d   Thumb Code    14  sockets.o(.text)
    lwip_recv                                0x0800867b   Thumb Code    14  sockets.o(.text)
    lwip_sendto                              0x08008689   Thumb Code   154  sockets.o(.text)
    lwip_send                                0x08008723   Thumb Code   106  sockets.o(.text)
    lwip_socket                              0x0800878d   Thumb Code   100  sockets.o(.text)
    lwip_write                               0x080087f1   Thumb Code     4  sockets.o(.text)
    lwip_select                              0x0800888b   Thumb Code   394  sockets.o(.text)
    lwip_shutdown                            0x08008a15   Thumb Code     2  sockets.o(.text)
    lwip_getpeername                         0x08008a85   Thumb Code     4  sockets.o(.text)
    lwip_getsockname                         0x08008a89   Thumb Code     4  sockets.o(.text)
    lwip_getsockopt                          0x08008b81   Thumb Code   268  sockets.o(.text)
    lwip_setsockopt                          0x08008d4f   Thumb Code   240  sockets.o(.text)
    lwip_ioctl                               0x08008e3f   Thumb Code   122  sockets.o(.text)
    tcp_timer_needed                         0x08008ef1   Thumb Code    36  tcpip.o(.text)
    tcpip_input                              0x0800900b   Thumb Code    76  tcpip.o(.text)
    tcpip_callback_with_block                0x08009057   Thumb Code    96  tcpip.o(.text)
    tcpip_timeout                            0x080090b7   Thumb Code    60  tcpip.o(.text)
    tcpip_untimeout                          0x080090f3   Thumb Code    54  tcpip.o(.text)
    tcpip_apimsg                             0x08009129   Thumb Code    50  tcpip.o(.text)
    tcpip_init                               0x0800915b   Thumb Code    42  tcpip.o(.text)
    pbuf_free_callback                       0x08009189   Thumb Code     8  tcpip.o(.text)
    mem_free_callback                        0x08009191   Thumb Code     8  tcpip.o(.text)
    __aeabi_memcpy                           0x080091d1   Thumb Code    36  memcpya.o(.text)
    __aeabi_memcpy4                          0x080091d1   Thumb Code     0  memcpya.o(.text)
    __aeabi_memcpy8                          0x080091d1   Thumb Code     0  memcpya.o(.text)
    __aeabi_memset                           0x080091f5   Thumb Code    14  memseta.o(.text)
    __aeabi_memset4                          0x080091f5   Thumb Code     0  memseta.o(.text)
    __aeabi_memset8                          0x080091f5   Thumb Code     0  memseta.o(.text)
    __aeabi_memclr                           0x08009203   Thumb Code     4  memseta.o(.text)
    __aeabi_memclr4                          0x08009203   Thumb Code     0  memseta.o(.text)
    __aeabi_memclr8                          0x08009203   Thumb Code     0  memseta.o(.text)
    _memset$wrapper                          0x08009207   Thumb Code    18  memseta.o(.text)
    strlen                                   0x08009219   Thumb Code    14  strlen.o(.text)
    strcmp                                   0x08009227   Thumb Code    28  strcmp.o(.text)
    strcpy                                   0x08009243   Thumb Code    18  strcpy.o(.text)
    __scatterload                            0x08009255   Thumb Code    28  init.o(.text)
    __scatterload_rt2                        0x08009255   Thumb Code     0  init.o(.text)
    __decompress                             0x08009279   Thumb Code     0  __dczerorl2.o(.text)
    __decompress1                            0x08009279   Thumb Code    86  __dczerorl2.o(.text)
    __scatterload_copy                       0x080092cf   Thumb Code    14  handlers.o(i.__scatterload_copy)
    __scatterload_null                       0x080092dd   Thumb Code     2  handlers.o(i.__scatterload_null)
    __scatterload_zeroinit                   0x080092df   Thumb Code    14  handlers.o(i.__scatterload_zeroinit)
    ethbroadcast                             0x080092ec   Data           6  etharp.o(.constdata)
    ethzero                                  0x080092f2   Data           6  etharp.o(.constdata)
    tcp_persist_backoff                      0x08009330   Data           7  tcp.o(.constdata)
    tcp_backoff                              0x08009337   Data          13  tcp.o(.constdata)
    ip_addr_any                              0x08009344   Data           4  ip_addr.o(.constdata)
    Region$$Table$$Base                      0x080093fc   Number         0  anon$$obj.o(Region$$Table)
    Region$$Table$$Limit                     0x0800941c   Number         0  anon$$obj.o(Region$$Table)
    TCPTimer                                 0x20000000   Data           4  netconfig.o(.data)
    DNSTimer                                 0x20000004   Data           4  netconfig.o(.data)
    ARPTimer                                 0x20000008   Data           4  netconfig.o(.data)
    serverIP                                 0x2000000c   Data           4  netconfig.o(.data)
    maskIP                                   0x20000010   Data           4  netconfig.o(.data)
    gateIP                                   0x20000014   Data           4  netconfig.o(.data)
    m_mac                                    0x20000018   Data           6  netconfig.o(.data)
    sys_ticks                                0x20000020   Data           4  clock-arch.o(.data)
    SystemCoreClock                          0x20000038   Data           4  system_stm32f10x.o(.data)
    AHBPrescTable                            0x2000003c   Data          16  system_stm32f10x.o(.data)
    pxCurrentTCB                             0x2000004c   Data           4  tasks.o(.data)
    netif_list                               0x200000cc   Data           4  netif.o(.data)
    netif_default                            0x200000d0   Data           4  netif.o(.data)
    tcp_ticks                                0x200000e0   Data           4  tcp.o(.data)
    tcp_bound_pcbs                           0x200000e4   Data           4  tcp.o(.data)
    tcp_listen_pcbs                          0x200000e8   Data           4  tcp.o(.data)
    tcp_active_pcbs                          0x200000ec   Data           4  tcp.o(.data)
    tcp_tw_pcbs                              0x200000f0   Data           4  tcp.o(.data)
    tcp_tmp_pcb                              0x200000f4   Data           4  tcp.o(.data)
    tcp_state_str                            0x200000f8   Data          44  tcp.o(.data)
    tcp_input_pcb                            0x2000013c   Data           4  tcp_in.o(.data)
    udp_pcbs                                 0x20000140   Data           4  udp.o(.data)
    current_netif                            0x20000148   Data           4  ip.o(.data)
    current_header                           0x2000014c   Data           4  ip.o(.data)
    DM9000AEP                                0x20000174   Data          48  netconfig.o(.bss)
    Data_Buf                                 0x2000466c   Data        1516  ethernetif.o(.bss)
    Tx_Data_Buf                              0x20004c58   Data        1516  ethernetif.o(.bss)
    lwip_stats                               0x200090c4   Data         330  stats.o(.bss)
    __initial_sp                             0x20009a68   Data           0  cstartup.o(STACK)



==============================================================================

Memory Map of the image

  Image Entry point : 0x080000ed

  Load Region LR_IROM1 (Base: 0x08000000, Size: 0x00009590, Max: 0x00040000, ABSOLUTE, COMPRESSED[0x00009468])

    Execution Region ER_IROM1 (Base: 0x08000000, Size: 0x0000941c, Max: 0x00040000, ABSOLUTE)

    Base Addr    Size         Type   Attr      Idx    E Section Name        Object

    0x08000000   0x000000ec   Data   RO          351    RESET               cstartup.o
    0x080000ec   0x00000000   Code   RO         1576  * .ARM.Collect$$$$00000000  mc_w.l(entry.o)
    0x080000ec   0x00000004   Code   RO         1593    .ARM.Collect$$$$00000001  mc_w.l(entry2.o)
    0x080000f0   0x00000004   Code   RO         1596    .ARM.Collect$$$$00000004  mc_w.l(entry5.o)
    0x080000f4   0x00000000   Code   RO         1598    .ARM.Collect$$$$00000008  mc_w.l(entry7b.o)
    0x080000f4   0x00000000   Code   RO         1600    .ARM.Collect$$$$0000000A  mc_w.l(entry8b.o)
    0x080000f4   0x00000008   Code   RO         1601    .ARM.Collect$$$$0000000B  mc_w.l(entry9a.o)
    0x080000fc   0x00000000   Code   RO         1603    .ARM.Collect$$$$0000000D  mc_w.l(entry10a.o)
    0x080000fc   0x00000000   Code   RO         1605    .ARM.Collect$$$$0000000F  mc_w.l(entry11a.o)
    0x080000fc   0x00000004   Code   RO         1594    .ARM.Collect$$$$00002712  mc_w.l(entry2.o)
    0x08000100   0x00000096   Code   RO          536    .emb_text           port.o
    0x08000196   0x00000002   PAD
    0x08000198   0x00000074   Code   RO            3    .text               main.o
    0x0800020c   0x000000d4   Code   RO          178    .text               app_led.o
    0x080002e0   0x0000010c   Code   RO          204    .text               netconfig.o
    0x080003ec   0x00000034   Code   RO          294    .text               clock-arch.o
    0x08000420   0x000003e0   Code   RO          327    .text               dm9000x.o
    0x08000800   0x0000001c   Code   RO          352    .text               cstartup.o
    0x0800081c   0x00000298   Code   RO          358    .text               stm32f10x_gpio.o
    0x08000ab4   0x000002f4   Code   RO          378    .text               stm32f10x_rcc.o
    0x08000da8   0x00000174   Code   RO          400    .text               system_stm32f10x.o
    0x08000f1c   0x00000088   Code   RO          472    .text               list.o
    0x08000fa4   0x00000590   Code   RO          484    .text               queue.o
    0x08001534   0x00000ca8   Code   RO          499    .text               tasks.o
    0x080021dc   0x000000bc   Code   RO          537    .text               port.o
    0x08002298   0x00000100   Code   RO          566    .text               heap_2.o
    0x08002398   0x00000120   Code   RO          583    .text               ethernetif.o
    0x080024b8   0x00000268   Code   RO          628    .text               sys_arch.o
    0x08002720   0x00000760   Code   RO          674    .text               etharp.o
    0x08002e80   0x000004dc   Code   RO          760    .text               dns.o
    0x0800335c   0x0000001a   Code   RO          796    .text               init.o
    0x08003376   0x00000002   PAD
    0x08003378   0x0000031c   Code   RO          847    .text               mem.o
    0x08003694   0x000000dc   Code   RO          869    .text               memp.o
    0x08003770   0x00000198   Code   RO          909    .text               netif.o
    0x08003908   0x000003e6   Code   RO          942    .text               pbuf.o
    0x08003cee   0x00000002   PAD
    0x08003cf0   0x00000170   Code   RO          957    .text               raw.o
    0x08003e60   0x000001f4   Code   RO          986    .text               sys.o
    0x08004054   0x00000950   Code   RO         1017    .text               tcp.o
    0x080049a4   0x00000e48   Code   RO         1038    .text               tcp_in.o
    0x080057ec   0x000009a0   Code   RO         1061    .text               tcp_out.o
    0x0800618c   0x00000428   Code   RO         1073    .text               udp.o
    0x080065b4   0x00000244   Code   RO         1091    .text               icmp.o
    0x080067f8   0x000001ac   Code   RO         1109    .text               inet.o
    0x080069a4   0x00000114   Code   RO         1122    .text               inet_chksum.o
    0x08006ab8   0x0000038c   Code   RO         1138    .text               ip.o
    0x08006e44   0x0000003e   Code   RO         1159    .text               ip_addr.o
    0x08006e82   0x00000002   PAD
    0x08006e84   0x00000568   Code   RO         1182    .text               ip_frag.o
    0x080073ec   0x000002c8   Code   RO         1313    .text               api_lib.o
    0x080076b4   0x00000944   Code   RO         1357    .text               api_msg.o
    0x08007ff8   0x00000110   Code   RO         1408    .text               netbuf.o
    0x08008108   0x00000dc0   Code   RO         1465    .text               sockets.o
    0x08008ec8   0x00000308   Code   RO         1522    .text               tcpip.o
    0x080091d0   0x00000024   Code   RO         1579    .text               mc_w.l(memcpya.o)
    0x080091f4   0x00000024   Code   RO         1581    .text               mc_w.l(memseta.o)
    0x08009218   0x0000000e   Code   RO         1583    .text               mc_w.l(strlen.o)
    0x08009226   0x0000001c   Code   RO         1585    .text               mc_w.l(strcmp.o)
    0x08009242   0x00000012   Code   RO         1587    .text               mc_w.l(strcpy.o)
    0x08009254   0x00000024   Code   RO         1616    .text               mc_w.l(init.o)
    0x08009278   0x00000056   Code   RO         1658    .text               mc_w.l(__dczerorl2.o)
    0x080092ce   0x0000000e   Code   RO         1652    i.__scatterload_copy  mc_w.l(handlers.o)
    0x080092dc   0x00000002   Code   RO         1653    i.__scatterload_null  mc_w.l(handlers.o)
    0x080092de   0x0000000e   Code   RO         1654    i.__scatterload_zeroinit  mc_w.l(handlers.o)
    0x080092ec   0x0000000c   Data   RO          676    .constdata          etharp.o
    0x080092f8   0x00000038   Data   RO          871    .constdata          memp.o
    0x08009330   0x00000014   Data   RO         1018    .constdata          tcp.o
    0x08009344   0x00000004   Data   RO         1160    .constdata          ip_addr.o
    0x08009348   0x0000003c   Data   RO         1467    .constdata          sockets.o
    0x08009384   0x00000075   Data   RO         1019    .conststring        tcp.o
    0x080093f9   0x00000003   PAD
    0x080093fc   0x00000020   Data   RO         1650    Region$$Table       anon$$obj.o


    Execution Region RW_IRAM1 (Base: 0x20000000, Size: 0x00009a68, Max: 0x0000c000, ABSOLUTE, COMPRESSED[0x0000004c])

    Base Addr    Size         Type   Attr      Idx    E Section Name        Object

    0x20000000   0x00000018   Data   RW          207    .data               netconfig.o
    0x20000018   0x00000006   Data   RW          210    .data               netconfig.o
    0x2000001e   0x00000002   PAD
    0x20000020   0x00000004   Data   RW          295    .data               clock-arch.o
    0x20000024   0x00000014   Data   RW          379    .data               stm32f10x_rcc.o
    0x20000038   0x00000014   Data   RW          401    .data               system_stm32f10x.o
    0x2000004c   0x0000003c   Data   RW          501    .data               tasks.o
    0x20000088   0x00000004   Data   RW          538    .data               port.o
    0x2000008c   0x00000018   Data   RW          568    .data               heap_2.o
    0x200000a4   0x00000002   Data   RW          630    .data               sys_arch.o
    0x200000a6   0x00000001   Data   RW          677    .data               etharp.o
    0x200000a7   0x00000001   PAD
    0x200000a8   0x00000010   Data   RW          762    .data               dns.o
    0x200000b8   0x00000010   Data   RW          849    .data               mem.o
    0x200000c8   0x0000000c   Data   RW          910    .data               netif.o
    0x200000d4   0x00000004   Data   RW          958    .data               raw.o
    0x200000d8   0x0000004c   Data   RW         1020    .data               tcp.o
    0x20000124   0x0000001c   Data   RW         1040    .data               tcp_in.o
    0x20000140   0x00000004   Data   RW         1074    .data               udp.o
    0x20000144   0x0000000c   Data   RW         1139    .data               ip.o
    0x20000150   0x00000008   Data   RW         1184    .data               ip_frag.o
    0x20000158   0x0000000c   Data   RW         1468    .data               sockets.o
    0x20000164   0x00000010   Data   RW         1523    .data               tcpip.o
    0x20000174   0x00000030   Zero   RW          206    .bss                netconfig.o
    0x200001a4   0x000000c8   Zero   RW          500    .bss                tasks.o
    0x2000026c   0x00004400   Zero   RW          567    .bss                heap_2.o
    0x2000466c   0x00000bd8   Zero   RW          584    .bss                ethernetif.o
    0x20005244   0x00000028   Zero   RW          629    .bss                sys_arch.o
    0x2000526c   0x000000c8   Zero   RW          675    .bss                etharp.o
    0x20005334   0x00000660   Zero   RW          761    .bss                dns.o
    0x20005994   0x000007e4   Zero   RW          848    .bss                mem.o
    0x20006178   0x00002f4b   Zero   RW          870    .bss                memp.o
    0x200090c3   0x00000001   PAD
    0x200090c4   0x0000014a   Zero   RW          974    .bss                stats.o
    0x2000920e   0x00000002   PAD
    0x20009210   0x00000014   Zero   RW         1039    .bss                tcp_in.o
    0x20009224   0x00000010   Zero   RW         1110    .bss                inet.o
    0x20009234   0x000005e0   Zero   RW         1183    .bss                ip_frag.o
    0x20009814   0x00000050   Zero   RW         1466    .bss                sockets.o
    0x20009864   0x00000004   PAD
    0x20009868   0x00000200   Zero   RW          349    STACK               cstartup.o


==============================================================================

Image component sizes


      Code (inc. data)   RO Data    RW Data    ZI Data      Debug   Object Name

       712         50          0          0          0      19336   api_lib.o
      2372         36          0          0          0      24076   api_msg.o
       212          6          0          0          0       1532   app_led.o
        52         14          0          4          0      23685   clock-arch.o
        28          4        236          0        512        792   cstartup.o
       992         16          0          0          0       4614   dm9000x.o
      1244         44          0         16       1632      12742   dns.o
      1888         26         12          1        200      18129   etharp.o
       288         20          0          0       3032       4089   ethernetif.o
         0          0          0          0          0       9540   event_groups.o
       256          8          0         24      17408       3220   heap_2.o
       580          6          0          0          0       2654   icmp.o
       428         12          0          0         16       3172   inet.o
       276          0          0          0          0       5450   inet_chksum.o
        26          0          0          0          0       1232   init.o
       908         16          0         12          0       6138   ip.o
        62          0          4          0          0       5477   ip_addr.o
      1384         18          0          8       1504       6744   ip_frag.o
       136          0          0          0          0       1846   list.o
         0          0          0          0          0       3139   lwipentry.o
       116         32          0          0          0     248626   main.o
       796         12          0         16       2020       4054   mem.o
       220         14         56          0      12107       2466   memp.o
       272          0          0          0          0       6577   netbuf.o
       268         20          0         30         48       5992   netconfig.o
       408         12          0         12          0      12694   netif.o
       998          0          0          0          0       5560   pbuf.o
       338         28          0          4          0       6988   port.o
      1424          4          0          0          0      10862   queue.o
       368          4          0          4          0       4257   raw.o
      3520         44         60         12         80      38318   sockets.o
         0          0          0          0        330       3329   stats.o
       664         36          0          0          0       6173   stm32f10x_gpio.o
       756         32          0         20          0       9300   stm32f10x_rcc.o
       500          6          0          0          0       3400   sys.o
       616         12          0          2         40       8062   sys_arch.o
       372         34          0         20          0       1887   system_stm32f10x.o
      3240         68          0         60        200      27245   tasks.o
      2384         46        137         76          0      18248   tcp.o
      3656         76          0         28         20      13768   tcp_in.o
      2464         28          0          0          0       7474   tcp_out.o
       776         62          0         16          0      21008   tcpip.o
      1064         12          0          4          0       6701   udp.o

    ----------------------------------------------------------------------
     37072        858        540        372      39156     630596   Object Totals
         0          0         32          0          0          0   (incl. Generated)
         8          0          3          3          7          0   (incl. Padding)

    ----------------------------------------------------------------------

      Code (inc. data)   RO Data    RW Data    ZI Data      Debug   Library Member Name

        86          0          0          0          0          0   __dczerorl2.o
         0          0          0          0          0          0   entry.o
         0          0          0          0          0          0   entry10a.o
         0          0          0          0          0          0   entry11a.o
         8          4          0          0          0          0   entry2.o
         4          0          0          0          0          0   entry5.o
         0          0          0          0          0          0   entry7b.o
         0          0          0          0          0          0   entry8b.o
         8          4          0          0          0          0   entry9a.o
        30          0          0          0          0          0   handlers.o
        36          8          0          0          0         68   init.o
        36          0          0          0          0         68   memcpya.o
        36          0          0          0          0        108   memseta.o
        28          0          0          0          0         76   strcmp.o
        18          0          0          0          0         68   strcpy.o
        14          0          0          0          0         68   strlen.o

    ----------------------------------------------------------------------
       304         16          0          0          0        456   Library Totals
         0          0          0          0          0          0   (incl. Padding)

    ----------------------------------------------------------------------

      Code (inc. data)   RO Data    RW Data    ZI Data      Debug   Library Name

       304         16          0          0          0        456   mc_w.l

    ----------------------------------------------------------------------
       304         16          0          0          0        456   Library Totals

    ----------------------------------------------------------------------

==============================================================================


      Code (inc. data)   RO Data    RW Data    ZI Data      Debug   

     37376        874        540        372      39156     627592   Grand Totals
     37376        874        540         76      39156     627592   ELF Image Totals (compressed)
     37376        874        540         76          0          0   ROM Totals

==============================================================================

    Total RO  Size (Code + RO Data)                37916 (  37.03kB)
    Total RW  Size (RW Data + ZI Data)             39528 (  38.60kB)
    Total ROM Size (Code + RO Data + RW Data)      37992 (  37.10kB)

==============================================================================

