Product: MDK-ARM Standard 5.10
Component: ARM Compiler 5.04 update 1 (build 49)
Tool: armlink [5040049]

==============================================================================

Section Cross References

    main.o(.text) refers to system_stm32f10x.o(.text) for SystemInit
    main.o(.text) refers to app_led.o(.text) for BSP_LED_Init
    main.o(.text) refers to lwipentry.o(.text) for vlwIPInit
    main.o(.text) refers to netconfig.o(.text) for LwIP_Init
    main.o(.text) refers to sys_arch.o(.text) for sys_thread_new
    main.o(.text) refers to tasks.o(.text) for xTaskCreate
    app_led.o(.text) refers to stm32f10x_rcc.o(.text) for RCC_APB2PeriphClockCmd
    app_led.o(.text) refers to stm32f10x_gpio.o(.text) for GPIO_Init
    app_led.o(.text) refers to tasks.o(.text) for vTaskDelay
    netconfig.o(.text) refers to pbuf.o(.text) for pbuf_alloc
    netconfig.o(.text) refers to udp.o(.text) for udp_sendto
    netconfig.o(.text) refers to ethernetif.o(.text) for ethernetif_input
    netconfig.o(.text) refers to tcp.o(.text) for tcp_tmr
    netconfig.o(.text) refers to dns.o(.text) for dns_tmr
    netconfig.o(.text) refers to etharp.o(.text) for etharp_tmr
    netconfig.o(.text) refers to dhcp.o(.text) for dhcp_fine_tmr
    netconfig.o(.text) refers to inet.o(.text) for htonl
    netconfig.o(.text) refers to netif.o(.text) for netif_add
    netconfig.o(.text) refers to netconfig.o(.data) for global_udppcb
    netconfig.o(.text) refers to ip_addr.o(.constdata) for ip_addr_any
    netconfig.o(.text) refers to netconfig.o(.bss) for DM9000AEP
    netconfig.o(.text) refers to clock-arch.o(.data) for sys_ticks
    netconfig.o(.text) refers to tcpip.o(.text) for tcpip_input
    clock-arch.o(.text) refers to clock-arch.o(.data) for sys_ticks
    dm9000x.o(.text) refers to stm32f10x_rcc.o(.text) for RCC_APB2PeriphClockCmd
    dm9000x.o(.text) refers to stm32f10x_gpio.o(.text) for GPIO_PinRemapConfig
    dm9000x.o(.text) refers to netconfig.o(.data) for m_mac
    cstartup.o(STACK) refers (Special) to heapauxi.o(.text) for __use_two_region_memory
    cstartup.o(HEAP) refers (Special) to heapauxi.o(.text) for __use_two_region_memory
    cstartup.o(RESET) refers (Special) to heapauxi.o(.text) for __use_two_region_memory
    cstartup.o(RESET) refers to cstartup.o(STACK) for __initial_sp
    cstartup.o(RESET) refers to cstartup.o(.text) for Reset_Handler
    cstartup.o(RESET) refers to port.o(.emb_text) for vPortSVCHandler
    cstartup.o(RESET) refers to port.o(.text) for xPortSysTickHandler
    cstartup.o(.text) refers (Special) to heapauxi.o(.text) for __use_two_region_memory
    cstartup.o(.text) refers to __main.o(!!!main) for __main
    cstartup.o(.text) refers to cstartup.o(HEAP) for Heap_Mem
    cstartup.o(.text) refers to cstartup.o(STACK) for Stack_Mem
    stm32f10x_gpio.o(.text) refers to stm32f10x_rcc.o(.text) for RCC_APB2PeriphResetCmd
    stm32f10x_rcc.o(.text) refers to stm32f10x_rcc.o(.data) for APBAHBPrescTable
    system_stm32f10x.o(.text) refers to system_stm32f10x.o(.data) for SystemCoreClock
    event_groups.o(.text) refers to heap_2.o(.text) for pvPortMalloc
    event_groups.o(.text) refers to list.o(.text) for vListInitialise
    event_groups.o(.text) refers to tasks.o(.text) for vTaskSuspendAll
    event_groups.o(.text) refers to port.o(.text) for vPortEnterCritical
    queue.o(.text) refers to port.o(.text) for vPortEnterCritical
    queue.o(.text) refers to tasks.o(.text) for xTaskRemoveFromEventList
    queue.o(.text) refers to list.o(.text) for vListInitialise
    queue.o(.text) refers to heap_2.o(.text) for pvPortMalloc
    queue.o(.text) refers to rt_memcpy_v6.o(.text) for __aeabi_memcpy
    tasks.o(.text) refers to list.o(.text) for vListInitialise
    tasks.o(.text) refers to port.o(.text) for vPortEnterCritical
    tasks.o(.text) refers to aeabi_memset.o(.text) for __aeabi_memset
    tasks.o(.text) refers to heap_2.o(.text) for pvPortMalloc
    tasks.o(.text) refers to tasks.o(.bss) for pxReadyTasksLists
    tasks.o(.text) refers to tasks.o(.data) for pxDelayedTaskList
    port.o(.emb_text) refers to tasks.o(.text) for vTaskSwitchContext
    port.o(.emb_text) refers to tasks.o(.data) for pxCurrentTCB
    port.o(.text) refers to port.o(.emb_text) for __asm___6_port_c_39a90d8d__prvStartFirstTask
    port.o(.text) refers to tasks.o(.text) for xTaskIncrementTick
    port.o(.text) refers to port.o(.data) for uxCriticalNesting
    heap_2.o(.text) refers to tasks.o(.text) for vTaskSuspendAll
    heap_2.o(.text) refers to heap_2.o(.bss) for ucHeap
    heap_2.o(.text) refers to heap_2.o(.data) for xStart
    ethernetif.o(.text) refers to dm9000x.o(.text) for dm9000x_receivepacket
    ethernetif.o(.text) refers to pbuf.o(.text) for pbuf_alloc
    ethernetif.o(.text) refers to rt_memcpy_v6.o(.text) for __aeabi_memcpy
    ethernetif.o(.text) refers to tasks.o(.text) for xTaskCreate
    ethernetif.o(.text) refers to etharp.o(.text) for etharp_tmr
[...]
    tcp_oos_insert_segment                   0x08006eb5   Thumb Code   174  tcp_in.o(.text)
    tcp_receive                              0x08006f63   Thumb Code  2366  tcp_in.o(.text)
    tcp_parseopt                             0x080078a1   Thumb Code   176  tcp_in.o(.text)
    tcp_process                              0x08007951   Thumb Code  1382  tcp_in.o(.text)
    tcp_listen_input                         0x08007eb7   Thumb Code   342  tcp_in.o(.text)
    tcp_timewait_input                       0x0800800d   Thumb Code   150  tcp_in.o(.text)
    .text                                    0x08008600   Section        0  tcp_out.o(.text)
    tcp_output_set_header                    0x08008601   Thumb Code   138  tcp_out.o(.text)
    tcp_output_segment                       0x08008b3f   Thumb Code   230  tcp_out.o(.text)
    .text                                    0x080090fc   Section        0  udp.o(.text)
    .text                                    0x08009604   Section        0  icmp.o(.text)
    icmp_send_response                       0x08009811   Thumb Code   118  icmp.o(.text)
    .text                                    0x080098b0   Section        0  inet.o(.text)
    .text                                    0x08009acc   Section        0  inet_chksum.o(.text)
    lwip_standard_chksum                     0x08009acd   Thumb Code    74  inet_chksum.o(.text)
    .text                                    0x08009c24   Section        0  ip.o(.text)
    ip_forward                               0x08009c7b   Thumb Code   198  ip.o(.text)
    .text                                    0x0800a144   Section        0  ip_addr.o(.text)
    .text                                    0x0800a194   Section        0  ip_frag.o(.text)
    ip_reass_dequeue_datagram                0x0800a195   Thumb Code    36  ip_frag.o(.text)
    ip_reass_free_complete_datagram          0x0800a1b9   Thumb Code   112  ip_frag.o(.text)
    ip_reass_remove_oldest_datagram          0x0800a259   Thumb Code   118  ip_frag.o(.text)
    ip_reass_enqueue_new_datagram            0x0800a2cf   Thumb Code    92  ip_frag.o(.text)
    ip_reass_chain_frag_into_datagram_and_validate 0x0800a32b   Thumb Code   324  ip_frag.o(.text)
    .text                                    0x0800a7ac   Section        0  lwipentry.o(.text)
    .text                                    0x0800a890   Section        0  api_lib.o(.text)
    .text                                    0x0800abd8   Section        0  api_msg.o(.text)
    recv_raw                                 0x0800abd9   Thumb Code   162  api_msg.o(.text)
    recv_udp                                 0x0800ac7b   Thumb Code   126  api_msg.o(.text)
    recv_tcp                                 0x0800acf9   Thumb Code    96  api_msg.o(.text)
    err_tcp                                  0x0800ad59   Thumb Code   110  api_msg.o(.text)
    do_writemore                             0x0800adc7   Thumb Code   246  api_msg.o(.text)
    sent_tcp                                 0x0800aebd   Thumb Code    76  api_msg.o(.text)
    do_close_internal                        0x0800af09   Thumb Code   162  api_msg.o(.text)
    poll_tcp                                 0x0800afab   Thumb Code    38  api_msg.o(.text)
    setup_tcp                                0x0800afd1   Thumb Code    50  api_msg.o(.text)
    accept_function                          0x0800b0df   Thumb Code    88  api_msg.o(.text)
    pcb_new                                  0x0800b137   Thumb Code   164  api_msg.o(.text)
    do_connected                             0x0800b2e5   Thumb Code    52  api_msg.o(.text)
    do_dns_found                             0x0800b65d   Thumb Code    44  api_msg.o(.text)
    .text                                    0x0800b6bc   Section        0  netbuf.o(.text)
    .text                                    0x0800b7dc   Section        0  sockets.o(.text)
    get_socket                               0x0800b7f5   Thumb Code    36  sockets.o(.text)
    alloc_socket                             0x0800b819   Thumb Code   136  sockets.o(.text)
    event_callback                           0x0800b8a1   Thumb Code   298  sockets.o(.text)
    lwip_selscan                             0x0800c071   Thumb Code   218  sockets.o(.text)
    lwip_getaddrname                         0x0800c2f7   Thumb Code   118  sockets.o(.text)
    lwip_getsockopt_internal                 0x0800c399   Thumb Code   316  sockets.o(.text)
    lwip_setsockopt_internal                 0x0800c619   Thumb Code   264  sockets.o(.text)
    .text                                    0x0800c908   Section        0  tcpip.o(.text)
    tcpip_tcp_timer                          0x0800c909   Thumb Code    40  tcpip.o(.text)
    ip_reass_timer                           0x0800c957   Thumb Code    22  tcpip.o(.text)
    arp_timer                                0x0800c96d   Thumb Code    22  tcpip.o(.text)
    dhcp_timer_coarse                        0x0800c983   Thumb Code    22  tcpip.o(.text)
    dhcp_timer_fine                          0x0800c999   Thumb Code    22  tcpip.o(.text)
    dns_timer                                0x0800c9af   Thumb Code    22  tcpip.o(.text)
    tcpip_thread                             0x0800c9c5   Thumb Code   234  tcpip.o(.text)
    pbuf_free_int                            0x0800cc2f   Thumb Code    14  tcpip.o(.text)
    .text                                    0x0800cca8   Section        0  strcpy.o(.text)
    .text                                    0x0800ccf0   Section        0  strlen.o(.text)
    .text                                    0x0800cd2e   Section      138  rt_memcpy_v6.o(.text)
    .text                                    0x0800cdb8   Section      100  rt_memcpy_w.o(.text)
    .text                                    0x0800ce1c   Section       16  aeabi_memset.o(.text)
    .text                                    0x0800ce2c   Section       68  rt_memclr.o(.text)
    .text                                    0x0800ce70   Section       78  rt_memclr_w.o(.text)
    .text                                    0x0800cec0   Section      128  strcmpv7m.o(.text)
    .text                                    0x0800cf40   Section        0  heapauxi.o(.text)
    .text                                    0x0800cf48   Section        8  libspace.o(.text)
    .text                                    0x0800cf50   Section       74  sys_stackheap_outer.o(.text)
    .text                                    0x0800cf9a   Section        0  exit.o(.text)
    .text                                    0x0800cfa8   Section        0  sys_exit.o(.text)
    .text                                    0x0800cfb4   Section        2  use_no_semi.o(.text)
    .constdata                               0x0800cfb6   Section       12  etharp.o(.constdata)
    .text                                    0x0800cfb6   Section        0  indicate_semi.o(.text)
    .constdata                               0x0800cfc2   Section       56  memp.o(.constdata)
    memp_sizes                               0x0800cfc2   Data          28  memp.o(.constdata)
    memp_num                                 0x0800cfde   Data          28  memp.o(.constdata)
    .constdata                               0x0800cffa   Section       20  tcp.o(.constdata)
    .constdata                               0x0800d00e   Section        8  ip_addr.o(.constdata)
    .constdata                               0x0800d018   Section       60  sockets.o(.constdata)
    err_to_errno_table                       0x0800d018   Data          60  sockets.o(.constdata)
    .conststring                             0x0800d054   Section      117  tcp.o(.conststring)
    .data                                    0x20000000   Section       44  netconfig.o(.data)
    .data                                    0x2000002c   Section        4  clock-arch.o(.data)
    .data                                    0x20000030   Section       20  stm32f10x_rcc.o(.data)
    APBAHBPrescTable                         0x20000030   Data          16  stm32f10x_rcc.o(.data)
    ADCPrescTable                            0x20000040   Data           4  stm32f10x_rcc.o(.data)
    .data                                    0x20000044   Section       20  system_stm32f10x.o(.data)
    .data                                    0x20000058   Section       60  tasks.o(.data)
    pxDelayedTaskList                        0x2000005c   Data           4  tasks.o(.data)
    pxOverflowDelayedTaskList                0x20000060   Data           4  tasks.o(.data)
    uxDeletedTasksWaitingCleanUp             0x20000064   Data           4  tasks.o(.data)
    uxCurrentNumberOfTasks                   0x20000068   Data           4  tasks.o(.data)
    xTickCount                               0x2000006c   Data           4  tasks.o(.data)
    uxTopReadyPriority                       0x20000070   Data           4  tasks.o(.data)
    xSchedulerRunning                        0x20000074   Data           4  tasks.o(.data)
    uxPendedTicks                            0x20000078   Data           4  tasks.o(.data)
    xYieldPending                            0x2000007c   Data           4  tasks.o(.data)
    xNumOfOverflows                          0x20000080   Data           4  tasks.o(.data)
    uxTaskNumber                             0x20000084   Data           4  tasks.o(.data)
    xNextTaskUnblockTime                     0x20000088   Data           4  tasks.o(.data)
    xIdleTaskHandle                          0x2000008c   Data           4  tasks.o(.data)
    uxSchedulerSuspended                     0x20000090   Data           4  tasks.o(.data)
    .data                                    0x20000094   Section        4  port.o(.data)
    uxCriticalNesting                        0x20000094   Data           4  port.o(.data)
    .data                                    0x20000098   Section       24  heap_2.o(.data)
    xStart                                   0x20000098   Data           8  heap_2.o(.data)
    xEnd                                     0x200000a0   Data           8  heap_2.o(.data)
    xFreeBytesRemaining                      0x200000a8   Data           4  heap_2.o(.data)
    xHeapHasBeenInitialised                  0x200000ac   Data           4  heap_2.o(.data)
    .data                                    0x200000b0   Section        2  sys_arch.o(.data)
    s_nextthread                             0x200000b0   Data           2  sys_arch.o(.data)
    .data                                    0x200000b2   Section        1  etharp.o(.data)
    etharp_cached_entry                      0x200000b2   Data           1  etharp.o(.data)
    .data                                    0x200000b4   Section        4  dhcp.o(.data)
    xid                                      0x200000b4   Data           4  dhcp.o(.data)
    .data                                    0x200000b8   Section       13  dns.o(.data)
    dns_pcb                                  0x200000b8   Data           4  dns.o(.data)
    dns_seqno                                0x200000bc   Data           1  dns.o(.data)
    dns_servers                              0x200000bd   Data           8  dns.o(.data)
    .data                                    0x200000c8   Section       16  mem.o(.data)
    ram                                      0x200000c8   Data           4  mem.o(.data)
    ram_end                                  0x200000cc   Data           4  mem.o(.data)
    lfree                                    0x200000d0   Data           4  mem.o(.data)
    mem_sem                                  0x200000d4   Data           4  mem.o(.data)
    .data                                    0x200000d8   Section        9  netif.o(.data)
    netifnum                                 0x200000e0   Data           1  netif.o(.data)
    .data                                    0x200000e1   Section        1  pbuf.o(.data)
    pbuf_free_ooseq_queued                   0x200000e1   Data           1  pbuf.o(.data)
    .data                                    0x200000e4   Section        4  raw.o(.data)
    raw_pcbs                                 0x200000e4   Data           4  raw.o(.data)
    .data                                    0x200000e8   Section       76  tcp.o(.data)
    tcp_timer                                0x2000012c   Data           1  tcp.o(.data)
    port                                     0x2000012e   Data           2  tcp.o(.data)
    iss                                      0x20000130   Data           4  tcp.o(.data)
    .data                                    0x20000134   Section       32  tcp_in.o(.data)
    tcphdr                                   0x20000134   Data           4  tcp_in.o(.data)
    iphdr                                    0x20000138   Data           4  tcp_in.o(.data)
    seqno                                    0x2000013c   Data           4  tcp_in.o(.data)
    ackno                                    0x20000140   Data           4  tcp_in.o(.data)
    flags                                    0x20000144   Data           1  tcp_in.o(.data)
    tcplen                                   0x20000146   Data           2  tcp_in.o(.data)
    recv_flags                               0x20000148   Data           1  tcp_in.o(.data)
    recv_data                                0x2000014c   Data           4  tcp_in.o(.data)
    .data                                    0x20000154   Section        4  udp.o(.data)
    .data                                    0x20000158   Section       10  ip.o(.data)
    ip_id                                    0x20000160   Data           2  ip.o(.data)
    .data                                    0x20000164   Section        6  ip_frag.o(.data)
    reassdatagrams                           0x20000164   Data           4  ip_frag.o(.data)
    ip_reass_pbufcount                       0x20000168   Data           2  ip_frag.o(.data)
    .data                                    0x2000016c   Section       12  sockets.o(.data)
    select_cb_list                           0x2000016c   Data           4  sockets.o(.data)
    socksem                                  0x20000170   Data           4  sockets.o(.data)
    selectsem                                0x20000174   Data           4  sockets.o(.data)
    .data                                    0x20000178   Section       16  tcpip.o(.data)
    tcpip_init_done                          0x20000178   Data           4  tcpip.o(.data)
    tcpip_init_done_arg                      0x2000017c   Data           4  tcpip.o(.data)
    mbox                                     0x20000180   Data           4  tcpip.o(.data)
    tcpip_tcp_timer_active                   0x20000184   Data           4  tcpip.o(.data)
    .bss                                     0x20000188   Section      102  netconfig.o(.bss)
    .bss                                     0x200001f0   Section      200  tasks.o(.bss)
    pxReadyTasksLists                        0x200001f0   Data         100  tasks.o(.bss)
    xDelayedTaskList1                        0x20000254   Data          20  tasks.o(.bss)
    xDelayedTaskList2                        0x20000268   Data          20  tasks.o(.bss)
    xPendingReadyList                        0x2000027c   Data          20  tasks.o(.bss)
    xTasksWaitingTermination                 0x20000290   Data          20  tasks.o(.bss)
    xSuspendedTaskList                       0x200002a4   Data          20  tasks.o(.bss)
    .bss                                     0x200002b8   Section    17408  heap_2.o(.bss)
    ucHeap                                   0x200002b8   Data       17408  heap_2.o(.bss)
    .bss                                     0x200046b8   Section     3032  ethernetif.o(.bss)
    .bss                                     0x20005290   Section       40  sys_arch.o(.bss)
    s_timeoutlist                            0x20005290   Data          40  sys_arch.o(.bss)
    .bss                                     0x200052b8   Section      200  etharp.o(.bss)
    arp_table                                0x200052b8   Data         200  etharp.o(.bss)
    .bss                                     0x20005380   Section     1632  dns.o(.bss)
    dns_table                                0x20005380   Data        1120  dns.o(.bss)
    dns_payload                              0x200057e0   Data         512  dns.o(.bss)
    .bss                                     0x200059e0   Section     2020  mem.o(.bss)
    ram_heap                                 0x200059e0   Data        2020  mem.o(.bss)
    .bss                                     0x200061c4   Section    12339  memp.o(.bss)
    memp_tab                                 0x200061c4   Data          56  memp.o(.bss)
    memp_memory                              0x200061fc   Data       12283  memp.o(.bss)
    .bss                                     0x200091f8   Section      330  stats.o(.bss)
    .bss                                     0x20009344   Section       20  tcp_in.o(.bss)
    inseg                                    0x20009344   Data          20  tcp_in.o(.bss)
    .bss                                     0x20009358   Section       16  inet.o(.bss)
    str                                      0x20009358   Data          16  inet.o(.bss)
    .bss                                     0x20009368   Section     2004  ip_frag.o(.bss)
    buf                                      0x20009368   Data        2004  ip_frag.o(.bss)
    .bss                                     0x20009b3c   Section       80  sockets.o(.bss)
    sockets                                  0x20009b3c   Data          80  sockets.o(.bss)
    .bss                                     0x20009b8c   Section       96  libspace.o(.bss)
    HEAP                                     0x20009bf0   Section        0  cstartup.o(HEAP)
    STACK                                    0x20009bf0   Section      512  cstartup.o(STACK)
    Heap_Mem                                 0x20009bf0   Data           0  cstartup.o(HEAP)
    Stack_Mem                                0x20009bf0   Data         512  cstartup.o(STACK)
    __initial_sp                             0x20009df0   Data           0  cstartup.o(STACK)

    Global Symbols

    Symbol Name                              Value     Ov Type        Size  Object(Section)

    BuildAttributes$$THM_ISAv4$P$D$K$B$S$PE$A:L22UL41UL21$X:L11$S22US41US21$IEEE1$IW$USESV6$~STKCKD$USESV7$~SHL$OSPACE$ROPI$EBA8$UX$STANDARDLIB$REQ8$PRES8$EABIv2 0x00000000   Number         0  anon$$obj.o ABSOLUTE
    __ARM_use_no_argv                        0x00000000   Number         0  main.o ABSOLUTE
    __ARM_exceptions_init                     - Undefined Weak Reference
    __alloca_initialize                       - Undefined Weak Reference
    __cpp_initialize__aeabi_                  - Undefined Weak Reference
    __cxa_finalize                            - Undefined Weak Reference
    __sigvec_lookup                           - Undefined Weak Reference
    _atexit_init                              - Undefined Weak Reference
    _call_atexit_fns                          - Undefined Weak Reference
    _clock_init                               - Undefined Weak Reference
    _fp_trap_init                             - Undefined Weak Reference
    _fp_trap_shutdown                         - Undefined Weak Reference
    _get_lc_collate                           - Undefined Weak Reference
    _get_lc_monetary                          - Undefined Weak Reference
    _get_lc_numeric                           - Undefined Weak Reference
    _get_lc_time                              - Undefined Weak Reference
    _getenv_init                              - Undefined Weak Reference
    _handle_redirection                       - Undefined Weak Reference
    _init_alloc                               - Undefined Weak Reference
    _init_user_alloc                          - Undefined Weak Reference
    _initio                                   - Undefined Weak Reference
    _rand_init                                - Undefined Weak Reference
    _signal_finish                            - Undefined Weak Reference
    _signal_init                              - Undefined Weak Reference
    _terminate_alloc                          - Undefined Weak Reference
    _terminate_user_alloc                     - Undefined Weak Reference
    _terminateio                              - Undefined Weak Reference
    __Vectors                                0x08000000   Data           4  cstartup.o(RESET)
    __main                                   0x080000ed   Thumb Code     8  __main.o(!!!main)
    __scatterload                            0x080000f5   Thumb Code     0  __scatter.o(!!!scatter)
    __scatterload_rt2                        0x080000f5   Thumb Code    44  __scatter.o(!!!scatter)
    __scatterload_rt2_thumb_only             0x080000f5   Thumb Code     0  __scatter.o(!!!scatter)
    __scatterload_null                       0x08000103   Thumb Code     0  __scatter.o(!!!scatter)
    __decompress                             0x08000129   Thumb Code    90  __dczerorl2.o(!!dczerorl2)
    __decompress1                            0x08000129   Thumb Code     0  __dczerorl2.o(!!dczerorl2)
    __scatterload_zeroinit                   0x08000185   Thumb Code    28  __scatter_zi.o(!!handler_zi)
    __rt_lib_init                            0x080001a1   Thumb Code     0  libinit.o(.ARM.Collect$$libinit$$00000000)
    __rt_lib_init_alloca_1                   0x080001a3   Thumb Code     0  libinit2.o(.ARM.Collect$$libinit$$0000002C)
    __rt_lib_init_argv_1                     0x080001a3   Thumb Code     0  libinit2.o(.ARM.Collect$$libinit$$0000002A)
    __rt_lib_init_atexit_1                   0x080001a3   Thumb Code     0  libinit2.o(.ARM.Collect$$libinit$$00000019)
    __rt_lib_init_clock_1                    0x080001a3   Thumb Code     0  libinit2.o(.ARM.Collect$$libinit$$0000001F)
    __rt_lib_init_cpp_1                      0x080001a3   Thumb Code     0  libinit2.o(.ARM.Collect$$libinit$$00000030)
    __rt_lib_init_exceptions_1               0x080001a3   Thumb Code     0  libinit2.o(.ARM.Collect$$libinit$$0000002E)
    __rt_lib_init_fp_1                       0x080001a3   Thumb Code     0  libinit2.o(.ARM.Collect$$libinit$$00000002)
    __rt_lib_init_fp_trap_1                  0x080001a3   Thumb Code     0  libinit2.o(.ARM.Collect$$libinit$$0000001D)
    __rt_lib_init_getenv_1                   0x080001a3   Thumb Code     0  libinit2.o(.ARM.Collect$$libinit$$00000021)
    __rt_lib_init_heap_1                     0x080001a3   Thumb Code     0  libinit2.o(.ARM.Collect$$libinit$$00000008)
    __rt_lib_init_lc_collate_1               0x080001a3   Thumb Code     0  libinit2.o(.ARM.Collect$$libinit$$0000000F)
    __rt_lib_init_lc_ctype_1                 0x080001a3   Thumb Code     0  libinit2.o(.ARM.Collect$$libinit$$00000011)
    __rt_lib_init_lc_monetary_1              0x080001a3   Thumb Code     0  libinit2.o(.ARM.Collect$$libinit$$00000013)
    __rt_lib_init_lc_numeric_1               0x080001a3   Thumb Code     0  libinit2.o(.ARM.Collect$$libinit$$00000015)
    __rt_lib_init_lc_time_1                  0x080001a3   Thumb Code     0  libinit2.o(.ARM.Collect$$libinit$$00000017)
    __rt_lib_init_rand_1                     0x080001a3   Thumb Code     0  libinit2.o(.ARM.Collect$$libinit$$0000000C)
    __rt_lib_init_return                     0x080001a3   Thumb Code     0  libinit2.o(.ARM.Collect$$libinit$$00000031)
    __rt_lib_init_signal_1                   0x080001a3   Thumb Code     0  libinit2.o(.ARM.Collect$$libinit$$0000001B)
    __rt_lib_init_stdio_1                    0x080001a3   Thumb Code     0  libinit2.o(.ARM.Collect$$libinit$$00000023)
    __rt_lib_init_user_alloc_1               0x080001a3   Thumb Code     0  libinit2.o(.ARM.Collect$$libinit$$0000000A)
    __rt_lib_shutdown                        0x080001a5   Thumb Code     0  libshutdown.o(.ARM.Collect$$libshutdown$$00000000)
    __rt_lib_shutdown_fp_trap_1              0x080001a7   Thumb Code     0  libshutdown2.o(.ARM.Collect$$libshutdown$$00000006)
    __rt_lib_shutdown_heap_1                 0x080001a7   Thumb Code     0  libshutdown2.o(.ARM.Collect$$libshutdown$$0000000E)
    __rt_lib_shutdown_return                 0x080001a7   Thumb Code     0  libshutdown2.o(.ARM.Collect$$libshutdown$$0000000F)
    __rt_lib_shutdown_signal_1               0x080001a7   Thumb Code     0  libshutdown2.o(.ARM.Collect$$libshutdown$$00000009)
    __rt_lib_shutdown_stdio_1                0x080001a7   Thumb Code     0  libshutdown2.o(.ARM.Collect$$libshutdown$$00000003)
    __rt_lib_shutdown_user_alloc_1           0x080001a7   Thumb Code     0  libshutdown2.o(.ARM.Collect$$libshutdown$$0000000B)
    __rt_entry                               0x080001a9   Thumb Code     0  rtentry.o(.ARM.Collect$$rtentry$$00000000)
    __rt_entry_presh_1                       0x080001a9   Thumb Code     0  rtentry2.o(.ARM.Collect$$rtentry$$00000002)
    __rt_entry_sh                            0x080001a9   Thumb Code     0  rtentry4.o(.ARM.Collect$$rtentry$$00000004)
    __rt_entry_li                            0x080001af   Thumb Code     0  rtentry2.o(.ARM.Collect$$rtentry$$0000000A)
    __rt_entry_postsh_1                      0x080001af   Thumb Code     0  rtentry2.o(.ARM.Collect$$rtentry$$00000009)
    __rt_entry_main                          0x080001b3   Thumb Code     0  rtentry2.o(.ARM.Collect$$rtentry$$0000000D)
    __rt_entry_postli_1                      0x080001b3   Thumb Code     0  rtentry2.o(.ARM.Collect$$rtentry$$0000000C)
    __rt_exit                                0x080001bb   Thumb Code     0  rtexit.o(.ARM.Collect$$rtexit$$00000000)
    __rt_exit_ls                             0x080001bd   Thumb Code     0  rtexit2.o(.ARM.Collect$$rtexit$$00000003)
    __rt_exit_prels_1                        0x080001bd   Thumb Code     0  rtexit2.o(.ARM.Collect$$rtexit$$00000002)
    __rt_exit_exit                           0x080001c1   Thumb Code     0  rtexit2.o(.ARM.Collect$$rtexit$$00000004)
    vPortSVCHandler                          0x080001c9   Thumb Code    32  port.o(.emb_text)
    __asm___6_port_c_39a90d8d__prvStartFirstTask 0x080001ed   Thumb Code    28  port.o(.emb_text)
    xPortPendSVHandler                       0x0800020d   Thumb Code    72  port.o(.emb_text)
    vPortGetIPSR                             0x08000259   Thumb Code     6  port.o(.emb_text)
    main                                     0x08000261   Thumb Code    64  main.o(.text)
    BSP_LED_Init                             0x080002b5   Thumb Code    50  app_led.o(.text)
    vLedTask                                 0x080002e7   Thumb Code    38  app_led.o(.text)
    vRelay1Task                              0x0800030d   Thumb Code    36  app_led.o(.text)
    vRelay2Task                              0x08000331   Thumb Code    36  app_led.o(.text)
    vRelay3Task                              0x08000355   Thumb Code    36  app_led.o(.text)
    Udp_Receive                              0x0800037d   Thumb Code    58  netconfig.o(.text)
    LwIP_Periodic_Handle                     0x080003b7   Thumb Code   192  netconfig.o(.text)
    LwIP_Init                                0x08000477   Thumb Code   226  netconfig.o(.text)
    app_init                                 0x08000559   Thumb Code     2  netconfig.o(.text)
    dm9000x_gpio_inital                      0x080005ad   Thumb Code   144  dm9000x.o(.text)
    dm9000x_read_id                          0x080006f3   Thumb Code    60  dm9000x.o(.text)
    dm9000x_inital                           0x0800072f   Thumb Code   222  dm9000x.o(.text)
    dm9000x_sendpacket                       0x0800080d   Thumb Code   154  dm9000x.o(.text)
    dm9000x_receivepacket                    0x080008a7   Thumb Code   300  dm9000x.o(.text)
    Reset_Handler                            0x08000a5d   Thumb Code     4  cstartup.o(.text)
    NMI_Handler                              0x08000a61   Thumb Code     2  cstartup.o(.text)
    HardFault_Handler                        0x08000a63   Thumb Code     2  cstartup.o(.text)
    MemManage_Handler                        0x08000a65   Thumb Code     2  cstartup.o(.text)
    BusFault_Handler                         0x08000a67   Thumb Code     2  cstartup.o(.text)
    UsageFault_Handler                       0x08000a69   Thumb Code     2  cstartup.o(.text)
    SVC_Handler                              0x08000a6b   Thumb Code     2  cstartup.o(.text)
    DebugMon_Handler                         0x08000a6d   Thumb Code     2  cstartup.o(.text)
    PendSV_Handler                           0x08000a6f   Thumb Code     2  cstartup.o(.text)
    ADC_IRQHandler                           0x08000a73   Thumb Code     0  cstartup.o(.text)
    CAN_RX1_IRQHandler                       0x08000a73   Thumb Code     0  cstartup.o(.text)
    CAN_SCE_IRQHandler                       0x08000a73   Thumb Code     0  cstartup.o(.text)
    DMAChannel1_IRQHandler                   0x08000a73   Thumb Code     0  cstartup.o(.text)
    DMAChannel2_IRQHandler                   0x08000a73   Thumb Code     0  cstartup.o(.text)
    DMAChannel3_IRQHandler                   0x08000a73   Thumb Code     0  cstartup.o(.text)
    DMAChannel4_IRQHandler                   0x08000a73   Thumb Code     0  cstartup.o(.text)
    DMAChannel5_IRQHandler                   0x08000a73   Thumb Code     0  cstartup.o(.text)
    DMAChannel6_IRQHandler                   0x08000a73   Thumb Code     0  cstartup.o(.text)
    DMAChannel7_IRQHandler                   0x08000a73   Thumb Code     0  cstartup.o(.text)
    EXTI0_IRQHandler                         0x08000a73   Thumb Code     0  cstartup.o(.text)
    EXTI15_10_IRQHandler                     0x08000a73   Thumb Code     0  cstartup.o(.text)
    EXTI1_IRQHandler                         0x08000a73   Thumb Code     0  cstartup.o(.text)
    EXTI2_IRQHandler                         0x08000a73   Thumb Code     0  cstartup.o(.text)
    EXTI3_IRQHandler                         0x08000a73   Thumb Code     0  cstartup.o(.text)
    EXTI4_IRQHandler                         0x08000a73   Thumb Code     0  cstartup.o(.text)
    EXTI9_5_IRQHandler                       0x08000a73   Thumb Code     0  cstartup.o(.text)
    FLASH_IRQHandler                         0x08000a73   Thumb Code     0  cstartup.o(.text)
    I2C1_ER_IRQHandler                       0x08000a73   Thumb Code     0  cstartup.o(.text)
    I2C1_EV_IRQHandler                       0x08000a73   Thumb Code     0  cstartup.o(.text)
    I2C2_ER_IRQHandler                       0x08000a73   Thumb Code     0  cstartup.o(.text)
    I2C2_EV_IRQHandler                       0x08000a73   Thumb Code     0  cstartup.o(.text)
    PVD_IRQHandler                           0x08000a73   Thumb Code     0  cstartup.o(.text)
    RCC_IRQHandler                           0x08000a73   Thumb Code     0  cstartup.o(.text)
    RTCAlarm_IRQHandler                      0x08000a73   Thumb Code     0  cstartup.o(.text)
    RTC_IRQHandler                           0x08000a73   Thumb Code     0  cstartup.o(.text)
    SPI1_IRQHandler                          0x08000a73   Thumb Code     0  cstartup.o(.text)
    SPI2_IRQHandler                          0x08000a73   Thumb Code     0  cstartup.o(.text)
    TAMPER_IRQHandler                        0x08000a73   Thumb Code     0  cstartup.o(.text)
    TIM1_BRK_IRQHandler                      0x08000a73   Thumb Code     0  cstartup.o(.text)
    TIM1_CC_IRQHandler                       0x08000a73   Thumb Code     0  cstartup.o(.text)
    TIM1_TRG_COM_IRQHandler                  0x08000a73   Thumb Code     0  cstartup.o(.text)
    TIM1_UP_IRQHandler                       0x08000a73   Thumb Code     0  cstartup.o(.text)
    TIM2_IRQHandler                          0x08000a73   Thumb Code     0  cstartup.o(.text)
    TIM3_IRQHandler                          0x08000a73   Thumb Code     0  cstartup.o(.text)
    TIM4_IRQHandler                          0x08000a73   Thumb Code     0  cstartup.o(.text)
    USART1_IRQHandler                        0x08000a73   Thumb Code     0  cstartup.o(.text)
    USART2_IRQHandler                        0x08000a73   Thumb Code     0  cstartup.o(.text)
    USART3_IRQHandler                        0x08000a73   Thumb Code     0  cstartup.o(.text)
    USBWakeUp_IRQHandler                     0x08000a73   Thumb Code     0  cstartup.o(.text)
    USB_HP_CAN_TX_IRQHandler                 0x08000a73   Thumb Code     0  cstartup.o(.text)
    USB_LP_CAN_RX0_IRQHandler                0x08000a73   Thumb Code     0  cstartup.o(.text)
    WWDG_IRQHandler                          0x08000a73   Thumb Code     0  cstartup.o(.text)
    __user_initial_stackheap                 0x08000a75   Thumb Code     0  cstartup.o(.text)
    GPIO_DeInit                              0x08000a91   Thumb Code   172  stm32f10x_gpio.o(.text)
    GPIO_AFIODeInit                          0x08000b3d   Thumb Code    20  stm32f10x_gpio.o(.text)
    GPIO_Init                                0x08000b51   Thumb Code   278  stm32f10x_gpio.o(.text)
    GPIO_StructInit                          0x08000c67   Thumb Code    16  stm32f10x_gpio.o(.text)
    GPIO_ReadInputDataBit                    0x08000c77   Thumb Code    18  stm32f10x_gpio.o(.text)
    GPIO_ReadInputData                       0x08000c89   Thumb Code     8  stm32f10x_gpio.o(.text)
    GPIO_ReadOutputDataBit                   0x08000c91   Thumb Code    18  stm32f10x_gpio.o(.text)
    GPIO_ReadOutputData                      0x08000ca3   Thumb Code     8  stm32f10x_gpio.o(.text)
    GPIO_SetBits                             0x08000cab   Thumb Code     4  stm32f10x_gpio.o(.text)
    GPIO_ResetBits                           0x08000caf   Thumb Code     4  stm32f10x_gpio.o(.text)
    GPIO_WriteBit                            0x08000cb3   Thumb Code    10  stm32f10x_gpio.o(.text)
    GPIO_Write                               0x08000cbd   Thumb Code     4  stm32f10x_gpio.o(.text)
    GPIO_PinLockConfig                       0x08000cc1   Thumb Code    18  stm32f10x_gpio.o(.text)
    GPIO_EventOutputConfig                   0x08000cd3   Thumb Code    26  stm32f10x_gpio.o(.text)
    GPIO_EventOutputCmd                      0x08000ced   Thumb Code     6  stm32f10x_gpio.o(.text)
    GPIO_PinRemapConfig                      0x08000cf3   Thumb Code   138  stm32f10x_gpio.o(.text)
    GPIO_EXTILineConfig                      0x08000d7d   Thumb Code    66  stm32f10x_gpio.o(.text)
    GPIO_ETH_MediaInterfaceConfig            0x08000dbf   Thumb Code     8  stm32f10x_gpio.o(.text)
    RCC_DeInit                               0x08000ded   Thumb Code    64  stm32f10x_rcc.o(.text)
    RCC_HSEConfig                            0x08000e2d   Thumb Code    70  stm32f10x_rcc.o(.text)
    RCC_GetFlagStatus                        0x08000e73   Thumb Code    56  stm32f10x_rcc.o(.text)
    RCC_WaitForHSEStartUp                    0x08000eab   Thumb Code    56  stm32f10x_rcc.o(.text)
    RCC_AdjustHSICalibrationValue            0x08000ee3   Thumb Code    20  stm32f10x_rcc.o(.text)
    RCC_HSICmd                               0x08000ef7   Thumb Code     6  stm32f10x_rcc.o(.text)
    RCC_PLLConfig                            0x08000efd   Thumb Code    24  stm32f10x_rcc.o(.text)
    RCC_PLLCmd                               0x08000f15   Thumb Code     6  stm32f10x_rcc.o(.text)
    RCC_SYSCLKConfig                         0x08000f1b   Thumb Code    18  stm32f10x_rcc.o(.text)
    RCC_GetSYSCLKSource                      0x08000f2d   Thumb Code    10  stm32f10x_rcc.o(.text)
    RCC_HCLKConfig                           0x08000f37   Thumb Code    18  stm32f10x_rcc.o(.text)
    RCC_PCLK1Config                          0x08000f49   Thumb Code    18  stm32f10x_rcc.o(.text)
    RCC_PCLK2Config                          0x08000f5b   Thumb Code    20  stm32f10x_rcc.o(.text)
    RCC_ITConfig                             0x08000f6f   Thumb Code    26  stm32f10x_rcc.o(.text)
    RCC_USBCLKConfig                         0x08000f89   Thumb Code     8  stm32f10x_rcc.o(.text)
    RCC_ADCCLKConfig                         0x08000f91   Thumb Code    18  stm32f10x_rcc.o(.text)
    RCC_LSEConfig                            0x08000fa3   Thumb Code    50  stm32f10x_rcc.o(.text)
    RCC_LSICmd                               0x08000fd5   Thumb Code     6  stm32f10x_rcc.o(.text)
    RCC_RTCCLKConfig                         0x08000fdb   Thumb Code    12  stm32f10x_rcc.o(.text)
    RCC_RTCCLKCmd                            0x08000fe7   Thumb Code     8  stm32f10x_rcc.o(.text)
    RCC_GetClocksFreq                        0x08000fef   Thumb Code   192  stm32f10x_rcc.o(.text)
    RCC_AHBPeriphClockCmd                    0x080010af   Thumb Code    26  stm32f10x_rcc.o(.text)
    RCC_APB2PeriphClockCmd                   0x080010c9   Thumb Code    26  stm32f10x_rcc.o(.text)
    RCC_APB1PeriphClockCmd                   0x080010e3   Thumb Code    26  stm32f10x_rcc.o(.text)
    RCC_APB2PeriphResetCmd                   0x080010fd   Thumb Code    26  stm32f10x_rcc.o(.text)
    RCC_APB1PeriphResetCmd                   0x08001117   Thumb Code    26  stm32f10x_rcc.o(.text)
    RCC_BackupResetCmd                       0x08001131   Thumb Code     8  stm32f10x_rcc.o(.text)
    RCC_ClockSecuritySystemCmd               0x08001139   Thumb Code     6  stm32f10x_rcc.o(.text)
    RCC_MCOConfig                            0x0800113f   Thumb Code     6  stm32f10x_rcc.o(.text)
    RCC_ClearFlag                            0x08001145   Thumb Code    14  stm32f10x_rcc.o(.text)
    RCC_GetITStatus                          0x08001153   Thumb Code    20  stm32f10x_rcc.o(.text)
    RCC_ClearITPendingBit                    0x08001167   Thumb Code     6  stm32f10x_rcc.o(.text)
    SystemInit                               0x0800126f   Thumb Code    78  system_stm32f10x.o(.text)
    SystemCoreClockUpdate                    0x080012bd   Thumb Code   142  system_stm32f10x.o(.text)
    vListInitialise                          0x08001371   Thumb Code    26  list.o(.text)
    vListInitialiseItem                      0x0800138b   Thumb Code     6  list.o(.text)
    vListInsertEnd                           0x08001391   Thumb Code    24  list.o(.text)
    vListInsert                              0x080013a9   Thumb Code    52  list.o(.text)
    uxListRemove                             0x080013dd   Thumb Code    40  list.o(.text)
    xQueueGenericReset                       0x08001405   Thumb Code   122  queue.o(.text)
    xQueueGenericCreate                      0x080014a9   Thumb Code    56  queue.o(.text)
    xQueueGenericSend                        0x080015e7   Thumb Code   276  queue.o(.text)
    xQueueGenericSendFromISR                 0x08001717   Thumb Code   134  queue.o(.text)
    xQueueGiveFromISR                        0x0800179d   Thumb Code   120  queue.o(.text)
    xQueueGenericReceive                     0x0800185f   Thumb Code   312  queue.o(.text)
    xQueueReceiveFromISR                     0x08001997   Thumb Code   130  queue.o(.text)
    xQueuePeekFromISR                        0x08001a19   Thumb Code    74  queue.o(.text)
    uxQueueMessagesWaiting                   0x08001a63   Thumb Code    18  queue.o(.text)
    uxQueueSpacesAvailable                   0x08001a75   Thumb Code    24  queue.o(.text)
    uxQueueMessagesWaitingFromISR            0x08001a8d   Thumb Code     6  queue.o(.text)
    vQueueDelete                             0x08001a93   Thumb Code    14  queue.o(.text)
    uxQueueGetQueueNumber                    0x08001aa1   Thumb Code     6  queue.o(.text)
    vQueueSetQueueNumber                     0x08001aa7   Thumb Code     4  queue.o(.text)
    ucQueueGetQueueType                      0x08001aab   Thumb Code     8  queue.o(.text)
    xQueueIsQueueEmptyFromISR                0x08001ab3   Thumb Code    14  queue.o(.text)
    xQueueIsQueueFullFromISR                 0x08001ac1   Thumb Code    18  queue.o(.text)
    xTaskCreate                              0x08001c51   Thumb Code    92  tasks.o(.text)
    vTaskDelete                              0x08001ce9   Thumb Code   176  tasks.o(.text)
    xTaskIncrementTick                       0x08001d99   Thumb Code   238  tasks.o(.text)
    xTaskResumeAll                           0x08001e87   Thumb Code   282  tasks.o(.text)
    vTaskSuspendAll                          0x0800201d   Thumb Code    12  tasks.o(.text)
    vTaskDelayUntil                          0x08002029   Thumb Code   106  tasks.o(.text)
    vTaskDelay                               0x08002093   Thumb Code    46  tasks.o(.text)
    eTaskGetState                            0x080020c1   Thumb Code    88  tasks.o(.text)
    uxTaskPriorityGet                        0x08002119   Thumb Code    30  tasks.o(.text)
    uxTaskPriorityGetFromISR                 0x08002137   Thumb Code    52  tasks.o(.text)
    vTaskPrioritySet                         0x0800216b   Thumb Code   216  tasks.o(.text)
    vTaskSwitchContext                       0x08002243   Thumb Code    76  tasks.o(.text)
    vTaskSuspend                             0x0800228f   Thumb Code   224  tasks.o(.text)
    vTaskResume                              0x080023a7   Thumb Code   104  tasks.o(.text)
    xTaskResumeFromISR                       0x0800240f   Thumb Code   130  tasks.o(.text)
    vTaskStartScheduler                      0x08002507   Thumb Code    74  tasks.o(.text)
    vTaskEndScheduler                        0x08002551   Thumb Code    32  tasks.o(.text)
    xTaskGetTickCount                        0x08002571   Thumb Code     6  tasks.o(.text)
    xTaskGetTickCountFromISR                 0x08002577   Thumb Code     8  tasks.o(.text)
    uxTaskGetNumberOfTasks                   0x0800257f   Thumb Code     6  tasks.o(.text)
    pcTaskGetName                            0x08002585   Thumb Code    20  tasks.o(.text)
    vTaskGetTaskInfo                         0x080025af   Thumb Code   112  tasks.o(.text)
    uxTaskGetSystemState                     0x08002689   Thumb Code   152  tasks.o(.text)
    vTaskPlaceOnEventList                    0x08002721   Thumb Code    28  tasks.o(.text)
    vTaskPlaceOnUnorderedEventList           0x0800273d   Thumb Code   116  tasks.o(.text)
    xTaskRemoveFromEventList                 0x080027b1   Thumb Code   104  tasks.o(.text)
    xTaskRemoveFromUnorderedEventList        0x08002819   Thumb Code    94  tasks.o(.text)
    vTaskSetTimeOutState                     0x08002877   Thumb Code    14  tasks.o(.text)
    xTaskCheckForTimeOut                     0x08002885   Thumb Code    84  tasks.o(.text)
    vTaskMissedYield                         0x080028d9   Thumb Code     8  tasks.o(.text)
    uxTaskGetTaskNumber                      0x080028e1   Thumb Code    14  tasks.o(.text)
    vTaskSetTaskNumber                       0x080028ef   Thumb Code     8  tasks.o(.text)
    xTaskGetCurrentTaskHandle                0x080028f7   Thumb Code     6  tasks.o(.text)
    uxTaskResetEventItemValue                0x080028fd   Thumb Code    24  tasks.o(.text)
    ulTaskNotifyTake                         0x08002915   Thumb Code   108  tasks.o(.text)
    xTaskNotifyWait                          0x08002981   Thumb Code   150  tasks.o(.text)
    xTaskGenericNotify                       0x08002a17   Thumb Code   178  tasks.o(.text)
    xTaskGenericNotifyFromISR                0x08002ac9   Thumb Code   264  tasks.o(.text)
    vTaskNotifyGiveFromISR                   0x08002bd1   Thumb Code   154  tasks.o(.text)
    xTaskNotifyStateClear                    0x08002c6b   Thumb Code    48  tasks.o(.text)
    pxPortInitialiseStack                    0x08002ccb   Thumb Code    26  port.o(.text)
    vPortSetupTimerInterrupt                 0x08002ce5   Thumb Code    14  port.o(.text)
    xPortStartScheduler                      0x08002cf3   Thumb Code    42  port.o(.text)
    vPortEndScheduler                        0x08002d1d   Thumb Code     2  port.o(.text)
    vPortEnterCritical                       0x08002d1f   Thumb Code    30  port.o(.text)
    vPortExitCritical                        0x08002d3d   Thumb Code    28  port.o(.text)
    xPortSysTickHandler                      0x08002d59   Thumb Code    48  port.o(.text)
    pvPortMalloc                             0x08002dc3   Thumb Code   166  heap_2.o(.text)
    vPortFree                                0x08002e69   Thumb Code    56  heap_2.o(.text)
    xPortGetFreeHeapSize                     0x08002ea1   Thumb Code     6  heap_2.o(.text)
    vPortInitialiseBlocks                    0x08002ea7   Thumb Code     2  heap_2.o(.text)
    ethernetif_input                         0x08002f13   Thumb Code    42  ethernetif.o(.text)
    ethernetif_init                          0x08002fed   Thumb Code    70  ethernetif.o(.text)
    sys_mbox_new                             0x08003055   Thumb Code    58  sys_arch.o(.text)
    sys_mbox_free                            0x0800308f   Thumb Code    52  sys_arch.o(.text)
    sys_mbox_post                            0x080030c3   Thumb Code    24  sys_arch.o(.text)
    sys_mbox_trypost                         0x080030db   Thumb Code    48  sys_arch.o(.text)
    sys_arch_mbox_fetch                      0x0800310b   Thumb Code    94  sys_arch.o(.text)
    sys_arch_mbox_tryfetch                   0x08003169   Thumb Code    36  sys_arch.o(.text)
    sys_sem_new                              0x0800318d   Thumb Code   108  sys_arch.o(.text)
    sys_arch_sem_wait                        0x080031f9   Thumb Code    82  sys_arch.o(.text)
    sys_sem_signal                           0x0800324b   Thumb Code    18  sys_arch.o(.text)
    sys_sem_free                             0x0800325d   Thumb Code    26  sys_arch.o(.text)
    sys_init                                 0x08003277   Thumb Code    34  sys_arch.o(.text)
    sys_arch_timeouts                        0x08003299   Thumb Code    42  sys_arch.o(.text)
    sys_arch_protect                         0x080032c3   Thumb Code    10  sys_arch.o(.text)
    sys_arch_unprotect                       0x080032cd   Thumb Code    10  sys_arch.o(.text)
    sys_thread_new                           0x080032d7   Thumb Code    86  sys_arch.o(.text)
    sys_assert                               0x0800332d   Thumb Code     8  sys_arch.o(.text)
    etharp_tmr                               0x0800335f   Thumb Code   154  etharp.o(.text)
    etharp_find_addr                         0x08003703   Thumb Code    92  etharp.o(.text)
    etharp_ip_input                          0x0800375f   Thumb Code    52  etharp.o(.text)
    etharp_arp_input                         0x08003793   Thumb Code   368  etharp.o(.text)
    etharp_request                           0x080039c7   Thumb Code    36  etharp.o(.text)
    etharp_query                             0x080039eb   Thumb Code   422  etharp.o(.text)
    etharp_output                            0x08003b91   Thumb Code   200  etharp.o(.text)
    ethernet_input                           0x08003c59   Thumb Code   126  etharp.o(.text)
    dhcp_renew                               0x0800420b   Thumb Code   146  dhcp.o(.text)
    dhcp_coarse_tmr                          0x0800436d   Thumb Code    62  dhcp.o(.text)
    dhcp_release                             0x0800445d   Thumb Code   178  dhcp.o(.text)
    dhcp_fine_tmr                            0x08004699   Thumb Code    64  dhcp.o(.text)
    dhcp_stop                                0x0800480b   Thumb Code    46  dhcp.o(.text)
    dhcp_start                               0x080049d5   Thumb Code   166  dhcp.o(.text)
    dhcp_inform                              0x08004a7b   Thumb Code   160  dhcp.o(.text)
    dhcp_network_changed                     0x08004b1b   Thumb Code    82  dhcp.o(.text)
    dhcp_arp_reply                           0x08004c05   Thumb Code    36  dhcp.o(.text)
    dns_setserver                            0x08004c29   Thumb Code    28  dns.o(.text)
    dns_init                                 0x08004e0d   Thumb Code    64  dns.o(.text)
    dns_getserver                            0x08004e4d   Thumb Code    28  dns.o(.text)
    dns_tmr                                  0x0800504f   Thumb Code    14  dns.o(.text)
    dns_gethostbyname                        0x0800516b   Thumb Code    84  dns.o(.text)
    lwip_init                                0x080051cd   Thumb Code    24  init.o(.text)
    mem_init                                 0x08005251   Thumb Code    92  mem.o(.text)
    mem_free                                 0x080052ad   Thumb Code   128  mem.o(.text)
    mem_realloc                              0x0800532d   Thumb Code   310  mem.o(.text)
    mem_malloc                               0x08005463   Thumb Code   390  mem.o(.text)
    mem_calloc                               0x080055e9   Thumb Code    34  mem.o(.text)
    memp_init                                0x0800560d   Thumb Code   136  memp.o(.text)
    memp_malloc                              0x08005695   Thumb Code   150  memp.o(.text)
    memp_free                                0x0800572b   Thumb Code    74  memp.o(.text)
    netif_set_gw                             0x08005789   Thumb Code    12  netif.o(.text)
    netif_set_netmask                        0x08005795   Thumb Code    12  netif.o(.text)
    netif_set_ipaddr                         0x080057a1   Thumb Code   110  netif.o(.text)
    netif_set_addr                           0x0800580f   Thumb Code    40  netif.o(.text)
    netif_add                                0x08005837   Thumb Code    98  netif.o(.text)
    netif_set_default                        0x08005899   Thumb Code     6  netif.o(.text)
    netif_remove                             0x0800589f   Thumb Code    74  netif.o(.text)
    netif_find                               0x080058e9   Thumb Code    64  netif.o(.text)
    netif_set_up                             0x08005929   Thumb Code    44  netif.o(.text)
    netif_set_down                           0x08005955   Thumb Code    24  netif.o(.text)
    netif_is_up                              0x0800596d   Thumb Code    12  netif.o(.text)
    pbuf_free                                0x080059fd   Thumb Code   108  pbuf.o(.text)
    pbuf_alloc                               0x08005a69   Thumb Code   386  pbuf.o(.text)
    pbuf_realloc                             0x08005beb   Thumb Code   100  pbuf.o(.text)
    pbuf_header                              0x08005c4f   Thumb Code   106  pbuf.o(.text)
    pbuf_clen                                0x08005cb9   Thumb Code    18  pbuf.o(.text)
    pbuf_ref                                 0x08005ccb   Thumb Code    26  pbuf.o(.text)
    pbuf_cat                                 0x08005ce5   Thumb Code    36  pbuf.o(.text)
    pbuf_chain                               0x08005d09   Thumb Code    22  pbuf.o(.text)
    pbuf_dechain                             0x08005d1f   Thumb Code    48  pbuf.o(.text)
    pbuf_copy                                0x08005d4f   Thumb Code   114  pbuf.o(.text)
    pbuf_copy_partial                        0x08005dc1   Thumb Code   116  pbuf.o(.text)
    pbuf_take                                0x08005e35   Thumb Code    86  pbuf.o(.text)
    pbuf_coalesce                            0x08005e8b   Thumb Code    56  pbuf.o(.text)
    raw_input                                0x08005ec5   Thumb Code   100  raw.o(.text)
    raw_bind                                 0x08005f29   Thumb Code    16  raw.o(.text)
    raw_connect                              0x08005f39   Thumb Code    16  raw.o(.text)
    raw_recv                                 0x08005f49   Thumb Code     6  raw.o(.text)
    raw_sendto                               0x08005f4f   Thumb Code   150  raw.o(.text)
    raw_send                                 0x08005fe5   Thumb Code    18  raw.o(.text)
    raw_remove                               0x08005ff7   Thumb Code    60  raw.o(.text)
    raw_new                                  0x08006033   Thumb Code    42  raw.o(.text)
    sys_mbox_fetch                           0x08006061   Thumb Code   124  sys.o(.text)
    sys_sem_wait                             0x080060dd   Thumb Code   116  sys.o(.text)
    sys_timeout                              0x08006151   Thumb Code   144  sys.o(.text)
    sys_untimeout                            0x080061e1   Thumb Code    94  sys.o(.text)
    sys_sem_wait_timeout                     0x08006253   Thumb Code    58  sys.o(.text)
    sys_msleep                               0x0800628d   Thumb Code    28  sys.o(.text)
    tcp_seg_free                             0x080062ad   Thumb Code    32  tcp.o(.text)
    tcp_segs_free                            0x080062cd   Thumb Code    30  tcp.o(.text)
    tcp_pcb_purge                            0x080062eb   Thumb Code    76  tcp.o(.text)
    tcp_slowtmr                              0x08006337   Thumb Code   714  tcp.o(.text)
    tcp_pcb_remove                           0x08006601   Thumb Code   128  tcp.o(.text)
    tcp_close                                0x08006681   Thumb Code   274  tcp.o(.text)
    tcp_update_rcv_ann_wnd                   0x08006793   Thumb Code    70  tcp.o(.text)
    tcp_recved                               0x080067d9   Thumb Code    62  tcp.o(.text)
    tcp_recv_null                            0x08006817   Thumb Code    46  tcp.o(.text)
    tcp_fasttmr                              0x08006845   Thumb Code   122  tcp.o(.text)
    tcp_tmr                                  0x080068bf   Thumb Code    30  tcp.o(.text)
    tcp_abandon                              0x080068dd   Thumb Code   158  tcp.o(.text)
    tcp_bind                                 0x080069e3   Thumb Code   218  tcp.o(.text)
    tcp_listen_with_backlog                  0x08006ac5   Thumb Code   184  tcp.o(.text)
    tcp_eff_send_mss                         0x08006b7d   Thumb Code    46  tcp.o(.text)
    tcp_next_iss                             0x08006bab   Thumb Code    20  tcp.o(.text)
    tcp_connect                              0x08006bbf   Thumb Code   294  tcp.o(.text)
    tcp_setprio                              0x08006ce5   Thumb Code     4  tcp.o(.text)
    tcp_seg_copy                             0x08006ce9   Thumb Code    38  tcp.o(.text)
    tcp_alloc                                0x08006d91   Thumb Code   202  tcp.o(.text)
    tcp_new                                  0x08006e5b   Thumb Code    10  tcp.o(.text)
    tcp_arg                                  0x08006e65   Thumb Code     4  tcp.o(.text)
    tcp_recv                                 0x08006e69   Thumb Code     6  tcp.o(.text)
    tcp_sent                                 0x08006e6f   Thumb Code     6  tcp.o(.text)
    tcp_err                                  0x08006e75   Thumb Code     6  tcp.o(.text)
    tcp_accept                               0x08006e7b   Thumb Code     4  tcp.o(.text)
    tcp_poll                                 0x08006e7f   Thumb Code    10  tcp.o(.text)
    tcp_debug_state_str                      0x08006e89   Thumb Code    10  tcp.o(.text)
    tcp_input                                0x080080a3   Thumb Code  1324  tcp_in.o(.text)
    tcp_enqueue                              0x0800868b   Thumb Code   986  tcp_out.o(.text)
    tcp_send_ctrl                            0x08008a65   Thumb Code    28  tcp_out.o(.text)
    tcp_write                                0x08008a81   Thumb Code    72  tcp_out.o(.text)
    tcp_send_empty_ack                       0x08008ac9   Thumb Code   118  tcp_out.o(.text)
    tcp_output                               0x08008c25   Thumb Code   462  tcp_out.o(.text)
    tcp_rst                                  0x08008df3   Thumb Code   198  tcp_out.o(.text)
    tcp_rexmit_rto                           0x08008eb9   Thumb Code    58  tcp_out.o(.text)
    tcp_rexmit                               0x08008ef3   Thumb Code    80  tcp_out.o(.text)
    tcp_rexmit_fast                          0x08008f43   Thumb Code   132  tcp_out.o(.text)
    tcp_keepalive                            0x08008fc7   Thumb Code   110  tcp_out.o(.text)
    tcp_zero_window_probe                    0x08009035   Thumb Code   196  tcp_out.o(.text)
    udp_input                                0x080090fd   Thumb Code   622  udp.o(.text)
    udp_bind                                 0x0800936b   Thumb Code   102  udp.o(.text)
    udp_sendto_if                            0x080093d1   Thumb Code   248  udp.o(.text)
    udp_sendto                               0x080094c9   Thumb Code    72  udp.o(.text)
    udp_send                                 0x08009511   Thumb Code    20  udp.o(.text)
    udp_connect                              0x08009525   Thumb Code    94  udp.o(.text)
    udp_disconnect                           0x08009583   Thumb Code    28  udp.o(.text)
    udp_recv                                 0x0800959f   Thumb Code     6  udp.o(.text)
    udp_remove                               0x080095a5   Thumb Code    60  udp.o(.text)
    udp_new                                  0x080095e1   Thumb Code    28  udp.o(.text)
    icmp_input                               0x08009605   Thumb Code   524  icmp.o(.text)
    icmp_dest_unreach                        0x08009887   Thumb Code    18  icmp.o(.text)
    icmp_time_exceeded                       0x08009899   Thumb Code    18  icmp.o(.text)
    htonl                                    0x080098b1   Thumb Code    26  inet.o(.text)
    inet_aton                                0x080098cb   Thumb Code   336  inet.o(.text)
    inet_addr                                0x08009a1b   Thumb Code    24  inet.o(.text)
    inet_ntoa                                0x08009a33   Thumb Code   112  inet.o(.text)
    htons                                    0x08009aa3   Thumb Code    12  inet.o(.text)
    ntohs                                    0x08009aaf   Thumb Code    12  inet.o(.text)
    ntohl                                    0x08009abb   Thumb Code    12  inet.o(.text)
    inet_chksum_pseudo                       0x08009b17   Thumb Code   162  inet_chksum.o(.text)
    inet_chksum                              0x08009bb9   Thumb Code    20  inet_chksum.o(.text)
    inet_chksum_pbuf                         0x08009bcd   Thumb Code    86  inet_chksum.o(.text)
    ip_route                                 0x08009c25   Thumb Code    86  ip.o(.text)
    ip_input                                 0x08009d41   Thumb Code   644  ip.o(.text)
    ip_output_if                             0x08009fc5   Thumb Code   306  ip.o(.text)
    ip_output                                0x0800a0f7   Thumb Code    70  ip.o(.text)
    ip_addr_isbroadcast                      0x0800a145   Thumb Code    78  ip_addr.o(.text)
    ip_reass_tmr                             0x0800a229   Thumb Code    48  ip_frag.o(.text)
    ip_reass                                 0x0800a46f   Thumb Code   482  ip_frag.o(.text)
    ip_frag                                  0x0800a651   Thumb Code   336  ip_frag.o(.text)
    vlwIPInit                                0x0800a7ad   Thumb Code    24  lwipentry.o(.text)
    LwIPEntry                                0x0800a7c5   Thumb Code   110  lwipentry.o(.text)
    netconn_new_with_proto_and_callback      0x0800a891   Thumb Code    72  api_lib.o(.text)
    netconn_delete                           0x0800a8d9   Thumb Code    40  api_lib.o(.text)
    netconn_getaddr                          0x0800a901   Thumb Code    40  api_lib.o(.text)
    netconn_bind                             0x0800a929   Thumb Code    36  api_lib.o(.text)
    netconn_connect                          0x0800a94d   Thumb Code    36  api_lib.o(.text)
    netconn_disconnect                       0x0800a971   Thumb Code    26  api_lib.o(.text)
    netconn_listen_with_backlog              0x0800a98b   Thumb Code    28  api_lib.o(.text)
    netconn_accept                           0x0800a9a7   Thumb Code    32  api_lib.o(.text)
    netconn_recv                             0x0800a9c7   Thumb Code   284  api_lib.o(.text)
    netconn_send                             0x0800aae3   Thumb Code    30  api_lib.o(.text)
    netconn_sendto                           0x0800ab01   Thumb Code    36  api_lib.o(.text)
    netconn_write                            0x0800ab25   Thumb Code    40  api_lib.o(.text)
    netconn_close                            0x0800ab4d   Thumb Code    26  api_lib.o(.text)
    netconn_gethostbyname                    0x0800ab67   Thumb Code    64  api_lib.o(.text)
    netconn_free                             0x0800b003   Thumb Code   114  api_msg.o(.text)
    netconn_alloc                            0x0800b075   Thumb Code   106  api_msg.o(.text)
    do_newconn                               0x0800b1db   Thumb Code    26  api_msg.o(.text)
    do_delconn                               0x0800b1f5   Thumb Code   126  api_msg.o(.text)
    do_bind                                  0x0800b273   Thumb Code   114  api_msg.o(.text)
    do_connect                               0x0800b319   Thumb Code   156  api_msg.o(.text)
    do_disconnect                            0x0800b3b5   Thumb Code    34  api_msg.o(.text)
    do_listen                                0x0800b3d7   Thumb Code   160  api_msg.o(.text)
    do_send                                  0x0800b477   Thumb Code   144  api_msg.o(.text)
    do_recv                                  0x0800b507   Thumb Code    50  api_msg.o(.text)
    do_write                                 0x0800b539   Thumb Code    72  api_msg.o(.text)
    do_getaddr                               0x0800b581   Thumb Code   172  api_msg.o(.text)
    do_close                                 0x0800b62d   Thumb Code    48  api_msg.o(.text)
    do_gethostbyname                         0x0800b689   Thumb Code    40  api_msg.o(.text)
    netbuf_new                               0x0800b6bd   Thumb Code    30  netbuf.o(.text)
    netbuf_delete                            0x0800b6db   Thumb Code    32  netbuf.o(.text)
    netbuf_alloc                             0x0800b6fb   Thumb Code    46  netbuf.o(.text)
    netbuf_free                              0x0800b729   Thumb Code    22  netbuf.o(.text)
    netbuf_ref                               0x0800b73f   Thumb Code    62  netbuf.o(.text)
    netbuf_chain                             0x0800b77d   Thumb Code    28  netbuf.o(.text)
    netbuf_data                              0x0800b799   Thumb Code    28  netbuf.o(.text)
    netbuf_next                              0x0800b7b5   Thumb Code    34  netbuf.o(.text)
    netbuf_first                             0x0800b7d7   Thumb Code     6  netbuf.o(.text)
    lwip_socket_init                         0x0800b7dd   Thumb Code    24  sockets.o(.text)
    lwip_accept                              0x0800b9cb   Thumb Code   330  sockets.o(.text)
    lwip_bind                                0x0800bb15   Thumb Code    98  sockets.o(.text)
    lwip_close                               0x0800bb77   Thumb Code    70  sockets.o(.text)
    lwip_connect                             0x0800bbbd   Thumb Code   140  sockets.o(.text)
    lwip_listen                              0x0800bc49   Thumb Code    92  sockets.o(.text)
    lwip_recvfrom                            0x0800bca5   Thumb Code   468  sockets.o(.text)
    lwip_read                                0x0800be79   Thumb Code    28  sockets.o(.text)
    lwip_recv                                0x0800be95   Thumb Code    34  sockets.o(.text)
    lwip_sendto                              0x0800beb7   Thumb Code   168  sockets.o(.text)
    lwip_send                                0x0800bf5f   Thumb Code   122  sockets.o(.text)
    lwip_socket                              0x0800bfd9   Thumb Code   130  sockets.o(.text)
    lwip_write                               0x0800c05b   Thumb Code    22  sockets.o(.text)
    lwip_select                              0x0800c14b   Thumb Code   414  sockets.o(.text)
    lwip_shutdown                            0x0800c2e9   Thumb Code    14  sockets.o(.text)
    lwip_getpeername                         0x0800c36d   Thumb Code    22  sockets.o(.text)
    lwip_getsockname                         0x0800c383   Thumb Code    22  sockets.o(.text)
    lwip_getsockopt                          0x0800c4d5   Thumb Code   324  sockets.o(.text)
    lwip_setsockopt                          0x0800c721   Thumb Code   304  sockets.o(.text)
    lwip_ioctl                               0x0800c851   Thumb Code   180  sockets.o(.text)
    tcp_timer_needed                         0x0800c931   Thumb Code    38  tcpip.o(.text)
    tcpip_input                              0x0800caaf   Thumb Code    72  tcpip.o(.text)
    tcpip_callback_with_block                0x0800caf7   Thumb Code    92  tcpip.o(.text)
    tcpip_timeout                            0x0800cb53   Thumb Code    64  tcpip.o(.text)
    tcpip_untimeout                          0x0800cb93   Thumb Code    56  tcpip.o(.text)
    tcpip_apimsg                             0x0800cbcb   Thumb Code    52  tcpip.o(.text)
    tcpip_init                               0x0800cbff   Thumb Code    48  tcpip.o(.text)
    pbuf_free_callback                       0x0800cc3d   Thumb Code    16  tcpip.o(.text)
    mem_free_callback                        0x0800cc4d   Thumb Code    16  tcpip.o(.text)
    strcpy                                   0x0800cca9   Thumb Code    72  strcpy.o(.text)
    strlen                                   0x0800ccf1   Thumb Code    62  strlen.o(.text)
    __aeabi_memcpy                           0x0800cd2f   Thumb Code     0  rt_memcpy_v6.o(.text)
    __rt_memcpy                              0x0800cd2f   Thumb Code   138  rt_memcpy_v6.o(.text)
    _memcpy_lastbytes                        0x0800cd95   Thumb Code     0  rt_memcpy_v6.o(.text)
    __aeabi_memcpy4                          0x0800cdb9   Thumb Code     0  rt_memcpy_w.o(.text)
    __aeabi_memcpy8                          0x0800cdb9   Thumb Code     0  rt_memcpy_w.o(.text)
    __rt_memcpy_w                            0x0800cdb9   Thumb Code   100  rt_memcpy_w.o(.text)
    _memcpy_lastbytes_aligned                0x0800ce01   Thumb Code     0  rt_memcpy_w.o(.text)
    __aeabi_memset                           0x0800ce1d   Thumb Code    16  aeabi_memset.o(.text)
    __aeabi_memclr                           0x0800ce2d   Thumb Code     0  rt_memclr.o(.text)
    __rt_memclr                              0x0800ce2d   Thumb Code    68  rt_memclr.o(.text)
    _memset                                  0x0800ce31   Thumb Code     0  rt_memclr.o(.text)
    __aeabi_memclr4                          0x0800ce71   Thumb Code     0  rt_memclr_w.o(.text)
    __aeabi_memclr8                          0x0800ce71   Thumb Code     0  rt_memclr_w.o(.text)
    __rt_memclr_w                            0x0800ce71   Thumb Code    78  rt_memclr_w.o(.text)
    _memset_w                                0x0800ce75   Thumb Code     0  rt_memclr_w.o(.text)
    strcmp                                   0x0800cec1   Thumb Code   128  strcmpv7m.o(.text)
    __use_two_region_memory                  0x0800cf41   Thumb Code     2  heapauxi.o(.text)
    __rt_heap_escrow$2region                 0x0800cf43   Thumb Code     2  heapauxi.o(.text)
    __rt_heap_expand$2region                 0x0800cf45   Thumb Code     2  heapauxi.o(.text)
    __user_libspace                          0x0800cf49   Thumb Code     8  libspace.o(.text)
    __user_perproc_libspace                  0x0800cf49   Thumb Code     0  libspace.o(.text)
    __user_perthread_libspace                0x0800cf49   Thumb Code     0  libspace.o(.text)
    __user_setup_stackheap                   0x0800cf51   Thumb Code    74  sys_stackheap_outer.o(.text)
    exit                                     0x0800cf9b   Thumb Code    12  exit.o(.text)
    _sys_exit                                0x0800cfa9   Thumb Code     8  sys_exit.o(.text)
    __I$use$semihosting                      0x0800cfb5   Thumb Code     0  use_no_semi.o(.text)
    __use_no_semihosting_swi                 0x0800cfb5   Thumb Code     2  use_no_semi.o(.text)
    __semihosting_library_function           0x0800cfb7   Thumb Code     0  indicate_semi.o(.text)
    ethbroadcast                             0x0800cfb6   Data           6  etharp.o(.constdata)
    ethzero                                  0x0800cfbc   Data           6  etharp.o(.constdata)
    tcp_backoff                              0x0800cffa   Data          13  tcp.o(.constdata)
    tcp_persist_backoff                      0x0800d007   Data           7  tcp.o(.constdata)
    ip_addr_any                              0x0800d00e   Data           4  ip_addr.o(.constdata)
    ip_addr_broadcast                        0x0800d012   Data           4  ip_addr.o(.constdata)
    Region$$Table$$Base                      0x0800d0cc   Number         0  anon$$obj.o(Region$$Table)
    Region$$Table$$Limit                     0x0800d0ec   Number         0  anon$$obj.o(Region$$Table)
    TCPTimer                                 0x20000000   Data           4  netconfig.o(.data)
    DNSTimer                                 0x20000004   Data           4  netconfig.o(.data)
    ARPTimer                                 0x20000008   Data           4  netconfig.o(.data)
    DHCPfineTimer                            0x2000000c   Data           4  netconfig.o(.data)
    DHCPcoarseTimer                          0x20000010   Data           4  netconfig.o(.data)
    m_mac                                    0x20000014   Data           6  netconfig.o(.data)
    serverIP                                 0x2000001a   Data           4  netconfig.o(.data)
    maskIP                                   0x2000001e   Data           4  netconfig.o(.data)
    gateIP                                   0x20000022   Data           4  netconfig.o(.data)
    serverPORT                               0x20000026   Data           2  netconfig.o(.data)
    global_udppcb                            0x20000028   Data           4  netconfig.o(.data)
    sys_ticks                                0x2000002c   Data           4  clock-arch.o(.data)
    SystemCoreClock                          0x20000044   Data           4  system_stm32f10x.o(.data)
    AHBPrescTable                            0x20000048   Data          16  system_stm32f10x.o(.data)
    pxCurrentTCB                             0x20000058   Data           4  tasks.o(.data)
    netif_list                               0x200000d8   Data           4  netif.o(.data)
    netif_default                            0x200000dc   Data           4  netif.o(.data)
    tcp_state_str                            0x200000e8   Data          44  tcp.o(.data)
    tcp_ticks                                0x20000114   Data           4  tcp.o(.data)
    tcp_bound_pcbs                           0x20000118   Data           4  tcp.o(.data)
    tcp_listen_pcbs                          0x2000011c   Data           4  tcp.o(.data)
    tcp_active_pcbs                          0x20000120   Data           4  tcp.o(.data)
    tcp_tw_pcbs                              0x20000124   Data           4  tcp.o(.data)
    tcp_tmp_pcb                              0x20000128   Data           4  tcp.o(.data)
    tcp_input_pcb                            0x20000150   Data           4  tcp_in.o(.data)
    udp_pcbs                                 0x20000154   Data           4  udp.o(.data)
    current_netif                            0x20000158   Data           4  ip.o(.data)
    current_header                           0x2000015c   Data           4  ip.o(.data)
    DM9000AEP                                0x20000188   Data          52  netconfig.o(.bss)
    udpstr                                   0x200001bc   Data          50  netconfig.o(.bss)
    Data_Buf                                 0x200046b8   Data        1516  ethernetif.o(.bss)
    Tx_Data_Buf                              0x20004ca4   Data        1516  ethernetif.o(.bss)
    lwip_stats                               0x200091f8   Data         330  stats.o(.bss)
    __libspace_start                         0x20009b8c   Data          96  libspace.o(.bss)
    __temporary_stack_top$libspace           0x20009bec   Data           0  libspace.o(.bss)



==============================================================================

Memory Map of the image

  Image Entry point : 0x080000ed

  Load Region LR_IROM1 (Base: 0x08000000, Size: 0x0000d274, Max: 0x00040000, ABSOLUTE, COMPRESSED[0x0000d13c])

    Execution Region ER_IROM1 (Base: 0x08000000, Size: 0x0000d0ec, Max: 0x00040000, ABSOLUTE)

    Base Addr    Size         Type   Attr      Idx    E Section Name        Object

    0x08000000   0x000000ec   Data   RO          338    RESET               cstartup.o
    0x080000ec   0x00000008   Code   RO         1558  * !!!main             c_w.l(__main.o)
    0x080000f4   0x00000034   Code   RO         1735    !!!scatter          c_w.l(__scatter.o)
    0x08000128   0x0000005a   Code   RO         1733    !!dczerorl2         c_w.l(__dczerorl2.o)
    0x08000182   0x00000002   PAD
    0x08000184   0x0000001c   Code   RO         1737    !!handler_zi        c_w.l(__scatter_zi.o)
    0x080001a0   0x00000002   Code   RO         1609    .ARM.Collect$$libinit$$00000000  c_w.l(libinit.o)
    0x080001a2   0x00000000   Code   RO         1613    .ARM.Collect$$libinit$$00000002  c_w.l(libinit2.o)
    0x080001a2   0x00000000   Code   RO         1616    .ARM.Collect$$libinit$$00000008  c_w.l(libinit2.o)
    0x080001a2   0x00000000   Code   RO         1618    .ARM.Collect$$libinit$$0000000A  c_w.l(libinit2.o)
    0x080001a2   0x00000000   Code   RO         1620    .ARM.Collect$$libinit$$0000000C  c_w.l(libinit2.o)
    0x080001a2   0x00000000   Code   RO         1623    .ARM.Collect$$libinit$$0000000F  c_w.l(libinit2.o)
    0x080001a2   0x00000000   Code   RO         1625    .ARM.Collect$$libinit$$00000011  c_w.l(libinit2.o)
    0x080001a2   0x00000000   Code   RO         1627    .ARM.Collect$$libinit$$00000013  c_w.l(libinit2.o)
    0x080001a2   0x00000000   Code   RO         1629    .ARM.Collect$$libinit$$00000015  c_w.l(libinit2.o)
    0x080001a2   0x00000000   Code   RO         1631    .ARM.Collect$$libinit$$00000017  c_w.l(libinit2.o)
    0x080001a2   0x00000000   Code   RO         1633    .ARM.Collect$$libinit$$00000019  c_w.l(libinit2.o)
    0x080001a2   0x00000000   Code   RO         1635    .ARM.Collect$$libinit$$0000001B  c_w.l(libinit2.o)
    0x080001a2   0x00000000   Code   RO         1637    .ARM.Collect$$libinit$$0000001D  c_w.l(libinit2.o)
    0x080001a2   0x00000000   Code   RO         1639    .ARM.Collect$$libinit$$0000001F  c_w.l(libinit2.o)
    0x080001a2   0x00000000   Code   RO         1641    .ARM.Collect$$libinit$$00000021  c_w.l(libinit2.o)
    0x080001a2   0x00000000   Code   RO         1643    .ARM.Collect$$libinit$$00000023  c_w.l(libinit2.o)
    0x080001a2   0x00000000   Code   RO         1647    .ARM.Collect$$libinit$$0000002A  c_w.l(libinit2.o)
    0x080001a2   0x00000000   Code   RO         1649    .ARM.Collect$$libinit$$0000002C  c_w.l(libinit2.o)
    0x080001a2   0x00000000   Code   RO         1651    .ARM.Collect$$libinit$$0000002E  c_w.l(libinit2.o)
    0x080001a2   0x00000000   Code   RO         1653    .ARM.Collect$$libinit$$00000030  c_w.l(libinit2.o)
    0x080001a2   0x00000002   Code   RO         1654    .ARM.Collect$$libinit$$00000031  c_w.l(libinit2.o)
    0x080001a4   0x00000002   Code   RO         1674    .ARM.Collect$$libshutdown$$00000000  c_w.l(libshutdown.o)
    0x080001a6   0x00000000   Code   RO         1688    .ARM.Collect$$libshutdown$$00000003  c_w.l(libshutdown2.o)
    0x080001a6   0x00000000   Code   RO         1691    .ARM.Collect$$libshutdown$$00000006  c_w.l(libshutdown2.o)
    0x080001a6   0x00000000   Code   RO         1694    .ARM.Collect$$libshutdown$$00000009  c_w.l(libshutdown2.o)
    0x080001a6   0x00000000   Code   RO         1696    .ARM.Collect$$libshutdown$$0000000B  c_w.l(libshutdown2.o)
    0x080001a6   0x00000000   Code   RO         1699    .ARM.Collect$$libshutdown$$0000000E  c_w.l(libshutdown2.o)
    0x080001a6   0x00000002   Code   RO         1700    .ARM.Collect$$libshutdown$$0000000F  c_w.l(libshutdown2.o)
    0x080001a8   0x00000000   Code   RO         1560    .ARM.Collect$$rtentry$$00000000  c_w.l(rtentry.o)
    0x080001a8   0x00000000   Code   RO         1572    .ARM.Collect$$rtentry$$00000002  c_w.l(rtentry2.o)
    0x080001a8   0x00000006   Code   RO         1584    .ARM.Collect$$rtentry$$00000004  c_w.l(rtentry4.o)
    0x080001ae   0x00000000   Code   RO         1574    .ARM.Collect$$rtentry$$00000009  c_w.l(rtentry2.o)
    0x080001ae   0x00000004   Code   RO         1575    .ARM.Collect$$rtentry$$0000000A  c_w.l(rtentry2.o)
    0x080001b2   0x00000000   Code   RO         1577    .ARM.Collect$$rtentry$$0000000C  c_w.l(rtentry2.o)
    0x080001b2   0x00000008   Code   RO         1578    .ARM.Collect$$rtentry$$0000000D  c_w.l(rtentry2.o)
    0x080001ba   0x00000002   Code   RO         1610    .ARM.Collect$$rtexit$$00000000  c_w.l(rtexit.o)
    0x080001bc   0x00000000   Code   RO         1656    .ARM.Collect$$rtexit$$00000002  c_w.l(rtexit2.o)
    0x080001bc   0x00000004   Code   RO         1657    .ARM.Collect$$rtexit$$00000003  c_w.l(rtexit2.o)
    0x080001c0   0x00000006   Code   RO         1658    .ARM.Collect$$rtexit$$00000004  c_w.l(rtexit2.o)
    0x080001c6   0x00000002   PAD
    0x080001c8   0x00000096   Code   RO          523    .emb_text           port.o
    0x0800025e   0x00000002   PAD
    0x08000260   0x00000054   Code   RO            3    .text               main.o
    0x080002b4   0x000000c8   Code   RO          178    .text               app_led.o
    0x0800037c   0x00000224   Code   RO          204    .text               netconfig.o
    0x080005a0   0x000004bc   Code   RO          314    .text               dm9000x.o
    0x08000a5c   0x00000034   Code   RO          339    .text               cstartup.o
    0x08000a90   0x0000035c   Code   RO          345    .text               stm32f10x_gpio.o
    0x08000dec   0x000003a4   Code   RO          365    .text               stm32f10x_rcc.o
    0x08001190   0x000001e0   Code   RO          387    .text               system_stm32f10x.o
    0x08001370   0x00000094   Code   RO          459    .text               list.o
    0x08001404   0x000006d4   Code   RO          471    .text               queue.o
    0x08001ad8   0x000011dc   Code   RO          486    .text               tasks.o
    0x08002cb4   0x000000e4   Code   RO          524    .text               port.o
    0x08002d98   0x00000124   Code   RO          553    .text               heap_2.o
    0x08002ebc   0x00000198   Code   RO          570    .text               ethernetif.o
    0x08003054   0x000002ec   Code   RO          609    .text               sys_arch.o
    0x08003340   0x000009a0   Code   RO          655    .text               etharp.o
    0x08003ce0   0x00000f48   Code   RO          738    .text               dhcp.o
    0x08004c28   0x000005a4   Code   RO          761    .text               dns.o
    0x080051cc   0x00000018   Code   RO          784    .text               init.o
    0x080051e4   0x00000426   Code   RO          811    .text               mem.o
    0x0800560a   0x00000002   PAD
    0x0800560c   0x0000017c   Code   RO          826    .text               memp.o
    0x08005788   0x00000204   Code   RO          859    .text               netif.o
    0x0800598c   0x00000536   Code   RO          881    .text               pbuf.o
    0x08005ec2   0x00000002   PAD
    0x08005ec4   0x0000019c   Code   RO          907    .text               raw.o
    0x08006060   0x0000024c   Code   RO          933    .text               sys.o
    0x080062ac   0x00000c08   Code   RO          954    .text               tcp.o
    0x08006eb4   0x0000174c   Code   RO          975    .text               tcp_in.o
    0x08008600   0x00000afc   Code   RO          998    .text               tcp_out.o
    0x080090fc   0x00000508   Code   RO         1010    .text               udp.o
    0x08009604   0x000002ac   Code   RO         1039    .text               icmp.o
    0x080098b0   0x0000021c   Code   RO         1057    .text               inet.o
    0x08009acc   0x00000156   Code   RO         1070    .text               inet_chksum.o
    0x08009c22   0x00000002   PAD
    0x08009c24   0x00000520   Code   RO         1086    .text               ip.o
    0x0800a144   0x0000004e   Code   RO         1107    .text               ip_addr.o
    0x0800a192   0x00000002   PAD
    0x0800a194   0x00000618   Code   RO         1129    .text               ip_frag.o
    0x0800a7ac   0x000000e4   Code   RO         1146    .text               lwipentry.o
    0x0800a890   0x00000348   Code   RO         1242    .text               api_lib.o
    0x0800abd8   0x00000ae4   Code   RO         1297    .text               api_msg.o
    0x0800b6bc   0x00000120   Code   RO         1358    .text               netbuf.o
    0x0800b7dc   0x0000112c   Code   RO         1415    .text               sockets.o
    0x0800c908   0x000003a0   Code   RO         1472    .text               tcpip.o
    0x0800cca8   0x00000048   Code   RO         1540    .text               c_w.l(strcpy.o)
    0x0800ccf0   0x0000003e   Code   RO         1542    .text               c_w.l(strlen.o)
    0x0800cd2e   0x0000008a   Code   RO         1544    .text               c_w.l(rt_memcpy_v6.o)
    0x0800cdb8   0x00000064   Code   RO         1546    .text               c_w.l(rt_memcpy_w.o)
    0x0800ce1c   0x00000010   Code   RO         1548    .text               c_w.l(aeabi_memset.o)
    0x0800ce2c   0x00000044   Code   RO         1550    .text               c_w.l(rt_memclr.o)
    0x0800ce70   0x0000004e   Code   RO         1552    .text               c_w.l(rt_memclr_w.o)
    0x0800cebe   0x00000002   PAD
    0x0800cec0   0x00000080   Code   RO         1554    .text               c_w.l(strcmpv7m.o)
    0x0800cf40   0x00000006   Code   RO         1556    .text               c_w.l(heapauxi.o)
    0x0800cf46   0x00000002   PAD
    0x0800cf48   0x00000008   Code   RO         1568    .text               c_w.l(libspace.o)
    0x0800cf50   0x0000004a   Code   RO         1590    .text               c_w.l(sys_stackheap_outer.o)
    0x0800cf9a   0x0000000c   Code   RO         1602    .text               c_w.l(exit.o)
    0x0800cfa6   0x00000002   PAD
    0x0800cfa8   0x0000000c   Code   RO         1666    .text               c_w.l(sys_exit.o)
    0x0800cfb4   0x00000002   Code   RO         1677    .text               c_w.l(use_no_semi.o)
    0x0800cfb6   0x00000000   Code   RO         1679    .text               c_w.l(indicate_semi.o)
    0x0800cfb6   0x0000000c   Data   RO          657    .constdata          etharp.o
    0x0800cfc2   0x00000038   Data   RO          828    .constdata          memp.o
    0x0800cffa   0x00000014   Data   RO          955    .constdata          tcp.o
    0x0800d00e   0x00000008   Data   RO         1108    .constdata          ip_addr.o
    0x0800d016   0x00000002   PAD
    0x0800d018   0x0000003c   Data   RO         1417    .constdata          sockets.o
    0x0800d054   0x00000075   Data   RO          956    .conststring        tcp.o
    0x0800d0c9   0x00000003   PAD
    0x0800d0cc   0x00000020   Data   RO         1731    Region$$Table       anon$$obj.o


    Execution Region RW_IRAM1 (Base: 0x20000000, Size: 0x00009df0, Max: 0x0000c000, ABSOLUTE, COMPRESSED[0x00000050])

    Base Addr    Size         Type   Attr      Idx    E Section Name        Object

    0x20000000   0x0000002c   Data   RW          206    .data               netconfig.o
    0x2000002c   0x00000004   Data   RW          282    .data               clock-arch.o
    0x20000030   0x00000014   Data   RW          366    .data               stm32f10x_rcc.o
    0x20000044   0x00000014   Data   RW          388    .data               system_stm32f10x.o
    0x20000058   0x0000003c   Data   RW          488    .data               tasks.o
    0x20000094   0x00000004   Data   RW          525    .data               port.o
    0x20000098   0x00000018   Data   RW          555    .data               heap_2.o
    0x200000b0   0x00000002   Data   RW          611    .data               sys_arch.o
    0x200000b2   0x00000001   Data   RW          658    .data               etharp.o
    0x200000b3   0x00000001   PAD
    0x200000b4   0x00000004   Data   RW          739    .data               dhcp.o
    0x200000b8   0x0000000d   Data   RW          763    .data               dns.o
    0x200000c5   0x00000003   PAD
    0x200000c8   0x00000010   Data   RW          813    .data               mem.o
    0x200000d8   0x00000009   Data   RW          860    .data               netif.o
    0x200000e1   0x00000001   Data   RW          882    .data               pbuf.o
    0x200000e2   0x00000002   PAD
    0x200000e4   0x00000004   Data   RW          908    .data               raw.o
    0x200000e8   0x0000004c   Data   RW          957    .data               tcp.o
    0x20000134   0x00000020   Data   RW          977    .data               tcp_in.o
    0x20000154   0x00000004   Data   RW         1011    .data               udp.o
    0x20000158   0x0000000a   Data   RW         1087    .data               ip.o
    0x20000162   0x00000002   PAD
    0x20000164   0x00000006   Data   RW         1131    .data               ip_frag.o
    0x2000016a   0x00000002   PAD
    0x2000016c   0x0000000c   Data   RW         1418    .data               sockets.o
    0x20000178   0x00000010   Data   RW         1473    .data               tcpip.o
    0x20000188   0x00000066   Zero   RW          205    .bss                netconfig.o
    0x200001ee   0x00000002   PAD
    0x200001f0   0x000000c8   Zero   RW          487    .bss                tasks.o
    0x200002b8   0x00004400   Zero   RW          554    .bss                heap_2.o
    0x200046b8   0x00000bd8   Zero   RW          571    .bss                ethernetif.o
    0x20005290   0x00000028   Zero   RW          610    .bss                sys_arch.o
    0x200052b8   0x000000c8   Zero   RW          656    .bss                etharp.o
    0x20005380   0x00000660   Zero   RW          762    .bss                dns.o
    0x200059e0   0x000007e4   Zero   RW          812    .bss                mem.o
    0x200061c4   0x00003033   Zero   RW          827    .bss                memp.o
    0x200091f7   0x00000001   PAD
    0x200091f8   0x0000014a   Zero   RW          921    .bss                stats.o
    0x20009342   0x00000002   PAD
    0x20009344   0x00000014   Zero   RW          976    .bss                tcp_in.o
    0x20009358   0x00000010   Zero   RW         1058    .bss                inet.o
    0x20009368   0x000007d4   Zero   RW         1130    .bss                ip_frag.o
    0x20009b3c   0x00000050   Zero   RW         1416    .bss                sockets.o
    0x20009b8c   0x00000060   Zero   RW         1569    .bss                c_w.l(libspace.o)
    0x20009bec   0x00000004   PAD
    0x20009bf0   0x00000000   Zero   RW          337    HEAP                cstartup.o
    0x20009bf0   0x00000200   Zero   RW          336    STACK               cstartup.o


==============================================================================

Image component sizes


      Code (inc. data)   RO Data    RW Data    ZI Data      Debug   Object Name

       840         50          0          0          0      23170   api_lib.o
      2788         38          0          0          0      26023   api_msg.o
       200          4          0          0          0       1492   app_led.o
         0          0          0          4          0        928   clock-arch.o
        52         18        236          0        512        792   cstartup.o
      3912         46          0          4          0      11181   dhcp.o
      1212         36          0          0          0       4610   dm9000x.o
      1444         58          0         13       1632       9727   dns.o
      2464         42         12          1        200      22096   etharp.o
       408         34          0          0       3032       4161   ethernetif.o
         0          0          0          0          0       9524   event_groups.o
       292         20          0         24      17408       3132   heap_2.o
       684          6          0          0          0       2526   icmp.o
       540         12          0          0         16       3132   inet.o
       342          0          0          0          0       5158   inet_chksum.o
        24          0          0          0          0       1140   init.o
      1312         28          0         10          0       6310   ip.o
        78          0          8          0          0       5433   ip_addr.o
      1560         24          0          6       2004       5788   ip_frag.o
       148          0          0          0          0       1806   list.o
       228         94          0          0          0      18981   lwipentry.o
        84         20          0          0          0     249906   main.o
      1062         24          0         16       2020       3818   mem.o
       380         20         56          0      12339       3014   memp.o
       288          0          0          0          0       6413   netbuf.o
       548         70          0         44        102      17244   netconfig.o
       516         20          0          9          0       5276   netif.o
      1334         12          0          1          0       6092   pbuf.o
       378         28          0          4          0       6980   port.o
      1748         10          0          0          0      10853   queue.o
       412          4          0          4          0       3313   raw.o
      4396         60         60         12         80      37342   sockets.o
         0          0          0          0        330       3317   stats.o
       860         38          0          0          0       5593   stm32f10x_gpio.o
       932         36          0         20          0       8748   stm32f10x_rcc.o
       588          4          0          0          0       3232   sys.o
       748         12          0          2         40       8686   sys_arch.o
       480         38          0         20          0       1807   system_stm32f10x.o
      4572        298          0         60        200      28756   tasks.o
      3080        120        137         76          0      18069   tcp.o
      5964        248          0         32         20      14168   tcp_in.o
      2812         26          0          0          0       6886   tcp_out.o
       928         82          0         16          0      25675   tcpip.o
      1288         18          0          4          0      13463   udp.o

    ----------------------------------------------------------------------
     51936       1698        546        392      39940     655761   Object Totals
         0          0         32          0          0          0   (incl. Generated)
        10          0          5         10          5          0   (incl. Padding)

    ----------------------------------------------------------------------

      Code (inc. data)   RO Data    RW Data    ZI Data      Debug   Library Member Name

        90          0          0          0          0          0   __dczerorl2.o
         8          0          0          0          0         68   __main.o
        52          8          0          0          0          0   __scatter.o
        28          0          0          0          0          0   __scatter_zi.o
        16          0          0          0          0         68   aeabi_memset.o
        12          0          0          0          0         72   exit.o
         6          0          0          0          0        152   heapauxi.o
         0          0          0          0          0          0   indicate_semi.o
         2          0          0          0          0          0   libinit.o
         2          0          0          0          0          0   libinit2.o
         2          0          0          0          0          0   libshutdown.o
         2          0          0          0          0          0   libshutdown2.o
         8          4          0          0         96         68   libspace.o
        68          0          0          0          0         68   rt_memclr.o
        78          0          0          0          0         80   rt_memclr_w.o
       138          0          0          0          0         68   rt_memcpy_v6.o
       100          0          0          0          0         80   rt_memcpy_w.o
         0          0          0          0          0          0   rtentry.o
        12          0          0          0          0          0   rtentry2.o
         6          0          0          0          0          0   rtentry4.o
         2          0          0          0          0          0   rtexit.o
        10          0          0          0          0          0   rtexit2.o
       128          0          0          0          0         68   strcmpv7m.o
        72          0          0          0          0         80   strcpy.o
        62          0          0          0          0         76   strlen.o
        12          4          0          0          0         68   sys_exit.o
        74          0          0          0          0         80   sys_stackheap_outer.o
         2          0          0          0          0         68   use_no_semi.o

    ----------------------------------------------------------------------
      1002         16          0          0        100       1164   Library Totals
        10          0          0          0          4          0   (incl. Padding)

    ----------------------------------------------------------------------

      Code (inc. data)   RO Data    RW Data    ZI Data      Debug   Library Name

       992         16          0          0         96       1164   c_w.l

    ----------------------------------------------------------------------
      1002         16          0          0        100       1164   Library Totals

    ----------------------------------------------------------------------

==============================================================================


      Code (inc. data)   RO Data    RW Data    ZI Data      Debug   

     52938       1714        546        392      40040     652969   Grand Totals
     52938       1714        546         80      40040     652969   ELF Image Totals (compressed)
     52938       1714        546         80          0          0   ROM Totals

==============================================================================

    Total RO  Size (Code + RO Data)                53484 (  52.23kB)
    Total RW  Size (RW Data + ZI Data)             40432 (  39.48kB)
    Total ROM Size (Code + RO Data + RW Data)      53564 (  52.31kB)

==============================================================================

