Product: MDK-ARM Standard 5.10
Component: ARM Compiler 5.04 update 1 (build 49)
Tool: armlink [5040049]

==============================================================================

Section Cross References

    main.o(.text) refers to bsp.o(.text) for bsp_init
    main.o(.text) refers to app_serial.o(.text) for dbg_string
    main.o(.text) refers to printfa.o(i.__0sprintf) for __2sprintf
    main.o(.text) refers to app_cli.o(.text) for app_cli_init
    main.o(.text) refers to tasks.o(.text) for xTaskCreate
    main.o(.text) refers to main.o(.bss) for task_handle
    main.o(.text) refers to app_display.o(.text) for app_display_task
    main.o(.text) refers to app_sht10.o(.text) for app_sht10_task
    main.o(.text) refers to app_ds3231.o(.text) for app_ds3231_task
    main.o(.text) refers to app_buz.o(.text) for app_buz_task
    main.o(.text) refers to app_led.o(.text) for app_led_task_blink
    main.o(.text) refers to app_data.o(.text) for app_data_store_task
    app_led.o(.text) refers to stm32f10x_rcc.o(.text) for RCC_APB2PeriphClockCmd
    app_led.o(.text) refers to stm32f10x_gpio.o(.text) for GPIO_Init
    app_led.o(.text) refers to tasks.o(.text) for xTaskGetTickCount
    app_led.o(.text) refers to app_led.o(.constdata) for .constdata
    netconfig.o(.text) refers to inet.o(.text) for htonl
    netconfig.o(.text) refers to netif.o(.text) for netif_add
    netconfig.o(.text) refers to netconfig.o(.data) for serverIP
    netconfig.o(.text) refers to netconfig.o(.bss) for DM9000AEP
    netconfig.o(.text) refers to tcpip.o(.text) for tcpip_input
    netconfig.o(.text) refers to ethernetif.o(.text) for ethernetif_init
    app_serial.o(.text) refers to queue.o(.text) for xQueueGenericSend
    app_serial.o(.text) refers to stm32f10x_usart.o(.text) for USART_ITConfig
    app_serial.o(.text) refers to printfa.o(i.__0vsprintf) for __c89vsprintf
    app_serial.o(.text) refers to strlen.o(.text) for strlen
    app_serial.o(.text) refers to stm32f10x_rcc.o(.text) for RCC_APB2PeriphClockCmd
    app_serial.o(.text) refers to stm32f10x_gpio.o(.text) for GPIO_Init
    app_serial.o(.text) refers to misc.o(.text) for NVIC_Init
    app_serial.o(.text) refers to app_serial.o(.data) for xCharsForTx
    app_display.o(.text) refers to app_display.o(i.bsp_74hc595_set_SH_CP) for bsp_74hc595_set_SH_CP
    app_display.o(.text) refers to app_display.o(i.bsp_74hc595_set_DATA) for bsp_74hc595_set_DATA
    app_display.o(.text) refers to app_display.o(i.bsp_74hc595_set_ST_CP) for bsp_74hc595_set_ST_CP
    app_display.o(.text) refers to app_display.o(i.bsp_74hc595_set_OE) for bsp_74hc595_set_OE
    app_display.o(.text) refers to port.o(.text) for vPortEnterCritical
    app_display.o(.text) refers to main.o(.text) for main_get_task_handle
    app_display.o(.text) refers to tasks.o(.text) for vTaskResume
    app_display.o(.text) refers to stm32f10x_gpio.o(.text) for GPIO_ResetBits
    app_display.o(.text) refers to app_display.o(.data) for start_dis
    app_display.o(.text) refers to app_display.o(.constdata) for .constdata
    app_sht10.o(.text) refers to ffltui.o(.text) for __aeabi_ui2f
    app_sht10.o(.text) refers to fmul.o(.text) for __aeabi_fmul
    app_sht10.o(.text) refers to fadd.o(.text) for __aeabi_fadd
    app_sht10.o(.text) refers to f2d.o(.text) for __aeabi_f2d
    app_sht10.o(.text) refers to ddiv.o(.text) for __aeabi_ddiv
    app_sht10.o(.text) refers to dadd.o(.text) for __aeabi_dadd
    app_sht10.o(.text) refers to d2f.o(.text) for __aeabi_d2f
    app_sht10.o(.text) refers to i2c_bus.o(.text) for i2c_bus_start
    app_sht10.o(.text) refers to tasks.o(.text) for vTaskDelay
    app_sht10.o(.text) refers to ffixui.o(.text) for __aeabi_f2uiz
    app_sht10.o(.text) refers to app_display.o(.text) for app_display_show_info
    app_sht10.o(.text) refers to app_sht10.o(.data) for temp
    app_ds3231.o(.text) refers to i2c_bus.o(.text) for i2c_bus_read_ds3231
    app_ds3231.o(.text) refers to app_ds3231.o(.constdata) for rtc_days_in_month
    app_ds3231.o(.text) refers to app_data.o(.text) for app_data_write_showtime
    app_ds3231.o(.text) refers to queue.o(.text) for xQueueCreateMutex
    app_ds3231.o(.text) refers to app_buz.o(.text) for app_buzzer_set_times
    app_ds3231.o(.text) refers to app_sht10.o(.text) for app_sht10_refresh_display
    app_ds3231.o(.text) refers to app_display.o(.text) for app_display_show_info
    app_ds3231.o(.text) refers to tasks.o(.text) for vTaskDelay
    app_ds3231.o(.text) refers to stm32f10x_exti.o(.text) for EXTI_GetITStatus
    app_ds3231.o(.text) refers to app_ds3231.o(.data) for ontime
    app_buz.o(.text) refers to tasks.o(.text) for vTaskDelay
    app_buz.o(.text) refers to stm32f10x_tim.o(.text) for TIM_CtrlPWMOutputs
    app_buz.o(.text) refers to app_buz.o(.data) for running
    app_cli.o(.text) refers to mid_cli.o(.text) for mid_cli_register
    app_cli.o(.text) refers to printfa.o(i.__0sprintf) for __2sprintf
    app_cli.o(.text) refers to strcat.o(.text) for strcat
[...]
    init.s                                   0x00000000   Number         0  init.o ABSOLUTE
    RESET                                    0x08000000   Section      236  cstartup.o(RESET)
    .ARM.Collect$$$$00000000                 0x080000ec   Section        0  entry.o(.ARM.Collect$$$$00000000)
    .ARM.Collect$$$$00000001                 0x080000ec   Section        4  entry2.o(.ARM.Collect$$$$00000001)
    .ARM.Collect$$$$00000004                 0x080000f0   Section        4  entry5.o(.ARM.Collect$$$$00000004)
    .ARM.Collect$$$$00000008                 0x080000f4   Section        0  entry7b.o(.ARM.Collect$$$$00000008)
    .ARM.Collect$$$$0000000A                 0x080000f4   Section        0  entry8b.o(.ARM.Collect$$$$0000000A)
    .ARM.Collect$$$$0000000B                 0x080000f4   Section        8  entry9a.o(.ARM.Collect$$$$0000000B)
    .ARM.Collect$$$$0000000D                 0x080000fc   Section        0  entry10a.o(.ARM.Collect$$$$0000000D)
    .ARM.Collect$$$$0000000F                 0x080000fc   Section        0  entry11a.o(.ARM.Collect$$$$0000000F)
    .ARM.Collect$$$$00002712                 0x080000fc   Section        4  entry2.o(.ARM.Collect$$$$00002712)
    __lit__00000000                          0x080000fc   Data           4  entry2.o(.ARM.Collect$$$$00002712)
    .emb_text                                0x08000100   Section      150  port.o(.emb_text)
    .text                                    0x08000198   Section        0  main.o(.text)
    .text                                    0x080002e0   Section        0  app_led.o(.text)
    .text                                    0x0800034c   Section        0  app_serial.o(.text)
    .text                                    0x080005b8   Section        0  app_display.o(.text)
    delay50ns                                0x080005b9   Thumb Code    16  app_display.o(.text)
    app_display_write_byte                   0x080005c9   Thumb Code    62  app_display.o(.text)
    app_display_show_data                    0x08000607   Thumb Code    20  app_display.o(.text)
    app_display_write_data                   0x08000637   Thumb Code    38  app_display.o(.text)
    app_display_calc_map                     0x0800065d   Thumb Code    82  app_display.o(.text)
    app_display_set_point                    0x080006af   Thumb Code   172  app_display.o(.text)
    .text                                    0x08000888   Section        0  app_sht10.o(.text)
    app_sht10_calc_adjust                    0x08000889   Thumb Code   196  app_sht10.o(.text)
    app_sht10_calc_th                        0x080009e1   Thumb Code    44  app_sht10.o(.text)
    .text                                    0x08000adc   Section        0  app_ds3231.o(.text)
    rtc_month_days                           0x08000add   Thumb Code    64  app_ds3231.o(.text)
    app_ds3231_read_alarm                    0x08000db7   Thumb Code    80  app_ds3231.o(.text)
    app_ds3231_set_alarm                     0x08000e07   Thumb Code   192  app_ds3231.o(.text)
    app_ds3231_set_match                     0x08000ec7   Thumb Code   150  app_ds3231.o(.text)
    app_ds3231_clear_state                   0x08000f5d   Thumb Code    46  app_ds3231.o(.text)
    app_ds3231_enable_irq                    0x08000f8b   Thumb Code    62  app_ds3231.o(.text)
    .text                                    0x080011a4   Section        0  app_buz.o(.text)
    .text                                    0x08001200   Section        0  app_cli.o(.text)
    app_cli_register                         0x08001201   Thumb Code    64  app_cli.o(.text)
    info_main                                0x08001241   Thumb Code    54  app_cli.o(.text)
    clear_main                               0x08001277   Thumb Code    22  app_cli.o(.text)
    date_main                                0x0800128d   Thumb Code    68  app_cli.o(.text)
    sdate_main                               0x080012d1   Thumb Code   190  app_cli.o(.text)
    th_main                                  0x0800138f   Thumb Code    64  app_cli.o(.text)
    led_main                                 0x080013cf   Thumb Code    86  app_cli.o(.text)
    reboot_main                              0x08001425   Thumb Code    34  app_cli.o(.text)
    lcd_main                                 0x08001447   Thumb Code   110  app_cli.o(.text)
    top_main                                 0x080014b5   Thumb Code   248  app_cli.o(.text)
    setlcd_main                              0x080015ad   Thumb Code   756  app_cli.o(.text)
    .text                                    0x08001900   Section        0  hal_cli.o(.text)
    .text                                    0x08001928   Section        0  mid_cli.o(.text)
    mid_cli_string_split                     0x08001971   Thumb Code    66  mid_cli.o(.text)
    mid_cli_parse_command                    0x080019b3   Thumb Code   222  mid_cli.o(.text)
    mid_cli_console_task                     0x08001a91   Thumb Code   360  mid_cli.o(.text)
    help_main                                0x08001c39   Thumb Code    92  mid_cli.o(.text)
    .text                                    0x08001cf4   Section        0  app_data.o(.text)
    app_data_load_from_flash                 0x08001cf5   Thumb Code    68  app_data.o(.text)
    app_data_get_data                        0x08001d5b   Thumb Code     4  app_data.o(.text)
    .text                                    0x08001e14   Section        0  bsp.o(.text)
    bsp_TIM1_CH4_pwm_init                    0x08001e15   Thumb Code   104  bsp.o(.text)
    bsp_TIM1_CH4_io_init                     0x08001e7d   Thumb Code    64  bsp.o(.text)
    bsp_ds3231_irq_init                      0x08001ebd   Thumb Code    98  bsp.o(.text)
    bsp_point_io_init                        0x08001f1f   Thumb Code    84  bsp.o(.text)
    bsp_74hc595_io_init                      0x08001f73   Thumb Code    72  bsp.o(.text)
    bsp_hv_io_init                           0x08001fbb   Thumb Code    50  bsp.o(.text)
    prvSetupHardware                         0x08001fed   Thumb Code   122  bsp.o(.text)
    .text                                    0x080020b0   Section        0  i2c_bus.o(.text)
    delayus                                  0x080020b1   Thumb Code    22  i2c_bus.o(.text)
    i2c_bus_chip_reset                       0x0800220f   Thumb Code   138  i2c_bus.o(.text)
    i2c_bus_start_ds3231                     0x08002373   Thumb Code   128  i2c_bus.o(.text)
    i2c_bus_stop                             0x080023f3   Thumb Code   134  i2c_bus.o(.text)
    i2c_bus_send_ack                         0x080026e1   Thumb Code   136  i2c_bus.o(.text)
    .text                                    0x0800276c   Section       28  cstartup.o(.text)
    .text                                    0x08002788   Section        0  stm32f10x_gpio.o(.text)
    .text                                    0x08002ae4   Section        0  stm32f10x_rcc.o(.text)
    .text                                    0x08002e88   Section        0  misc.o(.text)
    .text                                    0x08002f64   Section        0  stm32f10x_usart.o(.text)
    .text                                    0x0800336c   Section        0  stm32f10x_exti.o(.text)
    .text                                    0x08003488   Section        0  stm32f10x_tim.o(.text)
    TI4_Config                               0x0800392f   Thumb Code   130  stm32f10x_tim.o(.text)
    TI3_Config                               0x080039c3   Thumb Code   122  stm32f10x_tim.o(.text)
    TI2_Config                               0x08003a57   Thumb Code   130  stm32f10x_tim.o(.text)
    TI1_Config                               0x08003aeb   Thumb Code   108  stm32f10x_tim.o(.text)
    .text                                    0x080042a4   Section        0  stm32f10x_flash.o(.text)
    .text                                    0x08004860   Section        0  list.o(.text)
    .text                                    0x080048f4   Section        0  queue.o(.text)
    prvInitialiseNewQueue                    0x0800496f   Thumb Code    42  queue.o(.text)
    prvUnlockQueue                           0x080049d1   Thumb Code   126  queue.o(.text)
    prvIsQueueFull                           0x08004a4f   Thumb Code    30  queue.o(.text)
    prvCopyDataToQueue                       0x08004a6d   Thumb Code   124  queue.o(.text)
    prvInitialiseMutex                       0x08004bfd   Thumb Code    28  queue.o(.text)
    prvIsQueueEmpty                          0x08004d3d   Thumb Code    26  queue.o(.text)
    prvCopyDataFromQueue                     0x08004d57   Thumb Code    42  queue.o(.text)
    .text                                    0x08005018   Section        0  tasks.o(.text)
    prvInitialiseTaskLists                   0x08005019   Thumb Code    70  tasks.o(.text)
    prvAddNewTaskToReadyList                 0x0800505f   Thumb Code   156  tasks.o(.text)
    prvInitialiseNewTask                     0x080050fb   Thumb Code   154  tasks.o(.text)
    prvResetNextTaskUnblockTime              0x080051f1   Thumb Code    42  tasks.o(.text)
    prvDeleteTCB                             0x0800521b   Thumb Code    18  tasks.o(.text)
    prvAddCurrentTaskToDelayedList           0x080054e7   Thumb Code   124  tasks.o(.text)
    prvTaskIsTaskSuspended                   0x080058bb   Thumb Code    56  tasks.o(.text)
    prvCheckTasksWaitingTermination          0x080059dd   Thumb Code    86  tasks.o(.text)
    prvIdleTask                              0x08005a33   Thumb Code    32  tasks.o(.text)
    prvTaskCheckFreeStackSpace               0x08005ae5   Thumb Code    22  tasks.o(.text)
    prvListTasksWithinSingleList             0x08005b6d   Thumb Code   106  tasks.o(.text)
    .text                                    0x08006360   Section        0  port.o(.text)
    prvTaskExitError                         0x08006361   Thumb Code    22  port.o(.text)
    .text                                    0x08006444   Section        0  heap_2.o(.text)
    prvHeapInit                              0x08006445   Thumb Code    42  heap_2.o(.text)
    .text                                    0x08006568   Section        0  memcpya.o(.text)
    .text                                    0x0800658c   Section        0  memseta.o(.text)
    .text                                    0x080065b0   Section        0  strcat.o(.text)
    .text                                    0x080065c8   Section        0  strlen.o(.text)
    .text                                    0x080065d6   Section        0  strcmp.o(.text)
    .text                                    0x080065f2   Section        0  strcpy.o(.text)
    .text                                    0x08006604   Section        0  strncmp.o(.text)
    .text                                    0x08006622   Section        0  atoi.o(.text)
    .text                                    0x0800663c   Section        0  fadd.o(.text)
    .text                                    0x080066ec   Section        0  fmul.o(.text)
    .text                                    0x08006750   Section        0  dadd.o(.text)
    .text                                    0x0800689e   Section        0  ddiv.o(.text)
    .text                                    0x0800697c   Section        0  ffltui.o(.text)
    .text                                    0x08006986   Section        0  ffixui.o(.text)
    .text                                    0x080069ae   Section        0  f2d.o(.text)
    .text                                    0x080069d4   Section        0  d2f.o(.text)
    .text                                    0x08006a0c   Section        0  uidiv.o(.text)
    .text                                    0x08006a38   Section        0  uldiv.o(.text)
    .text                                    0x08006a9a   Section        0  llshl.o(.text)
    .text                                    0x08006ab8   Section        0  llsshr.o(.text)
    .text                                    0x08006adc   Section        0  strtol.o(.text)
    .text                                    0x08006b4c   Section        0  iusefp.o(.text)
    .text                                    0x08006b4c   Section        0  fepilogue.o(.text)
    .text                                    0x08006bba   Section        0  depilogue.o(.text)
    .text                                    0x08006c70   Section        0  dmul.o(.text)
    .text                                    0x08006d54   Section        0  dfixul.o(.text)
    .text                                    0x08006d84   Section       40  cdrcmple.o(.text)
    .text                                    0x08006dac   Section       36  init.o(.text)
    .text                                    0x08006dd0   Section        0  llushr.o(.text)
    .text                                    0x08006df0   Section        0  ctype_o.o(.text)
    .text                                    0x08006df8   Section        0  _strtoul.o(.text)
    .text                                    0x08006e96   Section        0  _chval.o(.text)
    i.__0sprintf                             0x08006eb4   Section        0  printfa.o(i.__0sprintf)
    i.__0vsprintf                            0x08006edc   Section        0  printfa.o(i.__0vsprintf)
    i.__aeabi_errno_addr                     0x08006f00   Section        0  errno.o(i.__aeabi_errno_addr)
    i.__scatterload_copy                     0x08006f08   Section       14  handlers.o(i.__scatterload_copy)
    i.__scatterload_null                     0x08006f16   Section        2  handlers.o(i.__scatterload_null)
    i.__scatterload_zeroinit                 0x08006f18   Section       14  handlers.o(i.__scatterload_zeroinit)
    i._fp_digits                             0x08006f28   Section        0  printfa.o(i._fp_digits)
    _fp_digits                               0x08006f29   Thumb Code   334  printfa.o(i._fp_digits)
    i._printf_core                           0x0800708c   Section        0  printfa.o(i._printf_core)
    _printf_core                             0x0800708d   Thumb Code  1744  printfa.o(i._printf_core)
    i._printf_post_padding                   0x08007768   Section        0  printfa.o(i._printf_post_padding)
    _printf_post_padding                     0x08007769   Thumb Code    36  printfa.o(i._printf_post_padding)
    i._printf_pre_padding                    0x0800778c   Section        0  printfa.o(i._printf_pre_padding)
    _printf_pre_padding                      0x0800778d   Thumb Code    46  printfa.o(i._printf_pre_padding)
    i._sputc                                 0x080077ba   Section        0  printfa.o(i._sputc)
    _sputc                                   0x080077bb   Thumb Code    10  printfa.o(i._sputc)
    i.bsp_74hc595_set_DATA                   0x080077c4   Section        0  app_display.o(i.bsp_74hc595_set_DATA)
    i.bsp_74hc595_set_OE                     0x080077e0   Section        0  app_display.o(i.bsp_74hc595_set_OE)
    i.bsp_74hc595_set_SH_CP                  0x080077f8   Section        0  app_display.o(i.bsp_74hc595_set_SH_CP)
    i.bsp_74hc595_set_ST_CP                  0x08007814   Section        0  app_display.o(i.bsp_74hc595_set_ST_CP)
    i.bsp_set_hv_state                       0x08007830   Section        0  app_cli.o(i.bsp_set_hv_state)
    .constdata                               0x0800784c   Section        6  app_led.o(.constdata)
    .constdata                               0x08007854   Section        8  app_display.o(.constdata)
    .constdata                               0x0800785c   Section       12  app_ds3231.o(.constdata)
    rtc_days_in_month                        0x0800785c   Data          12  app_ds3231.o(.constdata)
    .constdata                               0x08007868   Section      160  app_cli.o(.constdata)
    info                                     0x08007868   Data          16  app_cli.o(.constdata)
    clear                                    0x08007878   Data          16  app_cli.o(.constdata)
    date                                     0x08007888   Data          16  app_cli.o(.constdata)
    sdate                                    0x08007898   Data          16  app_cli.o(.constdata)
    th                                       0x080078a8   Data          16  app_cli.o(.constdata)
    led                                      0x080078b8   Data          16  app_cli.o(.constdata)
    reboot                                   0x080078c8   Data          16  app_cli.o(.constdata)
    lcd                                      0x080078d8   Data          16  app_cli.o(.constdata)
    top                                      0x080078e8   Data          16  app_cli.o(.constdata)
    setlcd                                   0x080078f8   Data          16  app_cli.o(.constdata)
    .constdata                               0x08007908   Section       96  mid_cli.o(.constdata)
    passwd                                   0x08007908   Data           4  mid_cli.o(.constdata)
    input_passwd_msg                         0x0800790c   Data           4  mid_cli.o(.constdata)
    incorrect_passwd_msg                     0x08007910   Data           4  mid_cli.o(.constdata)
    pcNewLine                                0x08007914   Data           4  mid_cli.o(.constdata)
    backspace                                0x08007918   Data           4  mid_cli.o(.constdata)
    help                                     0x0800791c   Data          16  mid_cli.o(.constdata)
    log1                                     0x0800792c   Data          60  mid_cli.o(.constdata)
    .constdata                               0x08007968   Section      129  ctype_o.o(.constdata)
    .constdata                               0x080079ec   Section        4  ctype_o.o(.constdata)
    table                                    0x080079ec   Data           4  ctype_o.o(.constdata)
    .conststring                             0x080079f0   Section      787  app_cli.o(.conststring)
    .conststring                             0x08007d04   Section      101  mid_cli.o(.conststring)
    .data                                    0x20000000   Section       16  app_serial.o(.data)
    xRxedChars                               0x20000000   Data           4  app_serial.o(.data)
    xCharsForTx                              0x20000004   Data           4  app_serial.o(.data)
    xPort                                    0x20000008   Data           4  app_serial.o(.data)
    rcv_flag                                 0x2000000c   Data           4  app_serial.o(.data)
    .data                                    0x20000010   Section       10  app_display.o(.data)
    start_dis                                0x20000010   Data           1  app_display.o(.data)
    lcd_pixel                                0x20000011   Data           7  app_display.o(.data)
    hv_state                                 0x20000018   Data           1  app_display.o(.data)
    processing                               0x20000019   Data           1  app_display.o(.data)
    .data                                    0x2000001c   Section       15  app_sht10.o(.data)
    sht_info                                 0x20000024   Data           7  app_sht10.o(.data)
    .data                                    0x2000002c   Section        8  app_ds3231.o(.data)
    timeSync                                 0x2000002c   Data           4  app_ds3231.o(.data)
    ontime                                   0x20000030   Data           2  app_ds3231.o(.data)
    offtime                                  0x20000032   Data           2  app_ds3231.o(.data)
    .data                                    0x20000034   Section        2  app_buz.o(.data)
    warning_times                            0x20000034   Data           1  app_buz.o(.data)
    running                                  0x20000035   Data           1  app_buz.o(.data)
    .data                                    0x20000038   Section       28  app_cli.o(.data)
    dev_info                                 0x20000038   Data          24  app_cli.o(.data)
    string                                   0x20000050   Data           4  app_cli.o(.data)
    .data                                    0x20000054   Section       32  mid_cli.o(.data)
    prefix                                   0x20000054   Data           4  mid_cli.o(.data)
    cmd_list_head                            0x20000058   Data           8  mid_cli.o(.data)
    permission                               0x20000060   Data           1  mid_cli.o(.data)
    pxLastCommandInList                      0x20000064   Data           4  mid_cli.o(.data)
    pxNewListItem                            0x20000068   Data           4  mid_cli.o(.data)
    cmd                                      0x2000006c   Data           4  mid_cli.o(.data)
    cmd                                      0x20000070   Data           4  mid_cli.o(.data)
    .data                                    0x20000074   Section        8  app_data.o(.data)
    mData                                    0x20000074   Data           4  app_data.o(.data)
    dataSync                                 0x20000078   Data           4  app_data.o(.data)
    .data                                    0x2000007c   Section       20  stm32f10x_rcc.o(.data)
    APBAHBPrescTable                         0x2000007c   Data          16  stm32f10x_rcc.o(.data)
    ADCPrescTable                            0x2000008c   Data           4  stm32f10x_rcc.o(.data)
    .data                                    0x20000090   Section       60  tasks.o(.data)
    pxDelayedTaskList                        0x20000094   Data           4  tasks.o(.data)
    pxOverflowDelayedTaskList                0x20000098   Data           4  tasks.o(.data)
    uxDeletedTasksWaitingCleanUp             0x2000009c   Data           4  tasks.o(.data)
    uxCurrentNumberOfTasks                   0x200000a0   Data           4  tasks.o(.data)
    xTickCount                               0x200000a4   Data           4  tasks.o(.data)
    uxTopReadyPriority                       0x200000a8   Data           4  tasks.o(.data)
    xSchedulerRunning                        0x200000ac   Data           4  tasks.o(.data)
    uxPendedTicks                            0x200000b0   Data           4  tasks.o(.data)
    xYieldPending                            0x200000b4   Data           4  tasks.o(.data)
    xNumOfOverflows                          0x200000b8   Data           4  tasks.o(.data)
    uxTaskNumber                             0x200000bc   Data           4  tasks.o(.data)
    xNextTaskUnblockTime                     0x200000c0   Data           4  tasks.o(.data)
    xIdleTaskHandle                          0x200000c4   Data           4  tasks.o(.data)
    uxSchedulerSuspended                     0x200000c8   Data           4  tasks.o(.data)
    .data                                    0x200000cc   Section        4  port.o(.data)
    uxCriticalNesting                        0x200000cc   Data           4  port.o(.data)
    .data                                    0x200000d0   Section       24  heap_2.o(.data)
    xStart                                   0x200000d0   Data           8  heap_2.o(.data)
    xEnd                                     0x200000d8   Data           8  heap_2.o(.data)
    xFreeBytesRemaining                      0x200000e0   Data           4  heap_2.o(.data)
    xHeapHasBeenInitialised                  0x200000e4   Data           4  heap_2.o(.data)
    .data                                    0x200000e8   Section        4  errno.o(.data)
    _errno                                   0x200000e8   Data           4  errno.o(.data)
    .bss                                     0x200000ec   Section       48  main.o(.bss)
    task_handle                              0x200000ec   Data          28  main.o(.bss)
    cmd_prefix                               0x20000108   Data          20  main.o(.bss)
    .bss                                     0x2000011c   Section      752  mid_cli.o(.bss)
    cOutputString                            0x2000011c   Data         256  mid_cli.o(.bss)
    cInputString                             0x2000021c   Data         256  mid_cli.o(.bss)
    vars                                     0x2000031c   Data         200  mid_cli.o(.bss)
    argv                                     0x200003e4   Data          40  mid_cli.o(.bss)
    .bss                                     0x2000040c   Section       48  i2c_bus.o(.bss)
    i2c_bus                                  0x2000040c   Data          48  i2c_bus.o(.bss)
    .bss                                     0x2000043c   Section      300  tasks.o(.bss)
    pxReadyTasksLists                        0x2000043c   Data         200  tasks.o(.bss)
    xDelayedTaskList1                        0x20000504   Data          20  tasks.o(.bss)
    xDelayedTaskList2                        0x20000518   Data          20  tasks.o(.bss)
    xPendingReadyList                        0x2000052c   Data          20  tasks.o(.bss)
    xTasksWaitingTermination                 0x20000540   Data          20  tasks.o(.bss)
    xSuspendedTaskList                       0x20000554   Data          20  tasks.o(.bss)
    .bss                                     0x20000568   Section    17408  heap_2.o(.bss)
    ucHeap                                   0x20000568   Data       17408  heap_2.o(.bss)
    STACK                                    0x20004968   Section     1024  cstartup.o(STACK)

    Global Symbols

    Symbol Name                              Value     Ov Type        Size  Object(Section)

    BuildAttributes$$THM_ISAv4$P$D$K$B$S$PE$A:L22UL41UL21$X:L11$S22US41US21$IEEE1$IW$USESV6$~STKCKD$USESV7$~SHL$OTIME$ROPI$EBA8$MICROLIB$REQ8$PRES8$EABIv2 0x00000000   Number         0  anon$$obj.o ABSOLUTE
    __ARM_use_no_argv                        0x00000000   Number         0  main.o ABSOLUTE
    _printf_a                                0x00000000   Number         0  stubs.o ABSOLUTE
    _printf_c                                0x00000000   Number         0  stubs.o ABSOLUTE
    _printf_charcount                        0x00000000   Number         0  stubs.o ABSOLUTE
    _printf_d                                0x00000000   Number         0  stubs.o ABSOLUTE
    _printf_e                                0x00000000   Number         0  stubs.o ABSOLUTE
    _printf_f                                0x00000000   Number         0  stubs.o ABSOLUTE
    _printf_flags                            0x00000000   Number         0  stubs.o ABSOLUTE
    _printf_fp_dec                           0x00000000   Number         0  stubs.o ABSOLUTE
    _printf_fp_hex                           0x00000000   Number         0  stubs.o ABSOLUTE
    _printf_g                                0x00000000   Number         0  stubs.o ABSOLUTE
    _printf_i                                0x00000000   Number         0  stubs.o ABSOLUTE
    _printf_int_dec                          0x00000000   Number         0  stubs.o ABSOLUTE
    _printf_l                                0x00000000   Number         0  stubs.o ABSOLUTE
    _printf_lc                               0x00000000   Number         0  stubs.o ABSOLUTE
    _printf_ll                               0x00000000   Number         0  stubs.o ABSOLUTE
    _printf_lld                              0x00000000   Number         0  stubs.o ABSOLUTE
    _printf_lli                              0x00000000   Number         0  stubs.o ABSOLUTE
    _printf_llo                              0x00000000   Number         0  stubs.o ABSOLUTE
    _printf_llu                              0x00000000   Number         0  stubs.o ABSOLUTE
    _printf_llx                              0x00000000   Number         0  stubs.o ABSOLUTE
    _printf_longlong_dec                     0x00000000   Number         0  stubs.o ABSOLUTE
    _printf_longlong_hex                     0x00000000   Number         0  stubs.o ABSOLUTE
    _printf_longlong_oct                     0x00000000   Number         0  stubs.o ABSOLUTE
    _printf_ls                               0x00000000   Number         0  stubs.o ABSOLUTE
    _printf_mbtowc                           0x00000000   Number         0  stubs.o ABSOLUTE
    _printf_n                                0x00000000   Number         0  stubs.o ABSOLUTE
    _printf_o                                0x00000000   Number         0  stubs.o ABSOLUTE
    _printf_p                                0x00000000   Number         0  stubs.o ABSOLUTE
    _printf_percent                          0x00000000   Number         0  stubs.o ABSOLUTE
    _printf_pre_padding                      0x00000000   Number         0  stubs.o ABSOLUTE
    _printf_return_value                     0x00000000   Number         0  stubs.o ABSOLUTE
    _printf_s                                0x00000000   Number         0  stubs.o ABSOLUTE
    _printf_sizespec                         0x00000000   Number         0  stubs.o ABSOLUTE
    _printf_str                              0x00000000   Number         0  stubs.o ABSOLUTE
    _printf_truncate_signed                  0x00000000   Number         0  stubs.o ABSOLUTE
    _printf_truncate_unsigned                0x00000000   Number         0  stubs.o ABSOLUTE
    _printf_u                                0x00000000   Number         0  stubs.o ABSOLUTE
    _printf_wc                               0x00000000   Number         0  stubs.o ABSOLUTE
    _printf_wctomb                           0x00000000   Number         0  stubs.o ABSOLUTE
    _printf_widthprec                        0x00000000   Number         0  stubs.o ABSOLUTE
    _printf_x                                0x00000000   Number         0  stubs.o ABSOLUTE
    __cpp_initialize__aeabi_                  - Undefined Weak Reference
    __cxa_finalize                            - Undefined Weak Reference
    __decompress                              - Undefined Weak Reference
    _clock_init                               - Undefined Weak Reference
    _microlib_exit                            - Undefined Weak Reference
    __Vectors                                0x08000000   Data           4  cstartup.o(RESET)
    __main                                   0x080000ed   Thumb Code     0  entry.o(.ARM.Collect$$$$00000000)
    _main_stk                                0x080000ed   Thumb Code     0  entry2.o(.ARM.Collect$$$$00000001)
    _main_scatterload                        0x080000f1   Thumb Code     0  entry5.o(.ARM.Collect$$$$00000004)
    __main_after_scatterload                 0x080000f5   Thumb Code     0  entry5.o(.ARM.Collect$$$$00000004)
    _main_clock                              0x080000f5   Thumb Code     0  entry7b.o(.ARM.Collect$$$$00000008)
    _main_cpp_init                           0x080000f5   Thumb Code     0  entry8b.o(.ARM.Collect$$$$0000000A)
    _main_init                               0x080000f5   Thumb Code     0  entry9a.o(.ARM.Collect$$$$0000000B)
    __rt_final_cpp                           0x080000fd   Thumb Code     0  entry10a.o(.ARM.Collect$$$$0000000D)
    __rt_final_exit                          0x080000fd   Thumb Code     0  entry11a.o(.ARM.Collect$$$$0000000F)
    vPortSVCHandler                          0x08000101   Thumb Code    32  port.o(.emb_text)
    __asm___6_port_c_39a90d8d__prvStartFirstTask 0x08000125   Thumb Code    28  port.o(.emb_text)
    xPortPendSVHandler                       0x08000145   Thumb Code    72  port.o(.emb_text)
    vPortGetIPSR                             0x08000191   Thumb Code     6  port.o(.emb_text)
    main_get_task_handle                     0x08000199   Thumb Code    10  main.o(.text)
    main                                     0x080001a3   Thumb Code   190  main.o(.text)
    app_led_init                             0x080002e1   Thumb Code    46  app_led.o(.text)
    app_led_task_blink                       0x0800030f   Thumb Code    54  app_led.o(.text)
    xSerialPutChar                           0x0800034d   Thumb Code    46  app_serial.o(.text)
    vSerialPutString                         0x0800037b   Thumb Code    36  app_serial.o(.text)
    dbg_string                               0x0800039f   Thumb Code    52  app_serial.o(.text)
    serial_init                              0x080003d3   Thumb Code   246  app_serial.o(.text)
    xSerialGetChar                           0x080004c9   Thumb Code    46  app_serial.o(.text)
    USART1_IRQHandler                        0x080004f7   Thumb Code   164  app_serial.o(.text)
    app_display_set_show                     0x0800061b   Thumb Code    28  app_display.o(.text)
    app_display_task                         0x0800075b   Thumb Code   234  app_display.o(.text)
    app_display_show_info                    0x08000845   Thumb Code    28  app_display.o(.text)
    app_display_set_hv                       0x08000861   Thumb Code     6  app_display.o(.text)
    app_sht10_get_res                        0x0800094d   Thumb Code   148  app_sht10.o(.text)
    app_sht10_get_data                       0x08000a0d   Thumb Code    18  app_sht10.o(.text)
    app_sht10_task                           0x08000a1f   Thumb Code   130  app_sht10.o(.text)
    app_sht10_refresh_display                0x08000aa1   Thumb Code    10  app_sht10.o(.text)
    rtc_valid_tm                             0x08000b1d   Thumb Code    72  app_ds3231.o(.text)
    app_ds3231_read_time                     0x08000b65   Thumb Code   302  app_ds3231.o(.text)
    app_ds3231_set_time                      0x08000c93   Thumb Code   292  app_ds3231.o(.text)
    app_ds3231_set_showtime                  0x08000fc9   Thumb Code    28  app_ds3231.o(.text)
    app_ds3231_get_showtime                  0x08000fe5   Thumb Code    18  app_ds3231.o(.text)
    app_ds3231_task                          0x08000ff7   Thumb Code   360  app_ds3231.o(.text)
    EXTI0_IRQHandler                         0x0800115f   Thumb Code    52  app_ds3231.o(.text)
    app_buz_task                             0x080011a5   Thumb Code    68  app_buz.o(.text)
    app_buzzer_running                       0x080011e9   Thumb Code     6  app_buz.o(.text)
    app_buzzer_set_times                     0x080011ef   Thumb Code     6  app_buz.o(.text)
    app_cli_init                             0x080018a1   Thumb Code    28  app_cli.o(.text)
    hal_cli_data_tx                          0x08001901   Thumb Code    20  hal_cli.o(.text)
    hal_cli_data_rx                          0x08001915   Thumb Code    18  hal_cli.o(.text)
    mid_cli_cmd_list_head                    0x08001929   Thumb Code     4  mid_cli.o(.text)
    mid_cli_register                         0x0800192d   Thumb Code    68  mid_cli.o(.text)
    mid_cli_init                             0x08001bf9   Thumb Code    64  mid_cli.o(.text)
    app_data_init                            0x08001d39   Thumb Code    34  app_data.o(.text)
    app_data_read_showtime                   0x08001d5f   Thumb Code    30  app_data.o(.text)
    app_data_write_showtime                  0x08001d7d   Thumb Code    28  app_data.o(.text)
    app_data_store_task                      0x08001d99   Thumb Code   110  app_data.o(.text)
    bsp_init                                 0x08002067   Thumb Code    52  bsp.o(.text)
    i2c_bus_sda_dir                          0x080020c7   Thumb Code    72  i2c_bus.o(.text)
    i2c_bus_start                            0x0800210f   Thumb Code   256  i2c_bus.o(.text)
    i2c_bus_init                             0x08002299   Thumb Code   218  i2c_bus.o(.text)
    I2C_BUS_SDA_STATE                        0x08002479   Thumb Code    40  i2c_bus.o(.text)
    i2c_bus_write_byte                       0x080024a1   Thumb Code   266  i2c_bus.o(.text)
    i2c_bus_read_byte                        0x080025ab   Thumb Code   124  i2c_bus.o(.text)
    i2c_bus_write_ds3231                     0x08002627   Thumb Code    80  i2c_bus.o(.text)
    i2c_bus_read_ds3231                      0x08002677   Thumb Code   106  i2c_bus.o(.text)
    Reset_Handler                            0x0800276d   Thumb Code     4  cstartup.o(.text)
    NMI_Handler                              0x08002771   Thumb Code     2  cstartup.o(.text)
    HardFault_Handler                        0x08002773   Thumb Code     2  cstartup.o(.text)
    MemManage_Handler                        0x08002775   Thumb Code     2  cstartup.o(.text)
    BusFault_Handler                         0x08002777   Thumb Code     2  cstartup.o(.text)
    UsageFault_Handler                       0x08002779   Thumb Code     2  cstartup.o(.text)
    SVC_Handler                              0x0800277b   Thumb Code     2  cstartup.o(.text)
    DebugMon_Handler                         0x0800277d   Thumb Code     2  cstartup.o(.text)
    PendSV_Handler                           0x0800277f   Thumb Code     2  cstartup.o(.text)
    SysTick_Handler                          0x08002781   Thumb Code     2  cstartup.o(.text)
    ADC_IRQHandler                           0x08002783   Thumb Code     0  cstartup.o(.text)
    CAN_RX1_IRQHandler                       0x08002783   Thumb Code     0  cstartup.o(.text)
    CAN_SCE_IRQHandler                       0x08002783   Thumb Code     0  cstartup.o(.text)
    DMAChannel1_IRQHandler                   0x08002783   Thumb Code     0  cstartup.o(.text)
    DMAChannel2_IRQHandler                   0x08002783   Thumb Code     0  cstartup.o(.text)
    DMAChannel3_IRQHandler                   0x08002783   Thumb Code     0  cstartup.o(.text)
    DMAChannel4_IRQHandler                   0x08002783   Thumb Code     0  cstartup.o(.text)
    DMAChannel5_IRQHandler                   0x08002783   Thumb Code     0  cstartup.o(.text)
    DMAChannel6_IRQHandler                   0x08002783   Thumb Code     0  cstartup.o(.text)
    DMAChannel7_IRQHandler                   0x08002783   Thumb Code     0  cstartup.o(.text)
    EXTI15_10_IRQHandler                     0x08002783   Thumb Code     0  cstartup.o(.text)
    EXTI1_IRQHandler                         0x08002783   Thumb Code     0  cstartup.o(.text)
    EXTI2_IRQHandler                         0x08002783   Thumb Code     0  cstartup.o(.text)
    EXTI3_IRQHandler                         0x08002783   Thumb Code     0  cstartup.o(.text)
    EXTI4_IRQHandler                         0x08002783   Thumb Code     0  cstartup.o(.text)
    EXTI9_5_IRQHandler                       0x08002783   Thumb Code     0  cstartup.o(.text)
    FLASH_IRQHandler                         0x08002783   Thumb Code     0  cstartup.o(.text)
    I2C1_ER_IRQHandler                       0x08002783   Thumb Code     0  cstartup.o(.text)
    I2C1_EV_IRQHandler                       0x08002783   Thumb Code     0  cstartup.o(.text)
    I2C2_ER_IRQHandler                       0x08002783   Thumb Code     0  cstartup.o(.text)
    I2C2_EV_IRQHandler                       0x08002783   Thumb Code     0  cstartup.o(.text)
    PVD_IRQHandler                           0x08002783   Thumb Code     0  cstartup.o(.text)
    RCC_IRQHandler                           0x08002783   Thumb Code     0  cstartup.o(.text)
    RTCAlarm_IRQHandler                      0x08002783   Thumb Code     0  cstartup.o(.text)
    RTC_IRQHandler                           0x08002783   Thumb Code     0  cstartup.o(.text)
    SPI1_IRQHandler                          0x08002783   Thumb Code     0  cstartup.o(.text)
    SPI2_IRQHandler                          0x08002783   Thumb Code     0  cstartup.o(.text)
    TAMPER_IRQHandler                        0x08002783   Thumb Code     0  cstartup.o(.text)
    TIM1_BRK_IRQHandler                      0x08002783   Thumb Code     0  cstartup.o(.text)
    TIM1_CC_IRQHandler                       0x08002783   Thumb Code     0  cstartup.o(.text)
    TIM1_TRG_COM_IRQHandler                  0x08002783   Thumb Code     0  cstartup.o(.text)
    TIM1_UP_IRQHandler                       0x08002783   Thumb Code     0  cstartup.o(.text)
    TIM2_IRQHandler                          0x08002783   Thumb Code     0  cstartup.o(.text)
    TIM3_IRQHandler                          0x08002783   Thumb Code     0  cstartup.o(.text)
    TIM4_IRQHandler                          0x08002783   Thumb Code     0  cstartup.o(.text)
    USART2_IRQHandler                        0x08002783   Thumb Code     0  cstartup.o(.text)
    USART3_IRQHandler                        0x08002783   Thumb Code     0  cstartup.o(.text)
    USBWakeUp_IRQHandler                     0x08002783   Thumb Code     0  cstartup.o(.text)
    USB_HP_CAN_TX_IRQHandler                 0x08002783   Thumb Code     0  cstartup.o(.text)
    USB_LP_CAN_RX0_IRQHandler                0x08002783   Thumb Code     0  cstartup.o(.text)
    WWDG_IRQHandler                          0x08002783   Thumb Code     0  cstartup.o(.text)
    GPIO_DeInit                              0x08002789   Thumb Code   172  stm32f10x_gpio.o(.text)
    GPIO_AFIODeInit                          0x08002835   Thumb Code    20  stm32f10x_gpio.o(.text)
    GPIO_Init                                0x08002849   Thumb Code   278  stm32f10x_gpio.o(.text)
    GPIO_StructInit                          0x0800295f   Thumb Code    16  stm32f10x_gpio.o(.text)
    GPIO_ReadInputDataBit                    0x0800296f   Thumb Code    18  stm32f10x_gpio.o(.text)
    GPIO_ReadInputData                       0x08002981   Thumb Code     8  stm32f10x_gpio.o(.text)
    GPIO_ReadOutputDataBit                   0x08002989   Thumb Code    18  stm32f10x_gpio.o(.text)
    GPIO_ReadOutputData                      0x0800299b   Thumb Code     8  stm32f10x_gpio.o(.text)
    GPIO_SetBits                             0x080029a3   Thumb Code     4  stm32f10x_gpio.o(.text)
    GPIO_ResetBits                           0x080029a7   Thumb Code     4  stm32f10x_gpio.o(.text)
    GPIO_WriteBit                            0x080029ab   Thumb Code    10  stm32f10x_gpio.o(.text)
    GPIO_Write                               0x080029b5   Thumb Code     4  stm32f10x_gpio.o(.text)
    GPIO_PinLockConfig                       0x080029b9   Thumb Code    18  stm32f10x_gpio.o(.text)
    GPIO_EventOutputConfig                   0x080029cb   Thumb Code    26  stm32f10x_gpio.o(.text)
    GPIO_EventOutputCmd                      0x080029e5   Thumb Code     6  stm32f10x_gpio.o(.text)
    GPIO_PinRemapConfig                      0x080029eb   Thumb Code   138  stm32f10x_gpio.o(.text)
    GPIO_EXTILineConfig                      0x08002a75   Thumb Code    66  stm32f10x_gpio.o(.text)
    GPIO_ETH_MediaInterfaceConfig            0x08002ab7   Thumb Code     8  stm32f10x_gpio.o(.text)
    RCC_DeInit                               0x08002ae5   Thumb Code    64  stm32f10x_rcc.o(.text)
    RCC_HSEConfig                            0x08002b25   Thumb Code    70  stm32f10x_rcc.o(.text)
    RCC_GetFlagStatus                        0x08002b6b   Thumb Code    56  stm32f10x_rcc.o(.text)
    RCC_WaitForHSEStartUp                    0x08002ba3   Thumb Code    56  stm32f10x_rcc.o(.text)
    RCC_AdjustHSICalibrationValue            0x08002bdb   Thumb Code    20  stm32f10x_rcc.o(.text)
    RCC_HSICmd                               0x08002bef   Thumb Code     6  stm32f10x_rcc.o(.text)
    RCC_PLLConfig                            0x08002bf5   Thumb Code    24  stm32f10x_rcc.o(.text)
    RCC_PLLCmd                               0x08002c0d   Thumb Code     6  stm32f10x_rcc.o(.text)
    RCC_SYSCLKConfig                         0x08002c13   Thumb Code    18  stm32f10x_rcc.o(.text)
    RCC_GetSYSCLKSource                      0x08002c25   Thumb Code    10  stm32f10x_rcc.o(.text)
    RCC_HCLKConfig                           0x08002c2f   Thumb Code    18  stm32f10x_rcc.o(.text)
    RCC_PCLK1Config                          0x08002c41   Thumb Code    18  stm32f10x_rcc.o(.text)
    RCC_PCLK2Config                          0x08002c53   Thumb Code    20  stm32f10x_rcc.o(.text)
    RCC_ITConfig                             0x08002c67   Thumb Code    26  stm32f10x_rcc.o(.text)
    RCC_USBCLKConfig                         0x08002c81   Thumb Code     8  stm32f10x_rcc.o(.text)
    RCC_ADCCLKConfig                         0x08002c89   Thumb Code    18  stm32f10x_rcc.o(.text)
    RCC_LSEConfig                            0x08002c9b   Thumb Code    50  stm32f10x_rcc.o(.text)
    RCC_LSICmd                               0x08002ccd   Thumb Code     6  stm32f10x_rcc.o(.text)
    RCC_RTCCLKConfig                         0x08002cd3   Thumb Code    12  stm32f10x_rcc.o(.text)
    RCC_RTCCLKCmd                            0x08002cdf   Thumb Code     8  stm32f10x_rcc.o(.text)
    RCC_GetClocksFreq                        0x08002ce7   Thumb Code   192  stm32f10x_rcc.o(.text)
    RCC_AHBPeriphClockCmd                    0x08002da7   Thumb Code    26  stm32f10x_rcc.o(.text)
    RCC_APB2PeriphClockCmd                   0x08002dc1   Thumb Code    26  stm32f10x_rcc.o(.text)
    RCC_APB1PeriphClockCmd                   0x08002ddb   Thumb Code    26  stm32f10x_rcc.o(.text)
    RCC_APB2PeriphResetCmd                   0x08002df5   Thumb Code    26  stm32f10x_rcc.o(.text)
    RCC_APB1PeriphResetCmd                   0x08002e0f   Thumb Code    26  stm32f10x_rcc.o(.text)
    RCC_BackupResetCmd                       0x08002e29   Thumb Code     8  stm32f10x_rcc.o(.text)
    RCC_ClockSecuritySystemCmd               0x08002e31   Thumb Code     6  stm32f10x_rcc.o(.text)
    RCC_MCOConfig                            0x08002e37   Thumb Code     6  stm32f10x_rcc.o(.text)
    RCC_ClearFlag                            0x08002e3d   Thumb Code    14  stm32f10x_rcc.o(.text)
    RCC_GetITStatus                          0x08002e4b   Thumb Code    20  stm32f10x_rcc.o(.text)
    RCC_ClearITPendingBit                    0x08002e5f   Thumb Code     6  stm32f10x_rcc.o(.text)
    NVIC_PriorityGroupConfig                 0x08002e89   Thumb Code    10  misc.o(.text)
    NVIC_Init                                0x08002e93   Thumb Code   100  misc.o(.text)
    NVIC_SetVectorTable                      0x08002ef7   Thumb Code    14  misc.o(.text)
    NVIC_SystemLPConfig                      0x08002f05   Thumb Code    34  misc.o(.text)
    SysTick_CLKSourceConfig                  0x08002f27   Thumb Code    40  misc.o(.text)
    USART_DeInit                             0x08002f65   Thumb Code   134  stm32f10x_usart.o(.text)
    USART_Init                               0x08002feb   Thumb Code   210  stm32f10x_usart.o(.text)
    USART_StructInit                         0x080030bd   Thumb Code    24  stm32f10x_usart.o(.text)
    USART_ClockInit                          0x080030d5   Thumb Code    34  stm32f10x_usart.o(.text)
    USART_ClockStructInit                    0x080030f7   Thumb Code    12  stm32f10x_usart.o(.text)
    USART_Cmd                                0x08003103   Thumb Code    24  stm32f10x_usart.o(.text)
    USART_ITConfig                           0x0800311b   Thumb Code    74  stm32f10x_usart.o(.text)
    USART_DMACmd                             0x08003165   Thumb Code    18  stm32f10x_usart.o(.text)
    USART_SetAddress                         0x08003177   Thumb Code    18  stm32f10x_usart.o(.text)
    USART_WakeUpConfig                       0x08003189   Thumb Code    18  stm32f10x_usart.o(.text)
    USART_ReceiverWakeUpCmd                  0x0800319b   Thumb Code    24  stm32f10x_usart.o(.text)
    USART_LINBreakDetectLengthConfig         0x080031b3   Thumb Code    18  stm32f10x_usart.o(.text)
    USART_LINCmd                             0x080031c5   Thumb Code    24  stm32f10x_usart.o(.text)
    USART_SendData                           0x080031dd   Thumb Code     8  stm32f10x_usart.o(.text)
    USART_ReceiveData                        0x080031e5   Thumb Code    10  stm32f10x_usart.o(.text)
    USART_SendBreak                          0x080031ef   Thumb Code    10  stm32f10x_usart.o(.text)
    USART_SetGuardTime                       0x080031f9   Thumb Code    16  stm32f10x_usart.o(.text)
    USART_SetPrescaler                       0x08003209   Thumb Code    16  stm32f10x_usart.o(.text)
    USART_SmartCardCmd                       0x08003219   Thumb Code    24  stm32f10x_usart.o(.text)
    USART_SmartCardNACKCmd                   0x08003231   Thumb Code    24  stm32f10x_usart.o(.text)
    USART_HalfDuplexCmd                      0x08003249   Thumb Code    24  stm32f10x_usart.o(.text)
    USART_OverSampling8Cmd                   0x08003261   Thumb Code    22  stm32f10x_usart.o(.text)
    USART_OneBitMethodCmd                    0x08003277   Thumb Code    24  stm32f10x_usart.o(.text)
    USART_IrDAConfig                         0x0800328f   Thumb Code    18  stm32f10x_usart.o(.text)
    USART_IrDACmd                            0x080032a1   Thumb Code    24  stm32f10x_usart.o(.text)
    USART_GetFlagStatus                      0x080032b9   Thumb Code    26  stm32f10x_usart.o(.text)
    USART_ClearFlag                          0x080032d3   Thumb Code    18  stm32f10x_usart.o(.text)
    USART_GetITStatus                        0x080032e5   Thumb Code    84  stm32f10x_usart.o(.text)
    USART_ClearITPendingBit                  0x08003339   Thumb Code    52  stm32f10x_usart.o(.text)
    EXTI_DeInit                              0x0800336d   Thumb Code    28  stm32f10x_exti.o(.text)
    EXTI_Init                                0x08003389   Thumb Code   142  stm32f10x_exti.o(.text)
    EXTI_StructInit                          0x08003417   Thumb Code    16  stm32f10x_exti.o(.text)
    EXTI_GenerateSWInterrupt                 0x08003427   Thumb Code    16  stm32f10x_exti.o(.text)
    EXTI_GetFlagStatus                       0x08003437   Thumb Code    22  stm32f10x_exti.o(.text)
    EXTI_ClearFlag                           0x0800344d   Thumb Code     8  stm32f10x_exti.o(.text)
    EXTI_GetITStatus                         0x08003455   Thumb Code    34  stm32f10x_exti.o(.text)
    EXTI_ClearITPendingBit                   0x08003477   Thumb Code     8  stm32f10x_exti.o(.text)
    TIM_DeInit                               0x08003489   Thumb Code   424  stm32f10x_tim.o(.text)
    TIM_TimeBaseInit                         0x08003631   Thumb Code   122  stm32f10x_tim.o(.text)
    TIM_OC1Init                              0x080036ab   Thumb Code   132  stm32f10x_tim.o(.text)
    TIM_OC2Init                              0x0800372f   Thumb Code   154  stm32f10x_tim.o(.text)
    TIM_OC3Init                              0x080037c9   Thumb Code   150  stm32f10x_tim.o(.text)
    TIM_OC4Init                              0x0800385f   Thumb Code   182  stm32f10x_tim.o(.text)
    TIM_SetIC4Prescaler                      0x08003915   Thumb Code    26  stm32f10x_tim.o(.text)
    TIM_SetIC3Prescaler                      0x080039b1   Thumb Code    18  stm32f10x_tim.o(.text)
    TIM_SetIC2Prescaler                      0x08003a3d   Thumb Code    26  stm32f10x_tim.o(.text)
    TIM_SetIC1Prescaler                      0x08003ad9   Thumb Code    18  stm32f10x_tim.o(.text)
    TIM_ICInit                               0x08003b57   Thumb Code   150  stm32f10x_tim.o(.text)
    TIM_PWMIConfig                           0x08003bed   Thumb Code   124  stm32f10x_tim.o(.text)
    TIM_BDTRConfig                           0x08003c69   Thumb Code    32  stm32f10x_tim.o(.text)
    TIM_TimeBaseStructInit                   0x08003c89   Thumb Code    18  stm32f10x_tim.o(.text)
    TIM_OCStructInit                         0x08003c9b   Thumb Code    20  stm32f10x_tim.o(.text)
    TIM_ICStructInit                         0x08003caf   Thumb Code    18  stm32f10x_tim.o(.text)
    TIM_BDTRStructInit                       0x08003cc1   Thumb Code    40  stm32f10x_tim.o(.text)
    TIM_Cmd                                  0x08003ce9   Thumb Code    24  stm32f10x_tim.o(.text)
    TIM_CtrlPWMOutputs                       0x08003d01   Thumb Code    30  stm32f10x_tim.o(.text)
    TIM_ITConfig                             0x08003d1f   Thumb Code    18  stm32f10x_tim.o(.text)
    TIM_GenerateEvent                        0x08003d31   Thumb Code     4  stm32f10x_tim.o(.text)
    TIM_DMAConfig                            0x08003d35   Thumb Code    10  stm32f10x_tim.o(.text)
    TIM_DMACmd                               0x08003d3f   Thumb Code    18  stm32f10x_tim.o(.text)
    TIM_InternalClockConfig                  0x08003d51   Thumb Code    12  stm32f10x_tim.o(.text)
    TIM_SelectInputTrigger                   0x08003d5d   Thumb Code    18  stm32f10x_tim.o(.text)
    TIM_ITRxExternalClockConfig              0x08003d6f   Thumb Code    24  stm32f10x_tim.o(.text)
    TIM_TIxExternalClockConfig               0x08003d87   Thumb Code    62  stm32f10x_tim.o(.text)
    TIM_ETRConfig                            0x08003dc5   Thumb Code    28  stm32f10x_tim.o(.text)
    TIM_ETRClockMode1Config                  0x08003de1   Thumb Code    54  stm32f10x_tim.o(.text)
    TIM_ETRClockMode2Config                  0x08003e17   Thumb Code    32  stm32f10x_tim.o(.text)
    TIM_PrescalerConfig                      0x08003e37   Thumb Code     6  stm32f10x_tim.o(.text)
    TIM_CounterModeConfig                    0x08003e3d   Thumb Code    18  stm32f10x_tim.o(.text)
    TIM_EncoderInterfaceConfig               0x08003e4f   Thumb Code    66  stm32f10x_tim.o(.text)
    TIM_ForcedOC1Config                      0x08003e91   Thumb Code    18  stm32f10x_tim.o(.text)
    TIM_ForcedOC2Config                      0x08003ea3   Thumb Code    26  stm32f10x_tim.o(.text)
    TIM_ForcedOC3Config                      0x08003ebd   Thumb Code    18  stm32f10x_tim.o(.text)
    TIM_ForcedOC4Config                      0x08003ecf   Thumb Code    26  stm32f10x_tim.o(.text)
    TIM_ARRPreloadConfig                     0x08003ee9   Thumb Code    24  stm32f10x_tim.o(.text)
    TIM_SelectCOM                            0x08003f01   Thumb Code    24  stm32f10x_tim.o(.text)
    TIM_SelectCCDMA                          0x08003f19   Thumb Code    24  stm32f10x_tim.o(.text)
    TIM_CCPreloadControl                     0x08003f31   Thumb Code    24  stm32f10x_tim.o(.text)
    TIM_OC1PreloadConfig                     0x08003f49   Thumb Code    18  stm32f10x_tim.o(.text)
    TIM_OC2PreloadConfig                     0x08003f5b   Thumb Code    26  stm32f10x_tim.o(.text)
    TIM_OC3PreloadConfig                     0x08003f75   Thumb Code    18  stm32f10x_tim.o(.text)
    TIM_OC4PreloadConfig                     0x08003f87   Thumb Code    26  stm32f10x_tim.o(.text)
    TIM_OC1FastConfig                        0x08003fa1   Thumb Code    18  stm32f10x_tim.o(.text)
    TIM_OC2FastConfig                        0x08003fb3   Thumb Code    26  stm32f10x_tim.o(.text)
    TIM_OC3FastConfig                        0x08003fcd   Thumb Code    18  stm32f10x_tim.o(.text)
    TIM_OC4FastConfig                        0x08003fdf   Thumb Code    26  stm32f10x_tim.o(.text)
    TIM_ClearOC1Ref                          0x08003ff9   Thumb Code    18  stm32f10x_tim.o(.text)
    TIM_ClearOC2Ref                          0x0800400b   Thumb Code    24  stm32f10x_tim.o(.text)
    TIM_ClearOC3Ref                          0x08004023   Thumb Code    18  stm32f10x_tim.o(.text)
    TIM_ClearOC4Ref                          0x08004035   Thumb Code    24  stm32f10x_tim.o(.text)
    TIM_OC1PolarityConfig                    0x0800404d   Thumb Code    18  stm32f10x_tim.o(.text)
    TIM_OC1NPolarityConfig                   0x0800405f   Thumb Code    18  stm32f10x_tim.o(.text)
    TIM_OC2PolarityConfig                    0x08004071   Thumb Code    26  stm32f10x_tim.o(.text)
    TIM_OC2NPolarityConfig                   0x0800408b   Thumb Code    26  stm32f10x_tim.o(.text)
    TIM_OC3PolarityConfig                    0x080040a5   Thumb Code    26  stm32f10x_tim.o(.text)
    TIM_OC3NPolarityConfig                   0x080040bf   Thumb Code    26  stm32f10x_tim.o(.text)
    TIM_OC4PolarityConfig                    0x080040d9   Thumb Code    26  stm32f10x_tim.o(.text)
    TIM_CCxCmd                               0x080040f3   Thumb Code    30  stm32f10x_tim.o(.text)
    TIM_CCxNCmd                              0x08004111   Thumb Code    30  stm32f10x_tim.o(.text)
    TIM_SelectOCxM                           0x0800412f   Thumb Code    82  stm32f10x_tim.o(.text)
    TIM_UpdateDisableConfig                  0x08004181   Thumb Code    24  stm32f10x_tim.o(.text)
    TIM_UpdateRequestConfig                  0x08004199   Thumb Code    24  stm32f10x_tim.o(.text)
    TIM_SelectHallSensor                     0x080041b1   Thumb Code    24  stm32f10x_tim.o(.text)
    TIM_SelectOnePulseMode                   0x080041c9   Thumb Code    18  stm32f10x_tim.o(.text)
    TIM_SelectOutputTrigger                  0x080041db   Thumb Code    18  stm32f10x_tim.o(.text)
    TIM_SelectSlaveMode                      0x080041ed   Thumb Code    18  stm32f10x_tim.o(.text)
    TIM_SelectMasterSlaveMode                0x080041ff   Thumb Code    18  stm32f10x_tim.o(.text)
    TIM_SetCounter                           0x08004211   Thumb Code     4  stm32f10x_tim.o(.text)
    TIM_SetAutoreload                        0x08004215   Thumb Code     4  stm32f10x_tim.o(.text)
    TIM_SetCompare1                          0x08004219   Thumb Code     4  stm32f10x_tim.o(.text)
    TIM_SetCompare2                          0x0800421d   Thumb Code     4  stm32f10x_tim.o(.text)
    TIM_SetCompare3                          0x08004221   Thumb Code     4  stm32f10x_tim.o(.text)
    TIM_SetCompare4                          0x08004225   Thumb Code     6  stm32f10x_tim.o(.text)
    TIM_SetClockDivision                     0x0800422b   Thumb Code    18  stm32f10x_tim.o(.text)
    TIM_GetCapture1                          0x0800423d   Thumb Code     6  stm32f10x_tim.o(.text)
    TIM_GetCapture2                          0x08004243   Thumb Code     6  stm32f10x_tim.o(.text)
    TIM_GetCapture3                          0x08004249   Thumb Code     6  stm32f10x_tim.o(.text)
    TIM_GetCapture4                          0x0800424f   Thumb Code     8  stm32f10x_tim.o(.text)
    TIM_GetCounter                           0x08004257   Thumb Code     6  stm32f10x_tim.o(.text)
    TIM_GetPrescaler                         0x0800425d   Thumb Code     6  stm32f10x_tim.o(.text)
    TIM_GetFlagStatus                        0x08004263   Thumb Code    18  stm32f10x_tim.o(.text)
    TIM_ClearFlag                            0x08004275   Thumb Code     6  stm32f10x_tim.o(.text)
    TIM_GetITStatus                          0x0800427b   Thumb Code    34  stm32f10x_tim.o(.text)
    TIM_ClearITPendingBit                    0x0800429d   Thumb Code     6  stm32f10x_tim.o(.text)
    FLASH_SetLatency                         0x080042a5   Thumb Code    18  stm32f10x_flash.o(.text)
    FLASH_HalfCycleAccessCmd                 0x080042b7   Thumb Code    22  stm32f10x_flash.o(.text)
    FLASH_PrefetchBufferCmd                  0x080042cd   Thumb Code    22  stm32f10x_flash.o(.text)
    FLASH_Unlock                             0x080042e3   Thumb Code    12  stm32f10x_flash.o(.text)
    FLASH_UnlockBank1                        0x080042ef   Thumb Code    12  stm32f10x_flash.o(.text)
    FLASH_Lock                               0x080042fb   Thumb Code    14  stm32f10x_flash.o(.text)
    FLASH_LockBank1                          0x08004309   Thumb Code    14  stm32f10x_flash.o(.text)
    FLASH_GetBank1Status                     0x08004317   Thumb Code    48  stm32f10x_flash.o(.text)
    FLASH_WaitForLastOperation               0x08004347   Thumb Code    38  stm32f10x_flash.o(.text)
    FLASH_ErasePage                          0x0800436d   Thumb Code    72  stm32f10x_flash.o(.text)
    FLASH_EraseAllPages                      0x080043b5   Thumb Code    68  stm32f10x_flash.o(.text)
    FLASH_WaitForLastBank1Operation          0x080043f9   Thumb Code    38  stm32f10x_flash.o(.text)
    FLASH_EraseAllBank1Pages                 0x0800441f   Thumb Code    68  stm32f10x_flash.o(.text)
    FLASH_GetReadOutProtectionStatus         0x08004463   Thumb Code    20  stm32f10x_flash.o(.text)
    FLASH_EraseOptionBytes                   0x08004477   Thumb Code   150  stm32f10x_flash.o(.text)
    FLASH_ProgramWord                        0x0800450d   Thumb Code   102  stm32f10x_flash.o(.text)
    FLASH_ProgramHalfWord                    0x08004573   Thumb Code    60  stm32f10x_flash.o(.text)
    FLASH_ProgramOptionByteData              0x080045af   Thumb Code    72  stm32f10x_flash.o(.text)
    FLASH_EnableWriteProtection              0x080045f7   Thumb Code   200  stm32f10x_flash.o(.text)
    FLASH_ReadOutProtection                  0x080046bf   Thumb Code   156  stm32f10x_flash.o(.text)
    FLASH_UserOptionByteConfig               0x0800475b   Thumb Code    88  stm32f10x_flash.o(.text)
    FLASH_GetUserOptionByte                  0x080047b3   Thumb Code     8  stm32f10x_flash.o(.text)
    FLASH_GetWriteProtectionOptionByte       0x080047bb   Thumb Code     6  stm32f10x_flash.o(.text)
    FLASH_GetPrefetchBufferStatus            0x080047c1   Thumb Code    20  stm32f10x_flash.o(.text)
    FLASH_ITConfig                           0x080047d5   Thumb Code    26  stm32f10x_flash.o(.text)
    FLASH_GetFlagStatus                      0x080047ef   Thumb Code    42  stm32f10x_flash.o(.text)
    FLASH_ClearFlag                          0x08004819   Thumb Code     6  stm32f10x_flash.o(.text)
    FLASH_GetStatus                          0x0800481f   Thumb Code    48  stm32f10x_flash.o(.text)
    vListInitialise                          0x08004861   Thumb Code    26  list.o(.text)
    vListInitialiseItem                      0x0800487b   Thumb Code     6  list.o(.text)
    vListInsertEnd                           0x08004881   Thumb Code    24  list.o(.text)
    vListInsert                              0x08004899   Thumb Code    52  list.o(.text)
    uxListRemove                             0x080048cd   Thumb Code    40  list.o(.text)
    xQueueGenericReset                       0x080048f5   Thumb Code   122  queue.o(.text)
    xQueueGenericCreate                      0x08004999   Thumb Code    56  queue.o(.text)
    xQueueGenericSend                        0x08004ae9   Thumb Code   276  queue.o(.text)
    xQueueCreateMutex                        0x08004c19   Thumb Code    34  queue.o(.text)
    xQueueGenericSendFromISR                 0x08004c3b   Thumb Code   134  queue.o(.text)
    xQueueGiveFromISR                        0x08004cc1   Thumb Code   124  queue.o(.text)
    xQueueGenericReceive                     0x08004d81   Thumb Code   342  queue.o(.text)
    xQueueReceiveFromISR                     0x08004ed7   Thumb Code   130  queue.o(.text)
    xQueuePeekFromISR                        0x08004f59   Thumb Code    74  queue.o(.text)
    uxQueueMessagesWaiting                   0x08004fa3   Thumb Code    18  queue.o(.text)
    uxQueueSpacesAvailable                   0x08004fb5   Thumb Code    24  queue.o(.text)
    uxQueueMessagesWaitingFromISR            0x08004fcd   Thumb Code     6  queue.o(.text)
    vQueueDelete                             0x08004fd3   Thumb Code    14  queue.o(.text)
    uxQueueGetQueueNumber                    0x08004fe1   Thumb Code     6  queue.o(.text)
    vQueueSetQueueNumber                     0x08004fe7   Thumb Code     4  queue.o(.text)
    ucQueueGetQueueType                      0x08004feb   Thumb Code     8  queue.o(.text)
    xQueueIsQueueEmptyFromISR                0x08004ff3   Thumb Code    14  queue.o(.text)
    xQueueIsQueueFullFromISR                 0x08005001   Thumb Code    18  queue.o(.text)
    xTaskCreate                              0x08005195   Thumb Code    92  tasks.o(.text)
    vTaskDelete                              0x0800522d   Thumb Code   176  tasks.o(.text)
    xTaskIncrementTick                       0x080052dd   Thumb Code   238  tasks.o(.text)
    xTaskResumeAll                           0x080053cb   Thumb Code   284  tasks.o(.text)
    vTaskSuspendAll                          0x08005563   Thumb Code    12  tasks.o(.text)
    vTaskDelayUntil                          0x0800556f   Thumb Code   106  tasks.o(.text)
    vTaskDelay                               0x080055d9   Thumb Code    46  tasks.o(.text)
    eTaskGetState                            0x08005607   Thumb Code    88  tasks.o(.text)
    uxTaskPriorityGet                        0x0800565f   Thumb Code    30  tasks.o(.text)
    uxTaskPriorityGetFromISR                 0x0800567d   Thumb Code    52  tasks.o(.text)
    vTaskPrioritySet                         0x080056b1   Thumb Code   226  tasks.o(.text)
    vTaskSwitchContext                       0x08005793   Thumb Code    76  tasks.o(.text)
    vTaskSuspend                             0x080057df   Thumb Code   220  tasks.o(.text)
    vTaskResume                              0x080058f3   Thumb Code   104  tasks.o(.text)
    xTaskResumeFromISR                       0x0800595b   Thumb Code   130  tasks.o(.text)
    vTaskStartScheduler                      0x08005a53   Thumb Code    74  tasks.o(.text)
    vTaskEndScheduler                        0x08005a9d   Thumb Code    32  tasks.o(.text)
    xTaskGetTickCount                        0x08005abd   Thumb Code     6  tasks.o(.text)
    xTaskGetTickCountFromISR                 0x08005ac3   Thumb Code     8  tasks.o(.text)
    uxTaskGetNumberOfTasks                   0x08005acb   Thumb Code     6  tasks.o(.text)
    pcTaskGetName                            0x08005ad1   Thumb Code    20  tasks.o(.text)
    vTaskGetTaskInfo                         0x08005afb   Thumb Code   114  tasks.o(.text)
    uxTaskGetSystemState                     0x08005bd7   Thumb Code   152  tasks.o(.text)
    vTaskPlaceOnEventList                    0x08005c6f   Thumb Code   106  tasks.o(.text)
    vTaskPlaceOnUnorderedEventList           0x08005cd9   Thumb Code    40  tasks.o(.text)
    xTaskRemoveFromEventList                 0x08005d01   Thumb Code   104  tasks.o(.text)
    xTaskRemoveFromUnorderedEventList        0x08005d69   Thumb Code    94  tasks.o(.text)
    vTaskSetTimeOutState                     0x08005dc7   Thumb Code    14  tasks.o(.text)
    xTaskCheckForTimeOut                     0x08005dd5   Thumb Code    84  tasks.o(.text)
    vTaskMissedYield                         0x08005e29   Thumb Code     8  tasks.o(.text)
    uxTaskGetTaskNumber                      0x08005e31   Thumb Code    14  tasks.o(.text)
    vTaskSetTaskNumber                       0x08005e3f   Thumb Code     8  tasks.o(.text)
    uxTaskGetStackHighWaterMark              0x08005e47   Thumb Code    34  tasks.o(.text)
    xTaskGetCurrentTaskHandle                0x08005e69   Thumb Code     6  tasks.o(.text)
    vTaskPriorityInherit                     0x08005e6f   Thumb Code   164  tasks.o(.text)
    xTaskPriorityDisinherit                  0x08005f13   Thumb Code   122  tasks.o(.text)
    uxTaskResetEventItemValue                0x08005f8d   Thumb Code    24  tasks.o(.text)
    pvTaskIncrementMutexHeldCount            0x08005fa5   Thumb Code    26  tasks.o(.text)
    ulTaskNotifyTake                         0x08005fbf   Thumb Code   108  tasks.o(.text)
    xTaskNotifyWait                          0x0800602b   Thumb Code   186  tasks.o(.text)
    xTaskGenericNotify                       0x080060e5   Thumb Code   178  tasks.o(.text)
    xTaskGenericNotifyFromISR                0x08006197   Thumb Code   228  tasks.o(.text)
    vTaskNotifyGiveFromISR                   0x0800627b   Thumb Code   154  tasks.o(.text)
    xTaskNotifyStateClear                    0x08006315   Thumb Code    48  tasks.o(.text)
    pxPortInitialiseStack                    0x08006377   Thumb Code    26  port.o(.text)
    vPortSetupTimerInterrupt                 0x08006391   Thumb Code    14  port.o(.text)
    xPortStartScheduler                      0x0800639f   Thumb Code    42  port.o(.text)
    vPortEndScheduler                        0x080063c9   Thumb Code     2  port.o(.text)
    vPortEnterCritical                       0x080063cb   Thumb Code    30  port.o(.text)
    vPortExitCritical                        0x080063e9   Thumb Code    28  port.o(.text)
    xPortSysTickHandler                      0x08006405   Thumb Code    48  port.o(.text)
    pvPortMalloc                             0x0800646f   Thumb Code   166  heap_2.o(.text)
    vPortFree                                0x08006515   Thumb Code    56  heap_2.o(.text)
    xPortGetFreeHeapSize                     0x0800654d   Thumb Code     6  heap_2.o(.text)
    vPortInitialiseBlocks                    0x08006553   Thumb Code     2  heap_2.o(.text)
    __aeabi_memcpy                           0x08006569   Thumb Code    36  memcpya.o(.text)
    __aeabi_memcpy4                          0x08006569   Thumb Code     0  memcpya.o(.text)
    __aeabi_memcpy8                          0x08006569   Thumb Code     0  memcpya.o(.text)
    __aeabi_memset                           0x0800658d   Thumb Code    14  memseta.o(.text)
    __aeabi_memset4                          0x0800658d   Thumb Code     0  memseta.o(.text)
    __aeabi_memset8                          0x0800658d   Thumb Code     0  memseta.o(.text)
    __aeabi_memclr                           0x0800659b   Thumb Code     4  memseta.o(.text)
    __aeabi_memclr4                          0x0800659b   Thumb Code     0  memseta.o(.text)
    __aeabi_memclr8                          0x0800659b   Thumb Code     0  memseta.o(.text)
    _memset$wrapper                          0x0800659f   Thumb Code    18  memseta.o(.text)
    strcat                                   0x080065b1   Thumb Code    24  strcat.o(.text)
    strlen                                   0x080065c9   Thumb Code    14  strlen.o(.text)
    strcmp                                   0x080065d7   Thumb Code    28  strcmp.o(.text)
    strcpy                                   0x080065f3   Thumb Code    18  strcpy.o(.text)
    strncmp                                  0x08006605   Thumb Code    30  strncmp.o(.text)
    atoi                                     0x08006623   Thumb Code    26  atoi.o(.text)
    __aeabi_fadd                             0x0800663d   Thumb Code   164  fadd.o(.text)
    __aeabi_fsub                             0x080066e1   Thumb Code     6  fadd.o(.text)
    __aeabi_frsub                            0x080066e7   Thumb Code     6  fadd.o(.text)
    __aeabi_fmul                             0x080066ed   Thumb Code   100  fmul.o(.text)
    __aeabi_dadd                             0x08006751   Thumb Code   322  dadd.o(.text)
    __aeabi_dsub                             0x08006893   Thumb Code     6  dadd.o(.text)
    __aeabi_drsub                            0x08006899   Thumb Code     6  dadd.o(.text)
    __aeabi_ddiv                             0x0800689f   Thumb Code   222  ddiv.o(.text)
    __aeabi_ui2f                             0x0800697d   Thumb Code    10  ffltui.o(.text)
    __aeabi_f2uiz                            0x08006987   Thumb Code    40  ffixui.o(.text)
    __aeabi_f2d                              0x080069af   Thumb Code    38  f2d.o(.text)
    __aeabi_d2f                              0x080069d5   Thumb Code    56  d2f.o(.text)
    __aeabi_uidiv                            0x08006a0d   Thumb Code     0  uidiv.o(.text)
    __aeabi_uidivmod                         0x08006a0d   Thumb Code    44  uidiv.o(.text)
    __aeabi_uldivmod                         0x08006a39   Thumb Code    98  uldiv.o(.text)
    __aeabi_llsl                             0x08006a9b   Thumb Code    30  llshl.o(.text)
    _ll_shift_l                              0x08006a9b   Thumb Code     0  llshl.o(.text)
    __aeabi_lasr                             0x08006ab9   Thumb Code    36  llsshr.o(.text)
    _ll_sshift_r                             0x08006ab9   Thumb Code     0  llsshr.o(.text)
    strtol                                   0x08006add   Thumb Code   112  strtol.o(.text)
    __I$use$fp                               0x08006b4d   Thumb Code     0  iusefp.o(.text)
    _float_round                             0x08006b4d   Thumb Code    18  fepilogue.o(.text)
    _float_epilogue                          0x08006b5f   Thumb Code    92  fepilogue.o(.text)
    _double_round                            0x08006bbb   Thumb Code    26  depilogue.o(.text)
    _double_epilogue                         0x08006bd5   Thumb Code   156  depilogue.o(.text)
    __aeabi_dmul                             0x08006c71   Thumb Code   228  dmul.o(.text)
    __aeabi_d2ulz                            0x08006d55   Thumb Code    48  dfixul.o(.text)
    __aeabi_cdrcmple                         0x08006d85   Thumb Code    38  cdrcmple.o(.text)
    __scatterload                            0x08006dad   Thumb Code    28  init.o(.text)
    __scatterload_rt2                        0x08006dad   Thumb Code     0  init.o(.text)
    __aeabi_llsr                             0x08006dd1   Thumb Code    32  llushr.o(.text)
    _ll_ushift_r                             0x08006dd1   Thumb Code     0  llushr.o(.text)
    __rt_ctype_table                         0x08006df1   Thumb Code     4  ctype_o.o(.text)
    _strtoul                                 0x08006df9   Thumb Code   158  _strtoul.o(.text)
    _chval                                   0x08006e97   Thumb Code    28  _chval.o(.text)
    __0sprintf                               0x08006eb5   Thumb Code    34  printfa.o(i.__0sprintf)
    __1sprintf                               0x08006eb5   Thumb Code     0  printfa.o(i.__0sprintf)
    __2sprintf                               0x08006eb5   Thumb Code     0  printfa.o(i.__0sprintf)
    __c89sprintf                             0x08006eb5   Thumb Code     0  printfa.o(i.__0sprintf)
    sprintf                                  0x08006eb5   Thumb Code     0  printfa.o(i.__0sprintf)
    __0vsprintf                              0x08006edd   Thumb Code    30  printfa.o(i.__0vsprintf)
    __1vsprintf                              0x08006edd   Thumb Code     0  printfa.o(i.__0vsprintf)
    __2vsprintf                              0x08006edd   Thumb Code     0  printfa.o(i.__0vsprintf)
    __c89vsprintf                            0x08006edd   Thumb Code     0  printfa.o(i.__0vsprintf)
    vsprintf                                 0x08006edd   Thumb Code     0  printfa.o(i.__0vsprintf)
    __aeabi_errno_addr                       0x08006f01   Thumb Code     4  errno.o(i.__aeabi_errno_addr)
    __rt_errno_addr                          0x08006f01   Thumb Code     0  errno.o(i.__aeabi_errno_addr)
    __scatterload_copy                       0x08006f09   Thumb Code    14  handlers.o(i.__scatterload_copy)
    __scatterload_null                       0x08006f17   Thumb Code     2  handlers.o(i.__scatterload_null)
    __scatterload_zeroinit                   0x08006f19   Thumb Code    14  handlers.o(i.__scatterload_zeroinit)
    bsp_74hc595_set_DATA                     0x080077c5   Thumb Code    22  app_display.o(i.bsp_74hc595_set_DATA)
    bsp_74hc595_set_OE                       0x080077e1   Thumb Code    20  app_display.o(i.bsp_74hc595_set_OE)
    bsp_74hc595_set_SH_CP                    0x080077f9   Thumb Code    22  app_display.o(i.bsp_74hc595_set_SH_CP)
    bsp_74hc595_set_ST_CP                    0x08007815   Thumb Code    22  app_display.o(i.bsp_74hc595_set_ST_CP)
    bsp_set_hv_state                         0x08007831   Thumb Code    22  app_cli.o(i.bsp_set_hv_state)
    __ctype_table                            0x08007968   Data         129  ctype_o.o(.constdata)
    Region$$Table$$Base                      0x08007d6c   Number         0  anon$$obj.o(Region$$Table)
    Region$$Table$$Limit                     0x08007d8c   Number         0  anon$$obj.o(Region$$Table)
    hum                                      0x2000001c   Data           4  app_sht10.o(.data)
    temp                                     0x20000020   Data           4  app_sht10.o(.data)
    pxCurrentTCB                             0x20000090   Data           4  tasks.o(.data)
    __initial_sp                             0x20004d68   Data           0  cstartup.o(STACK)



==============================================================================

Memory Map of the image

  Image Entry point : 0x080000ed

  Load Region LR_IROM1 (Base: 0x08000000, Size: 0x00007e78, Max: 0x00040000, ABSOLUTE)

    Execution Region ER_IROM1 (Base: 0x08000000, Size: 0x00007d8c, Max: 0x00040000, ABSOLUTE)

    Base Addr    Size         Type   Attr      Idx    E Section Name        Object

    0x08000000   0x000000ec   Data   RO          715    RESET               cstartup.o
    0x080000ec   0x00000000   Code   RO         1958  * .ARM.Collect$$$$00000000  mc_w.l(entry.o)
    0x080000ec   0x00000004   Code   RO         2256    .ARM.Collect$$$$00000001  mc_w.l(entry2.o)
    0x080000f0   0x00000004   Code   RO         2259    .ARM.Collect$$$$00000004  mc_w.l(entry5.o)
    0x080000f4   0x00000000   Code   RO         2261    .ARM.Collect$$$$00000008  mc_w.l(entry7b.o)
    0x080000f4   0x00000000   Code   RO         2263    .ARM.Collect$$$$0000000A  mc_w.l(entry8b.o)
    0x080000f4   0x00000008   Code   RO         2264    .ARM.Collect$$$$0000000B  mc_w.l(entry9a.o)
    0x080000fc   0x00000000   Code   RO         2266    .ARM.Collect$$$$0000000D  mc_w.l(entry10a.o)
    0x080000fc   0x00000000   Code   RO         2268    .ARM.Collect$$$$0000000F  mc_w.l(entry11a.o)
    0x080000fc   0x00000004   Code   RO         2257    .ARM.Collect$$$$00002712  mc_w.l(entry2.o)
    0x08000100   0x00000096   Code   RO         1000    .emb_text           port.o
    0x08000196   0x00000002   PAD
    0x08000198   0x00000148   Code   RO            3    .text               main.o
    0x080002e0   0x0000006c   Code   RO          209    .text               app_led.o
    0x0800034c   0x0000026c   Code   RO          323    .text               app_serial.o
    0x080005b8   0x000002d0   Code   RO          370    .text               app_display.o
    0x08000888   0x00000254   Code   RO          432    .text               app_sht10.o
    0x08000adc   0x000006c8   Code   RO          471    .text               app_ds3231.o
    0x080011a4   0x0000005c   Code   RO          497    .text               app_buz.o
    0x08001200   0x00000700   Code   RO          522    .text               app_cli.o
    0x08001900   0x00000026   Code   RO          578    .text               hal_cli.o
    0x08001926   0x00000002   PAD
    0x08001928   0x000003cc   Code   RO          599    .text               mid_cli.o
    0x08001cf4   0x00000120   Code   RO          625    .text               app_data.o
    0x08001e14   0x0000029c   Code   RO          650    .text               bsp.o
    0x080020b0   0x000006bc   Code   RO          693    .text               i2c_bus.o
    0x0800276c   0x0000001c   Code   RO          716    .text               cstartup.o
    0x08002788   0x0000035c   Code   RO          722    .text               stm32f10x_gpio.o
    0x08002ae4   0x000003a4   Code   RO          742    .text               stm32f10x_rcc.o
    0x08002e88   0x000000dc   Code   RO          790    .text               misc.o
    0x08002f64   0x00000408   Code   RO          810    .text               stm32f10x_usart.o
    0x0800336c   0x0000011c   Code   RO          830    .text               stm32f10x_exti.o
    0x08003488   0x00000e1a   Code   RO          850    .text               stm32f10x_tim.o
    0x080042a2   0x00000002   PAD
    0x080042a4   0x000005bc   Code   RO          870    .text               stm32f10x_flash.o
    0x08004860   0x00000094   Code   RO          936    .text               list.o
    0x080048f4   0x00000724   Code   RO          948    .text               queue.o
    0x08005018   0x00001348   Code   RO          963    .text               tasks.o
    0x08006360   0x000000e4   Code   RO         1001    .text               port.o
    0x08006444   0x00000124   Code   RO         1030    .text               heap_2.o
    0x08006568   0x00000024   Code   RO         1961    .text               mc_w.l(memcpya.o)
    0x0800658c   0x00000024   Code   RO         1963    .text               mc_w.l(memseta.o)
    0x080065b0   0x00000018   Code   RO         1965    .text               mc_w.l(strcat.o)
    0x080065c8   0x0000000e   Code   RO         1967    .text               mc_w.l(strlen.o)
    0x080065d6   0x0000001c   Code   RO         1969    .text               mc_w.l(strcmp.o)
    0x080065f2   0x00000012   Code   RO         1971    .text               mc_w.l(strcpy.o)
    0x08006604   0x0000001e   Code   RO         1973    .text               mc_w.l(strncmp.o)
    0x08006622   0x0000001a   Code   RO         2238    .text               mc_w.l(atoi.o)
    0x0800663c   0x000000b0   Code   RO         2240    .text               mf_w.l(fadd.o)
    0x080066ec   0x00000064   Code   RO         2242    .text               mf_w.l(fmul.o)
    0x08006750   0x0000014e   Code   RO         2244    .text               mf_w.l(dadd.o)
    0x0800689e   0x000000de   Code   RO         2246    .text               mf_w.l(ddiv.o)
    0x0800697c   0x0000000a   Code   RO         2248    .text               mf_w.l(ffltui.o)
    0x08006986   0x00000028   Code   RO         2250    .text               mf_w.l(ffixui.o)
    0x080069ae   0x00000026   Code   RO         2252    .text               mf_w.l(f2d.o)
    0x080069d4   0x00000038   Code   RO         2254    .text               mf_w.l(d2f.o)
    0x08006a0c   0x0000002c   Code   RO         2273    .text               mc_w.l(uidiv.o)
    0x08006a38   0x00000062   Code   RO         2275    .text               mc_w.l(uldiv.o)
    0x08006a9a   0x0000001e   Code   RO         2277    .text               mc_w.l(llshl.o)
    0x08006ab8   0x00000024   Code   RO         2279    .text               mc_w.l(llsshr.o)
    0x08006adc   0x00000070   Code   RO         2288    .text               mc_w.l(strtol.o)
    0x08006b4c   0x00000000   Code   RO         2290    .text               mc_w.l(iusefp.o)
    0x08006b4c   0x0000006e   Code   RO         2291    .text               mf_w.l(fepilogue.o)
    0x08006bba   0x000000b6   Code   RO         2293    .text               mf_w.l(depilogue.o)
    0x08006c70   0x000000e4   Code   RO         2295    .text               mf_w.l(dmul.o)
    0x08006d54   0x00000030   Code   RO         2297    .text               mf_w.l(dfixul.o)
    0x08006d84   0x00000028   Code   RO         2299    .text               mf_w.l(cdrcmple.o)
    0x08006dac   0x00000024   Code   RO         2301    .text               mc_w.l(init.o)
    0x08006dd0   0x00000020   Code   RO         2304    .text               mc_w.l(llushr.o)
    0x08006df0   0x00000008   Code   RO         2306    .text               mc_w.l(ctype_o.o)
    0x08006df8   0x0000009e   Code   RO         2334    .text               mc_w.l(_strtoul.o)
    0x08006e96   0x0000001c   Code   RO         2337    .text               mc_w.l(_chval.o)
    0x08006eb2   0x00000002   PAD
    0x08006eb4   0x00000028   Code   RO         2212    i.__0sprintf        mc_w.l(printfa.o)
    0x08006edc   0x00000024   Code   RO         2216    i.__0vsprintf       mc_w.l(printfa.o)
    0x08006f00   0x00000008   Code   RO         2281    i.__aeabi_errno_addr  mc_w.l(errno.o)
    0x08006f08   0x0000000e   Code   RO         2341    i.__scatterload_copy  mc_w.l(handlers.o)
    0x08006f16   0x00000002   Code   RO         2342    i.__scatterload_null  mc_w.l(handlers.o)
    0x08006f18   0x0000000e   Code   RO         2343    i.__scatterload_zeroinit  mc_w.l(handlers.o)
    0x08006f26   0x00000002   PAD
    0x08006f28   0x00000164   Code   RO         2217    i._fp_digits        mc_w.l(printfa.o)
    0x0800708c   0x000006dc   Code   RO         2218    i._printf_core      mc_w.l(printfa.o)
    0x08007768   0x00000024   Code   RO         2219    i._printf_post_padding  mc_w.l(printfa.o)
    0x0800778c   0x0000002e   Code   RO         2220    i._printf_pre_padding  mc_w.l(printfa.o)
    0x080077ba   0x0000000a   Code   RO         2222    i._sputc            mc_w.l(printfa.o)
    0x080077c4   0x0000001c   Code   RO          403    i.bsp_74hc595_set_DATA  app_display.o
    0x080077e0   0x00000018   Code   RO          388    i.bsp_74hc595_set_OE  app_display.o
    0x080077f8   0x0000001c   Code   RO          398    i.bsp_74hc595_set_SH_CP  app_display.o
    0x08007814   0x0000001c   Code   RO          393    i.bsp_74hc595_set_ST_CP  app_display.o
    0x08007830   0x0000001c   Code   RO          541    i.bsp_set_hv_state  app_cli.o
    0x0800784c   0x00000006   Data   RO          210    .constdata          app_led.o
    0x08007852   0x00000002   PAD
    0x08007854   0x00000008   Data   RO          371    .constdata          app_display.o
    0x0800785c   0x0000000c   Data   RO          472    .constdata          app_ds3231.o
    0x08007868   0x000000a0   Data   RO          523    .constdata          app_cli.o
    0x08007908   0x00000060   Data   RO          601    .constdata          mid_cli.o
    0x08007968   0x00000081   Data   RO         2307    .constdata          mc_w.l(ctype_o.o)
    0x080079e9   0x00000003   PAD
    0x080079ec   0x00000004   Data   RO         2308    .constdata          mc_w.l(ctype_o.o)
    0x080079f0   0x00000313   Data   RO          524    .conststring        app_cli.o
    0x08007d03   0x00000001   PAD
    0x08007d04   0x00000065   Data   RO          602    .conststring        mid_cli.o
    0x08007d69   0x00000003   PAD
    0x08007d6c   0x00000020   Data   RO         2339    Region$$Table       anon$$obj.o


    Execution Region RW_IRAM1 (Base: 0x20000000, Size: 0x00004d68, Max: 0x0000c000, ABSOLUTE)

    Base Addr    Size         Type   Attr      Idx    E Section Name        Object

    0x20000000   0x00000010   Data   RW          324    .data               app_serial.o
    0x20000010   0x0000000a   Data   RW          372    .data               app_display.o
    0x2000001a   0x00000002   PAD
    0x2000001c   0x0000000f   Data   RW          433    .data               app_sht10.o
    0x2000002b   0x00000001   PAD
    0x2000002c   0x00000008   Data   RW          473    .data               app_ds3231.o
    0x20000034   0x00000002   Data   RW          498    .data               app_buz.o
    0x20000036   0x00000002   PAD
    0x20000038   0x0000001c   Data   RW          525    .data               app_cli.o
    0x20000054   0x00000020   Data   RW          603    .data               mid_cli.o
    0x20000074   0x00000008   Data   RW          626    .data               app_data.o
    0x2000007c   0x00000014   Data   RW          743    .data               stm32f10x_rcc.o
    0x20000090   0x0000003c   Data   RW          965    .data               tasks.o
    0x200000cc   0x00000004   Data   RW         1002    .data               port.o
    0x200000d0   0x00000018   Data   RW         1032    .data               heap_2.o
    0x200000e8   0x00000004   Data   RW         2284    .data               mc_w.l(errno.o)
    0x200000ec   0x00000030   Zero   RW            4    .bss                main.o
    0x2000011c   0x000002f0   Zero   RW          600    .bss                mid_cli.o
    0x2000040c   0x00000030   Zero   RW          694    .bss                i2c_bus.o
    0x2000043c   0x0000012c   Zero   RW          964    .bss                tasks.o
    0x20000568   0x00004400   Zero   RW         1031    .bss                heap_2.o
    0x20004968   0x00000400   Zero   RW          713    STACK               cstartup.o


==============================================================================

Image component sizes


      Code (inc. data)   RO Data    RW Data    ZI Data      Debug   Object Name

        92         12          0          2          0      21355   app_buz.o
      1820        610        947         28          0      30268   app_cli.o
       288         14          0          8          0       8599   app_data.o
       828         56          8         10          0       7815   app_display.o
      1736         24         12          8          0       7377   app_ds3231.o
       108          8          6          0          0        698   app_led.o
       620         30          0         16          0       9050   app_serial.o
       596         50          0         15          0       3251   app_sht10.o
       668         22          0          0          0       1839   bsp.o
        28          4        236          0       1024        776   cstartup.o
         0          0          0          0          0       9500   event_groups.o
        38          0          0          0          0        782   hal_cli.o
       292         20          0         24      17408       3104   heap_2.o
      1724         18          0          0         48       4913   i2c_bus.o
       148          0          0          0          0       1790   list.o
       328        128          0          0         48     243488   main.o
       972         96        197         32        752       5390   mid_cli.o
       220         22          0          0          0       1733   misc.o
       378         28          0          4          0       6936   port.o
      1828         10          0          0          0      11179   queue.o
       284         10          0          0          0       2167   stm32f10x_exti.o
      1468         34          0          0          0       7962   stm32f10x_flash.o
       860         38          0          0          0       5573   stm32f10x_gpio.o
       932         36          0         20          0       8724   stm32f10x_rcc.o
      3610         88          0          0          0      22064   stm32f10x_tim.o
      1032         22          0          0          0       8304   stm32f10x_usart.o
      4936        300          0         60        300      29847   tasks.o

    ----------------------------------------------------------------------
     25840       1680       1444        232      19580     464484   Object Totals
         0          0         32          0          0          0   (incl. Generated)
         6          0          6          5          0          0   (incl. Padding)

    ----------------------------------------------------------------------

      Code (inc. data)   RO Data    RW Data    ZI Data      Debug   Library Member Name

        28          0          0          0          0         68   _chval.o
       158          0          0          0          0         92   _strtoul.o
        26          0          0          0          0         80   atoi.o
         8          4        133          0          0         68   ctype_o.o
         0          0          0          0          0          0   entry.o
         0          0          0          0          0          0   entry10a.o
         0          0          0          0          0          0   entry11a.o
         8          4          0          0          0          0   entry2.o
         4          0          0          0          0          0   entry5.o
         0          0          0          0          0          0   entry7b.o
         0          0          0          0          0          0   entry8b.o
         8          4          0          0          0          0   entry9a.o
         8          4          0          4          0         68   errno.o
        30          0          0          0          0          0   handlers.o
        36          8          0          0          0         68   init.o
         0          0          0          0          0          0   iusefp.o
        30          0          0          0          0         68   llshl.o
        36          0          0          0          0         68   llsshr.o
        32          0          0          0          0         68   llushr.o
        36          0          0          0          0         68   memcpya.o
        36          0          0          0          0        108   memseta.o
      2280         92          0          0          0        592   printfa.o
        24          0          0          0          0         68   strcat.o
        28          0          0          0          0         76   strcmp.o
        18          0          0          0          0         68   strcpy.o
        14          0          0          0          0         68   strlen.o
        30          0          0          0          0         80   strncmp.o
       112          0          0          0          0         88   strtol.o
        44          0          0          0          0         80   uidiv.o
        98          0          0          0          0         92   uldiv.o
        40          2          0          0          0         68   cdrcmple.o
        56          0          0          0          0         88   d2f.o
       334          0          0          0          0        148   dadd.o
       222          0          0          0          0        100   ddiv.o
       182          0          0          0          0        176   depilogue.o
        48          0          0          0          0         68   dfixul.o
       228          0          0          0          0         96   dmul.o
        38          0          0          0          0         68   f2d.o
       176          0          0          0          0        140   fadd.o
       110          0          0          0          0        168   fepilogue.o
        40          0          0          0          0         68   ffixui.o
        10          0          0          0          0         68   ffltui.o
       100          0          0          0          0         76   fmul.o

    ----------------------------------------------------------------------
      4720        118        136          4          0       3368   Library Totals
         4          0          3          0          0          0   (incl. Padding)

    ----------------------------------------------------------------------

      Code (inc. data)   RO Data    RW Data    ZI Data      Debug   Library Name

      3132        116        133          4          0       2036   mc_w.l
      1584          2          0          0          0       1332   mf_w.l

    ----------------------------------------------------------------------
      4720        118        136          4          0       3368   Library Totals

    ----------------------------------------------------------------------

==============================================================================


      Code (inc. data)   RO Data    RW Data    ZI Data      Debug   

     30560       1798       1580        236      19580     463064   Grand Totals
     30560       1798       1580        236      19580     463064   ELF Image Totals
     30560       1798       1580        236          0          0   ROM Totals

==============================================================================

    Total RO  Size (Code + RO Data)                32140 (  31.39kB)
    Total RW  Size (RW Data + ZI Data)             19816 (  19.35kB)
    Total ROM Size (Code + RO Data + RW Data)      32376 (  31.62kB)

==============================================================================

