Product: MDK-ARM Standard 5.10
Component: ARM Compiler 5.04 update 1 (build 49)
Tool: armlink [5040049]

==============================================================================

Section Cross References

    main.o(.text) refers to system_stm32f10x.o(.text) for SystemInit
    main.o(.text) refers to app_led.o(.text) for BSP_LED_Init
    main.o(.text) refers to lwipentry.o(.text) for vlwIPInit
    main.o(.text) refers to netconfig.o(.text) for LwIP_Init
    main.o(.text) refers to tasks.o(.text) for xTaskCreate
    app_led.o(.text) refers to stm32f10x_rcc.o(.text) for RCC_APB2PeriphClockCmd
    app_led.o(.text) refers to stm32f10x_gpio.o(.text) for GPIO_Init
    app_led.o(.text) refers to tasks.o(.text) for vTaskDelay
    netconfig.o(.text) refers to pbuf.o(.text) for pbuf_alloc
    netconfig.o(.text) refers to udp.o(.text) for udp_sendto
    netconfig.o(.text) refers to ethernetif.o(.text) for ethernetif_input
    netconfig.o(.text) refers to tcp.o(.text) for tcp_tmr
    netconfig.o(.text) refers to dns.o(.text) for dns_tmr
    netconfig.o(.text) refers to etharp.o(.text) for etharp_tmr
    netconfig.o(.text) refers to inet.o(.text) for htonl
    netconfig.o(.text) refers to netif.o(.text) for netif_add
    netconfig.o(.text) refers to netconfig.o(.data) for global_udppcb
    netconfig.o(.text) refers to ip_addr.o(.constdata) for ip_addr_any
    netconfig.o(.text) refers to netconfig.o(.bss) for DM9000AEP
    netconfig.o(.text) refers to clock-arch.o(.data) for sys_ticks
    clock-arch.o(.text) refers to clock-arch.o(.data) for sys_ticks
    dm9000x.o(.text) refers to stm32f10x_rcc.o(.text) for RCC_APB2PeriphClockCmd
    dm9000x.o(.text) refers to stm32f10x_gpio.o(.text) for GPIO_PinRemapConfig
    dm9000x.o(.text) refers to netconfig.o(.data) for m_mac
    cstartup.o(STACK) refers (Special) to heapauxi.o(.text) for __use_two_region_memory
    cstartup.o(HEAP) refers (Special) to heapauxi.o(.text) for __use_two_region_memory
    cstartup.o(RESET) refers (Special) to heapauxi.o(.text) for __use_two_region_memory
    cstartup.o(RESET) refers to cstartup.o(STACK) for __initial_sp
    cstartup.o(RESET) refers to cstartup.o(.text) for Reset_Handler
    cstartup.o(RESET) refers to port.o(.emb_text) for vPortSVCHandler
    cstartup.o(RESET) refers to port.o(.text) for xPortSysTickHandler
    cstartup.o(.text) refers (Special) to heapauxi.o(.text) for __use_two_region_memory
    cstartup.o(.text) refers to __main.o(!!!main) for __main
    cstartup.o(.text) refers to cstartup.o(HEAP) for Heap_Mem
    cstartup.o(.text) refers to cstartup.o(STACK) for Stack_Mem
    stm32f10x_gpio.o(.text) refers to stm32f10x_rcc.o(.text) for RCC_APB2PeriphResetCmd
    stm32f10x_rcc.o(.text) refers to stm32f10x_rcc.o(.data) for APBAHBPrescTable
    system_stm32f10x.o(.text) refers to system_stm32f10x.o(.data) for SystemCoreClock
    event_groups.o(.text) refers to heap_2.o(.text) for pvPortMalloc
    event_groups.o(.text) refers to list.o(.text) for vListInitialise
    event_groups.o(.text) refers to tasks.o(.text) for vTaskSuspendAll
    event_groups.o(.text) refers to port.o(.text) for vPortEnterCritical
    queue.o(.text) refers to port.o(.text) for vPortEnterCritical
    queue.o(.text) refers to tasks.o(.text) for xTaskRemoveFromEventList
    queue.o(.text) refers to list.o(.text) for vListInitialise
    queue.o(.text) refers to heap_2.o(.text) for pvPortMalloc
    queue.o(.text) refers to rt_memcpy_v6.o(.text) for __aeabi_memcpy
    tasks.o(.text) refers to list.o(.text) for vListInitialise
    tasks.o(.text) refers to port.o(.text) for vPortEnterCritical
    tasks.o(.text) refers to aeabi_memset.o(.text) for __aeabi_memset
    tasks.o(.text) refers to heap_2.o(.text) for pvPortMalloc
    tasks.o(.text) refers to tasks.o(.bss) for pxReadyTasksLists
    tasks.o(.text) refers to tasks.o(.data) for pxDelayedTaskList
    port.o(.emb_text) refers to tasks.o(.text) for vTaskSwitchContext
    port.o(.emb_text) refers to tasks.o(.data) for pxCurrentTCB
    port.o(.text) refers to port.o(.emb_text) for __asm___6_port_c_39a90d8d__prvStartFirstTask
    port.o(.text) refers to tasks.o(.text) for xTaskIncrementTick
    port.o(.text) refers to port.o(.data) for uxCriticalNesting
    heap_2.o(.text) refers to tasks.o(.text) for vTaskSuspendAll
    heap_2.o(.text) refers to heap_2.o(.bss) for ucHeap
    heap_2.o(.text) refers to heap_2.o(.data) for xStart
    ethernetif.o(.text) refers to dm9000x.o(.text) for dm9000x_receivepacket
    ethernetif.o(.text) refers to pbuf.o(.text) for pbuf_alloc
    ethernetif.o(.text) refers to rt_memcpy_v6.o(.text) for __aeabi_memcpy
    ethernetif.o(.text) refers to tasks.o(.text) for xTaskCreate
    ethernetif.o(.text) refers to mem.o(.text) for mem_malloc
    ethernetif.o(.text) refers to ethernetif.o(.bss) for Data_Buf
    ethernetif.o(.text) refers to etharp.o(.text) for etharp_output
    sys_arch.o(.text) refers to queue.o(.text) for xQueueGenericCreate
[...]
    .text                                    0x080041ec   Section        0  mem.o(.text)
    plug_holes                               0x080041ed   Thumb Code   108  mem.o(.text)
    .text                                    0x08004614   Section        0  memp.o(.text)
    .text                                    0x08004790   Section        0  netif.o(.text)
    .text                                    0x08004994   Section        0  pbuf.o(.text)
    pbuf_free_ooseq                          0x08004995   Thumb Code    54  pbuf.o(.text)
    pbuf_pool_is_empty                       0x080049cb   Thumb Code    58  pbuf.o(.text)
    .text                                    0x08004ecc   Section        0  raw.o(.text)
    .text                                    0x08005068   Section        0  sys.o(.text)
    sswt_handler                             0x08005247   Thumb Code    20  sys.o(.text)
    .text                                    0x080052b4   Section        0  tcp.o(.text)
    tcp_new_port                             0x08005983   Thumb Code   104  tcp.o(.text)
    tcp_accept_null                          0x08005ac5   Thumb Code     8  tcp.o(.text)
    tcp_kill_prio                            0x08005d17   Thumb Code    78  tcp.o(.text)
    tcp_kill_timewait                        0x08005d65   Thumb Code    52  tcp.o(.text)
    .text                                    0x08005ebc   Section        0  tcp_in.o(.text)
    tcp_oos_insert_segment                   0x08005ebd   Thumb Code   174  tcp_in.o(.text)
    tcp_receive                              0x08005f6b   Thumb Code  2366  tcp_in.o(.text)
    tcp_parseopt                             0x080068a9   Thumb Code   176  tcp_in.o(.text)
    tcp_process                              0x08006959   Thumb Code  1382  tcp_in.o(.text)
    tcp_listen_input                         0x08006ebf   Thumb Code   342  tcp_in.o(.text)
    tcp_timewait_input                       0x08007015   Thumb Code   150  tcp_in.o(.text)
    .text                                    0x08007608   Section        0  tcp_out.o(.text)
    tcp_output_set_header                    0x08007609   Thumb Code   138  tcp_out.o(.text)
    tcp_output_segment                       0x08007b47   Thumb Code   230  tcp_out.o(.text)
    .text                                    0x08008104   Section        0  udp.o(.text)
    .text                                    0x080085d0   Section        0  icmp.o(.text)
    icmp_send_response                       0x080087dd   Thumb Code   118  icmp.o(.text)
    .text                                    0x0800887c   Section        0  inet.o(.text)
    .text                                    0x08008a98   Section        0  inet_chksum.o(.text)
    lwip_standard_chksum                     0x08008a99   Thumb Code    74  inet_chksum.o(.text)
    .text                                    0x08008bf0   Section        0  ip.o(.text)
    ip_forward                               0x08008c47   Thumb Code   198  ip.o(.text)
    .text                                    0x080090e0   Section        0  ip_addr.o(.text)
    .text                                    0x08009130   Section        0  ip_frag.o(.text)
    ip_reass_dequeue_datagram                0x08009131   Thumb Code    36  ip_frag.o(.text)
    ip_reass_free_complete_datagram          0x08009155   Thumb Code   112  ip_frag.o(.text)
    ip_reass_remove_oldest_datagram          0x080091f5   Thumb Code   118  ip_frag.o(.text)
    ip_reass_enqueue_new_datagram            0x0800926b   Thumb Code    92  ip_frag.o(.text)
    ip_reass_chain_frag_into_datagram_and_validate 0x080092c7   Thumb Code   324  ip_frag.o(.text)
    .text                                    0x08009748   Section        0  lwipentry.o(.text)
    .text                                    0x0800982c   Section        0  api_lib.o(.text)
    .text                                    0x08009b74   Section        0  api_msg.o(.text)
    recv_raw                                 0x08009b75   Thumb Code   162  api_msg.o(.text)
    recv_udp                                 0x08009c17   Thumb Code   126  api_msg.o(.text)
    recv_tcp                                 0x08009c95   Thumb Code    96  api_msg.o(.text)
    err_tcp                                  0x08009cf5   Thumb Code   110  api_msg.o(.text)
    do_writemore                             0x08009d63   Thumb Code   246  api_msg.o(.text)
    sent_tcp                                 0x08009e59   Thumb Code    76  api_msg.o(.text)
    do_close_internal                        0x08009ea5   Thumb Code   162  api_msg.o(.text)
    poll_tcp                                 0x08009f47   Thumb Code    38  api_msg.o(.text)
    setup_tcp                                0x08009f6d   Thumb Code    50  api_msg.o(.text)
    accept_function                          0x0800a07b   Thumb Code    88  api_msg.o(.text)
    pcb_new                                  0x0800a0d3   Thumb Code   164  api_msg.o(.text)
    do_connected                             0x0800a281   Thumb Code    52  api_msg.o(.text)
    do_dns_found                             0x0800a5f9   Thumb Code    44  api_msg.o(.text)
    .text                                    0x0800a658   Section        0  netbuf.o(.text)
    .text                                    0x0800a778   Section        0  sockets.o(.text)
    get_socket                               0x0800a791   Thumb Code    36  sockets.o(.text)
    alloc_socket                             0x0800a7b5   Thumb Code   136  sockets.o(.text)
    event_callback                           0x0800a83d   Thumb Code   298  sockets.o(.text)
    lwip_selscan                             0x0800b00d   Thumb Code   218  sockets.o(.text)
    lwip_getaddrname                         0x0800b293   Thumb Code   118  sockets.o(.text)
    lwip_getsockopt_internal                 0x0800b335   Thumb Code   316  sockets.o(.text)
    lwip_setsockopt_internal                 0x0800b5b5   Thumb Code   264  sockets.o(.text)
    .text                                    0x0800b8a4   Section        0  tcpip.o(.text)
    tcpip_tcp_timer                          0x0800b8a5   Thumb Code    40  tcpip.o(.text)
    ip_reass_timer                           0x0800b8f3   Thumb Code    22  tcpip.o(.text)
    arp_timer                                0x0800b909   Thumb Code    22  tcpip.o(.text)
    dns_timer                                0x0800b91f   Thumb Code    22  tcpip.o(.text)
    tcpip_thread                             0x0800b935   Thumb Code   210  tcpip.o(.text)
    pbuf_free_int                            0x0800bb87   Thumb Code    14  tcpip.o(.text)
    .text                                    0x0800bbf8   Section        0  strcpy.o(.text)
    .text                                    0x0800bc40   Section        0  strlen.o(.text)
    .text                                    0x0800bc7e   Section      138  rt_memcpy_v6.o(.text)
    .text                                    0x0800bd08   Section      100  rt_memcpy_w.o(.text)
    .text                                    0x0800bd6c   Section       16  aeabi_memset.o(.text)
    .text                                    0x0800bd7c   Section       68  rt_memclr.o(.text)
    .text                                    0x0800bdc0   Section       78  rt_memclr_w.o(.text)
    .text                                    0x0800be10   Section      128  strcmpv7m.o(.text)
    .text                                    0x0800be90   Section        0  heapauxi.o(.text)
    .text                                    0x0800be98   Section        8  libspace.o(.text)
    .text                                    0x0800bea0   Section       74  sys_stackheap_outer.o(.text)
    .text                                    0x0800beea   Section        0  exit.o(.text)
    .text                                    0x0800bef8   Section        0  sys_exit.o(.text)
    .text                                    0x0800bf04   Section        2  use_no_semi.o(.text)
    .constdata                               0x0800bf06   Section       12  etharp.o(.constdata)
    .text                                    0x0800bf06   Section        0  indicate_semi.o(.text)
    .constdata                               0x0800bf12   Section       56  memp.o(.constdata)
    memp_sizes                               0x0800bf12   Data          28  memp.o(.constdata)
    memp_num                                 0x0800bf2e   Data          28  memp.o(.constdata)
    .constdata                               0x0800bf4a   Section       20  tcp.o(.constdata)
    .constdata                               0x0800bf5e   Section        8  ip_addr.o(.constdata)
    .constdata                               0x0800bf68   Section       60  sockets.o(.constdata)
    err_to_errno_table                       0x0800bf68   Data          60  sockets.o(.constdata)
    .conststring                             0x0800bfa4   Section      117  tcp.o(.conststring)
    .data                                    0x20000000   Section       44  netconfig.o(.data)
    .data                                    0x2000002c   Section        4  clock-arch.o(.data)
    .data                                    0x20000030   Section       20  stm32f10x_rcc.o(.data)
    APBAHBPrescTable                         0x20000030   Data          16  stm32f10x_rcc.o(.data)
    ADCPrescTable                            0x20000040   Data           4  stm32f10x_rcc.o(.data)
    .data                                    0x20000044   Section       20  system_stm32f10x.o(.data)
    .data                                    0x20000058   Section       60  tasks.o(.data)
    pxDelayedTaskList                        0x2000005c   Data           4  tasks.o(.data)
    pxOverflowDelayedTaskList                0x20000060   Data           4  tasks.o(.data)
    uxDeletedTasksWaitingCleanUp             0x20000064   Data           4  tasks.o(.data)
    uxCurrentNumberOfTasks                   0x20000068   Data           4  tasks.o(.data)
    xTickCount                               0x2000006c   Data           4  tasks.o(.data)
    uxTopReadyPriority                       0x20000070   Data           4  tasks.o(.data)
    xSchedulerRunning                        0x20000074   Data           4  tasks.o(.data)
    uxPendedTicks                            0x20000078   Data           4  tasks.o(.data)
    xYieldPending                            0x2000007c   Data           4  tasks.o(.data)
    xNumOfOverflows                          0x20000080   Data           4  tasks.o(.data)
    uxTaskNumber                             0x20000084   Data           4  tasks.o(.data)
    xNextTaskUnblockTime                     0x20000088   Data           4  tasks.o(.data)
    xIdleTaskHandle                          0x2000008c   Data           4  tasks.o(.data)
    uxSchedulerSuspended                     0x20000090   Data           4  tasks.o(.data)
    .data                                    0x20000094   Section        4  port.o(.data)
    uxCriticalNesting                        0x20000094   Data           4  port.o(.data)
    .data                                    0x20000098   Section       24  heap_2.o(.data)
    xStart                                   0x20000098   Data           8  heap_2.o(.data)
    xEnd                                     0x200000a0   Data           8  heap_2.o(.data)
    xFreeBytesRemaining                      0x200000a8   Data           4  heap_2.o(.data)
    xHeapHasBeenInitialised                  0x200000ac   Data           4  heap_2.o(.data)
    .data                                    0x200000b0   Section        2  sys_arch.o(.data)
    s_nextthread                             0x200000b0   Data           2  sys_arch.o(.data)
    .data                                    0x200000b2   Section        1  etharp.o(.data)
    etharp_cached_entry                      0x200000b2   Data           1  etharp.o(.data)
    .data                                    0x200000b4   Section       13  dns.o(.data)
    dns_pcb                                  0x200000b4   Data           4  dns.o(.data)
    dns_seqno                                0x200000b8   Data           1  dns.o(.data)
    dns_servers                              0x200000b9   Data           8  dns.o(.data)
    .data                                    0x200000c4   Section       16  mem.o(.data)
    ram                                      0x200000c4   Data           4  mem.o(.data)
    ram_end                                  0x200000c8   Data           4  mem.o(.data)
    lfree                                    0x200000cc   Data           4  mem.o(.data)
    mem_sem                                  0x200000d0   Data           4  mem.o(.data)
    .data                                    0x200000d4   Section        9  netif.o(.data)
    netifnum                                 0x200000dc   Data           1  netif.o(.data)
    .data                                    0x200000dd   Section        1  pbuf.o(.data)
    pbuf_free_ooseq_queued                   0x200000dd   Data           1  pbuf.o(.data)
    .data                                    0x200000e0   Section        4  raw.o(.data)
    raw_pcbs                                 0x200000e0   Data           4  raw.o(.data)
    .data                                    0x200000e4   Section       76  tcp.o(.data)
    tcp_timer                                0x20000128   Data           1  tcp.o(.data)
    port                                     0x2000012a   Data           2  tcp.o(.data)
    iss                                      0x2000012c   Data           4  tcp.o(.data)
    .data                                    0x20000130   Section       32  tcp_in.o(.data)
    tcphdr                                   0x20000130   Data           4  tcp_in.o(.data)
    iphdr                                    0x20000134   Data           4  tcp_in.o(.data)
    seqno                                    0x20000138   Data           4  tcp_in.o(.data)
    ackno                                    0x2000013c   Data           4  tcp_in.o(.data)
    flags                                    0x20000140   Data           1  tcp_in.o(.data)
    tcplen                                   0x20000142   Data           2  tcp_in.o(.data)
    recv_flags                               0x20000144   Data           1  tcp_in.o(.data)
    recv_data                                0x20000148   Data           4  tcp_in.o(.data)
    .data                                    0x20000150   Section        4  udp.o(.data)
    .data                                    0x20000154   Section       10  ip.o(.data)
    ip_id                                    0x2000015c   Data           2  ip.o(.data)
    .data                                    0x20000160   Section        6  ip_frag.o(.data)
    reassdatagrams                           0x20000160   Data           4  ip_frag.o(.data)
    ip_reass_pbufcount                       0x20000164   Data           2  ip_frag.o(.data)
    .data                                    0x20000168   Section       12  sockets.o(.data)
    select_cb_list                           0x20000168   Data           4  sockets.o(.data)
    socksem                                  0x2000016c   Data           4  sockets.o(.data)
    selectsem                                0x20000170   Data           4  sockets.o(.data)
    .data                                    0x20000174   Section       16  tcpip.o(.data)
    tcpip_init_done                          0x20000174   Data           4  tcpip.o(.data)
    tcpip_init_done_arg                      0x20000178   Data           4  tcpip.o(.data)
    mbox                                     0x2000017c   Data           4  tcpip.o(.data)
    tcpip_tcp_timer_active                   0x20000180   Data           4  tcpip.o(.data)
    .bss                                     0x20000184   Section       98  netconfig.o(.bss)
    .bss                                     0x200001e8   Section      200  tasks.o(.bss)
    pxReadyTasksLists                        0x200001e8   Data         100  tasks.o(.bss)
    xDelayedTaskList1                        0x2000024c   Data          20  tasks.o(.bss)
    xDelayedTaskList2                        0x20000260   Data          20  tasks.o(.bss)
    xPendingReadyList                        0x20000274   Data          20  tasks.o(.bss)
    xTasksWaitingTermination                 0x20000288   Data          20  tasks.o(.bss)
    xSuspendedTaskList                       0x2000029c   Data          20  tasks.o(.bss)
    .bss                                     0x200002b0   Section    17408  heap_2.o(.bss)
    ucHeap                                   0x200002b0   Data       17408  heap_2.o(.bss)
    .bss                                     0x200046b0   Section     3032  ethernetif.o(.bss)
    .bss                                     0x20005288   Section       40  sys_arch.o(.bss)
    s_timeoutlist                            0x20005288   Data          40  sys_arch.o(.bss)
    .bss                                     0x200052b0   Section      200  etharp.o(.bss)
    arp_table                                0x200052b0   Data         200  etharp.o(.bss)
    .bss                                     0x20005378   Section     1632  dns.o(.bss)
    dns_table                                0x20005378   Data        1120  dns.o(.bss)
    dns_payload                              0x200057d8   Data         512  dns.o(.bss)
    .bss                                     0x200059d8   Section     2020  mem.o(.bss)
    ram_heap                                 0x200059d8   Data        2020  mem.o(.bss)
    .bss                                     0x200061bc   Section    12339  memp.o(.bss)
    memp_tab                                 0x200061bc   Data          56  memp.o(.bss)
    memp_memory                              0x200061f4   Data       12283  memp.o(.bss)
    .bss                                     0x200091f0   Section      330  stats.o(.bss)
    .bss                                     0x2000933c   Section       20  tcp_in.o(.bss)
    inseg                                    0x2000933c   Data          20  tcp_in.o(.bss)
    .bss                                     0x20009350   Section       16  inet.o(.bss)
    str                                      0x20009350   Data          16  inet.o(.bss)
    .bss                                     0x20009360   Section     2004  ip_frag.o(.bss)
    buf                                      0x20009360   Data        2004  ip_frag.o(.bss)
    .bss                                     0x20009b34   Section       80  sockets.o(.bss)
    sockets                                  0x20009b34   Data          80  sockets.o(.bss)
    .bss                                     0x20009b84   Section       96  libspace.o(.bss)
    HEAP                                     0x20009be8   Section        0  cstartup.o(HEAP)
    STACK                                    0x20009be8   Section      512  cstartup.o(STACK)
    Heap_Mem                                 0x20009be8   Data           0  cstartup.o(HEAP)
    Stack_Mem                                0x20009be8   Data         512  cstartup.o(STACK)
    __initial_sp                             0x20009de8   Data           0  cstartup.o(STACK)

    Global Symbols

    Symbol Name                              Value     Ov Type        Size  Object(Section)

    BuildAttributes$$THM_ISAv4$P$D$K$B$S$PE$A:L22UL41UL21$X:L11$S22US41US21$IEEE1$IW$USESV6$~STKCKD$USESV7$~SHL$OSPACE$ROPI$EBA8$UX$STANDARDLIB$REQ8$PRES8$EABIv2 0x00000000   Number         0  anon$$obj.o ABSOLUTE
    __ARM_use_no_argv                        0x00000000   Number         0  main.o ABSOLUTE
    __ARM_exceptions_init                     - Undefined Weak Reference
    __alloca_initialize                       - Undefined Weak Reference
    __cpp_initialize__aeabi_                  - Undefined Weak Reference
    __cxa_finalize                            - Undefined Weak Reference
    __sigvec_lookup                           - Undefined Weak Reference
    _atexit_init                              - Undefined Weak Reference
    _call_atexit_fns                          - Undefined Weak Reference
    _clock_init                               - Undefined Weak Reference
    _fp_trap_init                             - Undefined Weak Reference
    _fp_trap_shutdown                         - Undefined Weak Reference
    _get_lc_collate                           - Undefined Weak Reference
    _get_lc_monetary                          - Undefined Weak Reference
    _get_lc_numeric                           - Undefined Weak Reference
    _get_lc_time                              - Undefined Weak Reference
    _getenv_init                              - Undefined Weak Reference
    _handle_redirection                       - Undefined Weak Reference
    _init_alloc                               - Undefined Weak Reference
    _init_user_alloc                          - Undefined Weak Reference
    _initio                                   - Undefined Weak Reference
    _rand_init                                - Undefined Weak Reference
    _signal_finish                            - Undefined Weak Reference
    _signal_init                              - Undefined Weak Reference
    _terminate_alloc                          - Undefined Weak Reference
    _terminate_user_alloc                     - Undefined Weak Reference
    _terminateio                              - Undefined Weak Reference
    __Vectors                                0x08000000   Data           4  cstartup.o(RESET)
    __main                                   0x080000ed   Thumb Code     8  __main.o(!!!main)
    __scatterload                            0x080000f5   Thumb Code     0  __scatter.o(!!!scatter)
    __scatterload_rt2                        0x080000f5   Thumb Code    44  __scatter.o(!!!scatter)
    __scatterload_rt2_thumb_only             0x080000f5   Thumb Code     0  __scatter.o(!!!scatter)
    __scatterload_null                       0x08000103   Thumb Code     0  __scatter.o(!!!scatter)
    __decompress                             0x08000129   Thumb Code    90  __dczerorl2.o(!!dczerorl2)
    __decompress1                            0x08000129   Thumb Code     0  __dczerorl2.o(!!dczerorl2)
    __scatterload_zeroinit                   0x08000185   Thumb Code    28  __scatter_zi.o(!!handler_zi)
    __rt_lib_init                            0x080001a1   Thumb Code     0  libinit.o(.ARM.Collect$$libinit$$00000000)
    __rt_lib_init_alloca_1                   0x080001a3   Thumb Code     0  libinit2.o(.ARM.Collect$$libinit$$0000002C)
    __rt_lib_init_argv_1                     0x080001a3   Thumb Code     0  libinit2.o(.ARM.Collect$$libinit$$0000002A)
    __rt_lib_init_atexit_1                   0x080001a3   Thumb Code     0  libinit2.o(.ARM.Collect$$libinit$$00000019)
    __rt_lib_init_clock_1                    0x080001a3   Thumb Code     0  libinit2.o(.ARM.Collect$$libinit$$0000001F)
    __rt_lib_init_cpp_1                      0x080001a3   Thumb Code     0  libinit2.o(.ARM.Collect$$libinit$$00000030)
    __rt_lib_init_exceptions_1               0x080001a3   Thumb Code     0  libinit2.o(.ARM.Collect$$libinit$$0000002E)
    __rt_lib_init_fp_1                       0x080001a3   Thumb Code     0  libinit2.o(.ARM.Collect$$libinit$$00000002)
    __rt_lib_init_fp_trap_1                  0x080001a3   Thumb Code     0  libinit2.o(.ARM.Collect$$libinit$$0000001D)
    __rt_lib_init_getenv_1                   0x080001a3   Thumb Code     0  libinit2.o(.ARM.Collect$$libinit$$00000021)
    __rt_lib_init_heap_1                     0x080001a3   Thumb Code     0  libinit2.o(.ARM.Collect$$libinit$$00000008)
    __rt_lib_init_lc_collate_1               0x080001a3   Thumb Code     0  libinit2.o(.ARM.Collect$$libinit$$0000000F)
    __rt_lib_init_lc_ctype_1                 0x080001a3   Thumb Code     0  libinit2.o(.ARM.Collect$$libinit$$00000011)
    __rt_lib_init_lc_monetary_1              0x080001a3   Thumb Code     0  libinit2.o(.ARM.Collect$$libinit$$00000013)
    __rt_lib_init_lc_numeric_1               0x080001a3   Thumb Code     0  libinit2.o(.ARM.Collect$$libinit$$00000015)
    __rt_lib_init_lc_time_1                  0x080001a3   Thumb Code     0  libinit2.o(.ARM.Collect$$libinit$$00000017)
    __rt_lib_init_rand_1                     0x080001a3   Thumb Code     0  libinit2.o(.ARM.Collect$$libinit$$0000000C)
    __rt_lib_init_return                     0x080001a3   Thumb Code     0  libinit2.o(.ARM.Collect$$libinit$$00000031)
    __rt_lib_init_signal_1                   0x080001a3   Thumb Code     0  libinit2.o(.ARM.Collect$$libinit$$0000001B)
    __rt_lib_init_stdio_1                    0x080001a3   Thumb Code     0  libinit2.o(.ARM.Collect$$libinit$$00000023)
    __rt_lib_init_user_alloc_1               0x080001a3   Thumb Code     0  libinit2.o(.ARM.Collect$$libinit$$0000000A)
    __rt_lib_shutdown                        0x080001a5   Thumb Code     0  libshutdown.o(.ARM.Collect$$libshutdown$$00000000)
    __rt_lib_shutdown_fp_trap_1              0x080001a7   Thumb Code     0  libshutdown2.o(.ARM.Collect$$libshutdown$$00000006)
    __rt_lib_shutdown_heap_1                 0x080001a7   Thumb Code     0  libshutdown2.o(.ARM.Collect$$libshutdown$$0000000E)
    __rt_lib_shutdown_return                 0x080001a7   Thumb Code     0  libshutdown2.o(.ARM.Collect$$libshutdown$$0000000F)
    __rt_lib_shutdown_signal_1               0x080001a7   Thumb Code     0  libshutdown2.o(.ARM.Collect$$libshutdown$$00000009)
    __rt_lib_shutdown_stdio_1                0x080001a7   Thumb Code     0  libshutdown2.o(.ARM.Collect$$libshutdown$$00000003)
    __rt_lib_shutdown_user_alloc_1           0x080001a7   Thumb Code     0  libshutdown2.o(.ARM.Collect$$libshutdown$$0000000B)
    __rt_entry                               0x080001a9   Thumb Code     0  rtentry.o(.ARM.Collect$$rtentry$$00000000)
    __rt_entry_presh_1                       0x080001a9   Thumb Code     0  rtentry2.o(.ARM.Collect$$rtentry$$00000002)
    __rt_entry_sh                            0x080001a9   Thumb Code     0  rtentry4.o(.ARM.Collect$$rtentry$$00000004)
    __rt_entry_li                            0x080001af   Thumb Code     0  rtentry2.o(.ARM.Collect$$rtentry$$0000000A)
    __rt_entry_postsh_1                      0x080001af   Thumb Code     0  rtentry2.o(.ARM.Collect$$rtentry$$00000009)
    __rt_entry_main                          0x080001b3   Thumb Code     0  rtentry2.o(.ARM.Collect$$rtentry$$0000000D)
    __rt_entry_postli_1                      0x080001b3   Thumb Code     0  rtentry2.o(.ARM.Collect$$rtentry$$0000000C)
    __rt_exit                                0x080001bb   Thumb Code     0  rtexit.o(.ARM.Collect$$rtexit$$00000000)
    __rt_exit_ls                             0x080001bd   Thumb Code     0  rtexit2.o(.ARM.Collect$$rtexit$$00000003)
    __rt_exit_prels_1                        0x080001bd   Thumb Code     0  rtexit2.o(.ARM.Collect$$rtexit$$00000002)
    __rt_exit_exit                           0x080001c1   Thumb Code     0  rtexit2.o(.ARM.Collect$$rtexit$$00000004)
    vPortSVCHandler                          0x080001c9   Thumb Code    32  port.o(.emb_text)
    __asm___6_port_c_39a90d8d__prvStartFirstTask 0x080001ed   Thumb Code    28  port.o(.emb_text)
    xPortPendSVHandler                       0x0800020d   Thumb Code    72  port.o(.emb_text)
    vPortGetIPSR                             0x08000259   Thumb Code     6  port.o(.emb_text)
    main                                     0x08000261   Thumb Code    46  main.o(.text)
    BSP_LED_Init                             0x08000299   Thumb Code    58  app_led.o(.text)
    vLedTask                                 0x080002d3   Thumb Code    38  app_led.o(.text)
    vRelay1Task                              0x080002f9   Thumb Code    36  app_led.o(.text)
    vRelay2Task                              0x0800031d   Thumb Code    36  app_led.o(.text)
    vRelay3Task                              0x08000341   Thumb Code    36  app_led.o(.text)
    Udp_Receive                              0x08000369   Thumb Code    58  netconfig.o(.text)
    LwIP_Periodic_Handle                     0x080003a3   Thumb Code   132  netconfig.o(.text)
    LwIP_Init                                0x08000427   Thumb Code   250  netconfig.o(.text)
    app_init                                 0x08000521   Thumb Code     2  netconfig.o(.text)
    dm9000x_gpio_inital                      0x0800056d   Thumb Code   144  dm9000x.o(.text)
    dm9000x_read_id                          0x080006ad   Thumb Code    60  dm9000x.o(.text)
    dm9000x_inital                           0x080006e9   Thumb Code   222  dm9000x.o(.text)
    dm9000x_sendpacket                       0x080007c7   Thumb Code   154  dm9000x.o(.text)
    dm9000x_receivepacket                    0x08000861   Thumb Code   300  dm9000x.o(.text)
    Reset_Handler                            0x08000a19   Thumb Code     4  cstartup.o(.text)
    NMI_Handler                              0x08000a1d   Thumb Code     2  cstartup.o(.text)
    HardFault_Handler                        0x08000a1f   Thumb Code     2  cstartup.o(.text)
    MemManage_Handler                        0x08000a21   Thumb Code     2  cstartup.o(.text)
    BusFault_Handler                         0x08000a23   Thumb Code     2  cstartup.o(.text)
    UsageFault_Handler                       0x08000a25   Thumb Code     2  cstartup.o(.text)
    SVC_Handler                              0x08000a27   Thumb Code     2  cstartup.o(.text)
    DebugMon_Handler                         0x08000a29   Thumb Code     2  cstartup.o(.text)
    PendSV_Handler                           0x08000a2b   Thumb Code     2  cstartup.o(.text)
    ADC_IRQHandler                           0x08000a2f   Thumb Code     0  cstartup.o(.text)
    CAN_RX1_IRQHandler                       0x08000a2f   Thumb Code     0  cstartup.o(.text)
    CAN_SCE_IRQHandler                       0x08000a2f   Thumb Code     0  cstartup.o(.text)
    DMAChannel1_IRQHandler                   0x08000a2f   Thumb Code     0  cstartup.o(.text)
    DMAChannel2_IRQHandler                   0x08000a2f   Thumb Code     0  cstartup.o(.text)
    DMAChannel3_IRQHandler                   0x08000a2f   Thumb Code     0  cstartup.o(.text)
    DMAChannel4_IRQHandler                   0x08000a2f   Thumb Code     0  cstartup.o(.text)
    DMAChannel5_IRQHandler                   0x08000a2f   Thumb Code     0  cstartup.o(.text)
    DMAChannel6_IRQHandler                   0x08000a2f   Thumb Code     0  cstartup.o(.text)
    DMAChannel7_IRQHandler                   0x08000a2f   Thumb Code     0  cstartup.o(.text)
    EXTI0_IRQHandler                         0x08000a2f   Thumb Code     0  cstartup.o(.text)
    EXTI15_10_IRQHandler                     0x08000a2f   Thumb Code     0  cstartup.o(.text)
    EXTI1_IRQHandler                         0x08000a2f   Thumb Code     0  cstartup.o(.text)
    EXTI2_IRQHandler                         0x08000a2f   Thumb Code     0  cstartup.o(.text)
    EXTI3_IRQHandler                         0x08000a2f   Thumb Code     0  cstartup.o(.text)
    EXTI4_IRQHandler                         0x08000a2f   Thumb Code     0  cstartup.o(.text)
    EXTI9_5_IRQHandler                       0x08000a2f   Thumb Code     0  cstartup.o(.text)
    FLASH_IRQHandler                         0x08000a2f   Thumb Code     0  cstartup.o(.text)
    I2C1_ER_IRQHandler                       0x08000a2f   Thumb Code     0  cstartup.o(.text)
    I2C1_EV_IRQHandler                       0x08000a2f   Thumb Code     0  cstartup.o(.text)
    I2C2_ER_IRQHandler                       0x08000a2f   Thumb Code     0  cstartup.o(.text)
    I2C2_EV_IRQHandler                       0x08000a2f   Thumb Code     0  cstartup.o(.text)
    PVD_IRQHandler                           0x08000a2f   Thumb Code     0  cstartup.o(.text)
    RCC_IRQHandler                           0x08000a2f   Thumb Code     0  cstartup.o(.text)
    RTCAlarm_IRQHandler                      0x08000a2f   Thumb Code     0  cstartup.o(.text)
    RTC_IRQHandler                           0x08000a2f   Thumb Code     0  cstartup.o(.text)
    SPI1_IRQHandler                          0x08000a2f   Thumb Code     0  cstartup.o(.text)
    SPI2_IRQHandler                          0x08000a2f   Thumb Code     0  cstartup.o(.text)
    TAMPER_IRQHandler                        0x08000a2f   Thumb Code     0  cstartup.o(.text)
    TIM1_BRK_IRQHandler                      0x08000a2f   Thumb Code     0  cstartup.o(.text)
    TIM1_CC_IRQHandler                       0x08000a2f   Thumb Code     0  cstartup.o(.text)
    TIM1_TRG_COM_IRQHandler                  0x08000a2f   Thumb Code     0  cstartup.o(.text)
    TIM1_UP_IRQHandler                       0x08000a2f   Thumb Code     0  cstartup.o(.text)
    TIM2_IRQHandler                          0x08000a2f   Thumb Code     0  cstartup.o(.text)
    TIM3_IRQHandler                          0x08000a2f   Thumb Code     0  cstartup.o(.text)
    TIM4_IRQHandler                          0x08000a2f   Thumb Code     0  cstartup.o(.text)
    USART1_IRQHandler                        0x08000a2f   Thumb Code     0  cstartup.o(.text)
    USART2_IRQHandler                        0x08000a2f   Thumb Code     0  cstartup.o(.text)
    USART3_IRQHandler                        0x08000a2f   Thumb Code     0  cstartup.o(.text)
    USBWakeUp_IRQHandler                     0x08000a2f   Thumb Code     0  cstartup.o(.text)
    USB_HP_CAN_TX_IRQHandler                 0x08000a2f   Thumb Code     0  cstartup.o(.text)
    USB_LP_CAN_RX0_IRQHandler                0x08000a2f   Thumb Code     0  cstartup.o(.text)
    WWDG_IRQHandler                          0x08000a2f   Thumb Code     0  cstartup.o(.text)
    __user_initial_stackheap                 0x08000a31   Thumb Code     0  cstartup.o(.text)
    GPIO_DeInit                              0x08000a4d   Thumb Code   172  stm32f10x_gpio.o(.text)
    GPIO_AFIODeInit                          0x08000af9   Thumb Code    20  stm32f10x_gpio.o(.text)
    GPIO_Init                                0x08000b0d   Thumb Code   278  stm32f10x_gpio.o(.text)
    GPIO_StructInit                          0x08000c23   Thumb Code    16  stm32f10x_gpio.o(.text)
    GPIO_ReadInputDataBit                    0x08000c33   Thumb Code    18  stm32f10x_gpio.o(.text)
    GPIO_ReadInputData                       0x08000c45   Thumb Code     8  stm32f10x_gpio.o(.text)
    GPIO_ReadOutputDataBit                   0x08000c4d   Thumb Code    18  stm32f10x_gpio.o(.text)
    GPIO_ReadOutputData                      0x08000c5f   Thumb Code     8  stm32f10x_gpio.o(.text)
    GPIO_SetBits                             0x08000c67   Thumb Code     4  stm32f10x_gpio.o(.text)
    GPIO_ResetBits                           0x08000c6b   Thumb Code     4  stm32f10x_gpio.o(.text)
    GPIO_WriteBit                            0x08000c6f   Thumb Code    10  stm32f10x_gpio.o(.text)
    GPIO_Write                               0x08000c79   Thumb Code     4  stm32f10x_gpio.o(.text)
    GPIO_PinLockConfig                       0x08000c7d   Thumb Code    18  stm32f10x_gpio.o(.text)
    GPIO_EventOutputConfig                   0x08000c8f   Thumb Code    26  stm32f10x_gpio.o(.text)
    GPIO_EventOutputCmd                      0x08000ca9   Thumb Code     6  stm32f10x_gpio.o(.text)
    GPIO_PinRemapConfig                      0x08000caf   Thumb Code   138  stm32f10x_gpio.o(.text)
    GPIO_EXTILineConfig                      0x08000d39   Thumb Code    66  stm32f10x_gpio.o(.text)
    GPIO_ETH_MediaInterfaceConfig            0x08000d7b   Thumb Code     8  stm32f10x_gpio.o(.text)
    RCC_DeInit                               0x08000da9   Thumb Code    64  stm32f10x_rcc.o(.text)
    RCC_HSEConfig                            0x08000de9   Thumb Code    70  stm32f10x_rcc.o(.text)
    RCC_GetFlagStatus                        0x08000e2f   Thumb Code    56  stm32f10x_rcc.o(.text)
    RCC_WaitForHSEStartUp                    0x08000e67   Thumb Code    56  stm32f10x_rcc.o(.text)
    RCC_AdjustHSICalibrationValue            0x08000e9f   Thumb Code    20  stm32f10x_rcc.o(.text)
    RCC_HSICmd                               0x08000eb3   Thumb Code     6  stm32f10x_rcc.o(.text)
    RCC_PLLConfig                            0x08000eb9   Thumb Code    24  stm32f10x_rcc.o(.text)
    RCC_PLLCmd                               0x08000ed1   Thumb Code     6  stm32f10x_rcc.o(.text)
    RCC_SYSCLKConfig                         0x08000ed7   Thumb Code    18  stm32f10x_rcc.o(.text)
    RCC_GetSYSCLKSource                      0x08000ee9   Thumb Code    10  stm32f10x_rcc.o(.text)
    RCC_HCLKConfig                           0x08000ef3   Thumb Code    18  stm32f10x_rcc.o(.text)
    RCC_PCLK1Config                          0x08000f05   Thumb Code    18  stm32f10x_rcc.o(.text)
    RCC_PCLK2Config                          0x08000f17   Thumb Code    20  stm32f10x_rcc.o(.text)
    RCC_ITConfig                             0x08000f2b   Thumb Code    26  stm32f10x_rcc.o(.text)
    RCC_USBCLKConfig                         0x08000f45   Thumb Code     8  stm32f10x_rcc.o(.text)
    RCC_ADCCLKConfig                         0x08000f4d   Thumb Code    18  stm32f10x_rcc.o(.text)
    RCC_LSEConfig                            0x08000f5f   Thumb Code    50  stm32f10x_rcc.o(.text)
    RCC_LSICmd                               0x08000f91   Thumb Code     6  stm32f10x_rcc.o(.text)
    RCC_RTCCLKConfig                         0x08000f97   Thumb Code    12  stm32f10x_rcc.o(.text)
    RCC_RTCCLKCmd                            0x08000fa3   Thumb Code     8  stm32f10x_rcc.o(.text)
    RCC_GetClocksFreq                        0x08000fab   Thumb Code   192  stm32f10x_rcc.o(.text)
    RCC_AHBPeriphClockCmd                    0x0800106b   Thumb Code    26  stm32f10x_rcc.o(.text)
    RCC_APB2PeriphClockCmd                   0x08001085   Thumb Code    26  stm32f10x_rcc.o(.text)
    RCC_APB1PeriphClockCmd                   0x0800109f   Thumb Code    26  stm32f10x_rcc.o(.text)
    RCC_APB2PeriphResetCmd                   0x080010b9   Thumb Code    26  stm32f10x_rcc.o(.text)
    RCC_APB1PeriphResetCmd                   0x080010d3   Thumb Code    26  stm32f10x_rcc.o(.text)
    RCC_BackupResetCmd                       0x080010ed   Thumb Code     8  stm32f10x_rcc.o(.text)
    RCC_ClockSecuritySystemCmd               0x080010f5   Thumb Code     6  stm32f10x_rcc.o(.text)
    RCC_MCOConfig                            0x080010fb   Thumb Code     6  stm32f10x_rcc.o(.text)
    RCC_ClearFlag                            0x08001101   Thumb Code    14  stm32f10x_rcc.o(.text)
    RCC_GetITStatus                          0x0800110f   Thumb Code    20  stm32f10x_rcc.o(.text)
    RCC_ClearITPendingBit                    0x08001123   Thumb Code     6  stm32f10x_rcc.o(.text)
    SystemInit                               0x0800122b   Thumb Code    78  system_stm32f10x.o(.text)
    SystemCoreClockUpdate                    0x08001279   Thumb Code   142  system_stm32f10x.o(.text)
    vListInitialise                          0x0800132d   Thumb Code    26  list.o(.text)
    vListInitialiseItem                      0x08001347   Thumb Code     6  list.o(.text)
    vListInsertEnd                           0x0800134d   Thumb Code    24  list.o(.text)
    vListInsert                              0x08001365   Thumb Code    52  list.o(.text)
    uxListRemove                             0x08001399   Thumb Code    40  list.o(.text)
    xQueueGenericReset                       0x080013c1   Thumb Code   122  queue.o(.text)
    xQueueGenericCreate                      0x08001465   Thumb Code    56  queue.o(.text)
    xQueueGenericSend                        0x080015a3   Thumb Code   276  queue.o(.text)
    xQueueGenericSendFromISR                 0x080016d3   Thumb Code   134  queue.o(.text)
    xQueueGiveFromISR                        0x08001759   Thumb Code   120  queue.o(.text)
    xQueueGenericReceive                     0x0800181b   Thumb Code   312  queue.o(.text)
    xQueueReceiveFromISR                     0x08001953   Thumb Code   130  queue.o(.text)
    xQueuePeekFromISR                        0x080019d5   Thumb Code    74  queue.o(.text)
    uxQueueMessagesWaiting                   0x08001a1f   Thumb Code    18  queue.o(.text)
    uxQueueSpacesAvailable                   0x08001a31   Thumb Code    24  queue.o(.text)
    uxQueueMessagesWaitingFromISR            0x08001a49   Thumb Code     6  queue.o(.text)
    vQueueDelete                             0x08001a4f   Thumb Code    14  queue.o(.text)
    uxQueueGetQueueNumber                    0x08001a5d   Thumb Code     6  queue.o(.text)
    vQueueSetQueueNumber                     0x08001a63   Thumb Code     4  queue.o(.text)
    ucQueueGetQueueType                      0x08001a67   Thumb Code     8  queue.o(.text)
    xQueueIsQueueEmptyFromISR                0x08001a6f   Thumb Code    14  queue.o(.text)
    xQueueIsQueueFullFromISR                 0x08001a7d   Thumb Code    18  queue.o(.text)
    xTaskCreate                              0x08001c0d   Thumb Code    92  tasks.o(.text)
    vTaskDelete                              0x08001ca5   Thumb Code   176  tasks.o(.text)
    xTaskIncrementTick                       0x08001d55   Thumb Code   238  tasks.o(.text)
    xTaskResumeAll                           0x08001e43   Thumb Code   282  tasks.o(.text)
    vTaskSuspendAll                          0x08001fd9   Thumb Code    12  tasks.o(.text)
    vTaskDelayUntil                          0x08001fe5   Thumb Code   106  tasks.o(.text)
    vTaskDelay                               0x0800204f   Thumb Code    46  tasks.o(.text)
    eTaskGetState                            0x0800207d   Thumb Code    88  tasks.o(.text)
    uxTaskPriorityGet                        0x080020d5   Thumb Code    30  tasks.o(.text)
    uxTaskPriorityGetFromISR                 0x080020f3   Thumb Code    52  tasks.o(.text)
    vTaskPrioritySet                         0x08002127   Thumb Code   216  tasks.o(.text)
    vTaskSwitchContext                       0x080021ff   Thumb Code    76  tasks.o(.text)
    vTaskSuspend                             0x0800224b   Thumb Code   224  tasks.o(.text)
    vTaskResume                              0x08002363   Thumb Code   104  tasks.o(.text)
    xTaskResumeFromISR                       0x080023cb   Thumb Code   130  tasks.o(.text)
    vTaskStartScheduler                      0x080024c3   Thumb Code    74  tasks.o(.text)
    vTaskEndScheduler                        0x0800250d   Thumb Code    32  tasks.o(.text)
    xTaskGetTickCount                        0x0800252d   Thumb Code     6  tasks.o(.text)
    xTaskGetTickCountFromISR                 0x08002533   Thumb Code     8  tasks.o(.text)
    uxTaskGetNumberOfTasks                   0x0800253b   Thumb Code     6  tasks.o(.text)
    pcTaskGetName                            0x08002541   Thumb Code    20  tasks.o(.text)
    vTaskGetTaskInfo                         0x0800256b   Thumb Code   112  tasks.o(.text)
    uxTaskGetSystemState                     0x08002645   Thumb Code   152  tasks.o(.text)
    vTaskPlaceOnEventList                    0x080026dd   Thumb Code    28  tasks.o(.text)
    vTaskPlaceOnUnorderedEventList           0x080026f9   Thumb Code   116  tasks.o(.text)
    xTaskRemoveFromEventList                 0x0800276d   Thumb Code   104  tasks.o(.text)
    xTaskRemoveFromUnorderedEventList        0x080027d5   Thumb Code    94  tasks.o(.text)
    vTaskSetTimeOutState                     0x08002833   Thumb Code    14  tasks.o(.text)
    xTaskCheckForTimeOut                     0x08002841   Thumb Code    84  tasks.o(.text)
    vTaskMissedYield                         0x08002895   Thumb Code     8  tasks.o(.text)
    uxTaskGetTaskNumber                      0x0800289d   Thumb Code    14  tasks.o(.text)
    vTaskSetTaskNumber                       0x080028ab   Thumb Code     8  tasks.o(.text)
    xTaskGetCurrentTaskHandle                0x080028b3   Thumb Code     6  tasks.o(.text)
    uxTaskResetEventItemValue                0x080028b9   Thumb Code    24  tasks.o(.text)
    ulTaskNotifyTake                         0x080028d1   Thumb Code   108  tasks.o(.text)
    xTaskNotifyWait                          0x0800293d   Thumb Code   150  tasks.o(.text)
    xTaskGenericNotify                       0x080029d3   Thumb Code   178  tasks.o(.text)
    xTaskGenericNotifyFromISR                0x08002a85   Thumb Code   264  tasks.o(.text)
    vTaskNotifyGiveFromISR                   0x08002b8d   Thumb Code   154  tasks.o(.text)
    xTaskNotifyStateClear                    0x08002c27   Thumb Code    48  tasks.o(.text)
    pxPortInitialiseStack                    0x08002c87   Thumb Code    26  port.o(.text)
    vPortSetupTimerInterrupt                 0x08002ca1   Thumb Code    14  port.o(.text)
    xPortStartScheduler                      0x08002caf   Thumb Code    42  port.o(.text)
    vPortEndScheduler                        0x08002cd9   Thumb Code     2  port.o(.text)
    vPortEnterCritical                       0x08002cdb   Thumb Code    30  port.o(.text)
    vPortExitCritical                        0x08002cf9   Thumb Code    28  port.o(.text)
    xPortSysTickHandler                      0x08002d15   Thumb Code    48  port.o(.text)
    pvPortMalloc                             0x08002d7f   Thumb Code   166  heap_2.o(.text)
    vPortFree                                0x08002e25   Thumb Code    56  heap_2.o(.text)
    xPortGetFreeHeapSize                     0x08002e5d   Thumb Code     6  heap_2.o(.text)
    vPortInitialiseBlocks                    0x08002e63   Thumb Code     2  heap_2.o(.text)
    ethernetif_input                         0x08002ecf   Thumb Code    42  ethernetif.o(.text)
    ethernetif_init                          0x08002f5d   Thumb Code    58  ethernetif.o(.text)
    sys_mbox_new                             0x08002fb1   Thumb Code    58  sys_arch.o(.text)
    sys_mbox_free                            0x08002feb   Thumb Code    52  sys_arch.o(.text)
    sys_mbox_post                            0x0800301f   Thumb Code    24  sys_arch.o(.text)
    sys_mbox_trypost                         0x08003037   Thumb Code    48  sys_arch.o(.text)
    sys_arch_mbox_fetch                      0x08003067   Thumb Code    94  sys_arch.o(.text)
    sys_arch_mbox_tryfetch                   0x080030c5   Thumb Code    36  sys_arch.o(.text)
    sys_sem_new                              0x080030e9   Thumb Code   108  sys_arch.o(.text)
    sys_arch_sem_wait                        0x08003155   Thumb Code    82  sys_arch.o(.text)
    sys_sem_signal                           0x080031a7   Thumb Code    18  sys_arch.o(.text)
    sys_sem_free                             0x080031b9   Thumb Code    26  sys_arch.o(.text)
    sys_init                                 0x080031d3   Thumb Code    34  sys_arch.o(.text)
    sys_arch_timeouts                        0x080031f5   Thumb Code    42  sys_arch.o(.text)
    sys_arch_protect                         0x0800321f   Thumb Code    10  sys_arch.o(.text)
    sys_arch_unprotect                       0x08003229   Thumb Code    10  sys_arch.o(.text)
    sys_thread_new                           0x08003233   Thumb Code    86  sys_arch.o(.text)
    sys_assert                               0x08003289   Thumb Code     8  sys_arch.o(.text)
    etharp_tmr                               0x080032bb   Thumb Code   154  etharp.o(.text)
    etharp_find_addr                         0x0800365f   Thumb Code    92  etharp.o(.text)
    etharp_ip_input                          0x080036bb   Thumb Code    52  etharp.o(.text)
    etharp_arp_input                         0x080036ef   Thumb Code   360  etharp.o(.text)
    etharp_request                           0x0800391b   Thumb Code    36  etharp.o(.text)
    etharp_query                             0x0800393f   Thumb Code   404  etharp.o(.text)
    etharp_output                            0x08003ad3   Thumb Code   216  etharp.o(.text)
    ethernet_input                           0x08003bab   Thumb Code   126  etharp.o(.text)
    dns_setserver                            0x08003c31   Thumb Code    28  dns.o(.text)
    dns_init                                 0x08003e15   Thumb Code    64  dns.o(.text)
    dns_getserver                            0x08003e55   Thumb Code    28  dns.o(.text)
    dns_tmr                                  0x08004057   Thumb Code    14  dns.o(.text)
    dns_gethostbyname                        0x08004173   Thumb Code    84  dns.o(.text)
    lwip_init                                0x080041d5   Thumb Code    24  init.o(.text)
    mem_init                                 0x08004259   Thumb Code    92  mem.o(.text)
    mem_free                                 0x080042b5   Thumb Code   128  mem.o(.text)
    mem_realloc                              0x08004335   Thumb Code   310  mem.o(.text)
    mem_malloc                               0x0800446b   Thumb Code   390  mem.o(.text)
    mem_calloc                               0x080045f1   Thumb Code    34  mem.o(.text)
    memp_init                                0x08004615   Thumb Code   136  memp.o(.text)
    memp_malloc                              0x0800469d   Thumb Code   150  memp.o(.text)
    memp_free                                0x08004733   Thumb Code    74  memp.o(.text)
    netif_set_gw                             0x08004791   Thumb Code    12  netif.o(.text)
    netif_set_netmask                        0x0800479d   Thumb Code    12  netif.o(.text)
    netif_set_ipaddr                         0x080047a9   Thumb Code   110  netif.o(.text)
    netif_set_addr                           0x08004817   Thumb Code    40  netif.o(.text)
    netif_add                                0x0800483f   Thumb Code    96  netif.o(.text)
    netif_set_default                        0x0800489f   Thumb Code     6  netif.o(.text)
    netif_remove                             0x080048a5   Thumb Code    74  netif.o(.text)
    netif_find                               0x080048ef   Thumb Code    64  netif.o(.text)
    netif_set_up                             0x0800492f   Thumb Code    44  netif.o(.text)
    netif_set_down                           0x0800495b   Thumb Code    24  netif.o(.text)
    netif_is_up                              0x08004973   Thumb Code    12  netif.o(.text)
    pbuf_free                                0x08004a05   Thumb Code   108  pbuf.o(.text)
    pbuf_alloc                               0x08004a71   Thumb Code   386  pbuf.o(.text)
    pbuf_realloc                             0x08004bf3   Thumb Code   100  pbuf.o(.text)
    pbuf_header                              0x08004c57   Thumb Code   106  pbuf.o(.text)
    pbuf_clen                                0x08004cc1   Thumb Code    18  pbuf.o(.text)
    pbuf_ref                                 0x08004cd3   Thumb Code    26  pbuf.o(.text)
    pbuf_cat                                 0x08004ced   Thumb Code    36  pbuf.o(.text)
    pbuf_chain                               0x08004d11   Thumb Code    22  pbuf.o(.text)
    pbuf_dechain                             0x08004d27   Thumb Code    48  pbuf.o(.text)
    pbuf_copy                                0x08004d57   Thumb Code   114  pbuf.o(.text)
    pbuf_copy_partial                        0x08004dc9   Thumb Code   116  pbuf.o(.text)
    pbuf_take                                0x08004e3d   Thumb Code    86  pbuf.o(.text)
    pbuf_coalesce                            0x08004e93   Thumb Code    56  pbuf.o(.text)
    raw_input                                0x08004ecd   Thumb Code   100  raw.o(.text)
    raw_bind                                 0x08004f31   Thumb Code    16  raw.o(.text)
    raw_connect                              0x08004f41   Thumb Code    16  raw.o(.text)
    raw_recv                                 0x08004f51   Thumb Code     6  raw.o(.text)
    raw_sendto                               0x08004f57   Thumb Code   150  raw.o(.text)
    raw_send                                 0x08004fed   Thumb Code    18  raw.o(.text)
    raw_remove                               0x08004fff   Thumb Code    60  raw.o(.text)
    raw_new                                  0x0800503b   Thumb Code    42  raw.o(.text)
    sys_mbox_fetch                           0x08005069   Thumb Code   124  sys.o(.text)
    sys_sem_wait                             0x080050e5   Thumb Code   116  sys.o(.text)
    sys_timeout                              0x08005159   Thumb Code   144  sys.o(.text)
    sys_untimeout                            0x080051e9   Thumb Code    94  sys.o(.text)
    sys_sem_wait_timeout                     0x0800525b   Thumb Code    58  sys.o(.text)
    sys_msleep                               0x08005295   Thumb Code    28  sys.o(.text)
    tcp_seg_free                             0x080052b5   Thumb Code    32  tcp.o(.text)
    tcp_segs_free                            0x080052d5   Thumb Code    30  tcp.o(.text)
    tcp_pcb_purge                            0x080052f3   Thumb Code    76  tcp.o(.text)
    tcp_slowtmr                              0x0800533f   Thumb Code   714  tcp.o(.text)
    tcp_pcb_remove                           0x08005609   Thumb Code   128  tcp.o(.text)
    tcp_close                                0x08005689   Thumb Code   274  tcp.o(.text)
    tcp_update_rcv_ann_wnd                   0x0800579b   Thumb Code    70  tcp.o(.text)
    tcp_recved                               0x080057e1   Thumb Code    62  tcp.o(.text)
    tcp_recv_null                            0x0800581f   Thumb Code    46  tcp.o(.text)
    tcp_fasttmr                              0x0800584d   Thumb Code   122  tcp.o(.text)
    tcp_tmr                                  0x080058c7   Thumb Code    30  tcp.o(.text)
    tcp_abandon                              0x080058e5   Thumb Code   158  tcp.o(.text)
    tcp_bind                                 0x080059eb   Thumb Code   218  tcp.o(.text)
    tcp_listen_with_backlog                  0x08005acd   Thumb Code   184  tcp.o(.text)
    tcp_eff_send_mss                         0x08005b85   Thumb Code    46  tcp.o(.text)
    tcp_next_iss                             0x08005bb3   Thumb Code    20  tcp.o(.text)
    tcp_connect                              0x08005bc7   Thumb Code   294  tcp.o(.text)
    tcp_setprio                              0x08005ced   Thumb Code     4  tcp.o(.text)
    tcp_seg_copy                             0x08005cf1   Thumb Code    38  tcp.o(.text)
    tcp_alloc                                0x08005d99   Thumb Code   202  tcp.o(.text)
    tcp_new                                  0x08005e63   Thumb Code    10  tcp.o(.text)
    tcp_arg                                  0x08005e6d   Thumb Code     4  tcp.o(.text)
    tcp_recv                                 0x08005e71   Thumb Code     6  tcp.o(.text)
    tcp_sent                                 0x08005e77   Thumb Code     6  tcp.o(.text)
    tcp_err                                  0x08005e7d   Thumb Code     6  tcp.o(.text)
    tcp_accept                               0x08005e83   Thumb Code     4  tcp.o(.text)
    tcp_poll                                 0x08005e87   Thumb Code    10  tcp.o(.text)
    tcp_debug_state_str                      0x08005e91   Thumb Code    10  tcp.o(.text)
    tcp_input                                0x080070ab   Thumb Code  1324  tcp_in.o(.text)
    tcp_enqueue                              0x08007693   Thumb Code   986  tcp_out.o(.text)
    tcp_send_ctrl                            0x08007a6d   Thumb Code    28  tcp_out.o(.text)
    tcp_write                                0x08007a89   Thumb Code    72  tcp_out.o(.text)
    tcp_send_empty_ack                       0x08007ad1   Thumb Code   118  tcp_out.o(.text)
    tcp_output                               0x08007c2d   Thumb Code   462  tcp_out.o(.text)
    tcp_rst                                  0x08007dfb   Thumb Code   198  tcp_out.o(.text)
    tcp_rexmit_rto                           0x08007ec1   Thumb Code    58  tcp_out.o(.text)
    tcp_rexmit                               0x08007efb   Thumb Code    80  tcp_out.o(.text)
    tcp_rexmit_fast                          0x08007f4b   Thumb Code   132  tcp_out.o(.text)
    tcp_keepalive                            0x08007fcf   Thumb Code   110  tcp_out.o(.text)
    tcp_zero_window_probe                    0x0800803d   Thumb Code   196  tcp_out.o(.text)
    udp_input                                0x08008105   Thumb Code   562  udp.o(.text)
    udp_bind                                 0x08008337   Thumb Code   102  udp.o(.text)
    udp_sendto_if                            0x0800839d   Thumb Code   248  udp.o(.text)
    udp_sendto                               0x08008495   Thumb Code    62  udp.o(.text)
    udp_send                                 0x080084d3   Thumb Code    20  udp.o(.text)
    udp_connect                              0x080084e7   Thumb Code   104  udp.o(.text)
    udp_disconnect                           0x0800854f   Thumb Code    28  udp.o(.text)
    udp_recv                                 0x0800856b   Thumb Code     6  udp.o(.text)
    udp_remove                               0x08008571   Thumb Code    60  udp.o(.text)
    udp_new                                  0x080085ad   Thumb Code    28  udp.o(.text)
    icmp_input                               0x080085d1   Thumb Code   524  icmp.o(.text)
    icmp_dest_unreach                        0x08008853   Thumb Code    18  icmp.o(.text)
    icmp_time_exceeded                       0x08008865   Thumb Code    18  icmp.o(.text)
    htonl                                    0x0800887d   Thumb Code    26  inet.o(.text)
    inet_aton                                0x08008897   Thumb Code   336  inet.o(.text)
    inet_addr                                0x080089e7   Thumb Code    24  inet.o(.text)
    inet_ntoa                                0x080089ff   Thumb Code   112  inet.o(.text)
    htons                                    0x08008a6f   Thumb Code    12  inet.o(.text)
    ntohs                                    0x08008a7b   Thumb Code    12  inet.o(.text)
    ntohl                                    0x08008a87   Thumb Code    12  inet.o(.text)
    inet_chksum_pseudo                       0x08008ae3   Thumb Code   162  inet_chksum.o(.text)
    inet_chksum                              0x08008b85   Thumb Code    20  inet_chksum.o(.text)
    inet_chksum_pbuf                         0x08008b99   Thumb Code    86  inet_chksum.o(.text)
    ip_route                                 0x08008bf1   Thumb Code    86  ip.o(.text)
    ip_input                                 0x08008d0d   Thumb Code   596  ip.o(.text)
    ip_output_if                             0x08008f61   Thumb Code   306  ip.o(.text)
    ip_output                                0x08009093   Thumb Code    70  ip.o(.text)
    ip_addr_isbroadcast                      0x080090e1   Thumb Code    78  ip_addr.o(.text)
    ip_reass_tmr                             0x080091c5   Thumb Code    48  ip_frag.o(.text)
    ip_reass                                 0x0800940b   Thumb Code   482  ip_frag.o(.text)
    ip_frag                                  0x080095ed   Thumb Code   336  ip_frag.o(.text)
    vlwIPInit                                0x08009749   Thumb Code    24  lwipentry.o(.text)
    LwIPEntry                                0x08009761   Thumb Code   110  lwipentry.o(.text)
    netconn_new_with_proto_and_callback      0x0800982d   Thumb Code    72  api_lib.o(.text)
    netconn_delete                           0x08009875   Thumb Code    40  api_lib.o(.text)
    netconn_getaddr                          0x0800989d   Thumb Code    40  api_lib.o(.text)
    netconn_bind                             0x080098c5   Thumb Code    36  api_lib.o(.text)
    netconn_connect                          0x080098e9   Thumb Code    36  api_lib.o(.text)
    netconn_disconnect                       0x0800990d   Thumb Code    26  api_lib.o(.text)
    netconn_listen_with_backlog              0x08009927   Thumb Code    28  api_lib.o(.text)
    netconn_accept                           0x08009943   Thumb Code    32  api_lib.o(.text)
    netconn_recv                             0x08009963   Thumb Code   284  api_lib.o(.text)
    netconn_send                             0x08009a7f   Thumb Code    30  api_lib.o(.text)
    netconn_sendto                           0x08009a9d   Thumb Code    36  api_lib.o(.text)
    netconn_write                            0x08009ac1   Thumb Code    40  api_lib.o(.text)
    netconn_close                            0x08009ae9   Thumb Code    26  api_lib.o(.text)
    netconn_gethostbyname                    0x08009b03   Thumb Code    64  api_lib.o(.text)
    netconn_free                             0x08009f9f   Thumb Code   114  api_msg.o(.text)
    netconn_alloc                            0x0800a011   Thumb Code   106  api_msg.o(.text)
    do_newconn                               0x0800a177   Thumb Code    26  api_msg.o(.text)
    do_delconn                               0x0800a191   Thumb Code   126  api_msg.o(.text)
    do_bind                                  0x0800a20f   Thumb Code   114  api_msg.o(.text)
    do_connect                               0x0800a2b5   Thumb Code   156  api_msg.o(.text)
    do_disconnect                            0x0800a351   Thumb Code    34  api_msg.o(.text)
    do_listen                                0x0800a373   Thumb Code   160  api_msg.o(.text)
    do_send                                  0x0800a413   Thumb Code   144  api_msg.o(.text)
    do_recv                                  0x0800a4a3   Thumb Code    50  api_msg.o(.text)
    do_write                                 0x0800a4d5   Thumb Code    72  api_msg.o(.text)
    do_getaddr                               0x0800a51d   Thumb Code   172  api_msg.o(.text)
    do_close                                 0x0800a5c9   Thumb Code    48  api_msg.o(.text)
    do_gethostbyname                         0x0800a625   Thumb Code    40  api_msg.o(.text)
    netbuf_new                               0x0800a659   Thumb Code    30  netbuf.o(.text)
    netbuf_delete                            0x0800a677   Thumb Code    32  netbuf.o(.text)
    netbuf_alloc                             0x0800a697   Thumb Code    46  netbuf.o(.text)
    netbuf_free                              0x0800a6c5   Thumb Code    22  netbuf.o(.text)
    netbuf_ref                               0x0800a6db   Thumb Code    62  netbuf.o(.text)
    netbuf_chain                             0x0800a719   Thumb Code    28  netbuf.o(.text)
    netbuf_data                              0x0800a735   Thumb Code    28  netbuf.o(.text)
    netbuf_next                              0x0800a751   Thumb Code    34  netbuf.o(.text)
    netbuf_first                             0x0800a773   Thumb Code     6  netbuf.o(.text)
    lwip_socket_init                         0x0800a779   Thumb Code    24  sockets.o(.text)
    lwip_accept                              0x0800a967   Thumb Code   330  sockets.o(.text)
    lwip_bind                                0x0800aab1   Thumb Code    98  sockets.o(.text)
    lwip_close                               0x0800ab13   Thumb Code    70  sockets.o(.text)
    lwip_connect                             0x0800ab59   Thumb Code   140  sockets.o(.text)
    lwip_listen                              0x0800abe5   Thumb Code    92  sockets.o(.text)
    lwip_recvfrom                            0x0800ac41   Thumb Code   468  sockets.o(.text)
    lwip_read                                0x0800ae15   Thumb Code    28  sockets.o(.text)
    lwip_recv                                0x0800ae31   Thumb Code    34  sockets.o(.text)
    lwip_sendto                              0x0800ae53   Thumb Code   168  sockets.o(.text)
    lwip_send                                0x0800aefb   Thumb Code   122  sockets.o(.text)
    lwip_socket                              0x0800af75   Thumb Code   130  sockets.o(.text)
    lwip_write                               0x0800aff7   Thumb Code    22  sockets.o(.text)
    lwip_select                              0x0800b0e7   Thumb Code   414  sockets.o(.text)
    lwip_shutdown                            0x0800b285   Thumb Code    14  sockets.o(.text)
    lwip_getpeername                         0x0800b309   Thumb Code    22  sockets.o(.text)
    lwip_getsockname                         0x0800b31f   Thumb Code    22  sockets.o(.text)
    lwip_getsockopt                          0x0800b471   Thumb Code   324  sockets.o(.text)
    lwip_setsockopt                          0x0800b6bd   Thumb Code   304  sockets.o(.text)
    lwip_ioctl                               0x0800b7ed   Thumb Code   180  sockets.o(.text)
    tcp_timer_needed                         0x0800b8cd   Thumb Code    38  tcpip.o(.text)
    tcpip_input                              0x0800ba07   Thumb Code    72  tcpip.o(.text)
    tcpip_callback_with_block                0x0800ba4f   Thumb Code    92  tcpip.o(.text)
    tcpip_timeout                            0x0800baab   Thumb Code    64  tcpip.o(.text)
    tcpip_untimeout                          0x0800baeb   Thumb Code    56  tcpip.o(.text)
    tcpip_apimsg                             0x0800bb23   Thumb Code    52  tcpip.o(.text)
    tcpip_init                               0x0800bb57   Thumb Code    48  tcpip.o(.text)
    pbuf_free_callback                       0x0800bb95   Thumb Code    16  tcpip.o(.text)
    mem_free_callback                        0x0800bba5   Thumb Code    16  tcpip.o(.text)
    strcpy                                   0x0800bbf9   Thumb Code    72  strcpy.o(.text)
    strlen                                   0x0800bc41   Thumb Code    62  strlen.o(.text)
    __aeabi_memcpy                           0x0800bc7f   Thumb Code     0  rt_memcpy_v6.o(.text)
    __rt_memcpy                              0x0800bc7f   Thumb Code   138  rt_memcpy_v6.o(.text)
    _memcpy_lastbytes                        0x0800bce5   Thumb Code     0  rt_memcpy_v6.o(.text)
    __aeabi_memcpy4                          0x0800bd09   Thumb Code     0  rt_memcpy_w.o(.text)
    __aeabi_memcpy8                          0x0800bd09   Thumb Code     0  rt_memcpy_w.o(.text)
    __rt_memcpy_w                            0x0800bd09   Thumb Code   100  rt_memcpy_w.o(.text)
    _memcpy_lastbytes_aligned                0x0800bd51   Thumb Code     0  rt_memcpy_w.o(.text)
    __aeabi_memset                           0x0800bd6d   Thumb Code    16  aeabi_memset.o(.text)
    __aeabi_memclr                           0x0800bd7d   Thumb Code     0  rt_memclr.o(.text)
    __rt_memclr                              0x0800bd7d   Thumb Code    68  rt_memclr.o(.text)
    _memset                                  0x0800bd81   Thumb Code     0  rt_memclr.o(.text)
    __aeabi_memclr4                          0x0800bdc1   Thumb Code     0  rt_memclr_w.o(.text)
    __aeabi_memclr8                          0x0800bdc1   Thumb Code     0  rt_memclr_w.o(.text)
    __rt_memclr_w                            0x0800bdc1   Thumb Code    78  rt_memclr_w.o(.text)
    _memset_w                                0x0800bdc5   Thumb Code     0  rt_memclr_w.o(.text)
    strcmp                                   0x0800be11   Thumb Code   128  strcmpv7m.o(.text)
    __use_two_region_memory                  0x0800be91   Thumb Code     2  heapauxi.o(.text)
    __rt_heap_escrow$2region                 0x0800be93   Thumb Code     2  heapauxi.o(.text)
    __rt_heap_expand$2region                 0x0800be95   Thumb Code     2  heapauxi.o(.text)
    __user_libspace                          0x0800be99   Thumb Code     8  libspace.o(.text)
    __user_perproc_libspace                  0x0800be99   Thumb Code     0  libspace.o(.text)
    __user_perthread_libspace                0x0800be99   Thumb Code     0  libspace.o(.text)
    __user_setup_stackheap                   0x0800bea1   Thumb Code    74  sys_stackheap_outer.o(.text)
    exit                                     0x0800beeb   Thumb Code    12  exit.o(.text)
    _sys_exit                                0x0800bef9   Thumb Code     8  sys_exit.o(.text)
    __I$use$semihosting                      0x0800bf05   Thumb Code     0  use_no_semi.o(.text)
    __use_no_semihosting_swi                 0x0800bf05   Thumb Code     2  use_no_semi.o(.text)
    __semihosting_library_function           0x0800bf07   Thumb Code     0  indicate_semi.o(.text)
    ethbroadcast                             0x0800bf06   Data           6  etharp.o(.constdata)
    ethzero                                  0x0800bf0c   Data           6  etharp.o(.constdata)
    tcp_backoff                              0x0800bf4a   Data          13  tcp.o(.constdata)
    tcp_persist_backoff                      0x0800bf57   Data           7  tcp.o(.constdata)
    ip_addr_any                              0x0800bf5e   Data           4  ip_addr.o(.constdata)
    ip_addr_broadcast                        0x0800bf62   Data           4  ip_addr.o(.constdata)
    Region$$Table$$Base                      0x0800c01c   Number         0  anon$$obj.o(Region$$Table)
    Region$$Table$$Limit                     0x0800c03c   Number         0  anon$$obj.o(Region$$Table)
    TCPTimer                                 0x20000000   Data           4  netconfig.o(.data)
    DNSTimer                                 0x20000004   Data           4  netconfig.o(.data)
    ARPTimer                                 0x20000008   Data           4  netconfig.o(.data)
    DHCPfineTimer                            0x2000000c   Data           4  netconfig.o(.data)
    DHCPcoarseTimer                          0x20000010   Data           4  netconfig.o(.data)
    m_mac                                    0x20000014   Data           6  netconfig.o(.data)
    serverIP                                 0x2000001a   Data           4  netconfig.o(.data)
    maskIP                                   0x2000001e   Data           4  netconfig.o(.data)
    gateIP                                   0x20000022   Data           4  netconfig.o(.data)
    serverPORT                               0x20000026   Data           2  netconfig.o(.data)
    global_udppcb                            0x20000028   Data           4  netconfig.o(.data)
    sys_ticks                                0x2000002c   Data           4  clock-arch.o(.data)
    SystemCoreClock                          0x20000044   Data           4  system_stm32f10x.o(.data)
    AHBPrescTable                            0x20000048   Data          16  system_stm32f10x.o(.data)
    pxCurrentTCB                             0x20000058   Data           4  tasks.o(.data)
    netif_list                               0x200000d4   Data           4  netif.o(.data)
    netif_default                            0x200000d8   Data           4  netif.o(.data)
    tcp_state_str                            0x200000e4   Data          44  tcp.o(.data)
    tcp_ticks                                0x20000110   Data           4  tcp.o(.data)
    tcp_bound_pcbs                           0x20000114   Data           4  tcp.o(.data)
    tcp_listen_pcbs                          0x20000118   Data           4  tcp.o(.data)
    tcp_active_pcbs                          0x2000011c   Data           4  tcp.o(.data)
    tcp_tw_pcbs                              0x20000120   Data           4  tcp.o(.data)
    tcp_tmp_pcb                              0x20000124   Data           4  tcp.o(.data)
    tcp_input_pcb                            0x2000014c   Data           4  tcp_in.o(.data)
    udp_pcbs                                 0x20000150   Data           4  udp.o(.data)
    current_netif                            0x20000154   Data           4  ip.o(.data)
    current_header                           0x20000158   Data           4  ip.o(.data)
    DM9000AEP                                0x20000184   Data          48  netconfig.o(.bss)
    udpstr                                   0x200001b4   Data          50  netconfig.o(.bss)
    Data_Buf                                 0x200046b0   Data        1516  ethernetif.o(.bss)
    Tx_Data_Buf                              0x20004c9c   Data        1516  ethernetif.o(.bss)
    lwip_stats                               0x200091f0   Data         330  stats.o(.bss)
    __libspace_start                         0x20009b84   Data          96  libspace.o(.bss)
    __temporary_stack_top$libspace           0x20009be4   Data           0  libspace.o(.bss)



==============================================================================

Memory Map of the image

  Image Entry point : 0x080000ed

  Load Region LR_IROM1 (Base: 0x08000000, Size: 0x0000c1c0, Max: 0x00040000, ABSOLUTE, COMPRESSED[0x0000c08c])

    Execution Region ER_IROM1 (Base: 0x08000000, Size: 0x0000c03c, Max: 0x00040000, ABSOLUTE)

    Base Addr    Size         Type   Attr      Idx    E Section Name        Object

    0x08000000   0x000000ec   Data   RO          350    RESET               cstartup.o
    0x080000ec   0x00000008   Code   RO         1526  * !!!main             c_w.l(__main.o)
    0x080000f4   0x00000034   Code   RO         1703    !!!scatter          c_w.l(__scatter.o)
    0x08000128   0x0000005a   Code   RO         1701    !!dczerorl2         c_w.l(__dczerorl2.o)
    0x08000182   0x00000002   PAD
    0x08000184   0x0000001c   Code   RO         1705    !!handler_zi        c_w.l(__scatter_zi.o)
    0x080001a0   0x00000002   Code   RO         1577    .ARM.Collect$$libinit$$00000000  c_w.l(libinit.o)
    0x080001a2   0x00000000   Code   RO         1581    .ARM.Collect$$libinit$$00000002  c_w.l(libinit2.o)
    0x080001a2   0x00000000   Code   RO         1584    .ARM.Collect$$libinit$$00000008  c_w.l(libinit2.o)
    0x080001a2   0x00000000   Code   RO         1586    .ARM.Collect$$libinit$$0000000A  c_w.l(libinit2.o)
    0x080001a2   0x00000000   Code   RO         1588    .ARM.Collect$$libinit$$0000000C  c_w.l(libinit2.o)
    0x080001a2   0x00000000   Code   RO         1591    .ARM.Collect$$libinit$$0000000F  c_w.l(libinit2.o)
    0x080001a2   0x00000000   Code   RO         1593    .ARM.Collect$$libinit$$00000011  c_w.l(libinit2.o)
    0x080001a2   0x00000000   Code   RO         1595    .ARM.Collect$$libinit$$00000013  c_w.l(libinit2.o)
    0x080001a2   0x00000000   Code   RO         1597    .ARM.Collect$$libinit$$00000015  c_w.l(libinit2.o)
    0x080001a2   0x00000000   Code   RO         1599    .ARM.Collect$$libinit$$00000017  c_w.l(libinit2.o)
    0x080001a2   0x00000000   Code   RO         1601    .ARM.Collect$$libinit$$00000019  c_w.l(libinit2.o)
    0x080001a2   0x00000000   Code   RO         1603    .ARM.Collect$$libinit$$0000001B  c_w.l(libinit2.o)
    0x080001a2   0x00000000   Code   RO         1605    .ARM.Collect$$libinit$$0000001D  c_w.l(libinit2.o)
    0x080001a2   0x00000000   Code   RO         1607    .ARM.Collect$$libinit$$0000001F  c_w.l(libinit2.o)
    0x080001a2   0x00000000   Code   RO         1609    .ARM.Collect$$libinit$$00000021  c_w.l(libinit2.o)
    0x080001a2   0x00000000   Code   RO         1611    .ARM.Collect$$libinit$$00000023  c_w.l(libinit2.o)
    0x080001a2   0x00000000   Code   RO         1615    .ARM.Collect$$libinit$$0000002A  c_w.l(libinit2.o)
    0x080001a2   0x00000000   Code   RO         1617    .ARM.Collect$$libinit$$0000002C  c_w.l(libinit2.o)
    0x080001a2   0x00000000   Code   RO         1619    .ARM.Collect$$libinit$$0000002E  c_w.l(libinit2.o)
    0x080001a2   0x00000000   Code   RO         1621    .ARM.Collect$$libinit$$00000030  c_w.l(libinit2.o)
    0x080001a2   0x00000002   Code   RO         1622    .ARM.Collect$$libinit$$00000031  c_w.l(libinit2.o)
    0x080001a4   0x00000002   Code   RO         1642    .ARM.Collect$$libshutdown$$00000000  c_w.l(libshutdown.o)
    0x080001a6   0x00000000   Code   RO         1656    .ARM.Collect$$libshutdown$$00000003  c_w.l(libshutdown2.o)
    0x080001a6   0x00000000   Code   RO         1659    .ARM.Collect$$libshutdown$$00000006  c_w.l(libshutdown2.o)
    0x080001a6   0x00000000   Code   RO         1662    .ARM.Collect$$libshutdown$$00000009  c_w.l(libshutdown2.o)
    0x080001a6   0x00000000   Code   RO         1664    .ARM.Collect$$libshutdown$$0000000B  c_w.l(libshutdown2.o)
    0x080001a6   0x00000000   Code   RO         1667    .ARM.Collect$$libshutdown$$0000000E  c_w.l(libshutdown2.o)
    0x080001a6   0x00000002   Code   RO         1668    .ARM.Collect$$libshutdown$$0000000F  c_w.l(libshutdown2.o)
    0x080001a8   0x00000000   Code   RO         1528    .ARM.Collect$$rtentry$$00000000  c_w.l(rtentry.o)
    0x080001a8   0x00000000   Code   RO         1540    .ARM.Collect$$rtentry$$00000002  c_w.l(rtentry2.o)
    0x080001a8   0x00000006   Code   RO         1552    .ARM.Collect$$rtentry$$00000004  c_w.l(rtentry4.o)
    0x080001ae   0x00000000   Code   RO         1542    .ARM.Collect$$rtentry$$00000009  c_w.l(rtentry2.o)
    0x080001ae   0x00000004   Code   RO         1543    .ARM.Collect$$rtentry$$0000000A  c_w.l(rtentry2.o)
    0x080001b2   0x00000000   Code   RO         1545    .ARM.Collect$$rtentry$$0000000C  c_w.l(rtentry2.o)
    0x080001b2   0x00000008   Code   RO         1546    .ARM.Collect$$rtentry$$0000000D  c_w.l(rtentry2.o)
    0x080001ba   0x00000002   Code   RO         1578    .ARM.Collect$$rtexit$$00000000  c_w.l(rtexit.o)
    0x080001bc   0x00000000   Code   RO         1624    .ARM.Collect$$rtexit$$00000002  c_w.l(rtexit2.o)
    0x080001bc   0x00000004   Code   RO         1625    .ARM.Collect$$rtexit$$00000003  c_w.l(rtexit2.o)
    0x080001c0   0x00000006   Code   RO         1626    .ARM.Collect$$rtexit$$00000004  c_w.l(rtexit2.o)
    0x080001c6   0x00000002   PAD
    0x080001c8   0x00000096   Code   RO          535    .emb_text           port.o
    0x0800025e   0x00000002   PAD
    0x08000260   0x00000038   Code   RO            3    .text               main.o
    0x08000298   0x000000d0   Code   RO          181    .text               app_led.o
    0x08000368   0x000001f8   Code   RO          207    .text               netconfig.o
    0x08000560   0x000004b8   Code   RO          326    .text               dm9000x.o
    0x08000a18   0x00000034   Code   RO          351    .text               cstartup.o
    0x08000a4c   0x0000035c   Code   RO          357    .text               stm32f10x_gpio.o
    0x08000da8   0x000003a4   Code   RO          377    .text               stm32f10x_rcc.o
    0x0800114c   0x000001e0   Code   RO          399    .text               system_stm32f10x.o
    0x0800132c   0x00000094   Code   RO          471    .text               list.o
    0x080013c0   0x000006d4   Code   RO          483    .text               queue.o
    0x08001a94   0x000011dc   Code   RO          498    .text               tasks.o
    0x08002c70   0x000000e4   Code   RO          536    .text               port.o
    0x08002d54   0x00000124   Code   RO          565    .text               heap_2.o
    0x08002e78   0x00000138   Code   RO          582    .text               ethernetif.o
    0x08002fb0   0x000002ec   Code   RO          621    .text               sys_arch.o
    0x0800329c   0x00000994   Code   RO          667    .text               etharp.o
    0x08003c30   0x000005a4   Code   RO          753    .text               dns.o
    0x080041d4   0x00000018   Code   RO          771    .text               init.o
    0x080041ec   0x00000426   Code   RO          805    .text               mem.o
    0x08004612   0x00000002   PAD
    0x08004614   0x0000017c   Code   RO          820    .text               memp.o
    0x08004790   0x00000204   Code   RO          853    .text               netif.o
    0x08004994   0x00000536   Code   RO          875    .text               pbuf.o
    0x08004eca   0x00000002   PAD
    0x08004ecc   0x0000019c   Code   RO          901    .text               raw.o
    0x08005068   0x0000024c   Code   RO          927    .text               sys.o
    0x080052b4   0x00000c08   Code   RO          948    .text               tcp.o
    0x08005ebc   0x0000174c   Code   RO          969    .text               tcp_in.o
    0x08007608   0x00000afc   Code   RO          992    .text               tcp_out.o
    0x08008104   0x000004cc   Code   RO         1004    .text               udp.o
    0x080085d0   0x000002ac   Code   RO         1022    .text               icmp.o
    0x0800887c   0x0000021c   Code   RO         1040    .text               inet.o
    0x08008a98   0x00000156   Code   RO         1053    .text               inet_chksum.o
    0x08008bee   0x00000002   PAD
    0x08008bf0   0x000004f0   Code   RO         1069    .text               ip.o
    0x080090e0   0x0000004e   Code   RO         1090    .text               ip_addr.o
    0x0800912e   0x00000002   PAD
    0x08009130   0x00000618   Code   RO         1112    .text               ip_frag.o
    0x08009748   0x000000e4   Code   RO         1129    .text               lwipentry.o
    0x0800982c   0x00000348   Code   RO         1225    .text               api_lib.o
    0x08009b74   0x00000ae4   Code   RO         1272    .text               api_msg.o
    0x0800a658   0x00000120   Code   RO         1333    .text               netbuf.o
    0x0800a778   0x0000112c   Code   RO         1390    .text               sockets.o
    0x0800b8a4   0x00000354   Code   RO         1447    .text               tcpip.o
    0x0800bbf8   0x00000048   Code   RO         1508    .text               c_w.l(strcpy.o)
    0x0800bc40   0x0000003e   Code   RO         1510    .text               c_w.l(strlen.o)
    0x0800bc7e   0x0000008a   Code   RO         1512    .text               c_w.l(rt_memcpy_v6.o)
    0x0800bd08   0x00000064   Code   RO         1514    .text               c_w.l(rt_memcpy_w.o)
    0x0800bd6c   0x00000010   Code   RO         1516    .text               c_w.l(aeabi_memset.o)
    0x0800bd7c   0x00000044   Code   RO         1518    .text               c_w.l(rt_memclr.o)
    0x0800bdc0   0x0000004e   Code   RO         1520    .text               c_w.l(rt_memclr_w.o)
    0x0800be0e   0x00000002   PAD
    0x0800be10   0x00000080   Code   RO         1522    .text               c_w.l(strcmpv7m.o)
    0x0800be90   0x00000006   Code   RO         1524    .text               c_w.l(heapauxi.o)
    0x0800be96   0x00000002   PAD
    0x0800be98   0x00000008   Code   RO         1536    .text               c_w.l(libspace.o)
    0x0800bea0   0x0000004a   Code   RO         1558    .text               c_w.l(sys_stackheap_outer.o)
    0x0800beea   0x0000000c   Code   RO         1570    .text               c_w.l(exit.o)
    0x0800bef6   0x00000002   PAD
    0x0800bef8   0x0000000c   Code   RO         1634    .text               c_w.l(sys_exit.o)
    0x0800bf04   0x00000002   Code   RO         1645    .text               c_w.l(use_no_semi.o)
    0x0800bf06   0x00000000   Code   RO         1647    .text               c_w.l(indicate_semi.o)
    0x0800bf06   0x0000000c   Data   RO          669    .constdata          etharp.o
    0x0800bf12   0x00000038   Data   RO          822    .constdata          memp.o
    0x0800bf4a   0x00000014   Data   RO          949    .constdata          tcp.o
    0x0800bf5e   0x00000008   Data   RO         1091    .constdata          ip_addr.o
    0x0800bf66   0x00000002   PAD
    0x0800bf68   0x0000003c   Data   RO         1392    .constdata          sockets.o
    0x0800bfa4   0x00000075   Data   RO          950    .conststring        tcp.o
    0x0800c019   0x00000003   PAD
    0x0800c01c   0x00000020   Data   RO         1699    Region$$Table       anon$$obj.o


    Execution Region RW_IRAM1 (Base: 0x20000000, Size: 0x00009de8, Max: 0x0000c000, ABSOLUTE, COMPRESSED[0x00000050])

    Base Addr    Size         Type   Attr      Idx    E Section Name        Object

    0x20000000   0x0000002c   Data   RW          209    .data               netconfig.o
    0x2000002c   0x00000004   Data   RW          294    .data               clock-arch.o
    0x20000030   0x00000014   Data   RW          378    .data               stm32f10x_rcc.o
    0x20000044   0x00000014   Data   RW          400    .data               system_stm32f10x.o
    0x20000058   0x0000003c   Data   RW          500    .data               tasks.o
    0x20000094   0x00000004   Data   RW          537    .data               port.o
    0x20000098   0x00000018   Data   RW          567    .data               heap_2.o
    0x200000b0   0x00000002   Data   RW          623    .data               sys_arch.o
    0x200000b2   0x00000001   Data   RW          670    .data               etharp.o
    0x200000b3   0x00000001   PAD
    0x200000b4   0x0000000d   Data   RW          755    .data               dns.o
    0x200000c1   0x00000003   PAD
    0x200000c4   0x00000010   Data   RW          807    .data               mem.o
    0x200000d4   0x00000009   Data   RW          854    .data               netif.o
    0x200000dd   0x00000001   Data   RW          876    .data               pbuf.o
    0x200000de   0x00000002   PAD
    0x200000e0   0x00000004   Data   RW          902    .data               raw.o
    0x200000e4   0x0000004c   Data   RW          951    .data               tcp.o
    0x20000130   0x00000020   Data   RW          971    .data               tcp_in.o
    0x20000150   0x00000004   Data   RW         1005    .data               udp.o
    0x20000154   0x0000000a   Data   RW         1070    .data               ip.o
    0x2000015e   0x00000002   PAD
    0x20000160   0x00000006   Data   RW         1114    .data               ip_frag.o
    0x20000166   0x00000002   PAD
    0x20000168   0x0000000c   Data   RW         1393    .data               sockets.o
    0x20000174   0x00000010   Data   RW         1448    .data               tcpip.o
    0x20000184   0x00000062   Zero   RW          208    .bss                netconfig.o
    0x200001e6   0x00000002   PAD
    0x200001e8   0x000000c8   Zero   RW          499    .bss                tasks.o
    0x200002b0   0x00004400   Zero   RW          566    .bss                heap_2.o
    0x200046b0   0x00000bd8   Zero   RW          583    .bss                ethernetif.o
    0x20005288   0x00000028   Zero   RW          622    .bss                sys_arch.o
    0x200052b0   0x000000c8   Zero   RW          668    .bss                etharp.o
    0x20005378   0x00000660   Zero   RW          754    .bss                dns.o
    0x200059d8   0x000007e4   Zero   RW          806    .bss                mem.o
    0x200061bc   0x00003033   Zero   RW          821    .bss                memp.o
    0x200091ef   0x00000001   PAD
    0x200091f0   0x0000014a   Zero   RW          915    .bss                stats.o
    0x2000933a   0x00000002   PAD
    0x2000933c   0x00000014   Zero   RW          970    .bss                tcp_in.o
    0x20009350   0x00000010   Zero   RW         1041    .bss                inet.o
    0x20009360   0x000007d4   Zero   RW         1113    .bss                ip_frag.o
    0x20009b34   0x00000050   Zero   RW         1391    .bss                sockets.o
    0x20009b84   0x00000060   Zero   RW         1537    .bss                c_w.l(libspace.o)
    0x20009be4   0x00000004   PAD
    0x20009be8   0x00000000   Zero   RW          349    HEAP                cstartup.o
    0x20009be8   0x00000200   Zero   RW          348    STACK               cstartup.o


==============================================================================

Image component sizes


      Code (inc. data)   RO Data    RW Data    ZI Data      Debug   Object Name

       840         50          0          0          0      19636   api_lib.o
      2788         38          0          0          0      26087   api_msg.o
       208          4          0          0          0       1508   app_led.o
         0          0          0          4          0        948   clock-arch.o
        52         18        236          0        512        800   cstartup.o
      1208         38          0          0          0       4590   dm9000x.o
      1444         58          0         13       1632       6157   dns.o
      2452         38         12          1        200      17649   etharp.o
       312         26          0          0       3032       3965   ethernetif.o
         0          0          0          0          0       9540   event_groups.o
       292         20          0         24      17408       3148   heap_2.o
       684          6          0          0          0       2542   icmp.o
       540         12          0          0         16       3140   inet.o
       342          0          0          0          0       5170   inet_chksum.o
        24          0          0          0          0       1156   init.o
      1264         28          0         10          0       6242   ip.o
        78          0          8          0          0       5445   ip_addr.o
      1560         24          0          6       2004       5804   ip_frag.o
       148          0          0          0          0       1822   list.o
       228         94          0          0          0      19033   lwipentry.o
        56         10          0          0          0     250026   main.o
      1062         24          0         16       2020       3834   mem.o
       380         20         56          0      12339       3038   memp.o
       288          0          0          0          0       6433   netbuf.o
       504         62          0         44         98      16135   netconfig.o
       516         22          0          9          0       5260   netif.o
      1334         12          0          1          0       6108   pbuf.o
       378         28          0          4          0       7016   port.o
      1748         10          0          0          0      10869   queue.o
       412          4          0          4          0       3333   raw.o
      4396         60         60         12         80      37410   sockets.o
         0          0          0          0        330       3329   stats.o
       860         38          0          0          0       5605   stm32f10x_gpio.o
       932         36          0         20          0       8772   stm32f10x_rcc.o
       588          4          0          0          0       3248   sys.o
       748         12          0          2         40       8734   sys_arch.o
       480         38          0         20          0       1831   system_stm32f10x.o
      4572        298          0         60        200      28796   tasks.o
      3080        120        137         76          0      18085   tcp.o
      5964        248          0         32         20      14188   tcp_in.o
      2812         26          0          0          0       6894   tcp_out.o
       852         74          0         16          0      20924   tcpip.o
      1228         16          0          4          0       6261   udp.o

    ----------------------------------------------------------------------
     47664       1616        546        388      39936     620511   Object Totals
         0          0         32          0          0          0   (incl. Generated)
        10          0          5         10          5          0   (incl. Padding)

    ----------------------------------------------------------------------

      Code (inc. data)   RO Data    RW Data    ZI Data      Debug   Library Member Name

        90          0          0          0          0          0   __dczerorl2.o
         8          0          0          0          0         68   __main.o
        52          8          0          0          0          0   __scatter.o
        28          0          0          0          0          0   __scatter_zi.o
        16          0          0          0          0         68   aeabi_memset.o
        12          0          0          0          0         72   exit.o
         6          0          0          0          0        152   heapauxi.o
         0          0          0          0          0          0   indicate_semi.o
         2          0          0          0          0          0   libinit.o
         2          0          0          0          0          0   libinit2.o
         2          0          0          0          0          0   libshutdown.o
         2          0          0          0          0          0   libshutdown2.o
         8          4          0          0         96         68   libspace.o
        68          0          0          0          0         68   rt_memclr.o
        78          0          0          0          0         80   rt_memclr_w.o
       138          0          0          0          0         68   rt_memcpy_v6.o
       100          0          0          0          0         80   rt_memcpy_w.o
         0          0          0          0          0          0   rtentry.o
        12          0          0          0          0          0   rtentry2.o
         6          0          0          0          0          0   rtentry4.o
         2          0          0          0          0          0   rtexit.o
        10          0          0          0          0          0   rtexit2.o
       128          0          0          0          0         68   strcmpv7m.o
        72          0          0          0          0         80   strcpy.o
        62          0          0          0          0         76   strlen.o
        12          4          0          0          0         68   sys_exit.o
        74          0          0          0          0         80   sys_stackheap_outer.o
         2          0          0          0          0         68   use_no_semi.o

    ----------------------------------------------------------------------
      1002         16          0          0        100       1164   Library Totals
        10          0          0          0          4          0   (incl. Padding)

    ----------------------------------------------------------------------

      Code (inc. data)   RO Data    RW Data    ZI Data      Debug   Library Name

       992         16          0          0         96       1164   c_w.l

    ----------------------------------------------------------------------
      1002         16          0          0        100       1164   Library Totals

    ----------------------------------------------------------------------

==============================================================================


      Code (inc. data)   RO Data    RW Data    ZI Data      Debug   

     48666       1632        546        388      40036     617771   Grand Totals
     48666       1632        546         80      40036     617771   ELF Image Totals (compressed)
     48666       1632        546         80          0          0   ROM Totals

==============================================================================

    Total RO  Size (Code + RO Data)                49212 (  48.06kB)
    Total RW  Size (RW Data + ZI Data)             40424 (  39.48kB)
    Total ROM Size (Code + RO Data + RW Data)      49292 (  48.14kB)

==============================================================================

