Product: MDK-ARM Standard 5.10
Component: ARM Compiler 5.04 update 1 (build 49)
Tool: armlink [5040049]

==============================================================================

Section Cross References

    main.o(.text) refers to bsp.o(.text) for bsp_init
    main.o(.text) refers to app_serial.o(.text) for dbg_string
    main.o(.text) refers to lwipentry.o(.text) for vlwIPInit
    main.o(.text) refers to netconfig.o(.text) for LwIP_Init
    main.o(.text) refers to queue.o(.text) for xQueueCreateMutex
    main.o(.text) refers to uart_console.o(.text) for vUARTCommandConsoleStart
    main.o(.text) refers to sys_arch.o(.text) for sys_thread_new
    main.o(.text) refers to tasks.o(.text) for xTaskCreate
    main.o(.text) refers to cli-commands.o(.text) for vRegisterCLICommands
    main.o(.text) refers to main.o(.bss) for handle_source
    main.o(.text) refers to app_display.o(.text) for app_display_task
    main.o(.text) refers to app_sht10.o(.text) for app_sht10_task
    main.o(.text) refers to app_ds3231.o(.text) for app_ds3231_task
    main.o(.text) refers to app_buz.o(.text) for app_buz_task
    main.o(.text) refers to app_led.o(.text) for app_led_task_blink
    app_led.o(.text) refers to stm32f10x_rcc.o(.text) for RCC_APB2PeriphClockCmd
    app_led.o(.text) refers to stm32f10x_gpio.o(.text) for GPIO_Init
    app_led.o(.text) refers to tasks.o(.text) for xTaskGetTickCount
    app_led.o(.text) refers to app_led.o(.constdata) for .constdata
    netconfig.o(.text) refers to inet.o(.text) for htonl
    netconfig.o(.text) refers to netif.o(.text) for netif_add
    netconfig.o(.text) refers to netconfig.o(.data) for serverIP
    netconfig.o(.text) refers to netconfig.o(.bss) for DM9000AEP
    netconfig.o(.text) refers to tcpip.o(.text) for tcpip_input
    netconfig.o(.text) refers to ethernetif.o(.text) for ethernetif_init
    app_serial.o(.text) refers to queue.o(.text) for xQueueGenericSend
    app_serial.o(.text) refers to stm32f10x_usart.o(.text) for USART_ITConfig
    app_serial.o(.text) refers to printfa.o(i.__0vsprintf) for __c89vsprintf
    app_serial.o(.text) refers to stm32f10x_rcc.o(.text) for RCC_APB2PeriphClockCmd
    app_serial.o(.text) refers to stm32f10x_gpio.o(.text) for GPIO_Init
    app_serial.o(.text) refers to misc.o(.text) for NVIC_Init
    app_serial.o(.text) refers to app_serial.o(.data) for xCharsForTx
    app_display.o(.text) refers to app_display.o(i.bsp_74hc595_set_SH_CP) for bsp_74hc595_set_SH_CP
    app_display.o(.text) refers to app_display.o(i.bsp_74hc595_set_DATA) for bsp_74hc595_set_DATA
    app_display.o(.text) refers to app_display.o(i.bsp_74hc595_set_ST_CP) for bsp_74hc595_set_ST_CP
    app_display.o(.text) refers to app_display.o(i.bsp_74hc595_set_OE) for bsp_74hc595_set_OE
    app_display.o(.text) refers to port.o(.text) for vPortEnterCritical
    app_display.o(.text) refers to queue.o(.text) for xQueueGenericReceive
    app_display.o(.text) refers to tasks.o(.text) for vTaskDelay
    app_display.o(.text) refers to app_display.o(.data) for start_dis
    app_display.o(.text) refers to app_display.o(.constdata) for .constdata
    app_sht10.o(.text) refers to ffltui.o(.text) for __aeabi_ui2f
    app_sht10.o(.text) refers to fmul.o(.text) for __aeabi_fmul
    app_sht10.o(.text) refers to fadd.o(.text) for __aeabi_fadd
    app_sht10.o(.text) refers to f2d.o(.text) for __aeabi_f2d
    app_sht10.o(.text) refers to ddiv.o(.text) for __aeabi_ddiv
    app_sht10.o(.text) refers to dadd.o(.text) for __aeabi_dadd
    app_sht10.o(.text) refers to d2f.o(.text) for __aeabi_d2f
    app_sht10.o(.text) refers to i2c_bus.o(.text) for i2c_bus_start
    app_sht10.o(.text) refers to tasks.o(.text) for vTaskDelay
    app_sht10.o(.text) refers to queue.o(.text) for xQueueGenericReceive
    app_sht10.o(.text) refers to ffixui.o(.text) for __aeabi_f2uiz
    app_sht10.o(.text) refers to app_sht10.o(.data) for temp
    app_ds3231.o(.text) refers to i2c_bus.o(.text) for i2c_bus_read_ds3231
    app_ds3231.o(.text) refers to app_ds3231.o(.constdata) for rtc_days_in_month
    app_ds3231.o(.text) refers to queue.o(.text) for xQueueCreateMutex
    app_ds3231.o(.text) refers to tasks.o(.text) for vTaskDelay
    app_ds3231.o(.text) refers to stm32f10x_exti.o(.text) for EXTI_GetITStatus
    app_ds3231.o(.text) refers to app_ds3231.o(.data) for timeSync
    app_buz.o(.text) refers to queue.o(.text) for xQueueGenericReceive
    app_buz.o(.text) refers to stm32f10x_tim.o(.text) for TIM_CtrlPWMOutputs
    app_buz.o(.text) refers to tasks.o(.text) for vTaskDelay
    cli_api.o(.text) refers to heap_2.o(.text) for pvPortMalloc
    cli_api.o(.text) refers to port.o(.text) for vPortEnterCritical
    cli_api.o(.text) refers to strlen.o(.text) for strlen
    cli_api.o(.text) refers to strncmp.o(.text) for strncmp
    cli_api.o(.text) refers to printfa.o(i.__0sprintf) for __2sprintf
    cli_api.o(.text) refers to memseta.o(.text) for __aeabi_memclr
    cli_api.o(.text) refers to strcat.o(.text) for strcat
[...]

    Global Symbols

    Symbol Name                              Value     Ov Type        Size  Object(Section)

    BuildAttributes$$THM_ISAv4$P$D$K$B$S$PE$A:L22UL41UL21$X:L11$S22US41US21$IEEE1$IW$USESV6$~STKCKD$USESV7$~SHL$OTIME$ROPI$EBA8$MICROLIB$REQ8$PRES8$EABIv2 0x00000000   Number         0  anon$$obj.o ABSOLUTE
    __ARM_use_no_argv                        0x00000000   Number         0  main.o ABSOLUTE
    _printf_a                                0x00000000   Number         0  stubs.o ABSOLUTE
    _printf_c                                0x00000000   Number         0  stubs.o ABSOLUTE
    _printf_charcount                        0x00000000   Number         0  stubs.o ABSOLUTE
    _printf_d                                0x00000000   Number         0  stubs.o ABSOLUTE
    _printf_e                                0x00000000   Number         0  stubs.o ABSOLUTE
    _printf_f                                0x00000000   Number         0  stubs.o ABSOLUTE
    _printf_flags                            0x00000000   Number         0  stubs.o ABSOLUTE
    _printf_fp_dec                           0x00000000   Number         0  stubs.o ABSOLUTE
    _printf_fp_hex                           0x00000000   Number         0  stubs.o ABSOLUTE
    _printf_g                                0x00000000   Number         0  stubs.o ABSOLUTE
    _printf_i                                0x00000000   Number         0  stubs.o ABSOLUTE
    _printf_int_dec                          0x00000000   Number         0  stubs.o ABSOLUTE
    _printf_l                                0x00000000   Number         0  stubs.o ABSOLUTE
    _printf_lc                               0x00000000   Number         0  stubs.o ABSOLUTE
    _printf_ll                               0x00000000   Number         0  stubs.o ABSOLUTE
    _printf_lld                              0x00000000   Number         0  stubs.o ABSOLUTE
    _printf_lli                              0x00000000   Number         0  stubs.o ABSOLUTE
    _printf_llo                              0x00000000   Number         0  stubs.o ABSOLUTE
    _printf_llu                              0x00000000   Number         0  stubs.o ABSOLUTE
    _printf_llx                              0x00000000   Number         0  stubs.o ABSOLUTE
    _printf_longlong_dec                     0x00000000   Number         0  stubs.o ABSOLUTE
    _printf_longlong_hex                     0x00000000   Number         0  stubs.o ABSOLUTE
    _printf_longlong_oct                     0x00000000   Number         0  stubs.o ABSOLUTE
    _printf_ls                               0x00000000   Number         0  stubs.o ABSOLUTE
    _printf_mbtowc                           0x00000000   Number         0  stubs.o ABSOLUTE
    _printf_n                                0x00000000   Number         0  stubs.o ABSOLUTE
    _printf_o                                0x00000000   Number         0  stubs.o ABSOLUTE
    _printf_p                                0x00000000   Number         0  stubs.o ABSOLUTE
    _printf_percent                          0x00000000   Number         0  stubs.o ABSOLUTE
    _printf_pre_padding                      0x00000000   Number         0  stubs.o ABSOLUTE
    _printf_return_value                     0x00000000   Number         0  stubs.o ABSOLUTE
    _printf_s                                0x00000000   Number         0  stubs.o ABSOLUTE
    _printf_sizespec                         0x00000000   Number         0  stubs.o ABSOLUTE
    _printf_str                              0x00000000   Number         0  stubs.o ABSOLUTE
    _printf_truncate_signed                  0x00000000   Number         0  stubs.o ABSOLUTE
    _printf_truncate_unsigned                0x00000000   Number         0  stubs.o ABSOLUTE
    _printf_u                                0x00000000   Number         0  stubs.o ABSOLUTE
    _printf_wc                               0x00000000   Number         0  stubs.o ABSOLUTE
    _printf_wctomb                           0x00000000   Number         0  stubs.o ABSOLUTE
    _printf_widthprec                        0x00000000   Number         0  stubs.o ABSOLUTE
    _printf_x                                0x00000000   Number         0  stubs.o ABSOLUTE
    __cpp_initialize__aeabi_                  - Undefined Weak Reference
    __cxa_finalize                            - Undefined Weak Reference
    _clock_init                               - Undefined Weak Reference
    _microlib_exit                            - Undefined Weak Reference
    _scanf_longlong                           - Undefined Weak Reference
    _scanf_real                               - Undefined Weak Reference
    __Vectors                                0x08000000   Data           4  cstartup.o(RESET)
    __main                                   0x080000ed   Thumb Code     0  entry.o(.ARM.Collect$$$$00000000)
    _main_stk                                0x080000ed   Thumb Code     0  entry2.o(.ARM.Collect$$$$00000001)
    _main_scatterload                        0x080000f1   Thumb Code     0  entry5.o(.ARM.Collect$$$$00000004)
    __main_after_scatterload                 0x080000f5   Thumb Code     0  entry5.o(.ARM.Collect$$$$00000004)
    _main_clock                              0x080000f5   Thumb Code     0  entry7b.o(.ARM.Collect$$$$00000008)
    _main_cpp_init                           0x080000f5   Thumb Code     0  entry8b.o(.ARM.Collect$$$$0000000A)
    _main_init                               0x080000f5   Thumb Code     0  entry9a.o(.ARM.Collect$$$$0000000B)
    __rt_final_cpp                           0x080000fd   Thumb Code     0  entry10a.o(.ARM.Collect$$$$0000000D)
    __rt_final_exit                          0x080000fd   Thumb Code     0  entry11a.o(.ARM.Collect$$$$0000000F)
    vPortSVCHandler                          0x08000101   Thumb Code    32  port.o(.emb_text)
    __asm___6_port_c_39a90d8d__prvStartFirstTask 0x08000125   Thumb Code    28  port.o(.emb_text)
    xPortPendSVHandler                       0x08000145   Thumb Code    72  port.o(.emb_text)
    vPortGetIPSR                             0x08000191   Thumb Code     6  port.o(.emb_text)
    main_get_task_handle                     0x08000199   Thumb Code    10  main.o(.text)
    main                                     0x080001a3   Thumb Code   200  main.o(.text)
    app_led_init                             0x080002d9   Thumb Code    46  app_led.o(.text)
    app_led_task_blink                       0x08000307   Thumb Code    54  app_led.o(.text)
    LwIP_Init                                0x08000345   Thumb Code   254  netconfig.o(.text)
    netconfig_get_pmac                       0x08000443   Thumb Code     4  netconfig.o(.text)
    xSerialPutChar                           0x08000465   Thumb Code    46  app_serial.o(.text)
    vSerialPutString                         0x08000493   Thumb Code    38  app_serial.o(.text)
    dbg_string                               0x080004b9   Thumb Code    42  app_serial.o(.text)
    serial_init                              0x080004e3   Thumb Code   236  app_serial.o(.text)
    xSerialGetChar                           0x080005cf   Thumb Code    32  app_serial.o(.text)
    USART1_IRQHandler                        0x080005ef   Thumb Code   154  app_serial.o(.text)
    app_display_set_show                     0x08000703   Thumb Code    28  app_display.o(.text)
    app_display_task                         0x08000843   Thumb Code   142  app_display.o(.text)
    app_sht10_get_res                        0x080009a5   Thumb Code   148  app_sht10.o(.text)
    app_sht10_get_info                       0x08000a39   Thumb Code    44  app_sht10.o(.text)
    app_sht10_task                           0x08000a65   Thumb Code   158  app_sht10.o(.text)
    rtc_valid_tm                             0x08000b71   Thumb Code    72  app_ds3231.o(.text)
    app_ds3231_read_time                     0x08000bb9   Thumb Code   302  app_ds3231.o(.text)
    app_ds3231_set_time                      0x08000ce7   Thumb Code   292  app_ds3231.o(.text)
    app_ds3231_task                          0x0800101d   Thumb Code   324  app_ds3231.o(.text)
    EXTI0_IRQHandler                         0x08001161   Thumb Code    52  app_ds3231.o(.text)
    app_buz_task                             0x0800119d   Thumb Code    60  app_buz.o(.text)
    cli_api_get_cmd_list                     0x080011dd   Thumb Code     4  cli_api.o(.text)
    FreeRTOS_CLIRegisterCommand              0x080011e1   Thumb Code    46  cli_api.o(.text)
    FreeRTOS_CLIProcessCommand               0x0800123d   Thumb Code   230  cli_api.o(.text)
    FreeRTOS_CLIGetParameter                 0x08001323   Thumb Code    92  cli_api.o(.text)
    vRegisterCLICommands                     0x080013fd   Thumb Code    58  cli-commands.o(.text)
    vUARTCommandConsoleStart                 0x08001b37   Thumb Code    36  uart_console.o(.text)
    vOutputString                            0x08001b5b   Thumb Code    60  uart_console.o(.text)
    bsp_init                                 0x08001e0b   Thumb Code    48  bsp.o(.text)
    dm9000x_gpio_inital                      0x08001e5d   Thumb Code    90  dm9000x.o(.text)
    dm9000x_read_id                          0x08001f67   Thumb Code    68  dm9000x.o(.text)
    dm9000x_inital                           0x08001fab   Thumb Code   278  dm9000x.o(.text)
    dm9000x_sendpacket                       0x080020c1   Thumb Code   154  dm9000x.o(.text)
    dm9000x_receivepacket                    0x0800215b   Thumb Code   322  dm9000x.o(.text)
    i2c_bus_sda_dir                          0x0800233b   Thumb Code    72  i2c_bus.o(.text)
    i2c_bus_start                            0x08002383   Thumb Code   256  i2c_bus.o(.text)
    i2c_bus_init                             0x0800250d   Thumb Code   218  i2c_bus.o(.text)
    I2C_BUS_SDA_STATE                        0x080026ed   Thumb Code    40  i2c_bus.o(.text)
    i2c_bus_write_byte                       0x08002715   Thumb Code   266  i2c_bus.o(.text)
    i2c_bus_read_byte                        0x0800281f   Thumb Code   124  i2c_bus.o(.text)
    i2c_bus_write_ds3231                     0x0800289b   Thumb Code    80  i2c_bus.o(.text)
    i2c_bus_read_ds3231                      0x080028eb   Thumb Code   106  i2c_bus.o(.text)
    Reset_Handler                            0x080029e1   Thumb Code     4  cstartup.o(.text)
    NMI_Handler                              0x080029e5   Thumb Code     2  cstartup.o(.text)
    HardFault_Handler                        0x080029e7   Thumb Code     2  cstartup.o(.text)
    MemManage_Handler                        0x080029e9   Thumb Code     2  cstartup.o(.text)
    BusFault_Handler                         0x080029eb   Thumb Code     2  cstartup.o(.text)
    UsageFault_Handler                       0x080029ed   Thumb Code     2  cstartup.o(.text)
    SVC_Handler                              0x080029ef   Thumb Code     2  cstartup.o(.text)
    DebugMon_Handler                         0x080029f1   Thumb Code     2  cstartup.o(.text)
    PendSV_Handler                           0x080029f3   Thumb Code     2  cstartup.o(.text)
    SysTick_Handler                          0x080029f5   Thumb Code     2  cstartup.o(.text)
    ADC_IRQHandler                           0x080029f7   Thumb Code     0  cstartup.o(.text)
    CAN_RX1_IRQHandler                       0x080029f7   Thumb Code     0  cstartup.o(.text)
    CAN_SCE_IRQHandler                       0x080029f7   Thumb Code     0  cstartup.o(.text)
    DMAChannel1_IRQHandler                   0x080029f7   Thumb Code     0  cstartup.o(.text)
    DMAChannel2_IRQHandler                   0x080029f7   Thumb Code     0  cstartup.o(.text)
    DMAChannel3_IRQHandler                   0x080029f7   Thumb Code     0  cstartup.o(.text)
    DMAChannel4_IRQHandler                   0x080029f7   Thumb Code     0  cstartup.o(.text)
    DMAChannel5_IRQHandler                   0x080029f7   Thumb Code     0  cstartup.o(.text)
    DMAChannel6_IRQHandler                   0x080029f7   Thumb Code     0  cstartup.o(.text)
    DMAChannel7_IRQHandler                   0x080029f7   Thumb Code     0  cstartup.o(.text)
    EXTI15_10_IRQHandler                     0x080029f7   Thumb Code     0  cstartup.o(.text)
    EXTI1_IRQHandler                         0x080029f7   Thumb Code     0  cstartup.o(.text)
    EXTI2_IRQHandler                         0x080029f7   Thumb Code     0  cstartup.o(.text)
    EXTI3_IRQHandler                         0x080029f7   Thumb Code     0  cstartup.o(.text)
    EXTI4_IRQHandler                         0x080029f7   Thumb Code     0  cstartup.o(.text)
    EXTI9_5_IRQHandler                       0x080029f7   Thumb Code     0  cstartup.o(.text)
    FLASH_IRQHandler                         0x080029f7   Thumb Code     0  cstartup.o(.text)
    I2C1_ER_IRQHandler                       0x080029f7   Thumb Code     0  cstartup.o(.text)
    I2C1_EV_IRQHandler                       0x080029f7   Thumb Code     0  cstartup.o(.text)
    I2C2_ER_IRQHandler                       0x080029f7   Thumb Code     0  cstartup.o(.text)
    I2C2_EV_IRQHandler                       0x080029f7   Thumb Code     0  cstartup.o(.text)
    PVD_IRQHandler                           0x080029f7   Thumb Code     0  cstartup.o(.text)
    RCC_IRQHandler                           0x080029f7   Thumb Code     0  cstartup.o(.text)
    RTCAlarm_IRQHandler                      0x080029f7   Thumb Code     0  cstartup.o(.text)
    RTC_IRQHandler                           0x080029f7   Thumb Code     0  cstartup.o(.text)
    SPI1_IRQHandler                          0x080029f7   Thumb Code     0  cstartup.o(.text)
    SPI2_IRQHandler                          0x080029f7   Thumb Code     0  cstartup.o(.text)
    TAMPER_IRQHandler                        0x080029f7   Thumb Code     0  cstartup.o(.text)
    TIM1_BRK_IRQHandler                      0x080029f7   Thumb Code     0  cstartup.o(.text)
    TIM1_CC_IRQHandler                       0x080029f7   Thumb Code     0  cstartup.o(.text)
    TIM1_TRG_COM_IRQHandler                  0x080029f7   Thumb Code     0  cstartup.o(.text)
    TIM1_UP_IRQHandler                       0x080029f7   Thumb Code     0  cstartup.o(.text)
    TIM2_IRQHandler                          0x080029f7   Thumb Code     0  cstartup.o(.text)
    TIM3_IRQHandler                          0x080029f7   Thumb Code     0  cstartup.o(.text)
    TIM4_IRQHandler                          0x080029f7   Thumb Code     0  cstartup.o(.text)
    USART2_IRQHandler                        0x080029f7   Thumb Code     0  cstartup.o(.text)
    USART3_IRQHandler                        0x080029f7   Thumb Code     0  cstartup.o(.text)
    USBWakeUp_IRQHandler                     0x080029f7   Thumb Code     0  cstartup.o(.text)
    USB_HP_CAN_TX_IRQHandler                 0x080029f7   Thumb Code     0  cstartup.o(.text)
    USB_LP_CAN_RX0_IRQHandler                0x080029f7   Thumb Code     0  cstartup.o(.text)
    WWDG_IRQHandler                          0x080029f7   Thumb Code     0  cstartup.o(.text)
    GPIO_DeInit                              0x080029fd   Thumb Code   172  stm32f10x_gpio.o(.text)
    GPIO_AFIODeInit                          0x08002aa9   Thumb Code    20  stm32f10x_gpio.o(.text)
    GPIO_Init                                0x08002abd   Thumb Code   278  stm32f10x_gpio.o(.text)
    GPIO_StructInit                          0x08002bd3   Thumb Code    16  stm32f10x_gpio.o(.text)
    GPIO_ReadInputDataBit                    0x08002be3   Thumb Code    18  stm32f10x_gpio.o(.text)
    GPIO_ReadInputData                       0x08002bf5   Thumb Code     8  stm32f10x_gpio.o(.text)
    GPIO_ReadOutputDataBit                   0x08002bfd   Thumb Code    18  stm32f10x_gpio.o(.text)
    GPIO_ReadOutputData                      0x08002c0f   Thumb Code     8  stm32f10x_gpio.o(.text)
    GPIO_SetBits                             0x08002c17   Thumb Code     4  stm32f10x_gpio.o(.text)
    GPIO_ResetBits                           0x08002c1b   Thumb Code     4  stm32f10x_gpio.o(.text)
    GPIO_WriteBit                            0x08002c1f   Thumb Code    10  stm32f10x_gpio.o(.text)
    GPIO_Write                               0x08002c29   Thumb Code     4  stm32f10x_gpio.o(.text)
    GPIO_PinLockConfig                       0x08002c2d   Thumb Code    18  stm32f10x_gpio.o(.text)
    GPIO_EventOutputConfig                   0x08002c3f   Thumb Code    26  stm32f10x_gpio.o(.text)
    GPIO_EventOutputCmd                      0x08002c59   Thumb Code     6  stm32f10x_gpio.o(.text)
    GPIO_PinRemapConfig                      0x08002c5f   Thumb Code   138  stm32f10x_gpio.o(.text)
    GPIO_EXTILineConfig                      0x08002ce9   Thumb Code    66  stm32f10x_gpio.o(.text)
    GPIO_ETH_MediaInterfaceConfig            0x08002d2b   Thumb Code     8  stm32f10x_gpio.o(.text)
    RCC_DeInit                               0x08002d59   Thumb Code    64  stm32f10x_rcc.o(.text)
    RCC_HSEConfig                            0x08002d99   Thumb Code    70  stm32f10x_rcc.o(.text)
    RCC_GetFlagStatus                        0x08002ddf   Thumb Code    56  stm32f10x_rcc.o(.text)
    RCC_WaitForHSEStartUp                    0x08002e17   Thumb Code    56  stm32f10x_rcc.o(.text)
    RCC_AdjustHSICalibrationValue            0x08002e4f   Thumb Code    20  stm32f10x_rcc.o(.text)
    RCC_HSICmd                               0x08002e63   Thumb Code     6  stm32f10x_rcc.o(.text)
    RCC_PLLConfig                            0x08002e69   Thumb Code    24  stm32f10x_rcc.o(.text)
    RCC_PLLCmd                               0x08002e81   Thumb Code     6  stm32f10x_rcc.o(.text)
    RCC_SYSCLKConfig                         0x08002e87   Thumb Code    18  stm32f10x_rcc.o(.text)
    RCC_GetSYSCLKSource                      0x08002e99   Thumb Code    10  stm32f10x_rcc.o(.text)
    RCC_HCLKConfig                           0x08002ea3   Thumb Code    18  stm32f10x_rcc.o(.text)
    RCC_PCLK1Config                          0x08002eb5   Thumb Code    18  stm32f10x_rcc.o(.text)
    RCC_PCLK2Config                          0x08002ec7   Thumb Code    20  stm32f10x_rcc.o(.text)
    RCC_ITConfig                             0x08002edb   Thumb Code    26  stm32f10x_rcc.o(.text)
    RCC_USBCLKConfig                         0x08002ef5   Thumb Code     8  stm32f10x_rcc.o(.text)
    RCC_ADCCLKConfig                         0x08002efd   Thumb Code    18  stm32f10x_rcc.o(.text)
    RCC_LSEConfig                            0x08002f0f   Thumb Code    50  stm32f10x_rcc.o(.text)
    RCC_LSICmd                               0x08002f41   Thumb Code     6  stm32f10x_rcc.o(.text)
    RCC_RTCCLKConfig                         0x08002f47   Thumb Code    12  stm32f10x_rcc.o(.text)
    RCC_RTCCLKCmd                            0x08002f53   Thumb Code     8  stm32f10x_rcc.o(.text)
    RCC_GetClocksFreq                        0x08002f5b   Thumb Code   192  stm32f10x_rcc.o(.text)
    RCC_AHBPeriphClockCmd                    0x0800301b   Thumb Code    26  stm32f10x_rcc.o(.text)
    RCC_APB2PeriphClockCmd                   0x08003035   Thumb Code    26  stm32f10x_rcc.o(.text)
    RCC_APB1PeriphClockCmd                   0x0800304f   Thumb Code    26  stm32f10x_rcc.o(.text)
    RCC_APB2PeriphResetCmd                   0x08003069   Thumb Code    26  stm32f10x_rcc.o(.text)
    RCC_APB1PeriphResetCmd                   0x08003083   Thumb Code    26  stm32f10x_rcc.o(.text)
    RCC_BackupResetCmd                       0x0800309d   Thumb Code     8  stm32f10x_rcc.o(.text)
    RCC_ClockSecuritySystemCmd               0x080030a5   Thumb Code     6  stm32f10x_rcc.o(.text)
    RCC_MCOConfig                            0x080030ab   Thumb Code     6  stm32f10x_rcc.o(.text)
    RCC_ClearFlag                            0x080030b1   Thumb Code    14  stm32f10x_rcc.o(.text)
    RCC_GetITStatus                          0x080030bf   Thumb Code    20  stm32f10x_rcc.o(.text)
    RCC_ClearITPendingBit                    0x080030d3   Thumb Code     6  stm32f10x_rcc.o(.text)
    NVIC_PriorityGroupConfig                 0x080030fd   Thumb Code    10  misc.o(.text)
    NVIC_Init                                0x08003107   Thumb Code   100  misc.o(.text)
    NVIC_SetVectorTable                      0x0800316b   Thumb Code    14  misc.o(.text)
    NVIC_SystemLPConfig                      0x08003179   Thumb Code    34  misc.o(.text)
    SysTick_CLKSourceConfig                  0x0800319b   Thumb Code    40  misc.o(.text)
    USART_DeInit                             0x080031d9   Thumb Code   134  stm32f10x_usart.o(.text)
    USART_Init                               0x0800325f   Thumb Code   210  stm32f10x_usart.o(.text)
    USART_StructInit                         0x08003331   Thumb Code    24  stm32f10x_usart.o(.text)
    USART_ClockInit                          0x08003349   Thumb Code    34  stm32f10x_usart.o(.text)
    USART_ClockStructInit                    0x0800336b   Thumb Code    12  stm32f10x_usart.o(.text)
    USART_Cmd                                0x08003377   Thumb Code    24  stm32f10x_usart.o(.text)
    USART_ITConfig                           0x0800338f   Thumb Code    74  stm32f10x_usart.o(.text)
    USART_DMACmd                             0x080033d9   Thumb Code    18  stm32f10x_usart.o(.text)
    USART_SetAddress                         0x080033eb   Thumb Code    18  stm32f10x_usart.o(.text)
    USART_WakeUpConfig                       0x080033fd   Thumb Code    18  stm32f10x_usart.o(.text)
    USART_ReceiverWakeUpCmd                  0x0800340f   Thumb Code    24  stm32f10x_usart.o(.text)
    USART_LINBreakDetectLengthConfig         0x08003427   Thumb Code    18  stm32f10x_usart.o(.text)
    USART_LINCmd                             0x08003439   Thumb Code    24  stm32f10x_usart.o(.text)
    USART_SendData                           0x08003451   Thumb Code     8  stm32f10x_usart.o(.text)
    USART_ReceiveData                        0x08003459   Thumb Code    10  stm32f10x_usart.o(.text)
    USART_SendBreak                          0x08003463   Thumb Code    10  stm32f10x_usart.o(.text)
    USART_SetGuardTime                       0x0800346d   Thumb Code    16  stm32f10x_usart.o(.text)
    USART_SetPrescaler                       0x0800347d   Thumb Code    16  stm32f10x_usart.o(.text)
    USART_SmartCardCmd                       0x0800348d   Thumb Code    24  stm32f10x_usart.o(.text)
    USART_SmartCardNACKCmd                   0x080034a5   Thumb Code    24  stm32f10x_usart.o(.text)
    USART_HalfDuplexCmd                      0x080034bd   Thumb Code    24  stm32f10x_usart.o(.text)
    USART_OverSampling8Cmd                   0x080034d5   Thumb Code    22  stm32f10x_usart.o(.text)
    USART_OneBitMethodCmd                    0x080034eb   Thumb Code    24  stm32f10x_usart.o(.text)
    USART_IrDAConfig                         0x08003503   Thumb Code    18  stm32f10x_usart.o(.text)
    USART_IrDACmd                            0x08003515   Thumb Code    24  stm32f10x_usart.o(.text)
    USART_GetFlagStatus                      0x0800352d   Thumb Code    26  stm32f10x_usart.o(.text)
    USART_ClearFlag                          0x08003547   Thumb Code    18  stm32f10x_usart.o(.text)
    USART_GetITStatus                        0x08003559   Thumb Code    84  stm32f10x_usart.o(.text)
    USART_ClearITPendingBit                  0x080035ad   Thumb Code    52  stm32f10x_usart.o(.text)
    EXTI_DeInit                              0x080035e1   Thumb Code    28  stm32f10x_exti.o(.text)
    EXTI_Init                                0x080035fd   Thumb Code   142  stm32f10x_exti.o(.text)
    EXTI_StructInit                          0x0800368b   Thumb Code    16  stm32f10x_exti.o(.text)
    EXTI_GenerateSWInterrupt                 0x0800369b   Thumb Code    16  stm32f10x_exti.o(.text)
    EXTI_GetFlagStatus                       0x080036ab   Thumb Code    22  stm32f10x_exti.o(.text)
    EXTI_ClearFlag                           0x080036c1   Thumb Code     8  stm32f10x_exti.o(.text)
    EXTI_GetITStatus                         0x080036c9   Thumb Code    34  stm32f10x_exti.o(.text)
    EXTI_ClearITPendingBit                   0x080036eb   Thumb Code     8  stm32f10x_exti.o(.text)
    TIM_DeInit                               0x080036fd   Thumb Code   424  stm32f10x_tim.o(.text)
    TIM_TimeBaseInit                         0x080038a5   Thumb Code   122  stm32f10x_tim.o(.text)
    TIM_OC1Init                              0x0800391f   Thumb Code   132  stm32f10x_tim.o(.text)
    TIM_OC2Init                              0x080039a3   Thumb Code   154  stm32f10x_tim.o(.text)
    TIM_OC3Init                              0x08003a3d   Thumb Code   150  stm32f10x_tim.o(.text)
    TIM_OC4Init                              0x08003ad3   Thumb Code   182  stm32f10x_tim.o(.text)
    TIM_SetIC4Prescaler                      0x08003b89   Thumb Code    26  stm32f10x_tim.o(.text)
    TIM_SetIC3Prescaler                      0x08003c25   Thumb Code    18  stm32f10x_tim.o(.text)
    TIM_SetIC2Prescaler                      0x08003cb1   Thumb Code    26  stm32f10x_tim.o(.text)
    TIM_SetIC1Prescaler                      0x08003d4d   Thumb Code    18  stm32f10x_tim.o(.text)
    TIM_ICInit                               0x08003dcb   Thumb Code   150  stm32f10x_tim.o(.text)
    TIM_PWMIConfig                           0x08003e61   Thumb Code   124  stm32f10x_tim.o(.text)
    TIM_BDTRConfig                           0x08003edd   Thumb Code    32  stm32f10x_tim.o(.text)
    TIM_TimeBaseStructInit                   0x08003efd   Thumb Code    18  stm32f10x_tim.o(.text)
    TIM_OCStructInit                         0x08003f0f   Thumb Code    20  stm32f10x_tim.o(.text)
    TIM_ICStructInit                         0x08003f23   Thumb Code    18  stm32f10x_tim.o(.text)
    TIM_BDTRStructInit                       0x08003f35   Thumb Code    40  stm32f10x_tim.o(.text)
    TIM_Cmd                                  0x08003f5d   Thumb Code    24  stm32f10x_tim.o(.text)
    TIM_CtrlPWMOutputs                       0x08003f75   Thumb Code    30  stm32f10x_tim.o(.text)
    TIM_ITConfig                             0x08003f93   Thumb Code    18  stm32f10x_tim.o(.text)
    TIM_GenerateEvent                        0x08003fa5   Thumb Code     4  stm32f10x_tim.o(.text)
    TIM_DMAConfig                            0x08003fa9   Thumb Code    10  stm32f10x_tim.o(.text)
    TIM_DMACmd                               0x08003fb3   Thumb Code    18  stm32f10x_tim.o(.text)
    TIM_InternalClockConfig                  0x08003fc5   Thumb Code    12  stm32f10x_tim.o(.text)
    TIM_SelectInputTrigger                   0x08003fd1   Thumb Code    18  stm32f10x_tim.o(.text)
    TIM_ITRxExternalClockConfig              0x08003fe3   Thumb Code    24  stm32f10x_tim.o(.text)
    TIM_TIxExternalClockConfig               0x08003ffb   Thumb Code    62  stm32f10x_tim.o(.text)
    TIM_ETRConfig                            0x08004039   Thumb Code    28  stm32f10x_tim.o(.text)
    TIM_ETRClockMode1Config                  0x08004055   Thumb Code    54  stm32f10x_tim.o(.text)
    TIM_ETRClockMode2Config                  0x0800408b   Thumb Code    32  stm32f10x_tim.o(.text)
    TIM_PrescalerConfig                      0x080040ab   Thumb Code     6  stm32f10x_tim.o(.text)
    TIM_CounterModeConfig                    0x080040b1   Thumb Code    18  stm32f10x_tim.o(.text)
    TIM_EncoderInterfaceConfig               0x080040c3   Thumb Code    66  stm32f10x_tim.o(.text)
    TIM_ForcedOC1Config                      0x08004105   Thumb Code    18  stm32f10x_tim.o(.text)
    TIM_ForcedOC2Config                      0x08004117   Thumb Code    26  stm32f10x_tim.o(.text)
    TIM_ForcedOC3Config                      0x08004131   Thumb Code    18  stm32f10x_tim.o(.text)
    TIM_ForcedOC4Config                      0x08004143   Thumb Code    26  stm32f10x_tim.o(.text)
    TIM_ARRPreloadConfig                     0x0800415d   Thumb Code    24  stm32f10x_tim.o(.text)
    TIM_SelectCOM                            0x08004175   Thumb Code    24  stm32f10x_tim.o(.text)
    TIM_SelectCCDMA                          0x0800418d   Thumb Code    24  stm32f10x_tim.o(.text)
    TIM_CCPreloadControl                     0x080041a5   Thumb Code    24  stm32f10x_tim.o(.text)
    TIM_OC1PreloadConfig                     0x080041bd   Thumb Code    18  stm32f10x_tim.o(.text)
    TIM_OC2PreloadConfig                     0x080041cf   Thumb Code    26  stm32f10x_tim.o(.text)
    TIM_OC3PreloadConfig                     0x080041e9   Thumb Code    18  stm32f10x_tim.o(.text)
    TIM_OC4PreloadConfig                     0x080041fb   Thumb Code    26  stm32f10x_tim.o(.text)
    TIM_OC1FastConfig                        0x08004215   Thumb Code    18  stm32f10x_tim.o(.text)
    TIM_OC2FastConfig                        0x08004227   Thumb Code    26  stm32f10x_tim.o(.text)
    TIM_OC3FastConfig                        0x08004241   Thumb Code    18  stm32f10x_tim.o(.text)
    TIM_OC4FastConfig                        0x08004253   Thumb Code    26  stm32f10x_tim.o(.text)
    TIM_ClearOC1Ref                          0x0800426d   Thumb Code    18  stm32f10x_tim.o(.text)
    TIM_ClearOC2Ref                          0x0800427f   Thumb Code    24  stm32f10x_tim.o(.text)
    TIM_ClearOC3Ref                          0x08004297   Thumb Code    18  stm32f10x_tim.o(.text)
    TIM_ClearOC4Ref                          0x080042a9   Thumb Code    24  stm32f10x_tim.o(.text)
    TIM_OC1PolarityConfig                    0x080042c1   Thumb Code    18  stm32f10x_tim.o(.text)
    TIM_OC1NPolarityConfig                   0x080042d3   Thumb Code    18  stm32f10x_tim.o(.text)
    TIM_OC2PolarityConfig                    0x080042e5   Thumb Code    26  stm32f10x_tim.o(.text)
    TIM_OC2NPolarityConfig                   0x080042ff   Thumb Code    26  stm32f10x_tim.o(.text)
    TIM_OC3PolarityConfig                    0x08004319   Thumb Code    26  stm32f10x_tim.o(.text)
    TIM_OC3NPolarityConfig                   0x08004333   Thumb Code    26  stm32f10x_tim.o(.text)
    TIM_OC4PolarityConfig                    0x0800434d   Thumb Code    26  stm32f10x_tim.o(.text)
    TIM_CCxCmd                               0x08004367   Thumb Code    30  stm32f10x_tim.o(.text)
    TIM_CCxNCmd                              0x08004385   Thumb Code    30  stm32f10x_tim.o(.text)
    TIM_SelectOCxM                           0x080043a3   Thumb Code    82  stm32f10x_tim.o(.text)
    TIM_UpdateDisableConfig                  0x080043f5   Thumb Code    24  stm32f10x_tim.o(.text)
    TIM_UpdateRequestConfig                  0x0800440d   Thumb Code    24  stm32f10x_tim.o(.text)
    TIM_SelectHallSensor                     0x08004425   Thumb Code    24  stm32f10x_tim.o(.text)
    TIM_SelectOnePulseMode                   0x0800443d   Thumb Code    18  stm32f10x_tim.o(.text)
    TIM_SelectOutputTrigger                  0x0800444f   Thumb Code    18  stm32f10x_tim.o(.text)
    TIM_SelectSlaveMode                      0x08004461   Thumb Code    18  stm32f10x_tim.o(.text)
    TIM_SelectMasterSlaveMode                0x08004473   Thumb Code    18  stm32f10x_tim.o(.text)
    TIM_SetCounter                           0x08004485   Thumb Code     4  stm32f10x_tim.o(.text)
    TIM_SetAutoreload                        0x08004489   Thumb Code     4  stm32f10x_tim.o(.text)
    TIM_SetCompare1                          0x0800448d   Thumb Code     4  stm32f10x_tim.o(.text)
    TIM_SetCompare2                          0x08004491   Thumb Code     4  stm32f10x_tim.o(.text)
    TIM_SetCompare3                          0x08004495   Thumb Code     4  stm32f10x_tim.o(.text)
    TIM_SetCompare4                          0x08004499   Thumb Code     6  stm32f10x_tim.o(.text)
    TIM_SetClockDivision                     0x0800449f   Thumb Code    18  stm32f10x_tim.o(.text)
    TIM_GetCapture1                          0x080044b1   Thumb Code     6  stm32f10x_tim.o(.text)
    TIM_GetCapture2                          0x080044b7   Thumb Code     6  stm32f10x_tim.o(.text)
    TIM_GetCapture3                          0x080044bd   Thumb Code     6  stm32f10x_tim.o(.text)
    TIM_GetCapture4                          0x080044c3   Thumb Code     8  stm32f10x_tim.o(.text)
    TIM_GetCounter                           0x080044cb   Thumb Code     6  stm32f10x_tim.o(.text)
    TIM_GetPrescaler                         0x080044d1   Thumb Code     6  stm32f10x_tim.o(.text)
    TIM_GetFlagStatus                        0x080044d7   Thumb Code    18  stm32f10x_tim.o(.text)
    TIM_ClearFlag                            0x080044e9   Thumb Code     6  stm32f10x_tim.o(.text)
    TIM_GetITStatus                          0x080044ef   Thumb Code    34  stm32f10x_tim.o(.text)
    TIM_ClearITPendingBit                    0x08004511   Thumb Code     6  stm32f10x_tim.o(.text)
    vListInitialise                          0x08004517   Thumb Code    26  list.o(.text)
    vListInitialiseItem                      0x08004531   Thumb Code     6  list.o(.text)
    vListInsertEnd                           0x08004537   Thumb Code    24  list.o(.text)
    vListInsert                              0x0800454f   Thumb Code    52  list.o(.text)
    uxListRemove                             0x08004583   Thumb Code    40  list.o(.text)
    xQueueGenericReset                       0x080045ad   Thumb Code   122  queue.o(.text)
    xQueueGenericCreate                      0x08004651   Thumb Code    56  queue.o(.text)
    xQueueGenericSend                        0x080047a1   Thumb Code   276  queue.o(.text)
    xQueueCreateMutex                        0x080048d1   Thumb Code    34  queue.o(.text)
    xQueueGenericSendFromISR                 0x080048f3   Thumb Code   134  queue.o(.text)
    xQueueGiveFromISR                        0x08004979   Thumb Code   124  queue.o(.text)
    xQueueGenericReceive                     0x08004a39   Thumb Code   342  queue.o(.text)
    xQueueReceiveFromISR                     0x08004b8f   Thumb Code   130  queue.o(.text)
    xQueuePeekFromISR                        0x08004c11   Thumb Code    74  queue.o(.text)
    uxQueueMessagesWaiting                   0x08004c5b   Thumb Code    18  queue.o(.text)
    uxQueueSpacesAvailable                   0x08004c6d   Thumb Code    24  queue.o(.text)
    uxQueueMessagesWaitingFromISR            0x08004c85   Thumb Code     6  queue.o(.text)
    vQueueDelete                             0x08004c8b   Thumb Code    14  queue.o(.text)
    uxQueueGetQueueNumber                    0x08004c99   Thumb Code     6  queue.o(.text)
    vQueueSetQueueNumber                     0x08004c9f   Thumb Code     4  queue.o(.text)
    ucQueueGetQueueType                      0x08004ca3   Thumb Code     8  queue.o(.text)
    xQueueIsQueueEmptyFromISR                0x08004cab   Thumb Code    14  queue.o(.text)
    xQueueIsQueueFullFromISR                 0x08004cb9   Thumb Code    18  queue.o(.text)
    xTaskCreate                              0x08004e4d   Thumb Code    92  tasks.o(.text)
    vTaskDelete                              0x08004ee5   Thumb Code   176  tasks.o(.text)
    xTaskIncrementTick                       0x08004f95   Thumb Code   238  tasks.o(.text)
    xTaskResumeAll                           0x08005083   Thumb Code   284  tasks.o(.text)
    vTaskSuspendAll                          0x0800521b   Thumb Code    12  tasks.o(.text)
    vTaskDelayUntil                          0x08005227   Thumb Code   106  tasks.o(.text)
    vTaskDelay                               0x08005291   Thumb Code    46  tasks.o(.text)
    eTaskGetState                            0x080052bf   Thumb Code    88  tasks.o(.text)
    uxTaskPriorityGet                        0x08005317   Thumb Code    30  tasks.o(.text)
    uxTaskPriorityGetFromISR                 0x08005335   Thumb Code    52  tasks.o(.text)
    vTaskPrioritySet                         0x08005369   Thumb Code   226  tasks.o(.text)
    vTaskSwitchContext                       0x0800544b   Thumb Code    76  tasks.o(.text)
    vTaskSuspend                             0x08005497   Thumb Code   220  tasks.o(.text)
    vTaskResume                              0x080055ab   Thumb Code   104  tasks.o(.text)
    xTaskResumeFromISR                       0x08005613   Thumb Code   130  tasks.o(.text)
    vTaskStartScheduler                      0x0800570b   Thumb Code    74  tasks.o(.text)
    vTaskEndScheduler                        0x08005755   Thumb Code    32  tasks.o(.text)
    xTaskGetTickCount                        0x08005775   Thumb Code     6  tasks.o(.text)
    xTaskGetTickCountFromISR                 0x0800577b   Thumb Code     8  tasks.o(.text)
    uxTaskGetNumberOfTasks                   0x08005783   Thumb Code     6  tasks.o(.text)
    pcTaskGetName                            0x08005789   Thumb Code    20  tasks.o(.text)
    vTaskGetTaskInfo                         0x080057b3   Thumb Code   114  tasks.o(.text)
    uxTaskGetSystemState                     0x0800588f   Thumb Code   152  tasks.o(.text)
    vTaskPlaceOnEventList                    0x08005927   Thumb Code   106  tasks.o(.text)
    vTaskPlaceOnUnorderedEventList           0x08005991   Thumb Code    40  tasks.o(.text)
    xTaskRemoveFromEventList                 0x080059b9   Thumb Code   104  tasks.o(.text)
    xTaskRemoveFromUnorderedEventList        0x08005a21   Thumb Code    94  tasks.o(.text)
    vTaskSetTimeOutState                     0x08005a7f   Thumb Code    14  tasks.o(.text)
    xTaskCheckForTimeOut                     0x08005a8d   Thumb Code    84  tasks.o(.text)
    vTaskMissedYield                         0x08005ae1   Thumb Code     8  tasks.o(.text)
    uxTaskGetTaskNumber                      0x08005ae9   Thumb Code    14  tasks.o(.text)
    vTaskSetTaskNumber                       0x08005af7   Thumb Code     8  tasks.o(.text)
    uxTaskGetStackHighWaterMark              0x08005aff   Thumb Code    34  tasks.o(.text)
    xTaskGetCurrentTaskHandle                0x08005b21   Thumb Code     6  tasks.o(.text)
    vTaskPriorityInherit                     0x08005b27   Thumb Code   164  tasks.o(.text)
    xTaskPriorityDisinherit                  0x08005bcb   Thumb Code   122  tasks.o(.text)
    uxTaskResetEventItemValue                0x08005c45   Thumb Code    24  tasks.o(.text)
    pvTaskIncrementMutexHeldCount            0x08005c5d   Thumb Code    26  tasks.o(.text)
    ulTaskNotifyTake                         0x08005c77   Thumb Code   108  tasks.o(.text)
    xTaskNotifyWait                          0x08005ce3   Thumb Code   186  tasks.o(.text)
    xTaskGenericNotify                       0x08005d9d   Thumb Code   178  tasks.o(.text)
    xTaskGenericNotifyFromISR                0x08005e4f   Thumb Code   228  tasks.o(.text)
    vTaskNotifyGiveFromISR                   0x08005f33   Thumb Code   154  tasks.o(.text)
    xTaskNotifyStateClear                    0x08005fcd   Thumb Code    48  tasks.o(.text)
    pxPortInitialiseStack                    0x0800602f   Thumb Code    26  port.o(.text)
    vPortSetupTimerInterrupt                 0x08006049   Thumb Code    14  port.o(.text)
    xPortStartScheduler                      0x08006057   Thumb Code    42  port.o(.text)
    vPortEndScheduler                        0x08006081   Thumb Code     2  port.o(.text)
    vPortEnterCritical                       0x08006083   Thumb Code    30  port.o(.text)
    vPortExitCritical                        0x080060a1   Thumb Code    28  port.o(.text)
    xPortSysTickHandler                      0x080060bd   Thumb Code    48  port.o(.text)
    pvPortMalloc                             0x08006127   Thumb Code   166  heap_2.o(.text)
    vPortFree                                0x080061cd   Thumb Code    56  heap_2.o(.text)
    xPortGetFreeHeapSize                     0x08006205   Thumb Code     6  heap_2.o(.text)
    vPortInitialiseBlocks                    0x0800620b   Thumb Code     2  heap_2.o(.text)
    ethernetif_input                         0x08006277   Thumb Code    42  ethernetif.o(.text)
    ethernetif_init                          0x08006301   Thumb Code    58  ethernetif.o(.text)
    sys_mbox_new                             0x08006355   Thumb Code    58  sys_arch.o(.text)
    sys_mbox_free                            0x0800638f   Thumb Code    52  sys_arch.o(.text)
    sys_mbox_post                            0x080063c3   Thumb Code    24  sys_arch.o(.text)
    sys_mbox_trypost                         0x080063db   Thumb Code    48  sys_arch.o(.text)
    sys_arch_mbox_fetch                      0x0800640b   Thumb Code    94  sys_arch.o(.text)
    sys_arch_mbox_tryfetch                   0x08006469   Thumb Code    36  sys_arch.o(.text)
    sys_sem_new                              0x0800648d   Thumb Code   108  sys_arch.o(.text)
    sys_arch_sem_wait                        0x080064f9   Thumb Code    82  sys_arch.o(.text)
    sys_sem_signal                           0x0800654b   Thumb Code    18  sys_arch.o(.text)
    sys_sem_free                             0x0800655d   Thumb Code    26  sys_arch.o(.text)
    sys_init                                 0x08006577   Thumb Code    34  sys_arch.o(.text)
    sys_arch_timeouts                        0x08006599   Thumb Code    42  sys_arch.o(.text)
    sys_arch_protect                         0x080065c3   Thumb Code    10  sys_arch.o(.text)
    sys_arch_unprotect                       0x080065cd   Thumb Code    10  sys_arch.o(.text)
    sys_thread_new                           0x080065d7   Thumb Code    86  sys_arch.o(.text)
    sys_assert                               0x0800662d   Thumb Code     8  sys_arch.o(.text)
    etharp_tmr                               0x0800665f   Thumb Code   154  etharp.o(.text)
    etharp_find_addr                         0x08006a03   Thumb Code    92  etharp.o(.text)
    etharp_ip_input                          0x08006a5f   Thumb Code    52  etharp.o(.text)
    etharp_arp_input                         0x08006a93   Thumb Code   360  etharp.o(.text)
    etharp_request                           0x08006cbf   Thumb Code    36  etharp.o(.text)
    etharp_query                             0x08006ce3   Thumb Code   404  etharp.o(.text)
    etharp_output                            0x08006e77   Thumb Code   216  etharp.o(.text)
    ethernet_input                           0x08006f4f   Thumb Code   126  etharp.o(.text)
    dns_setserver                            0x08006fd5   Thumb Code    28  dns.o(.text)
    dns_init                                 0x080071b9   Thumb Code    64  dns.o(.text)
    dns_getserver                            0x080071f9   Thumb Code    28  dns.o(.text)
    dns_tmr                                  0x080073fb   Thumb Code    14  dns.o(.text)
    dns_gethostbyname                        0x08007517   Thumb Code    84  dns.o(.text)
    mem_init                                 0x080075e5   Thumb Code    92  mem.o(.text)
    mem_free                                 0x08007641   Thumb Code   128  mem.o(.text)
    mem_realloc                              0x080076c1   Thumb Code   310  mem.o(.text)
    mem_malloc                               0x080077f7   Thumb Code   390  mem.o(.text)
    mem_calloc                               0x0800797d   Thumb Code    34  mem.o(.text)
    memp_init                                0x080079a1   Thumb Code   136  memp.o(.text)
    memp_malloc                              0x08007a29   Thumb Code   150  memp.o(.text)
    memp_free                                0x08007abf   Thumb Code    74  memp.o(.text)
    netif_set_gw                             0x08007b1d   Thumb Code    12  netif.o(.text)
    netif_set_netmask                        0x08007b29   Thumb Code    12  netif.o(.text)
    netif_set_ipaddr                         0x08007b35   Thumb Code   110  netif.o(.text)
    netif_set_addr                           0x08007ba3   Thumb Code    40  netif.o(.text)
    netif_add                                0x08007bcb   Thumb Code    96  netif.o(.text)
    netif_set_default                        0x08007c2b   Thumb Code     6  netif.o(.text)
    netif_remove                             0x08007c31   Thumb Code    74  netif.o(.text)
    netif_find                               0x08007c7b   Thumb Code    64  netif.o(.text)
    netif_set_up                             0x08007cbb   Thumb Code    44  netif.o(.text)
    netif_set_down                           0x08007ce7   Thumb Code    24  netif.o(.text)
    netif_is_up                              0x08007cff   Thumb Code    12  netif.o(.text)
    pbuf_free                                0x08007d91   Thumb Code   108  pbuf.o(.text)
    pbuf_alloc                               0x08007dfd   Thumb Code   386  pbuf.o(.text)
    pbuf_realloc                             0x08007f7f   Thumb Code   100  pbuf.o(.text)
    pbuf_header                              0x08007fe3   Thumb Code   106  pbuf.o(.text)
    pbuf_clen                                0x0800804d   Thumb Code    18  pbuf.o(.text)
    pbuf_ref                                 0x0800805f   Thumb Code    26  pbuf.o(.text)
    pbuf_cat                                 0x08008079   Thumb Code    36  pbuf.o(.text)
    pbuf_chain                               0x0800809d   Thumb Code    22  pbuf.o(.text)
    pbuf_dechain                             0x080080b3   Thumb Code    48  pbuf.o(.text)
    pbuf_copy                                0x080080e3   Thumb Code   114  pbuf.o(.text)
    pbuf_copy_partial                        0x08008155   Thumb Code   116  pbuf.o(.text)
    pbuf_take                                0x080081c9   Thumb Code    86  pbuf.o(.text)
    pbuf_coalesce                            0x0800821f   Thumb Code    56  pbuf.o(.text)
    raw_input                                0x08008259   Thumb Code   100  raw.o(.text)
    raw_bind                                 0x080082bd   Thumb Code    16  raw.o(.text)
    raw_connect                              0x080082cd   Thumb Code    16  raw.o(.text)
    raw_recv                                 0x080082dd   Thumb Code     6  raw.o(.text)
    raw_sendto                               0x080082e3   Thumb Code   150  raw.o(.text)
    raw_send                                 0x08008379   Thumb Code    18  raw.o(.text)
    raw_remove                               0x0800838b   Thumb Code    60  raw.o(.text)
    raw_new                                  0x080083c7   Thumb Code    42  raw.o(.text)
    sys_mbox_fetch                           0x080083f5   Thumb Code   124  sys.o(.text)
    sys_sem_wait                             0x08008471   Thumb Code   116  sys.o(.text)
    sys_timeout                              0x080084e5   Thumb Code   144  sys.o(.text)
    sys_untimeout                            0x08008575   Thumb Code    94  sys.o(.text)
    sys_sem_wait_timeout                     0x080085e7   Thumb Code    58  sys.o(.text)
    sys_msleep                               0x08008621   Thumb Code    28  sys.o(.text)
    tcp_seg_free                             0x08008641   Thumb Code    32  tcp.o(.text)
    tcp_segs_free                            0x08008661   Thumb Code    30  tcp.o(.text)
    tcp_pcb_purge                            0x0800867f   Thumb Code    76  tcp.o(.text)
    tcp_slowtmr                              0x080086cb   Thumb Code   714  tcp.o(.text)
    tcp_pcb_remove                           0x08008995   Thumb Code   128  tcp.o(.text)
    tcp_close                                0x08008a15   Thumb Code   274  tcp.o(.text)
    tcp_update_rcv_ann_wnd                   0x08008b27   Thumb Code    70  tcp.o(.text)
    tcp_recved                               0x08008b6d   Thumb Code    62  tcp.o(.text)
    tcp_recv_null                            0x08008bab   Thumb Code    46  tcp.o(.text)
    tcp_fasttmr                              0x08008bd9   Thumb Code   122  tcp.o(.text)
    tcp_tmr                                  0x08008c53   Thumb Code    30  tcp.o(.text)
    tcp_abandon                              0x08008c71   Thumb Code   158  tcp.o(.text)
    tcp_bind                                 0x08008d77   Thumb Code   218  tcp.o(.text)
    tcp_listen_with_backlog                  0x08008e59   Thumb Code   184  tcp.o(.text)
    tcp_eff_send_mss                         0x08008f11   Thumb Code    46  tcp.o(.text)
    tcp_next_iss                             0x08008f3f   Thumb Code    20  tcp.o(.text)
    tcp_connect                              0x08008f53   Thumb Code   294  tcp.o(.text)
    tcp_setprio                              0x08009079   Thumb Code     4  tcp.o(.text)
    tcp_seg_copy                             0x0800907d   Thumb Code    38  tcp.o(.text)
    tcp_alloc                                0x08009125   Thumb Code   202  tcp.o(.text)
    tcp_new                                  0x080091ef   Thumb Code    10  tcp.o(.text)
    tcp_arg                                  0x080091f9   Thumb Code     4  tcp.o(.text)
    tcp_recv                                 0x080091fd   Thumb Code     6  tcp.o(.text)
    tcp_sent                                 0x08009203   Thumb Code     6  tcp.o(.text)
    tcp_err                                  0x08009209   Thumb Code     6  tcp.o(.text)
    tcp_accept                               0x0800920f   Thumb Code     4  tcp.o(.text)
    tcp_poll                                 0x08009213   Thumb Code    10  tcp.o(.text)
    tcp_debug_state_str                      0x0800921d   Thumb Code    10  tcp.o(.text)
    tcp_input                                0x0800a437   Thumb Code  1324  tcp_in.o(.text)
    tcp_enqueue                              0x0800aa1f   Thumb Code   986  tcp_out.o(.text)
    tcp_send_ctrl                            0x0800adf9   Thumb Code    28  tcp_out.o(.text)
    tcp_write                                0x0800ae15   Thumb Code    72  tcp_out.o(.text)
    tcp_send_empty_ack                       0x0800ae5d   Thumb Code   118  tcp_out.o(.text)
    tcp_output                               0x0800afb9   Thumb Code   462  tcp_out.o(.text)
    tcp_rst                                  0x0800b187   Thumb Code   198  tcp_out.o(.text)
    tcp_rexmit_rto                           0x0800b24d   Thumb Code    58  tcp_out.o(.text)
    tcp_rexmit                               0x0800b287   Thumb Code    80  tcp_out.o(.text)
    tcp_rexmit_fast                          0x0800b2d7   Thumb Code   132  tcp_out.o(.text)
    tcp_keepalive                            0x0800b35b   Thumb Code   110  tcp_out.o(.text)
    tcp_zero_window_probe                    0x0800b3c9   Thumb Code   196  tcp_out.o(.text)
    udp_input                                0x0800b491   Thumb Code   562  udp.o(.text)
    udp_bind                                 0x0800b6c3   Thumb Code   102  udp.o(.text)
    udp_sendto_if                            0x0800b729   Thumb Code   248  udp.o(.text)
    udp_sendto                               0x0800b821   Thumb Code    62  udp.o(.text)
    udp_send                                 0x0800b85f   Thumb Code    20  udp.o(.text)
    udp_connect                              0x0800b873   Thumb Code   104  udp.o(.text)
    udp_disconnect                           0x0800b8db   Thumb Code    28  udp.o(.text)
    udp_recv                                 0x0800b8f7   Thumb Code     6  udp.o(.text)
    udp_remove                               0x0800b8fd   Thumb Code    60  udp.o(.text)
    udp_new                                  0x0800b939   Thumb Code    28  udp.o(.text)
    icmp_input                               0x0800b95d   Thumb Code   524  icmp.o(.text)
    icmp_dest_unreach                        0x0800bbdf   Thumb Code    18  icmp.o(.text)
    icmp_time_exceeded                       0x0800bbf1   Thumb Code    18  icmp.o(.text)
    htonl                                    0x0800bc09   Thumb Code    26  inet.o(.text)
    inet_aton                                0x0800bc23   Thumb Code   336  inet.o(.text)
    inet_addr                                0x0800bd73   Thumb Code    24  inet.o(.text)
    inet_ntoa                                0x0800bd8b   Thumb Code   112  inet.o(.text)
    htons                                    0x0800bdfb   Thumb Code    12  inet.o(.text)
    ntohs                                    0x0800be07   Thumb Code    12  inet.o(.text)
    ntohl                                    0x0800be13   Thumb Code    12  inet.o(.text)
    inet_chksum_pseudo                       0x0800be6f   Thumb Code   162  inet_chksum.o(.text)
    inet_chksum                              0x0800bf11   Thumb Code    20  inet_chksum.o(.text)
    inet_chksum_pbuf                         0x0800bf25   Thumb Code    86  inet_chksum.o(.text)
    ip_route                                 0x0800bf7d   Thumb Code    86  ip.o(.text)
    ip_input                                 0x0800c099   Thumb Code   596  ip.o(.text)
    ip_output_if                             0x0800c2ed   Thumb Code   306  ip.o(.text)
    ip_output                                0x0800c41f   Thumb Code    70  ip.o(.text)
    ip_addr_isbroadcast                      0x0800c46d   Thumb Code    78  ip_addr.o(.text)
    ip_reass_tmr                             0x0800c551   Thumb Code    48  ip_frag.o(.text)
    ip_reass                                 0x0800c797   Thumb Code   482  ip_frag.o(.text)
    ip_frag                                  0x0800c979   Thumb Code   336  ip_frag.o(.text)
    vlwIPInit                                0x0800cad5   Thumb Code    24  lwipentry.o(.text)
    LwIPEntry                                0x0800caed   Thumb Code   106  lwipentry.o(.text)
    netconn_new_with_proto_and_callback      0x0800cb5d   Thumb Code    72  api_lib.o(.text)
    netconn_delete                           0x0800cba5   Thumb Code    40  api_lib.o(.text)
    netconn_getaddr                          0x0800cbcd   Thumb Code    40  api_lib.o(.text)
    netconn_bind                             0x0800cbf5   Thumb Code    36  api_lib.o(.text)
    netconn_connect                          0x0800cc19   Thumb Code    36  api_lib.o(.text)
    netconn_disconnect                       0x0800cc3d   Thumb Code    26  api_lib.o(.text)
    netconn_listen_with_backlog              0x0800cc57   Thumb Code    28  api_lib.o(.text)
    netconn_accept                           0x0800cc73   Thumb Code    32  api_lib.o(.text)
    netconn_recv                             0x0800cc93   Thumb Code   284  api_lib.o(.text)
    netconn_send                             0x0800cdaf   Thumb Code    30  api_lib.o(.text)
    netconn_sendto                           0x0800cdcd   Thumb Code    36  api_lib.o(.text)
    netconn_write                            0x0800cdf1   Thumb Code    40  api_lib.o(.text)
    netconn_close                            0x0800ce19   Thumb Code    26  api_lib.o(.text)
    netconn_gethostbyname                    0x0800ce33   Thumb Code    64  api_lib.o(.text)
    netconn_free                             0x0800d2cf   Thumb Code   114  api_msg.o(.text)
    netconn_alloc                            0x0800d341   Thumb Code   106  api_msg.o(.text)
    do_newconn                               0x0800d4a7   Thumb Code    26  api_msg.o(.text)
    do_delconn                               0x0800d4c1   Thumb Code   126  api_msg.o(.text)
    do_bind                                  0x0800d53f   Thumb Code   114  api_msg.o(.text)
    do_connect                               0x0800d5e5   Thumb Code   156  api_msg.o(.text)
    do_disconnect                            0x0800d681   Thumb Code    34  api_msg.o(.text)
    do_listen                                0x0800d6a3   Thumb Code   160  api_msg.o(.text)
    do_send                                  0x0800d743   Thumb Code   144  api_msg.o(.text)
    do_recv                                  0x0800d7d3   Thumb Code    50  api_msg.o(.text)
    do_write                                 0x0800d805   Thumb Code    72  api_msg.o(.text)
    do_getaddr                               0x0800d84d   Thumb Code   172  api_msg.o(.text)
    do_close                                 0x0800d8f9   Thumb Code    48  api_msg.o(.text)
    do_gethostbyname                         0x0800d955   Thumb Code    40  api_msg.o(.text)
    netbuf_new                               0x0800d989   Thumb Code    30  netbuf.o(.text)
    netbuf_delete                            0x0800d9a7   Thumb Code    32  netbuf.o(.text)
    netbuf_alloc                             0x0800d9c7   Thumb Code    46  netbuf.o(.text)
    netbuf_free                              0x0800d9f5   Thumb Code    22  netbuf.o(.text)
    netbuf_ref                               0x0800da0b   Thumb Code    62  netbuf.o(.text)
    netbuf_chain                             0x0800da49   Thumb Code    28  netbuf.o(.text)
    netbuf_data                              0x0800da65   Thumb Code    28  netbuf.o(.text)
    netbuf_next                              0x0800da81   Thumb Code    34  netbuf.o(.text)
    netbuf_first                             0x0800daa3   Thumb Code     6  netbuf.o(.text)
    tcp_timer_needed                         0x0800dad1   Thumb Code    38  tcpip.o(.text)
    tcpip_input                              0x0800dc0b   Thumb Code    72  tcpip.o(.text)
    tcpip_callback_with_block                0x0800dc53   Thumb Code    92  tcpip.o(.text)
    tcpip_timeout                            0x0800dcaf   Thumb Code    64  tcpip.o(.text)
    tcpip_untimeout                          0x0800dcef   Thumb Code    56  tcpip.o(.text)
    tcpip_apimsg                             0x0800dd27   Thumb Code    52  tcpip.o(.text)
    tcpip_init                               0x0800dd5b   Thumb Code    44  tcpip.o(.text)
    pbuf_free_callback                       0x0800dd95   Thumb Code    16  tcpip.o(.text)
    mem_free_callback                        0x0800dda5   Thumb Code    16  tcpip.o(.text)
    __aeabi_memcpy                           0x0800ddf9   Thumb Code    36  memcpya.o(.text)
    __aeabi_memcpy4                          0x0800ddf9   Thumb Code     0  memcpya.o(.text)
    __aeabi_memcpy8                          0x0800ddf9   Thumb Code     0  memcpya.o(.text)
    __aeabi_memset                           0x0800de1d   Thumb Code    14  memseta.o(.text)
    __aeabi_memset4                          0x0800de1d   Thumb Code     0  memseta.o(.text)
    __aeabi_memset8                          0x0800de1d   Thumb Code     0  memseta.o(.text)
    __aeabi_memclr                           0x0800de2b   Thumb Code     4  memseta.o(.text)
    __aeabi_memclr4                          0x0800de2b   Thumb Code     0  memseta.o(.text)
    __aeabi_memclr8                          0x0800de2b   Thumb Code     0  memseta.o(.text)
    _memset$wrapper                          0x0800de2f   Thumb Code    18  memseta.o(.text)
    strcat                                   0x0800de41   Thumb Code    24  strcat.o(.text)
    strlen                                   0x0800de59   Thumb Code    14  strlen.o(.text)
    strcmp                                   0x0800de67   Thumb Code    28  strcmp.o(.text)
    strcpy                                   0x0800de83   Thumb Code    18  strcpy.o(.text)
    strncmp                                  0x0800de95   Thumb Code    30  strncmp.o(.text)
    __0sscanf                                0x0800deb5   Thumb Code    48  __0sscanf.o(.text)
    _scanf_int                               0x0800deed   Thumb Code   332  _scanf_int.o(.text)
    _scanf_string                            0x0800e039   Thumb Code   218  _scanf_str.o(.text)
    __aeabi_fadd                             0x0800e113   Thumb Code   164  fadd.o(.text)
    __aeabi_fsub                             0x0800e1b7   Thumb Code     6  fadd.o(.text)
    __aeabi_frsub                            0x0800e1bd   Thumb Code     6  fadd.o(.text)
    __aeabi_fmul                             0x0800e1c3   Thumb Code   100  fmul.o(.text)
    __aeabi_dadd                             0x0800e227   Thumb Code   322  dadd.o(.text)
    __aeabi_dsub                             0x0800e369   Thumb Code     6  dadd.o(.text)
    __aeabi_drsub                            0x0800e36f   Thumb Code     6  dadd.o(.text)
    __aeabi_ddiv                             0x0800e375   Thumb Code   222  ddiv.o(.text)
    __aeabi_ui2f                             0x0800e453   Thumb Code    10  ffltui.o(.text)
    __aeabi_f2uiz                            0x0800e45d   Thumb Code    40  ffixui.o(.text)
    __aeabi_f2d                              0x0800e485   Thumb Code    38  f2d.o(.text)
    __aeabi_d2f                              0x0800e4ab   Thumb Code    56  d2f.o(.text)
    __aeabi_uidiv                            0x0800e4e3   Thumb Code     0  uidiv.o(.text)
    __aeabi_uidivmod                         0x0800e4e3   Thumb Code    44  uidiv.o(.text)
    __aeabi_uldivmod                         0x0800e50f   Thumb Code    98  uldiv.o(.text)
    __aeabi_llsl                             0x0800e571   Thumb Code    30  llshl.o(.text)
    _ll_shift_l                              0x0800e571   Thumb Code     0  llshl.o(.text)
    __aeabi_lasr                             0x0800e58f   Thumb Code    36  llsshr.o(.text)
    _ll_sshift_r                             0x0800e58f   Thumb Code     0  llsshr.o(.text)
    _chval                                   0x0800e5b3   Thumb Code    28  _chval.o(.text)
    __vfscanf_char                           0x0800e5dd   Thumb Code    20  scanf_char.o(.text)
    _sgetc                                   0x0800e5f9   Thumb Code    30  _sgetc.o(.text)
    _sbackspace                              0x0800e617   Thumb Code    34  _sgetc.o(.text)
    __I$use$fp                               0x0800e639   Thumb Code     0  iusefp.o(.text)
    _float_round                             0x0800e639   Thumb Code    18  fepilogue.o(.text)
    _float_epilogue                          0x0800e64b   Thumb Code    92  fepilogue.o(.text)
    _double_round                            0x0800e6a7   Thumb Code    26  depilogue.o(.text)
    _double_epilogue                         0x0800e6c1   Thumb Code   156  depilogue.o(.text)
    __aeabi_dmul                             0x0800e75d   Thumb Code   228  dmul.o(.text)
    __aeabi_d2ulz                            0x0800e841   Thumb Code    48  dfixul.o(.text)
    __aeabi_cdrcmple                         0x0800e871   Thumb Code    38  cdrcmple.o(.text)
    __scatterload                            0x0800e899   Thumb Code    28  init.o(.text)
    __scatterload_rt2                        0x0800e899   Thumb Code     0  init.o(.text)
    __aeabi_llsr                             0x0800e8bd   Thumb Code    32  llushr.o(.text)
    _ll_ushift_r                             0x0800e8bd   Thumb Code     0  llushr.o(.text)
    __rt_ctype_table                         0x0800e8dd   Thumb Code     4  ctype_o.o(.text)
    isspace                                  0x0800e8e5   Thumb Code    18  isspace_o.o(.text)
    __vfscanf                                0x0800e8f9   Thumb Code   802  _scanf.o(.text)
    __decompress                             0x0800ec21   Thumb Code     0  __dczerorl2.o(.text)
    __decompress1                            0x0800ec21   Thumb Code    86  __dczerorl2.o(.text)
    __0sprintf                               0x0800ec79   Thumb Code    34  printfa.o(i.__0sprintf)
    __1sprintf                               0x0800ec79   Thumb Code     0  printfa.o(i.__0sprintf)
    __2sprintf                               0x0800ec79   Thumb Code     0  printfa.o(i.__0sprintf)
    __c89sprintf                             0x0800ec79   Thumb Code     0  printfa.o(i.__0sprintf)
    sprintf                                  0x0800ec79   Thumb Code     0  printfa.o(i.__0sprintf)
    __0vsprintf                              0x0800eca1   Thumb Code    30  printfa.o(i.__0vsprintf)
    __1vsprintf                              0x0800eca1   Thumb Code     0  printfa.o(i.__0vsprintf)
    __2vsprintf                              0x0800eca1   Thumb Code     0  printfa.o(i.__0vsprintf)
    __c89vsprintf                            0x0800eca1   Thumb Code     0  printfa.o(i.__0vsprintf)
    vsprintf                                 0x0800eca1   Thumb Code     0  printfa.o(i.__0vsprintf)
    __scatterload_copy                       0x0800ecc5   Thumb Code    14  handlers.o(i.__scatterload_copy)
    __scatterload_null                       0x0800ecd3   Thumb Code     2  handlers.o(i.__scatterload_null)
    __scatterload_zeroinit                   0x0800ecd5   Thumb Code    14  handlers.o(i.__scatterload_zeroinit)
    bsp_74hc595_set_DATA                     0x0800f581   Thumb Code    22  app_display.o(i.bsp_74hc595_set_DATA)
    bsp_74hc595_set_OE                       0x0800f59d   Thumb Code    20  app_display.o(i.bsp_74hc595_set_OE)
    bsp_74hc595_set_SH_CP                    0x0800f5b5   Thumb Code    22  app_display.o(i.bsp_74hc595_set_SH_CP)
    bsp_74hc595_set_ST_CP                    0x0800f5d1   Thumb Code    22  app_display.o(i.bsp_74hc595_set_ST_CP)
    bsp_set_hv_state                         0x0800f5ed   Thumb Code    22  cli-commands.o(i.bsp_set_hv_state)
    ethbroadcast                             0x0800f714   Data           6  etharp.o(.constdata)
    ethzero                                  0x0800f71a   Data           6  etharp.o(.constdata)
    tcp_backoff                              0x0800f758   Data          13  tcp.o(.constdata)
    tcp_persist_backoff                      0x0800f765   Data           7  tcp.o(.constdata)
    ip_addr_any                              0x0800f76c   Data           4  ip_addr.o(.constdata)
    ip_addr_broadcast                        0x0800f770   Data           4  ip_addr.o(.constdata)
    __ctype_table                            0x0800f774   Data         129  ctype_o.o(.constdata)
    Region$$Table$$Base                      0x0800fba8   Number         0  anon$$obj.o(Region$$Table)
    Region$$Table$$Limit                     0x0800fbc8   Number         0  anon$$obj.o(Region$$Table)
    DHCPfineTimer                            0x20000000   Data           4  netconfig.o(.data)
    DHCPcoarseTimer                          0x20000004   Data           4  netconfig.o(.data)
    hum                                      0x2000002c   Data           4  app_sht10.o(.data)
    temp                                     0x20000030   Data           4  app_sht10.o(.data)
    pxCurrentTCB                             0x20000080   Data           4  tasks.o(.data)
    netif_list                               0x200000fc   Data           4  netif.o(.data)
    netif_default                            0x20000100   Data           4  netif.o(.data)
    tcp_state_str                            0x2000010c   Data          44  tcp.o(.data)
    tcp_ticks                                0x20000138   Data           4  tcp.o(.data)
    tcp_bound_pcbs                           0x2000013c   Data           4  tcp.o(.data)
    tcp_listen_pcbs                          0x20000140   Data           4  tcp.o(.data)
    tcp_active_pcbs                          0x20000144   Data           4  tcp.o(.data)
    tcp_tw_pcbs                              0x20000148   Data           4  tcp.o(.data)
    tcp_tmp_pcb                              0x2000014c   Data           4  tcp.o(.data)
    tcp_input_pcb                            0x20000174   Data           4  tcp_in.o(.data)
    udp_pcbs                                 0x20000178   Data           4  udp.o(.data)
    current_netif                            0x2000017c   Data           4  ip.o(.data)
    current_header                           0x20000180   Data           4  ip.o(.data)
    lwip_stats                               0x20009370   Data         330  stats.o(.bss)
    __initial_sp                             0x2000a0b8   Data           0  cstartup.o(STACK)



==============================================================================

Memory Map of the image

  Image Entry point : 0x080000ed

  Load Region LR_IROM1 (Base: 0x08000000, Size: 0x0000fd68, Max: 0x00040000, ABSOLUTE, COMPRESSED[0x0000fc30])

    Execution Region ER_IROM1 (Base: 0x08000000, Size: 0x0000fbc8, Max: 0x00040000, ABSOLUTE)

    Base Addr    Size         Type   Attr      Idx    E Section Name        Object

    0x08000000   0x000000ec   Data   RO          692    RESET               cstartup.o
    0x080000ec   0x00000000   Code   RO         1915  * .ARM.Collect$$$$00000000  mc_w.l(entry.o)
    0x080000ec   0x00000004   Code   RO         2219    .ARM.Collect$$$$00000001  mc_w.l(entry2.o)
    0x080000f0   0x00000004   Code   RO         2222    .ARM.Collect$$$$00000004  mc_w.l(entry5.o)
    0x080000f4   0x00000000   Code   RO         2224    .ARM.Collect$$$$00000008  mc_w.l(entry7b.o)
    0x080000f4   0x00000000   Code   RO         2226    .ARM.Collect$$$$0000000A  mc_w.l(entry8b.o)
    0x080000f4   0x00000008   Code   RO         2227    .ARM.Collect$$$$0000000B  mc_w.l(entry9a.o)
    0x080000fc   0x00000000   Code   RO         2229    .ARM.Collect$$$$0000000D  mc_w.l(entry10a.o)
    0x080000fc   0x00000000   Code   RO         2231    .ARM.Collect$$$$0000000F  mc_w.l(entry11a.o)
    0x080000fc   0x00000004   Code   RO         2220    .ARM.Collect$$$$00002712  mc_w.l(entry2.o)
    0x08000100   0x00000096   Code   RO          957    .emb_text           port.o
    0x08000196   0x00000002   PAD
    0x08000198   0x00000140   Code   RO            3    .text               main.o
    0x080002d8   0x0000006c   Code   RO          209    .text               app_led.o
    0x08000344   0x00000120   Code   RO          246    .text               netconfig.o
    0x08000464   0x0000023c   Code   RO          323    .text               app_serial.o
    0x080006a0   0x00000240   Code   RO          370    .text               app_display.o
    0x080008e0   0x00000250   Code   RO          432    .text               app_sht10.o
    0x08000b30   0x0000066c   Code   RO          471    .text               app_ds3231.o
    0x0800119c   0x00000040   Code   RO          497    .text               app_buz.o
    0x080011dc   0x00000220   Code   RO          518    .text               cli_api.o
    0x080013fc   0x0000062c   Code   RO          546    .text               cli-commands.o
    0x08001a28   0x00000190   Code   RO          602    .text               uart_console.o
    0x08001bb8   0x00000298   Code   RO          627    .text               bsp.o
    0x08001e50   0x000004d4   Code   RO          647    .text               dm9000x.o
    0x08002324   0x000006bc   Code   RO          670    .text               i2c_bus.o
    0x080029e0   0x0000001c   Code   RO          693    .text               cstartup.o
    0x080029fc   0x0000035c   Code   RO          699    .text               stm32f10x_gpio.o
    0x08002d58   0x000003a4   Code   RO          719    .text               stm32f10x_rcc.o
    0x080030fc   0x000000dc   Code   RO          767    .text               misc.o
    0x080031d8   0x00000408   Code   RO          787    .text               stm32f10x_usart.o
    0x080035e0   0x0000011c   Code   RO          807    .text               stm32f10x_exti.o
    0x080036fc   0x00000e1a   Code   RO          827    .text               stm32f10x_tim.o
    0x08004516   0x00000094   Code   RO          893    .text               list.o
    0x080045aa   0x00000002   PAD
    0x080045ac   0x00000724   Code   RO          905    .text               queue.o
    0x08004cd0   0x00001348   Code   RO          920    .text               tasks.o
    0x08006018   0x000000e4   Code   RO          958    .text               port.o
    0x080060fc   0x00000124   Code   RO          987    .text               heap_2.o
    0x08006220   0x00000134   Code   RO         1004    .text               ethernetif.o
    0x08006354   0x000002ec   Code   RO         1042    .text               sys_arch.o
    0x08006640   0x00000994   Code   RO         1088    .text               etharp.o
    0x08006fd4   0x000005a4   Code   RO         1174    .text               dns.o
    0x08007578   0x00000426   Code   RO         1226    .text               mem.o
    0x0800799e   0x00000002   PAD
    0x080079a0   0x0000017c   Code   RO         1244    .text               memp.o
    0x08007b1c   0x00000204   Code   RO         1277    .text               netif.o
    0x08007d20   0x00000536   Code   RO         1299    .text               pbuf.o
    0x08008256   0x00000002   PAD
    0x08008258   0x0000019c   Code   RO         1325    .text               raw.o
    0x080083f4   0x0000024c   Code   RO         1351    .text               sys.o
    0x08008640   0x00000c08   Code   RO         1372    .text               tcp.o
    0x08009248   0x0000174c   Code   RO         1393    .text               tcp_in.o
    0x0800a994   0x00000afc   Code   RO         1416    .text               tcp_out.o
    0x0800b490   0x000004cc   Code   RO         1428    .text               udp.o
    0x0800b95c   0x000002ac   Code   RO         1446    .text               icmp.o
    0x0800bc08   0x0000021c   Code   RO         1464    .text               inet.o
    0x0800be24   0x00000156   Code   RO         1477    .text               inet_chksum.o
    0x0800bf7a   0x00000002   PAD
    0x0800bf7c   0x000004f0   Code   RO         1493    .text               ip.o
    0x0800c46c   0x0000004e   Code   RO         1514    .text               ip_addr.o
    0x0800c4ba   0x00000002   PAD
    0x0800c4bc   0x00000618   Code   RO         1536    .text               ip_frag.o
    0x0800cad4   0x00000088   Code   RO         1553    .text               lwipentry.o
    0x0800cb5c   0x00000348   Code   RO         1636    .text               api_lib.o
    0x0800cea4   0x00000ae4   Code   RO         1683    .text               api_msg.o
    0x0800d988   0x00000120   Code   RO         1744    .text               netbuf.o
    0x0800daa8   0x00000350   Code   RO         1858    .text               tcpip.o
    0x0800ddf8   0x00000024   Code   RO         1918    .text               mc_w.l(memcpya.o)
    0x0800de1c   0x00000024   Code   RO         1920    .text               mc_w.l(memseta.o)
    0x0800de40   0x00000018   Code   RO         1922    .text               mc_w.l(strcat.o)
    0x0800de58   0x0000000e   Code   RO         1924    .text               mc_w.l(strlen.o)
    0x0800de66   0x0000001c   Code   RO         1926    .text               mc_w.l(strcmp.o)
    0x0800de82   0x00000012   Code   RO         1928    .text               mc_w.l(strcpy.o)
    0x0800de94   0x0000001e   Code   RO         1930    .text               mc_w.l(strncmp.o)
    0x0800deb2   0x00000002   PAD
    0x0800deb4   0x00000038   Code   RO         2195    .text               mc_w.l(__0sscanf.o)
    0x0800deec   0x0000014c   Code   RO         2197    .text               mc_w.l(_scanf_int.o)
    0x0800e038   0x000000da   Code   RO         2199    .text               mc_w.l(_scanf_str.o)
    0x0800e112   0x000000b0   Code   RO         2203    .text               mf_w.l(fadd.o)
    0x0800e1c2   0x00000064   Code   RO         2205    .text               mf_w.l(fmul.o)
    0x0800e226   0x0000014e   Code   RO         2207    .text               mf_w.l(dadd.o)
    0x0800e374   0x000000de   Code   RO         2209    .text               mf_w.l(ddiv.o)
    0x0800e452   0x0000000a   Code   RO         2211    .text               mf_w.l(ffltui.o)
    0x0800e45c   0x00000028   Code   RO         2213    .text               mf_w.l(ffixui.o)
    0x0800e484   0x00000026   Code   RO         2215    .text               mf_w.l(f2d.o)
    0x0800e4aa   0x00000038   Code   RO         2217    .text               mf_w.l(d2f.o)
    0x0800e4e2   0x0000002c   Code   RO         2236    .text               mc_w.l(uidiv.o)
    0x0800e50e   0x00000062   Code   RO         2238    .text               mc_w.l(uldiv.o)
    0x0800e570   0x0000001e   Code   RO         2240    .text               mc_w.l(llshl.o)
    0x0800e58e   0x00000024   Code   RO         2242    .text               mc_w.l(llsshr.o)
    0x0800e5b2   0x0000001c   Code   RO         2251    .text               mc_w.l(_chval.o)
    0x0800e5ce   0x00000002   PAD
    0x0800e5d0   0x00000028   Code   RO         2253    .text               mc_w.l(scanf_char.o)
    0x0800e5f8   0x00000040   Code   RO         2255    .text               mc_w.l(_sgetc.o)
    0x0800e638   0x00000000   Code   RO         2259    .text               mc_w.l(iusefp.o)
    0x0800e638   0x0000006e   Code   RO         2260    .text               mf_w.l(fepilogue.o)
    0x0800e6a6   0x000000b6   Code   RO         2262    .text               mf_w.l(depilogue.o)
    0x0800e75c   0x000000e4   Code   RO         2264    .text               mf_w.l(dmul.o)
    0x0800e840   0x00000030   Code   RO         2266    .text               mf_w.l(dfixul.o)
    0x0800e870   0x00000028   Code   RO         2268    .text               mf_w.l(cdrcmple.o)
    0x0800e898   0x00000024   Code   RO         2270    .text               mc_w.l(init.o)
    0x0800e8bc   0x00000020   Code   RO         2273    .text               mc_w.l(llushr.o)
    0x0800e8dc   0x00000008   Code   RO         2277    .text               mc_w.l(ctype_o.o)
    0x0800e8e4   0x00000012   Code   RO         2299    .text               mc_w.l(isspace_o.o)
    0x0800e8f6   0x00000002   PAD
    0x0800e8f8   0x00000328   Code   RO         2305    .text               mc_w.l(_scanf.o)
    0x0800ec20   0x00000056   Code   RO         2321    .text               mc_w.l(__dczerorl2.o)
    0x0800ec76   0x00000002   PAD
    0x0800ec78   0x00000028   Code   RO         2169    i.__0sprintf        mc_w.l(printfa.o)
    0x0800eca0   0x00000024   Code   RO         2173    i.__0vsprintf       mc_w.l(printfa.o)
    0x0800ecc4   0x0000000e   Code   RO         2315    i.__scatterload_copy  mc_w.l(handlers.o)
    0x0800ecd2   0x00000002   Code   RO         2316    i.__scatterload_null  mc_w.l(handlers.o)
    0x0800ecd4   0x0000000e   Code   RO         2317    i.__scatterload_zeroinit  mc_w.l(handlers.o)
    0x0800ece2   0x00000002   PAD
    0x0800ece4   0x00000164   Code   RO         2174    i._fp_digits        mc_w.l(printfa.o)
    0x0800ee48   0x000006dc   Code   RO         2175    i._printf_core      mc_w.l(printfa.o)
    0x0800f524   0x00000024   Code   RO         2176    i._printf_post_padding  mc_w.l(printfa.o)
    0x0800f548   0x0000002e   Code   RO         2177    i._printf_pre_padding  mc_w.l(printfa.o)
    0x0800f576   0x0000000a   Code   RO         2179    i._sputc            mc_w.l(printfa.o)
    0x0800f580   0x0000001c   Code   RO          403    i.bsp_74hc595_set_DATA  app_display.o
    0x0800f59c   0x00000018   Code   RO          388    i.bsp_74hc595_set_OE  app_display.o
    0x0800f5b4   0x0000001c   Code   RO          398    i.bsp_74hc595_set_SH_CP  app_display.o
    0x0800f5d0   0x0000001c   Code   RO          393    i.bsp_74hc595_set_ST_CP  app_display.o
    0x0800f5ec   0x0000001c   Code   RO          565    i.bsp_set_hv_state  cli-commands.o
    0x0800f608   0x00000006   Data   RO          210    .constdata          app_led.o
    0x0800f60e   0x00000002   PAD
    0x0800f610   0x00000008   Data   RO          371    .constdata          app_display.o
    0x0800f618   0x0000000c   Data   RO          472    .constdata          app_ds3231.o
    0x0800f624   0x00000056   Data   RO          519    .constdata          cli_api.o
    0x0800f67a   0x00000002   PAD
    0x0800f67c   0x00000090   Data   RO          547    .constdata          cli-commands.o
    0x0800f70c   0x00000008   Data   RO          604    .constdata          uart_console.o
    0x0800f714   0x0000000c   Data   RO         1090    .constdata          etharp.o
    0x0800f720   0x00000038   Data   RO         1246    .constdata          memp.o
    0x0800f758   0x00000014   Data   RO         1373    .constdata          tcp.o
    0x0800f76c   0x00000008   Data   RO         1515    .constdata          ip_addr.o
    0x0800f774   0x00000081   Data   RO         2278    .constdata          mc_w.l(ctype_o.o)
    0x0800f7f5   0x00000003   PAD
    0x0800f7f8   0x00000004   Data   RO         2279    .constdata          mc_w.l(ctype_o.o)
    0x0800f7fc   0x0000002d   Data   RO          520    .conststring        cli_api.o
    0x0800f829   0x00000003   PAD
    0x0800f82c   0x0000027c   Data   RO          548    .conststring        cli-commands.o
    0x0800faa8   0x0000000f   Data   RO          605    .conststring        uart_console.o
    0x0800fab7   0x00000001   PAD
    0x0800fab8   0x00000075   Data   RO         1374    .conststring        tcp.o
    0x0800fb2d   0x00000003   PAD
    0x0800fb30   0x00000078   Data   RO         1554    .conststring        lwipentry.o
    0x0800fba8   0x00000020   Data   RO         2313    Region$$Table       anon$$obj.o


    Execution Region RW_IRAM1 (Base: 0x20000000, Size: 0x0000a0b8, Max: 0x0000c000, ABSOLUTE, COMPRESSED[0x00000068])

    Base Addr    Size         Type   Attr      Idx    E Section Name        Object

    0x20000000   0x0000001a   Data   RW          248    .data               netconfig.o
    0x2000001a   0x00000002   PAD
    0x2000001c   0x0000000c   Data   RW          324    .data               app_serial.o
    0x20000028   0x00000001   Data   RW          372    .data               app_display.o
    0x20000029   0x00000003   PAD
    0x2000002c   0x00000008   Data   RW          433    .data               app_sht10.o
    0x20000034   0x00000004   Data   RW          473    .data               app_ds3231.o
    0x20000038   0x00000010   Data   RW          521    .data               cli_api.o
    0x20000048   0x0000001c   Data   RW          549    .data               cli-commands.o
    0x20000064   0x00000008   Data   RW          606    .data               uart_console.o
    0x2000006c   0x00000014   Data   RW          720    .data               stm32f10x_rcc.o
    0x20000080   0x0000003c   Data   RW          922    .data               tasks.o
    0x200000bc   0x00000004   Data   RW          959    .data               port.o
    0x200000c0   0x00000018   Data   RW          989    .data               heap_2.o
    0x200000d8   0x00000002   Data   RW         1044    .data               sys_arch.o
    0x200000da   0x00000001   Data   RW         1091    .data               etharp.o
    0x200000db   0x00000001   PAD
    0x200000dc   0x0000000d   Data   RW         1176    .data               dns.o
    0x200000e9   0x00000003   PAD
    0x200000ec   0x00000010   Data   RW         1228    .data               mem.o
    0x200000fc   0x00000009   Data   RW         1278    .data               netif.o
    0x20000105   0x00000001   Data   RW         1300    .data               pbuf.o
    0x20000106   0x00000002   PAD
    0x20000108   0x00000004   Data   RW         1326    .data               raw.o
    0x2000010c   0x0000004c   Data   RW         1375    .data               tcp.o
    0x20000158   0x00000020   Data   RW         1395    .data               tcp_in.o
    0x20000178   0x00000004   Data   RW         1429    .data               udp.o
    0x2000017c   0x0000000a   Data   RW         1494    .data               ip.o
    0x20000186   0x00000002   PAD
    0x20000188   0x00000006   Data   RW         1538    .data               ip_frag.o
    0x2000018e   0x00000002   PAD
    0x20000190   0x00000010   Data   RW         1859    .data               tcpip.o
    0x200001a0   0x0000003c   Zero   RW            4    .bss                main.o
    0x200001dc   0x00000030   Zero   RW          247    .bss                netconfig.o
    0x2000020c   0x000000c8   Zero   RW          603    .bss                uart_console.o
    0x200002d4   0x00000030   Zero   RW          671    .bss                i2c_bus.o
    0x20000304   0x0000012c   Zero   RW          921    .bss                tasks.o
    0x20000430   0x00004400   Zero   RW          988    .bss                heap_2.o
    0x20004830   0x00000bd8   Zero   RW         1005    .bss                ethernetif.o
    0x20005408   0x00000028   Zero   RW         1043    .bss                sys_arch.o
    0x20005430   0x000000c8   Zero   RW         1089    .bss                etharp.o
    0x200054f8   0x00000660   Zero   RW         1175    .bss                dns.o
    0x20005b58   0x000007e4   Zero   RW         1227    .bss                mem.o
    0x2000633c   0x00003033   Zero   RW         1245    .bss                memp.o
    0x2000936f   0x00000001   PAD
    0x20009370   0x0000014a   Zero   RW         1339    .bss                stats.o
    0x200094ba   0x00000002   PAD
    0x200094bc   0x00000014   Zero   RW         1394    .bss                tcp_in.o
    0x200094d0   0x00000010   Zero   RW         1465    .bss                inet.o
    0x200094e0   0x000007d4   Zero   RW         1537    .bss                ip_frag.o
    0x20009cb4   0x00000004   PAD
    0x20009cb8   0x00000400   Zero   RW          690    STACK               cstartup.o


==============================================================================

Image component sizes


      Code (inc. data)   RO Data    RW Data    ZI Data      Debug   Object Name

       840         50          0          0          0      19572   api_lib.o
      2788         38          0          0          0      26003   api_msg.o
        64          4          0          0          0      21227   app_buz.o
       684         38          8          1          0       7676   app_display.o
      1644         14         12          4          0       6897   app_ds3231.o
       108          8          6          0          0       1586   app_led.o
       572         24          0         12          0       9022   app_serial.o
       592         46          0          8          0       3381   app_sht10.o
       664         22          0          0          0       1839   bsp.o
      1608        580        780         28          0      29944   cli-commands.o
       544         46        131         16          0       5191   cli_api.o
        28          4        236          0       1024        784   cstartup.o
      1236         82          0          0          0       4570   dm9000x.o
      1444         58          0         13       1632       6133   dns.o
      2452         38         12          1        200      17585   etharp.o
       308         26          0          0       3032       5189   ethernetif.o
         0          0          0          0          0       9524   event_groups.o
       292         20          0         24      17408       3132   heap_2.o
      1724         18          0          0         48       4937   i2c_bus.o
       684          6          0          0          0       2526   icmp.o
       540         12          0          0         16       3132   inet.o
       342          0          0          0          0       5158   inet_chksum.o
         0          0          0          0          0        664   init.o
      1264         28          0         10          0       6222   ip.o
        78          0          8          0          0       5413   ip_addr.o
      1560         24          0          6       2004       5788   ip_frag.o
       148          0          0          0          0       1806   list.o
       136          6        120          0          0      18441   lwipentry.o
       320        110          0          0         60     256668   main.o
      1062         24          0         16       2020       3818   mem.o
       380         20         56          0      12339       3014   memp.o
       220         22          0          0          0       1753   misc.o
       288          0          0          0          0       6413   netbuf.o
       288         30          0         26         48      15210   netconfig.o
       516         22          0          9          0       5236   netif.o
      1334         12          0          1          0       6092   pbuf.o
       378         28          0          4          0       6980   port.o
      1828         10          0          0          0      11195   queue.o
       412          4          0          4          0       3313   raw.o
         0          0          0          0        330       3317   stats.o
       284         10          0          0          0       2183   stm32f10x_exti.o
       860         38          0          0          0       5593   stm32f10x_gpio.o
       932         36          0         20          0       8748   stm32f10x_rcc.o
      3610         88          0          0          0      22080   stm32f10x_tim.o
      1032         22          0          0          0       8320   stm32f10x_usart.o
       588          4          0          0          0       3232   sys.o
       748         12          0          2         40       8686   sys_arch.o
      4936        300          0         60        300      29899   tasks.o
      3080        120        137         76          0      18069   tcp.o
      5964        248          0         32         20      14168   tcp_in.o
      2812         26          0          0          0       6886   tcp_out.o
       848         74          0         16          0      20856   tcpip.o
       400         34         23          8        200       2273   uart_console.o
      1228         16          0          4          0       6233   udp.o

    ----------------------------------------------------------------------
     56704       2502       1572        416      40728     713577   Object Totals
         0          0         32          0          0          0   (incl. Generated)
        12          0         11         15          7          0   (incl. Padding)

    ----------------------------------------------------------------------

      Code (inc. data)   RO Data    RW Data    ZI Data      Debug   Library Member Name

        56          8          0          0          0         84   __0sscanf.o
        86          0          0          0          0          0   __dczerorl2.o
        28          0          0          0          0         68   _chval.o
       808          6          0          0          0        112   _scanf.o
       332          0          0          0          0         96   _scanf_int.o
       218          0          0          0          0         96   _scanf_str.o
        64          0          0          0          0         84   _sgetc.o
         8          4        133          0          0         68   ctype_o.o
         0          0          0          0          0          0   entry.o
         0          0          0          0          0          0   entry10a.o
         0          0          0          0          0          0   entry11a.o
         8          4          0          0          0          0   entry2.o
         4          0          0          0          0          0   entry5.o
         0          0          0          0          0          0   entry7b.o
         0          0          0          0          0          0   entry8b.o
         8          4          0          0          0          0   entry9a.o
        30          0          0          0          0          0   handlers.o
        36          8          0          0          0         68   init.o
        18          0          0          0          0         76   isspace_o.o
         0          0          0          0          0          0   iusefp.o
        30          0          0          0          0         68   llshl.o
        36          0          0          0          0         68   llsshr.o
        32          0          0          0          0         68   llushr.o
        36          0          0          0          0         68   memcpya.o
        36          0          0          0          0        108   memseta.o
      2280         92          0          0          0        592   printfa.o
        40          8          0          0          0         84   scanf_char.o
        24          0          0          0          0         68   strcat.o
        28          0          0          0          0         76   strcmp.o
        18          0          0          0          0         68   strcpy.o
        14          0          0          0          0         68   strlen.o
        30          0          0          0          0         80   strncmp.o
        44          0          0          0          0         80   uidiv.o
        98          0          0          0          0         92   uldiv.o
        40          2          0          0          0         68   cdrcmple.o
        56          0          0          0          0         88   d2f.o
       334          0          0          0          0        148   dadd.o
       222          0          0          0          0        100   ddiv.o
       182          0          0          0          0        176   depilogue.o
        48          0          0          0          0         68   dfixul.o
       228          0          0          0          0         96   dmul.o
        38          0          0          0          0         68   f2d.o
       176          0          0          0          0        140   fadd.o
       110          0          0          0          0        168   fepilogue.o
        40          0          0          0          0         68   ffixui.o
        10          0          0          0          0         68   ffltui.o
       100          0          0          0          0         76   fmul.o

    ----------------------------------------------------------------------
      6044        136        136          0          0       3672   Library Totals
        10          0          3          0          0          0   (incl. Padding)

    ----------------------------------------------------------------------

      Code (inc. data)   RO Data    RW Data    ZI Data      Debug   Library Name

      4450        134        133          0          0       2340   mc_w.l
      1584          2          0          0          0       1332   mf_w.l

    ----------------------------------------------------------------------
      6044        136        136          0          0       3672   Library Totals

    ----------------------------------------------------------------------

==============================================================================


      Code (inc. data)   RO Data    RW Data    ZI Data      Debug   

     62748       2638       1708        416      40728     710825   Grand Totals
     62748       2638       1708        104      40728     710825   ELF Image Totals (compressed)
     62748       2638       1708        104          0          0   ROM Totals

==============================================================================

    Total RO  Size (Code + RO Data)                64456 (  62.95kB)
    Total RW  Size (RW Data + ZI Data)             41144 (  40.18kB)
    Total ROM Size (Code + RO Data + RW Data)      64560 (  63.05kB)

==============================================================================

