Product: MDK-ARM Standard 5.10
Component: ARM Compiler 5.04 update 1 (build 49)
Tool: armlink [5040049]

==============================================================================

Section Cross References

    main.o(.text) refers to bsp.o(.text) for bsp_init
    main.o(.text) refers to lwipentry.o(.text) for vlwIPInit
    main.o(.text) refers to netconfig.o(.text) for LwIP_Init
    main.o(.text) refers to queue.o(.text) for xQueueCreateMutex
    main.o(.text) refers to sys_arch.o(.text) for sys_thread_new
    main.o(.text) refers to tasks.o(.text) for xTaskCreate
    main.o(.text) refers to app_display.o(.text) for app_dispaly_show_task
    main.o(.text) refers to app_led.o(.text) for app_led_task_blink
    app_led.o(.text) refers to stm32f10x_rcc.o(.text) for RCC_APB2PeriphClockCmd
    app_led.o(.text) refers to stm32f10x_gpio.o(.text) for GPIO_Init
    app_led.o(.text) refers to tasks.o(.text) for xTaskGetTickCount
    app_led.o(.text) refers to queue.o(.text) for xQueueGenericReceive
    app_led.o(.text) refers to memseta.o(.text) for __aeabi_memset
    app_led.o(.text) refers to app_led.o(.constdata) for .constdata
    netconfig.o(.text) refers to inet.o(.text) for htonl
    netconfig.o(.text) refers to netif.o(.text) for netif_add
    netconfig.o(.text) refers to netconfig.o(.data) for .data
    netconfig.o(.text) refers to netconfig.o(.bss) for .bss
    netconfig.o(.text) refers to tcpip.o(.text) for tcpip_input
    netconfig.o(.text) refers to ethernetif.o(.text) for ethernetif_init
    app_serial.o(.text) refers to tasks.o(.text) for vTaskDelay
    app_serial.o(.text) refers to printfa.o(i.__0vsprintf) for __c89vsprintf
    app_serial.o(.text) refers to queue.o(.text) for xQueueGenericCreate
    app_serial.o(.text) refers to stm32f10x_rcc.o(.text) for RCC_APB2PeriphClockCmd
    app_serial.o(.text) refers to stm32f10x_gpio.o(.text) for GPIO_Init
    app_serial.o(.text) refers to stm32f10x_usart.o(.text) for USART_Init
    app_serial.o(.text) refers to misc.o(.text) for NVIC_Init
    app_serial.o(.text) refers to app_serial.o(.data) for .data
    app_display.o(.text) refers to queue.o(.text) for xQueueGenericReceive
    app_display.o(.text) refers to app_display.o(i.bsp_74hc595_set_DATA) for bsp_74hc595_set_DATA
    app_display.o(.text) refers to app_display.o(i.bsp_74hc595_set_OFFSET) for bsp_74hc595_set_OFFSET
    app_display.o(.text) refers to port.o(.text) for vPortEnterCritical
    app_display.o(.text) refers to app_display.o(i.bsp_74hc595_set_LOCK) for bsp_74hc595_set_LOCK
    app_display.o(.text) refers to tasks.o(.text) for vTaskDelay
    app_display.o(.text) refers to app_display.o(i.bsp_74hc595_set_OE) for bsp_74hc595_set_OE
    bsp.o(.text) refers to app_serial.o(.text) for serial_init
    bsp.o(.text) refers to i2c_bus.o(.text) for i2c_bus_init
    bsp.o(.text) refers to app_led.o(.text) for app_led_init
    bsp.o(.text) refers to stm32f10x_rcc.o(.text) for RCC_APB2PeriphClockCmd
    bsp.o(.text) refers to stm32f10x_gpio.o(.text) for GPIO_Init
    bsp.o(.text) refers to misc.o(.text) for NVIC_SetVectorTable
    dm9000x.o(.text) refers to stm32f10x_rcc.o(.text) for RCC_APB2PeriphClockCmd
    dm9000x.o(.text) refers to stm32f10x_gpio.o(.text) for GPIO_PinRemapConfig
    i2c_bus.o(.text) refers to stm32f10x_rcc.o(.text) for RCC_APB2PeriphClockCmd
    i2c_bus.o(.text) refers to stm32f10x_gpio.o(.text) for GPIO_Init
    i2c_bus.o(.text) refers to i2c_bus.o(.bss) for .bss
    cstartup.o(RESET) refers to cstartup.o(STACK) for __initial_sp
    cstartup.o(RESET) refers to cstartup.o(.text) for Reset_Handler
    cstartup.o(RESET) refers to port.o(.emb_text) for vPortSVCHandler
    cstartup.o(RESET) refers to port.o(.text) for xPortSysTickHandler
    cstartup.o(RESET) refers to app_serial.o(.text) for USART1_IRQHandler
    cstartup.o(.text) refers to entry.o(.ARM.Collect$$$$00000000) for __main
    stm32f10x_gpio.o(.text) refers to stm32f10x_rcc.o(.text) for RCC_APB2PeriphResetCmd
    stm32f10x_rcc.o(.text) refers to stm32f10x_rcc.o(.data) for .data
    system_stm32f10x.o(.text) refers to system_stm32f10x.o(.data) for .data
    stm32f10x_usart.o(.text) refers to stm32f10x_rcc.o(.text) for RCC_APB2PeriphResetCmd
    event_groups.o(.text) refers to heap_2.o(.text) for pvPortMalloc
    event_groups.o(.text) refers to list.o(.text) for vListInitialise
    event_groups.o(.text) refers to tasks.o(.text) for vTaskSuspendAll
    event_groups.o(.text) refers to port.o(.text) for vPortEnterCritical
    queue.o(.text) refers to port.o(.text) for vPortEnterCritical
    queue.o(.text) refers to list.o(.text) for vListInitialise
    queue.o(.text) refers to tasks.o(.text) for xTaskRemoveFromEventList
    queue.o(.text) refers to heap_2.o(.text) for pvPortMalloc
    queue.o(.text) refers to memcpya.o(.text) for __aeabi_memcpy
    tasks.o(.text) refers to port.o(.text) for vPortEnterCritical
    tasks.o(.text) refers to list.o(.text) for vListInitialise
[...]
    __lit__00000000                          0x080000fc   Data           4  entry2.o(.ARM.Collect$$$$00002712)
    .emb_text                                0x08000100   Section      150  port.o(.emb_text)
    .text                                    0x08000198   Section        0  main.o(.text)
    .text                                    0x08000220   Section        0  app_led.o(.text)
    .text                                    0x080002c8   Section        0  netconfig.o(.text)
    .text                                    0x08000390   Section        0  app_serial.o(.text)
    vComTxTask                               0x08000391   Thumb Code    60  app_serial.o(.text)
    xSerialPutChar                           0x08000537   Thumb Code    40  app_serial.o(.text)
    .text                                    0x0800057c   Section        0  app_display.o(.text)
    delay50ns                                0x0800064d   Thumb Code    10  app_display.o(.text)
    app_display_set_show                     0x08000657   Thumb Code    14  app_display.o(.text)
    app_display_set_point                    0x08000665   Thumb Code   106  app_display.o(.text)
    .text                                    0x080006dc   Section        0  bsp.o(.text)
    prvSetupHardware                         0x080007a9   Thumb Code   118  bsp.o(.text)
    .text                                    0x08000830   Section        0  dm9000x.o(.text)
    dm9000_out_byte                          0x080008b9   Thumb Code   106  dm9000x.o(.text)
    ior                                      0x08000923   Thumb Code    92  dm9000x.o(.text)
    iow                                      0x08000bd1   Thumb Code    20  dm9000x.o(.text)
    .text                                    0x08000bf8   Section        0  i2c_bus.o(.text)
    i2c_bus_start                            0x08000bf9   Thumb Code    98  i2c_bus.o(.text)
    i2c_bus_chip_reset                       0x08000c5b   Thumb Code    62  i2c_bus.o(.text)
    delayus                                  0x08000d1b   Thumb Code    20  i2c_bus.o(.text)
    .text                                    0x08000d3c   Section       28  cstartup.o(.text)
    .text                                    0x08000d58   Section        0  stm32f10x_gpio.o(.text)
    .text                                    0x08000fbc   Section        0  stm32f10x_rcc.o(.text)
    .text                                    0x08001274   Section        0  misc.o(.text)
    .text                                    0x08001324   Section        0  stm32f10x_usart.o(.text)
    .text                                    0x0800164c   Section        0  list.o(.text)
    .text                                    0x080016d4   Section        0  queue.o(.text)
    prvUnlockQueue                           0x08001785   Thumb Code   106  queue.o(.text)
    prvCopyDataToQueue                       0x080017ef   Thumb Code   106  queue.o(.text)
    prvCopyDataFromQueue                     0x08001a31   Thumb Code    38  queue.o(.text)
    prvIsQueueEmpty                          0x08001c5f   Thumb Code    26  queue.o(.text)
    .text                                    0x08001c78   Section        0  tasks.o(.text)
    prvAddNewTaskToReadyList                 0x08001c79   Thumb Code   194  tasks.o(.text)
    prvAddCurrentTaskToDelayedList           0x08001f6f   Thumb Code   102  tasks.o(.text)
    prvIdleTask                              0x08002321   Thumb Code    30  tasks.o(.text)
    prvListTasksWithinSingleList             0x08002433   Thumb Code   114  tasks.o(.text)
    prvInitialiseNewTask                     0x08002a7b   Thumb Code   136  tasks.o(.text)
    prvResetNextTaskUnblockTime              0x08002b03   Thumb Code    26  tasks.o(.text)
    prvDeleteTCB                             0x08002b1d   Thumb Code    20  tasks.o(.text)
    prvTaskIsTaskSuspended                   0x08002b31   Thumb Code    28  tasks.o(.text)
    prvCheckTasksWaitingTermination          0x08002b4d   Thumb Code    76  tasks.o(.text)
    .text                                    0x08002ba0   Section        0  port.o(.text)
    prvTaskExitError                         0x08002ba1   Thumb Code    16  port.o(.text)
    .text                                    0x08002c64   Section        0  heap_2.o(.text)
    .text                                    0x08002d58   Section        0  ethernetif.o(.text)
    low_level_output                         0x08002db7   Thumb Code    42  ethernetif.o(.text)
    .text                                    0x08002e54   Section        0  sys_arch.o(.text)
    .text                                    0x080030a0   Section        0  etharp.o(.text)
    find_entry                               0x080030ef   Thumb Code   316  etharp.o(.text)
    etharp_send_ip                           0x0800322b   Thumb Code    54  etharp.o(.text)
    update_arp_entry                         0x08003261   Thumb Code   162  etharp.o(.text)
    free_etharp_q                            0x080036d9   Thumb Code    30  etharp.o(.text)
    etharp_raw                               0x080036f7   Thumb Code   188  etharp.o(.text)
    .text                                    0x080037c0   Section        0  dns.o(.text)
    dns_recv                                 0x080037e3   Thumb Code   356  dns.o(.text)
    dns_send                                 0x08003993   Thumb Code   190  dns.o(.text)
    dns_check_entry                          0x08003a51   Thumb Code   170  dns.o(.text)
    dns_parse_name                           0x08003bcd   Thumb Code    34  dns.o(.text)
    dns_enqueue                              0x08003bef   Thumb Code   136  dns.o(.text)
    .text                                    0x08003c80   Section        0  mem.o(.text)
    plug_holes                               0x08003f2d   Thumb Code    78  mem.o(.text)
    .text                                    0x08003f88   Section        0  memp.o(.text)
    .text                                    0x0800408c   Section        0  netif.o(.text)
    .text                                    0x08004218   Section        0  pbuf.o(.text)
    pbuf_free_ooseq                          0x08004219   Thumb Code    42  pbuf.o(.text)
    pbuf_pool_is_empty                       0x08004243   Thumb Code    54  pbuf.o(.text)
    .text                                    0x0800464c   Section        0  raw.o(.text)
    .text                                    0x080047ac   Section        0  sys.o(.text)
    sswt_handler                             0x0800491f   Thumb Code    12  sys.o(.text)
    .text                                    0x08004984   Section        0  tcp.o(.text)
    tcp_new_port                             0x08004edb   Thumb Code    92  tcp.o(.text)
    tcp_accept_null                          0x08004fe7   Thumb Code     6  tcp.o(.text)
    .text                                    0x080052bc   Section        0  tcp_in.o(.text)
    tcp_oos_insert_segment                   0x080052bd   Thumb Code   140  tcp_in.o(.text)
    tcp_receive                              0x08005349   Thumb Code  1670  tcp_in.o(.text)
    tcp_parseopt                             0x080059cf   Thumb Code   124  tcp_in.o(.text)
    tcp_process                              0x08005a4b   Thumb Code   846  tcp_in.o(.text)
    tcp_listen_input                         0x08005d99   Thumb Code   236  tcp_in.o(.text)
    tcp_timewait_input                       0x08006217   Thumb Code   100  tcp_in.o(.text)
    .text                                    0x08006284   Section        0  tcp_out.o(.text)
    tcp_output_set_header                    0x08006285   Thumb Code   124  tcp_out.o(.text)
    tcp_output_segment                       0x080066e7   Thumb Code   208  tcp_out.o(.text)
    .text                                    0x08006c0c   Section        0  udp.o(.text)
    .text                                    0x08006fd0   Section        0  icmp.o(.text)
    icmp_send_response                       0x08007177   Thumb Code   112  icmp.o(.text)
    .text                                    0x080071f8   Section        0  inet.o(.text)
    .text                                    0x08007360   Section        0  inet_chksum.o(.text)
    lwip_standard_chksum                     0x08007361   Thumb Code    60  inet_chksum.o(.text)
    .text                                    0x08007478   Section        0  ip.o(.text)
    ip_forward                               0x080074c1   Thumb Code   168  ip.o(.text)
    .text                                    0x08007894   Section        0  ip_addr.o(.text)
    .text                                    0x080078c4   Section        0  ip_frag.o(.text)
    ip_reass_free_complete_datagram          0x080078c5   Thumb Code   106  ip_frag.o(.text)
    ip_reass_remove_oldest_datagram          0x08007957   Thumb Code   108  ip_frag.o(.text)
    ip_reass_chain_frag_into_datagram_and_validate 0x080079c3   Thumb Code   234  ip_frag.o(.text)
    ip_reass_dequeue_datagram                0x08007dc1   Thumb Code    30  ip_frag.o(.text)
    .text                                    0x08007de8   Section        0  lwipentry.o(.text)
    .text                                    0x08007e68   Section        0  api_lib.o(.text)
    .text                                    0x08008128   Section        0  api_msg.o(.text)
    recv_raw                                 0x08008129   Thumb Code   122  api_msg.o(.text)
    recv_udp                                 0x080081a3   Thumb Code   110  api_msg.o(.text)
    recv_tcp                                 0x08008211   Thumb Code    74  api_msg.o(.text)
    err_tcp                                  0x0800825b   Thumb Code   100  api_msg.o(.text)
    do_writemore                             0x080082bf   Thumb Code   180  api_msg.o(.text)
    sent_tcp                                 0x08008373   Thumb Code    64  api_msg.o(.text)
    do_close_internal                        0x080083b3   Thumb Code   156  api_msg.o(.text)
    poll_tcp                                 0x0800844f   Thumb Code    28  api_msg.o(.text)
    setup_tcp                                0x0800846b   Thumb Code    50  api_msg.o(.text)
    accept_function                          0x0800855d   Thumb Code    76  api_msg.o(.text)
    do_connected                             0x08008687   Thumb Code    44  api_msg.o(.text)
    do_dns_found                             0x0800892d   Thumb Code    26  api_msg.o(.text)
    pcb_new                                  0x0800896b   Thumb Code   136  api_msg.o(.text)
    .text                                    0x08008a00   Section        0  netbuf.o(.text)
    .text                                    0x08008b00   Section        0  tcpip.o(.text)
    tcpip_tcp_timer                          0x08008b01   Thumb Code    40  tcpip.o(.text)
    ip_reass_timer                           0x08008b4d   Thumb Code    22  tcpip.o(.text)
    arp_timer                                0x08008b63   Thumb Code    22  tcpip.o(.text)
    dns_timer                                0x08008b79   Thumb Code    22  tcpip.o(.text)
    tcpip_thread                             0x08008b8f   Thumb Code   150  tcpip.o(.text)
    pbuf_free_int                            0x08008d81   Thumb Code     4  tcpip.o(.text)
    .text                                    0x08008dcc   Section        0  memcpya.o(.text)
    .text                                    0x08008df0   Section        0  memseta.o(.text)
    .text                                    0x08008e14   Section        0  strlen.o(.text)
    .text                                    0x08008e22   Section        0  strcmp.o(.text)
    .text                                    0x08008e3e   Section        0  strcpy.o(.text)
    .text                                    0x08008e50   Section        0  uidiv.o(.text)
    .text                                    0x08008e7c   Section        0  uldiv.o(.text)
    .text                                    0x08008ede   Section        0  dadd.o(.text)
    .text                                    0x08008ede   Section        0  iusefp.o(.text)
    .text                                    0x0800902c   Section        0  dmul.o(.text)
    .text                                    0x08009110   Section        0  ddiv.o(.text)
    .text                                    0x080091ee   Section        0  dfixul.o(.text)
    .text                                    0x08009220   Section       40  cdrcmple.o(.text)
    .text                                    0x08009248   Section       36  init.o(.text)
    .text                                    0x0800926c   Section        0  llshl.o(.text)
    .text                                    0x0800928a   Section        0  llushr.o(.text)
    .text                                    0x080092aa   Section        0  llsshr.o(.text)
    .text                                    0x080092ce   Section        0  depilogue.o(.text)
    .text                                    0x08009384   Section        0  __dczerorl2.o(.text)
    i.__0vsprintf                            0x080093dc   Section        0  printfa.o(i.__0vsprintf)
    i.__scatterload_copy                     0x08009400   Section       14  handlers.o(i.__scatterload_copy)
    i.__scatterload_null                     0x0800940e   Section        2  handlers.o(i.__scatterload_null)
    i.__scatterload_zeroinit                 0x08009410   Section       14  handlers.o(i.__scatterload_zeroinit)
    i._fp_digits                             0x08009420   Section        0  printfa.o(i._fp_digits)
    _fp_digits                               0x08009421   Thumb Code   334  printfa.o(i._fp_digits)
    i._printf_core                           0x08009584   Section        0  printfa.o(i._printf_core)
    _printf_core                             0x08009585   Thumb Code  1744  printfa.o(i._printf_core)
    i._printf_post_padding                   0x08009c60   Section        0  printfa.o(i._printf_post_padding)
    _printf_post_padding                     0x08009c61   Thumb Code    36  printfa.o(i._printf_post_padding)
    i._printf_pre_padding                    0x08009c84   Section        0  printfa.o(i._printf_pre_padding)
    _printf_pre_padding                      0x08009c85   Thumb Code    46  printfa.o(i._printf_pre_padding)
    i._sputc                                 0x08009cb2   Section        0  printfa.o(i._sputc)
    _sputc                                   0x08009cb3   Thumb Code    10  printfa.o(i._sputc)
    i.bsp_74hc595_set_DATA                   0x08009cbc   Section        0  app_display.o(i.bsp_74hc595_set_DATA)
    i.bsp_74hc595_set_LOCK                   0x08009cd4   Section        0  app_display.o(i.bsp_74hc595_set_LOCK)
    i.bsp_74hc595_set_OE                     0x08009cec   Section        0  app_display.o(i.bsp_74hc595_set_OE)
    i.bsp_74hc595_set_OFFSET                 0x08009d00   Section        0  app_display.o(i.bsp_74hc595_set_OFFSET)
    .constdata                               0x08009d18   Section        6  app_led.o(.constdata)
    .constdata                               0x08009d1e   Section       12  etharp.o(.constdata)
    .constdata                               0x08009d2a   Section       56  memp.o(.constdata)
    memp_sizes                               0x08009d2a   Data          28  memp.o(.constdata)
    memp_num                                 0x08009d46   Data          28  memp.o(.constdata)
    .constdata                               0x08009d62   Section       20  tcp.o(.constdata)
    .constdata                               0x08009d76   Section        4  ip_addr.o(.constdata)
    .conststring                             0x08009d7c   Section      117  tcp.o(.conststring)
    .conststring                             0x08009df4   Section      120  lwipentry.o(.conststring)
    .data                                    0x20000000   Section       18  netconfig.o(.data)
    .data                                    0x20000014   Section        8  app_serial.o(.data)
    xPort                                    0x20000014   Data           4  app_serial.o(.data)
    xCharsForTx                              0x20000018   Data           4  app_serial.o(.data)
    .data                                    0x2000001c   Section       20  stm32f10x_rcc.o(.data)
    ADCPrescTable                            0x2000001c   Data           4  stm32f10x_rcc.o(.data)
    APBAHBPrescTable                         0x20000020   Data          16  stm32f10x_rcc.o(.data)
    .data                                    0x20000030   Section       60  tasks.o(.data)
    uxDeletedTasksWaitingCleanUp             0x20000034   Data           4  tasks.o(.data)
    uxCurrentNumberOfTasks                   0x20000038   Data           4  tasks.o(.data)
    xTickCount                               0x2000003c   Data           4  tasks.o(.data)
    uxTopReadyPriority                       0x20000040   Data           4  tasks.o(.data)
    xSchedulerRunning                        0x20000044   Data           4  tasks.o(.data)
    uxPendedTicks                            0x20000048   Data           4  tasks.o(.data)
    xYieldPending                            0x2000004c   Data           4  tasks.o(.data)
    xNumOfOverflows                          0x20000050   Data           4  tasks.o(.data)
    uxTaskNumber                             0x20000054   Data           4  tasks.o(.data)
    xNextTaskUnblockTime                     0x20000058   Data           4  tasks.o(.data)
    xIdleTaskHandle                          0x2000005c   Data           4  tasks.o(.data)
    uxSchedulerSuspended                     0x20000060   Data           4  tasks.o(.data)
    pxDelayedTaskList                        0x20000064   Data           4  tasks.o(.data)
    pxOverflowDelayedTaskList                0x20000068   Data           4  tasks.o(.data)
    .data                                    0x2000006c   Section        4  port.o(.data)
    uxCriticalNesting                        0x2000006c   Data           4  port.o(.data)
    .data                                    0x20000070   Section       24  heap_2.o(.data)
    xFreeBytesRemaining                      0x20000070   Data           4  heap_2.o(.data)
    xHeapHasBeenInitialised                  0x20000074   Data           4  heap_2.o(.data)
    xStart                                   0x20000078   Data           8  heap_2.o(.data)
    xEnd                                     0x20000080   Data           8  heap_2.o(.data)
    .data                                    0x20000088   Section        2  sys_arch.o(.data)
    s_nextthread                             0x20000088   Data           2  sys_arch.o(.data)
    .data                                    0x2000008a   Section        1  etharp.o(.data)
    etharp_cached_entry                      0x2000008a   Data           1  etharp.o(.data)
    .data                                    0x2000008c   Section       16  dns.o(.data)
    dns_seqno                                0x2000008c   Data           1  dns.o(.data)
    dns_pcb                                  0x20000090   Data           4  dns.o(.data)
    dns_servers                              0x20000094   Data           8  dns.o(.data)
    .data                                    0x2000009c   Section       16  mem.o(.data)
    ram                                      0x2000009c   Data           4  mem.o(.data)
    ram_end                                  0x200000a0   Data           4  mem.o(.data)
    lfree                                    0x200000a4   Data           4  mem.o(.data)
    mem_sem                                  0x200000a8   Data           4  mem.o(.data)
    .data                                    0x200000ac   Section       12  netif.o(.data)
    netifnum                                 0x200000ac   Data           1  netif.o(.data)
    .data                                    0x200000b8   Section        1  pbuf.o(.data)
    pbuf_free_ooseq_queued                   0x200000b8   Data           1  pbuf.o(.data)
    .data                                    0x200000bc   Section        4  raw.o(.data)
    raw_pcbs                                 0x200000bc   Data           4  raw.o(.data)
    .data                                    0x200000c0   Section       76  tcp.o(.data)
    tcp_timer                                0x200000c0   Data           1  tcp.o(.data)
    port                                     0x200000c2   Data           2  tcp.o(.data)
    iss                                      0x200000c4   Data           4  tcp.o(.data)
    .data                                    0x2000010c   Section       28  tcp_in.o(.data)
    flags                                    0x2000010c   Data           1  tcp_in.o(.data)
    recv_flags                               0x2000010d   Data           1  tcp_in.o(.data)
    tcplen                                   0x2000010e   Data           2  tcp_in.o(.data)
    tcphdr                                   0x20000110   Data           4  tcp_in.o(.data)
    iphdr                                    0x20000114   Data           4  tcp_in.o(.data)
    seqno                                    0x20000118   Data           4  tcp_in.o(.data)
    ackno                                    0x2000011c   Data           4  tcp_in.o(.data)
    recv_data                                0x20000120   Data           4  tcp_in.o(.data)
    .data                                    0x20000128   Section        4  udp.o(.data)
    .data                                    0x2000012c   Section       12  ip.o(.data)
    ip_id                                    0x2000012c   Data           2  ip.o(.data)
    .data                                    0x20000138   Section        8  ip_frag.o(.data)
    ip_reass_pbufcount                       0x20000138   Data           2  ip_frag.o(.data)
    reassdatagrams                           0x2000013c   Data           4  ip_frag.o(.data)
    .data                                    0x20000140   Section       16  tcpip.o(.data)
    mbox                                     0x20000140   Data           4  tcpip.o(.data)
    tcpip_init_done                          0x20000144   Data           4  tcpip.o(.data)
    tcpip_init_done_arg                      0x20000148   Data           4  tcpip.o(.data)
    tcpip_tcp_timer_active                   0x2000014c   Data           4  tcpip.o(.data)
    .bss                                     0x20000150   Section       48  netconfig.o(.bss)
    .bss                                     0x20000180   Section       56  i2c_bus.o(.bss)
    i2c_bus                                  0x20000180   Data          56  i2c_bus.o(.bss)
    .bss                                     0x200001b8   Section      300  tasks.o(.bss)
    pxReadyTasksLists                        0x200001b8   Data         200  tasks.o(.bss)
    xDelayedTaskList1                        0x20000280   Data          20  tasks.o(.bss)
    xDelayedTaskList2                        0x20000294   Data          20  tasks.o(.bss)
    xPendingReadyList                        0x200002a8   Data          20  tasks.o(.bss)
    xTasksWaitingTermination                 0x200002bc   Data          20  tasks.o(.bss)
    xSuspendedTaskList                       0x200002d0   Data          20  tasks.o(.bss)
    .bss                                     0x200002e4   Section    17408  heap_2.o(.bss)
    ucHeap                                   0x200002e4   Data       17408  heap_2.o(.bss)
    .bss                                     0x200046e4   Section     3032  ethernetif.o(.bss)
    .bss                                     0x200052bc   Section       40  sys_arch.o(.bss)
    s_timeoutlist                            0x200052bc   Data          40  sys_arch.o(.bss)
    .bss                                     0x200052e4   Section      200  etharp.o(.bss)
    arp_table                                0x200052e4   Data         200  etharp.o(.bss)
    .bss                                     0x200053ac   Section     1632  dns.o(.bss)
    dns_table                                0x200053ac   Data        1120  dns.o(.bss)
    dns_payload                              0x2000580c   Data         512  dns.o(.bss)
    .bss                                     0x20005a0c   Section     2020  mem.o(.bss)
    ram_heap                                 0x20005a0c   Data        2020  mem.o(.bss)
    .bss                                     0x200061f0   Section    12339  memp.o(.bss)
    memp_tab                                 0x200061f0   Data          56  memp.o(.bss)
    memp_memory                              0x20006228   Data       12283  memp.o(.bss)
    .bss                                     0x20009224   Section      330  stats.o(.bss)
    .bss                                     0x20009370   Section       20  tcp_in.o(.bss)
    inseg                                    0x20009370   Data          20  tcp_in.o(.bss)
    .bss                                     0x20009384   Section       16  inet.o(.bss)
    str                                      0x20009384   Data          16  inet.o(.bss)
    .bss                                     0x20009394   Section     2004  ip_frag.o(.bss)
    buf                                      0x20009394   Data        2004  ip_frag.o(.bss)
    STACK                                    0x20009b68   Section     1024  cstartup.o(STACK)

    Global Symbols

    Symbol Name                              Value     Ov Type        Size  Object(Section)

    BuildAttributes$$THM_ISAv4$P$D$K$B$S$PE$A:L22UL41UL21$X:L11$S22US41US21$IEEE1$IW$USESV6$~STKCKD$USESV7$~SHL$OSPACE$ROPI$EBA8$MICROLIB$REQ8$PRES8$EABIv2 0x00000000   Number         0  anon$$obj.o ABSOLUTE
    __ARM_use_no_argv                        0x00000000   Number         0  main.o ABSOLUTE
    __cpp_initialize__aeabi_                  - Undefined Weak Reference
    __cxa_finalize                            - Undefined Weak Reference
    _clock_init                               - Undefined Weak Reference
    _microlib_exit                            - Undefined Weak Reference
    __Vectors                                0x08000000   Data           4  cstartup.o(RESET)
    __main                                   0x080000ed   Thumb Code     0  entry.o(.ARM.Collect$$$$00000000)
    _main_stk                                0x080000ed   Thumb Code     0  entry2.o(.ARM.Collect$$$$00000001)
    _main_scatterload                        0x080000f1   Thumb Code     0  entry5.o(.ARM.Collect$$$$00000004)
    __main_after_scatterload                 0x080000f5   Thumb Code     0  entry5.o(.ARM.Collect$$$$00000004)
    _main_clock                              0x080000f5   Thumb Code     0  entry7b.o(.ARM.Collect$$$$00000008)
    _main_cpp_init                           0x080000f5   Thumb Code     0  entry8b.o(.ARM.Collect$$$$0000000A)
    _main_init                               0x080000f5   Thumb Code     0  entry9a.o(.ARM.Collect$$$$0000000B)
    __rt_final_cpp                           0x080000fd   Thumb Code     0  entry10a.o(.ARM.Collect$$$$0000000D)
    __rt_final_exit                          0x080000fd   Thumb Code     0  entry11a.o(.ARM.Collect$$$$0000000F)
    vPortSVCHandler                          0x08000101   Thumb Code    32  port.o(.emb_text)
    __asm___6_port_c_39a90d8d__prvStartFirstTask 0x08000125   Thumb Code    28  port.o(.emb_text)
    xPortPendSVHandler                       0x08000145   Thumb Code    72  port.o(.emb_text)
    vPortGetIPSR                             0x08000191   Thumb Code     6  port.o(.emb_text)
    main                                     0x08000199   Thumb Code    90  main.o(.text)
    app_led_init                             0x08000221   Thumb Code    48  app_led.o(.text)
    app_led_task_blink                       0x08000251   Thumb Code   112  app_led.o(.text)
    LwIP_Init                                0x080002c9   Thumb Code   184  netconfig.o(.text)
    vStartComTasks                           0x080003cd   Thumb Code    22  app_serial.o(.text)
    dbg_string                               0x080003e3   Thumb Code    50  app_serial.o(.text)
    serial_init                              0x08000415   Thumb Code   204  app_serial.o(.text)
    USART1_IRQHandler                        0x080004e1   Thumb Code    86  app_serial.o(.text)
    app_dispaly_show_task                    0x0800057d   Thumb Code   208  app_display.o(.text)
    bsp_init                                 0x080006dd   Thumb Code   204  bsp.o(.text)
    dm9000x_gpio_inital                      0x08000831   Thumb Code   136  dm9000x.o(.text)
    dm9000x_read_id                          0x0800097f   Thumb Code    54  dm9000x.o(.text)
    dm9000x_inital                           0x080009b5   Thumb Code   216  dm9000x.o(.text)
    dm9000x_sendpacket                       0x08000a8d   Thumb Code   136  dm9000x.o(.text)
    dm9000x_receivepacket                    0x08000b15   Thumb Code   188  dm9000x.o(.text)
    i2c_bus_init                             0x08000c99   Thumb Code   130  i2c_bus.o(.text)
    Reset_Handler                            0x08000d3d   Thumb Code     4  cstartup.o(.text)
    NMI_Handler                              0x08000d41   Thumb Code     2  cstartup.o(.text)
    HardFault_Handler                        0x08000d43   Thumb Code     2  cstartup.o(.text)
    MemManage_Handler                        0x08000d45   Thumb Code     2  cstartup.o(.text)
    BusFault_Handler                         0x08000d47   Thumb Code     2  cstartup.o(.text)
    UsageFault_Handler                       0x08000d49   Thumb Code     2  cstartup.o(.text)
    SVC_Handler                              0x08000d4b   Thumb Code     2  cstartup.o(.text)
    DebugMon_Handler                         0x08000d4d   Thumb Code     2  cstartup.o(.text)
    PendSV_Handler                           0x08000d4f   Thumb Code     2  cstartup.o(.text)
    SysTick_Handler                          0x08000d51   Thumb Code     2  cstartup.o(.text)
    ADC_IRQHandler                           0x08000d53   Thumb Code     0  cstartup.o(.text)
    CAN_RX1_IRQHandler                       0x08000d53   Thumb Code     0  cstartup.o(.text)
    CAN_SCE_IRQHandler                       0x08000d53   Thumb Code     0  cstartup.o(.text)
    DMAChannel1_IRQHandler                   0x08000d53   Thumb Code     0  cstartup.o(.text)
    DMAChannel2_IRQHandler                   0x08000d53   Thumb Code     0  cstartup.o(.text)
    DMAChannel3_IRQHandler                   0x08000d53   Thumb Code     0  cstartup.o(.text)
    DMAChannel4_IRQHandler                   0x08000d53   Thumb Code     0  cstartup.o(.text)
    DMAChannel5_IRQHandler                   0x08000d53   Thumb Code     0  cstartup.o(.text)
    DMAChannel6_IRQHandler                   0x08000d53   Thumb Code     0  cstartup.o(.text)
    DMAChannel7_IRQHandler                   0x08000d53   Thumb Code     0  cstartup.o(.text)
    EXTI0_IRQHandler                         0x08000d53   Thumb Code     0  cstartup.o(.text)
    EXTI15_10_IRQHandler                     0x08000d53   Thumb Code     0  cstartup.o(.text)
    EXTI1_IRQHandler                         0x08000d53   Thumb Code     0  cstartup.o(.text)
    EXTI2_IRQHandler                         0x08000d53   Thumb Code     0  cstartup.o(.text)
    EXTI3_IRQHandler                         0x08000d53   Thumb Code     0  cstartup.o(.text)
    EXTI4_IRQHandler                         0x08000d53   Thumb Code     0  cstartup.o(.text)
    EXTI9_5_IRQHandler                       0x08000d53   Thumb Code     0  cstartup.o(.text)
    FLASH_IRQHandler                         0x08000d53   Thumb Code     0  cstartup.o(.text)
    I2C1_ER_IRQHandler                       0x08000d53   Thumb Code     0  cstartup.o(.text)
    I2C1_EV_IRQHandler                       0x08000d53   Thumb Code     0  cstartup.o(.text)
    I2C2_ER_IRQHandler                       0x08000d53   Thumb Code     0  cstartup.o(.text)
    I2C2_EV_IRQHandler                       0x08000d53   Thumb Code     0  cstartup.o(.text)
    PVD_IRQHandler                           0x08000d53   Thumb Code     0  cstartup.o(.text)
    RCC_IRQHandler                           0x08000d53   Thumb Code     0  cstartup.o(.text)
    RTCAlarm_IRQHandler                      0x08000d53   Thumb Code     0  cstartup.o(.text)
    RTC_IRQHandler                           0x08000d53   Thumb Code     0  cstartup.o(.text)
    SPI1_IRQHandler                          0x08000d53   Thumb Code     0  cstartup.o(.text)
    SPI2_IRQHandler                          0x08000d53   Thumb Code     0  cstartup.o(.text)
    TAMPER_IRQHandler                        0x08000d53   Thumb Code     0  cstartup.o(.text)
    TIM1_BRK_IRQHandler                      0x08000d53   Thumb Code     0  cstartup.o(.text)
    TIM1_CC_IRQHandler                       0x08000d53   Thumb Code     0  cstartup.o(.text)
    TIM1_TRG_COM_IRQHandler                  0x08000d53   Thumb Code     0  cstartup.o(.text)
    TIM1_UP_IRQHandler                       0x08000d53   Thumb Code     0  cstartup.o(.text)
    TIM2_IRQHandler                          0x08000d53   Thumb Code     0  cstartup.o(.text)
    TIM3_IRQHandler                          0x08000d53   Thumb Code     0  cstartup.o(.text)
    TIM4_IRQHandler                          0x08000d53   Thumb Code     0  cstartup.o(.text)
    USART2_IRQHandler                        0x08000d53   Thumb Code     0  cstartup.o(.text)
    USART3_IRQHandler                        0x08000d53   Thumb Code     0  cstartup.o(.text)
    USBWakeUp_IRQHandler                     0x08000d53   Thumb Code     0  cstartup.o(.text)
    USB_HP_CAN_TX_IRQHandler                 0x08000d53   Thumb Code     0  cstartup.o(.text)
    USB_LP_CAN_RX0_IRQHandler                0x08000d53   Thumb Code     0  cstartup.o(.text)
    WWDG_IRQHandler                          0x08000d53   Thumb Code     0  cstartup.o(.text)
    GPIO_DeInit                              0x08000d59   Thumb Code   152  stm32f10x_gpio.o(.text)
    GPIO_AFIODeInit                          0x08000df1   Thumb Code    22  stm32f10x_gpio.o(.text)
    GPIO_Init                                0x08000e07   Thumb Code   156  stm32f10x_gpio.o(.text)
    GPIO_StructInit                          0x08000ea3   Thumb Code    16  stm32f10x_gpio.o(.text)
    GPIO_ReadInputDataBit                    0x08000eb3   Thumb Code    14  stm32f10x_gpio.o(.text)
    GPIO_ReadInputData                       0x08000ec1   Thumb Code     6  stm32f10x_gpio.o(.text)
    GPIO_ReadOutputDataBit                   0x08000ec7   Thumb Code    14  stm32f10x_gpio.o(.text)
    GPIO_ReadOutputData                      0x08000ed5   Thumb Code     6  stm32f10x_gpio.o(.text)
    GPIO_SetBits                             0x08000edb   Thumb Code     4  stm32f10x_gpio.o(.text)
    GPIO_ResetBits                           0x08000edf   Thumb Code     4  stm32f10x_gpio.o(.text)
    GPIO_WriteBit                            0x08000ee3   Thumb Code    10  stm32f10x_gpio.o(.text)
    GPIO_Write                               0x08000eed   Thumb Code     4  stm32f10x_gpio.o(.text)
    GPIO_PinLockConfig                       0x08000ef1   Thumb Code    16  stm32f10x_gpio.o(.text)
    GPIO_EventOutputConfig                   0x08000f01   Thumb Code    22  stm32f10x_gpio.o(.text)
    GPIO_EventOutputCmd                      0x08000f17   Thumb Code     6  stm32f10x_gpio.o(.text)
    GPIO_PinRemapConfig                      0x08000f1d   Thumb Code    82  stm32f10x_gpio.o(.text)
    GPIO_EXTILineConfig                      0x08000f6f   Thumb Code    34  stm32f10x_gpio.o(.text)
    GPIO_ETH_MediaInterfaceConfig            0x08000f91   Thumb Code     8  stm32f10x_gpio.o(.text)
    RCC_DeInit                               0x08000fbd   Thumb Code    50  stm32f10x_rcc.o(.text)
    RCC_HSEConfig                            0x08000fef   Thumb Code    48  stm32f10x_rcc.o(.text)
    RCC_GetFlagStatus                        0x0800101f   Thumb Code    42  stm32f10x_rcc.o(.text)
    RCC_WaitForHSEStartUp                    0x08001049   Thumb Code    44  stm32f10x_rcc.o(.text)
    RCC_AdjustHSICalibrationValue            0x08001075   Thumb Code    16  stm32f10x_rcc.o(.text)
    RCC_HSICmd                               0x08001085   Thumb Code     6  stm32f10x_rcc.o(.text)
    RCC_PLLConfig                            0x0800108b   Thumb Code    16  stm32f10x_rcc.o(.text)
    RCC_PLLCmd                               0x0800109b   Thumb Code     6  stm32f10x_rcc.o(.text)
    RCC_SYSCLKConfig                         0x080010a1   Thumb Code    14  stm32f10x_rcc.o(.text)
    RCC_GetSYSCLKSource                      0x080010af   Thumb Code    10  stm32f10x_rcc.o(.text)
    RCC_HCLKConfig                           0x080010b9   Thumb Code    14  stm32f10x_rcc.o(.text)
    RCC_PCLK1Config                          0x080010c7   Thumb Code    14  stm32f10x_rcc.o(.text)
    RCC_PCLK2Config                          0x080010d5   Thumb Code    16  stm32f10x_rcc.o(.text)
    RCC_ITConfig                             0x080010e5   Thumb Code    18  stm32f10x_rcc.o(.text)
    RCC_USBCLKConfig                         0x080010f7   Thumb Code     8  stm32f10x_rcc.o(.text)
    RCC_ADCCLKConfig                         0x080010ff   Thumb Code    14  stm32f10x_rcc.o(.text)
    RCC_LSEConfig                            0x0800110d   Thumb Code    28  stm32f10x_rcc.o(.text)
    RCC_LSICmd                               0x08001129   Thumb Code     6  stm32f10x_rcc.o(.text)
    RCC_RTCCLKConfig                         0x0800112f   Thumb Code    10  stm32f10x_rcc.o(.text)
    RCC_RTCCLKCmd                            0x08001139   Thumb Code     8  stm32f10x_rcc.o(.text)
    RCC_GetClocksFreq                        0x08001141   Thumb Code   132  stm32f10x_rcc.o(.text)
    RCC_AHBPeriphClockCmd                    0x080011c5   Thumb Code    18  stm32f10x_rcc.o(.text)
    RCC_APB2PeriphClockCmd                   0x080011d7   Thumb Code    18  stm32f10x_rcc.o(.text)
    RCC_APB1PeriphClockCmd                   0x080011e9   Thumb Code    18  stm32f10x_rcc.o(.text)
    RCC_APB2PeriphResetCmd                   0x080011fb   Thumb Code    18  stm32f10x_rcc.o(.text)
    RCC_APB1PeriphResetCmd                   0x0800120d   Thumb Code    18  stm32f10x_rcc.o(.text)
    RCC_BackupResetCmd                       0x0800121f   Thumb Code     8  stm32f10x_rcc.o(.text)
    RCC_ClockSecuritySystemCmd               0x08001227   Thumb Code     6  stm32f10x_rcc.o(.text)
    RCC_MCOConfig                            0x0800122d   Thumb Code     6  stm32f10x_rcc.o(.text)
    RCC_ClearFlag                            0x08001233   Thumb Code    12  stm32f10x_rcc.o(.text)
    RCC_GetITStatus                          0x0800123f   Thumb Code    16  stm32f10x_rcc.o(.text)
    RCC_ClearITPendingBit                    0x0800124f   Thumb Code     6  stm32f10x_rcc.o(.text)
    NVIC_PriorityGroupConfig                 0x08001275   Thumb Code    10  misc.o(.text)
    NVIC_Init                                0x0800127f   Thumb Code    94  misc.o(.text)
    NVIC_SetVectorTable                      0x080012dd   Thumb Code    14  misc.o(.text)
    NVIC_SystemLPConfig                      0x080012eb   Thumb Code    20  misc.o(.text)
    SysTick_CLKSourceConfig                  0x080012ff   Thumb Code    24  misc.o(.text)
    USART_DeInit                             0x08001325   Thumb Code    96  stm32f10x_usart.o(.text)
    USART_Init                               0x08001385   Thumb Code   166  stm32f10x_usart.o(.text)
    USART_StructInit                         0x0800142b   Thumb Code    22  stm32f10x_usart.o(.text)
    USART_ClockInit                          0x08001441   Thumb Code    30  stm32f10x_usart.o(.text)
    USART_ClockStructInit                    0x0800145f   Thumb Code    12  stm32f10x_usart.o(.text)
    USART_Cmd                                0x0800146b   Thumb Code    20  stm32f10x_usart.o(.text)
    USART_ITConfig                           0x0800147f   Thumb Code    48  stm32f10x_usart.o(.text)
    USART_DMACmd                             0x080014af   Thumb Code    16  stm32f10x_usart.o(.text)
    USART_SetAddress                         0x080014bf   Thumb Code    16  stm32f10x_usart.o(.text)
    USART_WakeUpConfig                       0x080014cf   Thumb Code    16  stm32f10x_usart.o(.text)
    USART_ReceiverWakeUpCmd                  0x080014df   Thumb Code    20  stm32f10x_usart.o(.text)
    USART_LINBreakDetectLengthConfig         0x080014f3   Thumb Code    16  stm32f10x_usart.o(.text)
    USART_LINCmd                             0x08001503   Thumb Code    20  stm32f10x_usart.o(.text)
    USART_SendData                           0x08001517   Thumb Code     8  stm32f10x_usart.o(.text)
    USART_ReceiveData                        0x0800151f   Thumb Code     8  stm32f10x_usart.o(.text)
    USART_SendBreak                          0x08001527   Thumb Code    10  stm32f10x_usart.o(.text)
    USART_SetGuardTime                       0x08001531   Thumb Code    16  stm32f10x_usart.o(.text)
    USART_SetPrescaler                       0x08001541   Thumb Code    16  stm32f10x_usart.o(.text)
    USART_SmartCardCmd                       0x08001551   Thumb Code    20  stm32f10x_usart.o(.text)
    USART_SmartCardNACKCmd                   0x08001565   Thumb Code    20  stm32f10x_usart.o(.text)
    USART_HalfDuplexCmd                      0x08001579   Thumb Code    20  stm32f10x_usart.o(.text)
    USART_OverSampling8Cmd                   0x0800158d   Thumb Code    20  stm32f10x_usart.o(.text)
    USART_OneBitMethodCmd                    0x080015a1   Thumb Code    20  stm32f10x_usart.o(.text)
    USART_IrDAConfig                         0x080015b5   Thumb Code    16  stm32f10x_usart.o(.text)
    USART_IrDACmd                            0x080015c5   Thumb Code    20  stm32f10x_usart.o(.text)
    USART_GetFlagStatus                      0x080015d9   Thumb Code    14  stm32f10x_usart.o(.text)
    USART_ClearFlag                          0x080015e7   Thumb Code     6  stm32f10x_usart.o(.text)
    USART_GetITStatus                        0x080015ed   Thumb Code    62  stm32f10x_usart.o(.text)
    USART_ClearITPendingBit                  0x0800162b   Thumb Code    12  stm32f10x_usart.o(.text)
    vListInitialise                          0x0800164d   Thumb Code    22  list.o(.text)
    vListInitialiseItem                      0x08001663   Thumb Code     6  list.o(.text)
    vListInsertEnd                           0x08001669   Thumb Code    24  list.o(.text)
    vListInsert                              0x08001681   Thumb Code    48  list.o(.text)
    uxListRemove                             0x080016b1   Thumb Code    36  list.o(.text)
    xQueueGenericReset                       0x080016d5   Thumb Code   112  queue.o(.text)
    xQueueGenericCreate                      0x08001745   Thumb Code    64  queue.o(.text)
    xQueueGenericSend                        0x08001859   Thumb Code   250  queue.o(.text)
    xQueueCreateMutex                        0x08001953   Thumb Code    36  queue.o(.text)
    xQueueGenericSendFromISR                 0x08001977   Thumb Code   100  queue.o(.text)
    xQueueGiveFromISR                        0x080019db   Thumb Code    86  queue.o(.text)
    xQueueGenericReceive                     0x08001a57   Thumb Code   288  queue.o(.text)
    xQueueReceiveFromISR                     0x08001b77   Thumb Code    98  queue.o(.text)
    xQueuePeekFromISR                        0x08001bd9   Thumb Code    44  queue.o(.text)
    uxQueueMessagesWaiting                   0x08001c05   Thumb Code    18  queue.o(.text)
    uxQueueSpacesAvailable                   0x08001c17   Thumb Code    22  queue.o(.text)
    uxQueueMessagesWaitingFromISR            0x08001c2d   Thumb Code     4  queue.o(.text)
    vQueueDelete                             0x08001c31   Thumb Code     4  queue.o(.text)
    uxQueueGetQueueNumber                    0x08001c35   Thumb Code     4  queue.o(.text)
    vQueueSetQueueNumber                     0x08001c39   Thumb Code     4  queue.o(.text)
    ucQueueGetQueueType                      0x08001c3d   Thumb Code     6  queue.o(.text)
    xQueueIsQueueEmptyFromISR                0x08001c43   Thumb Code    12  queue.o(.text)
    xQueueIsQueueFullFromISR                 0x08001c4f   Thumb Code    16  queue.o(.text)
    xTaskCreate                              0x08001d3b   Thumb Code    82  tasks.o(.text)
    vTaskDelete                              0x08001d8d   Thumb Code   148  tasks.o(.text)
    xTaskIncrementTick                       0x08001e21   Thumb Code   168  tasks.o(.text)
    xTaskResumeAll                           0x08001ec9   Thumb Code   166  tasks.o(.text)
    vTaskSuspendAll                          0x08001fd5   Thumb Code    10  tasks.o(.text)
    vTaskDelayUntil                          0x08001fdf   Thumb Code    78  tasks.o(.text)
    vTaskDelay                               0x0800202d   Thumb Code    44  tasks.o(.text)
    eTaskGetState                            0x08002059   Thumb Code    92  tasks.o(.text)
    uxTaskPriorityGet                        0x080020b5   Thumb Code    24  tasks.o(.text)
    uxTaskPriorityGetFromISR                 0x080020cd   Thumb Code    32  tasks.o(.text)
    vTaskPrioritySet                         0x080020ed   Thumb Code   168  tasks.o(.text)
    vTaskSwitchContext                       0x08002195   Thumb Code    60  tasks.o(.text)
    vTaskSuspend                             0x080021d1   Thumb Code   136  tasks.o(.text)
    vTaskResume                              0x08002259   Thumb Code    96  tasks.o(.text)
    xTaskResumeFromISR                       0x080022b9   Thumb Code   104  tasks.o(.text)
    vTaskStartScheduler                      0x0800233f   Thumb Code    66  tasks.o(.text)
    vTaskEndScheduler                        0x08002381   Thumb Code    24  tasks.o(.text)
    xTaskGetTickCount                        0x08002399   Thumb Code     6  tasks.o(.text)
    xTaskGetTickCountFromISR                 0x0800239f   Thumb Code     6  tasks.o(.text)
    uxTaskGetNumberOfTasks                   0x080023a5   Thumb Code     6  tasks.o(.text)
    pcTaskGetName                            0x080023ab   Thumb Code    10  tasks.o(.text)
    vTaskGetTaskInfo                         0x080023b5   Thumb Code   126  tasks.o(.text)
    uxTaskGetSystemState                     0x080024a5   Thumb Code   156  tasks.o(.text)
    vTaskPlaceOnEventList                    0x08002541   Thumb Code    28  tasks.o(.text)
    vTaskPlaceOnUnorderedEventList           0x0800255d   Thumb Code    36  tasks.o(.text)
    xTaskRemoveFromEventList                 0x08002581   Thumb Code    88  tasks.o(.text)
    xTaskRemoveFromUnorderedEventList        0x080025d9   Thumb Code    72  tasks.o(.text)
    vTaskSetTimeOutState                     0x08002621   Thumb Code    12  tasks.o(.text)
    xTaskCheckForTimeOut                     0x0800262d   Thumb Code    66  tasks.o(.text)
    vTaskMissedYield                         0x0800266f   Thumb Code     8  tasks.o(.text)
    uxTaskGetTaskNumber                      0x08002677   Thumb Code     8  tasks.o(.text)
    vTaskSetTaskNumber                       0x0800267f   Thumb Code     8  tasks.o(.text)
    xTaskGetCurrentTaskHandle                0x08002687   Thumb Code     6  tasks.o(.text)
    vTaskPriorityInherit                     0x0800268d   Thumb Code   124  tasks.o(.text)
    xTaskPriorityDisinherit                  0x08002709   Thumb Code   102  tasks.o(.text)
    uxTaskResetEventItemValue                0x0800276f   Thumb Code    20  tasks.o(.text)
    pvTaskIncrementMutexHeldCount            0x08002783   Thumb Code    18  tasks.o(.text)
    ulTaskNotifyTake                         0x08002795   Thumb Code    96  tasks.o(.text)
    xTaskNotifyWait                          0x080027f5   Thumb Code   128  tasks.o(.text)
    xTaskGenericNotify                       0x08002875   Thumb Code   168  tasks.o(.text)
    xTaskGenericNotifyFromISR                0x0800291d   Thumb Code   178  tasks.o(.text)
    vTaskNotifyGiveFromISR                   0x080029cf   Thumb Code   128  tasks.o(.text)
    xTaskNotifyStateClear                    0x08002a4f   Thumb Code    44  tasks.o(.text)
    pxPortInitialiseStack                    0x08002bb1   Thumb Code    28  port.o(.text)
    vPortSetupTimerInterrupt                 0x08002bcd   Thumb Code    14  port.o(.text)
    xPortStartScheduler                      0x08002bdb   Thumb Code    38  port.o(.text)
    vPortEndScheduler                        0x08002c01   Thumb Code     2  port.o(.text)
    vPortEnterCritical                       0x08002c03   Thumb Code    24  port.o(.text)
    vPortExitCritical                        0x08002c1b   Thumb Code    16  port.o(.text)
    xPortSysTickHandler                      0x08002c2b   Thumb Code    40  port.o(.text)
    pvPortMalloc                             0x08002c65   Thumb Code   172  heap_2.o(.text)
    vPortFree                                0x08002d11   Thumb Code    56  heap_2.o(.text)
    xPortGetFreeHeapSize                     0x08002d49   Thumb Code     6  heap_2.o(.text)
    vPortInitialiseBlocks                    0x08002d4f   Thumb Code     2  heap_2.o(.text)
    ethernetif_input                         0x08002d59   Thumb Code    94  ethernetif.o(.text)
    ethernetif_init                          0x08002de1   Thumb Code    92  ethernetif.o(.text)
    sys_mbox_new                             0x08002e55   Thumb Code    40  sys_arch.o(.text)
    sys_mbox_free                            0x08002e7d   Thumb Code    40  sys_arch.o(.text)
    sys_mbox_post                            0x08002ea5   Thumb Code    26  sys_arch.o(.text)
    sys_mbox_trypost                         0x08002ebf   Thumb Code    38  sys_arch.o(.text)
    sys_arch_mbox_fetch                      0x08002ee5   Thumb Code    76  sys_arch.o(.text)
    sys_arch_mbox_tryfetch                   0x08002f31   Thumb Code    28  sys_arch.o(.text)
    sys_sem_new                              0x08002f4d   Thumb Code    88  sys_arch.o(.text)
    sys_arch_sem_wait                        0x08002fa5   Thumb Code    66  sys_arch.o(.text)
    sys_sem_signal                           0x08002fe7   Thumb Code    10  sys_arch.o(.text)
    sys_sem_free                             0x08002ff1   Thumb Code    16  sys_arch.o(.text)
    sys_init                                 0x08003001   Thumb Code    28  sys_arch.o(.text)
    sys_arch_timeouts                        0x0800301d   Thumb Code    38  sys_arch.o(.text)
    sys_arch_protect                         0x08003043   Thumb Code    10  sys_arch.o(.text)
    sys_arch_unprotect                       0x0800304d   Thumb Code     4  sys_arch.o(.text)
    sys_thread_new                           0x08003051   Thumb Code    60  sys_arch.o(.text)
    sys_assert                               0x0800308d   Thumb Code     6  sys_arch.o(.text)
    etharp_tmr                               0x080030a1   Thumb Code    78  etharp.o(.text)
    etharp_find_addr                         0x08003303   Thumb Code    52  etharp.o(.text)
    etharp_ip_input                          0x08003337   Thumb Code    38  etharp.o(.text)
    etharp_arp_input                         0x0800335d   Thumb Code   262  etharp.o(.text)
    etharp_request                           0x08003463   Thumb Code    32  etharp.o(.text)
    etharp_query                             0x08003483   Thumb Code   314  etharp.o(.text)
    etharp_output                            0x080035bd   Thumb Code   186  etharp.o(.text)
    ethernet_input                           0x08003677   Thumb Code    98  etharp.o(.text)
    dns_setserver                            0x080037c1   Thumb Code    34  dns.o(.text)
    dns_init                                 0x08003947   Thumb Code    56  dns.o(.text)
    dns_getserver                            0x0800397f   Thumb Code    20  dns.o(.text)
    dns_tmr                                  0x08003afb   Thumb Code    28  dns.o(.text)
    dns_gethostbyname                        0x08003b17   Thumb Code   182  dns.o(.text)
    mem_init                                 0x08003c81   Thumb Code    58  mem.o(.text)
    mem_free                                 0x08003cbb   Thumb Code    98  mem.o(.text)
    mem_realloc                              0x08003d1d   Thumb Code   252  mem.o(.text)
    mem_malloc                               0x08003e19   Thumb Code   250  mem.o(.text)
    mem_calloc                               0x08003f13   Thumb Code    26  mem.o(.text)
    memp_init                                0x08003f89   Thumb Code   108  memp.o(.text)
    memp_malloc                              0x08003ff5   Thumb Code    80  memp.o(.text)
    memp_free                                0x08004045   Thumb Code    60  memp.o(.text)
    netif_set_gw                             0x0800408d   Thumb Code     8  netif.o(.text)
    netif_set_netmask                        0x08004095   Thumb Code     8  netif.o(.text)
    netif_set_ipaddr                         0x0800409d   Thumb Code    96  netif.o(.text)
    netif_set_addr                           0x080040fd   Thumb Code    30  netif.o(.text)
    netif_add                                0x0800411b   Thumb Code    68  netif.o(.text)
    netif_set_default                        0x0800415f   Thumb Code     6  netif.o(.text)
    netif_remove                             0x08004165   Thumb Code    52  netif.o(.text)
    netif_find                               0x08004199   Thumb Code    58  netif.o(.text)
    netif_set_up                             0x080041d3   Thumb Code    28  netif.o(.text)
    netif_set_down                           0x080041ef   Thumb Code    18  netif.o(.text)
    netif_is_up                              0x08004201   Thumb Code    10  netif.o(.text)
    pbuf_free                                0x08004279   Thumb Code    82  pbuf.o(.text)
    pbuf_alloc                               0x080042cb   Thumb Code   280  pbuf.o(.text)
    pbuf_realloc                             0x080043e3   Thumb Code    78  pbuf.o(.text)
    pbuf_header                              0x08004431   Thumb Code    90  pbuf.o(.text)
    pbuf_clen                                0x0800448b   Thumb Code    18  pbuf.o(.text)
    pbuf_ref                                 0x0800449d   Thumb Code    26  pbuf.o(.text)
    pbuf_cat                                 0x080044b7   Thumb Code    32  pbuf.o(.text)
    pbuf_chain                               0x080044d7   Thumb Code    16  pbuf.o(.text)
    pbuf_dechain                             0x080044e7   Thumb Code    38  pbuf.o(.text)
    pbuf_copy                                0x0800450d   Thumb Code    88  pbuf.o(.text)
    pbuf_copy_partial                        0x08004565   Thumb Code   100  pbuf.o(.text)
    pbuf_take                                0x080045c9   Thumb Code    88  pbuf.o(.text)
    pbuf_coalesce                            0x08004621   Thumb Code    44  pbuf.o(.text)
    raw_input                                0x0800464d   Thumb Code   100  raw.o(.text)
    raw_bind                                 0x080046b1   Thumb Code    10  raw.o(.text)
    raw_connect                              0x080046bb   Thumb Code    10  raw.o(.text)
    raw_recv                                 0x080046c5   Thumb Code     6  raw.o(.text)
    raw_sendto                               0x080046cb   Thumb Code   138  raw.o(.text)
    raw_send                                 0x08004755   Thumb Code     4  raw.o(.text)
    raw_remove                               0x08004759   Thumb Code    40  raw.o(.text)
    raw_new                                  0x08004781   Thumb Code    38  raw.o(.text)
    sys_mbox_fetch                           0x080047ad   Thumb Code   100  sys.o(.text)
    sys_sem_wait                             0x08004811   Thumb Code    94  sys.o(.text)
    sys_timeout                              0x0800486f   Thumb Code    98  sys.o(.text)
    sys_untimeout                            0x080048d1   Thumb Code    78  sys.o(.text)
    sys_sem_wait_timeout                     0x0800492b   Thumb Code    58  sys.o(.text)
    sys_msleep                               0x08004965   Thumb Code    28  sys.o(.text)
    tcp_seg_free                             0x08004985   Thumb Code    32  tcp.o(.text)
    tcp_segs_free                            0x080049a5   Thumb Code    26  tcp.o(.text)
    tcp_pcb_purge                            0x080049bf   Thumb Code    66  tcp.o(.text)
    tcp_slowtmr                              0x08004a01   Thumb Code   572  tcp.o(.text)
    tcp_pcb_remove                           0x08004c3d   Thumb Code    88  tcp.o(.text)
    tcp_close                                0x08004c95   Thumb Code   152  tcp.o(.text)
    tcp_update_rcv_ann_wnd                   0x08004d2d   Thumb Code    52  tcp.o(.text)
    tcp_recved                               0x08004d61   Thumb Code    56  tcp.o(.text)
    tcp_recv_null                            0x08004d99   Thumb Code    34  tcp.o(.text)
    tcp_fasttmr                              0x08004dbb   Thumb Code   110  tcp.o(.text)
    tcp_tmr                                  0x08004e29   Thumb Code    26  tcp.o(.text)
    tcp_abandon                              0x08004e43   Thumb Code   152  tcp.o(.text)
    tcp_bind                                 0x08004f37   Thumb Code   176  tcp.o(.text)
    tcp_listen_with_backlog                  0x08004fed   Thumb Code   124  tcp.o(.text)
    tcp_eff_send_mss                         0x08005069   Thumb Code    32  tcp.o(.text)
    tcp_next_iss                             0x08005089   Thumb Code    12  tcp.o(.text)
    tcp_connect                              0x08005095   Thumb Code   176  tcp.o(.text)
    tcp_setprio                              0x08005145   Thumb Code     4  tcp.o(.text)
    tcp_seg_copy                             0x08005149   Thumb Code    36  tcp.o(.text)
    tcp_alloc                                0x0800516d   Thumb Code   280  tcp.o(.text)
    tcp_new                                  0x08005285   Thumb Code     4  tcp.o(.text)
    tcp_arg                                  0x08005289   Thumb Code     4  tcp.o(.text)
    tcp_recv                                 0x0800528d   Thumb Code     6  tcp.o(.text)
    tcp_sent                                 0x08005293   Thumb Code     6  tcp.o(.text)
    tcp_err                                  0x08005299   Thumb Code     6  tcp.o(.text)
    tcp_accept                               0x0800529f   Thumb Code     4  tcp.o(.text)
    tcp_poll                                 0x080052a3   Thumb Code    10  tcp.o(.text)
    tcp_debug_state_str                      0x080052ad   Thumb Code     8  tcp.o(.text)
    tcp_input                                0x08005e85   Thumb Code   914  tcp_in.o(.text)
    tcp_enqueue                              0x08006301   Thumb Code   824  tcp_out.o(.text)
    tcp_send_ctrl                            0x08006639   Thumb Code    22  tcp_out.o(.text)
    tcp_write                                0x0800664f   Thumb Code    46  tcp_out.o(.text)
    tcp_send_empty_ack                       0x0800667d   Thumb Code   106  tcp_out.o(.text)
    tcp_output                               0x080067b7   Thumb Code   420  tcp_out.o(.text)
    tcp_rst                                  0x0800695b   Thumb Code   184  tcp_out.o(.text)
    tcp_rexmit_rto                           0x08006a13   Thumb Code    44  tcp_out.o(.text)
    tcp_rexmit                               0x08006a3f   Thumb Code    72  tcp_out.o(.text)
    tcp_rexmit_fast                          0x08006a87   Thumb Code    92  tcp_out.o(.text)
    tcp_keepalive                            0x08006ae3   Thumb Code   114  tcp_out.o(.text)
    tcp_zero_window_probe                    0x08006b55   Thumb Code   180  tcp_out.o(.text)
    udp_input                                0x08006c0d   Thumb Code   428  udp.o(.text)
    udp_bind                                 0x08006db9   Thumb Code    86  udp.o(.text)
    udp_sendto_if                            0x08006e0f   Thumb Code   218  udp.o(.text)
    udp_sendto                               0x08006ee9   Thumb Code    50  udp.o(.text)
    udp_send                                 0x08006f1b   Thumb Code     6  udp.o(.text)
    udp_connect                              0x08006f21   Thumb Code    70  udp.o(.text)
    udp_disconnect                           0x08006f67   Thumb Code    20  udp.o(.text)
    udp_recv                                 0x08006f7b   Thumb Code     6  udp.o(.text)
    udp_remove                               0x08006f81   Thumb Code    40  udp.o(.text)
    udp_new                                  0x08006fa9   Thumb Code    26  udp.o(.text)
    icmp_input                               0x08006fd1   Thumb Code   422  icmp.o(.text)
    icmp_dest_unreach                        0x080071e7   Thumb Code     6  icmp.o(.text)
    icmp_time_exceeded                       0x080071ed   Thumb Code     6  icmp.o(.text)
    htonl                                    0x080071f9   Thumb Code     4  inet.o(.text)
    inet_aton                                0x080071fd   Thumb Code   238  inet.o(.text)
    inet_addr                                0x080072eb   Thumb Code    20  inet.o(.text)
    inet_ntoa                                0x080072ff   Thumb Code    80  inet.o(.text)
    htons                                    0x0800734f   Thumb Code     4  inet.o(.text)
    ntohs                                    0x08007353   Thumb Code     4  inet.o(.text)
    ntohl                                    0x08007357   Thumb Code     4  inet.o(.text)
    inet_chksum_pseudo                       0x0800739d   Thumb Code   134  inet_chksum.o(.text)
    inet_chksum                              0x08007423   Thumb Code    12  inet_chksum.o(.text)
    inet_chksum_pbuf                         0x0800742f   Thumb Code    72  inet_chksum.o(.text)
    ip_route                                 0x08007479   Thumb Code    72  ip.o(.text)
    ip_input                                 0x08007569   Thumb Code   494  ip.o(.text)
    ip_output_if                             0x08007757   Thumb Code   236  ip.o(.text)
    ip_output                                0x08007843   Thumb Code    78  ip.o(.text)
    ip_addr_isbroadcast                      0x08007895   Thumb Code    48  ip_addr.o(.text)
    ip_reass_tmr                             0x0800792f   Thumb Code    40  ip_frag.o(.text)
    ip_reass                                 0x08007aad   Thumb Code   468  ip_frag.o(.text)
    ip_frag                                  0x08007c81   Thumb Code   320  ip_frag.o(.text)
    vlwIPInit                                0x08007de9   Thumb Code    26  lwipentry.o(.text)
    LwIPEntry                                0x08007e03   Thumb Code    98  lwipentry.o(.text)
    netconn_new_with_proto_and_callback      0x08007e69   Thumb Code    66  api_lib.o(.text)
    netconn_delete                           0x08007eab   Thumb Code    36  api_lib.o(.text)
    netconn_getaddr                          0x08007ecf   Thumb Code    32  api_lib.o(.text)
    netconn_bind                             0x08007eef   Thumb Code    30  api_lib.o(.text)
    netconn_connect                          0x08007f0d   Thumb Code    30  api_lib.o(.text)
    netconn_disconnect                       0x08007f2b   Thumb Code    24  api_lib.o(.text)
    netconn_listen_with_backlog              0x08007f43   Thumb Code    24  api_lib.o(.text)
    netconn_accept                           0x08007f5b   Thumb Code    30  api_lib.o(.text)
    netconn_recv                             0x08007f79   Thumb Code   222  api_lib.o(.text)
    netconn_send                             0x08008057   Thumb Code    26  api_lib.o(.text)
    netconn_sendto                           0x08008071   Thumb Code    14  api_lib.o(.text)
    netconn_write                            0x0800807f   Thumb Code    32  api_lib.o(.text)
    netconn_close                            0x0800809f   Thumb Code    24  api_lib.o(.text)
    netconn_gethostbyname                    0x080080b7   Thumb Code    64  api_lib.o(.text)
    netconn_free                             0x0800849d   Thumb Code   104  api_msg.o(.text)
    netconn_alloc                            0x08008505   Thumb Code    88  api_msg.o(.text)
    do_newconn                               0x080085a9   Thumb Code    28  api_msg.o(.text)
    do_delconn                               0x080085c5   Thumb Code   102  api_msg.o(.text)
    do_bind                                  0x0800862b   Thumb Code    92  api_msg.o(.text)
    do_connect                               0x080086b3   Thumb Code    96  api_msg.o(.text)
    do_disconnect                            0x08008713   Thumb Code    34  api_msg.o(.text)
    do_listen                                0x08008735   Thumb Code   142  api_msg.o(.text)
    do_send                                  0x080087c3   Thumb Code   118  api_msg.o(.text)
    do_recv                                  0x08008839   Thumb Code    46  api_msg.o(.text)
    do_write                                 0x08008867   Thumb Code    52  api_msg.o(.text)
    do_getaddr                               0x0800889b   Thumb Code   114  api_msg.o(.text)
    do_close                                 0x0800890d   Thumb Code    32  api_msg.o(.text)
    do_gethostbyname                         0x08008947   Thumb Code    36  api_msg.o(.text)
    netbuf_new                               0x08008a01   Thumb Code    24  netbuf.o(.text)
    netbuf_delete                            0x08008a19   Thumb Code    34  netbuf.o(.text)
    netbuf_alloc                             0x08008a3b   Thumb Code    36  netbuf.o(.text)
    netbuf_free                              0x08008a5f   Thumb Code    20  netbuf.o(.text)
    netbuf_ref                               0x08008a73   Thumb Code    56  netbuf.o(.text)
    netbuf_chain                             0x08008aab   Thumb Code    30  netbuf.o(.text)
    netbuf_data                              0x08008ac9   Thumb Code    24  netbuf.o(.text)
    netbuf_next                              0x08008ae1   Thumb Code    26  netbuf.o(.text)
    netbuf_first                             0x08008afb   Thumb Code     6  netbuf.o(.text)
    tcp_timer_needed                         0x08008b29   Thumb Code    36  tcpip.o(.text)
    tcpip_input                              0x08008c25   Thumb Code    68  tcpip.o(.text)
    tcpip_callback_with_block                0x08008c69   Thumb Code    86  tcpip.o(.text)
    tcpip_timeout                            0x08008cbf   Thumb Code    58  tcpip.o(.text)
    tcpip_untimeout                          0x08008cf9   Thumb Code    52  tcpip.o(.text)
    tcpip_apimsg                             0x08008d2d   Thumb Code    48  tcpip.o(.text)
    tcpip_init                               0x08008d5d   Thumb Code    36  tcpip.o(.text)
    pbuf_free_callback                       0x08008d85   Thumb Code     8  tcpip.o(.text)
    mem_free_callback                        0x08008d8d   Thumb Code     8  tcpip.o(.text)
    __aeabi_memcpy                           0x08008dcd   Thumb Code    36  memcpya.o(.text)
    __aeabi_memcpy4                          0x08008dcd   Thumb Code     0  memcpya.o(.text)
    __aeabi_memcpy8                          0x08008dcd   Thumb Code     0  memcpya.o(.text)
    __aeabi_memset                           0x08008df1   Thumb Code    14  memseta.o(.text)
    __aeabi_memset4                          0x08008df1   Thumb Code     0  memseta.o(.text)
    __aeabi_memset8                          0x08008df1   Thumb Code     0  memseta.o(.text)
    __aeabi_memclr                           0x08008dff   Thumb Code     4  memseta.o(.text)
    __aeabi_memclr4                          0x08008dff   Thumb Code     0  memseta.o(.text)
    __aeabi_memclr8                          0x08008dff   Thumb Code     0  memseta.o(.text)
    _memset$wrapper                          0x08008e03   Thumb Code    18  memseta.o(.text)
    strlen                                   0x08008e15   Thumb Code    14  strlen.o(.text)
    strcmp                                   0x08008e23   Thumb Code    28  strcmp.o(.text)
    strcpy                                   0x08008e3f   Thumb Code    18  strcpy.o(.text)
    __aeabi_uidiv                            0x08008e51   Thumb Code     0  uidiv.o(.text)
    __aeabi_uidivmod                         0x08008e51   Thumb Code    44  uidiv.o(.text)
    __aeabi_uldivmod                         0x08008e7d   Thumb Code    98  uldiv.o(.text)
    __I$use$fp                               0x08008edf   Thumb Code     0  iusefp.o(.text)
    __aeabi_dadd                             0x08008edf   Thumb Code   322  dadd.o(.text)
    __aeabi_dsub                             0x08009021   Thumb Code     6  dadd.o(.text)
    __aeabi_drsub                            0x08009027   Thumb Code     6  dadd.o(.text)
    __aeabi_dmul                             0x0800902d   Thumb Code   228  dmul.o(.text)
    __aeabi_ddiv                             0x08009111   Thumb Code   222  ddiv.o(.text)
    __aeabi_d2ulz                            0x080091ef   Thumb Code    48  dfixul.o(.text)
    __aeabi_cdrcmple                         0x08009221   Thumb Code    38  cdrcmple.o(.text)
    __scatterload                            0x08009249   Thumb Code    28  init.o(.text)
    __scatterload_rt2                        0x08009249   Thumb Code     0  init.o(.text)
    __aeabi_llsl                             0x0800926d   Thumb Code    30  llshl.o(.text)
    _ll_shift_l                              0x0800926d   Thumb Code     0  llshl.o(.text)
    __aeabi_llsr                             0x0800928b   Thumb Code    32  llushr.o(.text)
    _ll_ushift_r                             0x0800928b   Thumb Code     0  llushr.o(.text)
    __aeabi_lasr                             0x080092ab   Thumb Code    36  llsshr.o(.text)
    _ll_sshift_r                             0x080092ab   Thumb Code     0  llsshr.o(.text)
    _double_round                            0x080092cf   Thumb Code    26  depilogue.o(.text)
    _double_epilogue                         0x080092e9   Thumb Code   156  depilogue.o(.text)
    __decompress                             0x08009385   Thumb Code     0  __dczerorl2.o(.text)
    __decompress1                            0x08009385   Thumb Code    86  __dczerorl2.o(.text)
    __0vsprintf                              0x080093dd   Thumb Code    30  printfa.o(i.__0vsprintf)
    __1vsprintf                              0x080093dd   Thumb Code     0  printfa.o(i.__0vsprintf)
    __2vsprintf                              0x080093dd   Thumb Code     0  printfa.o(i.__0vsprintf)
    __c89vsprintf                            0x080093dd   Thumb Code     0  printfa.o(i.__0vsprintf)
    vsprintf                                 0x080093dd   Thumb Code     0  printfa.o(i.__0vsprintf)
    __scatterload_copy                       0x08009401   Thumb Code    14  handlers.o(i.__scatterload_copy)
    __scatterload_null                       0x0800940f   Thumb Code     2  handlers.o(i.__scatterload_null)
    __scatterload_zeroinit                   0x08009411   Thumb Code    14  handlers.o(i.__scatterload_zeroinit)
    bsp_74hc595_set_DATA                     0x08009cbd   Thumb Code    18  app_display.o(i.bsp_74hc595_set_DATA)
    bsp_74hc595_set_LOCK                     0x08009cd5   Thumb Code    18  app_display.o(i.bsp_74hc595_set_LOCK)
    bsp_74hc595_set_OE                       0x08009ced   Thumb Code    16  app_display.o(i.bsp_74hc595_set_OE)
    bsp_74hc595_set_OFFSET                   0x08009d01   Thumb Code    18  app_display.o(i.bsp_74hc595_set_OFFSET)
    ethbroadcast                             0x08009d1e   Data           6  etharp.o(.constdata)
    ethzero                                  0x08009d24   Data           6  etharp.o(.constdata)
    tcp_persist_backoff                      0x08009d62   Data           7  tcp.o(.constdata)
    tcp_backoff                              0x08009d69   Data          13  tcp.o(.constdata)
    ip_addr_any                              0x08009d76   Data           4  ip_addr.o(.constdata)
    Region$$Table$$Base                      0x08009e6c   Number         0  anon$$obj.o(Region$$Table)
    Region$$Table$$Limit                     0x08009e8c   Number         0  anon$$obj.o(Region$$Table)
    serverIP                                 0x20000000   Data           4  netconfig.o(.data)
    maskIP                                   0x20000004   Data           4  netconfig.o(.data)
    gateIP                                   0x20000008   Data           4  netconfig.o(.data)
    m_mac                                    0x2000000c   Data           6  netconfig.o(.data)
    pxCurrentTCB                             0x20000030   Data           4  tasks.o(.data)
    netif_list                               0x200000b0   Data           4  netif.o(.data)
    netif_default                            0x200000b4   Data           4  netif.o(.data)
    tcp_ticks                                0x200000c8   Data           4  tcp.o(.data)
    tcp_bound_pcbs                           0x200000cc   Data           4  tcp.o(.data)
    tcp_listen_pcbs                          0x200000d0   Data           4  tcp.o(.data)
    tcp_active_pcbs                          0x200000d4   Data           4  tcp.o(.data)
    tcp_tw_pcbs                              0x200000d8   Data           4  tcp.o(.data)
    tcp_tmp_pcb                              0x200000dc   Data           4  tcp.o(.data)
    tcp_state_str                            0x200000e0   Data          44  tcp.o(.data)
    tcp_input_pcb                            0x20000124   Data           4  tcp_in.o(.data)
    udp_pcbs                                 0x20000128   Data           4  udp.o(.data)
    current_netif                            0x20000130   Data           4  ip.o(.data)
    current_header                           0x20000134   Data           4  ip.o(.data)
    DM9000AEP                                0x20000150   Data          48  netconfig.o(.bss)
    Rx_Data_Buf                              0x200046e4   Data        1516  ethernetif.o(.bss)
    Tx_Data_Buf                              0x20004cd0   Data        1516  ethernetif.o(.bss)
    lwip_stats                               0x20009224   Data         330  stats.o(.bss)
    __initial_sp                             0x20009f68   Data           0  cstartup.o(STACK)



==============================================================================

Memory Map of the image

  Image Entry point : 0x080000ed

  Load Region LR_IROM1 (Base: 0x08000000, Size: 0x00009fdc, Max: 0x00040000, ABSOLUTE, COMPRESSED[0x00009ed0])

    Execution Region ER_IROM1 (Base: 0x08000000, Size: 0x00009e8c, Max: 0x00040000, ABSOLUTE)

    Base Addr    Size         Type   Attr      Idx    E Section Name        Object

    0x08000000   0x000000ec   Data   RO          500    RESET               cstartup.o
    0x080000ec   0x00000000   Code   RO         1719  * .ARM.Collect$$$$00000000  mc_w.l(entry.o)
    0x080000ec   0x00000004   Code   RO         1764    .ARM.Collect$$$$00000001  mc_w.l(entry2.o)
    0x080000f0   0x00000004   Code   RO         1767    .ARM.Collect$$$$00000004  mc_w.l(entry5.o)
    0x080000f4   0x00000000   Code   RO         1769    .ARM.Collect$$$$00000008  mc_w.l(entry7b.o)
    0x080000f4   0x00000000   Code   RO         1771    .ARM.Collect$$$$0000000A  mc_w.l(entry8b.o)
    0x080000f4   0x00000008   Code   RO         1772    .ARM.Collect$$$$0000000B  mc_w.l(entry9a.o)
    0x080000fc   0x00000000   Code   RO         1774    .ARM.Collect$$$$0000000D  mc_w.l(entry10a.o)
    0x080000fc   0x00000000   Code   RO         1776    .ARM.Collect$$$$0000000F  mc_w.l(entry11a.o)
    0x080000fc   0x00000004   Code   RO         1765    .ARM.Collect$$$$00002712  mc_w.l(entry2.o)
    0x08000100   0x00000096   Code   RO          750    .emb_text           port.o
    0x08000196   0x00000002   PAD
    0x08000198   0x00000088   Code   RO            3    .text               main.o
    0x08000220   0x000000a8   Code   RO          192    .text               app_led.o
    0x080002c8   0x000000c8   Code   RO          222    .text               netconfig.o
    0x08000390   0x000001ec   Code   RO          307    .text               app_serial.o
    0x0800057c   0x00000160   Code   RO          354    .text               app_display.o
    0x080006dc   0x00000154   Code   RO          413    .text               bsp.o
    0x08000830   0x000003c8   Code   RO          449    .text               dm9000x.o
    0x08000bf8   0x00000144   Code   RO          477    .text               i2c_bus.o
    0x08000d3c   0x0000001c   Code   RO          501    .text               cstartup.o
    0x08000d58   0x00000264   Code   RO          507    .text               stm32f10x_gpio.o
    0x08000fbc   0x000002b8   Code   RO          527    .text               stm32f10x_rcc.o
    0x08001274   0x000000b0   Code   RO          575    .text               misc.o
    0x08001324   0x00000328   Code   RO          595    .text               stm32f10x_usart.o
    0x0800164c   0x00000088   Code   RO          685    .text               list.o
    0x080016d4   0x000005a4   Code   RO          697    .text               queue.o
    0x08001c78   0x00000f28   Code   RO          712    .text               tasks.o
    0x08002ba0   0x000000c4   Code   RO          751    .text               port.o
    0x08002c64   0x000000f4   Code   RO          781    .text               heap_2.o
    0x08002d58   0x000000fc   Code   RO          798    .text               ethernetif.o
    0x08002e54   0x0000024c   Code   RO          838    .text               sys_arch.o
    0x080030a0   0x00000720   Code   RO          884    .text               etharp.o
    0x080037c0   0x000004c0   Code   RO          971    .text               dns.o
    0x08003c80   0x00000308   Code   RO         1024    .text               mem.o
    0x08003f88   0x00000104   Code   RO         1042    .text               memp.o
    0x0800408c   0x0000018c   Code   RO         1075    .text               netif.o
    0x08004218   0x00000434   Code   RO         1098    .text               pbuf.o
    0x0800464c   0x00000160   Code   RO         1125    .text               raw.o
    0x080047ac   0x000001d8   Code   RO         1151    .text               sys.o
    0x08004984   0x00000938   Code   RO         1172    .text               tcp.o
    0x080052bc   0x00000fc8   Code   RO         1194    .text               tcp_in.o
    0x08006284   0x00000988   Code   RO         1217    .text               tcp_out.o
    0x08006c0c   0x000003c4   Code   RO         1229    .text               udp.o
    0x08006fd0   0x00000228   Code   RO         1247    .text               icmp.o
    0x080071f8   0x00000168   Code   RO         1265    .text               inet.o
    0x08007360   0x00000116   Code   RO         1279    .text               inet_chksum.o
    0x08007476   0x00000002   PAD
    0x08007478   0x0000041c   Code   RO         1295    .text               ip.o
    0x08007894   0x00000030   Code   RO         1316    .text               ip_addr.o
    0x080078c4   0x00000524   Code   RO         1339    .text               ip_frag.o
    0x08007de8   0x00000080   Code   RO         1356    .text               lwipentry.o
    0x08007e68   0x000002c0   Code   RO         1439    .text               api_lib.o
    0x08008128   0x000008d8   Code   RO         1487    .text               api_msg.o
    0x08008a00   0x00000100   Code   RO         1548    .text               netbuf.o
    0x08008b00   0x000002cc   Code   RO         1662    .text               tcpip.o
    0x08008dcc   0x00000024   Code   RO         1722    .text               mc_w.l(memcpya.o)
    0x08008df0   0x00000024   Code   RO         1724    .text               mc_w.l(memseta.o)
    0x08008e14   0x0000000e   Code   RO         1726    .text               mc_w.l(strlen.o)
    0x08008e22   0x0000001c   Code   RO         1728    .text               mc_w.l(strcmp.o)
    0x08008e3e   0x00000012   Code   RO         1730    .text               mc_w.l(strcpy.o)
    0x08008e50   0x0000002c   Code   RO         1781    .text               mc_w.l(uidiv.o)
    0x08008e7c   0x00000062   Code   RO         1783    .text               mc_w.l(uldiv.o)
    0x08008ede   0x00000000   Code   RO         1794    .text               mc_w.l(iusefp.o)
    0x08008ede   0x0000014e   Code   RO         1795    .text               mf_w.l(dadd.o)
    0x0800902c   0x000000e4   Code   RO         1797    .text               mf_w.l(dmul.o)
    0x08009110   0x000000de   Code   RO         1799    .text               mf_w.l(ddiv.o)
    0x080091ee   0x00000030   Code   RO         1801    .text               mf_w.l(dfixul.o)
    0x0800921e   0x00000002   PAD
    0x08009220   0x00000028   Code   RO         1803    .text               mf_w.l(cdrcmple.o)
    0x08009248   0x00000024   Code   RO         1805    .text               mc_w.l(init.o)
    0x0800926c   0x0000001e   Code   RO         1808    .text               mc_w.l(llshl.o)
    0x0800928a   0x00000020   Code   RO         1810    .text               mc_w.l(llushr.o)
    0x080092aa   0x00000024   Code   RO         1812    .text               mc_w.l(llsshr.o)
    0x080092ce   0x000000b6   Code   RO         1845    .text               mf_w.l(depilogue.o)
    0x08009384   0x00000056   Code   RO         1857    .text               mc_w.l(__dczerorl2.o)
    0x080093da   0x00000002   PAD
    0x080093dc   0x00000024   Code   RO         1741    i.__0vsprintf       mc_w.l(printfa.o)
    0x08009400   0x0000000e   Code   RO         1851    i.__scatterload_copy  mc_w.l(handlers.o)
    0x0800940e   0x00000002   Code   RO         1852    i.__scatterload_null  mc_w.l(handlers.o)
    0x08009410   0x0000000e   Code   RO         1853    i.__scatterload_zeroinit  mc_w.l(handlers.o)
    0x0800941e   0x00000002   PAD
    0x08009420   0x00000164   Code   RO         1742    i._fp_digits        mc_w.l(printfa.o)
    0x08009584   0x000006dc   Code   RO         1743    i._printf_core      mc_w.l(printfa.o)
    0x08009c60   0x00000024   Code   RO         1744    i._printf_post_padding  mc_w.l(printfa.o)
    0x08009c84   0x0000002e   Code   RO         1745    i._printf_pre_padding  mc_w.l(printfa.o)
    0x08009cb2   0x0000000a   Code   RO         1747    i._sputc            mc_w.l(printfa.o)
    0x08009cbc   0x00000018   Code   RO          384    i.bsp_74hc595_set_DATA  app_display.o
    0x08009cd4   0x00000018   Code   RO          374    i.bsp_74hc595_set_LOCK  app_display.o
    0x08009cec   0x00000014   Code   RO          369    i.bsp_74hc595_set_OE  app_display.o
    0x08009d00   0x00000018   Code   RO          379    i.bsp_74hc595_set_OFFSET  app_display.o
    0x08009d18   0x00000006   Data   RO          193    .constdata          app_led.o
    0x08009d1e   0x0000000c   Data   RO          886    .constdata          etharp.o
    0x08009d2a   0x00000038   Data   RO         1044    .constdata          memp.o
    0x08009d62   0x00000014   Data   RO         1173    .constdata          tcp.o
    0x08009d76   0x00000004   Data   RO         1317    .constdata          ip_addr.o
    0x08009d7a   0x00000002   PAD
    0x08009d7c   0x00000075   Data   RO         1174    .conststring        tcp.o
    0x08009df1   0x00000003   PAD
    0x08009df4   0x00000078   Data   RO         1357    .conststring        lwipentry.o
    0x08009e6c   0x00000020   Data   RO         1849    Region$$Table       anon$$obj.o


    Execution Region RW_IRAM1 (Base: 0x20000000, Size: 0x00009f68, Max: 0x0000c000, ABSOLUTE, COMPRESSED[0x00000044])

    Base Addr    Size         Type   Attr      Idx    E Section Name        Object

    0x20000000   0x00000012   Data   RW          230    .data               netconfig.o
    0x20000012   0x00000002   PAD
    0x20000014   0x00000008   Data   RW          308    .data               app_serial.o
    0x2000001c   0x00000014   Data   RW          528    .data               stm32f10x_rcc.o
    0x20000030   0x0000003c   Data   RW          714    .data               tasks.o
    0x2000006c   0x00000004   Data   RW          752    .data               port.o
    0x20000070   0x00000018   Data   RW          783    .data               heap_2.o
    0x20000088   0x00000002   Data   RW          840    .data               sys_arch.o
    0x2000008a   0x00000001   Data   RW          887    .data               etharp.o
    0x2000008b   0x00000001   PAD
    0x2000008c   0x00000010   Data   RW          973    .data               dns.o
    0x2000009c   0x00000010   Data   RW         1026    .data               mem.o
    0x200000ac   0x0000000c   Data   RW         1076    .data               netif.o
    0x200000b8   0x00000001   Data   RW         1099    .data               pbuf.o
    0x200000b9   0x00000003   PAD
    0x200000bc   0x00000004   Data   RW         1126    .data               raw.o
    0x200000c0   0x0000004c   Data   RW         1175    .data               tcp.o
    0x2000010c   0x0000001c   Data   RW         1196    .data               tcp_in.o
    0x20000128   0x00000004   Data   RW         1230    .data               udp.o
    0x2000012c   0x0000000c   Data   RW         1296    .data               ip.o
    0x20000138   0x00000008   Data   RW         1341    .data               ip_frag.o
    0x20000140   0x00000010   Data   RW         1663    .data               tcpip.o
    0x20000150   0x00000030   Zero   RW          224    .bss                netconfig.o
    0x20000180   0x00000038   Zero   RW          478    .bss                i2c_bus.o
    0x200001b8   0x0000012c   Zero   RW          713    .bss                tasks.o
    0x200002e4   0x00004400   Zero   RW          782    .bss                heap_2.o
    0x200046e4   0x00000bd8   Zero   RW          799    .bss                ethernetif.o
    0x200052bc   0x00000028   Zero   RW          839    .bss                sys_arch.o
    0x200052e4   0x000000c8   Zero   RW          885    .bss                etharp.o
    0x200053ac   0x00000660   Zero   RW          972    .bss                dns.o
    0x20005a0c   0x000007e4   Zero   RW         1025    .bss                mem.o
    0x200061f0   0x00003033   Zero   RW         1043    .bss                memp.o
    0x20009223   0x00000001   PAD
    0x20009224   0x0000014a   Zero   RW         1139    .bss                stats.o
    0x2000936e   0x00000002   PAD
    0x20009370   0x00000014   Zero   RW         1195    .bss                tcp_in.o
    0x20009384   0x00000010   Zero   RW         1266    .bss                inet.o
    0x20009394   0x000007d4   Zero   RW         1340    .bss                ip_frag.o
    0x20009b68   0x00000400   Zero   RW          498    STACK               cstartup.o


==============================================================================

Image component sizes


      Code (inc. data)   RO Data    RW Data    ZI Data      Debug   Object Name

       704         50          0          0          0      18642   api_lib.o
      2264         38          0          0          0      25067   api_msg.o
       444         36          0          0          0       6522   app_display.o
       168          8          6          0          0       1258   app_led.o
       492         30          0          8          0       9898   app_serial.o
       340         18          0          0          0       2267   bsp.o
        28          4        236          0       1024        792   cstartup.o
       968         20          0          0          0       4114   dm9000x.o
      1216         50          0         16       1632       5567   dns.o
      1824         30         12          1        200      16427   etharp.o
       252         24          0          0       3032       4991   ethernetif.o
         0          0          0          0          0       9540   event_groups.o
       244          8          0         24      17408       2968   heap_2.o
       324         14          0          0         56       2762   i2c_bus.o
       552          6          0          0          0       2146   icmp.o
       360         12          0          0         16       2878   inet.o
       278          0          0          0          0       4938   inet_chksum.o
         0          0          0          0          0        672   init.o
      1052         20          0         12          0       5778   ip.o
        48          0          4          0          0       5345   ip_addr.o
      1316         22          0          8       2004       4700   ip_frag.o
       136          0          0          0          0       1650   list.o
       128          4        120          0          0      18469   lwipentry.o
       136         46          0          0          0     252743   main.o
       776         14          0         16       2020       3510   mem.o
       260         12         56          0      12339       3038   memp.o
       176         14          0          0          0       1649   misc.o
       256          0          0          0          0       6197   netbuf.o
       200         16          0         18         48      15353   netconfig.o
       396         14          0         12          0       4846   netif.o
      1076         14          0          1          0       5670   pbuf.o
       346         30          0          4          0       6962   port.o
      1444          6          0          0          0       9487   queue.o
       352          6          0          4          0       2889   raw.o
         0          0          0          0        330       3329   stats.o
       612         36          0          0          0       4925   stm32f10x_gpio.o
       696         32          0         20          0       8036   stm32f10x_rcc.o
       808         22          0          0          0       7252   stm32f10x_usart.o
       472          4          0          0          0       2676   sys.o
       588         14          0          2         40       7962   sys_arch.o
      3880         82          0         60        300      27373   tasks.o
      2360         46        137         76          0      16595   tcp.o
      4040         80          0         28         20      13272   tcp_in.o
      2440         28          0          0          0       5414   tcp_out.o
       716         62          0         16          0      20488   tcpip.o
       964         14          0          4          0       5301   udp.o

    ----------------------------------------------------------------------
     36136        986        608        336      40472     592358   Object Totals
         0          0         32          0          0          0   (incl. Generated)
         4          0          5          6          3          0   (incl. Padding)

    ----------------------------------------------------------------------

      Code (inc. data)   RO Data    RW Data    ZI Data      Debug   Library Member Name

        86          0          0          0          0          0   __dczerorl2.o
         0          0          0          0          0          0   entry.o
         0          0          0          0          0          0   entry10a.o
         0          0          0          0          0          0   entry11a.o
         8          4          0          0          0          0   entry2.o
         4          0          0          0          0          0   entry5.o
         0          0          0          0          0          0   entry7b.o
         0          0          0          0          0          0   entry8b.o
         8          4          0          0          0          0   entry9a.o
        30          0          0          0          0          0   handlers.o
        36          8          0          0          0         68   init.o
         0          0          0          0          0          0   iusefp.o
        30          0          0          0          0         68   llshl.o
        36          0          0          0          0         68   llsshr.o
        32          0          0          0          0         68   llushr.o
        36          0          0          0          0         68   memcpya.o
        36          0          0          0          0        108   memseta.o
      2240         86          0          0          0        508   printfa.o
        28          0          0          0          0         76   strcmp.o
        18          0          0          0          0         68   strcpy.o
        14          0          0          0          0         68   strlen.o
        44          0          0          0          0         80   uidiv.o
        98          0          0          0          0         92   uldiv.o
        40          2          0          0          0         68   cdrcmple.o
       334          0          0          0          0        148   dadd.o
       222          0          0          0          0        100   ddiv.o
       182          0          0          0          0        176   depilogue.o
        48          0          0          0          0         68   dfixul.o
       228          0          0          0          0         96   dmul.o

    ----------------------------------------------------------------------
      3844        104          0          0          0       1996   Library Totals
         6          0          0          0          0          0   (incl. Padding)

    ----------------------------------------------------------------------

      Code (inc. data)   RO Data    RW Data    ZI Data      Debug   Library Name

      2784        102          0          0          0       1340   mc_w.l
      1054          2          0          0          0        656   mf_w.l

    ----------------------------------------------------------------------
      3844        104          0          0          0       1996   Library Totals

    ----------------------------------------------------------------------

==============================================================================


      Code (inc. data)   RO Data    RW Data    ZI Data      Debug   

     39980       1090        608        336      40472     588814   Grand Totals
     39980       1090        608         68      40472     588814   ELF Image Totals (compressed)
     39980       1090        608         68          0          0   ROM Totals

==============================================================================

    Total RO  Size (Code + RO Data)                40588 (  39.64kB)
    Total RW  Size (RW Data + ZI Data)             40808 (  39.85kB)
    Total ROM Size (Code + RO Data + RW Data)      40656 (  39.70kB)

==============================================================================

