Product: MDK-ARM Standard 5.10
Component: ARM Compiler 5.04 update 1 (build 49)
Tool: armlink [5040049]

==============================================================================

Section Cross References

    main.o(.text) refers to bsp.o(.text) for bsp_init
    main.o(.text) refers to lwipentry.o(.text) for vlwIPInit
    main.o(.text) refers to netconfig.o(.text) for LwIP_Init
    main.o(.text) refers to queue.o(.text) for xQueueCreateMutex
    main.o(.text) refers to app_serial.o(.text) for dbg_string
    main.o(.text) refers to sys_arch.o(.text) for sys_thread_new
    main.o(.text) refers to tasks.o(.text) for xTaskCreate
    main.o(.text) refers to main.o(.bss) for display_source
    main.o(.text) refers to app_display.o(.text) for app_dispaly_show_task
    main.o(.text) refers to app_led.o(.text) for app_led_task_blink
    main.o(.text) refers to app_sht10.o(.text) for app_sht10_task
    main.o(.text) refers to app_ds3231.o(.text) for app_ds3231_task
    app_led.o(.text) refers to stm32f10x_rcc.o(.text) for RCC_APB2PeriphClockCmd
    app_led.o(.text) refers to stm32f10x_gpio.o(.text) for GPIO_Init
    app_led.o(.text) refers to tasks.o(.text) for xTaskGetTickCount
    app_led.o(.text) refers to port.o(.text) for vPortEnterCritical
    app_led.o(.text) refers to queue.o(.text) for xQueueGenericReceive
    app_led.o(.text) refers to memseta.o(.text) for __aeabi_memset
    app_led.o(.text) refers to app_led.o(.constdata) for .constdata
    netconfig.o(.text) refers to inet.o(.text) for htonl
    netconfig.o(.text) refers to netif.o(.text) for netif_add
    netconfig.o(.text) refers to netconfig.o(.data) for serverIP
    netconfig.o(.text) refers to netconfig.o(.bss) for DM9000AEP
    netconfig.o(.text) refers to tcpip.o(.text) for tcpip_input
    netconfig.o(.text) refers to ethernetif.o(.text) for ethernetif_init
    app_serial.o(.text) refers to queue.o(.text) for xQueueGenericSend
    app_serial.o(.text) refers to stm32f10x_usart.o(.text) for USART_ITConfig
    app_serial.o(.text) refers to tasks.o(.text) for vTaskDelay
    app_serial.o(.text) refers to printfa.o(i.__0vsprintf) for __c89vsprintf
    app_serial.o(.text) refers to stm32f10x_rcc.o(.text) for RCC_APB2PeriphClockCmd
    app_serial.o(.text) refers to stm32f10x_gpio.o(.text) for GPIO_Init
    app_serial.o(.text) refers to misc.o(.text) for NVIC_Init
    app_serial.o(.text) refers to app_serial.o(.data) for xCharsForTx
    app_display.o(.text) refers to app_display.o(i.bsp_74hc595_set_DATA) for bsp_74hc595_set_DATA
    app_display.o(.text) refers to app_display.o(i.bsp_74hc595_set_OFFSET) for bsp_74hc595_set_OFFSET
    app_display.o(.text) refers to app_display.o(i.bsp_74hc595_set_LOCK) for bsp_74hc595_set_LOCK
    app_display.o(.text) refers to app_display.o(i.bsp_74hc595_set_OE) for bsp_74hc595_set_OE
    app_display.o(.text) refers to queue.o(.text) for xQueueGenericReceive
    app_display.o(.text) refers to port.o(.text) for vPortEnterCritical
    app_display.o(.text) refers to tasks.o(.text) for vTaskDelay
    app_sht10.o(.text) refers to ffltui.o(.text) for __aeabi_ui2f
    app_sht10.o(.text) refers to fmul.o(.text) for __aeabi_fmul
    app_sht10.o(.text) refers to fadd.o(.text) for __aeabi_fadd
    app_sht10.o(.text) refers to f2d.o(.text) for __aeabi_f2d
    app_sht10.o(.text) refers to ddiv.o(.text) for __aeabi_ddiv
    app_sht10.o(.text) refers to dadd.o(.text) for __aeabi_dadd
    app_sht10.o(.text) refers to d2f.o(.text) for __aeabi_d2f
    app_sht10.o(.text) refers to i2c_bus.o(.text) for i2c_bus_start
    app_sht10.o(.text) refers to tasks.o(.text) for vTaskDelay
    app_sht10.o(.text) refers to app_serial.o(.text) for dbg_string
    app_sht10.o(.text) refers to app_sht10.o(.data) for temp
    app_ds3231.o(.text) refers to i2c_bus.o(.text) for i2c_bus_read_ds3231
    app_ds3231.o(.text) refers to app_ds3231.o(.constdata) for rtc_days_in_month
    app_ds3231.o(.text) refers to queue.o(.text) for xQueueCreateMutex
    app_ds3231.o(.text) refers to app_serial.o(.text) for dbg_string
    app_ds3231.o(.text) refers to stm32f10x_exti.o(.text) for EXTI_GetITStatus
    app_ds3231.o(.text) refers to app_ds3231.o(.data) for timeSync
    bsp.o(.text) refers to stm32f10x_rcc.o(.text) for RCC_APB2PeriphClockCmd
    bsp.o(.text) refers to misc.o(.text) for NVIC_Init
    bsp.o(.text) refers to stm32f10x_gpio.o(.text) for GPIO_Init
    bsp.o(.text) refers to stm32f10x_exti.o(.text) for EXTI_Init
    bsp.o(.text) refers to app_serial.o(.text) for serial_init
    bsp.o(.text) refers to i2c_bus.o(.text) for i2c_bus_init
    bsp.o(.text) refers to app_led.o(.text) for app_led_init
    dm9000x.o(.text) refers to stm32f10x_rcc.o(.text) for RCC_APB2PeriphClockCmd
    dm9000x.o(.text) refers to stm32f10x_gpio.o(.text) for GPIO_PinRemapConfig
    dm9000x.o(.text) refers to app_serial.o(.text) for dbg_string
    dm9000x.o(.text) refers to netconfig.o(.data) for m_mac
    i2c_bus.o(.text) refers to stm32f10x_gpio.o(.text) for GPIO_Init
[...]
    tcp_parseopt                             0x08008221   Thumb Code   176  tcp_in.o(.text)
    tcp_process                              0x080082d1   Thumb Code  1382  tcp_in.o(.text)
    tcp_listen_input                         0x08008837   Thumb Code   342  tcp_in.o(.text)
    tcp_timewait_input                       0x0800898d   Thumb Code   150  tcp_in.o(.text)
    .text                                    0x08008f80   Section        0  tcp_out.o(.text)
    tcp_output_set_header                    0x08008f81   Thumb Code   138  tcp_out.o(.text)
    tcp_output_segment                       0x080094bf   Thumb Code   230  tcp_out.o(.text)
    .text                                    0x08009a7c   Section        0  udp.o(.text)
    .text                                    0x08009f48   Section        0  icmp.o(.text)
    icmp_send_response                       0x0800a155   Thumb Code   118  icmp.o(.text)
    .text                                    0x0800a1f4   Section        0  inet.o(.text)
    .text                                    0x0800a410   Section        0  inet_chksum.o(.text)
    lwip_standard_chksum                     0x0800a411   Thumb Code    74  inet_chksum.o(.text)
    .text                                    0x0800a568   Section        0  ip.o(.text)
    ip_forward                               0x0800a5bf   Thumb Code   198  ip.o(.text)
    .text                                    0x0800aa58   Section        0  ip_addr.o(.text)
    .text                                    0x0800aaa8   Section        0  ip_frag.o(.text)
    ip_reass_dequeue_datagram                0x0800aaa9   Thumb Code    36  ip_frag.o(.text)
    ip_reass_free_complete_datagram          0x0800aacd   Thumb Code   112  ip_frag.o(.text)
    ip_reass_remove_oldest_datagram          0x0800ab6d   Thumb Code   118  ip_frag.o(.text)
    ip_reass_enqueue_new_datagram            0x0800abe3   Thumb Code    92  ip_frag.o(.text)
    ip_reass_chain_frag_into_datagram_and_validate 0x0800ac3f   Thumb Code   324  ip_frag.o(.text)
    .text                                    0x0800b0c0   Section        0  lwipentry.o(.text)
    .text                                    0x0800b148   Section        0  api_lib.o(.text)
    .text                                    0x0800b490   Section        0  api_msg.o(.text)
    recv_raw                                 0x0800b491   Thumb Code   162  api_msg.o(.text)
    recv_udp                                 0x0800b533   Thumb Code   126  api_msg.o(.text)
    recv_tcp                                 0x0800b5b1   Thumb Code    96  api_msg.o(.text)
    err_tcp                                  0x0800b611   Thumb Code   110  api_msg.o(.text)
    do_writemore                             0x0800b67f   Thumb Code   246  api_msg.o(.text)
    sent_tcp                                 0x0800b775   Thumb Code    76  api_msg.o(.text)
    do_close_internal                        0x0800b7c1   Thumb Code   162  api_msg.o(.text)
    poll_tcp                                 0x0800b863   Thumb Code    38  api_msg.o(.text)
    setup_tcp                                0x0800b889   Thumb Code    50  api_msg.o(.text)
    accept_function                          0x0800b997   Thumb Code    88  api_msg.o(.text)
    pcb_new                                  0x0800b9ef   Thumb Code   164  api_msg.o(.text)
    do_connected                             0x0800bb9d   Thumb Code    52  api_msg.o(.text)
    do_dns_found                             0x0800bf15   Thumb Code    44  api_msg.o(.text)
    .text                                    0x0800bf74   Section        0  netbuf.o(.text)
    .text                                    0x0800c094   Section        0  tcpip.o(.text)
    tcpip_tcp_timer                          0x0800c095   Thumb Code    40  tcpip.o(.text)
    ip_reass_timer                           0x0800c0e3   Thumb Code    22  tcpip.o(.text)
    arp_timer                                0x0800c0f9   Thumb Code    22  tcpip.o(.text)
    dns_timer                                0x0800c10f   Thumb Code    22  tcpip.o(.text)
    tcpip_thread                             0x0800c125   Thumb Code   210  tcpip.o(.text)
    pbuf_free_int                            0x0800c373   Thumb Code    14  tcpip.o(.text)
    .text                                    0x0800c3e4   Section        0  memcpya.o(.text)
    .text                                    0x0800c408   Section        0  memseta.o(.text)
    .text                                    0x0800c42c   Section        0  strlen.o(.text)
    .text                                    0x0800c43a   Section        0  strcmp.o(.text)
    .text                                    0x0800c456   Section        0  strcpy.o(.text)
    .text                                    0x0800c468   Section        0  fadd.o(.text)
    .text                                    0x0800c518   Section        0  fmul.o(.text)
    .text                                    0x0800c57c   Section        0  dadd.o(.text)
    .text                                    0x0800c6ca   Section        0  ddiv.o(.text)
    .text                                    0x0800c7a8   Section        0  ffltui.o(.text)
    .text                                    0x0800c7b2   Section        0  f2d.o(.text)
    .text                                    0x0800c7d8   Section        0  d2f.o(.text)
    .text                                    0x0800c810   Section        0  uidiv.o(.text)
    .text                                    0x0800c83c   Section        0  uldiv.o(.text)
    .text                                    0x0800c89e   Section        0  llshl.o(.text)
    .text                                    0x0800c8bc   Section        0  llsshr.o(.text)
    .text                                    0x0800c8e0   Section        0  iusefp.o(.text)
    .text                                    0x0800c8e0   Section        0  fepilogue.o(.text)
    .text                                    0x0800c94e   Section        0  depilogue.o(.text)
    .text                                    0x0800ca04   Section        0  dmul.o(.text)
    .text                                    0x0800cae8   Section        0  dfixul.o(.text)
    .text                                    0x0800cb18   Section       40  cdrcmple.o(.text)
    .text                                    0x0800cb40   Section       36  init.o(.text)
    .text                                    0x0800cb64   Section        0  llushr.o(.text)
    .text                                    0x0800cb84   Section        0  __dczerorl2.o(.text)
    i.__0vsprintf                            0x0800cbdc   Section        0  printfa.o(i.__0vsprintf)
    i.__scatterload_copy                     0x0800cc00   Section       14  handlers.o(i.__scatterload_copy)
    i.__scatterload_null                     0x0800cc0e   Section        2  handlers.o(i.__scatterload_null)
    i.__scatterload_zeroinit                 0x0800cc10   Section       14  handlers.o(i.__scatterload_zeroinit)
    i._fp_digits                             0x0800cc20   Section        0  printfa.o(i._fp_digits)
    _fp_digits                               0x0800cc21   Thumb Code   334  printfa.o(i._fp_digits)
    i._printf_core                           0x0800cd84   Section        0  printfa.o(i._printf_core)
    _printf_core                             0x0800cd85   Thumb Code  1744  printfa.o(i._printf_core)
    i._printf_post_padding                   0x0800d460   Section        0  printfa.o(i._printf_post_padding)
    _printf_post_padding                     0x0800d461   Thumb Code    36  printfa.o(i._printf_post_padding)
    i._printf_pre_padding                    0x0800d484   Section        0  printfa.o(i._printf_pre_padding)
    _printf_pre_padding                      0x0800d485   Thumb Code    46  printfa.o(i._printf_pre_padding)
    i._sputc                                 0x0800d4b2   Section        0  printfa.o(i._sputc)
    _sputc                                   0x0800d4b3   Thumb Code    10  printfa.o(i._sputc)
    i.bsp_74hc595_set_DATA                   0x0800d4bc   Section        0  app_display.o(i.bsp_74hc595_set_DATA)
    i.bsp_74hc595_set_LOCK                   0x0800d4d8   Section        0  app_display.o(i.bsp_74hc595_set_LOCK)
    i.bsp_74hc595_set_OE                     0x0800d4f4   Section        0  app_display.o(i.bsp_74hc595_set_OE)
    i.bsp_74hc595_set_OFFSET                 0x0800d50c   Section        0  app_display.o(i.bsp_74hc595_set_OFFSET)
    .constdata                               0x0800d528   Section        6  app_led.o(.constdata)
    .constdata                               0x0800d52e   Section       12  app_ds3231.o(.constdata)
    rtc_days_in_month                        0x0800d52e   Data          12  app_ds3231.o(.constdata)
    .constdata                               0x0800d53a   Section       12  etharp.o(.constdata)
    .constdata                               0x0800d546   Section       56  memp.o(.constdata)
    memp_sizes                               0x0800d546   Data          28  memp.o(.constdata)
    memp_num                                 0x0800d562   Data          28  memp.o(.constdata)
    .constdata                               0x0800d57e   Section       20  tcp.o(.constdata)
    .constdata                               0x0800d592   Section        8  ip_addr.o(.constdata)
    .conststring                             0x0800d59c   Section      117  tcp.o(.conststring)
    .conststring                             0x0800d614   Section      120  lwipentry.o(.conststring)
    .data                                    0x20000000   Section       44  netconfig.o(.data)
    .data                                    0x2000002c   Section        8  app_serial.o(.data)
    xCharsForTx                              0x2000002c   Data           4  app_serial.o(.data)
    xPort                                    0x20000030   Data           4  app_serial.o(.data)
    .data                                    0x20000034   Section        8  app_sht10.o(.data)
    .data                                    0x2000003c   Section        4  app_ds3231.o(.data)
    timeSync                                 0x2000003c   Data           4  app_ds3231.o(.data)
    .data                                    0x20000040   Section       20  stm32f10x_rcc.o(.data)
    APBAHBPrescTable                         0x20000040   Data          16  stm32f10x_rcc.o(.data)
    ADCPrescTable                            0x20000050   Data           4  stm32f10x_rcc.o(.data)
    .data                                    0x20000054   Section       60  tasks.o(.data)
    pxDelayedTaskList                        0x20000058   Data           4  tasks.o(.data)
    pxOverflowDelayedTaskList                0x2000005c   Data           4  tasks.o(.data)
    uxDeletedTasksWaitingCleanUp             0x20000060   Data           4  tasks.o(.data)
    uxCurrentNumberOfTasks                   0x20000064   Data           4  tasks.o(.data)
    xTickCount                               0x20000068   Data           4  tasks.o(.data)
    uxTopReadyPriority                       0x2000006c   Data           4  tasks.o(.data)
    xSchedulerRunning                        0x20000070   Data           4  tasks.o(.data)
    uxPendedTicks                            0x20000074   Data           4  tasks.o(.data)
    xYieldPending                            0x20000078   Data           4  tasks.o(.data)
    xNumOfOverflows                          0x2000007c   Data           4  tasks.o(.data)
    uxTaskNumber                             0x20000080   Data           4  tasks.o(.data)
    xNextTaskUnblockTime                     0x20000084   Data           4  tasks.o(.data)
    xIdleTaskHandle                          0x20000088   Data           4  tasks.o(.data)
    uxSchedulerSuspended                     0x2000008c   Data           4  tasks.o(.data)
    .data                                    0x20000090   Section        4  port.o(.data)
    uxCriticalNesting                        0x20000090   Data           4  port.o(.data)
    .data                                    0x20000094   Section       24  heap_2.o(.data)
    xStart                                   0x20000094   Data           8  heap_2.o(.data)
    xEnd                                     0x2000009c   Data           8  heap_2.o(.data)
    xFreeBytesRemaining                      0x200000a4   Data           4  heap_2.o(.data)
    xHeapHasBeenInitialised                  0x200000a8   Data           4  heap_2.o(.data)
    .data                                    0x200000ac   Section        2  sys_arch.o(.data)
    s_nextthread                             0x200000ac   Data           2  sys_arch.o(.data)
    .data                                    0x200000ae   Section        1  etharp.o(.data)
    etharp_cached_entry                      0x200000ae   Data           1  etharp.o(.data)
    .data                                    0x200000b0   Section       13  dns.o(.data)
    dns_pcb                                  0x200000b0   Data           4  dns.o(.data)
    dns_seqno                                0x200000b4   Data           1  dns.o(.data)
    dns_servers                              0x200000b5   Data           8  dns.o(.data)
    .data                                    0x200000c0   Section       16  mem.o(.data)
    ram                                      0x200000c0   Data           4  mem.o(.data)
    ram_end                                  0x200000c4   Data           4  mem.o(.data)
    lfree                                    0x200000c8   Data           4  mem.o(.data)
    mem_sem                                  0x200000cc   Data           4  mem.o(.data)
    .data                                    0x200000d0   Section        9  netif.o(.data)
    netifnum                                 0x200000d8   Data           1  netif.o(.data)
    .data                                    0x200000d9   Section        1  pbuf.o(.data)
    pbuf_free_ooseq_queued                   0x200000d9   Data           1  pbuf.o(.data)
    .data                                    0x200000dc   Section        4  raw.o(.data)
    raw_pcbs                                 0x200000dc   Data           4  raw.o(.data)
    .data                                    0x200000e0   Section       76  tcp.o(.data)
    tcp_timer                                0x20000124   Data           1  tcp.o(.data)
    port                                     0x20000126   Data           2  tcp.o(.data)
    iss                                      0x20000128   Data           4  tcp.o(.data)
    .data                                    0x2000012c   Section       32  tcp_in.o(.data)
    tcphdr                                   0x2000012c   Data           4  tcp_in.o(.data)
    iphdr                                    0x20000130   Data           4  tcp_in.o(.data)
    seqno                                    0x20000134   Data           4  tcp_in.o(.data)
    ackno                                    0x20000138   Data           4  tcp_in.o(.data)
    flags                                    0x2000013c   Data           1  tcp_in.o(.data)
    tcplen                                   0x2000013e   Data           2  tcp_in.o(.data)
    recv_flags                               0x20000140   Data           1  tcp_in.o(.data)
    recv_data                                0x20000144   Data           4  tcp_in.o(.data)
    .data                                    0x2000014c   Section        4  udp.o(.data)
    .data                                    0x20000150   Section       10  ip.o(.data)
    ip_id                                    0x20000158   Data           2  ip.o(.data)
    .data                                    0x2000015c   Section        6  ip_frag.o(.data)
    reassdatagrams                           0x2000015c   Data           4  ip_frag.o(.data)
    ip_reass_pbufcount                       0x20000160   Data           2  ip_frag.o(.data)
    .data                                    0x20000164   Section       16  tcpip.o(.data)
    tcpip_init_done                          0x20000164   Data           4  tcpip.o(.data)
    tcpip_init_done_arg                      0x20000168   Data           4  tcpip.o(.data)
    mbox                                     0x2000016c   Data           4  tcpip.o(.data)
    tcpip_tcp_timer_active                   0x20000170   Data           4  tcpip.o(.data)
    .bss                                     0x20000174   Section       12  main.o(.bss)
    display_source                           0x20000174   Data          12  main.o(.bss)
    .bss                                     0x20000180   Section       98  netconfig.o(.bss)
    .bss                                     0x200001e4   Section       48  i2c_bus.o(.bss)
    i2c_bus                                  0x200001e4   Data          48  i2c_bus.o(.bss)
    .bss                                     0x20000214   Section      300  tasks.o(.bss)
    pxReadyTasksLists                        0x20000214   Data         200  tasks.o(.bss)
    xDelayedTaskList1                        0x200002dc   Data          20  tasks.o(.bss)
    xDelayedTaskList2                        0x200002f0   Data          20  tasks.o(.bss)
    xPendingReadyList                        0x20000304   Data          20  tasks.o(.bss)
    xTasksWaitingTermination                 0x20000318   Data          20  tasks.o(.bss)
    xSuspendedTaskList                       0x2000032c   Data          20  tasks.o(.bss)
    .bss                                     0x20000340   Section    17408  heap_2.o(.bss)
    ucHeap                                   0x20000340   Data       17408  heap_2.o(.bss)
    .bss                                     0x20004740   Section     3032  ethernetif.o(.bss)
    .bss                                     0x20005318   Section       40  sys_arch.o(.bss)
    s_timeoutlist                            0x20005318   Data          40  sys_arch.o(.bss)
    .bss                                     0x20005340   Section      200  etharp.o(.bss)
    arp_table                                0x20005340   Data         200  etharp.o(.bss)
    .bss                                     0x20005408   Section     1632  dns.o(.bss)
    dns_table                                0x20005408   Data        1120  dns.o(.bss)
    dns_payload                              0x20005868   Data         512  dns.o(.bss)
    .bss                                     0x20005a68   Section     2020  mem.o(.bss)
    ram_heap                                 0x20005a68   Data        2020  mem.o(.bss)
    .bss                                     0x2000624c   Section    12339  memp.o(.bss)
    memp_tab                                 0x2000624c   Data          56  memp.o(.bss)
    memp_memory                              0x20006284   Data       12283  memp.o(.bss)
    .bss                                     0x20009280   Section      330  stats.o(.bss)
    .bss                                     0x200093cc   Section       20  tcp_in.o(.bss)
    inseg                                    0x200093cc   Data          20  tcp_in.o(.bss)
    .bss                                     0x200093e0   Section       16  inet.o(.bss)
    str                                      0x200093e0   Data          16  inet.o(.bss)
    .bss                                     0x200093f0   Section     2004  ip_frag.o(.bss)
    buf                                      0x200093f0   Data        2004  ip_frag.o(.bss)
    STACK                                    0x20009bc8   Section     1024  cstartup.o(STACK)

    Global Symbols

    Symbol Name                              Value     Ov Type        Size  Object(Section)

    BuildAttributes$$THM_ISAv4$P$D$K$B$S$PE$A:L22UL41UL21$X:L11$S22US41US21$IEEE1$IW$USESV6$~STKCKD$USESV7$~SHL$OTIME$ROPI$EBA8$MICROLIB$REQ8$PRES8$EABIv2 0x00000000   Number         0  anon$$obj.o ABSOLUTE
    __ARM_use_no_argv                        0x00000000   Number         0  main.o ABSOLUTE
    __cpp_initialize__aeabi_                  - Undefined Weak Reference
    __cxa_finalize                            - Undefined Weak Reference
    _clock_init                               - Undefined Weak Reference
    _microlib_exit                            - Undefined Weak Reference
    __Vectors                                0x08000000   Data           4  cstartup.o(RESET)
    __main                                   0x080000ed   Thumb Code     0  entry.o(.ARM.Collect$$$$00000000)
    _main_stk                                0x080000ed   Thumb Code     0  entry2.o(.ARM.Collect$$$$00000001)
    _main_scatterload                        0x080000f1   Thumb Code     0  entry5.o(.ARM.Collect$$$$00000004)
    __main_after_scatterload                 0x080000f5   Thumb Code     0  entry5.o(.ARM.Collect$$$$00000004)
    _main_clock                              0x080000f5   Thumb Code     0  entry7b.o(.ARM.Collect$$$$00000008)
    _main_cpp_init                           0x080000f5   Thumb Code     0  entry8b.o(.ARM.Collect$$$$0000000A)
    _main_init                               0x080000f5   Thumb Code     0  entry9a.o(.ARM.Collect$$$$0000000B)
    __rt_final_cpp                           0x080000fd   Thumb Code     0  entry10a.o(.ARM.Collect$$$$0000000D)
    __rt_final_exit                          0x080000fd   Thumb Code     0  entry11a.o(.ARM.Collect$$$$0000000F)
    vPortSVCHandler                          0x08000101   Thumb Code    32  port.o(.emb_text)
    __asm___6_port_c_39a90d8d__prvStartFirstTask 0x08000125   Thumb Code    28  port.o(.emb_text)
    xPortPendSVHandler                       0x08000145   Thumb Code    72  port.o(.emb_text)
    vPortGetIPSR                             0x08000191   Thumb Code     6  port.o(.emb_text)
    main                                     0x08000199   Thumb Code   144  main.o(.text)
    app_led_init                             0x0800028d   Thumb Code    46  app_led.o(.text)
    app_led_task_blink                       0x080002bb   Thumb Code   154  app_led.o(.text)
    LwIP_Init                                0x0800035d   Thumb Code   254  netconfig.o(.text)
    vStartComTasks                           0x080004e9   Thumb Code    24  app_serial.o(.text)
    dbg_string                               0x08000527   Thumb Code    42  app_serial.o(.text)
    serial_init                              0x08000551   Thumb Code   214  app_serial.o(.text)
    USART1_IRQHandler                        0x08000627   Thumb Code    82  app_serial.o(.text)
    app_dispaly_show_task                    0x0800081d   Thumb Code    88  app_display.o(.text)
    app_sht10_get_res                        0x08000941   Thumb Code   150  app_sht10.o(.text)
    app_sht10_get_info                       0x080009d7   Thumb Code    44  app_sht10.o(.text)
    app_sht10_task                           0x08000a03   Thumb Code    62  app_sht10.o(.text)
    app_ds3231_task                          0x08000f75   Thumb Code   138  app_ds3231.o(.text)
    EXTI0_IRQHandler                         0x08000fff   Thumb Code    52  app_ds3231.o(.text)
    bsp_init                                 0x08001207   Thumb Code    40  bsp.o(.text)
    dm9000x_gpio_inital                      0x0800124d   Thumb Code   144  dm9000x.o(.text)
    dm9000x_read_id                          0x0800138d   Thumb Code    68  dm9000x.o(.text)
    dm9000x_inital                           0x080013d1   Thumb Code   264  dm9000x.o(.text)
    dm9000x_sendpacket                       0x080014d9   Thumb Code   154  dm9000x.o(.text)
    dm9000x_receivepacket                    0x08001573   Thumb Code   340  dm9000x.o(.text)
    i2c_bus_sda_dir                          0x0800175f   Thumb Code    72  i2c_bus.o(.text)
    i2c_bus_start                            0x080017a7   Thumb Code   256  i2c_bus.o(.text)
    i2c_bus_init                             0x08001931   Thumb Code   218  i2c_bus.o(.text)
    I2C_BUS_SDA_STATE                        0x08001b11   Thumb Code    40  i2c_bus.o(.text)
    i2c_bus_write_byte                       0x08001b39   Thumb Code   266  i2c_bus.o(.text)
    i2c_bus_read_byte                        0x08001c43   Thumb Code   124  i2c_bus.o(.text)
    i2c_bus_write_ds3231                     0x08001cbf   Thumb Code    80  i2c_bus.o(.text)
    i2c_bus_read_ds3231                      0x08001d0f   Thumb Code   106  i2c_bus.o(.text)
    Reset_Handler                            0x08001e05   Thumb Code     4  cstartup.o(.text)
    NMI_Handler                              0x08001e09   Thumb Code     2  cstartup.o(.text)
    HardFault_Handler                        0x08001e0b   Thumb Code     2  cstartup.o(.text)
    MemManage_Handler                        0x08001e0d   Thumb Code     2  cstartup.o(.text)
    BusFault_Handler                         0x08001e0f   Thumb Code     2  cstartup.o(.text)
    UsageFault_Handler                       0x08001e11   Thumb Code     2  cstartup.o(.text)
    SVC_Handler                              0x08001e13   Thumb Code     2  cstartup.o(.text)
    DebugMon_Handler                         0x08001e15   Thumb Code     2  cstartup.o(.text)
    PendSV_Handler                           0x08001e17   Thumb Code     2  cstartup.o(.text)
    SysTick_Handler                          0x08001e19   Thumb Code     2  cstartup.o(.text)
    ADC_IRQHandler                           0x08001e1b   Thumb Code     0  cstartup.o(.text)
    CAN_RX1_IRQHandler                       0x08001e1b   Thumb Code     0  cstartup.o(.text)
    CAN_SCE_IRQHandler                       0x08001e1b   Thumb Code     0  cstartup.o(.text)
    DMAChannel1_IRQHandler                   0x08001e1b   Thumb Code     0  cstartup.o(.text)
    DMAChannel2_IRQHandler                   0x08001e1b   Thumb Code     0  cstartup.o(.text)
    DMAChannel3_IRQHandler                   0x08001e1b   Thumb Code     0  cstartup.o(.text)
    DMAChannel4_IRQHandler                   0x08001e1b   Thumb Code     0  cstartup.o(.text)
    DMAChannel5_IRQHandler                   0x08001e1b   Thumb Code     0  cstartup.o(.text)
    DMAChannel6_IRQHandler                   0x08001e1b   Thumb Code     0  cstartup.o(.text)
    DMAChannel7_IRQHandler                   0x08001e1b   Thumb Code     0  cstartup.o(.text)
    EXTI15_10_IRQHandler                     0x08001e1b   Thumb Code     0  cstartup.o(.text)
    EXTI1_IRQHandler                         0x08001e1b   Thumb Code     0  cstartup.o(.text)
    EXTI2_IRQHandler                         0x08001e1b   Thumb Code     0  cstartup.o(.text)
    EXTI3_IRQHandler                         0x08001e1b   Thumb Code     0  cstartup.o(.text)
    EXTI4_IRQHandler                         0x08001e1b   Thumb Code     0  cstartup.o(.text)
    EXTI9_5_IRQHandler                       0x08001e1b   Thumb Code     0  cstartup.o(.text)
    FLASH_IRQHandler                         0x08001e1b   Thumb Code     0  cstartup.o(.text)
    I2C1_ER_IRQHandler                       0x08001e1b   Thumb Code     0  cstartup.o(.text)
    I2C1_EV_IRQHandler                       0x08001e1b   Thumb Code     0  cstartup.o(.text)
    I2C2_ER_IRQHandler                       0x08001e1b   Thumb Code     0  cstartup.o(.text)
    I2C2_EV_IRQHandler                       0x08001e1b   Thumb Code     0  cstartup.o(.text)
    PVD_IRQHandler                           0x08001e1b   Thumb Code     0  cstartup.o(.text)
    RCC_IRQHandler                           0x08001e1b   Thumb Code     0  cstartup.o(.text)
    RTCAlarm_IRQHandler                      0x08001e1b   Thumb Code     0  cstartup.o(.text)
    RTC_IRQHandler                           0x08001e1b   Thumb Code     0  cstartup.o(.text)
    SPI1_IRQHandler                          0x08001e1b   Thumb Code     0  cstartup.o(.text)
    SPI2_IRQHandler                          0x08001e1b   Thumb Code     0  cstartup.o(.text)
    TAMPER_IRQHandler                        0x08001e1b   Thumb Code     0  cstartup.o(.text)
    TIM1_BRK_IRQHandler                      0x08001e1b   Thumb Code     0  cstartup.o(.text)
    TIM1_CC_IRQHandler                       0x08001e1b   Thumb Code     0  cstartup.o(.text)
    TIM1_TRG_COM_IRQHandler                  0x08001e1b   Thumb Code     0  cstartup.o(.text)
    TIM1_UP_IRQHandler                       0x08001e1b   Thumb Code     0  cstartup.o(.text)
    TIM2_IRQHandler                          0x08001e1b   Thumb Code     0  cstartup.o(.text)
    TIM3_IRQHandler                          0x08001e1b   Thumb Code     0  cstartup.o(.text)
    TIM4_IRQHandler                          0x08001e1b   Thumb Code     0  cstartup.o(.text)
    USART2_IRQHandler                        0x08001e1b   Thumb Code     0  cstartup.o(.text)
    USART3_IRQHandler                        0x08001e1b   Thumb Code     0  cstartup.o(.text)
    USBWakeUp_IRQHandler                     0x08001e1b   Thumb Code     0  cstartup.o(.text)
    USB_HP_CAN_TX_IRQHandler                 0x08001e1b   Thumb Code     0  cstartup.o(.text)
    USB_LP_CAN_RX0_IRQHandler                0x08001e1b   Thumb Code     0  cstartup.o(.text)
    WWDG_IRQHandler                          0x08001e1b   Thumb Code     0  cstartup.o(.text)
    GPIO_DeInit                              0x08001e21   Thumb Code   172  stm32f10x_gpio.o(.text)
    GPIO_AFIODeInit                          0x08001ecd   Thumb Code    20  stm32f10x_gpio.o(.text)
    GPIO_Init                                0x08001ee1   Thumb Code   278  stm32f10x_gpio.o(.text)
    GPIO_StructInit                          0x08001ff7   Thumb Code    16  stm32f10x_gpio.o(.text)
    GPIO_ReadInputDataBit                    0x08002007   Thumb Code    18  stm32f10x_gpio.o(.text)
    GPIO_ReadInputData                       0x08002019   Thumb Code     8  stm32f10x_gpio.o(.text)
    GPIO_ReadOutputDataBit                   0x08002021   Thumb Code    18  stm32f10x_gpio.o(.text)
    GPIO_ReadOutputData                      0x08002033   Thumb Code     8  stm32f10x_gpio.o(.text)
    GPIO_SetBits                             0x0800203b   Thumb Code     4  stm32f10x_gpio.o(.text)
    GPIO_ResetBits                           0x0800203f   Thumb Code     4  stm32f10x_gpio.o(.text)
    GPIO_WriteBit                            0x08002043   Thumb Code    10  stm32f10x_gpio.o(.text)
    GPIO_Write                               0x0800204d   Thumb Code     4  stm32f10x_gpio.o(.text)
    GPIO_PinLockConfig                       0x08002051   Thumb Code    18  stm32f10x_gpio.o(.text)
    GPIO_EventOutputConfig                   0x08002063   Thumb Code    26  stm32f10x_gpio.o(.text)
    GPIO_EventOutputCmd                      0x0800207d   Thumb Code     6  stm32f10x_gpio.o(.text)
    GPIO_PinRemapConfig                      0x08002083   Thumb Code   138  stm32f10x_gpio.o(.text)
    GPIO_EXTILineConfig                      0x0800210d   Thumb Code    66  stm32f10x_gpio.o(.text)
    GPIO_ETH_MediaInterfaceConfig            0x0800214f   Thumb Code     8  stm32f10x_gpio.o(.text)
    RCC_DeInit                               0x0800217d   Thumb Code    64  stm32f10x_rcc.o(.text)
    RCC_HSEConfig                            0x080021bd   Thumb Code    70  stm32f10x_rcc.o(.text)
    RCC_GetFlagStatus                        0x08002203   Thumb Code    56  stm32f10x_rcc.o(.text)
    RCC_WaitForHSEStartUp                    0x0800223b   Thumb Code    56  stm32f10x_rcc.o(.text)
    RCC_AdjustHSICalibrationValue            0x08002273   Thumb Code    20  stm32f10x_rcc.o(.text)
    RCC_HSICmd                               0x08002287   Thumb Code     6  stm32f10x_rcc.o(.text)
    RCC_PLLConfig                            0x0800228d   Thumb Code    24  stm32f10x_rcc.o(.text)
    RCC_PLLCmd                               0x080022a5   Thumb Code     6  stm32f10x_rcc.o(.text)
    RCC_SYSCLKConfig                         0x080022ab   Thumb Code    18  stm32f10x_rcc.o(.text)
    RCC_GetSYSCLKSource                      0x080022bd   Thumb Code    10  stm32f10x_rcc.o(.text)
    RCC_HCLKConfig                           0x080022c7   Thumb Code    18  stm32f10x_rcc.o(.text)
    RCC_PCLK1Config                          0x080022d9   Thumb Code    18  stm32f10x_rcc.o(.text)
    RCC_PCLK2Config                          0x080022eb   Thumb Code    20  stm32f10x_rcc.o(.text)
    RCC_ITConfig                             0x080022ff   Thumb Code    26  stm32f10x_rcc.o(.text)
    RCC_USBCLKConfig                         0x08002319   Thumb Code     8  stm32f10x_rcc.o(.text)
    RCC_ADCCLKConfig                         0x08002321   Thumb Code    18  stm32f10x_rcc.o(.text)
    RCC_LSEConfig                            0x08002333   Thumb Code    50  stm32f10x_rcc.o(.text)
    RCC_LSICmd                               0x08002365   Thumb Code     6  stm32f10x_rcc.o(.text)
    RCC_RTCCLKConfig                         0x0800236b   Thumb Code    12  stm32f10x_rcc.o(.text)
    RCC_RTCCLKCmd                            0x08002377   Thumb Code     8  stm32f10x_rcc.o(.text)
    RCC_GetClocksFreq                        0x0800237f   Thumb Code   192  stm32f10x_rcc.o(.text)
    RCC_AHBPeriphClockCmd                    0x0800243f   Thumb Code    26  stm32f10x_rcc.o(.text)
    RCC_APB2PeriphClockCmd                   0x08002459   Thumb Code    26  stm32f10x_rcc.o(.text)
    RCC_APB1PeriphClockCmd                   0x08002473   Thumb Code    26  stm32f10x_rcc.o(.text)
    RCC_APB2PeriphResetCmd                   0x0800248d   Thumb Code    26  stm32f10x_rcc.o(.text)
    RCC_APB1PeriphResetCmd                   0x080024a7   Thumb Code    26  stm32f10x_rcc.o(.text)
    RCC_BackupResetCmd                       0x080024c1   Thumb Code     8  stm32f10x_rcc.o(.text)
    RCC_ClockSecuritySystemCmd               0x080024c9   Thumb Code     6  stm32f10x_rcc.o(.text)
    RCC_MCOConfig                            0x080024cf   Thumb Code     6  stm32f10x_rcc.o(.text)
    RCC_ClearFlag                            0x080024d5   Thumb Code    14  stm32f10x_rcc.o(.text)
    RCC_GetITStatus                          0x080024e3   Thumb Code    20  stm32f10x_rcc.o(.text)
    RCC_ClearITPendingBit                    0x080024f7   Thumb Code     6  stm32f10x_rcc.o(.text)
    NVIC_PriorityGroupConfig                 0x08002521   Thumb Code    10  misc.o(.text)
    NVIC_Init                                0x0800252b   Thumb Code   100  misc.o(.text)
    NVIC_SetVectorTable                      0x0800258f   Thumb Code    14  misc.o(.text)
    NVIC_SystemLPConfig                      0x0800259d   Thumb Code    34  misc.o(.text)
    SysTick_CLKSourceConfig                  0x080025bf   Thumb Code    40  misc.o(.text)
    USART_DeInit                             0x080025fd   Thumb Code   134  stm32f10x_usart.o(.text)
    USART_Init                               0x08002683   Thumb Code   210  stm32f10x_usart.o(.text)
    USART_StructInit                         0x08002755   Thumb Code    24  stm32f10x_usart.o(.text)
    USART_ClockInit                          0x0800276d   Thumb Code    34  stm32f10x_usart.o(.text)
    USART_ClockStructInit                    0x0800278f   Thumb Code    12  stm32f10x_usart.o(.text)
    USART_Cmd                                0x0800279b   Thumb Code    24  stm32f10x_usart.o(.text)
    USART_ITConfig                           0x080027b3   Thumb Code    74  stm32f10x_usart.o(.text)
    USART_DMACmd                             0x080027fd   Thumb Code    18  stm32f10x_usart.o(.text)
    USART_SetAddress                         0x0800280f   Thumb Code    18  stm32f10x_usart.o(.text)
    USART_WakeUpConfig                       0x08002821   Thumb Code    18  stm32f10x_usart.o(.text)
    USART_ReceiverWakeUpCmd                  0x08002833   Thumb Code    24  stm32f10x_usart.o(.text)
    USART_LINBreakDetectLengthConfig         0x0800284b   Thumb Code    18  stm32f10x_usart.o(.text)
    USART_LINCmd                             0x0800285d   Thumb Code    24  stm32f10x_usart.o(.text)
    USART_SendData                           0x08002875   Thumb Code     8  stm32f10x_usart.o(.text)
    USART_ReceiveData                        0x0800287d   Thumb Code    10  stm32f10x_usart.o(.text)
    USART_SendBreak                          0x08002887   Thumb Code    10  stm32f10x_usart.o(.text)
    USART_SetGuardTime                       0x08002891   Thumb Code    16  stm32f10x_usart.o(.text)
    USART_SetPrescaler                       0x080028a1   Thumb Code    16  stm32f10x_usart.o(.text)
    USART_SmartCardCmd                       0x080028b1   Thumb Code    24  stm32f10x_usart.o(.text)
    USART_SmartCardNACKCmd                   0x080028c9   Thumb Code    24  stm32f10x_usart.o(.text)
    USART_HalfDuplexCmd                      0x080028e1   Thumb Code    24  stm32f10x_usart.o(.text)
    USART_OverSampling8Cmd                   0x080028f9   Thumb Code    22  stm32f10x_usart.o(.text)
    USART_OneBitMethodCmd                    0x0800290f   Thumb Code    24  stm32f10x_usart.o(.text)
    USART_IrDAConfig                         0x08002927   Thumb Code    18  stm32f10x_usart.o(.text)
    USART_IrDACmd                            0x08002939   Thumb Code    24  stm32f10x_usart.o(.text)
    USART_GetFlagStatus                      0x08002951   Thumb Code    26  stm32f10x_usart.o(.text)
    USART_ClearFlag                          0x0800296b   Thumb Code    18  stm32f10x_usart.o(.text)
    USART_GetITStatus                        0x0800297d   Thumb Code    84  stm32f10x_usart.o(.text)
    USART_ClearITPendingBit                  0x080029d1   Thumb Code    52  stm32f10x_usart.o(.text)
    EXTI_DeInit                              0x08002a05   Thumb Code    28  stm32f10x_exti.o(.text)
    EXTI_Init                                0x08002a21   Thumb Code   142  stm32f10x_exti.o(.text)
    EXTI_StructInit                          0x08002aaf   Thumb Code    16  stm32f10x_exti.o(.text)
    EXTI_GenerateSWInterrupt                 0x08002abf   Thumb Code    16  stm32f10x_exti.o(.text)
    EXTI_GetFlagStatus                       0x08002acf   Thumb Code    22  stm32f10x_exti.o(.text)
    EXTI_ClearFlag                           0x08002ae5   Thumb Code     8  stm32f10x_exti.o(.text)
    EXTI_GetITStatus                         0x08002aed   Thumb Code    34  stm32f10x_exti.o(.text)
    EXTI_ClearITPendingBit                   0x08002b0f   Thumb Code     8  stm32f10x_exti.o(.text)
    vListInitialise                          0x08002b21   Thumb Code    26  list.o(.text)
    vListInitialiseItem                      0x08002b3b   Thumb Code     6  list.o(.text)
    vListInsertEnd                           0x08002b41   Thumb Code    24  list.o(.text)
    vListInsert                              0x08002b59   Thumb Code    52  list.o(.text)
    uxListRemove                             0x08002b8d   Thumb Code    40  list.o(.text)
    xQueueGenericReset                       0x08002bb5   Thumb Code   122  queue.o(.text)
    xQueueGenericCreate                      0x08002c59   Thumb Code    56  queue.o(.text)
    xQueueGenericSend                        0x08002da9   Thumb Code   276  queue.o(.text)
    xQueueCreateMutex                        0x08002ed9   Thumb Code    34  queue.o(.text)
    xQueueGenericSendFromISR                 0x08002efb   Thumb Code   134  queue.o(.text)
    xQueueGiveFromISR                        0x08002f81   Thumb Code   124  queue.o(.text)
    xQueueGenericReceive                     0x08003041   Thumb Code   342  queue.o(.text)
    xQueueReceiveFromISR                     0x08003197   Thumb Code   130  queue.o(.text)
    xQueuePeekFromISR                        0x08003219   Thumb Code    74  queue.o(.text)
    uxQueueMessagesWaiting                   0x08003263   Thumb Code    18  queue.o(.text)
    uxQueueSpacesAvailable                   0x08003275   Thumb Code    24  queue.o(.text)
    uxQueueMessagesWaitingFromISR            0x0800328d   Thumb Code     6  queue.o(.text)
    vQueueDelete                             0x08003293   Thumb Code    14  queue.o(.text)
    uxQueueGetQueueNumber                    0x080032a1   Thumb Code     6  queue.o(.text)
    vQueueSetQueueNumber                     0x080032a7   Thumb Code     4  queue.o(.text)
    ucQueueGetQueueType                      0x080032ab   Thumb Code     8  queue.o(.text)
    xQueueIsQueueEmptyFromISR                0x080032b3   Thumb Code    14  queue.o(.text)
    xQueueIsQueueFullFromISR                 0x080032c1   Thumb Code    18  queue.o(.text)
    xTaskCreate                              0x08003455   Thumb Code    92  tasks.o(.text)
    vTaskDelete                              0x080034ed   Thumb Code   176  tasks.o(.text)
    xTaskIncrementTick                       0x0800359d   Thumb Code   238  tasks.o(.text)
    xTaskResumeAll                           0x0800368b   Thumb Code   284  tasks.o(.text)
    vTaskSuspendAll                          0x08003823   Thumb Code    12  tasks.o(.text)
    vTaskDelayUntil                          0x0800382f   Thumb Code   106  tasks.o(.text)
    vTaskDelay                               0x08003899   Thumb Code    46  tasks.o(.text)
    eTaskGetState                            0x080038c7   Thumb Code    88  tasks.o(.text)
    uxTaskPriorityGet                        0x0800391f   Thumb Code    30  tasks.o(.text)
    uxTaskPriorityGetFromISR                 0x0800393d   Thumb Code    52  tasks.o(.text)
    vTaskPrioritySet                         0x08003971   Thumb Code   226  tasks.o(.text)
    vTaskSwitchContext                       0x08003a53   Thumb Code    76  tasks.o(.text)
    vTaskSuspend                             0x08003a9f   Thumb Code   220  tasks.o(.text)
    vTaskResume                              0x08003bb3   Thumb Code   104  tasks.o(.text)
    xTaskResumeFromISR                       0x08003c1b   Thumb Code   130  tasks.o(.text)
    vTaskStartScheduler                      0x08003d13   Thumb Code    74  tasks.o(.text)
    vTaskEndScheduler                        0x08003d5d   Thumb Code    32  tasks.o(.text)
    xTaskGetTickCount                        0x08003d7d   Thumb Code     6  tasks.o(.text)
    xTaskGetTickCountFromISR                 0x08003d83   Thumb Code     8  tasks.o(.text)
    uxTaskGetNumberOfTasks                   0x08003d8b   Thumb Code     6  tasks.o(.text)
    pcTaskGetName                            0x08003d91   Thumb Code    20  tasks.o(.text)
    vTaskGetTaskInfo                         0x08003dbb   Thumb Code   114  tasks.o(.text)
    uxTaskGetSystemState                     0x08003e97   Thumb Code   152  tasks.o(.text)
    vTaskPlaceOnEventList                    0x08003f2f   Thumb Code   106  tasks.o(.text)
    vTaskPlaceOnUnorderedEventList           0x08003f99   Thumb Code    40  tasks.o(.text)
    xTaskRemoveFromEventList                 0x08003fc1   Thumb Code   104  tasks.o(.text)
    xTaskRemoveFromUnorderedEventList        0x08004029   Thumb Code    94  tasks.o(.text)
    vTaskSetTimeOutState                     0x08004087   Thumb Code    14  tasks.o(.text)
    xTaskCheckForTimeOut                     0x08004095   Thumb Code    84  tasks.o(.text)
    vTaskMissedYield                         0x080040e9   Thumb Code     8  tasks.o(.text)
    uxTaskGetTaskNumber                      0x080040f1   Thumb Code    14  tasks.o(.text)
    vTaskSetTaskNumber                       0x080040ff   Thumb Code     8  tasks.o(.text)
    xTaskGetCurrentTaskHandle                0x08004107   Thumb Code     6  tasks.o(.text)
    vTaskPriorityInherit                     0x0800410d   Thumb Code   164  tasks.o(.text)
    xTaskPriorityDisinherit                  0x080041b1   Thumb Code   122  tasks.o(.text)
    uxTaskResetEventItemValue                0x0800422b   Thumb Code    24  tasks.o(.text)
    pvTaskIncrementMutexHeldCount            0x08004243   Thumb Code    26  tasks.o(.text)
    ulTaskNotifyTake                         0x0800425d   Thumb Code   108  tasks.o(.text)
    xTaskNotifyWait                          0x080042c9   Thumb Code   150  tasks.o(.text)
    xTaskGenericNotify                       0x0800435f   Thumb Code   216  tasks.o(.text)
    xTaskGenericNotifyFromISR                0x08004437   Thumb Code   228  tasks.o(.text)
    vTaskNotifyGiveFromISR                   0x0800451b   Thumb Code   154  tasks.o(.text)
    xTaskNotifyStateClear                    0x080045b5   Thumb Code    48  tasks.o(.text)
    pxPortInitialiseStack                    0x08004617   Thumb Code    26  port.o(.text)
    vPortSetupTimerInterrupt                 0x08004631   Thumb Code    14  port.o(.text)
    xPortStartScheduler                      0x0800463f   Thumb Code    42  port.o(.text)
    vPortEndScheduler                        0x08004669   Thumb Code     2  port.o(.text)
    vPortEnterCritical                       0x0800466b   Thumb Code    30  port.o(.text)
    vPortExitCritical                        0x08004689   Thumb Code    28  port.o(.text)
    xPortSysTickHandler                      0x080046a5   Thumb Code    48  port.o(.text)
    pvPortMalloc                             0x0800470f   Thumb Code   166  heap_2.o(.text)
    vPortFree                                0x080047b5   Thumb Code    56  heap_2.o(.text)
    xPortGetFreeHeapSize                     0x080047ed   Thumb Code     6  heap_2.o(.text)
    vPortInitialiseBlocks                    0x080047f3   Thumb Code     2  heap_2.o(.text)
    ethernetif_input                         0x0800485f   Thumb Code    42  ethernetif.o(.text)
    ethernetif_init                          0x080048ed   Thumb Code    58  ethernetif.o(.text)
    sys_mbox_new                             0x08004941   Thumb Code    58  sys_arch.o(.text)
    sys_mbox_free                            0x0800497b   Thumb Code    52  sys_arch.o(.text)
    sys_mbox_post                            0x080049af   Thumb Code    24  sys_arch.o(.text)
    sys_mbox_trypost                         0x080049c7   Thumb Code    48  sys_arch.o(.text)
    sys_arch_mbox_fetch                      0x080049f7   Thumb Code    94  sys_arch.o(.text)
    sys_arch_mbox_tryfetch                   0x08004a55   Thumb Code    36  sys_arch.o(.text)
    sys_sem_new                              0x08004a79   Thumb Code   108  sys_arch.o(.text)
    sys_arch_sem_wait                        0x08004ae5   Thumb Code    82  sys_arch.o(.text)
    sys_sem_signal                           0x08004b37   Thumb Code    18  sys_arch.o(.text)
    sys_sem_free                             0x08004b49   Thumb Code    26  sys_arch.o(.text)
    sys_init                                 0x08004b63   Thumb Code    34  sys_arch.o(.text)
    sys_arch_timeouts                        0x08004b85   Thumb Code    42  sys_arch.o(.text)
    sys_arch_protect                         0x08004baf   Thumb Code    10  sys_arch.o(.text)
    sys_arch_unprotect                       0x08004bb9   Thumb Code    10  sys_arch.o(.text)
    sys_thread_new                           0x08004bc3   Thumb Code    86  sys_arch.o(.text)
    sys_assert                               0x08004c19   Thumb Code     8  sys_arch.o(.text)
    etharp_tmr                               0x08004c4b   Thumb Code   154  etharp.o(.text)
    etharp_find_addr                         0x08004fef   Thumb Code    92  etharp.o(.text)
    etharp_ip_input                          0x0800504b   Thumb Code    52  etharp.o(.text)
    etharp_arp_input                         0x0800507f   Thumb Code   360  etharp.o(.text)
    etharp_request                           0x080052ab   Thumb Code    36  etharp.o(.text)
    etharp_query                             0x080052cf   Thumb Code   404  etharp.o(.text)
    etharp_output                            0x08005463   Thumb Code   216  etharp.o(.text)
    ethernet_input                           0x0800553b   Thumb Code   126  etharp.o(.text)
    dns_setserver                            0x080055c1   Thumb Code    28  dns.o(.text)
    dns_init                                 0x080057a5   Thumb Code    64  dns.o(.text)
    dns_getserver                            0x080057e5   Thumb Code    28  dns.o(.text)
    dns_tmr                                  0x080059e7   Thumb Code    14  dns.o(.text)
    dns_gethostbyname                        0x08005b03   Thumb Code    84  dns.o(.text)
    mem_init                                 0x08005bd1   Thumb Code    92  mem.o(.text)
    mem_free                                 0x08005c2d   Thumb Code   128  mem.o(.text)
    mem_realloc                              0x08005cad   Thumb Code   310  mem.o(.text)
    mem_malloc                               0x08005de3   Thumb Code   390  mem.o(.text)
    mem_calloc                               0x08005f69   Thumb Code    34  mem.o(.text)
    memp_init                                0x08005f8d   Thumb Code   136  memp.o(.text)
    memp_malloc                              0x08006015   Thumb Code   150  memp.o(.text)
    memp_free                                0x080060ab   Thumb Code    74  memp.o(.text)
    netif_set_gw                             0x08006109   Thumb Code    12  netif.o(.text)
    netif_set_netmask                        0x08006115   Thumb Code    12  netif.o(.text)
    netif_set_ipaddr                         0x08006121   Thumb Code   110  netif.o(.text)
    netif_set_addr                           0x0800618f   Thumb Code    40  netif.o(.text)
    netif_add                                0x080061b7   Thumb Code    96  netif.o(.text)
    netif_set_default                        0x08006217   Thumb Code     6  netif.o(.text)
    netif_remove                             0x0800621d   Thumb Code    74  netif.o(.text)
    netif_find                               0x08006267   Thumb Code    64  netif.o(.text)
    netif_set_up                             0x080062a7   Thumb Code    44  netif.o(.text)
    netif_set_down                           0x080062d3   Thumb Code    24  netif.o(.text)
    netif_is_up                              0x080062eb   Thumb Code    12  netif.o(.text)
    pbuf_free                                0x0800637d   Thumb Code   108  pbuf.o(.text)
    pbuf_alloc                               0x080063e9   Thumb Code   386  pbuf.o(.text)
    pbuf_realloc                             0x0800656b   Thumb Code   100  pbuf.o(.text)
    pbuf_header                              0x080065cf   Thumb Code   106  pbuf.o(.text)
    pbuf_clen                                0x08006639   Thumb Code    18  pbuf.o(.text)
    pbuf_ref                                 0x0800664b   Thumb Code    26  pbuf.o(.text)
    pbuf_cat                                 0x08006665   Thumb Code    36  pbuf.o(.text)
    pbuf_chain                               0x08006689   Thumb Code    22  pbuf.o(.text)
    pbuf_dechain                             0x0800669f   Thumb Code    48  pbuf.o(.text)
    pbuf_copy                                0x080066cf   Thumb Code   114  pbuf.o(.text)
    pbuf_copy_partial                        0x08006741   Thumb Code   116  pbuf.o(.text)
    pbuf_take                                0x080067b5   Thumb Code    86  pbuf.o(.text)
    pbuf_coalesce                            0x0800680b   Thumb Code    56  pbuf.o(.text)
    raw_input                                0x08006845   Thumb Code   100  raw.o(.text)
    raw_bind                                 0x080068a9   Thumb Code    16  raw.o(.text)
    raw_connect                              0x080068b9   Thumb Code    16  raw.o(.text)
    raw_recv                                 0x080068c9   Thumb Code     6  raw.o(.text)
    raw_sendto                               0x080068cf   Thumb Code   150  raw.o(.text)
    raw_send                                 0x08006965   Thumb Code    18  raw.o(.text)
    raw_remove                               0x08006977   Thumb Code    60  raw.o(.text)
    raw_new                                  0x080069b3   Thumb Code    42  raw.o(.text)
    sys_mbox_fetch                           0x080069e1   Thumb Code   124  sys.o(.text)
    sys_sem_wait                             0x08006a5d   Thumb Code   116  sys.o(.text)
    sys_timeout                              0x08006ad1   Thumb Code   144  sys.o(.text)
    sys_untimeout                            0x08006b61   Thumb Code    94  sys.o(.text)
    sys_sem_wait_timeout                     0x08006bd3   Thumb Code    58  sys.o(.text)
    sys_msleep                               0x08006c0d   Thumb Code    28  sys.o(.text)
    tcp_seg_free                             0x08006c2d   Thumb Code    32  tcp.o(.text)
    tcp_segs_free                            0x08006c4d   Thumb Code    30  tcp.o(.text)
    tcp_pcb_purge                            0x08006c6b   Thumb Code    76  tcp.o(.text)
    tcp_slowtmr                              0x08006cb7   Thumb Code   714  tcp.o(.text)
    tcp_pcb_remove                           0x08006f81   Thumb Code   128  tcp.o(.text)
    tcp_close                                0x08007001   Thumb Code   274  tcp.o(.text)
    tcp_update_rcv_ann_wnd                   0x08007113   Thumb Code    70  tcp.o(.text)
    tcp_recved                               0x08007159   Thumb Code    62  tcp.o(.text)
    tcp_recv_null                            0x08007197   Thumb Code    46  tcp.o(.text)
    tcp_fasttmr                              0x080071c5   Thumb Code   122  tcp.o(.text)
    tcp_tmr                                  0x0800723f   Thumb Code    30  tcp.o(.text)
    tcp_abandon                              0x0800725d   Thumb Code   158  tcp.o(.text)
    tcp_bind                                 0x08007363   Thumb Code   218  tcp.o(.text)
    tcp_listen_with_backlog                  0x08007445   Thumb Code   184  tcp.o(.text)
    tcp_eff_send_mss                         0x080074fd   Thumb Code    46  tcp.o(.text)
    tcp_next_iss                             0x0800752b   Thumb Code    20  tcp.o(.text)
    tcp_connect                              0x0800753f   Thumb Code   294  tcp.o(.text)
    tcp_setprio                              0x08007665   Thumb Code     4  tcp.o(.text)
    tcp_seg_copy                             0x08007669   Thumb Code    38  tcp.o(.text)
    tcp_alloc                                0x08007711   Thumb Code   202  tcp.o(.text)
    tcp_new                                  0x080077db   Thumb Code    10  tcp.o(.text)
    tcp_arg                                  0x080077e5   Thumb Code     4  tcp.o(.text)
    tcp_recv                                 0x080077e9   Thumb Code     6  tcp.o(.text)
    tcp_sent                                 0x080077ef   Thumb Code     6  tcp.o(.text)
    tcp_err                                  0x080077f5   Thumb Code     6  tcp.o(.text)
    tcp_accept                               0x080077fb   Thumb Code     4  tcp.o(.text)
    tcp_poll                                 0x080077ff   Thumb Code    10  tcp.o(.text)
    tcp_debug_state_str                      0x08007809   Thumb Code    10  tcp.o(.text)
    tcp_input                                0x08008a23   Thumb Code  1324  tcp_in.o(.text)
    tcp_enqueue                              0x0800900b   Thumb Code   986  tcp_out.o(.text)
    tcp_send_ctrl                            0x080093e5   Thumb Code    28  tcp_out.o(.text)
    tcp_write                                0x08009401   Thumb Code    72  tcp_out.o(.text)
    tcp_send_empty_ack                       0x08009449   Thumb Code   118  tcp_out.o(.text)
    tcp_output                               0x080095a5   Thumb Code   462  tcp_out.o(.text)
    tcp_rst                                  0x08009773   Thumb Code   198  tcp_out.o(.text)
    tcp_rexmit_rto                           0x08009839   Thumb Code    58  tcp_out.o(.text)
    tcp_rexmit                               0x08009873   Thumb Code    80  tcp_out.o(.text)
    tcp_rexmit_fast                          0x080098c3   Thumb Code   132  tcp_out.o(.text)
    tcp_keepalive                            0x08009947   Thumb Code   110  tcp_out.o(.text)
    tcp_zero_window_probe                    0x080099b5   Thumb Code   196  tcp_out.o(.text)
    udp_input                                0x08009a7d   Thumb Code   562  udp.o(.text)
    udp_bind                                 0x08009caf   Thumb Code   102  udp.o(.text)
    udp_sendto_if                            0x08009d15   Thumb Code   248  udp.o(.text)
    udp_sendto                               0x08009e0d   Thumb Code    62  udp.o(.text)
    udp_send                                 0x08009e4b   Thumb Code    20  udp.o(.text)
    udp_connect                              0x08009e5f   Thumb Code   104  udp.o(.text)
    udp_disconnect                           0x08009ec7   Thumb Code    28  udp.o(.text)
    udp_recv                                 0x08009ee3   Thumb Code     6  udp.o(.text)
    udp_remove                               0x08009ee9   Thumb Code    60  udp.o(.text)
    udp_new                                  0x08009f25   Thumb Code    28  udp.o(.text)
    icmp_input                               0x08009f49   Thumb Code   524  icmp.o(.text)
    icmp_dest_unreach                        0x0800a1cb   Thumb Code    18  icmp.o(.text)
    icmp_time_exceeded                       0x0800a1dd   Thumb Code    18  icmp.o(.text)
    htonl                                    0x0800a1f5   Thumb Code    26  inet.o(.text)
    inet_aton                                0x0800a20f   Thumb Code   336  inet.o(.text)
    inet_addr                                0x0800a35f   Thumb Code    24  inet.o(.text)
    inet_ntoa                                0x0800a377   Thumb Code   112  inet.o(.text)
    htons                                    0x0800a3e7   Thumb Code    12  inet.o(.text)
    ntohs                                    0x0800a3f3   Thumb Code    12  inet.o(.text)
    ntohl                                    0x0800a3ff   Thumb Code    12  inet.o(.text)
    inet_chksum_pseudo                       0x0800a45b   Thumb Code   162  inet_chksum.o(.text)
    inet_chksum                              0x0800a4fd   Thumb Code    20  inet_chksum.o(.text)
    inet_chksum_pbuf                         0x0800a511   Thumb Code    86  inet_chksum.o(.text)
    ip_route                                 0x0800a569   Thumb Code    86  ip.o(.text)
    ip_input                                 0x0800a685   Thumb Code   596  ip.o(.text)
    ip_output_if                             0x0800a8d9   Thumb Code   306  ip.o(.text)
    ip_output                                0x0800aa0b   Thumb Code    70  ip.o(.text)
    ip_addr_isbroadcast                      0x0800aa59   Thumb Code    78  ip_addr.o(.text)
    ip_reass_tmr                             0x0800ab3d   Thumb Code    48  ip_frag.o(.text)
    ip_reass                                 0x0800ad83   Thumb Code   482  ip_frag.o(.text)
    ip_frag                                  0x0800af65   Thumb Code   336  ip_frag.o(.text)
    vlwIPInit                                0x0800b0c1   Thumb Code    24  lwipentry.o(.text)
    LwIPEntry                                0x0800b0d9   Thumb Code   106  lwipentry.o(.text)
    netconn_new_with_proto_and_callback      0x0800b149   Thumb Code    72  api_lib.o(.text)
    netconn_delete                           0x0800b191   Thumb Code    40  api_lib.o(.text)
    netconn_getaddr                          0x0800b1b9   Thumb Code    40  api_lib.o(.text)
    netconn_bind                             0x0800b1e1   Thumb Code    36  api_lib.o(.text)
    netconn_connect                          0x0800b205   Thumb Code    36  api_lib.o(.text)
    netconn_disconnect                       0x0800b229   Thumb Code    26  api_lib.o(.text)
    netconn_listen_with_backlog              0x0800b243   Thumb Code    28  api_lib.o(.text)
    netconn_accept                           0x0800b25f   Thumb Code    32  api_lib.o(.text)
    netconn_recv                             0x0800b27f   Thumb Code   284  api_lib.o(.text)
    netconn_send                             0x0800b39b   Thumb Code    30  api_lib.o(.text)
    netconn_sendto                           0x0800b3b9   Thumb Code    36  api_lib.o(.text)
    netconn_write                            0x0800b3dd   Thumb Code    40  api_lib.o(.text)
    netconn_close                            0x0800b405   Thumb Code    26  api_lib.o(.text)
    netconn_gethostbyname                    0x0800b41f   Thumb Code    64  api_lib.o(.text)
    netconn_free                             0x0800b8bb   Thumb Code   114  api_msg.o(.text)
    netconn_alloc                            0x0800b92d   Thumb Code   106  api_msg.o(.text)
    do_newconn                               0x0800ba93   Thumb Code    26  api_msg.o(.text)
    do_delconn                               0x0800baad   Thumb Code   126  api_msg.o(.text)
    do_bind                                  0x0800bb2b   Thumb Code   114  api_msg.o(.text)
    do_connect                               0x0800bbd1   Thumb Code   156  api_msg.o(.text)
    do_disconnect                            0x0800bc6d   Thumb Code    34  api_msg.o(.text)
    do_listen                                0x0800bc8f   Thumb Code   160  api_msg.o(.text)
    do_send                                  0x0800bd2f   Thumb Code   144  api_msg.o(.text)
    do_recv                                  0x0800bdbf   Thumb Code    50  api_msg.o(.text)
    do_write                                 0x0800bdf1   Thumb Code    72  api_msg.o(.text)
    do_getaddr                               0x0800be39   Thumb Code   172  api_msg.o(.text)
    do_close                                 0x0800bee5   Thumb Code    48  api_msg.o(.text)
    do_gethostbyname                         0x0800bf41   Thumb Code    40  api_msg.o(.text)
    netbuf_new                               0x0800bf75   Thumb Code    30  netbuf.o(.text)
    netbuf_delete                            0x0800bf93   Thumb Code    32  netbuf.o(.text)
    netbuf_alloc                             0x0800bfb3   Thumb Code    46  netbuf.o(.text)
    netbuf_free                              0x0800bfe1   Thumb Code    22  netbuf.o(.text)
    netbuf_ref                               0x0800bff7   Thumb Code    62  netbuf.o(.text)
    netbuf_chain                             0x0800c035   Thumb Code    28  netbuf.o(.text)
    netbuf_data                              0x0800c051   Thumb Code    28  netbuf.o(.text)
    netbuf_next                              0x0800c06d   Thumb Code    34  netbuf.o(.text)
    netbuf_first                             0x0800c08f   Thumb Code     6  netbuf.o(.text)
    tcp_timer_needed                         0x0800c0bd   Thumb Code    38  tcpip.o(.text)
    tcpip_input                              0x0800c1f7   Thumb Code    72  tcpip.o(.text)
    tcpip_callback_with_block                0x0800c23f   Thumb Code    92  tcpip.o(.text)
    tcpip_timeout                            0x0800c29b   Thumb Code    64  tcpip.o(.text)
    tcpip_untimeout                          0x0800c2db   Thumb Code    56  tcpip.o(.text)
    tcpip_apimsg                             0x0800c313   Thumb Code    52  tcpip.o(.text)
    tcpip_init                               0x0800c347   Thumb Code    44  tcpip.o(.text)
    pbuf_free_callback                       0x0800c381   Thumb Code    16  tcpip.o(.text)
    mem_free_callback                        0x0800c391   Thumb Code    16  tcpip.o(.text)
    __aeabi_memcpy                           0x0800c3e5   Thumb Code    36  memcpya.o(.text)
    __aeabi_memcpy4                          0x0800c3e5   Thumb Code     0  memcpya.o(.text)
    __aeabi_memcpy8                          0x0800c3e5   Thumb Code     0  memcpya.o(.text)
    __aeabi_memset                           0x0800c409   Thumb Code    14  memseta.o(.text)
    __aeabi_memset4                          0x0800c409   Thumb Code     0  memseta.o(.text)
    __aeabi_memset8                          0x0800c409   Thumb Code     0  memseta.o(.text)
    __aeabi_memclr                           0x0800c417   Thumb Code     4  memseta.o(.text)
    __aeabi_memclr4                          0x0800c417   Thumb Code     0  memseta.o(.text)
    __aeabi_memclr8                          0x0800c417   Thumb Code     0  memseta.o(.text)
    _memset$wrapper                          0x0800c41b   Thumb Code    18  memseta.o(.text)
    strlen                                   0x0800c42d   Thumb Code    14  strlen.o(.text)
    strcmp                                   0x0800c43b   Thumb Code    28  strcmp.o(.text)
    strcpy                                   0x0800c457   Thumb Code    18  strcpy.o(.text)
    __aeabi_fadd                             0x0800c469   Thumb Code   164  fadd.o(.text)
    __aeabi_fsub                             0x0800c50d   Thumb Code     6  fadd.o(.text)
    __aeabi_frsub                            0x0800c513   Thumb Code     6  fadd.o(.text)
    __aeabi_fmul                             0x0800c519   Thumb Code   100  fmul.o(.text)
    __aeabi_dadd                             0x0800c57d   Thumb Code   322  dadd.o(.text)
    __aeabi_dsub                             0x0800c6bf   Thumb Code     6  dadd.o(.text)
    __aeabi_drsub                            0x0800c6c5   Thumb Code     6  dadd.o(.text)
    __aeabi_ddiv                             0x0800c6cb   Thumb Code   222  ddiv.o(.text)
    __aeabi_ui2f                             0x0800c7a9   Thumb Code    10  ffltui.o(.text)
    __aeabi_f2d                              0x0800c7b3   Thumb Code    38  f2d.o(.text)
    __aeabi_d2f                              0x0800c7d9   Thumb Code    56  d2f.o(.text)
    __aeabi_uidiv                            0x0800c811   Thumb Code     0  uidiv.o(.text)
    __aeabi_uidivmod                         0x0800c811   Thumb Code    44  uidiv.o(.text)
    __aeabi_uldivmod                         0x0800c83d   Thumb Code    98  uldiv.o(.text)
    __aeabi_llsl                             0x0800c89f   Thumb Code    30  llshl.o(.text)
    _ll_shift_l                              0x0800c89f   Thumb Code     0  llshl.o(.text)
    __aeabi_lasr                             0x0800c8bd   Thumb Code    36  llsshr.o(.text)
    _ll_sshift_r                             0x0800c8bd   Thumb Code     0  llsshr.o(.text)
    __I$use$fp                               0x0800c8e1   Thumb Code     0  iusefp.o(.text)
    _float_round                             0x0800c8e1   Thumb Code    18  fepilogue.o(.text)
    _float_epilogue                          0x0800c8f3   Thumb Code    92  fepilogue.o(.text)
    _double_round                            0x0800c94f   Thumb Code    26  depilogue.o(.text)
    _double_epilogue                         0x0800c969   Thumb Code   156  depilogue.o(.text)
    __aeabi_dmul                             0x0800ca05   Thumb Code   228  dmul.o(.text)
    __aeabi_d2ulz                            0x0800cae9   Thumb Code    48  dfixul.o(.text)
    __aeabi_cdrcmple                         0x0800cb19   Thumb Code    38  cdrcmple.o(.text)
    __scatterload                            0x0800cb41   Thumb Code    28  init.o(.text)
    __scatterload_rt2                        0x0800cb41   Thumb Code     0  init.o(.text)
    __aeabi_llsr                             0x0800cb65   Thumb Code    32  llushr.o(.text)
    _ll_ushift_r                             0x0800cb65   Thumb Code     0  llushr.o(.text)
    __decompress                             0x0800cb85   Thumb Code     0  __dczerorl2.o(.text)
    __decompress1                            0x0800cb85   Thumb Code    86  __dczerorl2.o(.text)
    __0vsprintf                              0x0800cbdd   Thumb Code    30  printfa.o(i.__0vsprintf)
    __1vsprintf                              0x0800cbdd   Thumb Code     0  printfa.o(i.__0vsprintf)
    __2vsprintf                              0x0800cbdd   Thumb Code     0  printfa.o(i.__0vsprintf)
    __c89vsprintf                            0x0800cbdd   Thumb Code     0  printfa.o(i.__0vsprintf)
    vsprintf                                 0x0800cbdd   Thumb Code     0  printfa.o(i.__0vsprintf)
    __scatterload_copy                       0x0800cc01   Thumb Code    14  handlers.o(i.__scatterload_copy)
    __scatterload_null                       0x0800cc0f   Thumb Code     2  handlers.o(i.__scatterload_null)
    __scatterload_zeroinit                   0x0800cc11   Thumb Code    14  handlers.o(i.__scatterload_zeroinit)
    bsp_74hc595_set_DATA                     0x0800d4bd   Thumb Code    22  app_display.o(i.bsp_74hc595_set_DATA)
    bsp_74hc595_set_LOCK                     0x0800d4d9   Thumb Code    22  app_display.o(i.bsp_74hc595_set_LOCK)
    bsp_74hc595_set_OE                       0x0800d4f5   Thumb Code    20  app_display.o(i.bsp_74hc595_set_OE)
    bsp_74hc595_set_OFFSET                   0x0800d50d   Thumb Code    22  app_display.o(i.bsp_74hc595_set_OFFSET)
    ethbroadcast                             0x0800d53a   Data           6  etharp.o(.constdata)
    ethzero                                  0x0800d540   Data           6  etharp.o(.constdata)
    tcp_backoff                              0x0800d57e   Data          13  tcp.o(.constdata)
    tcp_persist_backoff                      0x0800d58b   Data           7  tcp.o(.constdata)
    ip_addr_any                              0x0800d592   Data           4  ip_addr.o(.constdata)
    ip_addr_broadcast                        0x0800d596   Data           4  ip_addr.o(.constdata)
    Region$$Table$$Base                      0x0800d68c   Number         0  anon$$obj.o(Region$$Table)
    Region$$Table$$Limit                     0x0800d6ac   Number         0  anon$$obj.o(Region$$Table)
    TCPTimer                                 0x20000000   Data           4  netconfig.o(.data)
    DNSTimer                                 0x20000004   Data           4  netconfig.o(.data)
    ARPTimer                                 0x20000008   Data           4  netconfig.o(.data)
    DHCPfineTimer                            0x2000000c   Data           4  netconfig.o(.data)
    DHCPcoarseTimer                          0x20000010   Data           4  netconfig.o(.data)
    m_mac                                    0x20000014   Data           6  netconfig.o(.data)
    serverIP                                 0x2000001a   Data           4  netconfig.o(.data)
    maskIP                                   0x2000001e   Data           4  netconfig.o(.data)
    gateIP                                   0x20000022   Data           4  netconfig.o(.data)
    serverPORT                               0x20000026   Data           2  netconfig.o(.data)
    global_udppcb                            0x20000028   Data           4  netconfig.o(.data)
    hum                                      0x20000034   Data           4  app_sht10.o(.data)
    temp                                     0x20000038   Data           4  app_sht10.o(.data)
    pxCurrentTCB                             0x20000054   Data           4  tasks.o(.data)
    netif_list                               0x200000d0   Data           4  netif.o(.data)
    netif_default                            0x200000d4   Data           4  netif.o(.data)
    tcp_state_str                            0x200000e0   Data          44  tcp.o(.data)
    tcp_ticks                                0x2000010c   Data           4  tcp.o(.data)
    tcp_bound_pcbs                           0x20000110   Data           4  tcp.o(.data)
    tcp_listen_pcbs                          0x20000114   Data           4  tcp.o(.data)
    tcp_active_pcbs                          0x20000118   Data           4  tcp.o(.data)
    tcp_tw_pcbs                              0x2000011c   Data           4  tcp.o(.data)
    tcp_tmp_pcb                              0x20000120   Data           4  tcp.o(.data)
    tcp_input_pcb                            0x20000148   Data           4  tcp_in.o(.data)
    udp_pcbs                                 0x2000014c   Data           4  udp.o(.data)
    current_netif                            0x20000150   Data           4  ip.o(.data)
    current_header                           0x20000154   Data           4  ip.o(.data)
    DM9000AEP                                0x20000180   Data          48  netconfig.o(.bss)
    udpstr                                   0x200001b0   Data          50  netconfig.o(.bss)
    Rx_Data_Buf                              0x20004740   Data        1516  ethernetif.o(.bss)
    Tx_Data_Buf                              0x20004d2c   Data        1516  ethernetif.o(.bss)
    lwip_stats                               0x20009280   Data         330  stats.o(.bss)
    __initial_sp                             0x20009fc8   Data           0  cstartup.o(STACK)



==============================================================================

Memory Map of the image

  Image Entry point : 0x080000ed

  Load Region LR_IROM1 (Base: 0x08000000, Size: 0x0000d820, Max: 0x00040000, ABSOLUTE, COMPRESSED[0x0000d6f4])

    Execution Region ER_IROM1 (Base: 0x08000000, Size: 0x0000d6ac, Max: 0x00040000, ABSOLUTE)

    Base Addr    Size         Type   Attr      Idx    E Section Name        Object

    0x08000000   0x000000ec   Data   RO          548    RESET               cstartup.o
    0x080000ec   0x00000000   Code   RO         1753  * .ARM.Collect$$$$00000000  mc_w.l(entry.o)
    0x080000ec   0x00000004   Code   RO         1812    .ARM.Collect$$$$00000001  mc_w.l(entry2.o)
    0x080000f0   0x00000004   Code   RO         1815    .ARM.Collect$$$$00000004  mc_w.l(entry5.o)
    0x080000f4   0x00000000   Code   RO         1817    .ARM.Collect$$$$00000008  mc_w.l(entry7b.o)
    0x080000f4   0x00000000   Code   RO         1819    .ARM.Collect$$$$0000000A  mc_w.l(entry8b.o)
    0x080000f4   0x00000008   Code   RO         1820    .ARM.Collect$$$$0000000B  mc_w.l(entry9a.o)
    0x080000fc   0x00000000   Code   RO         1822    .ARM.Collect$$$$0000000D  mc_w.l(entry10a.o)
    0x080000fc   0x00000000   Code   RO         1824    .ARM.Collect$$$$0000000F  mc_w.l(entry11a.o)
    0x080000fc   0x00000004   Code   RO         1813    .ARM.Collect$$$$00002712  mc_w.l(entry2.o)
    0x08000100   0x00000096   Code   RO          793    .emb_text           port.o
    0x08000196   0x00000002   PAD
    0x08000198   0x000000f4   Code   RO            3    .text               main.o
    0x0800028c   0x000000d0   Code   RO          200    .text               app_led.o
    0x0800035c   0x0000011c   Code   RO          237    .text               netconfig.o
    0x08000478   0x00000220   Code   RO          314    .text               app_serial.o
    0x08000698   0x000001e4   Code   RO          361    .text               app_display.o
    0x0800087c   0x00000214   Code   RO          417    .text               app_sht10.o
    0x08000a90   0x000005cc   Code   RO          456    .text               app_ds3231.o
    0x0800105c   0x000001e4   Code   RO          482    .text               bsp.o
    0x08001240   0x00000508   Code   RO          502    .text               dm9000x.o
    0x08001748   0x000006bc   Code   RO          526    .text               i2c_bus.o
    0x08001e04   0x0000001c   Code   RO          549    .text               cstartup.o
    0x08001e20   0x0000035c   Code   RO          555    .text               stm32f10x_gpio.o
    0x0800217c   0x000003a4   Code   RO          575    .text               stm32f10x_rcc.o
    0x08002520   0x000000dc   Code   RO          623    .text               misc.o
    0x080025fc   0x00000408   Code   RO          643    .text               stm32f10x_usart.o
    0x08002a04   0x0000011c   Code   RO          663    .text               stm32f10x_exti.o
    0x08002b20   0x00000094   Code   RO          729    .text               list.o
    0x08002bb4   0x00000724   Code   RO          741    .text               queue.o
    0x080032d8   0x00001328   Code   RO          756    .text               tasks.o
    0x08004600   0x000000e4   Code   RO          794    .text               port.o
    0x080046e4   0x00000124   Code   RO          823    .text               heap_2.o
    0x08004808   0x00000138   Code   RO          840    .text               ethernetif.o
    0x08004940   0x000002ec   Code   RO          880    .text               sys_arch.o
    0x08004c2c   0x00000994   Code   RO          926    .text               etharp.o
    0x080055c0   0x000005a4   Code   RO         1012    .text               dns.o
    0x08005b64   0x00000426   Code   RO         1064    .text               mem.o
    0x08005f8a   0x00000002   PAD
    0x08005f8c   0x0000017c   Code   RO         1082    .text               memp.o
    0x08006108   0x00000204   Code   RO         1115    .text               netif.o
    0x0800630c   0x00000536   Code   RO         1137    .text               pbuf.o
    0x08006842   0x00000002   PAD
    0x08006844   0x0000019c   Code   RO         1163    .text               raw.o
    0x080069e0   0x0000024c   Code   RO         1189    .text               sys.o
    0x08006c2c   0x00000c08   Code   RO         1210    .text               tcp.o
    0x08007834   0x0000174c   Code   RO         1231    .text               tcp_in.o
    0x08008f80   0x00000afc   Code   RO         1254    .text               tcp_out.o
    0x08009a7c   0x000004cc   Code   RO         1266    .text               udp.o
    0x08009f48   0x000002ac   Code   RO         1284    .text               icmp.o
    0x0800a1f4   0x0000021c   Code   RO         1302    .text               inet.o
    0x0800a410   0x00000156   Code   RO         1315    .text               inet_chksum.o
    0x0800a566   0x00000002   PAD
    0x0800a568   0x000004f0   Code   RO         1331    .text               ip.o
    0x0800aa58   0x0000004e   Code   RO         1352    .text               ip_addr.o
    0x0800aaa6   0x00000002   PAD
    0x0800aaa8   0x00000618   Code   RO         1374    .text               ip_frag.o
    0x0800b0c0   0x00000088   Code   RO         1391    .text               lwipentry.o
    0x0800b148   0x00000348   Code   RO         1474    .text               api_lib.o
    0x0800b490   0x00000ae4   Code   RO         1521    .text               api_msg.o
    0x0800bf74   0x00000120   Code   RO         1582    .text               netbuf.o
    0x0800c094   0x00000350   Code   RO         1696    .text               tcpip.o
    0x0800c3e4   0x00000024   Code   RO         1756    .text               mc_w.l(memcpya.o)
    0x0800c408   0x00000024   Code   RO         1758    .text               mc_w.l(memseta.o)
    0x0800c42c   0x0000000e   Code   RO         1760    .text               mc_w.l(strlen.o)
    0x0800c43a   0x0000001c   Code   RO         1762    .text               mc_w.l(strcmp.o)
    0x0800c456   0x00000012   Code   RO         1764    .text               mc_w.l(strcpy.o)
    0x0800c468   0x000000b0   Code   RO         1798    .text               mf_w.l(fadd.o)
    0x0800c518   0x00000064   Code   RO         1800    .text               mf_w.l(fmul.o)
    0x0800c57c   0x0000014e   Code   RO         1802    .text               mf_w.l(dadd.o)
    0x0800c6ca   0x000000de   Code   RO         1804    .text               mf_w.l(ddiv.o)
    0x0800c7a8   0x0000000a   Code   RO         1806    .text               mf_w.l(ffltui.o)
    0x0800c7b2   0x00000026   Code   RO         1808    .text               mf_w.l(f2d.o)
    0x0800c7d8   0x00000038   Code   RO         1810    .text               mf_w.l(d2f.o)
    0x0800c810   0x0000002c   Code   RO         1829    .text               mc_w.l(uidiv.o)
    0x0800c83c   0x00000062   Code   RO         1831    .text               mc_w.l(uldiv.o)
    0x0800c89e   0x0000001e   Code   RO         1833    .text               mc_w.l(llshl.o)
    0x0800c8bc   0x00000024   Code   RO         1835    .text               mc_w.l(llsshr.o)
    0x0800c8e0   0x00000000   Code   RO         1846    .text               mc_w.l(iusefp.o)
    0x0800c8e0   0x0000006e   Code   RO         1847    .text               mf_w.l(fepilogue.o)
    0x0800c94e   0x000000b6   Code   RO         1849    .text               mf_w.l(depilogue.o)
    0x0800ca04   0x000000e4   Code   RO         1851    .text               mf_w.l(dmul.o)
    0x0800cae8   0x00000030   Code   RO         1853    .text               mf_w.l(dfixul.o)
    0x0800cb18   0x00000028   Code   RO         1855    .text               mf_w.l(cdrcmple.o)
    0x0800cb40   0x00000024   Code   RO         1857    .text               mc_w.l(init.o)
    0x0800cb64   0x00000020   Code   RO         1860    .text               mc_w.l(llushr.o)
    0x0800cb84   0x00000056   Code   RO         1903    .text               mc_w.l(__dczerorl2.o)
    0x0800cbda   0x00000002   PAD
    0x0800cbdc   0x00000024   Code   RO         1775    i.__0vsprintf       mc_w.l(printfa.o)
    0x0800cc00   0x0000000e   Code   RO         1897    i.__scatterload_copy  mc_w.l(handlers.o)
    0x0800cc0e   0x00000002   Code   RO         1898    i.__scatterload_null  mc_w.l(handlers.o)
    0x0800cc10   0x0000000e   Code   RO         1899    i.__scatterload_zeroinit  mc_w.l(handlers.o)
    0x0800cc1e   0x00000002   PAD
    0x0800cc20   0x00000164   Code   RO         1776    i._fp_digits        mc_w.l(printfa.o)
    0x0800cd84   0x000006dc   Code   RO         1777    i._printf_core      mc_w.l(printfa.o)
    0x0800d460   0x00000024   Code   RO         1778    i._printf_post_padding  mc_w.l(printfa.o)
    0x0800d484   0x0000002e   Code   RO         1779    i._printf_pre_padding  mc_w.l(printfa.o)
    0x0800d4b2   0x0000000a   Code   RO         1781    i._sputc            mc_w.l(printfa.o)
    0x0800d4bc   0x0000001c   Code   RO          391    i.bsp_74hc595_set_DATA  app_display.o
    0x0800d4d8   0x0000001c   Code   RO          381    i.bsp_74hc595_set_LOCK  app_display.o
    0x0800d4f4   0x00000018   Code   RO          376    i.bsp_74hc595_set_OE  app_display.o
    0x0800d50c   0x0000001c   Code   RO          386    i.bsp_74hc595_set_OFFSET  app_display.o
    0x0800d528   0x00000006   Data   RO          201    .constdata          app_led.o
    0x0800d52e   0x0000000c   Data   RO          457    .constdata          app_ds3231.o
    0x0800d53a   0x0000000c   Data   RO          928    .constdata          etharp.o
    0x0800d546   0x00000038   Data   RO         1084    .constdata          memp.o
    0x0800d57e   0x00000014   Data   RO         1211    .constdata          tcp.o
    0x0800d592   0x00000008   Data   RO         1353    .constdata          ip_addr.o
    0x0800d59a   0x00000002   PAD
    0x0800d59c   0x00000075   Data   RO         1212    .conststring        tcp.o
    0x0800d611   0x00000003   PAD
    0x0800d614   0x00000078   Data   RO         1392    .conststring        lwipentry.o
    0x0800d68c   0x00000020   Data   RO         1895    Region$$Table       anon$$obj.o


    Execution Region RW_IRAM1 (Base: 0x20000000, Size: 0x00009fc8, Max: 0x0000c000, ABSOLUTE, COMPRESSED[0x00000048])

    Base Addr    Size         Type   Attr      Idx    E Section Name        Object

    0x20000000   0x0000002c   Data   RW          239    .data               netconfig.o
    0x2000002c   0x00000008   Data   RW          315    .data               app_serial.o
    0x20000034   0x00000008   Data   RW          418    .data               app_sht10.o
    0x2000003c   0x00000004   Data   RW          458    .data               app_ds3231.o
    0x20000040   0x00000014   Data   RW          576    .data               stm32f10x_rcc.o
    0x20000054   0x0000003c   Data   RW          758    .data               tasks.o
    0x20000090   0x00000004   Data   RW          795    .data               port.o
    0x20000094   0x00000018   Data   RW          825    .data               heap_2.o
    0x200000ac   0x00000002   Data   RW          882    .data               sys_arch.o
    0x200000ae   0x00000001   Data   RW          929    .data               etharp.o
    0x200000af   0x00000001   PAD
    0x200000b0   0x0000000d   Data   RW         1014    .data               dns.o
    0x200000bd   0x00000003   PAD
    0x200000c0   0x00000010   Data   RW         1066    .data               mem.o
    0x200000d0   0x00000009   Data   RW         1116    .data               netif.o
    0x200000d9   0x00000001   Data   RW         1138    .data               pbuf.o
    0x200000da   0x00000002   PAD
    0x200000dc   0x00000004   Data   RW         1164    .data               raw.o
    0x200000e0   0x0000004c   Data   RW         1213    .data               tcp.o
    0x2000012c   0x00000020   Data   RW         1233    .data               tcp_in.o
    0x2000014c   0x00000004   Data   RW         1267    .data               udp.o
    0x20000150   0x0000000a   Data   RW         1332    .data               ip.o
    0x2000015a   0x00000002   PAD
    0x2000015c   0x00000006   Data   RW         1376    .data               ip_frag.o
    0x20000162   0x00000002   PAD
    0x20000164   0x00000010   Data   RW         1697    .data               tcpip.o
    0x20000174   0x0000000c   Zero   RW            4    .bss                main.o
    0x20000180   0x00000062   Zero   RW          238    .bss                netconfig.o
    0x200001e2   0x00000002   PAD
    0x200001e4   0x00000030   Zero   RW          527    .bss                i2c_bus.o
    0x20000214   0x0000012c   Zero   RW          757    .bss                tasks.o
    0x20000340   0x00004400   Zero   RW          824    .bss                heap_2.o
    0x20004740   0x00000bd8   Zero   RW          841    .bss                ethernetif.o
    0x20005318   0x00000028   Zero   RW          881    .bss                sys_arch.o
    0x20005340   0x000000c8   Zero   RW          927    .bss                etharp.o
    0x20005408   0x00000660   Zero   RW         1013    .bss                dns.o
    0x20005a68   0x000007e4   Zero   RW         1065    .bss                mem.o
    0x2000624c   0x00003033   Zero   RW         1083    .bss                memp.o
    0x2000927f   0x00000001   PAD
    0x20009280   0x0000014a   Zero   RW         1177    .bss                stats.o
    0x200093ca   0x00000002   PAD
    0x200093cc   0x00000014   Zero   RW         1232    .bss                tcp_in.o
    0x200093e0   0x00000010   Zero   RW         1303    .bss                inet.o
    0x200093f0   0x000007d4   Zero   RW         1375    .bss                ip_frag.o
    0x20009bc4   0x00000004   PAD
    0x20009bc8   0x00000400   Zero   RW          546    STACK               cstartup.o


==============================================================================

Image component sizes


      Code (inc. data)   RO Data    RW Data    ZI Data      Debug   Object Name

       840         50          0          0          0      19572   api_lib.o
      2788         38          0          0          0      26003   api_msg.o
       592         30          0          0          0       5140   app_display.o
      1484         46         12          4          0       6519   app_ds3231.o
       208          8          6          0          0       1314   app_led.o
       544         32          0          8          0       8946   app_serial.o
       532         80          0          8          0       3233   app_sht10.o
       484         18          0          0          0       1371   bsp.o
        28          4        236          0       1024        784   cstartup.o
      1288         82          0          0          0       4614   dm9000x.o
      1444         58          0         13       1632       6133   dns.o
      2452         38         12          1        200      17585   etharp.o
       312         26          0          0       3032       5295   ethernetif.o
         0          0          0          0          0       9524   event_groups.o
       292         20          0         24      17408       3132   heap_2.o
      1724         18          0          0         48       4929   i2c_bus.o
       684          6          0          0          0       2526   icmp.o
       540         12          0          0         16       3132   inet.o
       342          0          0          0          0       5158   inet_chksum.o
         0          0          0          0          0        664   init.o
      1264         28          0         10          0       6222   ip.o
        78          0          8          0          0       5413   ip_addr.o
      1560         24          0          6       2004       5788   ip_frag.o
       148          0          0          0          0       1806   list.o
       136          6        120          0          0      18441   lwipentry.o
       244        100          0          0         12     253175   main.o
      1062         24          0         16       2020       3818   mem.o
       380         20         56          0      12339       3014   memp.o
       220         22          0          0          0       1753   misc.o
       288          0          0          0          0       6413   netbuf.o
       284         30          0         44         98      15289   netconfig.o
       516         22          0          9          0       5236   netif.o
      1334         12          0          1          0       6092   pbuf.o
       378         28          0          4          0       6980   port.o
      1828         10          0          0          0      11195   queue.o
       412          4          0          4          0       3313   raw.o
         0          0          0          0        330       3317   stats.o
       284         10          0          0          0       2183   stm32f10x_exti.o
       860         38          0          0          0       5593   stm32f10x_gpio.o
       932         36          0         20          0       8748   stm32f10x_rcc.o
      1032         22          0          0          0       8320   stm32f10x_usart.o
       588          4          0          0          0       3232   sys.o
       748         12          0          2         40       8686   sys_arch.o
      4904        302          0         60        300      29563   tasks.o
      3080        120        137         76          0      18069   tcp.o
      5964        248          0         32         20      14168   tcp_in.o
      2812         26          0          0          0       6886   tcp_out.o
       848         74          0         16          0      20856   tcpip.o
      1228         16          0          4          0       6233   udp.o

    ----------------------------------------------------------------------
     50000       1804        624        372      40532     625376   Object Totals
         0          0         32          0          0          0   (incl. Generated)
        10          0          5         10          9          0   (incl. Padding)

    ----------------------------------------------------------------------

      Code (inc. data)   RO Data    RW Data    ZI Data      Debug   Library Member Name

        86          0          0          0          0          0   __dczerorl2.o
         0          0          0          0          0          0   entry.o
         0          0          0          0          0          0   entry10a.o
         0          0          0          0          0          0   entry11a.o
         8          4          0          0          0          0   entry2.o
         4          0          0          0          0          0   entry5.o
         0          0          0          0          0          0   entry7b.o
         0          0          0          0          0          0   entry8b.o
         8          4          0          0          0          0   entry9a.o
        30          0          0          0          0          0   handlers.o
        36          8          0          0          0         68   init.o
         0          0          0          0          0          0   iusefp.o
        30          0          0          0          0         68   llshl.o
        36          0          0          0          0         68   llsshr.o
        32          0          0          0          0         68   llushr.o
        36          0          0          0          0         68   memcpya.o
        36          0          0          0          0        108   memseta.o
      2240         86          0          0          0        508   printfa.o
        28          0          0          0          0         76   strcmp.o
        18          0          0          0          0         68   strcpy.o
        14          0          0          0          0         68   strlen.o
        44          0          0          0          0         80   uidiv.o
        98          0          0          0          0         92   uldiv.o
        40          2          0          0          0         68   cdrcmple.o
        56          0          0          0          0         88   d2f.o
       334          0          0          0          0        148   dadd.o
       222          0          0          0          0        100   ddiv.o
       182          0          0          0          0        176   depilogue.o
        48          0          0          0          0         68   dfixul.o
       228          0          0          0          0         96   dmul.o
        38          0          0          0          0         68   f2d.o
       176          0          0          0          0        140   fadd.o
       110          0          0          0          0        168   fepilogue.o
        10          0          0          0          0         68   ffltui.o
       100          0          0          0          0         76   fmul.o

    ----------------------------------------------------------------------
      4332        104          0          0          0       2604   Library Totals
         4          0          0          0          0          0   (incl. Padding)

    ----------------------------------------------------------------------

      Code (inc. data)   RO Data    RW Data    ZI Data      Debug   Library Name

      2784        102          0          0          0       1340   mc_w.l
      1544          2          0          0          0       1264   mf_w.l

    ----------------------------------------------------------------------
      4332        104          0          0          0       2604   Library Totals

    ----------------------------------------------------------------------

==============================================================================


      Code (inc. data)   RO Data    RW Data    ZI Data      Debug   

     54332       1908        624        372      40532     622752   Grand Totals
     54332       1908        624         72      40532     622752   ELF Image Totals (compressed)
     54332       1908        624         72          0          0   ROM Totals

==============================================================================

    Total RO  Size (Code + RO Data)                54956 (  53.67kB)
    Total RW  Size (RW Data + ZI Data)             40904 (  39.95kB)
    Total ROM Size (Code + RO Data + RW Data)      55028 (  53.74kB)

==============================================================================

