Product: MDK-ARM Standard 5.10
Component: ARM Compiler 5.04 update 1 (build 49)
Tool: armlink [5040049]

==============================================================================

Section Cross References

    main.o(.text) refers to bsp.o(.text) for bsp_init
    main.o(.text) refers to lwipentry.o(.text) for vlwIPInit
    main.o(.text) refers to netconfig.o(.text) for LwIP_Init
    main.o(.text) refers to queue.o(.text) for xQueueGenericCreate
    main.o(.text) refers to sys_arch.o(.text) for sys_thread_new
    main.o(.text) refers to tasks.o(.text) for xTaskCreate
    main.o(.text) refers to app_display.o(.text) for app_dispaly_task
    main.o(.text) refers to app_led.o(.text) for app_led_task_blink
    app_led.o(.text) refers to stm32f10x_rcc.o(.text) for RCC_APB2PeriphClockCmd
    app_led.o(.text) refers to stm32f10x_gpio.o(.text) for GPIO_Init
    app_led.o(.text) refers to tasks.o(.text) for xTaskGetTickCount
    app_led.o(.text) refers to memseta.o(.text) for __aeabi_memset
    app_led.o(.text) refers to queue.o(.text) for xQueueGenericSend
    app_led.o(.text) refers to app_led.o(.constdata) for .constdata
    netconfig.o(.text) refers to inet.o(.text) for htonl
    netconfig.o(.text) refers to netif.o(.text) for netif_add
    netconfig.o(.text) refers to netconfig.o(.data) for .data
    netconfig.o(.text) refers to netconfig.o(.bss) for .bss
    netconfig.o(.text) refers to tcpip.o(.text) for tcpip_input
    netconfig.o(.text) refers to ethernetif.o(.text) for ethernetif_init
    app_serial.o(.text) refers to tasks.o(.text) for vTaskDelay
    app_serial.o(.text) refers to printfa.o(i.__0vsprintf) for __c89vsprintf
    app_serial.o(.text) refers to queue.o(.text) for xQueueGenericCreate
    app_serial.o(.text) refers to stm32f10x_rcc.o(.text) for RCC_APB2PeriphClockCmd
    app_serial.o(.text) refers to stm32f10x_gpio.o(.text) for GPIO_Init
    app_serial.o(.text) refers to stm32f10x_usart.o(.text) for USART_Init
    app_serial.o(.text) refers to misc.o(.text) for NVIC_Init
    app_serial.o(.text) refers to app_serial.o(.data) for .data
    app_display.o(.text) refers to queue.o(.text) for xQueueGenericReceive
    app_display.o(.text) refers to app_display.o(i.bsp_74hc595_set_DATA) for bsp_74hc595_set_DATA
    app_display.o(.text) refers to app_display.o(i.bsp_74hc595_set_OFFSET) for bsp_74hc595_set_OFFSET
    app_display.o(.text) refers to port.o(.text) for vPortEnterCritical
    app_display.o(.text) refers to app_display.o(i.bsp_74hc595_set_LOCK) for bsp_74hc595_set_LOCK
    app_display.o(.text) refers to app_display.o(i.bsp_74hc595_set_OE) for bsp_74hc595_set_OE
    bsp.o(.text) refers to app_serial.o(.text) for serial_init
    bsp.o(.text) refers to i2c_bus.o(.text) for i2c_bus_init
    bsp.o(.text) refers to app_led.o(.text) for app_led_init
    bsp.o(.text) refers to stm32f10x_rcc.o(.text) for RCC_APB2PeriphClockCmd
    bsp.o(.text) refers to stm32f10x_gpio.o(.text) for GPIO_Init
    bsp.o(.text) refers to misc.o(.text) for NVIC_SetVectorTable
    dm9000x.o(.text) refers to stm32f10x_rcc.o(.text) for RCC_APB2PeriphClockCmd
    dm9000x.o(.text) refers to stm32f10x_gpio.o(.text) for GPIO_PinRemapConfig
    i2c_bus.o(.text) refers to stm32f10x_rcc.o(.text) for RCC_APB2PeriphClockCmd
    i2c_bus.o(.text) refers to stm32f10x_gpio.o(.text) for GPIO_Init
    i2c_bus.o(.text) refers to i2c_bus.o(.bss) for .bss
    cstartup.o(RESET) refers to cstartup.o(STACK) for __initial_sp
    cstartup.o(RESET) refers to cstartup.o(.text) for Reset_Handler
    cstartup.o(RESET) refers to port.o(.emb_text) for vPortSVCHandler
    cstartup.o(RESET) refers to port.o(.text) for xPortSysTickHandler
    cstartup.o(RESET) refers to app_serial.o(.text) for USART1_IRQHandler
    cstartup.o(.text) refers to entry.o(.ARM.Collect$$$$00000000) for __main
    stm32f10x_gpio.o(.text) refers to stm32f10x_rcc.o(.text) for RCC_APB2PeriphResetCmd
    stm32f10x_rcc.o(.text) refers to stm32f10x_rcc.o(.data) for .data
    system_stm32f10x.o(.text) refers to system_stm32f10x.o(.data) for .data
    stm32f10x_usart.o(.text) refers to stm32f10x_rcc.o(.text) for RCC_APB2PeriphResetCmd
    event_groups.o(.text) refers to heap_2.o(.text) for pvPortMalloc
    event_groups.o(.text) refers to list.o(.text) for vListInitialise
    event_groups.o(.text) refers to tasks.o(.text) for vTaskSuspendAll
    event_groups.o(.text) refers to port.o(.text) for vPortEnterCritical
    queue.o(.text) refers to port.o(.text) for vPortEnterCritical
    queue.o(.text) refers to list.o(.text) for vListInitialise
    queue.o(.text) refers to tasks.o(.text) for xTaskRemoveFromEventList
    queue.o(.text) refers to heap_2.o(.text) for pvPortMalloc
    queue.o(.text) refers to memcpya.o(.text) for __aeabi_memcpy
    tasks.o(.text) refers to port.o(.text) for vPortEnterCritical
    tasks.o(.text) refers to list.o(.text) for vListInitialise
    tasks.o(.text) refers to heap_2.o(.text) for pvPortMalloc
    tasks.o(.text) refers to tasks.o(.data) for .data
[...]
    .ARM.Collect$$$$0000000D                 0x080000fc   Section        0  entry10a.o(.ARM.Collect$$$$0000000D)
    .ARM.Collect$$$$0000000F                 0x080000fc   Section        0  entry11a.o(.ARM.Collect$$$$0000000F)
    .ARM.Collect$$$$00002712                 0x080000fc   Section        4  entry2.o(.ARM.Collect$$$$00002712)
    __lit__00000000                          0x080000fc   Data           4  entry2.o(.ARM.Collect$$$$00002712)
    .emb_text                                0x08000100   Section      150  port.o(.emb_text)
    .text                                    0x08000198   Section        0  main.o(.text)
    .text                                    0x08000224   Section        0  app_led.o(.text)
    .text                                    0x080002b8   Section        0  netconfig.o(.text)
    .text                                    0x08000384   Section        0  app_serial.o(.text)
    vComTxTask                               0x08000385   Thumb Code    60  app_serial.o(.text)
    xSerialPutChar                           0x0800052b   Thumb Code    40  app_serial.o(.text)
    .text                                    0x08000570   Section        0  app_display.o(.text)
    delay50ns                                0x0800063b   Thumb Code    10  app_display.o(.text)
    app_display_set_show                     0x08000645   Thumb Code    14  app_display.o(.text)
    .text                                    0x08000658   Section        0  bsp.o(.text)
    prvSetupHardware                         0x080006db   Thumb Code   118  bsp.o(.text)
    .text                                    0x0800075c   Section        0  dm9000x.o(.text)
    dm9000_out_byte                          0x080007e5   Thumb Code   106  dm9000x.o(.text)
    ior                                      0x0800084f   Thumb Code    92  dm9000x.o(.text)
    iow                                      0x08000afd   Thumb Code    20  dm9000x.o(.text)
    .text                                    0x08000b24   Section        0  i2c_bus.o(.text)
    i2c_bus_start                            0x08000b25   Thumb Code    98  i2c_bus.o(.text)
    i2c_bus_chip_reset                       0x08000b87   Thumb Code    62  i2c_bus.o(.text)
    delayus                                  0x08000c47   Thumb Code    20  i2c_bus.o(.text)
    .text                                    0x08000c68   Section       28  cstartup.o(.text)
    .text                                    0x08000c84   Section        0  stm32f10x_gpio.o(.text)
    .text                                    0x08000ee8   Section        0  stm32f10x_rcc.o(.text)
    .text                                    0x080011a0   Section        0  misc.o(.text)
    .text                                    0x08001250   Section        0  stm32f10x_usart.o(.text)
    .text                                    0x08001578   Section        0  list.o(.text)
    .text                                    0x08001600   Section        0  queue.o(.text)
    prvUnlockQueue                           0x080016b1   Thumb Code   106  queue.o(.text)
    prvCopyDataToQueue                       0x0800171b   Thumb Code    88  queue.o(.text)
    prvCopyDataFromQueue                     0x08001927   Thumb Code    38  queue.o(.text)
    prvIsQueueEmpty                          0x08001b39   Thumb Code    26  queue.o(.text)
    .text                                    0x08001b54   Section        0  tasks.o(.text)
    prvAddNewTaskToReadyList                 0x08001b55   Thumb Code   194  tasks.o(.text)
    prvAddCurrentTaskToDelayedList           0x08001e4b   Thumb Code   102  tasks.o(.text)
    prvIdleTask                              0x080021f5   Thumb Code    30  tasks.o(.text)
    prvListTasksWithinSingleList             0x08002309   Thumb Code   112  tasks.o(.text)
    prvInitialiseNewTask                     0x0800285b   Thumb Code   132  tasks.o(.text)
    prvResetNextTaskUnblockTime              0x080028df   Thumb Code    26  tasks.o(.text)
    prvDeleteTCB                             0x080028f9   Thumb Code    20  tasks.o(.text)
    prvTaskIsTaskSuspended                   0x0800290d   Thumb Code    28  tasks.o(.text)
    prvCheckTasksWaitingTermination          0x08002929   Thumb Code    76  tasks.o(.text)
    .text                                    0x08002980   Section        0  port.o(.text)
    prvTaskExitError                         0x08002981   Thumb Code    16  port.o(.text)
    .text                                    0x08002a44   Section        0  heap_2.o(.text)
    .text                                    0x08002b38   Section        0  ethernetif.o(.text)
    low_level_output                         0x08002b97   Thumb Code    42  ethernetif.o(.text)
    .text                                    0x08002c34   Section        0  sys_arch.o(.text)
    .text                                    0x08002e80   Section        0  etharp.o(.text)
    find_entry                               0x08002ecf   Thumb Code   316  etharp.o(.text)
    etharp_send_ip                           0x0800300b   Thumb Code    54  etharp.o(.text)
    update_arp_entry                         0x08003041   Thumb Code   162  etharp.o(.text)
    free_etharp_q                            0x080034b9   Thumb Code    30  etharp.o(.text)
    etharp_raw                               0x080034d7   Thumb Code   188  etharp.o(.text)
    .text                                    0x080035a0   Section        0  dns.o(.text)
    dns_recv                                 0x080035c3   Thumb Code   356  dns.o(.text)
    dns_send                                 0x08003773   Thumb Code   190  dns.o(.text)
    dns_check_entry                          0x08003831   Thumb Code   170  dns.o(.text)
    dns_parse_name                           0x080039ad   Thumb Code    34  dns.o(.text)
    dns_enqueue                              0x080039cf   Thumb Code   136  dns.o(.text)
    .text                                    0x08003a60   Section        0  mem.o(.text)
    plug_holes                               0x08003d0d   Thumb Code    78  mem.o(.text)
    .text                                    0x08003d68   Section        0  memp.o(.text)
    .text                                    0x08003e6c   Section        0  netif.o(.text)
    .text                                    0x08003ff8   Section        0  pbuf.o(.text)
    pbuf_free_ooseq                          0x08003ff9   Thumb Code    42  pbuf.o(.text)
    pbuf_pool_is_empty                       0x08004023   Thumb Code    54  pbuf.o(.text)
    .text                                    0x0800442c   Section        0  raw.o(.text)
    .text                                    0x0800458c   Section        0  sys.o(.text)
    sswt_handler                             0x080046ff   Thumb Code    12  sys.o(.text)
    .text                                    0x08004764   Section        0  tcp.o(.text)
    tcp_new_port                             0x08004cbb   Thumb Code    92  tcp.o(.text)
    tcp_accept_null                          0x08004dc7   Thumb Code     6  tcp.o(.text)
    .text                                    0x0800509c   Section        0  tcp_in.o(.text)
    tcp_oos_insert_segment                   0x0800509d   Thumb Code   140  tcp_in.o(.text)
    tcp_receive                              0x08005129   Thumb Code  1670  tcp_in.o(.text)
    tcp_parseopt                             0x080057af   Thumb Code   124  tcp_in.o(.text)
    tcp_process                              0x0800582b   Thumb Code   846  tcp_in.o(.text)
    tcp_listen_input                         0x08005b79   Thumb Code   236  tcp_in.o(.text)
    tcp_timewait_input                       0x08005ff7   Thumb Code   100  tcp_in.o(.text)
    .text                                    0x08006064   Section        0  tcp_out.o(.text)
    tcp_output_set_header                    0x08006065   Thumb Code   124  tcp_out.o(.text)
    tcp_output_segment                       0x080064c7   Thumb Code   208  tcp_out.o(.text)
    .text                                    0x080069ec   Section        0  udp.o(.text)
    .text                                    0x08006db0   Section        0  icmp.o(.text)
    icmp_send_response                       0x08006f57   Thumb Code   112  icmp.o(.text)
    .text                                    0x08006fd8   Section        0  inet.o(.text)
    .text                                    0x08007140   Section        0  inet_chksum.o(.text)
    lwip_standard_chksum                     0x08007141   Thumb Code    60  inet_chksum.o(.text)
    .text                                    0x08007258   Section        0  ip.o(.text)
    ip_forward                               0x080072a1   Thumb Code   168  ip.o(.text)
    .text                                    0x08007674   Section        0  ip_addr.o(.text)
    .text                                    0x080076a4   Section        0  ip_frag.o(.text)
    ip_reass_free_complete_datagram          0x080076a5   Thumb Code   106  ip_frag.o(.text)
    ip_reass_remove_oldest_datagram          0x08007737   Thumb Code   108  ip_frag.o(.text)
    ip_reass_chain_frag_into_datagram_and_validate 0x080077a3   Thumb Code   234  ip_frag.o(.text)
    ip_reass_dequeue_datagram                0x08007ba1   Thumb Code    30  ip_frag.o(.text)
    .text                                    0x08007bc8   Section        0  lwipentry.o(.text)
    .text                                    0x08007c48   Section        0  api_lib.o(.text)
    .text                                    0x08007f08   Section        0  api_msg.o(.text)
    recv_raw                                 0x08007f09   Thumb Code   122  api_msg.o(.text)
    recv_udp                                 0x08007f83   Thumb Code   110  api_msg.o(.text)
    recv_tcp                                 0x08007ff1   Thumb Code    74  api_msg.o(.text)
    err_tcp                                  0x0800803b   Thumb Code   100  api_msg.o(.text)
    do_writemore                             0x0800809f   Thumb Code   180  api_msg.o(.text)
    sent_tcp                                 0x08008153   Thumb Code    64  api_msg.o(.text)
    do_close_internal                        0x08008193   Thumb Code   156  api_msg.o(.text)
    poll_tcp                                 0x0800822f   Thumb Code    28  api_msg.o(.text)
    setup_tcp                                0x0800824b   Thumb Code    50  api_msg.o(.text)
    accept_function                          0x0800833d   Thumb Code    76  api_msg.o(.text)
    do_connected                             0x08008467   Thumb Code    44  api_msg.o(.text)
    do_dns_found                             0x0800870d   Thumb Code    26  api_msg.o(.text)
    pcb_new                                  0x0800874b   Thumb Code   136  api_msg.o(.text)
    .text                                    0x080087e0   Section        0  netbuf.o(.text)
    .text                                    0x080088e0   Section        0  tcpip.o(.text)
    tcpip_tcp_timer                          0x080088e1   Thumb Code    40  tcpip.o(.text)
    ip_reass_timer                           0x0800892d   Thumb Code    22  tcpip.o(.text)
    arp_timer                                0x08008943   Thumb Code    22  tcpip.o(.text)
    dns_timer                                0x08008959   Thumb Code    22  tcpip.o(.text)
    tcpip_thread                             0x0800896f   Thumb Code   150  tcpip.o(.text)
    pbuf_free_int                            0x08008b61   Thumb Code     4  tcpip.o(.text)
    .text                                    0x08008bac   Section        0  memcpya.o(.text)
    .text                                    0x08008bd0   Section        0  memseta.o(.text)
    .text                                    0x08008bf4   Section        0  strlen.o(.text)
    .text                                    0x08008c02   Section        0  strcmp.o(.text)
    .text                                    0x08008c1e   Section        0  strcpy.o(.text)
    .text                                    0x08008c30   Section        0  uidiv.o(.text)
    .text                                    0x08008c5c   Section        0  uldiv.o(.text)
    .text                                    0x08008cbe   Section        0  dadd.o(.text)
    .text                                    0x08008cbe   Section        0  iusefp.o(.text)
    .text                                    0x08008e0c   Section        0  dmul.o(.text)
    .text                                    0x08008ef0   Section        0  ddiv.o(.text)
    .text                                    0x08008fce   Section        0  dfixul.o(.text)
    .text                                    0x08009000   Section       40  cdrcmple.o(.text)
    .text                                    0x08009028   Section       36  init.o(.text)
    .text                                    0x0800904c   Section        0  llshl.o(.text)
    .text                                    0x0800906a   Section        0  llushr.o(.text)
    .text                                    0x0800908a   Section        0  llsshr.o(.text)
    .text                                    0x080090ae   Section        0  depilogue.o(.text)
    .text                                    0x08009164   Section        0  __dczerorl2.o(.text)
    i.__0vsprintf                            0x080091bc   Section        0  printfa.o(i.__0vsprintf)
    i.__scatterload_copy                     0x080091e0   Section       14  handlers.o(i.__scatterload_copy)
    i.__scatterload_null                     0x080091ee   Section        2  handlers.o(i.__scatterload_null)
    i.__scatterload_zeroinit                 0x080091f0   Section       14  handlers.o(i.__scatterload_zeroinit)
    i._fp_digits                             0x08009200   Section        0  printfa.o(i._fp_digits)
    _fp_digits                               0x08009201   Thumb Code   334  printfa.o(i._fp_digits)
    i._printf_core                           0x08009364   Section        0  printfa.o(i._printf_core)
    _printf_core                             0x08009365   Thumb Code  1744  printfa.o(i._printf_core)
    i._printf_post_padding                   0x08009a40   Section        0  printfa.o(i._printf_post_padding)
    _printf_post_padding                     0x08009a41   Thumb Code    36  printfa.o(i._printf_post_padding)
    i._printf_pre_padding                    0x08009a64   Section        0  printfa.o(i._printf_pre_padding)
    _printf_pre_padding                      0x08009a65   Thumb Code    46  printfa.o(i._printf_pre_padding)
    i._sputc                                 0x08009a92   Section        0  printfa.o(i._sputc)
    _sputc                                   0x08009a93   Thumb Code    10  printfa.o(i._sputc)
    i.bsp_74hc595_set_DATA                   0x08009a9c   Section        0  app_display.o(i.bsp_74hc595_set_DATA)
    i.bsp_74hc595_set_LOCK                   0x08009ab4   Section        0  app_display.o(i.bsp_74hc595_set_LOCK)
    i.bsp_74hc595_set_OE                     0x08009acc   Section        0  app_display.o(i.bsp_74hc595_set_OE)
    i.bsp_74hc595_set_OFFSET                 0x08009ae0   Section        0  app_display.o(i.bsp_74hc595_set_OFFSET)
    .constdata                               0x08009af8   Section        6  app_led.o(.constdata)
    .constdata                               0x08009afe   Section       12  etharp.o(.constdata)
    .constdata                               0x08009b0a   Section       56  memp.o(.constdata)
    memp_sizes                               0x08009b0a   Data          28  memp.o(.constdata)
    memp_num                                 0x08009b26   Data          28  memp.o(.constdata)
    .constdata                               0x08009b42   Section       20  tcp.o(.constdata)
    .constdata                               0x08009b56   Section        4  ip_addr.o(.constdata)
    .conststring                             0x08009b5c   Section      117  tcp.o(.conststring)
    .conststring                             0x08009bd4   Section      120  lwipentry.o(.conststring)
    .data                                    0x20000000   Section       18  netconfig.o(.data)
    .data                                    0x20000014   Section        8  app_serial.o(.data)
    xPort                                    0x20000014   Data           4  app_serial.o(.data)
    xCharsForTx                              0x20000018   Data           4  app_serial.o(.data)
    .data                                    0x2000001c   Section       20  stm32f10x_rcc.o(.data)
    ADCPrescTable                            0x2000001c   Data           4  stm32f10x_rcc.o(.data)
    APBAHBPrescTable                         0x20000020   Data          16  stm32f10x_rcc.o(.data)
    .data                                    0x20000030   Section       60  tasks.o(.data)
    uxDeletedTasksWaitingCleanUp             0x20000034   Data           4  tasks.o(.data)
    uxCurrentNumberOfTasks                   0x20000038   Data           4  tasks.o(.data)
    xTickCount                               0x2000003c   Data           4  tasks.o(.data)
    uxTopReadyPriority                       0x20000040   Data           4  tasks.o(.data)
    xSchedulerRunning                        0x20000044   Data           4  tasks.o(.data)
    uxPendedTicks                            0x20000048   Data           4  tasks.o(.data)
    xYieldPending                            0x2000004c   Data           4  tasks.o(.data)
    xNumOfOverflows                          0x20000050   Data           4  tasks.o(.data)
    uxTaskNumber                             0x20000054   Data           4  tasks.o(.data)
    xNextTaskUnblockTime                     0x20000058   Data           4  tasks.o(.data)
    xIdleTaskHandle                          0x2000005c   Data           4  tasks.o(.data)
    uxSchedulerSuspended                     0x20000060   Data           4  tasks.o(.data)
    pxDelayedTaskList                        0x20000064   Data           4  tasks.o(.data)
    pxOverflowDelayedTaskList                0x20000068   Data           4  tasks.o(.data)
    .data                                    0x2000006c   Section        4  port.o(.data)
    uxCriticalNesting                        0x2000006c   Data           4  port.o(.data)
    .data                                    0x20000070   Section       24  heap_2.o(.data)
    xFreeBytesRemaining                      0x20000070   Data           4  heap_2.o(.data)
    xHeapHasBeenInitialised                  0x20000074   Data           4  heap_2.o(.data)
    xStart                                   0x20000078   Data           8  heap_2.o(.data)
    xEnd                                     0x20000080   Data           8  heap_2.o(.data)
    .data                                    0x20000088   Section        2  sys_arch.o(.data)
    s_nextthread                             0x20000088   Data           2  sys_arch.o(.data)
    .data                                    0x2000008a   Section        1  etharp.o(.data)
    etharp_cached_entry                      0x2000008a   Data           1  etharp.o(.data)
    .data                                    0x2000008c   Section       16  dns.o(.data)
    dns_seqno                                0x2000008c   Data           1  dns.o(.data)
    dns_pcb                                  0x20000090   Data           4  dns.o(.data)
    dns_servers                              0x20000094   Data           8  dns.o(.data)
    .data                                    0x2000009c   Section       16  mem.o(.data)
    ram                                      0x2000009c   Data           4  mem.o(.data)
    ram_end                                  0x200000a0   Data           4  mem.o(.data)
    lfree                                    0x200000a4   Data           4  mem.o(.data)
    mem_sem                                  0x200000a8   Data           4  mem.o(.data)
    .data                                    0x200000ac   Section       12  netif.o(.data)
    netifnum                                 0x200000ac   Data           1  netif.o(.data)
    .data                                    0x200000b8   Section        1  pbuf.o(.data)
    pbuf_free_ooseq_queued                   0x200000b8   Data           1  pbuf.o(.data)
    .data                                    0x200000bc   Section        4  raw.o(.data)
    raw_pcbs                                 0x200000bc   Data           4  raw.o(.data)
    .data                                    0x200000c0   Section       76  tcp.o(.data)
    tcp_timer                                0x200000c0   Data           1  tcp.o(.data)
    port                                     0x200000c2   Data           2  tcp.o(.data)
    iss                                      0x200000c4   Data           4  tcp.o(.data)
    .data                                    0x2000010c   Section       28  tcp_in.o(.data)
    flags                                    0x2000010c   Data           1  tcp_in.o(.data)
    recv_flags                               0x2000010d   Data           1  tcp_in.o(.data)
    tcplen                                   0x2000010e   Data           2  tcp_in.o(.data)
    tcphdr                                   0x20000110   Data           4  tcp_in.o(.data)
    iphdr                                    0x20000114   Data           4  tcp_in.o(.data)
    seqno                                    0x20000118   Data           4  tcp_in.o(.data)
    ackno                                    0x2000011c   Data           4  tcp_in.o(.data)
    recv_data                                0x20000120   Data           4  tcp_in.o(.data)
    .data                                    0x20000128   Section        4  udp.o(.data)
    .data                                    0x2000012c   Section       12  ip.o(.data)
    ip_id                                    0x2000012c   Data           2  ip.o(.data)
    .data                                    0x20000138   Section        8  ip_frag.o(.data)
    ip_reass_pbufcount                       0x20000138   Data           2  ip_frag.o(.data)
    reassdatagrams                           0x2000013c   Data           4  ip_frag.o(.data)
    .data                                    0x20000140   Section       16  tcpip.o(.data)
    mbox                                     0x20000140   Data           4  tcpip.o(.data)
    tcpip_init_done                          0x20000144   Data           4  tcpip.o(.data)
    tcpip_init_done_arg                      0x20000148   Data           4  tcpip.o(.data)
    tcpip_tcp_timer_active                   0x2000014c   Data           4  tcpip.o(.data)
    .bss                                     0x20000150   Section       48  netconfig.o(.bss)
    .bss                                     0x20000180   Section       56  i2c_bus.o(.bss)
    i2c_bus                                  0x20000180   Data          56  i2c_bus.o(.bss)
    .bss                                     0x200001b8   Section      300  tasks.o(.bss)
    pxReadyTasksLists                        0x200001b8   Data         200  tasks.o(.bss)
    xDelayedTaskList1                        0x20000280   Data          20  tasks.o(.bss)
    xDelayedTaskList2                        0x20000294   Data          20  tasks.o(.bss)
    xPendingReadyList                        0x200002a8   Data          20  tasks.o(.bss)
    xTasksWaitingTermination                 0x200002bc   Data          20  tasks.o(.bss)
    xSuspendedTaskList                       0x200002d0   Data          20  tasks.o(.bss)
    .bss                                     0x200002e4   Section    17408  heap_2.o(.bss)
    ucHeap                                   0x200002e4   Data       17408  heap_2.o(.bss)
    .bss                                     0x200046e4   Section     3032  ethernetif.o(.bss)
    .bss                                     0x200052bc   Section       40  sys_arch.o(.bss)
    s_timeoutlist                            0x200052bc   Data          40  sys_arch.o(.bss)
    .bss                                     0x200052e4   Section      200  etharp.o(.bss)
    arp_table                                0x200052e4   Data         200  etharp.o(.bss)
    .bss                                     0x200053ac   Section     1632  dns.o(.bss)
    dns_table                                0x200053ac   Data        1120  dns.o(.bss)
    dns_payload                              0x2000580c   Data         512  dns.o(.bss)
    .bss                                     0x20005a0c   Section     2020  mem.o(.bss)
    ram_heap                                 0x20005a0c   Data        2020  mem.o(.bss)
    .bss                                     0x200061f0   Section    12339  memp.o(.bss)
    memp_tab                                 0x200061f0   Data          56  memp.o(.bss)
    memp_memory                              0x20006228   Data       12283  memp.o(.bss)
    .bss                                     0x20009224   Section      330  stats.o(.bss)
    .bss                                     0x20009370   Section       20  tcp_in.o(.bss)
    inseg                                    0x20009370   Data          20  tcp_in.o(.bss)
    .bss                                     0x20009384   Section       16  inet.o(.bss)
    str                                      0x20009384   Data          16  inet.o(.bss)
    .bss                                     0x20009394   Section     2004  ip_frag.o(.bss)
    buf                                      0x20009394   Data        2004  ip_frag.o(.bss)
    STACK                                    0x20009b68   Section     1024  cstartup.o(STACK)

    Global Symbols

    Symbol Name                              Value     Ov Type        Size  Object(Section)

    BuildAttributes$$THM_ISAv4$P$D$K$B$S$PE$A:L22UL41UL21$X:L11$S22US41US21$IEEE1$IW$USESV6$~STKCKD$USESV7$~SHL$OSPACE$ROPI$EBA8$MICROLIB$REQ8$PRES8$EABIv2 0x00000000   Number         0  anon$$obj.o ABSOLUTE
    __ARM_use_no_argv                        0x00000000   Number         0  main.o ABSOLUTE
    __cpp_initialize__aeabi_                  - Undefined Weak Reference
    __cxa_finalize                            - Undefined Weak Reference
    _clock_init                               - Undefined Weak Reference
    _microlib_exit                            - Undefined Weak Reference
    __Vectors                                0x08000000   Data           4  cstartup.o(RESET)
    __main                                   0x080000ed   Thumb Code     0  entry.o(.ARM.Collect$$$$00000000)
    _main_stk                                0x080000ed   Thumb Code     0  entry2.o(.ARM.Collect$$$$00000001)
    _main_scatterload                        0x080000f1   Thumb Code     0  entry5.o(.ARM.Collect$$$$00000004)
    __main_after_scatterload                 0x080000f5   Thumb Code     0  entry5.o(.ARM.Collect$$$$00000004)
    _main_clock                              0x080000f5   Thumb Code     0  entry7b.o(.ARM.Collect$$$$00000008)
    _main_cpp_init                           0x080000f5   Thumb Code     0  entry8b.o(.ARM.Collect$$$$0000000A)
    _main_init                               0x080000f5   Thumb Code     0  entry9a.o(.ARM.Collect$$$$0000000B)
    __rt_final_cpp                           0x080000fd   Thumb Code     0  entry10a.o(.ARM.Collect$$$$0000000D)
    __rt_final_exit                          0x080000fd   Thumb Code     0  entry11a.o(.ARM.Collect$$$$0000000F)
    vPortSVCHandler                          0x08000101   Thumb Code    32  port.o(.emb_text)
    __asm___6_port_c_39a90d8d__prvStartFirstTask 0x08000125   Thumb Code    28  port.o(.emb_text)
    xPortPendSVHandler                       0x08000145   Thumb Code    72  port.o(.emb_text)
    vPortGetIPSR                             0x08000191   Thumb Code     6  port.o(.emb_text)
    main                                     0x08000199   Thumb Code    94  main.o(.text)
    app_led_init                             0x08000225   Thumb Code    48  app_led.o(.text)
    app_led_task_blink                       0x08000255   Thumb Code    90  app_led.o(.text)
    LwIP_Init                                0x080002b9   Thumb Code   184  netconfig.o(.text)
    app_init                                 0x08000371   Thumb Code     2  netconfig.o(.text)
    vStartComTasks                           0x080003c1   Thumb Code    22  app_serial.o(.text)
    dbg_string                               0x080003d7   Thumb Code    50  app_serial.o(.text)
    serial_init                              0x08000409   Thumb Code   204  app_serial.o(.text)
    USART1_IRQHandler                        0x080004d5   Thumb Code    86  app_serial.o(.text)
    app_dispaly_task                         0x08000571   Thumb Code   202  app_display.o(.text)
    bsp_init                                 0x08000659   Thumb Code   130  bsp.o(.text)
    dm9000x_gpio_inital                      0x0800075d   Thumb Code   136  dm9000x.o(.text)
    dm9000x_read_id                          0x080008ab   Thumb Code    54  dm9000x.o(.text)
    dm9000x_inital                           0x080008e1   Thumb Code   216  dm9000x.o(.text)
    dm9000x_sendpacket                       0x080009b9   Thumb Code   136  dm9000x.o(.text)
    dm9000x_receivepacket                    0x08000a41   Thumb Code   188  dm9000x.o(.text)
    i2c_bus_init                             0x08000bc5   Thumb Code   130  i2c_bus.o(.text)
    Reset_Handler                            0x08000c69   Thumb Code     4  cstartup.o(.text)
    NMI_Handler                              0x08000c6d   Thumb Code     2  cstartup.o(.text)
    HardFault_Handler                        0x08000c6f   Thumb Code     2  cstartup.o(.text)
    MemManage_Handler                        0x08000c71   Thumb Code     2  cstartup.o(.text)
    BusFault_Handler                         0x08000c73   Thumb Code     2  cstartup.o(.text)
    UsageFault_Handler                       0x08000c75   Thumb Code     2  cstartup.o(.text)
    SVC_Handler                              0x08000c77   Thumb Code     2  cstartup.o(.text)
    DebugMon_Handler                         0x08000c79   Thumb Code     2  cstartup.o(.text)
    PendSV_Handler                           0x08000c7b   Thumb Code     2  cstartup.o(.text)
    SysTick_Handler                          0x08000c7d   Thumb Code     2  cstartup.o(.text)
    ADC_IRQHandler                           0x08000c7f   Thumb Code     0  cstartup.o(.text)
    CAN_RX1_IRQHandler                       0x08000c7f   Thumb Code     0  cstartup.o(.text)
    CAN_SCE_IRQHandler                       0x08000c7f   Thumb Code     0  cstartup.o(.text)
    DMAChannel1_IRQHandler                   0x08000c7f   Thumb Code     0  cstartup.o(.text)
    DMAChannel2_IRQHandler                   0x08000c7f   Thumb Code     0  cstartup.o(.text)
    DMAChannel3_IRQHandler                   0x08000c7f   Thumb Code     0  cstartup.o(.text)
    DMAChannel4_IRQHandler                   0x08000c7f   Thumb Code     0  cstartup.o(.text)
    DMAChannel5_IRQHandler                   0x08000c7f   Thumb Code     0  cstartup.o(.text)
    DMAChannel6_IRQHandler                   0x08000c7f   Thumb Code     0  cstartup.o(.text)
    DMAChannel7_IRQHandler                   0x08000c7f   Thumb Code     0  cstartup.o(.text)
    EXTI0_IRQHandler                         0x08000c7f   Thumb Code     0  cstartup.o(.text)
    EXTI15_10_IRQHandler                     0x08000c7f   Thumb Code     0  cstartup.o(.text)
    EXTI1_IRQHandler                         0x08000c7f   Thumb Code     0  cstartup.o(.text)
    EXTI2_IRQHandler                         0x08000c7f   Thumb Code     0  cstartup.o(.text)
    EXTI3_IRQHandler                         0x08000c7f   Thumb Code     0  cstartup.o(.text)
    EXTI4_IRQHandler                         0x08000c7f   Thumb Code     0  cstartup.o(.text)
    EXTI9_5_IRQHandler                       0x08000c7f   Thumb Code     0  cstartup.o(.text)
    FLASH_IRQHandler                         0x08000c7f   Thumb Code     0  cstartup.o(.text)
    I2C1_ER_IRQHandler                       0x08000c7f   Thumb Code     0  cstartup.o(.text)
    I2C1_EV_IRQHandler                       0x08000c7f   Thumb Code     0  cstartup.o(.text)
    I2C2_ER_IRQHandler                       0x08000c7f   Thumb Code     0  cstartup.o(.text)
    I2C2_EV_IRQHandler                       0x08000c7f   Thumb Code     0  cstartup.o(.text)
    PVD_IRQHandler                           0x08000c7f   Thumb Code     0  cstartup.o(.text)
    RCC_IRQHandler                           0x08000c7f   Thumb Code     0  cstartup.o(.text)
    RTCAlarm_IRQHandler                      0x08000c7f   Thumb Code     0  cstartup.o(.text)
    RTC_IRQHandler                           0x08000c7f   Thumb Code     0  cstartup.o(.text)
    SPI1_IRQHandler                          0x08000c7f   Thumb Code     0  cstartup.o(.text)
    SPI2_IRQHandler                          0x08000c7f   Thumb Code     0  cstartup.o(.text)
    TAMPER_IRQHandler                        0x08000c7f   Thumb Code     0  cstartup.o(.text)
    TIM1_BRK_IRQHandler                      0x08000c7f   Thumb Code     0  cstartup.o(.text)
    TIM1_CC_IRQHandler                       0x08000c7f   Thumb Code     0  cstartup.o(.text)
    TIM1_TRG_COM_IRQHandler                  0x08000c7f   Thumb Code     0  cstartup.o(.text)
    TIM1_UP_IRQHandler                       0x08000c7f   Thumb Code     0  cstartup.o(.text)
    TIM2_IRQHandler                          0x08000c7f   Thumb Code     0  cstartup.o(.text)
    TIM3_IRQHandler                          0x08000c7f   Thumb Code     0  cstartup.o(.text)
    TIM4_IRQHandler                          0x08000c7f   Thumb Code     0  cstartup.o(.text)
    USART2_IRQHandler                        0x08000c7f   Thumb Code     0  cstartup.o(.text)
    USART3_IRQHandler                        0x08000c7f   Thumb Code     0  cstartup.o(.text)
    USBWakeUp_IRQHandler                     0x08000c7f   Thumb Code     0  cstartup.o(.text)
    USB_HP_CAN_TX_IRQHandler                 0x08000c7f   Thumb Code     0  cstartup.o(.text)
    USB_LP_CAN_RX0_IRQHandler                0x08000c7f   Thumb Code     0  cstartup.o(.text)
    WWDG_IRQHandler                          0x08000c7f   Thumb Code     0  cstartup.o(.text)
    GPIO_DeInit                              0x08000c85   Thumb Code   152  stm32f10x_gpio.o(.text)
    GPIO_AFIODeInit                          0x08000d1d   Thumb Code    22  stm32f10x_gpio.o(.text)
    GPIO_Init                                0x08000d33   Thumb Code   156  stm32f10x_gpio.o(.text)
    GPIO_StructInit                          0x08000dcf   Thumb Code    16  stm32f10x_gpio.o(.text)
    GPIO_ReadInputDataBit                    0x08000ddf   Thumb Code    14  stm32f10x_gpio.o(.text)
    GPIO_ReadInputData                       0x08000ded   Thumb Code     6  stm32f10x_gpio.o(.text)
    GPIO_ReadOutputDataBit                   0x08000df3   Thumb Code    14  stm32f10x_gpio.o(.text)
    GPIO_ReadOutputData                      0x08000e01   Thumb Code     6  stm32f10x_gpio.o(.text)
    GPIO_SetBits                             0x08000e07   Thumb Code     4  stm32f10x_gpio.o(.text)
    GPIO_ResetBits                           0x08000e0b   Thumb Code     4  stm32f10x_gpio.o(.text)
    GPIO_WriteBit                            0x08000e0f   Thumb Code    10  stm32f10x_gpio.o(.text)
    GPIO_Write                               0x08000e19   Thumb Code     4  stm32f10x_gpio.o(.text)
    GPIO_PinLockConfig                       0x08000e1d   Thumb Code    16  stm32f10x_gpio.o(.text)
    GPIO_EventOutputConfig                   0x08000e2d   Thumb Code    22  stm32f10x_gpio.o(.text)
    GPIO_EventOutputCmd                      0x08000e43   Thumb Code     6  stm32f10x_gpio.o(.text)
    GPIO_PinRemapConfig                      0x08000e49   Thumb Code    82  stm32f10x_gpio.o(.text)
    GPIO_EXTILineConfig                      0x08000e9b   Thumb Code    34  stm32f10x_gpio.o(.text)
    GPIO_ETH_MediaInterfaceConfig            0x08000ebd   Thumb Code     8  stm32f10x_gpio.o(.text)
    RCC_DeInit                               0x08000ee9   Thumb Code    50  stm32f10x_rcc.o(.text)
    RCC_HSEConfig                            0x08000f1b   Thumb Code    48  stm32f10x_rcc.o(.text)
    RCC_GetFlagStatus                        0x08000f4b   Thumb Code    42  stm32f10x_rcc.o(.text)
    RCC_WaitForHSEStartUp                    0x08000f75   Thumb Code    44  stm32f10x_rcc.o(.text)
    RCC_AdjustHSICalibrationValue            0x08000fa1   Thumb Code    16  stm32f10x_rcc.o(.text)
    RCC_HSICmd                               0x08000fb1   Thumb Code     6  stm32f10x_rcc.o(.text)
    RCC_PLLConfig                            0x08000fb7   Thumb Code    16  stm32f10x_rcc.o(.text)
    RCC_PLLCmd                               0x08000fc7   Thumb Code     6  stm32f10x_rcc.o(.text)
    RCC_SYSCLKConfig                         0x08000fcd   Thumb Code    14  stm32f10x_rcc.o(.text)
    RCC_GetSYSCLKSource                      0x08000fdb   Thumb Code    10  stm32f10x_rcc.o(.text)
    RCC_HCLKConfig                           0x08000fe5   Thumb Code    14  stm32f10x_rcc.o(.text)
    RCC_PCLK1Config                          0x08000ff3   Thumb Code    14  stm32f10x_rcc.o(.text)
    RCC_PCLK2Config                          0x08001001   Thumb Code    16  stm32f10x_rcc.o(.text)
    RCC_ITConfig                             0x08001011   Thumb Code    18  stm32f10x_rcc.o(.text)
    RCC_USBCLKConfig                         0x08001023   Thumb Code     8  stm32f10x_rcc.o(.text)
    RCC_ADCCLKConfig                         0x0800102b   Thumb Code    14  stm32f10x_rcc.o(.text)
    RCC_LSEConfig                            0x08001039   Thumb Code    28  stm32f10x_rcc.o(.text)
    RCC_LSICmd                               0x08001055   Thumb Code     6  stm32f10x_rcc.o(.text)
    RCC_RTCCLKConfig                         0x0800105b   Thumb Code    10  stm32f10x_rcc.o(.text)
    RCC_RTCCLKCmd                            0x08001065   Thumb Code     8  stm32f10x_rcc.o(.text)
    RCC_GetClocksFreq                        0x0800106d   Thumb Code   132  stm32f10x_rcc.o(.text)
    RCC_AHBPeriphClockCmd                    0x080010f1   Thumb Code    18  stm32f10x_rcc.o(.text)
    RCC_APB2PeriphClockCmd                   0x08001103   Thumb Code    18  stm32f10x_rcc.o(.text)
    RCC_APB1PeriphClockCmd                   0x08001115   Thumb Code    18  stm32f10x_rcc.o(.text)
    RCC_APB2PeriphResetCmd                   0x08001127   Thumb Code    18  stm32f10x_rcc.o(.text)
    RCC_APB1PeriphResetCmd                   0x08001139   Thumb Code    18  stm32f10x_rcc.o(.text)
    RCC_BackupResetCmd                       0x0800114b   Thumb Code     8  stm32f10x_rcc.o(.text)
    RCC_ClockSecuritySystemCmd               0x08001153   Thumb Code     6  stm32f10x_rcc.o(.text)
    RCC_MCOConfig                            0x08001159   Thumb Code     6  stm32f10x_rcc.o(.text)
    RCC_ClearFlag                            0x0800115f   Thumb Code    12  stm32f10x_rcc.o(.text)
    RCC_GetITStatus                          0x0800116b   Thumb Code    16  stm32f10x_rcc.o(.text)
    RCC_ClearITPendingBit                    0x0800117b   Thumb Code     6  stm32f10x_rcc.o(.text)
    NVIC_PriorityGroupConfig                 0x080011a1   Thumb Code    10  misc.o(.text)
    NVIC_Init                                0x080011ab   Thumb Code    94  misc.o(.text)
    NVIC_SetVectorTable                      0x08001209   Thumb Code    14  misc.o(.text)
    NVIC_SystemLPConfig                      0x08001217   Thumb Code    20  misc.o(.text)
    SysTick_CLKSourceConfig                  0x0800122b   Thumb Code    24  misc.o(.text)
    USART_DeInit                             0x08001251   Thumb Code    96  stm32f10x_usart.o(.text)
    USART_Init                               0x080012b1   Thumb Code   166  stm32f10x_usart.o(.text)
    USART_StructInit                         0x08001357   Thumb Code    22  stm32f10x_usart.o(.text)
    USART_ClockInit                          0x0800136d   Thumb Code    30  stm32f10x_usart.o(.text)
    USART_ClockStructInit                    0x0800138b   Thumb Code    12  stm32f10x_usart.o(.text)
    USART_Cmd                                0x08001397   Thumb Code    20  stm32f10x_usart.o(.text)
    USART_ITConfig                           0x080013ab   Thumb Code    48  stm32f10x_usart.o(.text)
    USART_DMACmd                             0x080013db   Thumb Code    16  stm32f10x_usart.o(.text)
    USART_SetAddress                         0x080013eb   Thumb Code    16  stm32f10x_usart.o(.text)
    USART_WakeUpConfig                       0x080013fb   Thumb Code    16  stm32f10x_usart.o(.text)
    USART_ReceiverWakeUpCmd                  0x0800140b   Thumb Code    20  stm32f10x_usart.o(.text)
    USART_LINBreakDetectLengthConfig         0x0800141f   Thumb Code    16  stm32f10x_usart.o(.text)
    USART_LINCmd                             0x0800142f   Thumb Code    20  stm32f10x_usart.o(.text)
    USART_SendData                           0x08001443   Thumb Code     8  stm32f10x_usart.o(.text)
    USART_ReceiveData                        0x0800144b   Thumb Code     8  stm32f10x_usart.o(.text)
    USART_SendBreak                          0x08001453   Thumb Code    10  stm32f10x_usart.o(.text)
    USART_SetGuardTime                       0x0800145d   Thumb Code    16  stm32f10x_usart.o(.text)
    USART_SetPrescaler                       0x0800146d   Thumb Code    16  stm32f10x_usart.o(.text)
    USART_SmartCardCmd                       0x0800147d   Thumb Code    20  stm32f10x_usart.o(.text)
    USART_SmartCardNACKCmd                   0x08001491   Thumb Code    20  stm32f10x_usart.o(.text)
    USART_HalfDuplexCmd                      0x080014a5   Thumb Code    20  stm32f10x_usart.o(.text)
    USART_OverSampling8Cmd                   0x080014b9   Thumb Code    20  stm32f10x_usart.o(.text)
    USART_OneBitMethodCmd                    0x080014cd   Thumb Code    20  stm32f10x_usart.o(.text)
    USART_IrDAConfig                         0x080014e1   Thumb Code    16  stm32f10x_usart.o(.text)
    USART_IrDACmd                            0x080014f1   Thumb Code    20  stm32f10x_usart.o(.text)
    USART_GetFlagStatus                      0x08001505   Thumb Code    14  stm32f10x_usart.o(.text)
    USART_ClearFlag                          0x08001513   Thumb Code     6  stm32f10x_usart.o(.text)
    USART_GetITStatus                        0x08001519   Thumb Code    62  stm32f10x_usart.o(.text)
    USART_ClearITPendingBit                  0x08001557   Thumb Code    12  stm32f10x_usart.o(.text)
    vListInitialise                          0x08001579   Thumb Code    22  list.o(.text)
    vListInitialiseItem                      0x0800158f   Thumb Code     6  list.o(.text)
    vListInsertEnd                           0x08001595   Thumb Code    24  list.o(.text)
    vListInsert                              0x080015ad   Thumb Code    48  list.o(.text)
    uxListRemove                             0x080015dd   Thumb Code    36  list.o(.text)
    xQueueGenericReset                       0x08001601   Thumb Code   112  queue.o(.text)
    xQueueGenericCreate                      0x08001671   Thumb Code    64  queue.o(.text)
    xQueueGenericSend                        0x08001773   Thumb Code   250  queue.o(.text)
    xQueueGenericSendFromISR                 0x0800186d   Thumb Code   100  queue.o(.text)
    xQueueGiveFromISR                        0x080018d1   Thumb Code    86  queue.o(.text)
    xQueueGenericReceive                     0x0800194d   Thumb Code   260  queue.o(.text)
    xQueueReceiveFromISR                     0x08001a51   Thumb Code    98  queue.o(.text)
    xQueuePeekFromISR                        0x08001ab3   Thumb Code    44  queue.o(.text)
    uxQueueMessagesWaiting                   0x08001adf   Thumb Code    18  queue.o(.text)
    uxQueueSpacesAvailable                   0x08001af1   Thumb Code    22  queue.o(.text)
    uxQueueMessagesWaitingFromISR            0x08001b07   Thumb Code     4  queue.o(.text)
    vQueueDelete                             0x08001b0b   Thumb Code     4  queue.o(.text)
    uxQueueGetQueueNumber                    0x08001b0f   Thumb Code     4  queue.o(.text)
    vQueueSetQueueNumber                     0x08001b13   Thumb Code     4  queue.o(.text)
    ucQueueGetQueueType                      0x08001b17   Thumb Code     6  queue.o(.text)
    xQueueIsQueueEmptyFromISR                0x08001b1d   Thumb Code    12  queue.o(.text)
    xQueueIsQueueFullFromISR                 0x08001b29   Thumb Code    16  queue.o(.text)
    xTaskCreate                              0x08001c17   Thumb Code    82  tasks.o(.text)
    vTaskDelete                              0x08001c69   Thumb Code   148  tasks.o(.text)
    xTaskIncrementTick                       0x08001cfd   Thumb Code   168  tasks.o(.text)
    xTaskResumeAll                           0x08001da5   Thumb Code   166  tasks.o(.text)
    vTaskSuspendAll                          0x08001eb1   Thumb Code    10  tasks.o(.text)
    vTaskDelayUntil                          0x08001ebb   Thumb Code    78  tasks.o(.text)
    vTaskDelay                               0x08001f09   Thumb Code    44  tasks.o(.text)
    eTaskGetState                            0x08001f35   Thumb Code    92  tasks.o(.text)
    uxTaskPriorityGet                        0x08001f91   Thumb Code    24  tasks.o(.text)
    uxTaskPriorityGetFromISR                 0x08001fa9   Thumb Code    32  tasks.o(.text)
    vTaskPrioritySet                         0x08001fc9   Thumb Code   160  tasks.o(.text)
    vTaskSwitchContext                       0x08002069   Thumb Code    60  tasks.o(.text)
    vTaskSuspend                             0x080020a5   Thumb Code   136  tasks.o(.text)
    vTaskResume                              0x0800212d   Thumb Code    96  tasks.o(.text)
    xTaskResumeFromISR                       0x0800218d   Thumb Code   104  tasks.o(.text)
    vTaskStartScheduler                      0x08002213   Thumb Code    66  tasks.o(.text)
    vTaskEndScheduler                        0x08002255   Thumb Code    24  tasks.o(.text)
    xTaskGetTickCount                        0x0800226d   Thumb Code     6  tasks.o(.text)
    xTaskGetTickCountFromISR                 0x08002273   Thumb Code     6  tasks.o(.text)
    uxTaskGetNumberOfTasks                   0x08002279   Thumb Code     6  tasks.o(.text)
    pcTaskGetName                            0x0800227f   Thumb Code    10  tasks.o(.text)
    vTaskGetTaskInfo                         0x08002289   Thumb Code   128  tasks.o(.text)
    uxTaskGetSystemState                     0x08002379   Thumb Code   156  tasks.o(.text)
    vTaskPlaceOnEventList                    0x08002415   Thumb Code    28  tasks.o(.text)
    vTaskPlaceOnUnorderedEventList           0x08002431   Thumb Code    36  tasks.o(.text)
    xTaskRemoveFromEventList                 0x08002455   Thumb Code    88  tasks.o(.text)
    xTaskRemoveFromUnorderedEventList        0x080024ad   Thumb Code    72  tasks.o(.text)
    vTaskSetTimeOutState                     0x080024f5   Thumb Code    12  tasks.o(.text)
    xTaskCheckForTimeOut                     0x08002501   Thumb Code    66  tasks.o(.text)
    vTaskMissedYield                         0x08002543   Thumb Code     8  tasks.o(.text)
    uxTaskGetTaskNumber                      0x0800254b   Thumb Code     8  tasks.o(.text)
    vTaskSetTaskNumber                       0x08002553   Thumb Code     8  tasks.o(.text)
    xTaskGetCurrentTaskHandle                0x0800255b   Thumb Code     6  tasks.o(.text)
    uxTaskResetEventItemValue                0x08002561   Thumb Code    20  tasks.o(.text)
    ulTaskNotifyTake                         0x08002575   Thumb Code    96  tasks.o(.text)
    xTaskNotifyWait                          0x080025d5   Thumb Code   128  tasks.o(.text)
    xTaskGenericNotify                       0x08002655   Thumb Code   150  tasks.o(.text)
    xTaskGenericNotifyFromISR                0x080026eb   Thumb Code   178  tasks.o(.text)
    vTaskNotifyGiveFromISR                   0x0800279d   Thumb Code   146  tasks.o(.text)
    xTaskNotifyStateClear                    0x0800282f   Thumb Code    44  tasks.o(.text)
    pxPortInitialiseStack                    0x08002991   Thumb Code    28  port.o(.text)
    vPortSetupTimerInterrupt                 0x080029ad   Thumb Code    14  port.o(.text)
    xPortStartScheduler                      0x080029bb   Thumb Code    38  port.o(.text)
    vPortEndScheduler                        0x080029e1   Thumb Code     2  port.o(.text)
    vPortEnterCritical                       0x080029e3   Thumb Code    24  port.o(.text)
    vPortExitCritical                        0x080029fb   Thumb Code    16  port.o(.text)
    xPortSysTickHandler                      0x08002a0b   Thumb Code    40  port.o(.text)
    pvPortMalloc                             0x08002a45   Thumb Code   172  heap_2.o(.text)
    vPortFree                                0x08002af1   Thumb Code    56  heap_2.o(.text)
    xPortGetFreeHeapSize                     0x08002b29   Thumb Code     6  heap_2.o(.text)
    vPortInitialiseBlocks                    0x08002b2f   Thumb Code     2  heap_2.o(.text)
    ethernetif_input                         0x08002b39   Thumb Code    94  ethernetif.o(.text)
    ethernetif_init                          0x08002bc1   Thumb Code    92  ethernetif.o(.text)
    sys_mbox_new                             0x08002c35   Thumb Code    40  sys_arch.o(.text)
    sys_mbox_free                            0x08002c5d   Thumb Code    40  sys_arch.o(.text)
    sys_mbox_post                            0x08002c85   Thumb Code    26  sys_arch.o(.text)
    sys_mbox_trypost                         0x08002c9f   Thumb Code    38  sys_arch.o(.text)
    sys_arch_mbox_fetch                      0x08002cc5   Thumb Code    76  sys_arch.o(.text)
    sys_arch_mbox_tryfetch                   0x08002d11   Thumb Code    28  sys_arch.o(.text)
    sys_sem_new                              0x08002d2d   Thumb Code    88  sys_arch.o(.text)
    sys_arch_sem_wait                        0x08002d85   Thumb Code    66  sys_arch.o(.text)
    sys_sem_signal                           0x08002dc7   Thumb Code    10  sys_arch.o(.text)
    sys_sem_free                             0x08002dd1   Thumb Code    16  sys_arch.o(.text)
    sys_init                                 0x08002de1   Thumb Code    28  sys_arch.o(.text)
    sys_arch_timeouts                        0x08002dfd   Thumb Code    38  sys_arch.o(.text)
    sys_arch_protect                         0x08002e23   Thumb Code    10  sys_arch.o(.text)
    sys_arch_unprotect                       0x08002e2d   Thumb Code     4  sys_arch.o(.text)
    sys_thread_new                           0x08002e31   Thumb Code    60  sys_arch.o(.text)
    sys_assert                               0x08002e6d   Thumb Code     6  sys_arch.o(.text)
    etharp_tmr                               0x08002e81   Thumb Code    78  etharp.o(.text)
    etharp_find_addr                         0x080030e3   Thumb Code    52  etharp.o(.text)
    etharp_ip_input                          0x08003117   Thumb Code    38  etharp.o(.text)
    etharp_arp_input                         0x0800313d   Thumb Code   262  etharp.o(.text)
    etharp_request                           0x08003243   Thumb Code    32  etharp.o(.text)
    etharp_query                             0x08003263   Thumb Code   314  etharp.o(.text)
    etharp_output                            0x0800339d   Thumb Code   186  etharp.o(.text)
    ethernet_input                           0x08003457   Thumb Code    98  etharp.o(.text)
    dns_setserver                            0x080035a1   Thumb Code    34  dns.o(.text)
    dns_init                                 0x08003727   Thumb Code    56  dns.o(.text)
    dns_getserver                            0x0800375f   Thumb Code    20  dns.o(.text)
    dns_tmr                                  0x080038db   Thumb Code    28  dns.o(.text)
    dns_gethostbyname                        0x080038f7   Thumb Code   182  dns.o(.text)
    mem_init                                 0x08003a61   Thumb Code    58  mem.o(.text)
    mem_free                                 0x08003a9b   Thumb Code    98  mem.o(.text)
    mem_realloc                              0x08003afd   Thumb Code   252  mem.o(.text)
    mem_malloc                               0x08003bf9   Thumb Code   250  mem.o(.text)
    mem_calloc                               0x08003cf3   Thumb Code    26  mem.o(.text)
    memp_init                                0x08003d69   Thumb Code   108  memp.o(.text)
    memp_malloc                              0x08003dd5   Thumb Code    80  memp.o(.text)
    memp_free                                0x08003e25   Thumb Code    60  memp.o(.text)
    netif_set_gw                             0x08003e6d   Thumb Code     8  netif.o(.text)
    netif_set_netmask                        0x08003e75   Thumb Code     8  netif.o(.text)
    netif_set_ipaddr                         0x08003e7d   Thumb Code    96  netif.o(.text)
    netif_set_addr                           0x08003edd   Thumb Code    30  netif.o(.text)
    netif_add                                0x08003efb   Thumb Code    68  netif.o(.text)
    netif_set_default                        0x08003f3f   Thumb Code     6  netif.o(.text)
    netif_remove                             0x08003f45   Thumb Code    52  netif.o(.text)
    netif_find                               0x08003f79   Thumb Code    58  netif.o(.text)
    netif_set_up                             0x08003fb3   Thumb Code    28  netif.o(.text)
    netif_set_down                           0x08003fcf   Thumb Code    18  netif.o(.text)
    netif_is_up                              0x08003fe1   Thumb Code    10  netif.o(.text)
    pbuf_free                                0x08004059   Thumb Code    82  pbuf.o(.text)
    pbuf_alloc                               0x080040ab   Thumb Code   280  pbuf.o(.text)
    pbuf_realloc                             0x080041c3   Thumb Code    78  pbuf.o(.text)
    pbuf_header                              0x08004211   Thumb Code    90  pbuf.o(.text)
    pbuf_clen                                0x0800426b   Thumb Code    18  pbuf.o(.text)
    pbuf_ref                                 0x0800427d   Thumb Code    26  pbuf.o(.text)
    pbuf_cat                                 0x08004297   Thumb Code    32  pbuf.o(.text)
    pbuf_chain                               0x080042b7   Thumb Code    16  pbuf.o(.text)
    pbuf_dechain                             0x080042c7   Thumb Code    38  pbuf.o(.text)
    pbuf_copy                                0x080042ed   Thumb Code    88  pbuf.o(.text)
    pbuf_copy_partial                        0x08004345   Thumb Code   100  pbuf.o(.text)
    pbuf_take                                0x080043a9   Thumb Code    88  pbuf.o(.text)
    pbuf_coalesce                            0x08004401   Thumb Code    44  pbuf.o(.text)
    raw_input                                0x0800442d   Thumb Code   100  raw.o(.text)
    raw_bind                                 0x08004491   Thumb Code    10  raw.o(.text)
    raw_connect                              0x0800449b   Thumb Code    10  raw.o(.text)
    raw_recv                                 0x080044a5   Thumb Code     6  raw.o(.text)
    raw_sendto                               0x080044ab   Thumb Code   138  raw.o(.text)
    raw_send                                 0x08004535   Thumb Code     4  raw.o(.text)
    raw_remove                               0x08004539   Thumb Code    40  raw.o(.text)
    raw_new                                  0x08004561   Thumb Code    38  raw.o(.text)
    sys_mbox_fetch                           0x0800458d   Thumb Code   100  sys.o(.text)
    sys_sem_wait                             0x080045f1   Thumb Code    94  sys.o(.text)
    sys_timeout                              0x0800464f   Thumb Code    98  sys.o(.text)
    sys_untimeout                            0x080046b1   Thumb Code    78  sys.o(.text)
    sys_sem_wait_timeout                     0x0800470b   Thumb Code    58  sys.o(.text)
    sys_msleep                               0x08004745   Thumb Code    28  sys.o(.text)
    tcp_seg_free                             0x08004765   Thumb Code    32  tcp.o(.text)
    tcp_segs_free                            0x08004785   Thumb Code    26  tcp.o(.text)
    tcp_pcb_purge                            0x0800479f   Thumb Code    66  tcp.o(.text)
    tcp_slowtmr                              0x080047e1   Thumb Code   572  tcp.o(.text)
    tcp_pcb_remove                           0x08004a1d   Thumb Code    88  tcp.o(.text)
    tcp_close                                0x08004a75   Thumb Code   152  tcp.o(.text)
    tcp_update_rcv_ann_wnd                   0x08004b0d   Thumb Code    52  tcp.o(.text)
    tcp_recved                               0x08004b41   Thumb Code    56  tcp.o(.text)
    tcp_recv_null                            0x08004b79   Thumb Code    34  tcp.o(.text)
    tcp_fasttmr                              0x08004b9b   Thumb Code   110  tcp.o(.text)
    tcp_tmr                                  0x08004c09   Thumb Code    26  tcp.o(.text)
    tcp_abandon                              0x08004c23   Thumb Code   152  tcp.o(.text)
    tcp_bind                                 0x08004d17   Thumb Code   176  tcp.o(.text)
    tcp_listen_with_backlog                  0x08004dcd   Thumb Code   124  tcp.o(.text)
    tcp_eff_send_mss                         0x08004e49   Thumb Code    32  tcp.o(.text)
    tcp_next_iss                             0x08004e69   Thumb Code    12  tcp.o(.text)
    tcp_connect                              0x08004e75   Thumb Code   176  tcp.o(.text)
    tcp_setprio                              0x08004f25   Thumb Code     4  tcp.o(.text)
    tcp_seg_copy                             0x08004f29   Thumb Code    36  tcp.o(.text)
    tcp_alloc                                0x08004f4d   Thumb Code   280  tcp.o(.text)
    tcp_new                                  0x08005065   Thumb Code     4  tcp.o(.text)
    tcp_arg                                  0x08005069   Thumb Code     4  tcp.o(.text)
    tcp_recv                                 0x0800506d   Thumb Code     6  tcp.o(.text)
    tcp_sent                                 0x08005073   Thumb Code     6  tcp.o(.text)
    tcp_err                                  0x08005079   Thumb Code     6  tcp.o(.text)
    tcp_accept                               0x0800507f   Thumb Code     4  tcp.o(.text)
    tcp_poll                                 0x08005083   Thumb Code    10  tcp.o(.text)
    tcp_debug_state_str                      0x0800508d   Thumb Code     8  tcp.o(.text)
    tcp_input                                0x08005c65   Thumb Code   914  tcp_in.o(.text)
    tcp_enqueue                              0x080060e1   Thumb Code   824  tcp_out.o(.text)
    tcp_send_ctrl                            0x08006419   Thumb Code    22  tcp_out.o(.text)
    tcp_write                                0x0800642f   Thumb Code    46  tcp_out.o(.text)
    tcp_send_empty_ack                       0x0800645d   Thumb Code   106  tcp_out.o(.text)
    tcp_output                               0x08006597   Thumb Code   420  tcp_out.o(.text)
    tcp_rst                                  0x0800673b   Thumb Code   184  tcp_out.o(.text)
    tcp_rexmit_rto                           0x080067f3   Thumb Code    44  tcp_out.o(.text)
    tcp_rexmit                               0x0800681f   Thumb Code    72  tcp_out.o(.text)
    tcp_rexmit_fast                          0x08006867   Thumb Code    92  tcp_out.o(.text)
    tcp_keepalive                            0x080068c3   Thumb Code   114  tcp_out.o(.text)
    tcp_zero_window_probe                    0x08006935   Thumb Code   180  tcp_out.o(.text)
    udp_input                                0x080069ed   Thumb Code   428  udp.o(.text)
    udp_bind                                 0x08006b99   Thumb Code    86  udp.o(.text)
    udp_sendto_if                            0x08006bef   Thumb Code   218  udp.o(.text)
    udp_sendto                               0x08006cc9   Thumb Code    50  udp.o(.text)
    udp_send                                 0x08006cfb   Thumb Code     6  udp.o(.text)
    udp_connect                              0x08006d01   Thumb Code    70  udp.o(.text)
    udp_disconnect                           0x08006d47   Thumb Code    20  udp.o(.text)
    udp_recv                                 0x08006d5b   Thumb Code     6  udp.o(.text)
    udp_remove                               0x08006d61   Thumb Code    40  udp.o(.text)
    udp_new                                  0x08006d89   Thumb Code    26  udp.o(.text)
    icmp_input                               0x08006db1   Thumb Code   422  icmp.o(.text)
    icmp_dest_unreach                        0x08006fc7   Thumb Code     6  icmp.o(.text)
    icmp_time_exceeded                       0x08006fcd   Thumb Code     6  icmp.o(.text)
    htonl                                    0x08006fd9   Thumb Code     4  inet.o(.text)
    inet_aton                                0x08006fdd   Thumb Code   238  inet.o(.text)
    inet_addr                                0x080070cb   Thumb Code    20  inet.o(.text)
    inet_ntoa                                0x080070df   Thumb Code    80  inet.o(.text)
    htons                                    0x0800712f   Thumb Code     4  inet.o(.text)
    ntohs                                    0x08007133   Thumb Code     4  inet.o(.text)
    ntohl                                    0x08007137   Thumb Code     4  inet.o(.text)
    inet_chksum_pseudo                       0x0800717d   Thumb Code   134  inet_chksum.o(.text)
    inet_chksum                              0x08007203   Thumb Code    12  inet_chksum.o(.text)
    inet_chksum_pbuf                         0x0800720f   Thumb Code    72  inet_chksum.o(.text)
    ip_route                                 0x08007259   Thumb Code    72  ip.o(.text)
    ip_input                                 0x08007349   Thumb Code   494  ip.o(.text)
    ip_output_if                             0x08007537   Thumb Code   236  ip.o(.text)
    ip_output                                0x08007623   Thumb Code    78  ip.o(.text)
    ip_addr_isbroadcast                      0x08007675   Thumb Code    48  ip_addr.o(.text)
    ip_reass_tmr                             0x0800770f   Thumb Code    40  ip_frag.o(.text)
    ip_reass                                 0x0800788d   Thumb Code   468  ip_frag.o(.text)
    ip_frag                                  0x08007a61   Thumb Code   320  ip_frag.o(.text)
    vlwIPInit                                0x08007bc9   Thumb Code    26  lwipentry.o(.text)
    LwIPEntry                                0x08007be3   Thumb Code    98  lwipentry.o(.text)
    netconn_new_with_proto_and_callback      0x08007c49   Thumb Code    66  api_lib.o(.text)
    netconn_delete                           0x08007c8b   Thumb Code    36  api_lib.o(.text)
    netconn_getaddr                          0x08007caf   Thumb Code    32  api_lib.o(.text)
    netconn_bind                             0x08007ccf   Thumb Code    30  api_lib.o(.text)
    netconn_connect                          0x08007ced   Thumb Code    30  api_lib.o(.text)
    netconn_disconnect                       0x08007d0b   Thumb Code    24  api_lib.o(.text)
    netconn_listen_with_backlog              0x08007d23   Thumb Code    24  api_lib.o(.text)
    netconn_accept                           0x08007d3b   Thumb Code    30  api_lib.o(.text)
    netconn_recv                             0x08007d59   Thumb Code   222  api_lib.o(.text)
    netconn_send                             0x08007e37   Thumb Code    26  api_lib.o(.text)
    netconn_sendto                           0x08007e51   Thumb Code    14  api_lib.o(.text)
    netconn_write                            0x08007e5f   Thumb Code    32  api_lib.o(.text)
    netconn_close                            0x08007e7f   Thumb Code    24  api_lib.o(.text)
    netconn_gethostbyname                    0x08007e97   Thumb Code    64  api_lib.o(.text)
    netconn_free                             0x0800827d   Thumb Code   104  api_msg.o(.text)
    netconn_alloc                            0x080082e5   Thumb Code    88  api_msg.o(.text)
    do_newconn                               0x08008389   Thumb Code    28  api_msg.o(.text)
    do_delconn                               0x080083a5   Thumb Code   102  api_msg.o(.text)
    do_bind                                  0x0800840b   Thumb Code    92  api_msg.o(.text)
    do_connect                               0x08008493   Thumb Code    96  api_msg.o(.text)
    do_disconnect                            0x080084f3   Thumb Code    34  api_msg.o(.text)
    do_listen                                0x08008515   Thumb Code   142  api_msg.o(.text)
    do_send                                  0x080085a3   Thumb Code   118  api_msg.o(.text)
    do_recv                                  0x08008619   Thumb Code    46  api_msg.o(.text)
    do_write                                 0x08008647   Thumb Code    52  api_msg.o(.text)
    do_getaddr                               0x0800867b   Thumb Code   114  api_msg.o(.text)
    do_close                                 0x080086ed   Thumb Code    32  api_msg.o(.text)
    do_gethostbyname                         0x08008727   Thumb Code    36  api_msg.o(.text)
    netbuf_new                               0x080087e1   Thumb Code    24  netbuf.o(.text)
    netbuf_delete                            0x080087f9   Thumb Code    34  netbuf.o(.text)
    netbuf_alloc                             0x0800881b   Thumb Code    36  netbuf.o(.text)
    netbuf_free                              0x0800883f   Thumb Code    20  netbuf.o(.text)
    netbuf_ref                               0x08008853   Thumb Code    56  netbuf.o(.text)
    netbuf_chain                             0x0800888b   Thumb Code    30  netbuf.o(.text)
    netbuf_data                              0x080088a9   Thumb Code    24  netbuf.o(.text)
    netbuf_next                              0x080088c1   Thumb Code    26  netbuf.o(.text)
    netbuf_first                             0x080088db   Thumb Code     6  netbuf.o(.text)
    tcp_timer_needed                         0x08008909   Thumb Code    36  tcpip.o(.text)
    tcpip_input                              0x08008a05   Thumb Code    68  tcpip.o(.text)
    tcpip_callback_with_block                0x08008a49   Thumb Code    86  tcpip.o(.text)
    tcpip_timeout                            0x08008a9f   Thumb Code    58  tcpip.o(.text)
    tcpip_untimeout                          0x08008ad9   Thumb Code    52  tcpip.o(.text)
    tcpip_apimsg                             0x08008b0d   Thumb Code    48  tcpip.o(.text)
    tcpip_init                               0x08008b3d   Thumb Code    36  tcpip.o(.text)
    pbuf_free_callback                       0x08008b65   Thumb Code     8  tcpip.o(.text)
    mem_free_callback                        0x08008b6d   Thumb Code     8  tcpip.o(.text)
    __aeabi_memcpy                           0x08008bad   Thumb Code    36  memcpya.o(.text)
    __aeabi_memcpy4                          0x08008bad   Thumb Code     0  memcpya.o(.text)
    __aeabi_memcpy8                          0x08008bad   Thumb Code     0  memcpya.o(.text)
    __aeabi_memset                           0x08008bd1   Thumb Code    14  memseta.o(.text)
    __aeabi_memset4                          0x08008bd1   Thumb Code     0  memseta.o(.text)
    __aeabi_memset8                          0x08008bd1   Thumb Code     0  memseta.o(.text)
    __aeabi_memclr                           0x08008bdf   Thumb Code     4  memseta.o(.text)
    __aeabi_memclr4                          0x08008bdf   Thumb Code     0  memseta.o(.text)
    __aeabi_memclr8                          0x08008bdf   Thumb Code     0  memseta.o(.text)
    _memset$wrapper                          0x08008be3   Thumb Code    18  memseta.o(.text)
    strlen                                   0x08008bf5   Thumb Code    14  strlen.o(.text)
    strcmp                                   0x08008c03   Thumb Code    28  strcmp.o(.text)
    strcpy                                   0x08008c1f   Thumb Code    18  strcpy.o(.text)
    __aeabi_uidiv                            0x08008c31   Thumb Code     0  uidiv.o(.text)
    __aeabi_uidivmod                         0x08008c31   Thumb Code    44  uidiv.o(.text)
    __aeabi_uldivmod                         0x08008c5d   Thumb Code    98  uldiv.o(.text)
    __I$use$fp                               0x08008cbf   Thumb Code     0  iusefp.o(.text)
    __aeabi_dadd                             0x08008cbf   Thumb Code   322  dadd.o(.text)
    __aeabi_dsub                             0x08008e01   Thumb Code     6  dadd.o(.text)
    __aeabi_drsub                            0x08008e07   Thumb Code     6  dadd.o(.text)
    __aeabi_dmul                             0x08008e0d   Thumb Code   228  dmul.o(.text)
    __aeabi_ddiv                             0x08008ef1   Thumb Code   222  ddiv.o(.text)
    __aeabi_d2ulz                            0x08008fcf   Thumb Code    48  dfixul.o(.text)
    __aeabi_cdrcmple                         0x08009001   Thumb Code    38  cdrcmple.o(.text)
    __scatterload                            0x08009029   Thumb Code    28  init.o(.text)
    __scatterload_rt2                        0x08009029   Thumb Code     0  init.o(.text)
    __aeabi_llsl                             0x0800904d   Thumb Code    30  llshl.o(.text)
    _ll_shift_l                              0x0800904d   Thumb Code     0  llshl.o(.text)
    __aeabi_llsr                             0x0800906b   Thumb Code    32  llushr.o(.text)
    _ll_ushift_r                             0x0800906b   Thumb Code     0  llushr.o(.text)
    __aeabi_lasr                             0x0800908b   Thumb Code    36  llsshr.o(.text)
    _ll_sshift_r                             0x0800908b   Thumb Code     0  llsshr.o(.text)
    _double_round                            0x080090af   Thumb Code    26  depilogue.o(.text)
    _double_epilogue                         0x080090c9   Thumb Code   156  depilogue.o(.text)
    __decompress                             0x08009165   Thumb Code     0  __dczerorl2.o(.text)
    __decompress1                            0x08009165   Thumb Code    86  __dczerorl2.o(.text)
    __0vsprintf                              0x080091bd   Thumb Code    30  printfa.o(i.__0vsprintf)
    __1vsprintf                              0x080091bd   Thumb Code     0  printfa.o(i.__0vsprintf)
    __2vsprintf                              0x080091bd   Thumb Code     0  printfa.o(i.__0vsprintf)
    __c89vsprintf                            0x080091bd   Thumb Code     0  printfa.o(i.__0vsprintf)
    vsprintf                                 0x080091bd   Thumb Code     0  printfa.o(i.__0vsprintf)
    __scatterload_copy                       0x080091e1   Thumb Code    14  handlers.o(i.__scatterload_copy)
    __scatterload_null                       0x080091ef   Thumb Code     2  handlers.o(i.__scatterload_null)
    __scatterload_zeroinit                   0x080091f1   Thumb Code    14  handlers.o(i.__scatterload_zeroinit)
    bsp_74hc595_set_DATA                     0x08009a9d   Thumb Code    18  app_display.o(i.bsp_74hc595_set_DATA)
    bsp_74hc595_set_LOCK                     0x08009ab5   Thumb Code    18  app_display.o(i.bsp_74hc595_set_LOCK)
    bsp_74hc595_set_OE                       0x08009acd   Thumb Code    16  app_display.o(i.bsp_74hc595_set_OE)
    bsp_74hc595_set_OFFSET                   0x08009ae1   Thumb Code    18  app_display.o(i.bsp_74hc595_set_OFFSET)
    ethbroadcast                             0x08009afe   Data           6  etharp.o(.constdata)
    ethzero                                  0x08009b04   Data           6  etharp.o(.constdata)
    tcp_persist_backoff                      0x08009b42   Data           7  tcp.o(.constdata)
    tcp_backoff                              0x08009b49   Data          13  tcp.o(.constdata)
    ip_addr_any                              0x08009b56   Data           4  ip_addr.o(.constdata)
    Region$$Table$$Base                      0x08009c4c   Number         0  anon$$obj.o(Region$$Table)
    Region$$Table$$Limit                     0x08009c6c   Number         0  anon$$obj.o(Region$$Table)
    serverIP                                 0x20000000   Data           4  netconfig.o(.data)
    maskIP                                   0x20000004   Data           4  netconfig.o(.data)
    gateIP                                   0x20000008   Data           4  netconfig.o(.data)
    m_mac                                    0x2000000c   Data           6  netconfig.o(.data)
    pxCurrentTCB                             0x20000030   Data           4  tasks.o(.data)
    netif_list                               0x200000b0   Data           4  netif.o(.data)
    netif_default                            0x200000b4   Data           4  netif.o(.data)
    tcp_ticks                                0x200000c8   Data           4  tcp.o(.data)
    tcp_bound_pcbs                           0x200000cc   Data           4  tcp.o(.data)
    tcp_listen_pcbs                          0x200000d0   Data           4  tcp.o(.data)
    tcp_active_pcbs                          0x200000d4   Data           4  tcp.o(.data)
    tcp_tw_pcbs                              0x200000d8   Data           4  tcp.o(.data)
    tcp_tmp_pcb                              0x200000dc   Data           4  tcp.o(.data)
    tcp_state_str                            0x200000e0   Data          44  tcp.o(.data)
    tcp_input_pcb                            0x20000124   Data           4  tcp_in.o(.data)
    udp_pcbs                                 0x20000128   Data           4  udp.o(.data)
    current_netif                            0x20000130   Data           4  ip.o(.data)
    current_header                           0x20000134   Data           4  ip.o(.data)
    DM9000AEP                                0x20000150   Data          48  netconfig.o(.bss)
    Rx_Data_Buf                              0x200046e4   Data        1516  ethernetif.o(.bss)
    Tx_Data_Buf                              0x20004cd0   Data        1516  ethernetif.o(.bss)
    lwip_stats                               0x20009224   Data         330  stats.o(.bss)
    __initial_sp                             0x20009f68   Data           0  cstartup.o(STACK)



==============================================================================

Memory Map of the image

  Image Entry point : 0x080000ed

  Load Region LR_IROM1 (Base: 0x08000000, Size: 0x00009dbc, Max: 0x00040000, ABSOLUTE, COMPRESSED[0x00009cb0])

    Execution Region ER_IROM1 (Base: 0x08000000, Size: 0x00009c6c, Max: 0x00040000, ABSOLUTE)

    Base Addr    Size         Type   Attr      Idx    E Section Name        Object

    0x08000000   0x000000ec   Data   RO          511    RESET               cstartup.o
    0x080000ec   0x00000000   Code   RO         1730  * .ARM.Collect$$$$00000000  mc_w.l(entry.o)
    0x080000ec   0x00000004   Code   RO         1775    .ARM.Collect$$$$00000001  mc_w.l(entry2.o)
    0x080000f0   0x00000004   Code   RO         1778    .ARM.Collect$$$$00000004  mc_w.l(entry5.o)
    0x080000f4   0x00000000   Code   RO         1780    .ARM.Collect$$$$00000008  mc_w.l(entry7b.o)
    0x080000f4   0x00000000   Code   RO         1782    .ARM.Collect$$$$0000000A  mc_w.l(entry8b.o)
    0x080000f4   0x00000008   Code   RO         1783    .ARM.Collect$$$$0000000B  mc_w.l(entry9a.o)
    0x080000fc   0x00000000   Code   RO         1785    .ARM.Collect$$$$0000000D  mc_w.l(entry10a.o)
    0x080000fc   0x00000000   Code   RO         1787    .ARM.Collect$$$$0000000F  mc_w.l(entry11a.o)
    0x080000fc   0x00000004   Code   RO         1776    .ARM.Collect$$$$00002712  mc_w.l(entry2.o)
    0x08000100   0x00000096   Code   RO          761    .emb_text           port.o
    0x08000196   0x00000002   PAD
    0x08000198   0x0000008c   Code   RO            3    .text               main.o
    0x08000224   0x00000094   Code   RO          196    .text               app_led.o
    0x080002b8   0x000000cc   Code   RO          233    .text               netconfig.o
    0x08000384   0x000001ec   Code   RO          318    .text               app_serial.o
    0x08000570   0x000000e8   Code   RO          365    .text               app_display.o
    0x08000658   0x00000104   Code   RO          424    .text               bsp.o
    0x0800075c   0x000003c8   Code   RO          460    .text               dm9000x.o
    0x08000b24   0x00000144   Code   RO          488    .text               i2c_bus.o
    0x08000c68   0x0000001c   Code   RO          512    .text               cstartup.o
    0x08000c84   0x00000264   Code   RO          518    .text               stm32f10x_gpio.o
    0x08000ee8   0x000002b8   Code   RO          538    .text               stm32f10x_rcc.o
    0x080011a0   0x000000b0   Code   RO          586    .text               misc.o
    0x08001250   0x00000328   Code   RO          606    .text               stm32f10x_usart.o
    0x08001578   0x00000088   Code   RO          696    .text               list.o
    0x08001600   0x00000552   Code   RO          708    .text               queue.o
    0x08001b52   0x00000002   PAD
    0x08001b54   0x00000e2c   Code   RO          723    .text               tasks.o
    0x08002980   0x000000c4   Code   RO          762    .text               port.o
    0x08002a44   0x000000f4   Code   RO          792    .text               heap_2.o
    0x08002b38   0x000000fc   Code   RO          809    .text               ethernetif.o
    0x08002c34   0x0000024c   Code   RO          845    .text               sys_arch.o
    0x08002e80   0x00000720   Code   RO          891    .text               etharp.o
    0x080035a0   0x000004c0   Code   RO          978    .text               dns.o
    0x08003a60   0x00000308   Code   RO         1031    .text               mem.o
    0x08003d68   0x00000104   Code   RO         1049    .text               memp.o
    0x08003e6c   0x0000018c   Code   RO         1082    .text               netif.o
    0x08003ff8   0x00000434   Code   RO         1105    .text               pbuf.o
    0x0800442c   0x00000160   Code   RO         1132    .text               raw.o
    0x0800458c   0x000001d8   Code   RO         1158    .text               sys.o
    0x08004764   0x00000938   Code   RO         1179    .text               tcp.o
    0x0800509c   0x00000fc8   Code   RO         1201    .text               tcp_in.o
    0x08006064   0x00000988   Code   RO         1224    .text               tcp_out.o
    0x080069ec   0x000003c4   Code   RO         1236    .text               udp.o
    0x08006db0   0x00000228   Code   RO         1254    .text               icmp.o
    0x08006fd8   0x00000168   Code   RO         1272    .text               inet.o
    0x08007140   0x00000116   Code   RO         1286    .text               inet_chksum.o
    0x08007256   0x00000002   PAD
    0x08007258   0x0000041c   Code   RO         1302    .text               ip.o
    0x08007674   0x00000030   Code   RO         1323    .text               ip_addr.o
    0x080076a4   0x00000524   Code   RO         1346    .text               ip_frag.o
    0x08007bc8   0x00000080   Code   RO         1363    .text               lwipentry.o
    0x08007c48   0x000002c0   Code   RO         1450    .text               api_lib.o
    0x08007f08   0x000008d8   Code   RO         1498    .text               api_msg.o
    0x080087e0   0x00000100   Code   RO         1559    .text               netbuf.o
    0x080088e0   0x000002cc   Code   RO         1673    .text               tcpip.o
    0x08008bac   0x00000024   Code   RO         1733    .text               mc_w.l(memcpya.o)
    0x08008bd0   0x00000024   Code   RO         1735    .text               mc_w.l(memseta.o)
    0x08008bf4   0x0000000e   Code   RO         1737    .text               mc_w.l(strlen.o)
    0x08008c02   0x0000001c   Code   RO         1739    .text               mc_w.l(strcmp.o)
    0x08008c1e   0x00000012   Code   RO         1741    .text               mc_w.l(strcpy.o)
    0x08008c30   0x0000002c   Code   RO         1792    .text               mc_w.l(uidiv.o)
    0x08008c5c   0x00000062   Code   RO         1794    .text               mc_w.l(uldiv.o)
    0x08008cbe   0x00000000   Code   RO         1805    .text               mc_w.l(iusefp.o)
    0x08008cbe   0x0000014e   Code   RO         1806    .text               mf_w.l(dadd.o)
    0x08008e0c   0x000000e4   Code   RO         1808    .text               mf_w.l(dmul.o)
    0x08008ef0   0x000000de   Code   RO         1810    .text               mf_w.l(ddiv.o)
    0x08008fce   0x00000030   Code   RO         1812    .text               mf_w.l(dfixul.o)
    0x08008ffe   0x00000002   PAD
    0x08009000   0x00000028   Code   RO         1814    .text               mf_w.l(cdrcmple.o)
    0x08009028   0x00000024   Code   RO         1816    .text               mc_w.l(init.o)
    0x0800904c   0x0000001e   Code   RO         1819    .text               mc_w.l(llshl.o)
    0x0800906a   0x00000020   Code   RO         1821    .text               mc_w.l(llushr.o)
    0x0800908a   0x00000024   Code   RO         1823    .text               mc_w.l(llsshr.o)
    0x080090ae   0x000000b6   Code   RO         1856    .text               mf_w.l(depilogue.o)
    0x08009164   0x00000056   Code   RO         1868    .text               mc_w.l(__dczerorl2.o)
    0x080091ba   0x00000002   PAD
    0x080091bc   0x00000024   Code   RO         1752    i.__0vsprintf       mc_w.l(printfa.o)
    0x080091e0   0x0000000e   Code   RO         1862    i.__scatterload_copy  mc_w.l(handlers.o)
    0x080091ee   0x00000002   Code   RO         1863    i.__scatterload_null  mc_w.l(handlers.o)
    0x080091f0   0x0000000e   Code   RO         1864    i.__scatterload_zeroinit  mc_w.l(handlers.o)
    0x080091fe   0x00000002   PAD
    0x08009200   0x00000164   Code   RO         1753    i._fp_digits        mc_w.l(printfa.o)
    0x08009364   0x000006dc   Code   RO         1754    i._printf_core      mc_w.l(printfa.o)
    0x08009a40   0x00000024   Code   RO         1755    i._printf_post_padding  mc_w.l(printfa.o)
    0x08009a64   0x0000002e   Code   RO         1756    i._printf_pre_padding  mc_w.l(printfa.o)
    0x08009a92   0x0000000a   Code   RO         1758    i._sputc            mc_w.l(printfa.o)
    0x08009a9c   0x00000018   Code   RO          395    i.bsp_74hc595_set_DATA  app_display.o
    0x08009ab4   0x00000018   Code   RO          385    i.bsp_74hc595_set_LOCK  app_display.o
    0x08009acc   0x00000014   Code   RO          380    i.bsp_74hc595_set_OE  app_display.o
    0x08009ae0   0x00000018   Code   RO          390    i.bsp_74hc595_set_OFFSET  app_display.o
    0x08009af8   0x00000006   Data   RO          197    .constdata          app_led.o
    0x08009afe   0x0000000c   Data   RO          893    .constdata          etharp.o
    0x08009b0a   0x00000038   Data   RO         1051    .constdata          memp.o
    0x08009b42   0x00000014   Data   RO         1180    .constdata          tcp.o
    0x08009b56   0x00000004   Data   RO         1324    .constdata          ip_addr.o
    0x08009b5a   0x00000002   PAD
    0x08009b5c   0x00000075   Data   RO         1181    .conststring        tcp.o
    0x08009bd1   0x00000003   PAD
    0x08009bd4   0x00000078   Data   RO         1364    .conststring        lwipentry.o
    0x08009c4c   0x00000020   Data   RO         1860    Region$$Table       anon$$obj.o


    Execution Region RW_IRAM1 (Base: 0x20000000, Size: 0x00009f68, Max: 0x0000c000, ABSOLUTE, COMPRESSED[0x00000044])

    Base Addr    Size         Type   Attr      Idx    E Section Name        Object

    0x20000000   0x00000012   Data   RW          241    .data               netconfig.o
    0x20000012   0x00000002   PAD
    0x20000014   0x00000008   Data   RW          319    .data               app_serial.o
    0x2000001c   0x00000014   Data   RW          539    .data               stm32f10x_rcc.o
    0x20000030   0x0000003c   Data   RW          725    .data               tasks.o
    0x2000006c   0x00000004   Data   RW          763    .data               port.o
    0x20000070   0x00000018   Data   RW          794    .data               heap_2.o
    0x20000088   0x00000002   Data   RW          847    .data               sys_arch.o
    0x2000008a   0x00000001   Data   RW          894    .data               etharp.o
    0x2000008b   0x00000001   PAD
    0x2000008c   0x00000010   Data   RW          980    .data               dns.o
    0x2000009c   0x00000010   Data   RW         1033    .data               mem.o
    0x200000ac   0x0000000c   Data   RW         1083    .data               netif.o
    0x200000b8   0x00000001   Data   RW         1106    .data               pbuf.o
    0x200000b9   0x00000003   PAD
    0x200000bc   0x00000004   Data   RW         1133    .data               raw.o
    0x200000c0   0x0000004c   Data   RW         1182    .data               tcp.o
    0x2000010c   0x0000001c   Data   RW         1203    .data               tcp_in.o
    0x20000128   0x00000004   Data   RW         1237    .data               udp.o
    0x2000012c   0x0000000c   Data   RW         1303    .data               ip.o
    0x20000138   0x00000008   Data   RW         1348    .data               ip_frag.o
    0x20000140   0x00000010   Data   RW         1674    .data               tcpip.o
    0x20000150   0x00000030   Zero   RW          235    .bss                netconfig.o
    0x20000180   0x00000038   Zero   RW          489    .bss                i2c_bus.o
    0x200001b8   0x0000012c   Zero   RW          724    .bss                tasks.o
    0x200002e4   0x00004400   Zero   RW          793    .bss                heap_2.o
    0x200046e4   0x00000bd8   Zero   RW          810    .bss                ethernetif.o
    0x200052bc   0x00000028   Zero   RW          846    .bss                sys_arch.o
    0x200052e4   0x000000c8   Zero   RW          892    .bss                etharp.o
    0x200053ac   0x00000660   Zero   RW          979    .bss                dns.o
    0x20005a0c   0x000007e4   Zero   RW         1032    .bss                mem.o
    0x200061f0   0x00003033   Zero   RW         1050    .bss                memp.o
    0x20009223   0x00000001   PAD
    0x20009224   0x0000014a   Zero   RW         1146    .bss                stats.o
    0x2000936e   0x00000002   PAD
    0x20009370   0x00000014   Zero   RW         1202    .bss                tcp_in.o
    0x20009384   0x00000010   Zero   RW         1273    .bss                inet.o
    0x20009394   0x000007d4   Zero   RW         1347    .bss                ip_frag.o
    0x20009b68   0x00000400   Zero   RW          509    STACK               cstartup.o


==============================================================================

Image component sizes


      Code (inc. data)   RO Data    RW Data    ZI Data      Debug   Object Name

       704         50          0          0          0      18574   api_lib.o
      2264         38          0          0          0      24983   api_msg.o
       324         28          0          0          0       5789   app_display.o
       148         10          6          0          0       1282   app_led.o
       492         30          0          8          0       9878   app_serial.o
       260         12          0          0          0       2107   bsp.o
        28          4        236          0       1024        784   cstartup.o
       968         20          0          0          0       4106   dm9000x.o
      1216         50          0         16       1632       5547   dns.o
      1824         30         12          1        200      16359   etharp.o
       252         24          0          0       3032       3628   ethernetif.o
         0          0          0          0          0       9524   event_groups.o
       244          8          0         24      17408       2944   heap_2.o
       324         14          0          0         56       2742   i2c_bus.o
       552          6          0          0          0       2134   icmp.o
       360         12          0          0         16       2866   inet.o
       278          0          0          0          0       4922   inet_chksum.o
         0          0          0          0          0        664   init.o
      1052         20          0         12          0       5758   ip.o
        48          0          4          0          0       5313   ip_addr.o
      1316         22          0          8       2004       4684   ip_frag.o
       136          0          0          0          0       1634   list.o
       128          4        120          0          0      18397   lwipentry.o
       140         46          0          0          0     253942   main.o
       776         14          0         16       2020       3494   mem.o
       260         12         56          0      12339       3018   memp.o
       176         14          0          0          0       1641   misc.o
       256          0          0          0          0       6173   netbuf.o
       204         18          0         18         48      15434   netconfig.o
       396         14          0         12          0       4818   netif.o
      1076         14          0          1          0       5650   pbuf.o
       346         30          0          4          0       6934   port.o
      1362          6          0          0          0       9129   queue.o
       352          6          0          4          0       2869   raw.o
         0          0          0          0        330       3317   stats.o
       612         36          0          0          0       4913   stm32f10x_gpio.o
       696         32          0         20          0       8016   stm32f10x_rcc.o
       808         22          0          0          0       7240   stm32f10x_usart.o
       472          4          0          0          0       2664   sys.o
       588         14          0          2         40       7918   sys_arch.o
      3628         84          0         60        300      26542   tasks.o
      2360         46        137         76          0      16571   tcp.o
      4040         80          0         28         20      13248   tcp_in.o
      2440         28          0          0          0       5402   tcp_out.o
       716         62          0         16          0      20424   tcpip.o
       964         14          0          4          0       5273   udp.o

    ----------------------------------------------------------------------
     35592        978        608        336      40472     589249   Object Totals
         0          0         32          0          0          0   (incl. Generated)
         6          0          5          6          3          0   (incl. Padding)

    ----------------------------------------------------------------------

      Code (inc. data)   RO Data    RW Data    ZI Data      Debug   Library Member Name

        86          0          0          0          0          0   __dczerorl2.o
         0          0          0          0          0          0   entry.o
         0          0          0          0          0          0   entry10a.o
         0          0          0          0          0          0   entry11a.o
         8          4          0          0          0          0   entry2.o
         4          0          0          0          0          0   entry5.o
         0          0          0          0          0          0   entry7b.o
         0          0          0          0          0          0   entry8b.o
         8          4          0          0          0          0   entry9a.o
        30          0          0          0          0          0   handlers.o
        36          8          0          0          0         68   init.o
         0          0          0          0          0          0   iusefp.o
        30          0          0          0          0         68   llshl.o
        36          0          0          0          0         68   llsshr.o
        32          0          0          0          0         68   llushr.o
        36          0          0          0          0         68   memcpya.o
        36          0          0          0          0        108   memseta.o
      2240         86          0          0          0        508   printfa.o
        28          0          0          0          0         76   strcmp.o
        18          0          0          0          0         68   strcpy.o
        14          0          0          0          0         68   strlen.o
        44          0          0          0          0         80   uidiv.o
        98          0          0          0          0         92   uldiv.o
        40          2          0          0          0         68   cdrcmple.o
       334          0          0          0          0        148   dadd.o
       222          0          0          0          0        100   ddiv.o
       182          0          0          0          0        176   depilogue.o
        48          0          0          0          0         68   dfixul.o
       228          0          0          0          0         96   dmul.o

    ----------------------------------------------------------------------
      3844        104          0          0          0       1996   Library Totals
         6          0          0          0          0          0   (incl. Padding)

    ----------------------------------------------------------------------

      Code (inc. data)   RO Data    RW Data    ZI Data      Debug   Library Name

      2784        102          0          0          0       1340   mc_w.l
      1054          2          0          0          0        656   mf_w.l

    ----------------------------------------------------------------------
      3844        104          0          0          0       1996   Library Totals

    ----------------------------------------------------------------------

==============================================================================


      Code (inc. data)   RO Data    RW Data    ZI Data      Debug   

     39436       1082        608        336      40472     585653   Grand Totals
     39436       1082        608         68      40472     585653   ELF Image Totals (compressed)
     39436       1082        608         68          0          0   ROM Totals

==============================================================================

    Total RO  Size (Code + RO Data)                40044 (  39.11kB)
    Total RW  Size (RW Data + ZI Data)             40808 (  39.85kB)
    Total ROM Size (Code + RO Data + RW Data)      40112 (  39.17kB)

==============================================================================

