Product: MDK-ARM Standard 5.10
Component: ARM Compiler 5.04 update 1 (build 49)
Tool: armlink [5040049]

==============================================================================

Section Cross References

    main.o(.text) refers to bsp.o(.text) for bsp_init
    main.o(.text) refers to app_serial.o(.text) for dbg_string
    main.o(.text) refers to lwipentry.o(.text) for vlwIPInit
    main.o(.text) refers to netconfig.o(.text) for LwIP_Init
    main.o(.text) refers to queue.o(.text) for xQueueCreateMutex
    main.o(.text) refers to sys_arch.o(.text) for sys_thread_new
    main.o(.text) refers to tasks.o(.text) for xTaskCreate
    main.o(.text) refers to main.o(.bss) for global_source
    main.o(.text) refers to app_display.o(.text) for app_display_show_task
    main.o(.text) refers to app_led.o(.text) for app_led_task_blink
    main.o(.text) refers to app_sht10.o(.text) for app_sht10_task
    main.o(.text) refers to app_ds3231.o(.text) for app_ds3231_task
    main.o(.text) refers to app_buz.o(.text) for app_buz_task
    app_led.o(.text) refers to stm32f10x_rcc.o(.text) for RCC_APB2PeriphClockCmd
    app_led.o(.text) refers to stm32f10x_gpio.o(.text) for GPIO_Init
    app_led.o(.text) refers to tasks.o(.text) for xTaskGetTickCount
    app_led.o(.text) refers to app_led.o(.constdata) for .constdata
    netconfig.o(.text) refers to inet.o(.text) for htonl
    netconfig.o(.text) refers to netif.o(.text) for netif_add
    netconfig.o(.text) refers to netconfig.o(.data) for serverIP
    netconfig.o(.text) refers to netconfig.o(.bss) for DM9000AEP
    netconfig.o(.text) refers to tcpip.o(.text) for tcpip_input
    netconfig.o(.text) refers to ethernetif.o(.text) for ethernetif_init
    app_serial.o(.text) refers to queue.o(.text) for xQueueGenericSend
    app_serial.o(.text) refers to stm32f10x_usart.o(.text) for USART_ITConfig
    app_serial.o(.text) refers to tasks.o(.text) for vTaskDelay
    app_serial.o(.text) refers to printfa.o(i.__0vsprintf) for __c89vsprintf
    app_serial.o(.text) refers to stm32f10x_rcc.o(.text) for RCC_APB2PeriphClockCmd
    app_serial.o(.text) refers to stm32f10x_gpio.o(.text) for GPIO_Init
    app_serial.o(.text) refers to misc.o(.text) for NVIC_Init
    app_serial.o(.text) refers to app_serial.o(.data) for xCharsForTx
    app_display.o(.text) refers to app_display.o(i.bsp_74hc595_set_SH_CP) for bsp_74hc595_set_SH_CP
    app_display.o(.text) refers to app_display.o(i.bsp_74hc595_set_DATA) for bsp_74hc595_set_DATA
    app_display.o(.text) refers to app_display.o(i.bsp_74hc595_set_ST_CP) for bsp_74hc595_set_ST_CP
    app_display.o(.text) refers to app_display.o(i.bsp_74hc595_set_OE) for bsp_74hc595_set_OE
    app_display.o(.text) refers to port.o(.text) for vPortEnterCritical
    app_display.o(.text) refers to queue.o(.text) for xQueueGenericReceive
    app_display.o(.text) refers to tasks.o(.text) for vTaskDelay
    app_display.o(.text) refers to app_display.o(.constdata) for .constdata
    app_sht10.o(.text) refers to ffltui.o(.text) for __aeabi_ui2f
    app_sht10.o(.text) refers to fmul.o(.text) for __aeabi_fmul
    app_sht10.o(.text) refers to fadd.o(.text) for __aeabi_fadd
    app_sht10.o(.text) refers to f2d.o(.text) for __aeabi_f2d
    app_sht10.o(.text) refers to ddiv.o(.text) for __aeabi_ddiv
    app_sht10.o(.text) refers to dadd.o(.text) for __aeabi_dadd
    app_sht10.o(.text) refers to d2f.o(.text) for __aeabi_d2f
    app_sht10.o(.text) refers to i2c_bus.o(.text) for i2c_bus_start
    app_sht10.o(.text) refers to tasks.o(.text) for vTaskDelay
    app_sht10.o(.text) refers to queue.o(.text) for xQueueGenericReceive
    app_sht10.o(.text) refers to ffixui.o(.text) for __aeabi_f2uiz
    app_sht10.o(.text) refers to app_serial.o(.text) for dbg_string
    app_sht10.o(.text) refers to app_sht10.o(.data) for temp
    app_ds3231.o(.text) refers to i2c_bus.o(.text) for i2c_bus_read_ds3231
    app_ds3231.o(.text) refers to app_ds3231.o(.constdata) for rtc_days_in_month
    app_ds3231.o(.text) refers to queue.o(.text) for xQueueCreateMutex
    app_ds3231.o(.text) refers to tasks.o(.text) for vTaskDelay
    app_ds3231.o(.text) refers to app_serial.o(.text) for dbg_string
    app_ds3231.o(.text) refers to stm32f10x_exti.o(.text) for EXTI_GetITStatus
    app_ds3231.o(.text) refers to app_ds3231.o(.data) for timeSync
    app_buz.o(.text) refers to queue.o(.text) for xQueueGenericReceive
    app_buz.o(.text) refers to stm32f10x_tim.o(.text) for TIM_CtrlPWMOutputs
    app_buz.o(.text) refers to tasks.o(.text) for vTaskDelay
    bsp.o(.text) refers to stm32f10x_tim.o(.text) for TIM_TimeBaseInit
    bsp.o(.text) refers to stm32f10x_rcc.o(.text) for RCC_APB2PeriphClockCmd
    bsp.o(.text) refers to stm32f10x_gpio.o(.text) for GPIO_Init
    bsp.o(.text) refers to misc.o(.text) for NVIC_Init
    bsp.o(.text) refers to stm32f10x_exti.o(.text) for EXTI_Init
    bsp.o(.text) refers to app_serial.o(.text) for serial_init
    bsp.o(.text) refers to i2c_bus.o(.text) for i2c_bus_init
[...]
    .conststring                             0x0800e6ac   Section      120  lwipentry.o(.conststring)
    .data                                    0x20000000   Section       44  netconfig.o(.data)
    .data                                    0x2000002c   Section        8  app_serial.o(.data)
    xCharsForTx                              0x2000002c   Data           4  app_serial.o(.data)
    xPort                                    0x20000030   Data           4  app_serial.o(.data)
    .data                                    0x20000034   Section        8  app_sht10.o(.data)
    .data                                    0x2000003c   Section        4  app_ds3231.o(.data)
    timeSync                                 0x2000003c   Data           4  app_ds3231.o(.data)
    .data                                    0x20000040   Section       20  stm32f10x_rcc.o(.data)
    APBAHBPrescTable                         0x20000040   Data          16  stm32f10x_rcc.o(.data)
    ADCPrescTable                            0x20000050   Data           4  stm32f10x_rcc.o(.data)
    .data                                    0x20000054   Section       60  tasks.o(.data)
    pxDelayedTaskList                        0x20000058   Data           4  tasks.o(.data)
    pxOverflowDelayedTaskList                0x2000005c   Data           4  tasks.o(.data)
    uxDeletedTasksWaitingCleanUp             0x20000060   Data           4  tasks.o(.data)
    uxCurrentNumberOfTasks                   0x20000064   Data           4  tasks.o(.data)
    xTickCount                               0x20000068   Data           4  tasks.o(.data)
    uxTopReadyPriority                       0x2000006c   Data           4  tasks.o(.data)
    xSchedulerRunning                        0x20000070   Data           4  tasks.o(.data)
    uxPendedTicks                            0x20000074   Data           4  tasks.o(.data)
    xYieldPending                            0x20000078   Data           4  tasks.o(.data)
    xNumOfOverflows                          0x2000007c   Data           4  tasks.o(.data)
    uxTaskNumber                             0x20000080   Data           4  tasks.o(.data)
    xNextTaskUnblockTime                     0x20000084   Data           4  tasks.o(.data)
    xIdleTaskHandle                          0x20000088   Data           4  tasks.o(.data)
    uxSchedulerSuspended                     0x2000008c   Data           4  tasks.o(.data)
    .data                                    0x20000090   Section        4  port.o(.data)
    uxCriticalNesting                        0x20000090   Data           4  port.o(.data)
    .data                                    0x20000094   Section       24  heap_2.o(.data)
    xStart                                   0x20000094   Data           8  heap_2.o(.data)
    xEnd                                     0x2000009c   Data           8  heap_2.o(.data)
    xFreeBytesRemaining                      0x200000a4   Data           4  heap_2.o(.data)
    xHeapHasBeenInitialised                  0x200000a8   Data           4  heap_2.o(.data)
    .data                                    0x200000ac   Section        2  sys_arch.o(.data)
    s_nextthread                             0x200000ac   Data           2  sys_arch.o(.data)
    .data                                    0x200000ae   Section        1  etharp.o(.data)
    etharp_cached_entry                      0x200000ae   Data           1  etharp.o(.data)
    .data                                    0x200000b0   Section       13  dns.o(.data)
    dns_pcb                                  0x200000b0   Data           4  dns.o(.data)
    dns_seqno                                0x200000b4   Data           1  dns.o(.data)
    dns_servers                              0x200000b5   Data           8  dns.o(.data)
    .data                                    0x200000c0   Section       16  mem.o(.data)
    ram                                      0x200000c0   Data           4  mem.o(.data)
    ram_end                                  0x200000c4   Data           4  mem.o(.data)
    lfree                                    0x200000c8   Data           4  mem.o(.data)
    mem_sem                                  0x200000cc   Data           4  mem.o(.data)
    .data                                    0x200000d0   Section        9  netif.o(.data)
    netifnum                                 0x200000d8   Data           1  netif.o(.data)
    .data                                    0x200000d9   Section        1  pbuf.o(.data)
    pbuf_free_ooseq_queued                   0x200000d9   Data           1  pbuf.o(.data)
    .data                                    0x200000dc   Section        4  raw.o(.data)
    raw_pcbs                                 0x200000dc   Data           4  raw.o(.data)
    .data                                    0x200000e0   Section       76  tcp.o(.data)
    tcp_timer                                0x20000124   Data           1  tcp.o(.data)
    port                                     0x20000126   Data           2  tcp.o(.data)
    iss                                      0x20000128   Data           4  tcp.o(.data)
    .data                                    0x2000012c   Section       32  tcp_in.o(.data)
    tcphdr                                   0x2000012c   Data           4  tcp_in.o(.data)
    iphdr                                    0x20000130   Data           4  tcp_in.o(.data)
    seqno                                    0x20000134   Data           4  tcp_in.o(.data)
    ackno                                    0x20000138   Data           4  tcp_in.o(.data)
    flags                                    0x2000013c   Data           1  tcp_in.o(.data)
    tcplen                                   0x2000013e   Data           2  tcp_in.o(.data)
    recv_flags                               0x20000140   Data           1  tcp_in.o(.data)
    recv_data                                0x20000144   Data           4  tcp_in.o(.data)
    .data                                    0x2000014c   Section        4  udp.o(.data)
    .data                                    0x20000150   Section       10  ip.o(.data)
    ip_id                                    0x20000158   Data           2  ip.o(.data)
    .data                                    0x2000015c   Section        6  ip_frag.o(.data)
    reassdatagrams                           0x2000015c   Data           4  ip_frag.o(.data)
    ip_reass_pbufcount                       0x20000160   Data           2  ip_frag.o(.data)
    .data                                    0x20000164   Section       16  tcpip.o(.data)
    tcpip_init_done                          0x20000164   Data           4  tcpip.o(.data)
    tcpip_init_done_arg                      0x20000168   Data           4  tcpip.o(.data)
    mbox                                     0x2000016c   Data           4  tcpip.o(.data)
    tcpip_tcp_timer_active                   0x20000170   Data           4  tcpip.o(.data)
    .bss                                     0x20000174   Section       20  main.o(.bss)
    global_source                            0x20000174   Data          20  main.o(.bss)
    .bss                                     0x20000188   Section       98  netconfig.o(.bss)
    .bss                                     0x200001ec   Section       48  i2c_bus.o(.bss)
    i2c_bus                                  0x200001ec   Data          48  i2c_bus.o(.bss)
    .bss                                     0x2000021c   Section      300  tasks.o(.bss)
    pxReadyTasksLists                        0x2000021c   Data         200  tasks.o(.bss)
    xDelayedTaskList1                        0x200002e4   Data          20  tasks.o(.bss)
    xDelayedTaskList2                        0x200002f8   Data          20  tasks.o(.bss)
    xPendingReadyList                        0x2000030c   Data          20  tasks.o(.bss)
    xTasksWaitingTermination                 0x20000320   Data          20  tasks.o(.bss)
    xSuspendedTaskList                       0x20000334   Data          20  tasks.o(.bss)
    .bss                                     0x20000348   Section    17408  heap_2.o(.bss)
    ucHeap                                   0x20000348   Data       17408  heap_2.o(.bss)
    .bss                                     0x20004748   Section     3032  ethernetif.o(.bss)
    .bss                                     0x20005320   Section       40  sys_arch.o(.bss)
    s_timeoutlist                            0x20005320   Data          40  sys_arch.o(.bss)
    .bss                                     0x20005348   Section      200  etharp.o(.bss)
    arp_table                                0x20005348   Data         200  etharp.o(.bss)
    .bss                                     0x20005410   Section     1632  dns.o(.bss)
    dns_table                                0x20005410   Data        1120  dns.o(.bss)
    dns_payload                              0x20005870   Data         512  dns.o(.bss)
    .bss                                     0x20005a70   Section     2020  mem.o(.bss)
    ram_heap                                 0x20005a70   Data        2020  mem.o(.bss)
    .bss                                     0x20006254   Section    12339  memp.o(.bss)
    memp_tab                                 0x20006254   Data          56  memp.o(.bss)
    memp_memory                              0x2000628c   Data       12283  memp.o(.bss)
    .bss                                     0x20009288   Section      330  stats.o(.bss)
    .bss                                     0x200093d4   Section       20  tcp_in.o(.bss)
    inseg                                    0x200093d4   Data          20  tcp_in.o(.bss)
    .bss                                     0x200093e8   Section       16  inet.o(.bss)
    str                                      0x200093e8   Data          16  inet.o(.bss)
    .bss                                     0x200093f8   Section     2004  ip_frag.o(.bss)
    buf                                      0x200093f8   Data        2004  ip_frag.o(.bss)
    STACK                                    0x20009bd0   Section     1024  cstartup.o(STACK)

    Global Symbols

    Symbol Name                              Value     Ov Type        Size  Object(Section)

    BuildAttributes$$THM_ISAv4$P$D$K$B$S$PE$A:L22UL41UL21$X:L11$S22US41US21$IEEE1$IW$USESV6$~STKCKD$USESV7$~SHL$OTIME$ROPI$EBA8$MICROLIB$REQ8$PRES8$EABIv2 0x00000000   Number         0  anon$$obj.o ABSOLUTE
    __ARM_use_no_argv                        0x00000000   Number         0  main.o ABSOLUTE
    __cpp_initialize__aeabi_                  - Undefined Weak Reference
    __cxa_finalize                            - Undefined Weak Reference
    _clock_init                               - Undefined Weak Reference
    _microlib_exit                            - Undefined Weak Reference
    __Vectors                                0x08000000   Data           4  cstartup.o(RESET)
    __main                                   0x080000ed   Thumb Code     0  entry.o(.ARM.Collect$$$$00000000)
    _main_stk                                0x080000ed   Thumb Code     0  entry2.o(.ARM.Collect$$$$00000001)
    _main_scatterload                        0x080000f1   Thumb Code     0  entry5.o(.ARM.Collect$$$$00000004)
    __main_after_scatterload                 0x080000f5   Thumb Code     0  entry5.o(.ARM.Collect$$$$00000004)
    _main_clock                              0x080000f5   Thumb Code     0  entry7b.o(.ARM.Collect$$$$00000008)
    _main_cpp_init                           0x080000f5   Thumb Code     0  entry8b.o(.ARM.Collect$$$$0000000A)
    _main_init                               0x080000f5   Thumb Code     0  entry9a.o(.ARM.Collect$$$$0000000B)
    __rt_final_cpp                           0x080000fd   Thumb Code     0  entry10a.o(.ARM.Collect$$$$0000000D)
    __rt_final_exit                          0x080000fd   Thumb Code     0  entry11a.o(.ARM.Collect$$$$0000000F)
    vPortSVCHandler                          0x08000101   Thumb Code    32  port.o(.emb_text)
    __asm___6_port_c_39a90d8d__prvStartFirstTask 0x08000125   Thumb Code    28  port.o(.emb_text)
    xPortPendSVHandler                       0x08000145   Thumb Code    72  port.o(.emb_text)
    vPortGetIPSR                             0x08000191   Thumb Code     6  port.o(.emb_text)
    main                                     0x08000199   Thumb Code   176  main.o(.text)
    app_led_init                             0x080002c5   Thumb Code    46  app_led.o(.text)
    app_led_task_blink                       0x080002f3   Thumb Code    78  app_led.o(.text)
    LwIP_Init                                0x08000349   Thumb Code   256  netconfig.o(.text)
    vStartComTasks                           0x080004d5   Thumb Code    24  app_serial.o(.text)
    dbg_string                               0x08000513   Thumb Code    42  app_serial.o(.text)
    serial_init                              0x0800053d   Thumb Code   214  app_serial.o(.text)
    USART1_IRQHandler                        0x08000613   Thumb Code    82  app_serial.o(.text)
    app_display_show_task                    0x08000823   Thumb Code   122  app_display.o(.text)
    app_sht10_get_res                        0x08000971   Thumb Code   150  app_sht10.o(.text)
    app_sht10_get_info                       0x08000a07   Thumb Code    44  app_sht10.o(.text)
    app_sht10_task                           0x08000a33   Thumb Code   192  app_sht10.o(.text)
    app_ds3231_task                          0x0800102d   Thumb Code   342  app_ds3231.o(.text)
    EXTI0_IRQHandler                         0x08001183   Thumb Code    52  app_ds3231.o(.text)
    app_buz_task                             0x080011e9   Thumb Code    60  app_buz.o(.text)
    bsp_init                                 0x0800147b   Thumb Code    48  bsp.o(.text)
    dm9000x_gpio_inital                      0x080014cd   Thumb Code    90  dm9000x.o(.text)
    dm9000x_read_id                          0x080015d7   Thumb Code    68  dm9000x.o(.text)
    dm9000x_inital                           0x0800161b   Thumb Code   274  dm9000x.o(.text)
    dm9000x_sendpacket                       0x0800172d   Thumb Code   154  dm9000x.o(.text)
    dm9000x_receivepacket                    0x080017c7   Thumb Code   326  dm9000x.o(.text)
    i2c_bus_sda_dir                          0x080019ab   Thumb Code    72  i2c_bus.o(.text)
    i2c_bus_start                            0x080019f3   Thumb Code   256  i2c_bus.o(.text)
    i2c_bus_init                             0x08001b7d   Thumb Code   218  i2c_bus.o(.text)
    I2C_BUS_SDA_STATE                        0x08001d5d   Thumb Code    40  i2c_bus.o(.text)
    i2c_bus_write_byte                       0x08001d85   Thumb Code   266  i2c_bus.o(.text)
    i2c_bus_read_byte                        0x08001e8f   Thumb Code   124  i2c_bus.o(.text)
    i2c_bus_write_ds3231                     0x08001f0b   Thumb Code    80  i2c_bus.o(.text)
    i2c_bus_read_ds3231                      0x08001f5b   Thumb Code   106  i2c_bus.o(.text)
    Reset_Handler                            0x08002051   Thumb Code     4  cstartup.o(.text)
    NMI_Handler                              0x08002055   Thumb Code     2  cstartup.o(.text)
    HardFault_Handler                        0x08002057   Thumb Code     2  cstartup.o(.text)
    MemManage_Handler                        0x08002059   Thumb Code     2  cstartup.o(.text)
    BusFault_Handler                         0x0800205b   Thumb Code     2  cstartup.o(.text)
    UsageFault_Handler                       0x0800205d   Thumb Code     2  cstartup.o(.text)
    SVC_Handler                              0x0800205f   Thumb Code     2  cstartup.o(.text)
    DebugMon_Handler                         0x08002061   Thumb Code     2  cstartup.o(.text)
    PendSV_Handler                           0x08002063   Thumb Code     2  cstartup.o(.text)
    SysTick_Handler                          0x08002065   Thumb Code     2  cstartup.o(.text)
    ADC_IRQHandler                           0x08002067   Thumb Code     0  cstartup.o(.text)
    CAN_RX1_IRQHandler                       0x08002067   Thumb Code     0  cstartup.o(.text)
    CAN_SCE_IRQHandler                       0x08002067   Thumb Code     0  cstartup.o(.text)
    DMAChannel1_IRQHandler                   0x08002067   Thumb Code     0  cstartup.o(.text)
    DMAChannel2_IRQHandler                   0x08002067   Thumb Code     0  cstartup.o(.text)
    DMAChannel3_IRQHandler                   0x08002067   Thumb Code     0  cstartup.o(.text)
    DMAChannel4_IRQHandler                   0x08002067   Thumb Code     0  cstartup.o(.text)
    DMAChannel5_IRQHandler                   0x08002067   Thumb Code     0  cstartup.o(.text)
    DMAChannel6_IRQHandler                   0x08002067   Thumb Code     0  cstartup.o(.text)
    DMAChannel7_IRQHandler                   0x08002067   Thumb Code     0  cstartup.o(.text)
    EXTI15_10_IRQHandler                     0x08002067   Thumb Code     0  cstartup.o(.text)
    EXTI1_IRQHandler                         0x08002067   Thumb Code     0  cstartup.o(.text)
    EXTI2_IRQHandler                         0x08002067   Thumb Code     0  cstartup.o(.text)
    EXTI3_IRQHandler                         0x08002067   Thumb Code     0  cstartup.o(.text)
    EXTI4_IRQHandler                         0x08002067   Thumb Code     0  cstartup.o(.text)
    EXTI9_5_IRQHandler                       0x08002067   Thumb Code     0  cstartup.o(.text)
    FLASH_IRQHandler                         0x08002067   Thumb Code     0  cstartup.o(.text)
    I2C1_ER_IRQHandler                       0x08002067   Thumb Code     0  cstartup.o(.text)
    I2C1_EV_IRQHandler                       0x08002067   Thumb Code     0  cstartup.o(.text)
    I2C2_ER_IRQHandler                       0x08002067   Thumb Code     0  cstartup.o(.text)
    I2C2_EV_IRQHandler                       0x08002067   Thumb Code     0  cstartup.o(.text)
    PVD_IRQHandler                           0x08002067   Thumb Code     0  cstartup.o(.text)
    RCC_IRQHandler                           0x08002067   Thumb Code     0  cstartup.o(.text)
    RTCAlarm_IRQHandler                      0x08002067   Thumb Code     0  cstartup.o(.text)
    RTC_IRQHandler                           0x08002067   Thumb Code     0  cstartup.o(.text)
    SPI1_IRQHandler                          0x08002067   Thumb Code     0  cstartup.o(.text)
    SPI2_IRQHandler                          0x08002067   Thumb Code     0  cstartup.o(.text)
    TAMPER_IRQHandler                        0x08002067   Thumb Code     0  cstartup.o(.text)
    TIM1_BRK_IRQHandler                      0x08002067   Thumb Code     0  cstartup.o(.text)
    TIM1_CC_IRQHandler                       0x08002067   Thumb Code     0  cstartup.o(.text)
    TIM1_TRG_COM_IRQHandler                  0x08002067   Thumb Code     0  cstartup.o(.text)
    TIM1_UP_IRQHandler                       0x08002067   Thumb Code     0  cstartup.o(.text)
    TIM2_IRQHandler                          0x08002067   Thumb Code     0  cstartup.o(.text)
    TIM3_IRQHandler                          0x08002067   Thumb Code     0  cstartup.o(.text)
    TIM4_IRQHandler                          0x08002067   Thumb Code     0  cstartup.o(.text)
    USART2_IRQHandler                        0x08002067   Thumb Code     0  cstartup.o(.text)
    USART3_IRQHandler                        0x08002067   Thumb Code     0  cstartup.o(.text)
    USBWakeUp_IRQHandler                     0x08002067   Thumb Code     0  cstartup.o(.text)
    USB_HP_CAN_TX_IRQHandler                 0x08002067   Thumb Code     0  cstartup.o(.text)
    USB_LP_CAN_RX0_IRQHandler                0x08002067   Thumb Code     0  cstartup.o(.text)
    WWDG_IRQHandler                          0x08002067   Thumb Code     0  cstartup.o(.text)
    GPIO_DeInit                              0x0800206d   Thumb Code   172  stm32f10x_gpio.o(.text)
    GPIO_AFIODeInit                          0x08002119   Thumb Code    20  stm32f10x_gpio.o(.text)
    GPIO_Init                                0x0800212d   Thumb Code   278  stm32f10x_gpio.o(.text)
    GPIO_StructInit                          0x08002243   Thumb Code    16  stm32f10x_gpio.o(.text)
    GPIO_ReadInputDataBit                    0x08002253   Thumb Code    18  stm32f10x_gpio.o(.text)
    GPIO_ReadInputData                       0x08002265   Thumb Code     8  stm32f10x_gpio.o(.text)
    GPIO_ReadOutputDataBit                   0x0800226d   Thumb Code    18  stm32f10x_gpio.o(.text)
    GPIO_ReadOutputData                      0x0800227f   Thumb Code     8  stm32f10x_gpio.o(.text)
    GPIO_SetBits                             0x08002287   Thumb Code     4  stm32f10x_gpio.o(.text)
    GPIO_ResetBits                           0x0800228b   Thumb Code     4  stm32f10x_gpio.o(.text)
    GPIO_WriteBit                            0x0800228f   Thumb Code    10  stm32f10x_gpio.o(.text)
    GPIO_Write                               0x08002299   Thumb Code     4  stm32f10x_gpio.o(.text)
    GPIO_PinLockConfig                       0x0800229d   Thumb Code    18  stm32f10x_gpio.o(.text)
    GPIO_EventOutputConfig                   0x080022af   Thumb Code    26  stm32f10x_gpio.o(.text)
    GPIO_EventOutputCmd                      0x080022c9   Thumb Code     6  stm32f10x_gpio.o(.text)
    GPIO_PinRemapConfig                      0x080022cf   Thumb Code   138  stm32f10x_gpio.o(.text)
    GPIO_EXTILineConfig                      0x08002359   Thumb Code    66  stm32f10x_gpio.o(.text)
    GPIO_ETH_MediaInterfaceConfig            0x0800239b   Thumb Code     8  stm32f10x_gpio.o(.text)
    RCC_DeInit                               0x080023c9   Thumb Code    64  stm32f10x_rcc.o(.text)
    RCC_HSEConfig                            0x08002409   Thumb Code    70  stm32f10x_rcc.o(.text)
    RCC_GetFlagStatus                        0x0800244f   Thumb Code    56  stm32f10x_rcc.o(.text)
    RCC_WaitForHSEStartUp                    0x08002487   Thumb Code    56  stm32f10x_rcc.o(.text)
    RCC_AdjustHSICalibrationValue            0x080024bf   Thumb Code    20  stm32f10x_rcc.o(.text)
    RCC_HSICmd                               0x080024d3   Thumb Code     6  stm32f10x_rcc.o(.text)
    RCC_PLLConfig                            0x080024d9   Thumb Code    24  stm32f10x_rcc.o(.text)
    RCC_PLLCmd                               0x080024f1   Thumb Code     6  stm32f10x_rcc.o(.text)
    RCC_SYSCLKConfig                         0x080024f7   Thumb Code    18  stm32f10x_rcc.o(.text)
    RCC_GetSYSCLKSource                      0x08002509   Thumb Code    10  stm32f10x_rcc.o(.text)
    RCC_HCLKConfig                           0x08002513   Thumb Code    18  stm32f10x_rcc.o(.text)
    RCC_PCLK1Config                          0x08002525   Thumb Code    18  stm32f10x_rcc.o(.text)
    RCC_PCLK2Config                          0x08002537   Thumb Code    20  stm32f10x_rcc.o(.text)
    RCC_ITConfig                             0x0800254b   Thumb Code    26  stm32f10x_rcc.o(.text)
    RCC_USBCLKConfig                         0x08002565   Thumb Code     8  stm32f10x_rcc.o(.text)
    RCC_ADCCLKConfig                         0x0800256d   Thumb Code    18  stm32f10x_rcc.o(.text)
    RCC_LSEConfig                            0x0800257f   Thumb Code    50  stm32f10x_rcc.o(.text)
    RCC_LSICmd                               0x080025b1   Thumb Code     6  stm32f10x_rcc.o(.text)
    RCC_RTCCLKConfig                         0x080025b7   Thumb Code    12  stm32f10x_rcc.o(.text)
    RCC_RTCCLKCmd                            0x080025c3   Thumb Code     8  stm32f10x_rcc.o(.text)
    RCC_GetClocksFreq                        0x080025cb   Thumb Code   192  stm32f10x_rcc.o(.text)
    RCC_AHBPeriphClockCmd                    0x0800268b   Thumb Code    26  stm32f10x_rcc.o(.text)
    RCC_APB2PeriphClockCmd                   0x080026a5   Thumb Code    26  stm32f10x_rcc.o(.text)
    RCC_APB1PeriphClockCmd                   0x080026bf   Thumb Code    26  stm32f10x_rcc.o(.text)
    RCC_APB2PeriphResetCmd                   0x080026d9   Thumb Code    26  stm32f10x_rcc.o(.text)
    RCC_APB1PeriphResetCmd                   0x080026f3   Thumb Code    26  stm32f10x_rcc.o(.text)
    RCC_BackupResetCmd                       0x0800270d   Thumb Code     8  stm32f10x_rcc.o(.text)
    RCC_ClockSecuritySystemCmd               0x08002715   Thumb Code     6  stm32f10x_rcc.o(.text)
    RCC_MCOConfig                            0x0800271b   Thumb Code     6  stm32f10x_rcc.o(.text)
    RCC_ClearFlag                            0x08002721   Thumb Code    14  stm32f10x_rcc.o(.text)
    RCC_GetITStatus                          0x0800272f   Thumb Code    20  stm32f10x_rcc.o(.text)
    RCC_ClearITPendingBit                    0x08002743   Thumb Code     6  stm32f10x_rcc.o(.text)
    NVIC_PriorityGroupConfig                 0x0800276d   Thumb Code    10  misc.o(.text)
    NVIC_Init                                0x08002777   Thumb Code   100  misc.o(.text)
    NVIC_SetVectorTable                      0x080027db   Thumb Code    14  misc.o(.text)
    NVIC_SystemLPConfig                      0x080027e9   Thumb Code    34  misc.o(.text)
    SysTick_CLKSourceConfig                  0x0800280b   Thumb Code    40  misc.o(.text)
    USART_DeInit                             0x08002849   Thumb Code   134  stm32f10x_usart.o(.text)
    USART_Init                               0x080028cf   Thumb Code   210  stm32f10x_usart.o(.text)
    USART_StructInit                         0x080029a1   Thumb Code    24  stm32f10x_usart.o(.text)
    USART_ClockInit                          0x080029b9   Thumb Code    34  stm32f10x_usart.o(.text)
    USART_ClockStructInit                    0x080029db   Thumb Code    12  stm32f10x_usart.o(.text)
    USART_Cmd                                0x080029e7   Thumb Code    24  stm32f10x_usart.o(.text)
    USART_ITConfig                           0x080029ff   Thumb Code    74  stm32f10x_usart.o(.text)
    USART_DMACmd                             0x08002a49   Thumb Code    18  stm32f10x_usart.o(.text)
    USART_SetAddress                         0x08002a5b   Thumb Code    18  stm32f10x_usart.o(.text)
    USART_WakeUpConfig                       0x08002a6d   Thumb Code    18  stm32f10x_usart.o(.text)
    USART_ReceiverWakeUpCmd                  0x08002a7f   Thumb Code    24  stm32f10x_usart.o(.text)
    USART_LINBreakDetectLengthConfig         0x08002a97   Thumb Code    18  stm32f10x_usart.o(.text)
    USART_LINCmd                             0x08002aa9   Thumb Code    24  stm32f10x_usart.o(.text)
    USART_SendData                           0x08002ac1   Thumb Code     8  stm32f10x_usart.o(.text)
    USART_ReceiveData                        0x08002ac9   Thumb Code    10  stm32f10x_usart.o(.text)
    USART_SendBreak                          0x08002ad3   Thumb Code    10  stm32f10x_usart.o(.text)
    USART_SetGuardTime                       0x08002add   Thumb Code    16  stm32f10x_usart.o(.text)
    USART_SetPrescaler                       0x08002aed   Thumb Code    16  stm32f10x_usart.o(.text)
    USART_SmartCardCmd                       0x08002afd   Thumb Code    24  stm32f10x_usart.o(.text)
    USART_SmartCardNACKCmd                   0x08002b15   Thumb Code    24  stm32f10x_usart.o(.text)
    USART_HalfDuplexCmd                      0x08002b2d   Thumb Code    24  stm32f10x_usart.o(.text)
    USART_OverSampling8Cmd                   0x08002b45   Thumb Code    22  stm32f10x_usart.o(.text)
    USART_OneBitMethodCmd                    0x08002b5b   Thumb Code    24  stm32f10x_usart.o(.text)
    USART_IrDAConfig                         0x08002b73   Thumb Code    18  stm32f10x_usart.o(.text)
    USART_IrDACmd                            0x08002b85   Thumb Code    24  stm32f10x_usart.o(.text)
    USART_GetFlagStatus                      0x08002b9d   Thumb Code    26  stm32f10x_usart.o(.text)
    USART_ClearFlag                          0x08002bb7   Thumb Code    18  stm32f10x_usart.o(.text)
    USART_GetITStatus                        0x08002bc9   Thumb Code    84  stm32f10x_usart.o(.text)
    USART_ClearITPendingBit                  0x08002c1d   Thumb Code    52  stm32f10x_usart.o(.text)
    EXTI_DeInit                              0x08002c51   Thumb Code    28  stm32f10x_exti.o(.text)
    EXTI_Init                                0x08002c6d   Thumb Code   142  stm32f10x_exti.o(.text)
    EXTI_StructInit                          0x08002cfb   Thumb Code    16  stm32f10x_exti.o(.text)
    EXTI_GenerateSWInterrupt                 0x08002d0b   Thumb Code    16  stm32f10x_exti.o(.text)
    EXTI_GetFlagStatus                       0x08002d1b   Thumb Code    22  stm32f10x_exti.o(.text)
    EXTI_ClearFlag                           0x08002d31   Thumb Code     8  stm32f10x_exti.o(.text)
    EXTI_GetITStatus                         0x08002d39   Thumb Code    34  stm32f10x_exti.o(.text)
    EXTI_ClearITPendingBit                   0x08002d5b   Thumb Code     8  stm32f10x_exti.o(.text)
    TIM_DeInit                               0x08002d6d   Thumb Code   424  stm32f10x_tim.o(.text)
    TIM_TimeBaseInit                         0x08002f15   Thumb Code   122  stm32f10x_tim.o(.text)
    TIM_OC1Init                              0x08002f8f   Thumb Code   132  stm32f10x_tim.o(.text)
    TIM_OC2Init                              0x08003013   Thumb Code   154  stm32f10x_tim.o(.text)
    TIM_OC3Init                              0x080030ad   Thumb Code   150  stm32f10x_tim.o(.text)
    TIM_OC4Init                              0x08003143   Thumb Code   182  stm32f10x_tim.o(.text)
    TIM_SetIC4Prescaler                      0x080031f9   Thumb Code    26  stm32f10x_tim.o(.text)
    TIM_SetIC3Prescaler                      0x08003295   Thumb Code    18  stm32f10x_tim.o(.text)
    TIM_SetIC2Prescaler                      0x08003321   Thumb Code    26  stm32f10x_tim.o(.text)
    TIM_SetIC1Prescaler                      0x080033bd   Thumb Code    18  stm32f10x_tim.o(.text)
    TIM_ICInit                               0x0800343b   Thumb Code   150  stm32f10x_tim.o(.text)
    TIM_PWMIConfig                           0x080034d1   Thumb Code   124  stm32f10x_tim.o(.text)
    TIM_BDTRConfig                           0x0800354d   Thumb Code    32  stm32f10x_tim.o(.text)
    TIM_TimeBaseStructInit                   0x0800356d   Thumb Code    18  stm32f10x_tim.o(.text)
    TIM_OCStructInit                         0x0800357f   Thumb Code    20  stm32f10x_tim.o(.text)
    TIM_ICStructInit                         0x08003593   Thumb Code    18  stm32f10x_tim.o(.text)
    TIM_BDTRStructInit                       0x080035a5   Thumb Code    40  stm32f10x_tim.o(.text)
    TIM_Cmd                                  0x080035cd   Thumb Code    24  stm32f10x_tim.o(.text)
    TIM_CtrlPWMOutputs                       0x080035e5   Thumb Code    30  stm32f10x_tim.o(.text)
    TIM_ITConfig                             0x08003603   Thumb Code    18  stm32f10x_tim.o(.text)
    TIM_GenerateEvent                        0x08003615   Thumb Code     4  stm32f10x_tim.o(.text)
    TIM_DMAConfig                            0x08003619   Thumb Code    10  stm32f10x_tim.o(.text)
    TIM_DMACmd                               0x08003623   Thumb Code    18  stm32f10x_tim.o(.text)
    TIM_InternalClockConfig                  0x08003635   Thumb Code    12  stm32f10x_tim.o(.text)
    TIM_SelectInputTrigger                   0x08003641   Thumb Code    18  stm32f10x_tim.o(.text)
    TIM_ITRxExternalClockConfig              0x08003653   Thumb Code    24  stm32f10x_tim.o(.text)
    TIM_TIxExternalClockConfig               0x0800366b   Thumb Code    62  stm32f10x_tim.o(.text)
    TIM_ETRConfig                            0x080036a9   Thumb Code    28  stm32f10x_tim.o(.text)
    TIM_ETRClockMode1Config                  0x080036c5   Thumb Code    54  stm32f10x_tim.o(.text)
    TIM_ETRClockMode2Config                  0x080036fb   Thumb Code    32  stm32f10x_tim.o(.text)
    TIM_PrescalerConfig                      0x0800371b   Thumb Code     6  stm32f10x_tim.o(.text)
    TIM_CounterModeConfig                    0x08003721   Thumb Code    18  stm32f10x_tim.o(.text)
    TIM_EncoderInterfaceConfig               0x08003733   Thumb Code    66  stm32f10x_tim.o(.text)
    TIM_ForcedOC1Config                      0x08003775   Thumb Code    18  stm32f10x_tim.o(.text)
    TIM_ForcedOC2Config                      0x08003787   Thumb Code    26  stm32f10x_tim.o(.text)
    TIM_ForcedOC3Config                      0x080037a1   Thumb Code    18  stm32f10x_tim.o(.text)
    TIM_ForcedOC4Config                      0x080037b3   Thumb Code    26  stm32f10x_tim.o(.text)
    TIM_ARRPreloadConfig                     0x080037cd   Thumb Code    24  stm32f10x_tim.o(.text)
    TIM_SelectCOM                            0x080037e5   Thumb Code    24  stm32f10x_tim.o(.text)
    TIM_SelectCCDMA                          0x080037fd   Thumb Code    24  stm32f10x_tim.o(.text)
    TIM_CCPreloadControl                     0x08003815   Thumb Code    24  stm32f10x_tim.o(.text)
    TIM_OC1PreloadConfig                     0x0800382d   Thumb Code    18  stm32f10x_tim.o(.text)
    TIM_OC2PreloadConfig                     0x0800383f   Thumb Code    26  stm32f10x_tim.o(.text)
    TIM_OC3PreloadConfig                     0x08003859   Thumb Code    18  stm32f10x_tim.o(.text)
    TIM_OC4PreloadConfig                     0x0800386b   Thumb Code    26  stm32f10x_tim.o(.text)
    TIM_OC1FastConfig                        0x08003885   Thumb Code    18  stm32f10x_tim.o(.text)
    TIM_OC2FastConfig                        0x08003897   Thumb Code    26  stm32f10x_tim.o(.text)
    TIM_OC3FastConfig                        0x080038b1   Thumb Code    18  stm32f10x_tim.o(.text)
    TIM_OC4FastConfig                        0x080038c3   Thumb Code    26  stm32f10x_tim.o(.text)
    TIM_ClearOC1Ref                          0x080038dd   Thumb Code    18  stm32f10x_tim.o(.text)
    TIM_ClearOC2Ref                          0x080038ef   Thumb Code    24  stm32f10x_tim.o(.text)
    TIM_ClearOC3Ref                          0x08003907   Thumb Code    18  stm32f10x_tim.o(.text)
    TIM_ClearOC4Ref                          0x08003919   Thumb Code    24  stm32f10x_tim.o(.text)
    TIM_OC1PolarityConfig                    0x08003931   Thumb Code    18  stm32f10x_tim.o(.text)
    TIM_OC1NPolarityConfig                   0x08003943   Thumb Code    18  stm32f10x_tim.o(.text)
    TIM_OC2PolarityConfig                    0x08003955   Thumb Code    26  stm32f10x_tim.o(.text)
    TIM_OC2NPolarityConfig                   0x0800396f   Thumb Code    26  stm32f10x_tim.o(.text)
    TIM_OC3PolarityConfig                    0x08003989   Thumb Code    26  stm32f10x_tim.o(.text)
    TIM_OC3NPolarityConfig                   0x080039a3   Thumb Code    26  stm32f10x_tim.o(.text)
    TIM_OC4PolarityConfig                    0x080039bd   Thumb Code    26  stm32f10x_tim.o(.text)
    TIM_CCxCmd                               0x080039d7   Thumb Code    30  stm32f10x_tim.o(.text)
    TIM_CCxNCmd                              0x080039f5   Thumb Code    30  stm32f10x_tim.o(.text)
    TIM_SelectOCxM                           0x08003a13   Thumb Code    82  stm32f10x_tim.o(.text)
    TIM_UpdateDisableConfig                  0x08003a65   Thumb Code    24  stm32f10x_tim.o(.text)
    TIM_UpdateRequestConfig                  0x08003a7d   Thumb Code    24  stm32f10x_tim.o(.text)
    TIM_SelectHallSensor                     0x08003a95   Thumb Code    24  stm32f10x_tim.o(.text)
    TIM_SelectOnePulseMode                   0x08003aad   Thumb Code    18  stm32f10x_tim.o(.text)
    TIM_SelectOutputTrigger                  0x08003abf   Thumb Code    18  stm32f10x_tim.o(.text)
    TIM_SelectSlaveMode                      0x08003ad1   Thumb Code    18  stm32f10x_tim.o(.text)
    TIM_SelectMasterSlaveMode                0x08003ae3   Thumb Code    18  stm32f10x_tim.o(.text)
    TIM_SetCounter                           0x08003af5   Thumb Code     4  stm32f10x_tim.o(.text)
    TIM_SetAutoreload                        0x08003af9   Thumb Code     4  stm32f10x_tim.o(.text)
    TIM_SetCompare1                          0x08003afd   Thumb Code     4  stm32f10x_tim.o(.text)
    TIM_SetCompare2                          0x08003b01   Thumb Code     4  stm32f10x_tim.o(.text)
    TIM_SetCompare3                          0x08003b05   Thumb Code     4  stm32f10x_tim.o(.text)
    TIM_SetCompare4                          0x08003b09   Thumb Code     6  stm32f10x_tim.o(.text)
    TIM_SetClockDivision                     0x08003b0f   Thumb Code    18  stm32f10x_tim.o(.text)
    TIM_GetCapture1                          0x08003b21   Thumb Code     6  stm32f10x_tim.o(.text)
    TIM_GetCapture2                          0x08003b27   Thumb Code     6  stm32f10x_tim.o(.text)
    TIM_GetCapture3                          0x08003b2d   Thumb Code     6  stm32f10x_tim.o(.text)
    TIM_GetCapture4                          0x08003b33   Thumb Code     8  stm32f10x_tim.o(.text)
    TIM_GetCounter                           0x08003b3b   Thumb Code     6  stm32f10x_tim.o(.text)
    TIM_GetPrescaler                         0x08003b41   Thumb Code     6  stm32f10x_tim.o(.text)
    TIM_GetFlagStatus                        0x08003b47   Thumb Code    18  stm32f10x_tim.o(.text)
    TIM_ClearFlag                            0x08003b59   Thumb Code     6  stm32f10x_tim.o(.text)
    TIM_GetITStatus                          0x08003b5f   Thumb Code    34  stm32f10x_tim.o(.text)
    TIM_ClearITPendingBit                    0x08003b81   Thumb Code     6  stm32f10x_tim.o(.text)
    vListInitialise                          0x08003b87   Thumb Code    26  list.o(.text)
    vListInitialiseItem                      0x08003ba1   Thumb Code     6  list.o(.text)
    vListInsertEnd                           0x08003ba7   Thumb Code    24  list.o(.text)
    vListInsert                              0x08003bbf   Thumb Code    52  list.o(.text)
    uxListRemove                             0x08003bf3   Thumb Code    40  list.o(.text)
    xQueueGenericReset                       0x08003c1d   Thumb Code   122  queue.o(.text)
    xQueueGenericCreate                      0x08003cc1   Thumb Code    56  queue.o(.text)
    xQueueGenericSend                        0x08003e11   Thumb Code   276  queue.o(.text)
    xQueueCreateMutex                        0x08003f41   Thumb Code    34  queue.o(.text)
    xQueueGenericSendFromISR                 0x08003f63   Thumb Code   134  queue.o(.text)
    xQueueGiveFromISR                        0x08003fe9   Thumb Code   124  queue.o(.text)
    xQueueGenericReceive                     0x080040a9   Thumb Code   342  queue.o(.text)
    xQueueReceiveFromISR                     0x080041ff   Thumb Code   130  queue.o(.text)
    xQueuePeekFromISR                        0x08004281   Thumb Code    74  queue.o(.text)
    uxQueueMessagesWaiting                   0x080042cb   Thumb Code    18  queue.o(.text)
    uxQueueSpacesAvailable                   0x080042dd   Thumb Code    24  queue.o(.text)
    uxQueueMessagesWaitingFromISR            0x080042f5   Thumb Code     6  queue.o(.text)
    vQueueDelete                             0x080042fb   Thumb Code    14  queue.o(.text)
    uxQueueGetQueueNumber                    0x08004309   Thumb Code     6  queue.o(.text)
    vQueueSetQueueNumber                     0x0800430f   Thumb Code     4  queue.o(.text)
    ucQueueGetQueueType                      0x08004313   Thumb Code     8  queue.o(.text)
    xQueueIsQueueEmptyFromISR                0x0800431b   Thumb Code    14  queue.o(.text)
    xQueueIsQueueFullFromISR                 0x08004329   Thumb Code    18  queue.o(.text)
    xTaskCreate                              0x080044bd   Thumb Code    92  tasks.o(.text)
    vTaskDelete                              0x08004555   Thumb Code   176  tasks.o(.text)
    xTaskIncrementTick                       0x08004605   Thumb Code   238  tasks.o(.text)
    xTaskResumeAll                           0x080046f3   Thumb Code   284  tasks.o(.text)
    vTaskSuspendAll                          0x0800488b   Thumb Code    12  tasks.o(.text)
    vTaskDelayUntil                          0x08004897   Thumb Code   106  tasks.o(.text)
    vTaskDelay                               0x08004901   Thumb Code    46  tasks.o(.text)
    eTaskGetState                            0x0800492f   Thumb Code    88  tasks.o(.text)
    uxTaskPriorityGet                        0x08004987   Thumb Code    30  tasks.o(.text)
    uxTaskPriorityGetFromISR                 0x080049a5   Thumb Code    52  tasks.o(.text)
    vTaskPrioritySet                         0x080049d9   Thumb Code   226  tasks.o(.text)
    vTaskSwitchContext                       0x08004abb   Thumb Code    76  tasks.o(.text)
    vTaskSuspend                             0x08004b07   Thumb Code   220  tasks.o(.text)
    vTaskResume                              0x08004c1b   Thumb Code   104  tasks.o(.text)
    xTaskResumeFromISR                       0x08004c83   Thumb Code   130  tasks.o(.text)
    vTaskStartScheduler                      0x08004d7b   Thumb Code    74  tasks.o(.text)
    vTaskEndScheduler                        0x08004dc5   Thumb Code    32  tasks.o(.text)
    xTaskGetTickCount                        0x08004de5   Thumb Code     6  tasks.o(.text)
    xTaskGetTickCountFromISR                 0x08004deb   Thumb Code     8  tasks.o(.text)
    uxTaskGetNumberOfTasks                   0x08004df3   Thumb Code     6  tasks.o(.text)
    pcTaskGetName                            0x08004df9   Thumb Code    20  tasks.o(.text)
    vTaskGetTaskInfo                         0x08004e23   Thumb Code   114  tasks.o(.text)
    uxTaskGetSystemState                     0x08004eff   Thumb Code   152  tasks.o(.text)
    vTaskPlaceOnEventList                    0x08004f97   Thumb Code   106  tasks.o(.text)
    vTaskPlaceOnUnorderedEventList           0x08005001   Thumb Code    40  tasks.o(.text)
    xTaskRemoveFromEventList                 0x08005029   Thumb Code   104  tasks.o(.text)
    xTaskRemoveFromUnorderedEventList        0x08005091   Thumb Code    94  tasks.o(.text)
    vTaskSetTimeOutState                     0x080050ef   Thumb Code    14  tasks.o(.text)
    xTaskCheckForTimeOut                     0x080050fd   Thumb Code    84  tasks.o(.text)
    vTaskMissedYield                         0x08005151   Thumb Code     8  tasks.o(.text)
    uxTaskGetTaskNumber                      0x08005159   Thumb Code    14  tasks.o(.text)
    vTaskSetTaskNumber                       0x08005167   Thumb Code     8  tasks.o(.text)
    xTaskGetCurrentTaskHandle                0x0800516f   Thumb Code     6  tasks.o(.text)
    vTaskPriorityInherit                     0x08005175   Thumb Code   164  tasks.o(.text)
    xTaskPriorityDisinherit                  0x08005219   Thumb Code   122  tasks.o(.text)
    uxTaskResetEventItemValue                0x08005293   Thumb Code    24  tasks.o(.text)
    pvTaskIncrementMutexHeldCount            0x080052ab   Thumb Code    26  tasks.o(.text)
    ulTaskNotifyTake                         0x080052c5   Thumb Code   108  tasks.o(.text)
    xTaskNotifyWait                          0x08005331   Thumb Code   150  tasks.o(.text)
    xTaskGenericNotify                       0x080053c7   Thumb Code   216  tasks.o(.text)
    xTaskGenericNotifyFromISR                0x0800549f   Thumb Code   228  tasks.o(.text)
    vTaskNotifyGiveFromISR                   0x08005583   Thumb Code   154  tasks.o(.text)
    xTaskNotifyStateClear                    0x0800561d   Thumb Code    48  tasks.o(.text)
    pxPortInitialiseStack                    0x0800567f   Thumb Code    26  port.o(.text)
    vPortSetupTimerInterrupt                 0x08005699   Thumb Code    14  port.o(.text)
    xPortStartScheduler                      0x080056a7   Thumb Code    42  port.o(.text)
    vPortEndScheduler                        0x080056d1   Thumb Code     2  port.o(.text)
    vPortEnterCritical                       0x080056d3   Thumb Code    30  port.o(.text)
    vPortExitCritical                        0x080056f1   Thumb Code    28  port.o(.text)
    xPortSysTickHandler                      0x0800570d   Thumb Code    48  port.o(.text)
    pvPortMalloc                             0x08005777   Thumb Code   166  heap_2.o(.text)
    vPortFree                                0x0800581d   Thumb Code    56  heap_2.o(.text)
    xPortGetFreeHeapSize                     0x08005855   Thumb Code     6  heap_2.o(.text)
    vPortInitialiseBlocks                    0x0800585b   Thumb Code     2  heap_2.o(.text)
    ethernetif_input                         0x080058c7   Thumb Code    42  ethernetif.o(.text)
    ethernetif_init                          0x08005955   Thumb Code    58  ethernetif.o(.text)
    sys_mbox_new                             0x080059a9   Thumb Code    58  sys_arch.o(.text)
    sys_mbox_free                            0x080059e3   Thumb Code    52  sys_arch.o(.text)
    sys_mbox_post                            0x08005a17   Thumb Code    24  sys_arch.o(.text)
    sys_mbox_trypost                         0x08005a2f   Thumb Code    48  sys_arch.o(.text)
    sys_arch_mbox_fetch                      0x08005a5f   Thumb Code    94  sys_arch.o(.text)
    sys_arch_mbox_tryfetch                   0x08005abd   Thumb Code    36  sys_arch.o(.text)
    sys_sem_new                              0x08005ae1   Thumb Code   108  sys_arch.o(.text)
    sys_arch_sem_wait                        0x08005b4d   Thumb Code    82  sys_arch.o(.text)
    sys_sem_signal                           0x08005b9f   Thumb Code    18  sys_arch.o(.text)
    sys_sem_free                             0x08005bb1   Thumb Code    26  sys_arch.o(.text)
    sys_init                                 0x08005bcb   Thumb Code    34  sys_arch.o(.text)
    sys_arch_timeouts                        0x08005bed   Thumb Code    42  sys_arch.o(.text)
    sys_arch_protect                         0x08005c17   Thumb Code    10  sys_arch.o(.text)
    sys_arch_unprotect                       0x08005c21   Thumb Code    10  sys_arch.o(.text)
    sys_thread_new                           0x08005c2b   Thumb Code    86  sys_arch.o(.text)
    sys_assert                               0x08005c81   Thumb Code     8  sys_arch.o(.text)
    etharp_tmr                               0x08005cb3   Thumb Code   154  etharp.o(.text)
    etharp_find_addr                         0x08006057   Thumb Code    92  etharp.o(.text)
    etharp_ip_input                          0x080060b3   Thumb Code    52  etharp.o(.text)
    etharp_arp_input                         0x080060e7   Thumb Code   360  etharp.o(.text)
    etharp_request                           0x08006313   Thumb Code    36  etharp.o(.text)
    etharp_query                             0x08006337   Thumb Code   404  etharp.o(.text)
    etharp_output                            0x080064cb   Thumb Code   216  etharp.o(.text)
    ethernet_input                           0x080065a3   Thumb Code   126  etharp.o(.text)
    dns_setserver                            0x08006629   Thumb Code    28  dns.o(.text)
    dns_init                                 0x0800680d   Thumb Code    64  dns.o(.text)
    dns_getserver                            0x0800684d   Thumb Code    28  dns.o(.text)
    dns_tmr                                  0x08006a4f   Thumb Code    14  dns.o(.text)
    dns_gethostbyname                        0x08006b6b   Thumb Code    84  dns.o(.text)
    mem_init                                 0x08006c39   Thumb Code    92  mem.o(.text)
    mem_free                                 0x08006c95   Thumb Code   128  mem.o(.text)
    mem_realloc                              0x08006d15   Thumb Code   310  mem.o(.text)
    mem_malloc                               0x08006e4b   Thumb Code   390  mem.o(.text)
    mem_calloc                               0x08006fd1   Thumb Code    34  mem.o(.text)
    memp_init                                0x08006ff5   Thumb Code   136  memp.o(.text)
    memp_malloc                              0x0800707d   Thumb Code   150  memp.o(.text)
    memp_free                                0x08007113   Thumb Code    74  memp.o(.text)
    netif_set_gw                             0x08007171   Thumb Code    12  netif.o(.text)
    netif_set_netmask                        0x0800717d   Thumb Code    12  netif.o(.text)
    netif_set_ipaddr                         0x08007189   Thumb Code   110  netif.o(.text)
    netif_set_addr                           0x080071f7   Thumb Code    40  netif.o(.text)
    netif_add                                0x0800721f   Thumb Code    96  netif.o(.text)
    netif_set_default                        0x0800727f   Thumb Code     6  netif.o(.text)
    netif_remove                             0x08007285   Thumb Code    74  netif.o(.text)
    netif_find                               0x080072cf   Thumb Code    64  netif.o(.text)
    netif_set_up                             0x0800730f   Thumb Code    44  netif.o(.text)
    netif_set_down                           0x0800733b   Thumb Code    24  netif.o(.text)
    netif_is_up                              0x08007353   Thumb Code    12  netif.o(.text)
    pbuf_free                                0x080073e5   Thumb Code   108  pbuf.o(.text)
    pbuf_alloc                               0x08007451   Thumb Code   386  pbuf.o(.text)
    pbuf_realloc                             0x080075d3   Thumb Code   100  pbuf.o(.text)
    pbuf_header                              0x08007637   Thumb Code   106  pbuf.o(.text)
    pbuf_clen                                0x080076a1   Thumb Code    18  pbuf.o(.text)
    pbuf_ref                                 0x080076b3   Thumb Code    26  pbuf.o(.text)
    pbuf_cat                                 0x080076cd   Thumb Code    36  pbuf.o(.text)
    pbuf_chain                               0x080076f1   Thumb Code    22  pbuf.o(.text)
    pbuf_dechain                             0x08007707   Thumb Code    48  pbuf.o(.text)
    pbuf_copy                                0x08007737   Thumb Code   114  pbuf.o(.text)
    pbuf_copy_partial                        0x080077a9   Thumb Code   116  pbuf.o(.text)
    pbuf_take                                0x0800781d   Thumb Code    86  pbuf.o(.text)
    pbuf_coalesce                            0x08007873   Thumb Code    56  pbuf.o(.text)
    raw_input                                0x080078ad   Thumb Code   100  raw.o(.text)
    raw_bind                                 0x08007911   Thumb Code    16  raw.o(.text)
    raw_connect                              0x08007921   Thumb Code    16  raw.o(.text)
    raw_recv                                 0x08007931   Thumb Code     6  raw.o(.text)
    raw_sendto                               0x08007937   Thumb Code   150  raw.o(.text)
    raw_send                                 0x080079cd   Thumb Code    18  raw.o(.text)
    raw_remove                               0x080079df   Thumb Code    60  raw.o(.text)
    raw_new                                  0x08007a1b   Thumb Code    42  raw.o(.text)
    sys_mbox_fetch                           0x08007a49   Thumb Code   124  sys.o(.text)
    sys_sem_wait                             0x08007ac5   Thumb Code   116  sys.o(.text)
    sys_timeout                              0x08007b39   Thumb Code   144  sys.o(.text)
    sys_untimeout                            0x08007bc9   Thumb Code    94  sys.o(.text)
    sys_sem_wait_timeout                     0x08007c3b   Thumb Code    58  sys.o(.text)
    sys_msleep                               0x08007c75   Thumb Code    28  sys.o(.text)
    tcp_seg_free                             0x08007c95   Thumb Code    32  tcp.o(.text)
    tcp_segs_free                            0x08007cb5   Thumb Code    30  tcp.o(.text)
    tcp_pcb_purge                            0x08007cd3   Thumb Code    76  tcp.o(.text)
    tcp_slowtmr                              0x08007d1f   Thumb Code   714  tcp.o(.text)
    tcp_pcb_remove                           0x08007fe9   Thumb Code   128  tcp.o(.text)
    tcp_close                                0x08008069   Thumb Code   274  tcp.o(.text)
    tcp_update_rcv_ann_wnd                   0x0800817b   Thumb Code    70  tcp.o(.text)
    tcp_recved                               0x080081c1   Thumb Code    62  tcp.o(.text)
    tcp_recv_null                            0x080081ff   Thumb Code    46  tcp.o(.text)
    tcp_fasttmr                              0x0800822d   Thumb Code   122  tcp.o(.text)
    tcp_tmr                                  0x080082a7   Thumb Code    30  tcp.o(.text)
    tcp_abandon                              0x080082c5   Thumb Code   158  tcp.o(.text)
    tcp_bind                                 0x080083cb   Thumb Code   218  tcp.o(.text)
    tcp_listen_with_backlog                  0x080084ad   Thumb Code   184  tcp.o(.text)
    tcp_eff_send_mss                         0x08008565   Thumb Code    46  tcp.o(.text)
    tcp_next_iss                             0x08008593   Thumb Code    20  tcp.o(.text)
    tcp_connect                              0x080085a7   Thumb Code   294  tcp.o(.text)
    tcp_setprio                              0x080086cd   Thumb Code     4  tcp.o(.text)
    tcp_seg_copy                             0x080086d1   Thumb Code    38  tcp.o(.text)
    tcp_alloc                                0x08008779   Thumb Code   202  tcp.o(.text)
    tcp_new                                  0x08008843   Thumb Code    10  tcp.o(.text)
    tcp_arg                                  0x0800884d   Thumb Code     4  tcp.o(.text)
    tcp_recv                                 0x08008851   Thumb Code     6  tcp.o(.text)
    tcp_sent                                 0x08008857   Thumb Code     6  tcp.o(.text)
    tcp_err                                  0x0800885d   Thumb Code     6  tcp.o(.text)
    tcp_accept                               0x08008863   Thumb Code     4  tcp.o(.text)
    tcp_poll                                 0x08008867   Thumb Code    10  tcp.o(.text)
    tcp_debug_state_str                      0x08008871   Thumb Code    10  tcp.o(.text)
    tcp_input                                0x08009a8b   Thumb Code  1324  tcp_in.o(.text)
    tcp_enqueue                              0x0800a073   Thumb Code   986  tcp_out.o(.text)
    tcp_send_ctrl                            0x0800a44d   Thumb Code    28  tcp_out.o(.text)
    tcp_write                                0x0800a469   Thumb Code    72  tcp_out.o(.text)
    tcp_send_empty_ack                       0x0800a4b1   Thumb Code   118  tcp_out.o(.text)
    tcp_output                               0x0800a60d   Thumb Code   462  tcp_out.o(.text)
    tcp_rst                                  0x0800a7db   Thumb Code   198  tcp_out.o(.text)
    tcp_rexmit_rto                           0x0800a8a1   Thumb Code    58  tcp_out.o(.text)
    tcp_rexmit                               0x0800a8db   Thumb Code    80  tcp_out.o(.text)
    tcp_rexmit_fast                          0x0800a92b   Thumb Code   132  tcp_out.o(.text)
    tcp_keepalive                            0x0800a9af   Thumb Code   110  tcp_out.o(.text)
    tcp_zero_window_probe                    0x0800aa1d   Thumb Code   196  tcp_out.o(.text)
    udp_input                                0x0800aae5   Thumb Code   562  udp.o(.text)
    udp_bind                                 0x0800ad17   Thumb Code   102  udp.o(.text)
    udp_sendto_if                            0x0800ad7d   Thumb Code   248  udp.o(.text)
    udp_sendto                               0x0800ae75   Thumb Code    62  udp.o(.text)
    udp_send                                 0x0800aeb3   Thumb Code    20  udp.o(.text)
    udp_connect                              0x0800aec7   Thumb Code   104  udp.o(.text)
    udp_disconnect                           0x0800af2f   Thumb Code    28  udp.o(.text)
    udp_recv                                 0x0800af4b   Thumb Code     6  udp.o(.text)
    udp_remove                               0x0800af51   Thumb Code    60  udp.o(.text)
    udp_new                                  0x0800af8d   Thumb Code    28  udp.o(.text)
    icmp_input                               0x0800afb1   Thumb Code   524  icmp.o(.text)
    icmp_dest_unreach                        0x0800b233   Thumb Code    18  icmp.o(.text)
    icmp_time_exceeded                       0x0800b245   Thumb Code    18  icmp.o(.text)
    htonl                                    0x0800b25d   Thumb Code    26  inet.o(.text)
    inet_aton                                0x0800b277   Thumb Code   336  inet.o(.text)
    inet_addr                                0x0800b3c7   Thumb Code    24  inet.o(.text)
    inet_ntoa                                0x0800b3df   Thumb Code   112  inet.o(.text)
    htons                                    0x0800b44f   Thumb Code    12  inet.o(.text)
    ntohs                                    0x0800b45b   Thumb Code    12  inet.o(.text)
    ntohl                                    0x0800b467   Thumb Code    12  inet.o(.text)
    inet_chksum_pseudo                       0x0800b4c3   Thumb Code   162  inet_chksum.o(.text)
    inet_chksum                              0x0800b565   Thumb Code    20  inet_chksum.o(.text)
    inet_chksum_pbuf                         0x0800b579   Thumb Code    86  inet_chksum.o(.text)
    ip_route                                 0x0800b5d1   Thumb Code    86  ip.o(.text)
    ip_input                                 0x0800b6ed   Thumb Code   596  ip.o(.text)
    ip_output_if                             0x0800b941   Thumb Code   306  ip.o(.text)
    ip_output                                0x0800ba73   Thumb Code    70  ip.o(.text)
    ip_addr_isbroadcast                      0x0800bac1   Thumb Code    78  ip_addr.o(.text)
    ip_reass_tmr                             0x0800bba5   Thumb Code    48  ip_frag.o(.text)
    ip_reass                                 0x0800bdeb   Thumb Code   482  ip_frag.o(.text)
    ip_frag                                  0x0800bfcd   Thumb Code   336  ip_frag.o(.text)
    vlwIPInit                                0x0800c129   Thumb Code    24  lwipentry.o(.text)
    LwIPEntry                                0x0800c141   Thumb Code   106  lwipentry.o(.text)
    netconn_new_with_proto_and_callback      0x0800c1b1   Thumb Code    72  api_lib.o(.text)
    netconn_delete                           0x0800c1f9   Thumb Code    40  api_lib.o(.text)
    netconn_getaddr                          0x0800c221   Thumb Code    40  api_lib.o(.text)
    netconn_bind                             0x0800c249   Thumb Code    36  api_lib.o(.text)
    netconn_connect                          0x0800c26d   Thumb Code    36  api_lib.o(.text)
    netconn_disconnect                       0x0800c291   Thumb Code    26  api_lib.o(.text)
    netconn_listen_with_backlog              0x0800c2ab   Thumb Code    28  api_lib.o(.text)
    netconn_accept                           0x0800c2c7   Thumb Code    32  api_lib.o(.text)
    netconn_recv                             0x0800c2e7   Thumb Code   284  api_lib.o(.text)
    netconn_send                             0x0800c403   Thumb Code    30  api_lib.o(.text)
    netconn_sendto                           0x0800c421   Thumb Code    36  api_lib.o(.text)
    netconn_write                            0x0800c445   Thumb Code    40  api_lib.o(.text)
    netconn_close                            0x0800c46d   Thumb Code    26  api_lib.o(.text)
    netconn_gethostbyname                    0x0800c487   Thumb Code    64  api_lib.o(.text)
    netconn_free                             0x0800c923   Thumb Code   114  api_msg.o(.text)
    netconn_alloc                            0x0800c995   Thumb Code   106  api_msg.o(.text)
    do_newconn                               0x0800cafb   Thumb Code    26  api_msg.o(.text)
    do_delconn                               0x0800cb15   Thumb Code   126  api_msg.o(.text)
    do_bind                                  0x0800cb93   Thumb Code   114  api_msg.o(.text)
    do_connect                               0x0800cc39   Thumb Code   156  api_msg.o(.text)
    do_disconnect                            0x0800ccd5   Thumb Code    34  api_msg.o(.text)
    do_listen                                0x0800ccf7   Thumb Code   160  api_msg.o(.text)
    do_send                                  0x0800cd97   Thumb Code   144  api_msg.o(.text)
    do_recv                                  0x0800ce27   Thumb Code    50  api_msg.o(.text)
    do_write                                 0x0800ce59   Thumb Code    72  api_msg.o(.text)
    do_getaddr                               0x0800cea1   Thumb Code   172  api_msg.o(.text)
    do_close                                 0x0800cf4d   Thumb Code    48  api_msg.o(.text)
    do_gethostbyname                         0x0800cfa9   Thumb Code    40  api_msg.o(.text)
    netbuf_new                               0x0800cfdd   Thumb Code    30  netbuf.o(.text)
    netbuf_delete                            0x0800cffb   Thumb Code    32  netbuf.o(.text)
    netbuf_alloc                             0x0800d01b   Thumb Code    46  netbuf.o(.text)
    netbuf_free                              0x0800d049   Thumb Code    22  netbuf.o(.text)
    netbuf_ref                               0x0800d05f   Thumb Code    62  netbuf.o(.text)
    netbuf_chain                             0x0800d09d   Thumb Code    28  netbuf.o(.text)
    netbuf_data                              0x0800d0b9   Thumb Code    28  netbuf.o(.text)
    netbuf_next                              0x0800d0d5   Thumb Code    34  netbuf.o(.text)
    netbuf_first                             0x0800d0f7   Thumb Code     6  netbuf.o(.text)
    tcp_timer_needed                         0x0800d125   Thumb Code    38  tcpip.o(.text)
    tcpip_input                              0x0800d25f   Thumb Code    72  tcpip.o(.text)
    tcpip_callback_with_block                0x0800d2a7   Thumb Code    92  tcpip.o(.text)
    tcpip_timeout                            0x0800d303   Thumb Code    64  tcpip.o(.text)
    tcpip_untimeout                          0x0800d343   Thumb Code    56  tcpip.o(.text)
    tcpip_apimsg                             0x0800d37b   Thumb Code    52  tcpip.o(.text)
    tcpip_init                               0x0800d3af   Thumb Code    44  tcpip.o(.text)
    pbuf_free_callback                       0x0800d3e9   Thumb Code    16  tcpip.o(.text)
    mem_free_callback                        0x0800d3f9   Thumb Code    16  tcpip.o(.text)
    __aeabi_memcpy                           0x0800d44d   Thumb Code    36  memcpya.o(.text)
    __aeabi_memcpy4                          0x0800d44d   Thumb Code     0  memcpya.o(.text)
    __aeabi_memcpy8                          0x0800d44d   Thumb Code     0  memcpya.o(.text)
    __aeabi_memset                           0x0800d471   Thumb Code    14  memseta.o(.text)
    __aeabi_memset4                          0x0800d471   Thumb Code     0  memseta.o(.text)
    __aeabi_memset8                          0x0800d471   Thumb Code     0  memseta.o(.text)
    __aeabi_memclr                           0x0800d47f   Thumb Code     4  memseta.o(.text)
    __aeabi_memclr4                          0x0800d47f   Thumb Code     0  memseta.o(.text)
    __aeabi_memclr8                          0x0800d47f   Thumb Code     0  memseta.o(.text)
    _memset$wrapper                          0x0800d483   Thumb Code    18  memseta.o(.text)
    strlen                                   0x0800d495   Thumb Code    14  strlen.o(.text)
    strcmp                                   0x0800d4a3   Thumb Code    28  strcmp.o(.text)
    strcpy                                   0x0800d4bf   Thumb Code    18  strcpy.o(.text)
    __aeabi_fadd                             0x0800d4d1   Thumb Code   164  fadd.o(.text)
    __aeabi_fsub                             0x0800d575   Thumb Code     6  fadd.o(.text)
    __aeabi_frsub                            0x0800d57b   Thumb Code     6  fadd.o(.text)
    __aeabi_fmul                             0x0800d581   Thumb Code   100  fmul.o(.text)
    __aeabi_dadd                             0x0800d5e5   Thumb Code   322  dadd.o(.text)
    __aeabi_dsub                             0x0800d727   Thumb Code     6  dadd.o(.text)
    __aeabi_drsub                            0x0800d72d   Thumb Code     6  dadd.o(.text)
    __aeabi_ddiv                             0x0800d733   Thumb Code   222  ddiv.o(.text)
    __aeabi_ui2f                             0x0800d811   Thumb Code    10  ffltui.o(.text)
    __aeabi_f2uiz                            0x0800d81b   Thumb Code    40  ffixui.o(.text)
    __aeabi_f2d                              0x0800d843   Thumb Code    38  f2d.o(.text)
    __aeabi_d2f                              0x0800d869   Thumb Code    56  d2f.o(.text)
    __aeabi_uidiv                            0x0800d8a1   Thumb Code     0  uidiv.o(.text)
    __aeabi_uidivmod                         0x0800d8a1   Thumb Code    44  uidiv.o(.text)
    __aeabi_uldivmod                         0x0800d8cd   Thumb Code    98  uldiv.o(.text)
    __aeabi_llsl                             0x0800d92f   Thumb Code    30  llshl.o(.text)
    _ll_shift_l                              0x0800d92f   Thumb Code     0  llshl.o(.text)
    __aeabi_lasr                             0x0800d94d   Thumb Code    36  llsshr.o(.text)
    _ll_sshift_r                             0x0800d94d   Thumb Code     0  llsshr.o(.text)
    __I$use$fp                               0x0800d971   Thumb Code     0  iusefp.o(.text)
    _float_round                             0x0800d971   Thumb Code    18  fepilogue.o(.text)
    _float_epilogue                          0x0800d983   Thumb Code    92  fepilogue.o(.text)
    _double_round                            0x0800d9df   Thumb Code    26  depilogue.o(.text)
    _double_epilogue                         0x0800d9f9   Thumb Code   156  depilogue.o(.text)
    __aeabi_dmul                             0x0800da95   Thumb Code   228  dmul.o(.text)
    __aeabi_d2ulz                            0x0800db79   Thumb Code    48  dfixul.o(.text)
    __aeabi_cdrcmple                         0x0800dba9   Thumb Code    38  cdrcmple.o(.text)
    __scatterload                            0x0800dbd1   Thumb Code    28  init.o(.text)
    __scatterload_rt2                        0x0800dbd1   Thumb Code     0  init.o(.text)
    __aeabi_llsr                             0x0800dbf5   Thumb Code    32  llushr.o(.text)
    _ll_ushift_r                             0x0800dbf5   Thumb Code     0  llushr.o(.text)
    __decompress                             0x0800dc15   Thumb Code     0  __dczerorl2.o(.text)
    __decompress1                            0x0800dc15   Thumb Code    86  __dczerorl2.o(.text)
    __0vsprintf                              0x0800dc6d   Thumb Code    30  printfa.o(i.__0vsprintf)
    __1vsprintf                              0x0800dc6d   Thumb Code     0  printfa.o(i.__0vsprintf)
    __2vsprintf                              0x0800dc6d   Thumb Code     0  printfa.o(i.__0vsprintf)
    __c89vsprintf                            0x0800dc6d   Thumb Code     0  printfa.o(i.__0vsprintf)
    vsprintf                                 0x0800dc6d   Thumb Code     0  printfa.o(i.__0vsprintf)
    __scatterload_copy                       0x0800dc91   Thumb Code    14  handlers.o(i.__scatterload_copy)
    __scatterload_null                       0x0800dc9f   Thumb Code     2  handlers.o(i.__scatterload_null)
    __scatterload_zeroinit                   0x0800dca1   Thumb Code    14  handlers.o(i.__scatterload_zeroinit)
    bsp_74hc595_set_DATA                     0x0800e54d   Thumb Code    22  app_display.o(i.bsp_74hc595_set_DATA)
    bsp_74hc595_set_OE                       0x0800e569   Thumb Code    20  app_display.o(i.bsp_74hc595_set_OE)
    bsp_74hc595_set_SH_CP                    0x0800e581   Thumb Code    22  app_display.o(i.bsp_74hc595_set_SH_CP)
    bsp_74hc595_set_ST_CP                    0x0800e59d   Thumb Code    22  app_display.o(i.bsp_74hc595_set_ST_CP)
    ethbroadcast                             0x0800e5d4   Data           6  etharp.o(.constdata)
    ethzero                                  0x0800e5da   Data           6  etharp.o(.constdata)
    tcp_backoff                              0x0800e618   Data          13  tcp.o(.constdata)
    tcp_persist_backoff                      0x0800e625   Data           7  tcp.o(.constdata)
    ip_addr_any                              0x0800e62c   Data           4  ip_addr.o(.constdata)
    ip_addr_broadcast                        0x0800e630   Data           4  ip_addr.o(.constdata)
    Region$$Table$$Base                      0x0800e724   Number         0  anon$$obj.o(Region$$Table)
    Region$$Table$$Limit                     0x0800e744   Number         0  anon$$obj.o(Region$$Table)
    TCPTimer                                 0x20000000   Data           4  netconfig.o(.data)
    DNSTimer                                 0x20000004   Data           4  netconfig.o(.data)
    ARPTimer                                 0x20000008   Data           4  netconfig.o(.data)
    DHCPfineTimer                            0x2000000c   Data           4  netconfig.o(.data)
    DHCPcoarseTimer                          0x20000010   Data           4  netconfig.o(.data)
    m_mac                                    0x20000014   Data           6  netconfig.o(.data)
    serverIP                                 0x2000001a   Data           4  netconfig.o(.data)
    maskIP                                   0x2000001e   Data           4  netconfig.o(.data)
    gateIP                                   0x20000022   Data           4  netconfig.o(.data)
    serverPORT                               0x20000026   Data           2  netconfig.o(.data)
    global_udppcb                            0x20000028   Data           4  netconfig.o(.data)
    hum                                      0x20000034   Data           4  app_sht10.o(.data)
    temp                                     0x20000038   Data           4  app_sht10.o(.data)
    pxCurrentTCB                             0x20000054   Data           4  tasks.o(.data)
    netif_list                               0x200000d0   Data           4  netif.o(.data)
    netif_default                            0x200000d4   Data           4  netif.o(.data)
    tcp_state_str                            0x200000e0   Data          44  tcp.o(.data)
    tcp_ticks                                0x2000010c   Data           4  tcp.o(.data)
    tcp_bound_pcbs                           0x20000110   Data           4  tcp.o(.data)
    tcp_listen_pcbs                          0x20000114   Data           4  tcp.o(.data)
    tcp_active_pcbs                          0x20000118   Data           4  tcp.o(.data)
    tcp_tw_pcbs                              0x2000011c   Data           4  tcp.o(.data)
    tcp_tmp_pcb                              0x20000120   Data           4  tcp.o(.data)
    tcp_input_pcb                            0x20000148   Data           4  tcp_in.o(.data)
    udp_pcbs                                 0x2000014c   Data           4  udp.o(.data)
    current_netif                            0x20000150   Data           4  ip.o(.data)
    current_header                           0x20000154   Data           4  ip.o(.data)
    DM9000AEP                                0x20000188   Data          48  netconfig.o(.bss)
    udpstr                                   0x200001b8   Data          50  netconfig.o(.bss)
    Rx_Data_Buf                              0x20004748   Data        1516  ethernetif.o(.bss)
    Tx_Data_Buf                              0x20004d34   Data        1516  ethernetif.o(.bss)
    lwip_stats                               0x20009288   Data         330  stats.o(.bss)
    __initial_sp                             0x20009fd0   Data           0  cstartup.o(STACK)



==============================================================================

Memory Map of the image

  Image Entry point : 0x080000ed

  Load Region LR_IROM1 (Base: 0x08000000, Size: 0x0000e8b8, Max: 0x00040000, ABSOLUTE, COMPRESSED[0x0000e78c])

    Execution Region ER_IROM1 (Base: 0x08000000, Size: 0x0000e744, Max: 0x00040000, ABSOLUTE)

    Base Addr    Size         Type   Attr      Idx    E Section Name        Object

    0x08000000   0x000000ec   Data   RO          578    RESET               cstartup.o
    0x080000ec   0x00000000   Code   RO         1803  * .ARM.Collect$$$$00000000  mc_w.l(entry.o)
    0x080000ec   0x00000004   Code   RO         1864    .ARM.Collect$$$$00000001  mc_w.l(entry2.o)
    0x080000f0   0x00000004   Code   RO         1867    .ARM.Collect$$$$00000004  mc_w.l(entry5.o)
    0x080000f4   0x00000000   Code   RO         1869    .ARM.Collect$$$$00000008  mc_w.l(entry7b.o)
    0x080000f4   0x00000000   Code   RO         1871    .ARM.Collect$$$$0000000A  mc_w.l(entry8b.o)
    0x080000f4   0x00000008   Code   RO         1872    .ARM.Collect$$$$0000000B  mc_w.l(entry9a.o)
    0x080000fc   0x00000000   Code   RO         1874    .ARM.Collect$$$$0000000D  mc_w.l(entry10a.o)
    0x080000fc   0x00000000   Code   RO         1876    .ARM.Collect$$$$0000000F  mc_w.l(entry11a.o)
    0x080000fc   0x00000004   Code   RO         1865    .ARM.Collect$$$$00002712  mc_w.l(entry2.o)
    0x08000100   0x00000096   Code   RO          843    .emb_text           port.o
    0x08000196   0x00000002   PAD
    0x08000198   0x0000012c   Code   RO            3    .text               main.o
    0x080002c4   0x00000084   Code   RO          203    .text               app_led.o
    0x08000348   0x0000011c   Code   RO          240    .text               netconfig.o
    0x08000464   0x00000220   Code   RO          317    .text               app_serial.o
    0x08000684   0x00000228   Code   RO          364    .text               app_display.o
    0x080008ac   0x0000029c   Code   RO          424    .text               app_sht10.o
    0x08000b48   0x000006a0   Code   RO          463    .text               app_ds3231.o
    0x080011e8   0x00000040   Code   RO          489    .text               app_buz.o
    0x08001228   0x00000298   Code   RO          512    .text               bsp.o
    0x080014c0   0x000004d4   Code   RO          532    .text               dm9000x.o
    0x08001994   0x000006bc   Code   RO          556    .text               i2c_bus.o
    0x08002050   0x0000001c   Code   RO          579    .text               cstartup.o
    0x0800206c   0x0000035c   Code   RO          585    .text               stm32f10x_gpio.o
    0x080023c8   0x000003a4   Code   RO          605    .text               stm32f10x_rcc.o
    0x0800276c   0x000000dc   Code   RO          653    .text               misc.o
    0x08002848   0x00000408   Code   RO          673    .text               stm32f10x_usart.o
    0x08002c50   0x0000011c   Code   RO          693    .text               stm32f10x_exti.o
    0x08002d6c   0x00000e1a   Code   RO          713    .text               stm32f10x_tim.o
    0x08003b86   0x00000094   Code   RO          779    .text               list.o
    0x08003c1a   0x00000002   PAD
    0x08003c1c   0x00000724   Code   RO          791    .text               queue.o
    0x08004340   0x00001328   Code   RO          806    .text               tasks.o
    0x08005668   0x000000e4   Code   RO          844    .text               port.o
    0x0800574c   0x00000124   Code   RO          873    .text               heap_2.o
    0x08005870   0x00000138   Code   RO          890    .text               ethernetif.o
    0x080059a8   0x000002ec   Code   RO          930    .text               sys_arch.o
    0x08005c94   0x00000994   Code   RO          976    .text               etharp.o
    0x08006628   0x000005a4   Code   RO         1062    .text               dns.o
    0x08006bcc   0x00000426   Code   RO         1114    .text               mem.o
    0x08006ff2   0x00000002   PAD
    0x08006ff4   0x0000017c   Code   RO         1132    .text               memp.o
    0x08007170   0x00000204   Code   RO         1165    .text               netif.o
    0x08007374   0x00000536   Code   RO         1187    .text               pbuf.o
    0x080078aa   0x00000002   PAD
    0x080078ac   0x0000019c   Code   RO         1213    .text               raw.o
    0x08007a48   0x0000024c   Code   RO         1239    .text               sys.o
    0x08007c94   0x00000c08   Code   RO         1260    .text               tcp.o
    0x0800889c   0x0000174c   Code   RO         1281    .text               tcp_in.o
    0x08009fe8   0x00000afc   Code   RO         1304    .text               tcp_out.o
    0x0800aae4   0x000004cc   Code   RO         1316    .text               udp.o
    0x0800afb0   0x000002ac   Code   RO         1334    .text               icmp.o
    0x0800b25c   0x0000021c   Code   RO         1352    .text               inet.o
    0x0800b478   0x00000156   Code   RO         1365    .text               inet_chksum.o
    0x0800b5ce   0x00000002   PAD
    0x0800b5d0   0x000004f0   Code   RO         1381    .text               ip.o
    0x0800bac0   0x0000004e   Code   RO         1402    .text               ip_addr.o
    0x0800bb0e   0x00000002   PAD
    0x0800bb10   0x00000618   Code   RO         1424    .text               ip_frag.o
    0x0800c128   0x00000088   Code   RO         1441    .text               lwipentry.o
    0x0800c1b0   0x00000348   Code   RO         1524    .text               api_lib.o
    0x0800c4f8   0x00000ae4   Code   RO         1571    .text               api_msg.o
    0x0800cfdc   0x00000120   Code   RO         1632    .text               netbuf.o
    0x0800d0fc   0x00000350   Code   RO         1746    .text               tcpip.o
    0x0800d44c   0x00000024   Code   RO         1806    .text               mc_w.l(memcpya.o)
    0x0800d470   0x00000024   Code   RO         1808    .text               mc_w.l(memseta.o)
    0x0800d494   0x0000000e   Code   RO         1810    .text               mc_w.l(strlen.o)
    0x0800d4a2   0x0000001c   Code   RO         1812    .text               mc_w.l(strcmp.o)
    0x0800d4be   0x00000012   Code   RO         1814    .text               mc_w.l(strcpy.o)
    0x0800d4d0   0x000000b0   Code   RO         1848    .text               mf_w.l(fadd.o)
    0x0800d580   0x00000064   Code   RO         1850    .text               mf_w.l(fmul.o)
    0x0800d5e4   0x0000014e   Code   RO         1852    .text               mf_w.l(dadd.o)
    0x0800d732   0x000000de   Code   RO         1854    .text               mf_w.l(ddiv.o)
    0x0800d810   0x0000000a   Code   RO         1856    .text               mf_w.l(ffltui.o)
    0x0800d81a   0x00000028   Code   RO         1858    .text               mf_w.l(ffixui.o)
    0x0800d842   0x00000026   Code   RO         1860    .text               mf_w.l(f2d.o)
    0x0800d868   0x00000038   Code   RO         1862    .text               mf_w.l(d2f.o)
    0x0800d8a0   0x0000002c   Code   RO         1881    .text               mc_w.l(uidiv.o)
    0x0800d8cc   0x00000062   Code   RO         1883    .text               mc_w.l(uldiv.o)
    0x0800d92e   0x0000001e   Code   RO         1885    .text               mc_w.l(llshl.o)
    0x0800d94c   0x00000024   Code   RO         1887    .text               mc_w.l(llsshr.o)
    0x0800d970   0x00000000   Code   RO         1898    .text               mc_w.l(iusefp.o)
    0x0800d970   0x0000006e   Code   RO         1899    .text               mf_w.l(fepilogue.o)
    0x0800d9de   0x000000b6   Code   RO         1901    .text               mf_w.l(depilogue.o)
    0x0800da94   0x000000e4   Code   RO         1903    .text               mf_w.l(dmul.o)
    0x0800db78   0x00000030   Code   RO         1905    .text               mf_w.l(dfixul.o)
    0x0800dba8   0x00000028   Code   RO         1907    .text               mf_w.l(cdrcmple.o)
    0x0800dbd0   0x00000024   Code   RO         1909    .text               mc_w.l(init.o)
    0x0800dbf4   0x00000020   Code   RO         1912    .text               mc_w.l(llushr.o)
    0x0800dc14   0x00000056   Code   RO         1955    .text               mc_w.l(__dczerorl2.o)
    0x0800dc6a   0x00000002   PAD
    0x0800dc6c   0x00000024   Code   RO         1825    i.__0vsprintf       mc_w.l(printfa.o)
    0x0800dc90   0x0000000e   Code   RO         1949    i.__scatterload_copy  mc_w.l(handlers.o)
    0x0800dc9e   0x00000002   Code   RO         1950    i.__scatterload_null  mc_w.l(handlers.o)
    0x0800dca0   0x0000000e   Code   RO         1951    i.__scatterload_zeroinit  mc_w.l(handlers.o)
    0x0800dcae   0x00000002   PAD
    0x0800dcb0   0x00000164   Code   RO         1826    i._fp_digits        mc_w.l(printfa.o)
    0x0800de14   0x000006dc   Code   RO         1827    i._printf_core      mc_w.l(printfa.o)
    0x0800e4f0   0x00000024   Code   RO         1828    i._printf_post_padding  mc_w.l(printfa.o)
    0x0800e514   0x0000002e   Code   RO         1829    i._printf_pre_padding  mc_w.l(printfa.o)
    0x0800e542   0x0000000a   Code   RO         1831    i._sputc            mc_w.l(printfa.o)
    0x0800e54c   0x0000001c   Code   RO          395    i.bsp_74hc595_set_DATA  app_display.o
    0x0800e568   0x00000018   Code   RO          380    i.bsp_74hc595_set_OE  app_display.o
    0x0800e580   0x0000001c   Code   RO          390    i.bsp_74hc595_set_SH_CP  app_display.o
    0x0800e59c   0x0000001c   Code   RO          385    i.bsp_74hc595_set_ST_CP  app_display.o
    0x0800e5b8   0x00000006   Data   RO          204    .constdata          app_led.o
    0x0800e5be   0x00000002   PAD
    0x0800e5c0   0x00000008   Data   RO          365    .constdata          app_display.o
    0x0800e5c8   0x0000000c   Data   RO          464    .constdata          app_ds3231.o
    0x0800e5d4   0x0000000c   Data   RO          978    .constdata          etharp.o
    0x0800e5e0   0x00000038   Data   RO         1134    .constdata          memp.o
    0x0800e618   0x00000014   Data   RO         1261    .constdata          tcp.o
    0x0800e62c   0x00000008   Data   RO         1403    .constdata          ip_addr.o
    0x0800e634   0x00000075   Data   RO         1262    .conststring        tcp.o
    0x0800e6a9   0x00000003   PAD
    0x0800e6ac   0x00000078   Data   RO         1442    .conststring        lwipentry.o
    0x0800e724   0x00000020   Data   RO         1947    Region$$Table       anon$$obj.o


    Execution Region RW_IRAM1 (Base: 0x20000000, Size: 0x00009fd0, Max: 0x0000c000, ABSOLUTE, COMPRESSED[0x00000048])

    Base Addr    Size         Type   Attr      Idx    E Section Name        Object

    0x20000000   0x0000002c   Data   RW          242    .data               netconfig.o
    0x2000002c   0x00000008   Data   RW          318    .data               app_serial.o
    0x20000034   0x00000008   Data   RW          425    .data               app_sht10.o
    0x2000003c   0x00000004   Data   RW          465    .data               app_ds3231.o
    0x20000040   0x00000014   Data   RW          606    .data               stm32f10x_rcc.o
    0x20000054   0x0000003c   Data   RW          808    .data               tasks.o
    0x20000090   0x00000004   Data   RW          845    .data               port.o
    0x20000094   0x00000018   Data   RW          875    .data               heap_2.o
    0x200000ac   0x00000002   Data   RW          932    .data               sys_arch.o
    0x200000ae   0x00000001   Data   RW          979    .data               etharp.o
    0x200000af   0x00000001   PAD
    0x200000b0   0x0000000d   Data   RW         1064    .data               dns.o
    0x200000bd   0x00000003   PAD
    0x200000c0   0x00000010   Data   RW         1116    .data               mem.o
    0x200000d0   0x00000009   Data   RW         1166    .data               netif.o
    0x200000d9   0x00000001   Data   RW         1188    .data               pbuf.o
    0x200000da   0x00000002   PAD
    0x200000dc   0x00000004   Data   RW         1214    .data               raw.o
    0x200000e0   0x0000004c   Data   RW         1263    .data               tcp.o
    0x2000012c   0x00000020   Data   RW         1283    .data               tcp_in.o
    0x2000014c   0x00000004   Data   RW         1317    .data               udp.o
    0x20000150   0x0000000a   Data   RW         1382    .data               ip.o
    0x2000015a   0x00000002   PAD
    0x2000015c   0x00000006   Data   RW         1426    .data               ip_frag.o
    0x20000162   0x00000002   PAD
    0x20000164   0x00000010   Data   RW         1747    .data               tcpip.o
    0x20000174   0x00000014   Zero   RW            4    .bss                main.o
    0x20000188   0x00000062   Zero   RW          241    .bss                netconfig.o
    0x200001ea   0x00000002   PAD
    0x200001ec   0x00000030   Zero   RW          557    .bss                i2c_bus.o
    0x2000021c   0x0000012c   Zero   RW          807    .bss                tasks.o
    0x20000348   0x00004400   Zero   RW          874    .bss                heap_2.o
    0x20004748   0x00000bd8   Zero   RW          891    .bss                ethernetif.o
    0x20005320   0x00000028   Zero   RW          931    .bss                sys_arch.o
    0x20005348   0x000000c8   Zero   RW          977    .bss                etharp.o
    0x20005410   0x00000660   Zero   RW         1063    .bss                dns.o
    0x20005a70   0x000007e4   Zero   RW         1115    .bss                mem.o
    0x20006254   0x00003033   Zero   RW         1133    .bss                memp.o
    0x20009287   0x00000001   PAD
    0x20009288   0x0000014a   Zero   RW         1227    .bss                stats.o
    0x200093d2   0x00000002   PAD
    0x200093d4   0x00000014   Zero   RW         1282    .bss                tcp_in.o
    0x200093e8   0x00000010   Zero   RW         1353    .bss                inet.o
    0x200093f8   0x000007d4   Zero   RW         1425    .bss                ip_frag.o
    0x20009bcc   0x00000004   PAD
    0x20009bd0   0x00000400   Zero   RW          576    STACK               cstartup.o


==============================================================================

Image component sizes


      Code (inc. data)   RO Data    RW Data    ZI Data      Debug   Object Name

       840         50          0          0          0      19636   api_lib.o
      2788         38          0          0          0      26087   api_msg.o
        64          4          0          0          0      21247   app_buz.o
       660         38          8          0          0       7226   app_display.o
      1696         54         12          4          0       6655   app_ds3231.o
       132          8          6          0          0       1254   app_led.o
       544         32          0          8          0       8966   app_serial.o
       668         86          0          8          0       3429   app_sht10.o
       664         22          0          0          0       1843   bsp.o
        28          4        236          0       1024        792   cstartup.o
      1236         84          0          0          0       4618   dm9000x.o
      1444         58          0         13       1632       6157   dns.o
      2452         38         12          1        200      17649   etharp.o
       312         26          0          0       3032       5319   ethernetif.o
         0          0          0          0          0       9540   event_groups.o
       292         20          0         24      17408       3148   heap_2.o
      1724         18          0          0         48       4949   i2c_bus.o
       684          6          0          0          0       2542   icmp.o
       540         12          0          0         16       3140   inet.o
       342          0          0          0          0       5170   inet_chksum.o
         0          0          0          0          0        672   init.o
      1264         28          0         10          0       6242   ip.o
        78          0          8          0          0       5445   ip_addr.o
      1560         24          0          6       2004       5804   ip_frag.o
       148          0          0          0          0       1822   list.o
       136          6        120          0          0      18509   lwipentry.o
       300        124          0          0         20     253523   main.o
      1062         24          0         16       2020       3834   mem.o
       380         20         56          0      12339       3038   memp.o
       220         22          0          0          0       1761   misc.o
       288          0          0          0          0       6433   netbuf.o
       284         28          0         44         98      15345   netconfig.o
       516         22          0          9          0       5260   netif.o
      1334         12          0          1          0       6108   pbuf.o
       378         28          0          4          0       7016   port.o
      1828         10          0          0          0      11211   queue.o
       412          4          0          4          0       3333   raw.o
         0          0          0          0        330       3329   stats.o
       284         10          0          0          0       2195   stm32f10x_exti.o
       860         38          0          0          0       5605   stm32f10x_gpio.o
       932         36          0         20          0       8772   stm32f10x_rcc.o
      3610         88          0          0          0      22092   stm32f10x_tim.o
      1032         22          0          0          0       8332   stm32f10x_usart.o
       588          4          0          0          0       3248   sys.o
       748         12          0          2         40       8734   sys_arch.o
      4904        302          0         60        300      29607   tasks.o
      3080        120        137         76          0      18085   tcp.o
      5964        248          0         32         20      14188   tcp_in.o
      2812         26          0          0          0       6894   tcp_out.o
       848         74          0         16          0      20920   tcpip.o
      1228         16          0          4          0       6261   udp.o

    ----------------------------------------------------------------------
     54200       1946        632        372      40540     672985   Object Totals
         0          0         32          0          0          0   (incl. Generated)
        12          0          5         10          9          0   (incl. Padding)

    ----------------------------------------------------------------------

      Code (inc. data)   RO Data    RW Data    ZI Data      Debug   Library Member Name

        86          0          0          0          0          0   __dczerorl2.o
         0          0          0          0          0          0   entry.o
         0          0          0          0          0          0   entry10a.o
         0          0          0          0          0          0   entry11a.o
         8          4          0          0          0          0   entry2.o
         4          0          0          0          0          0   entry5.o
         0          0          0          0          0          0   entry7b.o
         0          0          0          0          0          0   entry8b.o
         8          4          0          0          0          0   entry9a.o
        30          0          0          0          0          0   handlers.o
        36          8          0          0          0         68   init.o
         0          0          0          0          0          0   iusefp.o
        30          0          0          0          0         68   llshl.o
        36          0          0          0          0         68   llsshr.o
        32          0          0          0          0         68   llushr.o
        36          0          0          0          0         68   memcpya.o
        36          0          0          0          0        108   memseta.o
      2240         86          0          0          0        508   printfa.o
        28          0          0          0          0         76   strcmp.o
        18          0          0          0          0         68   strcpy.o
        14          0          0          0          0         68   strlen.o
        44          0          0          0          0         80   uidiv.o
        98          0          0          0          0         92   uldiv.o
        40          2          0          0          0         68   cdrcmple.o
        56          0          0          0          0         88   d2f.o
       334          0          0          0          0        148   dadd.o
       222          0          0          0          0        100   ddiv.o
       182          0          0          0          0        176   depilogue.o
        48          0          0          0          0         68   dfixul.o
       228          0          0          0          0         96   dmul.o
        38          0          0          0          0         68   f2d.o
       176          0          0          0          0        140   fadd.o
       110          0          0          0          0        168   fepilogue.o
        40          0          0          0          0         68   ffixui.o
        10          0          0          0          0         68   ffltui.o
       100          0          0          0          0         76   fmul.o

    ----------------------------------------------------------------------
      4372        104          0          0          0       2672   Library Totals
         4          0          0          0          0          0   (incl. Padding)

    ----------------------------------------------------------------------

      Code (inc. data)   RO Data    RW Data    ZI Data      Debug   Library Name

      2784        102          0          0          0       1340   mc_w.l
      1584          2          0          0          0       1332   mf_w.l

    ----------------------------------------------------------------------
      4372        104          0          0          0       2672   Library Totals

    ----------------------------------------------------------------------

==============================================================================


      Code (inc. data)   RO Data    RW Data    ZI Data      Debug   

     58572       2050        632        372      40540     670169   Grand Totals
     58572       2050        632         72      40540     670169   ELF Image Totals (compressed)
     58572       2050        632         72          0          0   ROM Totals

==============================================================================

    Total RO  Size (Code + RO Data)                59204 (  57.82kB)
    Total RW  Size (RW Data + ZI Data)             40912 (  39.95kB)
    Total ROM Size (Code + RO Data + RW Data)      59276 (  57.89kB)

==============================================================================

