Product: MDK-ARM Standard 5.10
Component: ARM Compiler 5.04 update 1 (build 49)
Tool: armlink [5040049]

==============================================================================

Section Cross References

    main.o(.text) refers to bsp.o(.text) for bsp_init
    main.o(.text) refers to lwipentry.o(.text) for vlwIPInit
    main.o(.text) refers to netconfig.o(.text) for LwIP_Init
    main.o(.text) refers to queue.o(.text) for xQueueCreateMutex
    main.o(.text) refers to app_serial.o(.text) for dbg_string
    main.o(.text) refers to sys_arch.o(.text) for sys_thread_new
    main.o(.text) refers to tasks.o(.text) for xTaskCreate
    main.o(.text) refers to main.o(.bss) for display_source
    main.o(.text) refers to app_display.o(.text) for app_dispaly_show_task
    main.o(.text) refers to app_led.o(.text) for app_led_task_blink
    main.o(.text) refers to app_ds3231.o(.text) for app_ds3231_task
    app_led.o(.text) refers to stm32f10x_rcc.o(.text) for RCC_APB2PeriphClockCmd
    app_led.o(.text) refers to stm32f10x_gpio.o(.text) for GPIO_Init
    app_led.o(.text) refers to tasks.o(.text) for xTaskGetTickCount
    app_led.o(.text) refers to queue.o(.text) for xQueueGenericReceive
    app_led.o(.text) refers to memseta.o(.text) for __aeabi_memset
    app_led.o(.text) refers to app_led.o(.constdata) for .constdata
    netconfig.o(.text) refers to inet.o(.text) for htonl
    netconfig.o(.text) refers to netif.o(.text) for netif_add
    netconfig.o(.text) refers to netconfig.o(.data) for serverIP
    netconfig.o(.text) refers to netconfig.o(.bss) for DM9000AEP
    netconfig.o(.text) refers to tcpip.o(.text) for tcpip_input
    netconfig.o(.text) refers to ethernetif.o(.text) for ethernetif_init
    app_serial.o(.text) refers to queue.o(.text) for xQueueGenericSend
    app_serial.o(.text) refers to stm32f10x_usart.o(.text) for USART_ITConfig
    app_serial.o(.text) refers to tasks.o(.text) for vTaskDelay
    app_serial.o(.text) refers to printfa.o(i.__0vsprintf) for __c89vsprintf
    app_serial.o(.text) refers to stm32f10x_rcc.o(.text) for RCC_APB2PeriphClockCmd
    app_serial.o(.text) refers to stm32f10x_gpio.o(.text) for GPIO_Init
    app_serial.o(.text) refers to misc.o(.text) for NVIC_Init
    app_serial.o(.text) refers to app_serial.o(.data) for xCharsForTx
    app_display.o(.text) refers to app_display.o(i.bsp_74hc595_set_DATA) for bsp_74hc595_set_DATA
    app_display.o(.text) refers to app_display.o(i.bsp_74hc595_set_OFFSET) for bsp_74hc595_set_OFFSET
    app_display.o(.text) refers to app_display.o(i.bsp_74hc595_set_LOCK) for bsp_74hc595_set_LOCK
    app_display.o(.text) refers to app_display.o(i.bsp_74hc595_set_OE) for bsp_74hc595_set_OE
    app_display.o(.text) refers to queue.o(.text) for xQueueGenericReceive
    app_display.o(.text) refers to port.o(.text) for vPortEnterCritical
    app_display.o(.text) refers to tasks.o(.text) for vTaskDelay
    app_sht10.o(.text) refers to ffltui.o(.text) for __aeabi_ui2f
    app_sht10.o(.text) refers to fmul.o(.text) for __aeabi_fmul
    app_sht10.o(.text) refers to fadd.o(.text) for __aeabi_fadd
    app_sht10.o(.text) refers to f2d.o(.text) for __aeabi_f2d
    app_sht10.o(.text) refers to ddiv.o(.text) for __aeabi_ddiv
    app_sht10.o(.text) refers to dadd.o(.text) for __aeabi_dadd
    app_sht10.o(.text) refers to d2f.o(.text) for __aeabi_d2f
    app_sht10.o(.text) refers to i2c_bus.o(.text) for i2c_bus_start
    app_sht10.o(.text) refers to tasks.o(.text) for vTaskDelay
    app_sht10.o(.text) refers to app_serial.o(.text) for dbg_string
    app_sht10.o(.text) refers to app_sht10.o(.data) for temp
    app_ds3231.o(.text) refers to i2c_bus.o(.text) for i2c_bus_read_data
    app_ds3231.o(.text) refers to app_serial.o(.text) for dbg_string
    app_ds3231.o(.text) refers to tasks.o(.text) for vTaskDelay
    app_ds3231.o(.text) refers to app_ds3231.o(.constdata) for rtc_days_in_month
    bsp.o(.text) refers to stm32f10x_rcc.o(.text) for RCC_APB2PeriphClockCmd
    bsp.o(.text) refers to stm32f10x_gpio.o(.text) for GPIO_Init
    bsp.o(.text) refers to misc.o(.text) for NVIC_SetVectorTable
    bsp.o(.text) refers to app_serial.o(.text) for serial_init
    bsp.o(.text) refers to i2c_bus.o(.text) for i2c_bus_init
    bsp.o(.text) refers to app_led.o(.text) for app_led_init
    dm9000x.o(.text) refers to stm32f10x_rcc.o(.text) for RCC_APB2PeriphClockCmd
    dm9000x.o(.text) refers to stm32f10x_gpio.o(.text) for GPIO_PinRemapConfig
    dm9000x.o(.text) refers to app_serial.o(.text) for dbg_string
    dm9000x.o(.text) refers to netconfig.o(.data) for m_mac
    i2c_bus.o(.text) refers to stm32f10x_gpio.o(.text) for GPIO_Init
    i2c_bus.o(.text) refers to stm32f10x_rcc.o(.text) for RCC_APB2PeriphClockCmd
    i2c_bus.o(.text) refers to i2c_bus.o(.bss) for i2c_bus
    cstartup.o(RESET) refers to cstartup.o(STACK) for __initial_sp
    cstartup.o(RESET) refers to cstartup.o(.text) for Reset_Handler
    cstartup.o(RESET) refers to port.o(.emb_text) for vPortSVCHandler
[...]
    prvAddCurrentTaskToDelayedList           0x080031d3   Thumb Code   124  tasks.o(.text)
    prvTaskIsTaskSuspended                   0x080035a7   Thumb Code    56  tasks.o(.text)
    prvCheckTasksWaitingTermination          0x080036c9   Thumb Code    86  tasks.o(.text)
    prvIdleTask                              0x0800371f   Thumb Code    32  tasks.o(.text)
    prvTaskCheckFreeStackSpace               0x080037d1   Thumb Code    22  tasks.o(.text)
    prvListTasksWithinSingleList             0x08003859   Thumb Code   106  tasks.o(.text)
    .text                                    0x0800402c   Section        0  port.o(.text)
    prvTaskExitError                         0x0800402d   Thumb Code    22  port.o(.text)
    .text                                    0x08004110   Section        0  heap_2.o(.text)
    prvHeapInit                              0x08004111   Thumb Code    42  heap_2.o(.text)
    .text                                    0x08004234   Section        0  ethernetif.o(.text)
    low_level_input                          0x08004235   Thumb Code    86  ethernetif.o(.text)
    low_level_init                           0x080042b5   Thumb Code    50  ethernetif.o(.text)
    low_level_output                         0x080042e7   Thumb Code    50  ethernetif.o(.text)
    .text                                    0x0800436c   Section        0  sys_arch.o(.text)
    .text                                    0x08004658   Section        0  etharp.o(.text)
    free_etharp_q                            0x08004659   Thumb Code    30  etharp.o(.text)
    find_entry                               0x08004711   Thumb Code   488  etharp.o(.text)
    etharp_send_ip                           0x080048f9   Thumb Code    62  etharp.o(.text)
    update_arp_entry                         0x08004937   Thumb Code   228  etharp.o(.text)
    etharp_raw                               0x08004c13   Thumb Code   196  etharp.o(.text)
    .text                                    0x08004fec   Section        0  dns.o(.text)
    dns_parse_name                           0x08005009   Thumb Code    42  dns.o(.text)
    dns_compare_name                         0x08005033   Thumb Code    60  dns.o(.text)
    dns_recv                                 0x0800506f   Thumb Code   354  dns.o(.text)
    dns_send                                 0x0800522d   Thumb Code   216  dns.o(.text)
    dns_check_entry                          0x08005305   Thumb Code   248  dns.o(.text)
    dns_check_entries                        0x080053fd   Thumb Code    22  dns.o(.text)
    dns_lookup                               0x08005421   Thumb Code    86  dns.o(.text)
    dns_enqueue                              0x08005477   Thumb Code   184  dns.o(.text)
    .text                                    0x08005590   Section        0  mem.o(.text)
    plug_holes                               0x08005591   Thumb Code   108  mem.o(.text)
    .text                                    0x080059b8   Section        0  memp.o(.text)
    .text                                    0x08005b34   Section        0  netif.o(.text)
    .text                                    0x08005d38   Section        0  pbuf.o(.text)
    pbuf_free_ooseq                          0x08005d39   Thumb Code    54  pbuf.o(.text)
    pbuf_pool_is_empty                       0x08005d6f   Thumb Code    58  pbuf.o(.text)
    .text                                    0x08006270   Section        0  raw.o(.text)
    .text                                    0x0800640c   Section        0  sys.o(.text)
    sswt_handler                             0x080065eb   Thumb Code    20  sys.o(.text)
    .text                                    0x08006658   Section        0  tcp.o(.text)
    tcp_new_port                             0x08006d27   Thumb Code   104  tcp.o(.text)
    tcp_accept_null                          0x08006e69   Thumb Code     8  tcp.o(.text)
    tcp_kill_prio                            0x080070bb   Thumb Code    78  tcp.o(.text)
    tcp_kill_timewait                        0x08007109   Thumb Code    52  tcp.o(.text)
    .text                                    0x08007260   Section        0  tcp_in.o(.text)
    tcp_oos_insert_segment                   0x08007261   Thumb Code   174  tcp_in.o(.text)
    tcp_receive                              0x0800730f   Thumb Code  2366  tcp_in.o(.text)
    tcp_parseopt                             0x08007c4d   Thumb Code   176  tcp_in.o(.text)
    tcp_process                              0x08007cfd   Thumb Code  1382  tcp_in.o(.text)
    tcp_listen_input                         0x08008263   Thumb Code   342  tcp_in.o(.text)
    tcp_timewait_input                       0x080083b9   Thumb Code   150  tcp_in.o(.text)
    .text                                    0x080089ac   Section        0  tcp_out.o(.text)
    tcp_output_set_header                    0x080089ad   Thumb Code   138  tcp_out.o(.text)
    tcp_output_segment                       0x08008eeb   Thumb Code   230  tcp_out.o(.text)
    .text                                    0x080094a8   Section        0  udp.o(.text)
    .text                                    0x08009974   Section        0  icmp.o(.text)
    icmp_send_response                       0x08009b81   Thumb Code   118  icmp.o(.text)
    .text                                    0x08009c20   Section        0  inet.o(.text)
    .text                                    0x08009e3c   Section        0  inet_chksum.o(.text)
    lwip_standard_chksum                     0x08009e3d   Thumb Code    74  inet_chksum.o(.text)
    .text                                    0x08009f94   Section        0  ip.o(.text)
    ip_forward                               0x08009feb   Thumb Code   198  ip.o(.text)
    .text                                    0x0800a484   Section        0  ip_addr.o(.text)
    .text                                    0x0800a4d4   Section        0  ip_frag.o(.text)
    ip_reass_dequeue_datagram                0x0800a4d5   Thumb Code    36  ip_frag.o(.text)
    ip_reass_free_complete_datagram          0x0800a4f9   Thumb Code   112  ip_frag.o(.text)
    ip_reass_remove_oldest_datagram          0x0800a599   Thumb Code   118  ip_frag.o(.text)
    ip_reass_enqueue_new_datagram            0x0800a60f   Thumb Code    92  ip_frag.o(.text)
    ip_reass_chain_frag_into_datagram_and_validate 0x0800a66b   Thumb Code   324  ip_frag.o(.text)
    .text                                    0x0800aaec   Section        0  lwipentry.o(.text)
    .text                                    0x0800ab74   Section        0  api_lib.o(.text)
    .text                                    0x0800aebc   Section        0  api_msg.o(.text)
    recv_raw                                 0x0800aebd   Thumb Code   162  api_msg.o(.text)
    recv_udp                                 0x0800af5f   Thumb Code   126  api_msg.o(.text)
    recv_tcp                                 0x0800afdd   Thumb Code    96  api_msg.o(.text)
    err_tcp                                  0x0800b03d   Thumb Code   110  api_msg.o(.text)
    do_writemore                             0x0800b0ab   Thumb Code   246  api_msg.o(.text)
    sent_tcp                                 0x0800b1a1   Thumb Code    76  api_msg.o(.text)
    do_close_internal                        0x0800b1ed   Thumb Code   162  api_msg.o(.text)
    poll_tcp                                 0x0800b28f   Thumb Code    38  api_msg.o(.text)
    setup_tcp                                0x0800b2b5   Thumb Code    50  api_msg.o(.text)
    accept_function                          0x0800b3c3   Thumb Code    88  api_msg.o(.text)
    pcb_new                                  0x0800b41b   Thumb Code   164  api_msg.o(.text)
    do_connected                             0x0800b5c9   Thumb Code    52  api_msg.o(.text)
    do_dns_found                             0x0800b941   Thumb Code    44  api_msg.o(.text)
    .text                                    0x0800b9a0   Section        0  netbuf.o(.text)
    .text                                    0x0800bac0   Section        0  tcpip.o(.text)
    tcpip_tcp_timer                          0x0800bac1   Thumb Code    40  tcpip.o(.text)
    ip_reass_timer                           0x0800bb0f   Thumb Code    22  tcpip.o(.text)
    arp_timer                                0x0800bb25   Thumb Code    22  tcpip.o(.text)
    dns_timer                                0x0800bb3b   Thumb Code    22  tcpip.o(.text)
    tcpip_thread                             0x0800bb51   Thumb Code   210  tcpip.o(.text)
    pbuf_free_int                            0x0800bd9f   Thumb Code    14  tcpip.o(.text)
    .text                                    0x0800be10   Section        0  memcpya.o(.text)
    .text                                    0x0800be34   Section        0  memseta.o(.text)
    .text                                    0x0800be58   Section        0  strlen.o(.text)
    .text                                    0x0800be66   Section        0  strcmp.o(.text)
    .text                                    0x0800be82   Section        0  strcpy.o(.text)
    .text                                    0x0800be94   Section        0  dadd.o(.text)
    .text                                    0x0800bfe2   Section        0  ddiv.o(.text)
    .text                                    0x0800c0c0   Section        0  uidiv.o(.text)
    .text                                    0x0800c0ec   Section        0  uldiv.o(.text)
    .text                                    0x0800c14e   Section        0  llshl.o(.text)
    .text                                    0x0800c16c   Section        0  llsshr.o(.text)
    .text                                    0x0800c190   Section        0  depilogue.o(.text)
    .text                                    0x0800c190   Section        0  iusefp.o(.text)
    .text                                    0x0800c246   Section        0  dmul.o(.text)
    .text                                    0x0800c32a   Section        0  dfixul.o(.text)
    .text                                    0x0800c35c   Section       40  cdrcmple.o(.text)
    .text                                    0x0800c384   Section       36  init.o(.text)
    .text                                    0x0800c3a8   Section        0  llushr.o(.text)
    .text                                    0x0800c3c8   Section        0  __dczerorl2.o(.text)
    i.__0vsprintf                            0x0800c420   Section        0  printfa.o(i.__0vsprintf)
    i.__scatterload_copy                     0x0800c444   Section       14  handlers.o(i.__scatterload_copy)
    i.__scatterload_null                     0x0800c452   Section        2  handlers.o(i.__scatterload_null)
    i.__scatterload_zeroinit                 0x0800c454   Section       14  handlers.o(i.__scatterload_zeroinit)
    i._fp_digits                             0x0800c464   Section        0  printfa.o(i._fp_digits)
    _fp_digits                               0x0800c465   Thumb Code   334  printfa.o(i._fp_digits)
    i._printf_core                           0x0800c5c8   Section        0  printfa.o(i._printf_core)
    _printf_core                             0x0800c5c9   Thumb Code  1744  printfa.o(i._printf_core)
    i._printf_post_padding                   0x0800cca4   Section        0  printfa.o(i._printf_post_padding)
    _printf_post_padding                     0x0800cca5   Thumb Code    36  printfa.o(i._printf_post_padding)
    i._printf_pre_padding                    0x0800ccc8   Section        0  printfa.o(i._printf_pre_padding)
    _printf_pre_padding                      0x0800ccc9   Thumb Code    46  printfa.o(i._printf_pre_padding)
    i._sputc                                 0x0800ccf6   Section        0  printfa.o(i._sputc)
    _sputc                                   0x0800ccf7   Thumb Code    10  printfa.o(i._sputc)
    i.bsp_74hc595_set_DATA                   0x0800cd00   Section        0  app_display.o(i.bsp_74hc595_set_DATA)
    i.bsp_74hc595_set_LOCK                   0x0800cd1c   Section        0  app_display.o(i.bsp_74hc595_set_LOCK)
    i.bsp_74hc595_set_OE                     0x0800cd38   Section        0  app_display.o(i.bsp_74hc595_set_OE)
    i.bsp_74hc595_set_OFFSET                 0x0800cd50   Section        0  app_display.o(i.bsp_74hc595_set_OFFSET)
    .constdata                               0x0800cd6c   Section        6  app_led.o(.constdata)
    .constdata                               0x0800cd72   Section       12  app_ds3231.o(.constdata)
    rtc_days_in_month                        0x0800cd72   Data          12  app_ds3231.o(.constdata)
    .constdata                               0x0800cd7e   Section       12  etharp.o(.constdata)
    .constdata                               0x0800cd8a   Section       56  memp.o(.constdata)
    memp_sizes                               0x0800cd8a   Data          28  memp.o(.constdata)
    memp_num                                 0x0800cda6   Data          28  memp.o(.constdata)
    .constdata                               0x0800cdc2   Section       20  tcp.o(.constdata)
    .constdata                               0x0800cdd6   Section        8  ip_addr.o(.constdata)
    .conststring                             0x0800cde0   Section      117  tcp.o(.conststring)
    .conststring                             0x0800ce58   Section      120  lwipentry.o(.conststring)
    .data                                    0x20000000   Section       44  netconfig.o(.data)
    .data                                    0x2000002c   Section        8  app_serial.o(.data)
    xCharsForTx                              0x2000002c   Data           4  app_serial.o(.data)
    xPort                                    0x20000030   Data           4  app_serial.o(.data)
    .data                                    0x20000034   Section       20  stm32f10x_rcc.o(.data)
    APBAHBPrescTable                         0x20000034   Data          16  stm32f10x_rcc.o(.data)
    ADCPrescTable                            0x20000044   Data           4  stm32f10x_rcc.o(.data)
    .data                                    0x20000048   Section       60  tasks.o(.data)
    pxDelayedTaskList                        0x2000004c   Data           4  tasks.o(.data)
    pxOverflowDelayedTaskList                0x20000050   Data           4  tasks.o(.data)
    uxDeletedTasksWaitingCleanUp             0x20000054   Data           4  tasks.o(.data)
    uxCurrentNumberOfTasks                   0x20000058   Data           4  tasks.o(.data)
    xTickCount                               0x2000005c   Data           4  tasks.o(.data)
    uxTopReadyPriority                       0x20000060   Data           4  tasks.o(.data)
    xSchedulerRunning                        0x20000064   Data           4  tasks.o(.data)
    uxPendedTicks                            0x20000068   Data           4  tasks.o(.data)
    xYieldPending                            0x2000006c   Data           4  tasks.o(.data)
    xNumOfOverflows                          0x20000070   Data           4  tasks.o(.data)
    uxTaskNumber                             0x20000074   Data           4  tasks.o(.data)
    xNextTaskUnblockTime                     0x20000078   Data           4  tasks.o(.data)
    xIdleTaskHandle                          0x2000007c   Data           4  tasks.o(.data)
    uxSchedulerSuspended                     0x20000080   Data           4  tasks.o(.data)
    .data                                    0x20000084   Section        4  port.o(.data)
    uxCriticalNesting                        0x20000084   Data           4  port.o(.data)
    .data                                    0x20000088   Section       24  heap_2.o(.data)
    xStart                                   0x20000088   Data           8  heap_2.o(.data)
    xEnd                                     0x20000090   Data           8  heap_2.o(.data)
    xFreeBytesRemaining                      0x20000098   Data           4  heap_2.o(.data)
    xHeapHasBeenInitialised                  0x2000009c   Data           4  heap_2.o(.data)
    .data                                    0x200000a0   Section        2  sys_arch.o(.data)
    s_nextthread                             0x200000a0   Data           2  sys_arch.o(.data)
    .data                                    0x200000a2   Section        1  etharp.o(.data)
    etharp_cached_entry                      0x200000a2   Data           1  etharp.o(.data)
    .data                                    0x200000a4   Section       13  dns.o(.data)
    dns_pcb                                  0x200000a4   Data           4  dns.o(.data)
    dns_seqno                                0x200000a8   Data           1  dns.o(.data)
    dns_servers                              0x200000a9   Data           8  dns.o(.data)
    .data                                    0x200000b4   Section       16  mem.o(.data)
    ram                                      0x200000b4   Data           4  mem.o(.data)
    ram_end                                  0x200000b8   Data           4  mem.o(.data)
    lfree                                    0x200000bc   Data           4  mem.o(.data)
    mem_sem                                  0x200000c0   Data           4  mem.o(.data)
    .data                                    0x200000c4   Section        9  netif.o(.data)
    netifnum                                 0x200000cc   Data           1  netif.o(.data)
    .data                                    0x200000cd   Section        1  pbuf.o(.data)
    pbuf_free_ooseq_queued                   0x200000cd   Data           1  pbuf.o(.data)
    .data                                    0x200000d0   Section        4  raw.o(.data)
    raw_pcbs                                 0x200000d0   Data           4  raw.o(.data)
    .data                                    0x200000d4   Section       76  tcp.o(.data)
    tcp_timer                                0x20000118   Data           1  tcp.o(.data)
    port                                     0x2000011a   Data           2  tcp.o(.data)
    iss                                      0x2000011c   Data           4  tcp.o(.data)
    .data                                    0x20000120   Section       32  tcp_in.o(.data)
    tcphdr                                   0x20000120   Data           4  tcp_in.o(.data)
    iphdr                                    0x20000124   Data           4  tcp_in.o(.data)
    seqno                                    0x20000128   Data           4  tcp_in.o(.data)
    ackno                                    0x2000012c   Data           4  tcp_in.o(.data)
    flags                                    0x20000130   Data           1  tcp_in.o(.data)
    tcplen                                   0x20000132   Data           2  tcp_in.o(.data)
    recv_flags                               0x20000134   Data           1  tcp_in.o(.data)
    recv_data                                0x20000138   Data           4  tcp_in.o(.data)
    .data                                    0x20000140   Section        4  udp.o(.data)
    .data                                    0x20000144   Section       10  ip.o(.data)
    ip_id                                    0x2000014c   Data           2  ip.o(.data)
    .data                                    0x20000150   Section        6  ip_frag.o(.data)
    reassdatagrams                           0x20000150   Data           4  ip_frag.o(.data)
    ip_reass_pbufcount                       0x20000154   Data           2  ip_frag.o(.data)
    .data                                    0x20000158   Section       16  tcpip.o(.data)
    tcpip_init_done                          0x20000158   Data           4  tcpip.o(.data)
    tcpip_init_done_arg                      0x2000015c   Data           4  tcpip.o(.data)
    mbox                                     0x20000160   Data           4  tcpip.o(.data)
    tcpip_tcp_timer_active                   0x20000164   Data           4  tcpip.o(.data)
    .bss                                     0x20000168   Section       12  main.o(.bss)
    display_source                           0x20000168   Data          12  main.o(.bss)
    .bss                                     0x20000174   Section       98  netconfig.o(.bss)
    .bss                                     0x200001d8   Section       48  i2c_bus.o(.bss)
    i2c_bus                                  0x200001d8   Data          48  i2c_bus.o(.bss)
    .bss                                     0x20000208   Section      300  tasks.o(.bss)
    pxReadyTasksLists                        0x20000208   Data         200  tasks.o(.bss)
    xDelayedTaskList1                        0x200002d0   Data          20  tasks.o(.bss)
    xDelayedTaskList2                        0x200002e4   Data          20  tasks.o(.bss)
    xPendingReadyList                        0x200002f8   Data          20  tasks.o(.bss)
    xTasksWaitingTermination                 0x2000030c   Data          20  tasks.o(.bss)
    xSuspendedTaskList                       0x20000320   Data          20  tasks.o(.bss)
    .bss                                     0x20000334   Section    17408  heap_2.o(.bss)
    ucHeap                                   0x20000334   Data       17408  heap_2.o(.bss)
    .bss                                     0x20004734   Section     3032  ethernetif.o(.bss)
    .bss                                     0x2000530c   Section       40  sys_arch.o(.bss)
    s_timeoutlist                            0x2000530c   Data          40  sys_arch.o(.bss)
    .bss                                     0x20005334   Section      200  etharp.o(.bss)
    arp_table                                0x20005334   Data         200  etharp.o(.bss)
    .bss                                     0x200053fc   Section     1632  dns.o(.bss)
    dns_table                                0x200053fc   Data        1120  dns.o(.bss)
    dns_payload                              0x2000585c   Data         512  dns.o(.bss)
    .bss                                     0x20005a5c   Section     2020  mem.o(.bss)
    ram_heap                                 0x20005a5c   Data        2020  mem.o(.bss)
    .bss                                     0x20006240   Section    12339  memp.o(.bss)
    memp_tab                                 0x20006240   Data          56  memp.o(.bss)
    memp_memory                              0x20006278   Data       12283  memp.o(.bss)
    .bss                                     0x20009274   Section      330  stats.o(.bss)
    .bss                                     0x200093c0   Section       20  tcp_in.o(.bss)
    inseg                                    0x200093c0   Data          20  tcp_in.o(.bss)
    .bss                                     0x200093d4   Section       16  inet.o(.bss)
    str                                      0x200093d4   Data          16  inet.o(.bss)
    .bss                                     0x200093e4   Section     2004  ip_frag.o(.bss)
    buf                                      0x200093e4   Data        2004  ip_frag.o(.bss)
    STACK                                    0x20009bb8   Section     1024  cstartup.o(STACK)

    Global Symbols

    Symbol Name                              Value     Ov Type        Size  Object(Section)

    BuildAttributes$$THM_ISAv4$P$D$K$B$S$PE$A:L22UL41UL21$X:L11$S22US41US21$IEEE1$IW$USESV6$~STKCKD$USESV7$~SHL$OTIME$ROPI$EBA8$MICROLIB$REQ8$PRES8$EABIv2 0x00000000   Number         0  anon$$obj.o ABSOLUTE
    __ARM_use_no_argv                        0x00000000   Number         0  main.o ABSOLUTE
    __cpp_initialize__aeabi_                  - Undefined Weak Reference
    __cxa_finalize                            - Undefined Weak Reference
    _clock_init                               - Undefined Weak Reference
    _microlib_exit                            - Undefined Weak Reference
    __Vectors                                0x08000000   Data           4  cstartup.o(RESET)
    __main                                   0x080000ed   Thumb Code     0  entry.o(.ARM.Collect$$$$00000000)
    _main_stk                                0x080000ed   Thumb Code     0  entry2.o(.ARM.Collect$$$$00000001)
    _main_scatterload                        0x080000f1   Thumb Code     0  entry5.o(.ARM.Collect$$$$00000004)
    __main_after_scatterload                 0x080000f5   Thumb Code     0  entry5.o(.ARM.Collect$$$$00000004)
    _main_clock                              0x080000f5   Thumb Code     0  entry7b.o(.ARM.Collect$$$$00000008)
    _main_cpp_init                           0x080000f5   Thumb Code     0  entry8b.o(.ARM.Collect$$$$0000000A)
    _main_init                               0x080000f5   Thumb Code     0  entry9a.o(.ARM.Collect$$$$0000000B)
    __rt_final_cpp                           0x080000fd   Thumb Code     0  entry10a.o(.ARM.Collect$$$$0000000D)
    __rt_final_exit                          0x080000fd   Thumb Code     0  entry11a.o(.ARM.Collect$$$$0000000F)
    vPortSVCHandler                          0x08000101   Thumb Code    32  port.o(.emb_text)
    __asm___6_port_c_39a90d8d__prvStartFirstTask 0x08000125   Thumb Code    28  port.o(.emb_text)
    xPortPendSVHandler                       0x08000145   Thumb Code    72  port.o(.emb_text)
    vPortGetIPSR                             0x08000191   Thumb Code     6  port.o(.emb_text)
    main                                     0x08000199   Thumb Code   122  main.o(.text)
    app_led_init                             0x08000269   Thumb Code    46  app_led.o(.text)
    app_led_task_blink                       0x08000297   Thumb Code   138  app_led.o(.text)
    LwIP_Init                                0x08000329   Thumb Code   254  netconfig.o(.text)
    vStartComTasks                           0x080004b5   Thumb Code    24  app_serial.o(.text)
    dbg_string                               0x080004f3   Thumb Code    42  app_serial.o(.text)
    serial_init                              0x0800051d   Thumb Code   214  app_serial.o(.text)
    USART1_IRQHandler                        0x080005f3   Thumb Code    82  app_serial.o(.text)
    app_dispaly_show_task                    0x080007e9   Thumb Code    88  app_display.o(.text)
    app_ds3231_task                          0x08000b13   Thumb Code   104  app_ds3231.o(.text)
    bsp_init                                 0x08000ce5   Thumb Code    36  bsp.o(.text)
    dm9000x_gpio_inital                      0x08000d25   Thumb Code   144  dm9000x.o(.text)
    dm9000x_read_id                          0x08000e65   Thumb Code    68  dm9000x.o(.text)
    dm9000x_inital                           0x08000ea9   Thumb Code   264  dm9000x.o(.text)
    dm9000x_sendpacket                       0x08000fb1   Thumb Code   154  dm9000x.o(.text)
    dm9000x_receivepacket                    0x0800104b   Thumb Code   336  dm9000x.o(.text)
    i2c_bus_sda_dir                          0x08001233   Thumb Code    72  i2c_bus.o(.text)
    i2c_bus_start                            0x0800127b   Thumb Code   256  i2c_bus.o(.text)
    i2c_bus_init                             0x08001405   Thumb Code   218  i2c_bus.o(.text)
    I2C_BUS_SDA_STATE                        0x080015ef   Thumb Code    40  i2c_bus.o(.text)
    i2c_bus_write_byte                       0x08001617   Thumb Code   256  i2c_bus.o(.text)
    i2c_bus_read_byte                        0x08001717   Thumb Code   102  i2c_bus.o(.text)
    i2c_bus_write_data                       0x0800177d   Thumb Code   208  i2c_bus.o(.text)
    i2c_bus_read_data                        0x0800184d   Thumb Code   252  i2c_bus.o(.text)
    Reset_Handler                            0x0800194d   Thumb Code     4  cstartup.o(.text)
    NMI_Handler                              0x08001951   Thumb Code     2  cstartup.o(.text)
    HardFault_Handler                        0x08001953   Thumb Code     2  cstartup.o(.text)
    MemManage_Handler                        0x08001955   Thumb Code     2  cstartup.o(.text)
    BusFault_Handler                         0x08001957   Thumb Code     2  cstartup.o(.text)
    UsageFault_Handler                       0x08001959   Thumb Code     2  cstartup.o(.text)
    SVC_Handler                              0x0800195b   Thumb Code     2  cstartup.o(.text)
    DebugMon_Handler                         0x0800195d   Thumb Code     2  cstartup.o(.text)
    PendSV_Handler                           0x0800195f   Thumb Code     2  cstartup.o(.text)
    SysTick_Handler                          0x08001961   Thumb Code     2  cstartup.o(.text)
    ADC_IRQHandler                           0x08001963   Thumb Code     0  cstartup.o(.text)
    CAN_RX1_IRQHandler                       0x08001963   Thumb Code     0  cstartup.o(.text)
    CAN_SCE_IRQHandler                       0x08001963   Thumb Code     0  cstartup.o(.text)
    DMAChannel1_IRQHandler                   0x08001963   Thumb Code     0  cstartup.o(.text)
    DMAChannel2_IRQHandler                   0x08001963   Thumb Code     0  cstartup.o(.text)
    DMAChannel3_IRQHandler                   0x08001963   Thumb Code     0  cstartup.o(.text)
    DMAChannel4_IRQHandler                   0x08001963   Thumb Code     0  cstartup.o(.text)
    DMAChannel5_IRQHandler                   0x08001963   Thumb Code     0  cstartup.o(.text)
    DMAChannel6_IRQHandler                   0x08001963   Thumb Code     0  cstartup.o(.text)
    DMAChannel7_IRQHandler                   0x08001963   Thumb Code     0  cstartup.o(.text)
    EXTI0_IRQHandler                         0x08001963   Thumb Code     0  cstartup.o(.text)
    EXTI15_10_IRQHandler                     0x08001963   Thumb Code     0  cstartup.o(.text)
    EXTI1_IRQHandler                         0x08001963   Thumb Code     0  cstartup.o(.text)
    EXTI2_IRQHandler                         0x08001963   Thumb Code     0  cstartup.o(.text)
    EXTI3_IRQHandler                         0x08001963   Thumb Code     0  cstartup.o(.text)
    EXTI4_IRQHandler                         0x08001963   Thumb Code     0  cstartup.o(.text)
    EXTI9_5_IRQHandler                       0x08001963   Thumb Code     0  cstartup.o(.text)
    FLASH_IRQHandler                         0x08001963   Thumb Code     0  cstartup.o(.text)
    I2C1_ER_IRQHandler                       0x08001963   Thumb Code     0  cstartup.o(.text)
    I2C1_EV_IRQHandler                       0x08001963   Thumb Code     0  cstartup.o(.text)
    I2C2_ER_IRQHandler                       0x08001963   Thumb Code     0  cstartup.o(.text)
    I2C2_EV_IRQHandler                       0x08001963   Thumb Code     0  cstartup.o(.text)
    PVD_IRQHandler                           0x08001963   Thumb Code     0  cstartup.o(.text)
    RCC_IRQHandler                           0x08001963   Thumb Code     0  cstartup.o(.text)
    RTCAlarm_IRQHandler                      0x08001963   Thumb Code     0  cstartup.o(.text)
    RTC_IRQHandler                           0x08001963   Thumb Code     0  cstartup.o(.text)
    SPI1_IRQHandler                          0x08001963   Thumb Code     0  cstartup.o(.text)
    SPI2_IRQHandler                          0x08001963   Thumb Code     0  cstartup.o(.text)
    TAMPER_IRQHandler                        0x08001963   Thumb Code     0  cstartup.o(.text)
    TIM1_BRK_IRQHandler                      0x08001963   Thumb Code     0  cstartup.o(.text)
    TIM1_CC_IRQHandler                       0x08001963   Thumb Code     0  cstartup.o(.text)
    TIM1_TRG_COM_IRQHandler                  0x08001963   Thumb Code     0  cstartup.o(.text)
    TIM1_UP_IRQHandler                       0x08001963   Thumb Code     0  cstartup.o(.text)
    TIM2_IRQHandler                          0x08001963   Thumb Code     0  cstartup.o(.text)
    TIM3_IRQHandler                          0x08001963   Thumb Code     0  cstartup.o(.text)
    TIM4_IRQHandler                          0x08001963   Thumb Code     0  cstartup.o(.text)
    USART2_IRQHandler                        0x08001963   Thumb Code     0  cstartup.o(.text)
    USART3_IRQHandler                        0x08001963   Thumb Code     0  cstartup.o(.text)
    USBWakeUp_IRQHandler                     0x08001963   Thumb Code     0  cstartup.o(.text)
    USB_HP_CAN_TX_IRQHandler                 0x08001963   Thumb Code     0  cstartup.o(.text)
    USB_LP_CAN_RX0_IRQHandler                0x08001963   Thumb Code     0  cstartup.o(.text)
    WWDG_IRQHandler                          0x08001963   Thumb Code     0  cstartup.o(.text)
    GPIO_DeInit                              0x08001969   Thumb Code   172  stm32f10x_gpio.o(.text)
    GPIO_AFIODeInit                          0x08001a15   Thumb Code    20  stm32f10x_gpio.o(.text)
    GPIO_Init                                0x08001a29   Thumb Code   278  stm32f10x_gpio.o(.text)
    GPIO_StructInit                          0x08001b3f   Thumb Code    16  stm32f10x_gpio.o(.text)
    GPIO_ReadInputDataBit                    0x08001b4f   Thumb Code    18  stm32f10x_gpio.o(.text)
    GPIO_ReadInputData                       0x08001b61   Thumb Code     8  stm32f10x_gpio.o(.text)
    GPIO_ReadOutputDataBit                   0x08001b69   Thumb Code    18  stm32f10x_gpio.o(.text)
    GPIO_ReadOutputData                      0x08001b7b   Thumb Code     8  stm32f10x_gpio.o(.text)
    GPIO_SetBits                             0x08001b83   Thumb Code     4  stm32f10x_gpio.o(.text)
    GPIO_ResetBits                           0x08001b87   Thumb Code     4  stm32f10x_gpio.o(.text)
    GPIO_WriteBit                            0x08001b8b   Thumb Code    10  stm32f10x_gpio.o(.text)
    GPIO_Write                               0x08001b95   Thumb Code     4  stm32f10x_gpio.o(.text)
    GPIO_PinLockConfig                       0x08001b99   Thumb Code    18  stm32f10x_gpio.o(.text)
    GPIO_EventOutputConfig                   0x08001bab   Thumb Code    26  stm32f10x_gpio.o(.text)
    GPIO_EventOutputCmd                      0x08001bc5   Thumb Code     6  stm32f10x_gpio.o(.text)
    GPIO_PinRemapConfig                      0x08001bcb   Thumb Code   138  stm32f10x_gpio.o(.text)
    GPIO_EXTILineConfig                      0x08001c55   Thumb Code    66  stm32f10x_gpio.o(.text)
    GPIO_ETH_MediaInterfaceConfig            0x08001c97   Thumb Code     8  stm32f10x_gpio.o(.text)
    RCC_DeInit                               0x08001cc5   Thumb Code    64  stm32f10x_rcc.o(.text)
    RCC_HSEConfig                            0x08001d05   Thumb Code    70  stm32f10x_rcc.o(.text)
    RCC_GetFlagStatus                        0x08001d4b   Thumb Code    56  stm32f10x_rcc.o(.text)
    RCC_WaitForHSEStartUp                    0x08001d83   Thumb Code    56  stm32f10x_rcc.o(.text)
    RCC_AdjustHSICalibrationValue            0x08001dbb   Thumb Code    20  stm32f10x_rcc.o(.text)
    RCC_HSICmd                               0x08001dcf   Thumb Code     6  stm32f10x_rcc.o(.text)
    RCC_PLLConfig                            0x08001dd5   Thumb Code    24  stm32f10x_rcc.o(.text)
    RCC_PLLCmd                               0x08001ded   Thumb Code     6  stm32f10x_rcc.o(.text)
    RCC_SYSCLKConfig                         0x08001df3   Thumb Code    18  stm32f10x_rcc.o(.text)
    RCC_GetSYSCLKSource                      0x08001e05   Thumb Code    10  stm32f10x_rcc.o(.text)
    RCC_HCLKConfig                           0x08001e0f   Thumb Code    18  stm32f10x_rcc.o(.text)
    RCC_PCLK1Config                          0x08001e21   Thumb Code    18  stm32f10x_rcc.o(.text)
    RCC_PCLK2Config                          0x08001e33   Thumb Code    20  stm32f10x_rcc.o(.text)
    RCC_ITConfig                             0x08001e47   Thumb Code    26  stm32f10x_rcc.o(.text)
    RCC_USBCLKConfig                         0x08001e61   Thumb Code     8  stm32f10x_rcc.o(.text)
    RCC_ADCCLKConfig                         0x08001e69   Thumb Code    18  stm32f10x_rcc.o(.text)
    RCC_LSEConfig                            0x08001e7b   Thumb Code    50  stm32f10x_rcc.o(.text)
    RCC_LSICmd                               0x08001ead   Thumb Code     6  stm32f10x_rcc.o(.text)
    RCC_RTCCLKConfig                         0x08001eb3   Thumb Code    12  stm32f10x_rcc.o(.text)
    RCC_RTCCLKCmd                            0x08001ebf   Thumb Code     8  stm32f10x_rcc.o(.text)
    RCC_GetClocksFreq                        0x08001ec7   Thumb Code   192  stm32f10x_rcc.o(.text)
    RCC_AHBPeriphClockCmd                    0x08001f87   Thumb Code    26  stm32f10x_rcc.o(.text)
    RCC_APB2PeriphClockCmd                   0x08001fa1   Thumb Code    26  stm32f10x_rcc.o(.text)
    RCC_APB1PeriphClockCmd                   0x08001fbb   Thumb Code    26  stm32f10x_rcc.o(.text)
    RCC_APB2PeriphResetCmd                   0x08001fd5   Thumb Code    26  stm32f10x_rcc.o(.text)
    RCC_APB1PeriphResetCmd                   0x08001fef   Thumb Code    26  stm32f10x_rcc.o(.text)
    RCC_BackupResetCmd                       0x08002009   Thumb Code     8  stm32f10x_rcc.o(.text)
    RCC_ClockSecuritySystemCmd               0x08002011   Thumb Code     6  stm32f10x_rcc.o(.text)
    RCC_MCOConfig                            0x08002017   Thumb Code     6  stm32f10x_rcc.o(.text)
    RCC_ClearFlag                            0x0800201d   Thumb Code    14  stm32f10x_rcc.o(.text)
    RCC_GetITStatus                          0x0800202b   Thumb Code    20  stm32f10x_rcc.o(.text)
    RCC_ClearITPendingBit                    0x0800203f   Thumb Code     6  stm32f10x_rcc.o(.text)
    NVIC_PriorityGroupConfig                 0x08002069   Thumb Code    10  misc.o(.text)
    NVIC_Init                                0x08002073   Thumb Code   100  misc.o(.text)
    NVIC_SetVectorTable                      0x080020d7   Thumb Code    14  misc.o(.text)
    NVIC_SystemLPConfig                      0x080020e5   Thumb Code    34  misc.o(.text)
    SysTick_CLKSourceConfig                  0x08002107   Thumb Code    40  misc.o(.text)
    USART_DeInit                             0x08002145   Thumb Code   134  stm32f10x_usart.o(.text)
    USART_Init                               0x080021cb   Thumb Code   210  stm32f10x_usart.o(.text)
    USART_StructInit                         0x0800229d   Thumb Code    24  stm32f10x_usart.o(.text)
    USART_ClockInit                          0x080022b5   Thumb Code    34  stm32f10x_usart.o(.text)
    USART_ClockStructInit                    0x080022d7   Thumb Code    12  stm32f10x_usart.o(.text)
    USART_Cmd                                0x080022e3   Thumb Code    24  stm32f10x_usart.o(.text)
    USART_ITConfig                           0x080022fb   Thumb Code    74  stm32f10x_usart.o(.text)
    USART_DMACmd                             0x08002345   Thumb Code    18  stm32f10x_usart.o(.text)
    USART_SetAddress                         0x08002357   Thumb Code    18  stm32f10x_usart.o(.text)
    USART_WakeUpConfig                       0x08002369   Thumb Code    18  stm32f10x_usart.o(.text)
    USART_ReceiverWakeUpCmd                  0x0800237b   Thumb Code    24  stm32f10x_usart.o(.text)
    USART_LINBreakDetectLengthConfig         0x08002393   Thumb Code    18  stm32f10x_usart.o(.text)
    USART_LINCmd                             0x080023a5   Thumb Code    24  stm32f10x_usart.o(.text)
    USART_SendData                           0x080023bd   Thumb Code     8  stm32f10x_usart.o(.text)
    USART_ReceiveData                        0x080023c5   Thumb Code    10  stm32f10x_usart.o(.text)
    USART_SendBreak                          0x080023cf   Thumb Code    10  stm32f10x_usart.o(.text)
    USART_SetGuardTime                       0x080023d9   Thumb Code    16  stm32f10x_usart.o(.text)
    USART_SetPrescaler                       0x080023e9   Thumb Code    16  stm32f10x_usart.o(.text)
    USART_SmartCardCmd                       0x080023f9   Thumb Code    24  stm32f10x_usart.o(.text)
    USART_SmartCardNACKCmd                   0x08002411   Thumb Code    24  stm32f10x_usart.o(.text)
    USART_HalfDuplexCmd                      0x08002429   Thumb Code    24  stm32f10x_usart.o(.text)
    USART_OverSampling8Cmd                   0x08002441   Thumb Code    22  stm32f10x_usart.o(.text)
    USART_OneBitMethodCmd                    0x08002457   Thumb Code    24  stm32f10x_usart.o(.text)
    USART_IrDAConfig                         0x0800246f   Thumb Code    18  stm32f10x_usart.o(.text)
    USART_IrDACmd                            0x08002481   Thumb Code    24  stm32f10x_usart.o(.text)
    USART_GetFlagStatus                      0x08002499   Thumb Code    26  stm32f10x_usart.o(.text)
    USART_ClearFlag                          0x080024b3   Thumb Code    18  stm32f10x_usart.o(.text)
    USART_GetITStatus                        0x080024c5   Thumb Code    84  stm32f10x_usart.o(.text)
    USART_ClearITPendingBit                  0x08002519   Thumb Code    52  stm32f10x_usart.o(.text)
    vListInitialise                          0x0800254d   Thumb Code    26  list.o(.text)
    vListInitialiseItem                      0x08002567   Thumb Code     6  list.o(.text)
    vListInsertEnd                           0x0800256d   Thumb Code    24  list.o(.text)
    vListInsert                              0x08002585   Thumb Code    52  list.o(.text)
    uxListRemove                             0x080025b9   Thumb Code    40  list.o(.text)
    xQueueGenericReset                       0x080025e1   Thumb Code   122  queue.o(.text)
    xQueueGenericCreate                      0x08002685   Thumb Code    56  queue.o(.text)
    xQueueGenericSend                        0x080027d5   Thumb Code   276  queue.o(.text)
    xQueueCreateMutex                        0x08002905   Thumb Code    34  queue.o(.text)
    xQueueGenericSendFromISR                 0x08002927   Thumb Code   134  queue.o(.text)
    xQueueGiveFromISR                        0x080029ad   Thumb Code   124  queue.o(.text)
    xQueueGenericReceive                     0x08002a6d   Thumb Code   342  queue.o(.text)
    xQueueReceiveFromISR                     0x08002bc3   Thumb Code   130  queue.o(.text)
    xQueuePeekFromISR                        0x08002c45   Thumb Code    74  queue.o(.text)
    uxQueueMessagesWaiting                   0x08002c8f   Thumb Code    18  queue.o(.text)
    uxQueueSpacesAvailable                   0x08002ca1   Thumb Code    24  queue.o(.text)
    uxQueueMessagesWaitingFromISR            0x08002cb9   Thumb Code     6  queue.o(.text)
    vQueueDelete                             0x08002cbf   Thumb Code    14  queue.o(.text)
    uxQueueGetQueueNumber                    0x08002ccd   Thumb Code     6  queue.o(.text)
    vQueueSetQueueNumber                     0x08002cd3   Thumb Code     4  queue.o(.text)
    ucQueueGetQueueType                      0x08002cd7   Thumb Code     8  queue.o(.text)
    xQueueIsQueueEmptyFromISR                0x08002cdf   Thumb Code    14  queue.o(.text)
    xQueueIsQueueFullFromISR                 0x08002ced   Thumb Code    18  queue.o(.text)
    xTaskCreate                              0x08002e81   Thumb Code    92  tasks.o(.text)
    vTaskDelete                              0x08002f19   Thumb Code   176  tasks.o(.text)
    xTaskIncrementTick                       0x08002fc9   Thumb Code   238  tasks.o(.text)
    xTaskResumeAll                           0x080030b7   Thumb Code   284  tasks.o(.text)
    vTaskSuspendAll                          0x0800324f   Thumb Code    12  tasks.o(.text)
    vTaskDelayUntil                          0x0800325b   Thumb Code   106  tasks.o(.text)
    vTaskDelay                               0x080032c5   Thumb Code    46  tasks.o(.text)
    eTaskGetState                            0x080032f3   Thumb Code    88  tasks.o(.text)
    uxTaskPriorityGet                        0x0800334b   Thumb Code    30  tasks.o(.text)
    uxTaskPriorityGetFromISR                 0x08003369   Thumb Code    52  tasks.o(.text)
    vTaskPrioritySet                         0x0800339d   Thumb Code   226  tasks.o(.text)
    vTaskSwitchContext                       0x0800347f   Thumb Code    76  tasks.o(.text)
    vTaskSuspend                             0x080034cb   Thumb Code   220  tasks.o(.text)
    vTaskResume                              0x080035df   Thumb Code   104  tasks.o(.text)
    xTaskResumeFromISR                       0x08003647   Thumb Code   130  tasks.o(.text)
    vTaskStartScheduler                      0x0800373f   Thumb Code    74  tasks.o(.text)
    vTaskEndScheduler                        0x08003789   Thumb Code    32  tasks.o(.text)
    xTaskGetTickCount                        0x080037a9   Thumb Code     6  tasks.o(.text)
    xTaskGetTickCountFromISR                 0x080037af   Thumb Code     8  tasks.o(.text)
    uxTaskGetNumberOfTasks                   0x080037b7   Thumb Code     6  tasks.o(.text)
    pcTaskGetName                            0x080037bd   Thumb Code    20  tasks.o(.text)
    vTaskGetTaskInfo                         0x080037e7   Thumb Code   114  tasks.o(.text)
    uxTaskGetSystemState                     0x080038c3   Thumb Code   152  tasks.o(.text)
    vTaskPlaceOnEventList                    0x0800395b   Thumb Code   106  tasks.o(.text)
    vTaskPlaceOnUnorderedEventList           0x080039c5   Thumb Code    40  tasks.o(.text)
    xTaskRemoveFromEventList                 0x080039ed   Thumb Code   104  tasks.o(.text)
    xTaskRemoveFromUnorderedEventList        0x08003a55   Thumb Code    94  tasks.o(.text)
    vTaskSetTimeOutState                     0x08003ab3   Thumb Code    14  tasks.o(.text)
    xTaskCheckForTimeOut                     0x08003ac1   Thumb Code    84  tasks.o(.text)
    vTaskMissedYield                         0x08003b15   Thumb Code     8  tasks.o(.text)
    uxTaskGetTaskNumber                      0x08003b1d   Thumb Code    14  tasks.o(.text)
    vTaskSetTaskNumber                       0x08003b2b   Thumb Code     8  tasks.o(.text)
    xTaskGetCurrentTaskHandle                0x08003b33   Thumb Code     6  tasks.o(.text)
    vTaskPriorityInherit                     0x08003b39   Thumb Code   164  tasks.o(.text)
    xTaskPriorityDisinherit                  0x08003bdd   Thumb Code   122  tasks.o(.text)
    uxTaskResetEventItemValue                0x08003c57   Thumb Code    24  tasks.o(.text)
    pvTaskIncrementMutexHeldCount            0x08003c6f   Thumb Code    26  tasks.o(.text)
    ulTaskNotifyTake                         0x08003c89   Thumb Code   108  tasks.o(.text)
    xTaskNotifyWait                          0x08003cf5   Thumb Code   150  tasks.o(.text)
    xTaskGenericNotify                       0x08003d8b   Thumb Code   216  tasks.o(.text)
    xTaskGenericNotifyFromISR                0x08003e63   Thumb Code   228  tasks.o(.text)
    vTaskNotifyGiveFromISR                   0x08003f47   Thumb Code   154  tasks.o(.text)
    xTaskNotifyStateClear                    0x08003fe1   Thumb Code    48  tasks.o(.text)
    pxPortInitialiseStack                    0x08004043   Thumb Code    26  port.o(.text)
    vPortSetupTimerInterrupt                 0x0800405d   Thumb Code    14  port.o(.text)
    xPortStartScheduler                      0x0800406b   Thumb Code    42  port.o(.text)
    vPortEndScheduler                        0x08004095   Thumb Code     2  port.o(.text)
    vPortEnterCritical                       0x08004097   Thumb Code    30  port.o(.text)
    vPortExitCritical                        0x080040b5   Thumb Code    28  port.o(.text)
    xPortSysTickHandler                      0x080040d1   Thumb Code    48  port.o(.text)
    pvPortMalloc                             0x0800413b   Thumb Code   166  heap_2.o(.text)
    vPortFree                                0x080041e1   Thumb Code    56  heap_2.o(.text)
    xPortGetFreeHeapSize                     0x08004219   Thumb Code     6  heap_2.o(.text)
    vPortInitialiseBlocks                    0x0800421f   Thumb Code     2  heap_2.o(.text)
    ethernetif_input                         0x0800428b   Thumb Code    42  ethernetif.o(.text)
    ethernetif_init                          0x08004319   Thumb Code    58  ethernetif.o(.text)
    sys_mbox_new                             0x0800436d   Thumb Code    58  sys_arch.o(.text)
    sys_mbox_free                            0x080043a7   Thumb Code    52  sys_arch.o(.text)
    sys_mbox_post                            0x080043db   Thumb Code    24  sys_arch.o(.text)
    sys_mbox_trypost                         0x080043f3   Thumb Code    48  sys_arch.o(.text)
    sys_arch_mbox_fetch                      0x08004423   Thumb Code    94  sys_arch.o(.text)
    sys_arch_mbox_tryfetch                   0x08004481   Thumb Code    36  sys_arch.o(.text)
    sys_sem_new                              0x080044a5   Thumb Code   108  sys_arch.o(.text)
    sys_arch_sem_wait                        0x08004511   Thumb Code    82  sys_arch.o(.text)
    sys_sem_signal                           0x08004563   Thumb Code    18  sys_arch.o(.text)
    sys_sem_free                             0x08004575   Thumb Code    26  sys_arch.o(.text)
    sys_init                                 0x0800458f   Thumb Code    34  sys_arch.o(.text)
    sys_arch_timeouts                        0x080045b1   Thumb Code    42  sys_arch.o(.text)
    sys_arch_protect                         0x080045db   Thumb Code    10  sys_arch.o(.text)
    sys_arch_unprotect                       0x080045e5   Thumb Code    10  sys_arch.o(.text)
    sys_thread_new                           0x080045ef   Thumb Code    86  sys_arch.o(.text)
    sys_assert                               0x08004645   Thumb Code     8  sys_arch.o(.text)
    etharp_tmr                               0x08004677   Thumb Code   154  etharp.o(.text)
    etharp_find_addr                         0x08004a1b   Thumb Code    92  etharp.o(.text)
    etharp_ip_input                          0x08004a77   Thumb Code    52  etharp.o(.text)
    etharp_arp_input                         0x08004aab   Thumb Code   360  etharp.o(.text)
    etharp_request                           0x08004cd7   Thumb Code    36  etharp.o(.text)
    etharp_query                             0x08004cfb   Thumb Code   404  etharp.o(.text)
    etharp_output                            0x08004e8f   Thumb Code   216  etharp.o(.text)
    ethernet_input                           0x08004f67   Thumb Code   126  etharp.o(.text)
    dns_setserver                            0x08004fed   Thumb Code    28  dns.o(.text)
    dns_init                                 0x080051d1   Thumb Code    64  dns.o(.text)
    dns_getserver                            0x08005211   Thumb Code    28  dns.o(.text)
    dns_tmr                                  0x08005413   Thumb Code    14  dns.o(.text)
    dns_gethostbyname                        0x0800552f   Thumb Code    84  dns.o(.text)
    mem_init                                 0x080055fd   Thumb Code    92  mem.o(.text)
    mem_free                                 0x08005659   Thumb Code   128  mem.o(.text)
    mem_realloc                              0x080056d9   Thumb Code   310  mem.o(.text)
    mem_malloc                               0x0800580f   Thumb Code   390  mem.o(.text)
    mem_calloc                               0x08005995   Thumb Code    34  mem.o(.text)
    memp_init                                0x080059b9   Thumb Code   136  memp.o(.text)
    memp_malloc                              0x08005a41   Thumb Code   150  memp.o(.text)
    memp_free                                0x08005ad7   Thumb Code    74  memp.o(.text)
    netif_set_gw                             0x08005b35   Thumb Code    12  netif.o(.text)
    netif_set_netmask                        0x08005b41   Thumb Code    12  netif.o(.text)
    netif_set_ipaddr                         0x08005b4d   Thumb Code   110  netif.o(.text)
    netif_set_addr                           0x08005bbb   Thumb Code    40  netif.o(.text)
    netif_add                                0x08005be3   Thumb Code    96  netif.o(.text)
    netif_set_default                        0x08005c43   Thumb Code     6  netif.o(.text)
    netif_remove                             0x08005c49   Thumb Code    74  netif.o(.text)
    netif_find                               0x08005c93   Thumb Code    64  netif.o(.text)
    netif_set_up                             0x08005cd3   Thumb Code    44  netif.o(.text)
    netif_set_down                           0x08005cff   Thumb Code    24  netif.o(.text)
    netif_is_up                              0x08005d17   Thumb Code    12  netif.o(.text)
    pbuf_free                                0x08005da9   Thumb Code   108  pbuf.o(.text)
    pbuf_alloc                               0x08005e15   Thumb Code   386  pbuf.o(.text)
    pbuf_realloc                             0x08005f97   Thumb Code   100  pbuf.o(.text)
    pbuf_header                              0x08005ffb   Thumb Code   106  pbuf.o(.text)
    pbuf_clen                                0x08006065   Thumb Code    18  pbuf.o(.text)
    pbuf_ref                                 0x08006077   Thumb Code    26  pbuf.o(.text)
    pbuf_cat                                 0x08006091   Thumb Code    36  pbuf.o(.text)
    pbuf_chain                               0x080060b5   Thumb Code    22  pbuf.o(.text)
    pbuf_dechain                             0x080060cb   Thumb Code    48  pbuf.o(.text)
    pbuf_copy                                0x080060fb   Thumb Code   114  pbuf.o(.text)
    pbuf_copy_partial                        0x0800616d   Thumb Code   116  pbuf.o(.text)
    pbuf_take                                0x080061e1   Thumb Code    86  pbuf.o(.text)
    pbuf_coalesce                            0x08006237   Thumb Code    56  pbuf.o(.text)
    raw_input                                0x08006271   Thumb Code   100  raw.o(.text)
    raw_bind                                 0x080062d5   Thumb Code    16  raw.o(.text)
    raw_connect                              0x080062e5   Thumb Code    16  raw.o(.text)
    raw_recv                                 0x080062f5   Thumb Code     6  raw.o(.text)
    raw_sendto                               0x080062fb   Thumb Code   150  raw.o(.text)
    raw_send                                 0x08006391   Thumb Code    18  raw.o(.text)
    raw_remove                               0x080063a3   Thumb Code    60  raw.o(.text)
    raw_new                                  0x080063df   Thumb Code    42  raw.o(.text)
    sys_mbox_fetch                           0x0800640d   Thumb Code   124  sys.o(.text)
    sys_sem_wait                             0x08006489   Thumb Code   116  sys.o(.text)
    sys_timeout                              0x080064fd   Thumb Code   144  sys.o(.text)
    sys_untimeout                            0x0800658d   Thumb Code    94  sys.o(.text)
    sys_sem_wait_timeout                     0x080065ff   Thumb Code    58  sys.o(.text)
    sys_msleep                               0x08006639   Thumb Code    28  sys.o(.text)
    tcp_seg_free                             0x08006659   Thumb Code    32  tcp.o(.text)
    tcp_segs_free                            0x08006679   Thumb Code    30  tcp.o(.text)
    tcp_pcb_purge                            0x08006697   Thumb Code    76  tcp.o(.text)
    tcp_slowtmr                              0x080066e3   Thumb Code   714  tcp.o(.text)
    tcp_pcb_remove                           0x080069ad   Thumb Code   128  tcp.o(.text)
    tcp_close                                0x08006a2d   Thumb Code   274  tcp.o(.text)
    tcp_update_rcv_ann_wnd                   0x08006b3f   Thumb Code    70  tcp.o(.text)
    tcp_recved                               0x08006b85   Thumb Code    62  tcp.o(.text)
    tcp_recv_null                            0x08006bc3   Thumb Code    46  tcp.o(.text)
    tcp_fasttmr                              0x08006bf1   Thumb Code   122  tcp.o(.text)
    tcp_tmr                                  0x08006c6b   Thumb Code    30  tcp.o(.text)
    tcp_abandon                              0x08006c89   Thumb Code   158  tcp.o(.text)
    tcp_bind                                 0x08006d8f   Thumb Code   218  tcp.o(.text)
    tcp_listen_with_backlog                  0x08006e71   Thumb Code   184  tcp.o(.text)
    tcp_eff_send_mss                         0x08006f29   Thumb Code    46  tcp.o(.text)
    tcp_next_iss                             0x08006f57   Thumb Code    20  tcp.o(.text)
    tcp_connect                              0x08006f6b   Thumb Code   294  tcp.o(.text)
    tcp_setprio                              0x08007091   Thumb Code     4  tcp.o(.text)
    tcp_seg_copy                             0x08007095   Thumb Code    38  tcp.o(.text)
    tcp_alloc                                0x0800713d   Thumb Code   202  tcp.o(.text)
    tcp_new                                  0x08007207   Thumb Code    10  tcp.o(.text)
    tcp_arg                                  0x08007211   Thumb Code     4  tcp.o(.text)
    tcp_recv                                 0x08007215   Thumb Code     6  tcp.o(.text)
    tcp_sent                                 0x0800721b   Thumb Code     6  tcp.o(.text)
    tcp_err                                  0x08007221   Thumb Code     6  tcp.o(.text)
    tcp_accept                               0x08007227   Thumb Code     4  tcp.o(.text)
    tcp_poll                                 0x0800722b   Thumb Code    10  tcp.o(.text)
    tcp_debug_state_str                      0x08007235   Thumb Code    10  tcp.o(.text)
    tcp_input                                0x0800844f   Thumb Code  1324  tcp_in.o(.text)
    tcp_enqueue                              0x08008a37   Thumb Code   986  tcp_out.o(.text)
    tcp_send_ctrl                            0x08008e11   Thumb Code    28  tcp_out.o(.text)
    tcp_write                                0x08008e2d   Thumb Code    72  tcp_out.o(.text)
    tcp_send_empty_ack                       0x08008e75   Thumb Code   118  tcp_out.o(.text)
    tcp_output                               0x08008fd1   Thumb Code   462  tcp_out.o(.text)
    tcp_rst                                  0x0800919f   Thumb Code   198  tcp_out.o(.text)
    tcp_rexmit_rto                           0x08009265   Thumb Code    58  tcp_out.o(.text)
    tcp_rexmit                               0x0800929f   Thumb Code    80  tcp_out.o(.text)
    tcp_rexmit_fast                          0x080092ef   Thumb Code   132  tcp_out.o(.text)
    tcp_keepalive                            0x08009373   Thumb Code   110  tcp_out.o(.text)
    tcp_zero_window_probe                    0x080093e1   Thumb Code   196  tcp_out.o(.text)
    udp_input                                0x080094a9   Thumb Code   562  udp.o(.text)
    udp_bind                                 0x080096db   Thumb Code   102  udp.o(.text)
    udp_sendto_if                            0x08009741   Thumb Code   248  udp.o(.text)
    udp_sendto                               0x08009839   Thumb Code    62  udp.o(.text)
    udp_send                                 0x08009877   Thumb Code    20  udp.o(.text)
    udp_connect                              0x0800988b   Thumb Code   104  udp.o(.text)
    udp_disconnect                           0x080098f3   Thumb Code    28  udp.o(.text)
    udp_recv                                 0x0800990f   Thumb Code     6  udp.o(.text)
    udp_remove                               0x08009915   Thumb Code    60  udp.o(.text)
    udp_new                                  0x08009951   Thumb Code    28  udp.o(.text)
    icmp_input                               0x08009975   Thumb Code   524  icmp.o(.text)
    icmp_dest_unreach                        0x08009bf7   Thumb Code    18  icmp.o(.text)
    icmp_time_exceeded                       0x08009c09   Thumb Code    18  icmp.o(.text)
    htonl                                    0x08009c21   Thumb Code    26  inet.o(.text)
    inet_aton                                0x08009c3b   Thumb Code   336  inet.o(.text)
    inet_addr                                0x08009d8b   Thumb Code    24  inet.o(.text)
    inet_ntoa                                0x08009da3   Thumb Code   112  inet.o(.text)
    htons                                    0x08009e13   Thumb Code    12  inet.o(.text)
    ntohs                                    0x08009e1f   Thumb Code    12  inet.o(.text)
    ntohl                                    0x08009e2b   Thumb Code    12  inet.o(.text)
    inet_chksum_pseudo                       0x08009e87   Thumb Code   162  inet_chksum.o(.text)
    inet_chksum                              0x08009f29   Thumb Code    20  inet_chksum.o(.text)
    inet_chksum_pbuf                         0x08009f3d   Thumb Code    86  inet_chksum.o(.text)
    ip_route                                 0x08009f95   Thumb Code    86  ip.o(.text)
    ip_input                                 0x0800a0b1   Thumb Code   596  ip.o(.text)
    ip_output_if                             0x0800a305   Thumb Code   306  ip.o(.text)
    ip_output                                0x0800a437   Thumb Code    70  ip.o(.text)
    ip_addr_isbroadcast                      0x0800a485   Thumb Code    78  ip_addr.o(.text)
    ip_reass_tmr                             0x0800a569   Thumb Code    48  ip_frag.o(.text)
    ip_reass                                 0x0800a7af   Thumb Code   482  ip_frag.o(.text)
    ip_frag                                  0x0800a991   Thumb Code   336  ip_frag.o(.text)
    vlwIPInit                                0x0800aaed   Thumb Code    24  lwipentry.o(.text)
    LwIPEntry                                0x0800ab05   Thumb Code   106  lwipentry.o(.text)
    netconn_new_with_proto_and_callback      0x0800ab75   Thumb Code    72  api_lib.o(.text)
    netconn_delete                           0x0800abbd   Thumb Code    40  api_lib.o(.text)
    netconn_getaddr                          0x0800abe5   Thumb Code    40  api_lib.o(.text)
    netconn_bind                             0x0800ac0d   Thumb Code    36  api_lib.o(.text)
    netconn_connect                          0x0800ac31   Thumb Code    36  api_lib.o(.text)
    netconn_disconnect                       0x0800ac55   Thumb Code    26  api_lib.o(.text)
    netconn_listen_with_backlog              0x0800ac6f   Thumb Code    28  api_lib.o(.text)
    netconn_accept                           0x0800ac8b   Thumb Code    32  api_lib.o(.text)
    netconn_recv                             0x0800acab   Thumb Code   284  api_lib.o(.text)
    netconn_send                             0x0800adc7   Thumb Code    30  api_lib.o(.text)
    netconn_sendto                           0x0800ade5   Thumb Code    36  api_lib.o(.text)
    netconn_write                            0x0800ae09   Thumb Code    40  api_lib.o(.text)
    netconn_close                            0x0800ae31   Thumb Code    26  api_lib.o(.text)
    netconn_gethostbyname                    0x0800ae4b   Thumb Code    64  api_lib.o(.text)
    netconn_free                             0x0800b2e7   Thumb Code   114  api_msg.o(.text)
    netconn_alloc                            0x0800b359   Thumb Code   106  api_msg.o(.text)
    do_newconn                               0x0800b4bf   Thumb Code    26  api_msg.o(.text)
    do_delconn                               0x0800b4d9   Thumb Code   126  api_msg.o(.text)
    do_bind                                  0x0800b557   Thumb Code   114  api_msg.o(.text)
    do_connect                               0x0800b5fd   Thumb Code   156  api_msg.o(.text)
    do_disconnect                            0x0800b699   Thumb Code    34  api_msg.o(.text)
    do_listen                                0x0800b6bb   Thumb Code   160  api_msg.o(.text)
    do_send                                  0x0800b75b   Thumb Code   144  api_msg.o(.text)
    do_recv                                  0x0800b7eb   Thumb Code    50  api_msg.o(.text)
    do_write                                 0x0800b81d   Thumb Code    72  api_msg.o(.text)
    do_getaddr                               0x0800b865   Thumb Code   172  api_msg.o(.text)
    do_close                                 0x0800b911   Thumb Code    48  api_msg.o(.text)
    do_gethostbyname                         0x0800b96d   Thumb Code    40  api_msg.o(.text)
    netbuf_new                               0x0800b9a1   Thumb Code    30  netbuf.o(.text)
    netbuf_delete                            0x0800b9bf   Thumb Code    32  netbuf.o(.text)
    netbuf_alloc                             0x0800b9df   Thumb Code    46  netbuf.o(.text)
    netbuf_free                              0x0800ba0d   Thumb Code    22  netbuf.o(.text)
    netbuf_ref                               0x0800ba23   Thumb Code    62  netbuf.o(.text)
    netbuf_chain                             0x0800ba61   Thumb Code    28  netbuf.o(.text)
    netbuf_data                              0x0800ba7d   Thumb Code    28  netbuf.o(.text)
    netbuf_next                              0x0800ba99   Thumb Code    34  netbuf.o(.text)
    netbuf_first                             0x0800babb   Thumb Code     6  netbuf.o(.text)
    tcp_timer_needed                         0x0800bae9   Thumb Code    38  tcpip.o(.text)
    tcpip_input                              0x0800bc23   Thumb Code    72  tcpip.o(.text)
    tcpip_callback_with_block                0x0800bc6b   Thumb Code    92  tcpip.o(.text)
    tcpip_timeout                            0x0800bcc7   Thumb Code    64  tcpip.o(.text)
    tcpip_untimeout                          0x0800bd07   Thumb Code    56  tcpip.o(.text)
    tcpip_apimsg                             0x0800bd3f   Thumb Code    52  tcpip.o(.text)
    tcpip_init                               0x0800bd73   Thumb Code    44  tcpip.o(.text)
    pbuf_free_callback                       0x0800bdad   Thumb Code    16  tcpip.o(.text)
    mem_free_callback                        0x0800bdbd   Thumb Code    16  tcpip.o(.text)
    __aeabi_memcpy                           0x0800be11   Thumb Code    36  memcpya.o(.text)
    __aeabi_memcpy4                          0x0800be11   Thumb Code     0  memcpya.o(.text)
    __aeabi_memcpy8                          0x0800be11   Thumb Code     0  memcpya.o(.text)
    __aeabi_memset                           0x0800be35   Thumb Code    14  memseta.o(.text)
    __aeabi_memset4                          0x0800be35   Thumb Code     0  memseta.o(.text)
    __aeabi_memset8                          0x0800be35   Thumb Code     0  memseta.o(.text)
    __aeabi_memclr                           0x0800be43   Thumb Code     4  memseta.o(.text)
    __aeabi_memclr4                          0x0800be43   Thumb Code     0  memseta.o(.text)
    __aeabi_memclr8                          0x0800be43   Thumb Code     0  memseta.o(.text)
    _memset$wrapper                          0x0800be47   Thumb Code    18  memseta.o(.text)
    strlen                                   0x0800be59   Thumb Code    14  strlen.o(.text)
    strcmp                                   0x0800be67   Thumb Code    28  strcmp.o(.text)
    strcpy                                   0x0800be83   Thumb Code    18  strcpy.o(.text)
    __aeabi_dadd                             0x0800be95   Thumb Code   322  dadd.o(.text)
    __aeabi_dsub                             0x0800bfd7   Thumb Code     6  dadd.o(.text)
    __aeabi_drsub                            0x0800bfdd   Thumb Code     6  dadd.o(.text)
    __aeabi_ddiv                             0x0800bfe3   Thumb Code   222  ddiv.o(.text)
    __aeabi_uidiv                            0x0800c0c1   Thumb Code     0  uidiv.o(.text)
    __aeabi_uidivmod                         0x0800c0c1   Thumb Code    44  uidiv.o(.text)
    __aeabi_uldivmod                         0x0800c0ed   Thumb Code    98  uldiv.o(.text)
    __aeabi_llsl                             0x0800c14f   Thumb Code    30  llshl.o(.text)
    _ll_shift_l                              0x0800c14f   Thumb Code     0  llshl.o(.text)
    __aeabi_lasr                             0x0800c16d   Thumb Code    36  llsshr.o(.text)
    _ll_sshift_r                             0x0800c16d   Thumb Code     0  llsshr.o(.text)
    __I$use$fp                               0x0800c191   Thumb Code     0  iusefp.o(.text)
    _double_round                            0x0800c191   Thumb Code    26  depilogue.o(.text)
    _double_epilogue                         0x0800c1ab   Thumb Code   156  depilogue.o(.text)
    __aeabi_dmul                             0x0800c247   Thumb Code   228  dmul.o(.text)
    __aeabi_d2ulz                            0x0800c32b   Thumb Code    48  dfixul.o(.text)
    __aeabi_cdrcmple                         0x0800c35d   Thumb Code    38  cdrcmple.o(.text)
    __scatterload                            0x0800c385   Thumb Code    28  init.o(.text)
    __scatterload_rt2                        0x0800c385   Thumb Code     0  init.o(.text)
    __aeabi_llsr                             0x0800c3a9   Thumb Code    32  llushr.o(.text)
    _ll_ushift_r                             0x0800c3a9   Thumb Code     0  llushr.o(.text)
    __decompress                             0x0800c3c9   Thumb Code     0  __dczerorl2.o(.text)
    __decompress1                            0x0800c3c9   Thumb Code    86  __dczerorl2.o(.text)
    __0vsprintf                              0x0800c421   Thumb Code    30  printfa.o(i.__0vsprintf)
    __1vsprintf                              0x0800c421   Thumb Code     0  printfa.o(i.__0vsprintf)
    __2vsprintf                              0x0800c421   Thumb Code     0  printfa.o(i.__0vsprintf)
    __c89vsprintf                            0x0800c421   Thumb Code     0  printfa.o(i.__0vsprintf)
    vsprintf                                 0x0800c421   Thumb Code     0  printfa.o(i.__0vsprintf)
    __scatterload_copy                       0x0800c445   Thumb Code    14  handlers.o(i.__scatterload_copy)
    __scatterload_null                       0x0800c453   Thumb Code     2  handlers.o(i.__scatterload_null)
    __scatterload_zeroinit                   0x0800c455   Thumb Code    14  handlers.o(i.__scatterload_zeroinit)
    bsp_74hc595_set_DATA                     0x0800cd01   Thumb Code    22  app_display.o(i.bsp_74hc595_set_DATA)
    bsp_74hc595_set_LOCK                     0x0800cd1d   Thumb Code    22  app_display.o(i.bsp_74hc595_set_LOCK)
    bsp_74hc595_set_OE                       0x0800cd39   Thumb Code    20  app_display.o(i.bsp_74hc595_set_OE)
    bsp_74hc595_set_OFFSET                   0x0800cd51   Thumb Code    22  app_display.o(i.bsp_74hc595_set_OFFSET)
    ethbroadcast                             0x0800cd7e   Data           6  etharp.o(.constdata)
    ethzero                                  0x0800cd84   Data           6  etharp.o(.constdata)
    tcp_backoff                              0x0800cdc2   Data          13  tcp.o(.constdata)
    tcp_persist_backoff                      0x0800cdcf   Data           7  tcp.o(.constdata)
    ip_addr_any                              0x0800cdd6   Data           4  ip_addr.o(.constdata)
    ip_addr_broadcast                        0x0800cdda   Data           4  ip_addr.o(.constdata)
    Region$$Table$$Base                      0x0800ced0   Number         0  anon$$obj.o(Region$$Table)
    Region$$Table$$Limit                     0x0800cef0   Number         0  anon$$obj.o(Region$$Table)
    TCPTimer                                 0x20000000   Data           4  netconfig.o(.data)
    DNSTimer                                 0x20000004   Data           4  netconfig.o(.data)
    ARPTimer                                 0x20000008   Data           4  netconfig.o(.data)
    DHCPfineTimer                            0x2000000c   Data           4  netconfig.o(.data)
    DHCPcoarseTimer                          0x20000010   Data           4  netconfig.o(.data)
    m_mac                                    0x20000014   Data           6  netconfig.o(.data)
    serverIP                                 0x2000001a   Data           4  netconfig.o(.data)
    maskIP                                   0x2000001e   Data           4  netconfig.o(.data)
    gateIP                                   0x20000022   Data           4  netconfig.o(.data)
    serverPORT                               0x20000026   Data           2  netconfig.o(.data)
    global_udppcb                            0x20000028   Data           4  netconfig.o(.data)
    pxCurrentTCB                             0x20000048   Data           4  tasks.o(.data)
    netif_list                               0x200000c4   Data           4  netif.o(.data)
    netif_default                            0x200000c8   Data           4  netif.o(.data)
    tcp_state_str                            0x200000d4   Data          44  tcp.o(.data)
    tcp_ticks                                0x20000100   Data           4  tcp.o(.data)
    tcp_bound_pcbs                           0x20000104   Data           4  tcp.o(.data)
    tcp_listen_pcbs                          0x20000108   Data           4  tcp.o(.data)
    tcp_active_pcbs                          0x2000010c   Data           4  tcp.o(.data)
    tcp_tw_pcbs                              0x20000110   Data           4  tcp.o(.data)
    tcp_tmp_pcb                              0x20000114   Data           4  tcp.o(.data)
    tcp_input_pcb                            0x2000013c   Data           4  tcp_in.o(.data)
    udp_pcbs                                 0x20000140   Data           4  udp.o(.data)
    current_netif                            0x20000144   Data           4  ip.o(.data)
    current_header                           0x20000148   Data           4  ip.o(.data)
    DM9000AEP                                0x20000174   Data          48  netconfig.o(.bss)
    udpstr                                   0x200001a4   Data          50  netconfig.o(.bss)
    Rx_Data_Buf                              0x20004734   Data        1516  ethernetif.o(.bss)
    Tx_Data_Buf                              0x20004d20   Data        1516  ethernetif.o(.bss)
    lwip_stats                               0x20009274   Data         330  stats.o(.bss)
    __initial_sp                             0x20009fb8   Data           0  cstartup.o(STACK)



==============================================================================

Memory Map of the image

  Image Entry point : 0x080000ed

  Load Region LR_IROM1 (Base: 0x08000000, Size: 0x0000d058, Max: 0x00040000, ABSOLUTE, COMPRESSED[0x0000cf38])

    Execution Region ER_IROM1 (Base: 0x08000000, Size: 0x0000cef0, Max: 0x00040000, ABSOLUTE)

    Base Addr    Size         Type   Attr      Idx    E Section Name        Object

    0x08000000   0x000000ec   Data   RO          544    RESET               cstartup.o
    0x080000ec   0x00000000   Code   RO         1752  * .ARM.Collect$$$$00000000  mc_w.l(entry.o)
    0x080000ec   0x00000004   Code   RO         1811    .ARM.Collect$$$$00000001  mc_w.l(entry2.o)
    0x080000f0   0x00000004   Code   RO         1814    .ARM.Collect$$$$00000004  mc_w.l(entry5.o)
    0x080000f4   0x00000000   Code   RO         1816    .ARM.Collect$$$$00000008  mc_w.l(entry7b.o)
    0x080000f4   0x00000000   Code   RO         1818    .ARM.Collect$$$$0000000A  mc_w.l(entry8b.o)
    0x080000f4   0x00000008   Code   RO         1819    .ARM.Collect$$$$0000000B  mc_w.l(entry9a.o)
    0x080000fc   0x00000000   Code   RO         1821    .ARM.Collect$$$$0000000D  mc_w.l(entry10a.o)
    0x080000fc   0x00000000   Code   RO         1823    .ARM.Collect$$$$0000000F  mc_w.l(entry11a.o)
    0x080000fc   0x00000004   Code   RO         1812    .ARM.Collect$$$$00002712  mc_w.l(entry2.o)
    0x08000100   0x00000096   Code   RO          792    .emb_text           port.o
    0x08000196   0x00000002   PAD
    0x08000198   0x000000d0   Code   RO            3    .text               main.o
    0x08000268   0x000000c0   Code   RO          200    .text               app_led.o
    0x08000328   0x0000011c   Code   RO          237    .text               netconfig.o
    0x08000444   0x00000220   Code   RO          314    .text               app_serial.o
    0x08000664   0x000001e4   Code   RO          361    .text               app_display.o
    0x08000848   0x00000354   Code   RO          456    .text               app_ds3231.o
    0x08000b9c   0x0000017c   Code   RO          478    .text               bsp.o
    0x08000d18   0x00000504   Code   RO          498    .text               dm9000x.o
    0x0800121c   0x00000730   Code   RO          522    .text               i2c_bus.o
    0x0800194c   0x0000001c   Code   RO          545    .text               cstartup.o
    0x08001968   0x0000035c   Code   RO          551    .text               stm32f10x_gpio.o
    0x08001cc4   0x000003a4   Code   RO          571    .text               stm32f10x_rcc.o
    0x08002068   0x000000dc   Code   RO          619    .text               misc.o
    0x08002144   0x00000408   Code   RO          639    .text               stm32f10x_usart.o
    0x0800254c   0x00000094   Code   RO          728    .text               list.o
    0x080025e0   0x00000724   Code   RO          740    .text               queue.o
    0x08002d04   0x00001328   Code   RO          755    .text               tasks.o
    0x0800402c   0x000000e4   Code   RO          793    .text               port.o
    0x08004110   0x00000124   Code   RO          822    .text               heap_2.o
    0x08004234   0x00000138   Code   RO          839    .text               ethernetif.o
    0x0800436c   0x000002ec   Code   RO          879    .text               sys_arch.o
    0x08004658   0x00000994   Code   RO          925    .text               etharp.o
    0x08004fec   0x000005a4   Code   RO         1011    .text               dns.o
    0x08005590   0x00000426   Code   RO         1063    .text               mem.o
    0x080059b6   0x00000002   PAD
    0x080059b8   0x0000017c   Code   RO         1081    .text               memp.o
    0x08005b34   0x00000204   Code   RO         1114    .text               netif.o
    0x08005d38   0x00000536   Code   RO         1136    .text               pbuf.o
    0x0800626e   0x00000002   PAD
    0x08006270   0x0000019c   Code   RO         1162    .text               raw.o
    0x0800640c   0x0000024c   Code   RO         1188    .text               sys.o
    0x08006658   0x00000c08   Code   RO         1209    .text               tcp.o
    0x08007260   0x0000174c   Code   RO         1230    .text               tcp_in.o
    0x080089ac   0x00000afc   Code   RO         1253    .text               tcp_out.o
    0x080094a8   0x000004cc   Code   RO         1265    .text               udp.o
    0x08009974   0x000002ac   Code   RO         1283    .text               icmp.o
    0x08009c20   0x0000021c   Code   RO         1301    .text               inet.o
    0x08009e3c   0x00000156   Code   RO         1314    .text               inet_chksum.o
    0x08009f92   0x00000002   PAD
    0x08009f94   0x000004f0   Code   RO         1330    .text               ip.o
    0x0800a484   0x0000004e   Code   RO         1351    .text               ip_addr.o
    0x0800a4d2   0x00000002   PAD
    0x0800a4d4   0x00000618   Code   RO         1373    .text               ip_frag.o
    0x0800aaec   0x00000088   Code   RO         1390    .text               lwipentry.o
    0x0800ab74   0x00000348   Code   RO         1473    .text               api_lib.o
    0x0800aebc   0x00000ae4   Code   RO         1520    .text               api_msg.o
    0x0800b9a0   0x00000120   Code   RO         1581    .text               netbuf.o
    0x0800bac0   0x00000350   Code   RO         1695    .text               tcpip.o
    0x0800be10   0x00000024   Code   RO         1755    .text               mc_w.l(memcpya.o)
    0x0800be34   0x00000024   Code   RO         1757    .text               mc_w.l(memseta.o)
    0x0800be58   0x0000000e   Code   RO         1759    .text               mc_w.l(strlen.o)
    0x0800be66   0x0000001c   Code   RO         1761    .text               mc_w.l(strcmp.o)
    0x0800be82   0x00000012   Code   RO         1763    .text               mc_w.l(strcpy.o)
    0x0800be94   0x0000014e   Code   RO         1801    .text               mf_w.l(dadd.o)
    0x0800bfe2   0x000000de   Code   RO         1803    .text               mf_w.l(ddiv.o)
    0x0800c0c0   0x0000002c   Code   RO         1828    .text               mc_w.l(uidiv.o)
    0x0800c0ec   0x00000062   Code   RO         1830    .text               mc_w.l(uldiv.o)
    0x0800c14e   0x0000001e   Code   RO         1832    .text               mc_w.l(llshl.o)
    0x0800c16c   0x00000024   Code   RO         1834    .text               mc_w.l(llsshr.o)
    0x0800c190   0x00000000   Code   RO         1845    .text               mc_w.l(iusefp.o)
    0x0800c190   0x000000b6   Code   RO         1848    .text               mf_w.l(depilogue.o)
    0x0800c246   0x000000e4   Code   RO         1850    .text               mf_w.l(dmul.o)
    0x0800c32a   0x00000030   Code   RO         1852    .text               mf_w.l(dfixul.o)
    0x0800c35a   0x00000002   PAD
    0x0800c35c   0x00000028   Code   RO         1854    .text               mf_w.l(cdrcmple.o)
    0x0800c384   0x00000024   Code   RO         1856    .text               mc_w.l(init.o)
    0x0800c3a8   0x00000020   Code   RO         1859    .text               mc_w.l(llushr.o)
    0x0800c3c8   0x00000056   Code   RO         1902    .text               mc_w.l(__dczerorl2.o)
    0x0800c41e   0x00000002   PAD
    0x0800c420   0x00000024   Code   RO         1774    i.__0vsprintf       mc_w.l(printfa.o)
    0x0800c444   0x0000000e   Code   RO         1896    i.__scatterload_copy  mc_w.l(handlers.o)
    0x0800c452   0x00000002   Code   RO         1897    i.__scatterload_null  mc_w.l(handlers.o)
    0x0800c454   0x0000000e   Code   RO         1898    i.__scatterload_zeroinit  mc_w.l(handlers.o)
    0x0800c462   0x00000002   PAD
    0x0800c464   0x00000164   Code   RO         1775    i._fp_digits        mc_w.l(printfa.o)
    0x0800c5c8   0x000006dc   Code   RO         1776    i._printf_core      mc_w.l(printfa.o)
    0x0800cca4   0x00000024   Code   RO         1777    i._printf_post_padding  mc_w.l(printfa.o)
    0x0800ccc8   0x0000002e   Code   RO         1778    i._printf_pre_padding  mc_w.l(printfa.o)
    0x0800ccf6   0x0000000a   Code   RO         1780    i._sputc            mc_w.l(printfa.o)
    0x0800cd00   0x0000001c   Code   RO          391    i.bsp_74hc595_set_DATA  app_display.o
    0x0800cd1c   0x0000001c   Code   RO          381    i.bsp_74hc595_set_LOCK  app_display.o
    0x0800cd38   0x00000018   Code   RO          376    i.bsp_74hc595_set_OE  app_display.o
    0x0800cd50   0x0000001c   Code   RO          386    i.bsp_74hc595_set_OFFSET  app_display.o
    0x0800cd6c   0x00000006   Data   RO          201    .constdata          app_led.o
    0x0800cd72   0x0000000c   Data   RO          457    .constdata          app_ds3231.o
    0x0800cd7e   0x0000000c   Data   RO          927    .constdata          etharp.o
    0x0800cd8a   0x00000038   Data   RO         1083    .constdata          memp.o
    0x0800cdc2   0x00000014   Data   RO         1210    .constdata          tcp.o
    0x0800cdd6   0x00000008   Data   RO         1352    .constdata          ip_addr.o
    0x0800cdde   0x00000002   PAD
    0x0800cde0   0x00000075   Data   RO         1211    .conststring        tcp.o
    0x0800ce55   0x00000003   PAD
    0x0800ce58   0x00000078   Data   RO         1391    .conststring        lwipentry.o
    0x0800ced0   0x00000020   Data   RO         1894    Region$$Table       anon$$obj.o


    Execution Region RW_IRAM1 (Base: 0x20000000, Size: 0x00009fb8, Max: 0x0000c000, ABSOLUTE, COMPRESSED[0x00000048])

    Base Addr    Size         Type   Attr      Idx    E Section Name        Object

    0x20000000   0x0000002c   Data   RW          239    .data               netconfig.o
    0x2000002c   0x00000008   Data   RW          315    .data               app_serial.o
    0x20000034   0x00000014   Data   RW          572    .data               stm32f10x_rcc.o
    0x20000048   0x0000003c   Data   RW          757    .data               tasks.o
    0x20000084   0x00000004   Data   RW          794    .data               port.o
    0x20000088   0x00000018   Data   RW          824    .data               heap_2.o
    0x200000a0   0x00000002   Data   RW          881    .data               sys_arch.o
    0x200000a2   0x00000001   Data   RW          928    .data               etharp.o
    0x200000a3   0x00000001   PAD
    0x200000a4   0x0000000d   Data   RW         1013    .data               dns.o
    0x200000b1   0x00000003   PAD
    0x200000b4   0x00000010   Data   RW         1065    .data               mem.o
    0x200000c4   0x00000009   Data   RW         1115    .data               netif.o
    0x200000cd   0x00000001   Data   RW         1137    .data               pbuf.o
    0x200000ce   0x00000002   PAD
    0x200000d0   0x00000004   Data   RW         1163    .data               raw.o
    0x200000d4   0x0000004c   Data   RW         1212    .data               tcp.o
    0x20000120   0x00000020   Data   RW         1232    .data               tcp_in.o
    0x20000140   0x00000004   Data   RW         1266    .data               udp.o
    0x20000144   0x0000000a   Data   RW         1331    .data               ip.o
    0x2000014e   0x00000002   PAD
    0x20000150   0x00000006   Data   RW         1375    .data               ip_frag.o
    0x20000156   0x00000002   PAD
    0x20000158   0x00000010   Data   RW         1696    .data               tcpip.o
    0x20000168   0x0000000c   Zero   RW            4    .bss                main.o
    0x20000174   0x00000062   Zero   RW          238    .bss                netconfig.o
    0x200001d6   0x00000002   PAD
    0x200001d8   0x00000030   Zero   RW          523    .bss                i2c_bus.o
    0x20000208   0x0000012c   Zero   RW          756    .bss                tasks.o
    0x20000334   0x00004400   Zero   RW          823    .bss                heap_2.o
    0x20004734   0x00000bd8   Zero   RW          840    .bss                ethernetif.o
    0x2000530c   0x00000028   Zero   RW          880    .bss                sys_arch.o
    0x20005334   0x000000c8   Zero   RW          926    .bss                etharp.o
    0x200053fc   0x00000660   Zero   RW         1012    .bss                dns.o
    0x20005a5c   0x000007e4   Zero   RW         1064    .bss                mem.o
    0x20006240   0x00003033   Zero   RW         1082    .bss                memp.o
    0x20009273   0x00000001   PAD
    0x20009274   0x0000014a   Zero   RW         1176    .bss                stats.o
    0x200093be   0x00000002   PAD
    0x200093c0   0x00000014   Zero   RW         1231    .bss                tcp_in.o
    0x200093d4   0x00000010   Zero   RW         1302    .bss                inet.o
    0x200093e4   0x000007d4   Zero   RW         1374    .bss                ip_frag.o
    0x20009bb8   0x00000400   Zero   RW          542    STACK               cstartup.o


==============================================================================

Image component sizes


      Code (inc. data)   RO Data    RW Data    ZI Data      Debug   Object Name

       840         50          0          0          0      19636   api_lib.o
      2788         38          0          0          0      26087   api_msg.o
       592         30          0          0          0       5208   app_display.o
       852         34         12          0          0       2874   app_ds3231.o
       192          8          6          0          0       1306   app_led.o
       544         32          0          8          0       8966   app_serial.o
         0          0          0          0          0       1048   app_sht10.o
       380         16          0          0          0       1123   bsp.o
        28          4        236          0       1024        792   cstartup.o
      1284         78          0          0          0       4630   dm9000x.o
      1444         58          0         13       1632       6157   dns.o
      2452         38         12          1        200      17649   etharp.o
       312         26          0          0       3032       5319   ethernetif.o
         0          0          0          0          0       9540   event_groups.o
       292         20          0         24      17408       3148   heap_2.o
      1840         16          0          0         48       4497   i2c_bus.o
       684          6          0          0          0       2542   icmp.o
       540         12          0          0         16       3140   inet.o
       342          0          0          0          0       5170   inet_chksum.o
         0          0          0          0          0        672   init.o
      1264         28          0         10          0       6242   ip.o
        78          0          8          0          0       5445   ip_addr.o
      1560         24          0          6       2004       5804   ip_frag.o
       148          0          0          0          0       1822   list.o
       136          6        120          0          0      18509   lwipentry.o
       208         86          0          0         12     253275   main.o
      1062         24          0         16       2020       3834   mem.o
       380         20         56          0      12339       3038   memp.o
       220         22          0          0          0       1761   misc.o
       288          0          0          0          0       6433   netbuf.o
       284         30          0         44         98      15345   netconfig.o
       516         22          0          9          0       5260   netif.o
      1334         12          0          1          0       6108   pbuf.o
       378         28          0          4          0       7016   port.o
      1828         10          0          0          0      11211   queue.o
       412          4          0          4          0       3333   raw.o
         0          0          0          0        330       3329   stats.o
       860         38          0          0          0       5605   stm32f10x_gpio.o
       932         36          0         20          0       8772   stm32f10x_rcc.o
      1032         22          0          0          0       8332   stm32f10x_usart.o
       588          4          0          0          0       3248   sys.o
       748         12          0          2         40       8734   sys_arch.o
      4904        302          0         60        300      29607   tasks.o
      3080        120        137         76          0      18085   tcp.o
      5964        248          0         32         20      14188   tcp_in.o
      2812         26          0          0          0       6894   tcp_out.o
       848         74          0         16          0      20920   tcpip.o
      1228         16          0          4          0       6261   udp.o

    ----------------------------------------------------------------------
     48508       1680        624        360      40528     617915   Object Totals
         0          0         32          0          0          0   (incl. Generated)
        10          0          5         10          5          0   (incl. Padding)

    ----------------------------------------------------------------------

      Code (inc. data)   RO Data    RW Data    ZI Data      Debug   Library Member Name

        86          0          0          0          0          0   __dczerorl2.o
         0          0          0          0          0          0   entry.o
         0          0          0          0          0          0   entry10a.o
         0          0          0          0          0          0   entry11a.o
         8          4          0          0          0          0   entry2.o
         4          0          0          0          0          0   entry5.o
         0          0          0          0          0          0   entry7b.o
         0          0          0          0          0          0   entry8b.o
         8          4          0          0          0          0   entry9a.o
        30          0          0          0          0          0   handlers.o
        36          8          0          0          0         68   init.o
         0          0          0          0          0          0   iusefp.o
        30          0          0          0          0         68   llshl.o
        36          0          0          0          0         68   llsshr.o
        32          0          0          0          0         68   llushr.o
        36          0          0          0          0         68   memcpya.o
        36          0          0          0          0        108   memseta.o
      2240         86          0          0          0        508   printfa.o
        28          0          0          0          0         76   strcmp.o
        18          0          0          0          0         68   strcpy.o
        14          0          0          0          0         68   strlen.o
        44          0          0          0          0         80   uidiv.o
        98          0          0          0          0         92   uldiv.o
        40          2          0          0          0         68   cdrcmple.o
       334          0          0          0          0        148   dadd.o
       222          0          0          0          0        100   ddiv.o
       182          0          0          0          0        176   depilogue.o
        48          0          0          0          0         68   dfixul.o
       228          0          0          0          0         96   dmul.o

    ----------------------------------------------------------------------
      3844        104          0          0          0       1996   Library Totals
         6          0          0          0          0          0   (incl. Padding)

    ----------------------------------------------------------------------

      Code (inc. data)   RO Data    RW Data    ZI Data      Debug   Library Name

      2784        102          0          0          0       1340   mc_w.l
      1054          2          0          0          0        656   mf_w.l

    ----------------------------------------------------------------------
      3844        104          0          0          0       1996   Library Totals

    ----------------------------------------------------------------------

==============================================================================


      Code (inc. data)   RO Data    RW Data    ZI Data      Debug   

     52352       1784        624        360      40528     615203   Grand Totals
     52352       1784        624         72      40528     615203   ELF Image Totals (compressed)
     52352       1784        624         72          0          0   ROM Totals

==============================================================================

    Total RO  Size (Code + RO Data)                52976 (  51.73kB)
    Total RW  Size (RW Data + ZI Data)             40888 (  39.93kB)
    Total ROM Size (Code + RO Data + RW Data)      53048 (  51.80kB)

==============================================================================

