Product: MDK-ARM Standard 5.10
Component: ARM Compiler 5.04 update 1 (build 49)
Tool: armlink [5040049]

==============================================================================

Section Cross References

    main.o(.text) refers to bsp.o(.text) for prvSetupHardware
    main.o(.text) refers to lwipentry.o(.text) for vlwIPInit
    main.o(.text) refers to netconfig.o(.text) for LwIP_Init
    main.o(.text) refers to sys_arch.o(.text) for sys_thread_new
    main.o(.text) refers to tasks.o(.text) for xTaskCreate
    main.o(.text) refers to app_led.o(.text) for vLedTask
    app_led.o(.text) refers to stm32f10x_gpio.o(.text) for GPIO_SetBits
    app_led.o(.text) refers to tasks.o(.text) for vTaskDelay
    netconfig.o(.text) refers to pbuf.o(.text) for pbuf_alloc
    netconfig.o(.text) refers to udp.o(.text) for udp_sendto
    netconfig.o(.text) refers to ethernetif.o(.text) for ethernetif_input
    netconfig.o(.text) refers to tcp.o(.text) for tcp_tmr
    netconfig.o(.text) refers to dns.o(.text) for dns_tmr
    netconfig.o(.text) refers to etharp.o(.text) for etharp_tmr
    netconfig.o(.text) refers to inet.o(.text) for htonl
    netconfig.o(.text) refers to netif.o(.text) for netif_add
    netconfig.o(.text) refers to netconfig.o(.data) for global_udppcb
    netconfig.o(.text) refers to ip_addr.o(.constdata) for ip_addr_any
    netconfig.o(.text) refers to netconfig.o(.bss) for DM9000AEP
    netconfig.o(.text) refers to clock-arch.o(.data) for sys_ticks
    netconfig.o(.text) refers to tcpip.o(.text) for tcpip_input
    clock-arch.o(.text) refers to clock-arch.o(.data) for sys_ticks
    bsp.o(.text) refers to stm32f10x_rcc.o(.text) for RCC_DeInit
    bsp.o(.text) refers to misc.o(.text) for NVIC_SetVectorTable
    bsp.o(.text) refers to stm32f10x_gpio.o(.text) for GPIO_Init
    dm9000x.o(.text) refers to stm32f10x_rcc.o(.text) for RCC_APB2PeriphClockCmd
    dm9000x.o(.text) refers to stm32f10x_gpio.o(.text) for GPIO_PinRemapConfig
    dm9000x.o(.text) refers to netconfig.o(.data) for m_mac
    cstartup.o(RESET) refers to cstartup.o(STACK) for __initial_sp
    cstartup.o(RESET) refers to cstartup.o(.text) for Reset_Handler
    cstartup.o(RESET) refers to port.o(.emb_text) for vPortSVCHandler
    cstartup.o(RESET) refers to port.o(.text) for xPortSysTickHandler
    cstartup.o(.text) refers to entry.o(.ARM.Collect$$$$00000000) for __main
    stm32f10x_gpio.o(.text) refers to stm32f10x_rcc.o(.text) for RCC_APB2PeriphResetCmd
    stm32f10x_rcc.o(.text) refers to stm32f10x_rcc.o(.data) for APBAHBPrescTable
    system_stm32f10x.o(.text) refers to system_stm32f10x.o(.data) for SystemCoreClock
    event_groups.o(.text) refers to heap_2.o(.text) for pvPortMalloc
    event_groups.o(.text) refers to list.o(.text) for vListInitialise
    event_groups.o(.text) refers to tasks.o(.text) for vTaskSuspendAll
    event_groups.o(.text) refers to port.o(.text) for vPortEnterCritical
    queue.o(.text) refers to port.o(.text) for vPortEnterCritical
    queue.o(.text) refers to tasks.o(.text) for xTaskRemoveFromEventList
    queue.o(.text) refers to list.o(.text) for vListInitialise
    queue.o(.text) refers to heap_2.o(.text) for pvPortMalloc
    queue.o(.text) refers to memcpya.o(.text) for __aeabi_memcpy
    tasks.o(.text) refers to list.o(.text) for vListInitialise
    tasks.o(.text) refers to port.o(.text) for vPortEnterCritical
    tasks.o(.text) refers to memseta.o(.text) for __aeabi_memset
    tasks.o(.text) refers to heap_2.o(.text) for pvPortMalloc
    tasks.o(.text) refers to tasks.o(.bss) for pxReadyTasksLists
    tasks.o(.text) refers to tasks.o(.data) for pxDelayedTaskList
    port.o(.emb_text) refers to tasks.o(.text) for vTaskSwitchContext
    port.o(.emb_text) refers to tasks.o(.data) for pxCurrentTCB
    port.o(.text) refers to port.o(.emb_text) for __asm___6_port_c_39a90d8d__prvStartFirstTask
    port.o(.text) refers to tasks.o(.text) for xTaskIncrementTick
    port.o(.text) refers to port.o(.data) for uxCriticalNesting
    heap_2.o(.text) refers to tasks.o(.text) for vTaskSuspendAll
    heap_2.o(.text) refers to heap_2.o(.bss) for ucHeap
    heap_2.o(.text) refers to heap_2.o(.data) for xStart
    ethernetif.o(.text) refers to dm9000x.o(.text) for dm9000x_receivepacket
    ethernetif.o(.text) refers to pbuf.o(.text) for pbuf_alloc
    ethernetif.o(.text) refers to memcpya.o(.text) for __aeabi_memcpy
    ethernetif.o(.text) refers to tasks.o(.text) for xTaskCreate
    ethernetif.o(.text) refers to mem.o(.text) for mem_malloc
    ethernetif.o(.text) refers to ethernetif.o(.bss) for Rx_Data_Buf
    ethernetif.o(.text) refers to etharp.o(.text) for etharp_output
    sys_arch.o(.text) refers to queue.o(.text) for xQueueGenericCreate
    sys_arch.o(.text) refers to tasks.o(.text) for xTaskGetTickCount
    sys_arch.o(.text) refers to port.o(.text) for vPortEnterCritical
    sys_arch.o(.text) refers to stats.o(.bss) for lwip_stats
    sys_arch.o(.text) refers to sys_arch.o(.bss) for s_timeoutlist
[...]
    ../clib/scanf.c                          0x00000000   Number         0  atoi.o ABSOLUTE
    ../clib/scanf.c                          0x00000000   Number         0  _chval.o ABSOLUTE
    ..\APP\app_led.c                         0x00000000   Number         0  app_led.o ABSOLUTE
    ..\APP\clock-arch.c                      0x00000000   Number         0  clock-arch.o ABSOLUTE
    ..\APP\main.c                            0x00000000   Number         0  main.o ABSOLUTE
    ..\APP\netconfig.c                       0x00000000   Number         0  netconfig.o ABSOLUTE
    ..\BSP\bsp.c                             0x00000000   Number         0  bsp.o ABSOLUTE
    ..\BSP\dm9000x.c                         0x00000000   Number         0  dm9000x.o ABSOLUTE
    ..\FreeRTOS\croutine.c                   0x00000000   Number         0  croutine.o ABSOLUTE
    ..\FreeRTOS\event_groups.c               0x00000000   Number         0  event_groups.o ABSOLUTE
    ..\FreeRTOS\list.c                       0x00000000   Number         0  list.o ABSOLUTE
    ..\FreeRTOS\portable\MemMang\heap_2.c    0x00000000   Number         0  heap_2.o ABSOLUTE
    ..\FreeRTOS\portable\RVDS\ARM_CM3\port.c 0x00000000   Number         0  port.o ABSOLUTE
    ..\FreeRTOS\queue.c                      0x00000000   Number         0  queue.o ABSOLUTE
    ..\FreeRTOS\tasks.c                      0x00000000   Number         0  tasks.o ABSOLUTE
    ..\FreeRTOS\timers.c                     0x00000000   Number         0  timers.o ABSOLUTE
    ..\Lwip-1.3.2\src\LwIPEntry\LwIPEntry.c  0x00000000   Number         0  lwipentry.o ABSOLUTE
    ..\Lwip-1.3.2\src\api\api_lib.c          0x00000000   Number         0  api_lib.o ABSOLUTE
    ..\Lwip-1.3.2\src\api\api_msg.c          0x00000000   Number         0  api_msg.o ABSOLUTE
    ..\Lwip-1.3.2\src\api\err.c              0x00000000   Number         0  err.o ABSOLUTE
    ..\Lwip-1.3.2\src\api\netbuf.c           0x00000000   Number         0  netbuf.o ABSOLUTE
    ..\Lwip-1.3.2\src\api\netdb.c            0x00000000   Number         0  netdb.o ABSOLUTE
    ..\Lwip-1.3.2\src\api\netifapi.c         0x00000000   Number         0  netifapi.o ABSOLUTE
    ..\Lwip-1.3.2\src\api\sockets.c          0x00000000   Number         0  sockets.o ABSOLUTE
    ..\Lwip-1.3.2\src\api\tcpip.c            0x00000000   Number         0  tcpip.o ABSOLUTE
    ..\Lwip-1.3.2\src\arch\sys_arch.c        0x00000000   Number         0  sys_arch.o ABSOLUTE
    ..\Lwip-1.3.2\src\core\dhcp.c            0x00000000   Number         0  dhcp.o ABSOLUTE
    ..\Lwip-1.3.2\src\core\dns.c             0x00000000   Number         0  dns.o ABSOLUTE
    ..\Lwip-1.3.2\src\core\init.c            0x00000000   Number         0  init.o ABSOLUTE
    ..\Lwip-1.3.2\src\core\ipv4\icmp.c       0x00000000   Number         0  icmp.o ABSOLUTE
    ..\Lwip-1.3.2\src\core\ipv4\igmp.c       0x00000000   Number         0  igmp.o ABSOLUTE
    ..\Lwip-1.3.2\src\core\ipv4\inet.c       0x00000000   Number         0  inet.o ABSOLUTE
    ..\Lwip-1.3.2\src\core\ipv4\inet_chksum.c 0x00000000   Number         0  inet_chksum.o ABSOLUTE
    ..\Lwip-1.3.2\src\core\ipv4\ip.c         0x00000000   Number         0  ip.o ABSOLUTE
    ..\Lwip-1.3.2\src\core\ipv4\ip_addr.c    0x00000000   Number         0  ip_addr.o ABSOLUTE
    ..\Lwip-1.3.2\src\core\ipv4\ip_frag.c    0x00000000   Number         0  ip_frag.o ABSOLUTE
    ..\Lwip-1.3.2\src\core\mem.c             0x00000000   Number         0  mem.o ABSOLUTE
    ..\Lwip-1.3.2\src\core\memp.c            0x00000000   Number         0  memp.o ABSOLUTE
    ..\Lwip-1.3.2\src\core\netif.c           0x00000000   Number         0  netif.o ABSOLUTE
    ..\Lwip-1.3.2\src\core\pbuf.c            0x00000000   Number         0  pbuf.o ABSOLUTE
    ..\Lwip-1.3.2\src\core\raw.c             0x00000000   Number         0  raw.o ABSOLUTE
    ..\Lwip-1.3.2\src\core\stats.c           0x00000000   Number         0  stats.o ABSOLUTE
    ..\Lwip-1.3.2\src\core\sys.c             0x00000000   Number         0  sys.o ABSOLUTE
    ..\Lwip-1.3.2\src\core\tcp.c             0x00000000   Number         0  tcp.o ABSOLUTE
    ..\Lwip-1.3.2\src\core\tcp_in.c          0x00000000   Number         0  tcp_in.o ABSOLUTE
    ..\Lwip-1.3.2\src\core\tcp_out.c         0x00000000   Number         0  tcp_out.o ABSOLUTE
    ..\Lwip-1.3.2\src\core\udp.c             0x00000000   Number         0  udp.o ABSOLUTE
    ..\Lwip-1.3.2\src\netif\etharp.c         0x00000000   Number         0  etharp.o ABSOLUTE
    ..\Lwip-1.3.2\src\netif\ethernetif.c     0x00000000   Number         0  ethernetif.o ABSOLUTE
    ..\STMLIB\src\misc.c                     0x00000000   Number         0  misc.o ABSOLUTE
    ..\STMLIB\src\stm32f10x_gpio.c           0x00000000   Number         0  stm32f10x_gpio.o ABSOLUTE
    ..\STMLIB\src\stm32f10x_rcc.c            0x00000000   Number         0  stm32f10x_rcc.o ABSOLUTE
    ..\STMLIB\src\system_stm32f10x.c         0x00000000   Number         0  system_stm32f10x.o ABSOLUTE
    ..\STMLIB\startup\cstartup.s             0x00000000   Number         0  cstartup.o ABSOLUTE
    ..\\APP\\app_led.c                       0x00000000   Number         0  app_led.o ABSOLUTE
    ..\\APP\\clock-arch.c                    0x00000000   Number         0  clock-arch.o ABSOLUTE
    ..\\APP\\main.c                          0x00000000   Number         0  main.o ABSOLUTE
    ..\\APP\\netconfig.c                     0x00000000   Number         0  netconfig.o ABSOLUTE
    ..\\BSP\\bsp.c                           0x00000000   Number         0  bsp.o ABSOLUTE
    ..\\BSP\\dm9000x.c                       0x00000000   Number         0  dm9000x.o ABSOLUTE
    ..\\FreeRTOS\\portable\\RVDS\\ARM_CM3\\port.c 0x00000000   Number         0  port.o ABSOLUTE
    ..\\Lwip-1.3.2\\src\\LwIPEntry\\LwIPEntry.c 0x00000000   Number         0  lwipentry.o ABSOLUTE
    ..\\Lwip-1.3.2\\src\\netif\\ethernetif.c 0x00000000   Number         0  ethernetif.o ABSOLUTE
    ..\\STMLIB\\src\\misc.c                  0x00000000   Number         0  misc.o ABSOLUTE
    ..\\STMLIB\\src\\stm32f10x_gpio.c        0x00000000   Number         0  stm32f10x_gpio.o ABSOLUTE
    ..\\STMLIB\\src\\stm32f10x_rcc.c         0x00000000   Number         0  stm32f10x_rcc.o ABSOLUTE
    ..\\STMLIB\\src\\system_stm32f10x.c      0x00000000   Number         0  system_stm32f10x.o ABSOLUTE
    dc.s                                     0x00000000   Number         0  dc.o ABSOLUTE
    handlers.s                               0x00000000   Number         0  handlers.o ABSOLUTE
    init.s                                   0x00000000   Number         0  init.o ABSOLUTE
    RESET                                    0x08000000   Section      236  cstartup.o(RESET)
    .ARM.Collect$$$$00000000                 0x080000ec   Section        0  entry.o(.ARM.Collect$$$$00000000)
    .ARM.Collect$$$$00000001                 0x080000ec   Section        4  entry2.o(.ARM.Collect$$$$00000001)
    .ARM.Collect$$$$00000004                 0x080000f0   Section        4  entry5.o(.ARM.Collect$$$$00000004)
    .ARM.Collect$$$$00000008                 0x080000f4   Section        0  entry7b.o(.ARM.Collect$$$$00000008)
    .ARM.Collect$$$$0000000A                 0x080000f4   Section        0  entry8b.o(.ARM.Collect$$$$0000000A)
    .ARM.Collect$$$$0000000B                 0x080000f4   Section        8  entry9a.o(.ARM.Collect$$$$0000000B)
    .ARM.Collect$$$$0000000D                 0x080000fc   Section        0  entry10a.o(.ARM.Collect$$$$0000000D)
    .ARM.Collect$$$$0000000F                 0x080000fc   Section        0  entry11a.o(.ARM.Collect$$$$0000000F)
    .ARM.Collect$$$$00002712                 0x080000fc   Section        4  entry2.o(.ARM.Collect$$$$00002712)
    __lit__00000000                          0x080000fc   Data           4  entry2.o(.ARM.Collect$$$$00002712)
    .emb_text                                0x08000100   Section      150  port.o(.emb_text)
    .text                                    0x08000198   Section        0  main.o(.text)
    .text                                    0x080001ec   Section        0  app_led.o(.text)
    .text                                    0x08000284   Section        0  netconfig.o(.text)
    .text                                    0x08000478   Section        0  bsp.o(.text)
    .text                                    0x08000548   Section        0  dm9000x.o(.text)
    dm9000_delay                             0x08000549   Thumb Code    12  dm9000x.o(.text)
    dm9000_out_byte                          0x080005e5   Thumb Code   132  dm9000x.o(.text)
    ior                                      0x08000669   Thumb Code    20  dm9000x.o(.text)
    iow                                      0x0800067d   Thumb Code    24  dm9000x.o(.text)
    dm9000_in_byte                           0x08000971   Thumb Code   116  dm9000x.o(.text)
    .text                                    0x080009f0   Section       28  cstartup.o(.text)
    .text                                    0x08000a0c   Section        0  stm32f10x_gpio.o(.text)
    .text                                    0x08000d68   Section        0  stm32f10x_rcc.o(.text)
    .text                                    0x0800110c   Section        0  misc.o(.text)
    .text                                    0x080011e8   Section        0  list.o(.text)
    .text                                    0x0800127c   Section        0  queue.o(.text)
    prvInitialiseNewQueue                    0x080012f7   Thumb Code    42  queue.o(.text)
    prvUnlockQueue                           0x08001359   Thumb Code   126  queue.o(.text)
    prvIsQueueFull                           0x080013d7   Thumb Code    30  queue.o(.text)
    prvCopyDataToQueue                       0x080013f5   Thumb Code   106  queue.o(.text)
    prvInitialiseMutex                       0x08001573   Thumb Code    28  queue.o(.text)
    prvIsQueueEmpty                          0x0800168d   Thumb Code    26  queue.o(.text)
    prvCopyDataFromQueue                     0x080016a7   Thumb Code    48  queue.o(.text)
    .text                                    0x08001950   Section        0  tasks.o(.text)
    prvInitialiseTaskLists                   0x08001951   Thumb Code    70  tasks.o(.text)
    prvAddNewTaskToReadyList                 0x08001997   Thumb Code   156  tasks.o(.text)
    prvInitialiseNewTask                     0x08001a33   Thumb Code   150  tasks.o(.text)
    prvResetNextTaskUnblockTime              0x08001b25   Thumb Code    42  tasks.o(.text)
    prvDeleteTCB                             0x08001b4f   Thumb Code    18  tasks.o(.text)
    prvAddCurrentTaskToDelayedList           0x08001e19   Thumb Code   124  tasks.o(.text)
    prvTaskIsTaskSuspended                   0x080021e7   Thumb Code    56  tasks.o(.text)
    prvCheckTasksWaitingTermination          0x08002309   Thumb Code    86  tasks.o(.text)
    prvIdleTask                              0x0800235f   Thumb Code    32  tasks.o(.text)
    prvTaskCheckFreeStackSpace               0x08002411   Thumb Code    22  tasks.o(.text)
    prvListTasksWithinSingleList             0x08002497   Thumb Code   106  tasks.o(.text)
    .text                                    0x08002b2c   Section        0  port.o(.text)
    prvTaskExitError                         0x08002b2d   Thumb Code    22  port.o(.text)
    .text                                    0x08002c10   Section        0  heap_2.o(.text)
    prvHeapInit                              0x08002c11   Thumb Code    42  heap_2.o(.text)
    .text                                    0x08002d34   Section        0  ethernetif.o(.text)
    low_level_input                          0x08002d35   Thumb Code    86  ethernetif.o(.text)
    low_level_init                           0x08002db5   Thumb Code    50  ethernetif.o(.text)
    low_level_output                         0x08002de7   Thumb Code    50  ethernetif.o(.text)
    .text                                    0x08002e6c   Section        0  sys_arch.o(.text)
    .text                                    0x08003158   Section        0  etharp.o(.text)
    free_etharp_q                            0x08003159   Thumb Code    30  etharp.o(.text)
    find_entry                               0x08003211   Thumb Code   488  etharp.o(.text)
    etharp_send_ip                           0x080033f9   Thumb Code    62  etharp.o(.text)
    update_arp_entry                         0x08003437   Thumb Code   228  etharp.o(.text)
    etharp_raw                               0x08003713   Thumb Code   196  etharp.o(.text)
    .text                                    0x08003aec   Section        0  dns.o(.text)
    dns_parse_name                           0x08003b09   Thumb Code    42  dns.o(.text)
    dns_compare_name                         0x08003b33   Thumb Code    60  dns.o(.text)
    dns_recv                                 0x08003b6f   Thumb Code   354  dns.o(.text)
    dns_send                                 0x08003d2d   Thumb Code   216  dns.o(.text)
    dns_check_entry                          0x08003e05   Thumb Code   248  dns.o(.text)
    dns_check_entries                        0x08003efd   Thumb Code    22  dns.o(.text)
    dns_lookup                               0x08003f21   Thumb Code    86  dns.o(.text)
    dns_enqueue                              0x08003f77   Thumb Code   184  dns.o(.text)
    .text                                    0x08004090   Section        0  init.o(.text)
    .text                                    0x080040a8   Section        0  mem.o(.text)
    plug_holes                               0x080040a9   Thumb Code   108  mem.o(.text)
    .text                                    0x080044d0   Section        0  memp.o(.text)
    .text                                    0x0800464c   Section        0  netif.o(.text)
    .text                                    0x08004850   Section        0  pbuf.o(.text)
    pbuf_free_ooseq                          0x08004851   Thumb Code    54  pbuf.o(.text)
    pbuf_pool_is_empty                       0x08004887   Thumb Code    58  pbuf.o(.text)
    .text                                    0x08004d88   Section        0  raw.o(.text)
    .text                                    0x08004f24   Section        0  sys.o(.text)
    sswt_handler                             0x08005103   Thumb Code    20  sys.o(.text)
    .text                                    0x08005170   Section        0  tcp.o(.text)
    tcp_new_port                             0x0800583f   Thumb Code   104  tcp.o(.text)
    tcp_accept_null                          0x08005981   Thumb Code     8  tcp.o(.text)
    tcp_kill_prio                            0x08005bd3   Thumb Code    78  tcp.o(.text)
    tcp_kill_timewait                        0x08005c21   Thumb Code    52  tcp.o(.text)
    .text                                    0x08005d78   Section        0  tcp_in.o(.text)
    tcp_oos_insert_segment                   0x08005d79   Thumb Code   174  tcp_in.o(.text)
    tcp_receive                              0x08005e27   Thumb Code  2366  tcp_in.o(.text)
    tcp_parseopt                             0x08006765   Thumb Code   176  tcp_in.o(.text)
    tcp_process                              0x08006815   Thumb Code  1382  tcp_in.o(.text)
    tcp_listen_input                         0x08006d7b   Thumb Code   342  tcp_in.o(.text)
    tcp_timewait_input                       0x08006ed1   Thumb Code   150  tcp_in.o(.text)
    .text                                    0x080074c4   Section        0  tcp_out.o(.text)
    tcp_output_set_header                    0x080074c5   Thumb Code   138  tcp_out.o(.text)
    tcp_output_segment                       0x08007a03   Thumb Code   230  tcp_out.o(.text)
    .text                                    0x08007fc0   Section        0  udp.o(.text)
    .text                                    0x0800848c   Section        0  icmp.o(.text)
    icmp_send_response                       0x08008699   Thumb Code   118  icmp.o(.text)
    .text                                    0x08008738   Section        0  inet.o(.text)
    .text                                    0x08008954   Section        0  inet_chksum.o(.text)
    lwip_standard_chksum                     0x08008955   Thumb Code    74  inet_chksum.o(.text)
    .text                                    0x08008aac   Section        0  ip.o(.text)
    ip_forward                               0x08008b03   Thumb Code   198  ip.o(.text)
    .text                                    0x08008f9c   Section        0  ip_addr.o(.text)
    .text                                    0x08008fec   Section        0  ip_frag.o(.text)
    ip_reass_dequeue_datagram                0x08008fed   Thumb Code    36  ip_frag.o(.text)
    ip_reass_free_complete_datagram          0x08009011   Thumb Code   112  ip_frag.o(.text)
    ip_reass_remove_oldest_datagram          0x080090b1   Thumb Code   118  ip_frag.o(.text)
    ip_reass_enqueue_new_datagram            0x08009127   Thumb Code    92  ip_frag.o(.text)
    ip_reass_chain_frag_into_datagram_and_validate 0x08009183   Thumb Code   324  ip_frag.o(.text)
    .text                                    0x08009604   Section        0  lwipentry.o(.text)
    .text                                    0x0800968c   Section        0  api_lib.o(.text)
    .text                                    0x080099d4   Section        0  api_msg.o(.text)
    recv_raw                                 0x080099d5   Thumb Code   162  api_msg.o(.text)
    recv_udp                                 0x08009a77   Thumb Code   126  api_msg.o(.text)
    recv_tcp                                 0x08009af5   Thumb Code    96  api_msg.o(.text)
    err_tcp                                  0x08009b55   Thumb Code   110  api_msg.o(.text)
    do_writemore                             0x08009bc3   Thumb Code   246  api_msg.o(.text)
    sent_tcp                                 0x08009cb9   Thumb Code    76  api_msg.o(.text)
    do_close_internal                        0x08009d05   Thumb Code   162  api_msg.o(.text)
    poll_tcp                                 0x08009da7   Thumb Code    38  api_msg.o(.text)
    setup_tcp                                0x08009dcd   Thumb Code    50  api_msg.o(.text)
    accept_function                          0x08009edb   Thumb Code    88  api_msg.o(.text)
    pcb_new                                  0x08009f33   Thumb Code   164  api_msg.o(.text)
    do_connected                             0x0800a0e1   Thumb Code    52  api_msg.o(.text)
    do_dns_found                             0x0800a459   Thumb Code    44  api_msg.o(.text)
    .text                                    0x0800a4b8   Section        0  netbuf.o(.text)
    .text                                    0x0800a5d8   Section        0  sockets.o(.text)
    get_socket                               0x0800a5f1   Thumb Code    36  sockets.o(.text)
    alloc_socket                             0x0800a615   Thumb Code   136  sockets.o(.text)
    event_callback                           0x0800a69d   Thumb Code   298  sockets.o(.text)
    lwip_selscan                             0x0800ae6d   Thumb Code   218  sockets.o(.text)
    lwip_getaddrname                         0x0800b0f3   Thumb Code   118  sockets.o(.text)
    lwip_getsockopt_internal                 0x0800b195   Thumb Code   316  sockets.o(.text)
    lwip_setsockopt_internal                 0x0800b415   Thumb Code   264  sockets.o(.text)
    .text                                    0x0800b704   Section        0  tcpip.o(.text)
    tcpip_tcp_timer                          0x0800b705   Thumb Code    40  tcpip.o(.text)
    ip_reass_timer                           0x0800b753   Thumb Code    22  tcpip.o(.text)
    arp_timer                                0x0800b769   Thumb Code    22  tcpip.o(.text)
    dns_timer                                0x0800b77f   Thumb Code    22  tcpip.o(.text)
    tcpip_thread                             0x0800b795   Thumb Code   210  tcpip.o(.text)
    pbuf_free_int                            0x0800b9e7   Thumb Code    14  tcpip.o(.text)
    .text                                    0x0800ba58   Section        0  memcpya.o(.text)
    .text                                    0x0800ba7c   Section        0  memseta.o(.text)
    .text                                    0x0800baa0   Section        0  strlen.o(.text)
    .text                                    0x0800baae   Section        0  strcmp.o(.text)
    .text                                    0x0800baca   Section        0  strcpy.o(.text)
    .text                                    0x0800badc   Section       36  init.o(.text)
    .text                                    0x0800bb00   Section        0  __dczerorl2.o(.text)
    i.__scatterload_copy                     0x0800bb56   Section       14  handlers.o(i.__scatterload_copy)
    i.__scatterload_null                     0x0800bb64   Section        2  handlers.o(i.__scatterload_null)
    i.__scatterload_zeroinit                 0x0800bb66   Section       14  handlers.o(i.__scatterload_zeroinit)
    .constdata                               0x0800bb74   Section       12  etharp.o(.constdata)
    .constdata                               0x0800bb80   Section       56  memp.o(.constdata)
    memp_sizes                               0x0800bb80   Data          28  memp.o(.constdata)
    memp_num                                 0x0800bb9c   Data          28  memp.o(.constdata)
    .constdata                               0x0800bbb8   Section       20  tcp.o(.constdata)
    .constdata                               0x0800bbcc   Section        8  ip_addr.o(.constdata)
    .constdata                               0x0800bbd4   Section       60  sockets.o(.constdata)
    err_to_errno_table                       0x0800bbd4   Data          60  sockets.o(.constdata)
    .conststring                             0x0800bc10   Section      117  tcp.o(.conststring)
    .conststring                             0x0800bc88   Section      106  lwipentry.o(.conststring)
    .data                                    0x20000000   Section       44  netconfig.o(.data)
    .data                                    0x2000002c   Section        4  clock-arch.o(.data)
    .data                                    0x20000030   Section       20  stm32f10x_rcc.o(.data)
    APBAHBPrescTable                         0x20000030   Data          16  stm32f10x_rcc.o(.data)
    ADCPrescTable                            0x20000040   Data           4  stm32f10x_rcc.o(.data)
    .data                                    0x20000044   Section       60  tasks.o(.data)
    pxDelayedTaskList                        0x20000048   Data           4  tasks.o(.data)
    pxOverflowDelayedTaskList                0x2000004c   Data           4  tasks.o(.data)
    uxDeletedTasksWaitingCleanUp             0x20000050   Data           4  tasks.o(.data)
    uxCurrentNumberOfTasks                   0x20000054   Data           4  tasks.o(.data)
    xTickCount                               0x20000058   Data           4  tasks.o(.data)
    uxTopReadyPriority                       0x2000005c   Data           4  tasks.o(.data)
    xSchedulerRunning                        0x20000060   Data           4  tasks.o(.data)
    uxPendedTicks                            0x20000064   Data           4  tasks.o(.data)
    xYieldPending                            0x20000068   Data           4  tasks.o(.data)
    xNumOfOverflows                          0x2000006c   Data           4  tasks.o(.data)
    uxTaskNumber                             0x20000070   Data           4  tasks.o(.data)
    xNextTaskUnblockTime                     0x20000074   Data           4  tasks.o(.data)
    xIdleTaskHandle                          0x20000078   Data           4  tasks.o(.data)
    uxSchedulerSuspended                     0x2000007c   Data           4  tasks.o(.data)
    .data                                    0x20000080   Section        4  port.o(.data)
    uxCriticalNesting                        0x20000080   Data           4  port.o(.data)
    .data                                    0x20000084   Section       24  heap_2.o(.data)
    xStart                                   0x20000084   Data           8  heap_2.o(.data)
    xEnd                                     0x2000008c   Data           8  heap_2.o(.data)
    xFreeBytesRemaining                      0x20000094   Data           4  heap_2.o(.data)
    xHeapHasBeenInitialised                  0x20000098   Data           4  heap_2.o(.data)
    .data                                    0x2000009c   Section        2  sys_arch.o(.data)
    s_nextthread                             0x2000009c   Data           2  sys_arch.o(.data)
    .data                                    0x2000009e   Section        1  etharp.o(.data)
    etharp_cached_entry                      0x2000009e   Data           1  etharp.o(.data)
    .data                                    0x200000a0   Section       13  dns.o(.data)
    dns_pcb                                  0x200000a0   Data           4  dns.o(.data)
    dns_seqno                                0x200000a4   Data           1  dns.o(.data)
    dns_servers                              0x200000a5   Data           8  dns.o(.data)
    .data                                    0x200000b0   Section       16  mem.o(.data)
    ram                                      0x200000b0   Data           4  mem.o(.data)
    ram_end                                  0x200000b4   Data           4  mem.o(.data)
    lfree                                    0x200000b8   Data           4  mem.o(.data)
    mem_sem                                  0x200000bc   Data           4  mem.o(.data)
    .data                                    0x200000c0   Section        9  netif.o(.data)
    netifnum                                 0x200000c8   Data           1  netif.o(.data)
    .data                                    0x200000c9   Section        1  pbuf.o(.data)
    pbuf_free_ooseq_queued                   0x200000c9   Data           1  pbuf.o(.data)
    .data                                    0x200000cc   Section        4  raw.o(.data)
    raw_pcbs                                 0x200000cc   Data           4  raw.o(.data)
    .data                                    0x200000d0   Section       76  tcp.o(.data)
    tcp_timer                                0x20000114   Data           1  tcp.o(.data)
    port                                     0x20000116   Data           2  tcp.o(.data)
    iss                                      0x20000118   Data           4  tcp.o(.data)
    .data                                    0x2000011c   Section       32  tcp_in.o(.data)
    tcphdr                                   0x2000011c   Data           4  tcp_in.o(.data)
    iphdr                                    0x20000120   Data           4  tcp_in.o(.data)
    seqno                                    0x20000124   Data           4  tcp_in.o(.data)
    ackno                                    0x20000128   Data           4  tcp_in.o(.data)
    flags                                    0x2000012c   Data           1  tcp_in.o(.data)
    tcplen                                   0x2000012e   Data           2  tcp_in.o(.data)
    recv_flags                               0x20000130   Data           1  tcp_in.o(.data)
    recv_data                                0x20000134   Data           4  tcp_in.o(.data)
    .data                                    0x2000013c   Section        4  udp.o(.data)
    .data                                    0x20000140   Section       10  ip.o(.data)
    ip_id                                    0x20000148   Data           2  ip.o(.data)
    .data                                    0x2000014c   Section        6  ip_frag.o(.data)
    reassdatagrams                           0x2000014c   Data           4  ip_frag.o(.data)
    ip_reass_pbufcount                       0x20000150   Data           2  ip_frag.o(.data)
    .data                                    0x20000154   Section       12  sockets.o(.data)
    select_cb_list                           0x20000154   Data           4  sockets.o(.data)
    socksem                                  0x20000158   Data           4  sockets.o(.data)
    selectsem                                0x2000015c   Data           4  sockets.o(.data)
    .data                                    0x20000160   Section       16  tcpip.o(.data)
    tcpip_init_done                          0x20000160   Data           4  tcpip.o(.data)
    tcpip_init_done_arg                      0x20000164   Data           4  tcpip.o(.data)
    mbox                                     0x20000168   Data           4  tcpip.o(.data)
    tcpip_tcp_timer_active                   0x2000016c   Data           4  tcpip.o(.data)
    .bss                                     0x20000170   Section       98  netconfig.o(.bss)
    .bss                                     0x200001d4   Section      200  tasks.o(.bss)
    pxReadyTasksLists                        0x200001d4   Data         100  tasks.o(.bss)
    xDelayedTaskList1                        0x20000238   Data          20  tasks.o(.bss)
    xDelayedTaskList2                        0x2000024c   Data          20  tasks.o(.bss)
    xPendingReadyList                        0x20000260   Data          20  tasks.o(.bss)
    xTasksWaitingTermination                 0x20000274   Data          20  tasks.o(.bss)
    xSuspendedTaskList                       0x20000288   Data          20  tasks.o(.bss)
    .bss                                     0x2000029c   Section    17408  heap_2.o(.bss)
    ucHeap                                   0x2000029c   Data       17408  heap_2.o(.bss)
    .bss                                     0x2000469c   Section     3032  ethernetif.o(.bss)
    .bss                                     0x20005274   Section       40  sys_arch.o(.bss)
    s_timeoutlist                            0x20005274   Data          40  sys_arch.o(.bss)
    .bss                                     0x2000529c   Section      200  etharp.o(.bss)
    arp_table                                0x2000529c   Data         200  etharp.o(.bss)
    .bss                                     0x20005364   Section     1632  dns.o(.bss)
    dns_table                                0x20005364   Data        1120  dns.o(.bss)
    dns_payload                              0x200057c4   Data         512  dns.o(.bss)
    .bss                                     0x200059c4   Section     2020  mem.o(.bss)
    ram_heap                                 0x200059c4   Data        2020  mem.o(.bss)
    .bss                                     0x200061a8   Section    12339  memp.o(.bss)
    memp_tab                                 0x200061a8   Data          56  memp.o(.bss)
    memp_memory                              0x200061e0   Data       12283  memp.o(.bss)
    .bss                                     0x200091dc   Section      330  stats.o(.bss)
    .bss                                     0x20009328   Section       20  tcp_in.o(.bss)
    inseg                                    0x20009328   Data          20  tcp_in.o(.bss)
    .bss                                     0x2000933c   Section       16  inet.o(.bss)
    str                                      0x2000933c   Data          16  inet.o(.bss)
    .bss                                     0x2000934c   Section     2004  ip_frag.o(.bss)
    buf                                      0x2000934c   Data        2004  ip_frag.o(.bss)
    .bss                                     0x20009b20   Section       80  sockets.o(.bss)
    sockets                                  0x20009b20   Data          80  sockets.o(.bss)
    STACK                                    0x20009b70   Section     1024  cstartup.o(STACK)

    Global Symbols

    Symbol Name                              Value     Ov Type        Size  Object(Section)

    BuildAttributes$$THM_ISAv4$P$D$K$B$S$PE$A:L22UL41UL21$X:L11$S22US41US21$IEEE1$IW$USESV6$~STKCKD$USESV7$~SHL$OSPACE$EBA8$MICROLIB$REQ8$PRES8$EABIv2 0x00000000   Number         0  anon$$obj.o ABSOLUTE
    __ARM_use_no_argv                        0x00000000   Number         0  main.o ABSOLUTE
    __cpp_initialize__aeabi_                  - Undefined Weak Reference
    __cxa_finalize                            - Undefined Weak Reference
    _clock_init                               - Undefined Weak Reference
    _microlib_exit                            - Undefined Weak Reference
    __Vectors                                0x08000000   Data           4  cstartup.o(RESET)
    __main                                   0x080000ed   Thumb Code     0  entry.o(.ARM.Collect$$$$00000000)
    _main_stk                                0x080000ed   Thumb Code     0  entry2.o(.ARM.Collect$$$$00000001)
    _main_scatterload                        0x080000f1   Thumb Code     0  entry5.o(.ARM.Collect$$$$00000004)
    __main_after_scatterload                 0x080000f5   Thumb Code     0  entry5.o(.ARM.Collect$$$$00000004)
    _main_clock                              0x080000f5   Thumb Code     0  entry7b.o(.ARM.Collect$$$$00000008)
    _main_cpp_init                           0x080000f5   Thumb Code     0  entry8b.o(.ARM.Collect$$$$0000000A)
    _main_init                               0x080000f5   Thumb Code     0  entry9a.o(.ARM.Collect$$$$0000000B)
    __rt_final_cpp                           0x080000fd   Thumb Code     0  entry10a.o(.ARM.Collect$$$$0000000D)
    __rt_final_exit                          0x080000fd   Thumb Code     0  entry11a.o(.ARM.Collect$$$$0000000F)
    vPortSVCHandler                          0x08000101   Thumb Code    32  port.o(.emb_text)
    __asm___6_port_c_39a90d8d__prvStartFirstTask 0x08000125   Thumb Code    28  port.o(.emb_text)
    xPortPendSVHandler                       0x08000145   Thumb Code    72  port.o(.emb_text)
    vPortGetIPSR                             0x08000191   Thumb Code     6  port.o(.emb_text)
    main                                     0x08000199   Thumb Code    64  main.o(.text)
    vLedTask                                 0x080001ed   Thumb Code    38  app_led.o(.text)
    vRelay1Task                              0x08000213   Thumb Code    36  app_led.o(.text)
    vRelay2Task                              0x08000237   Thumb Code    36  app_led.o(.text)
    vRelay3Task                              0x0800025b   Thumb Code    36  app_led.o(.text)
    Udp_Receive                              0x08000285   Thumb Code    58  netconfig.o(.text)
    LwIP_Periodic_Handle                     0x080002bf   Thumb Code   132  netconfig.o(.text)
    LwIP_Init                                0x08000343   Thumb Code   248  netconfig.o(.text)
    app_init                                 0x0800043b   Thumb Code     2  netconfig.o(.text)
    prvSetupHardware                         0x08000479   Thumb Code   140  bsp.o(.text)
    bsp_led_init                             0x08000505   Thumb Code    58  bsp.o(.text)
    dm9000x_gpio_inital                      0x08000555   Thumb Code   144  dm9000x.o(.text)
    dm9000x_read_id                          0x08000695   Thumb Code    60  dm9000x.o(.text)
    dm9000x_inital                           0x080006d1   Thumb Code   222  dm9000x.o(.text)
    dm9000x_sendpacket                       0x080007af   Thumb Code   154  dm9000x.o(.text)
    dm9000x_receivepacket                    0x08000849   Thumb Code   296  dm9000x.o(.text)
    Reset_Handler                            0x080009f1   Thumb Code     4  cstartup.o(.text)
    NMI_Handler                              0x080009f5   Thumb Code     2  cstartup.o(.text)
    HardFault_Handler                        0x080009f7   Thumb Code     2  cstartup.o(.text)
    MemManage_Handler                        0x080009f9   Thumb Code     2  cstartup.o(.text)
    BusFault_Handler                         0x080009fb   Thumb Code     2  cstartup.o(.text)
    UsageFault_Handler                       0x080009fd   Thumb Code     2  cstartup.o(.text)
    SVC_Handler                              0x080009ff   Thumb Code     2  cstartup.o(.text)
    DebugMon_Handler                         0x08000a01   Thumb Code     2  cstartup.o(.text)
    PendSV_Handler                           0x08000a03   Thumb Code     2  cstartup.o(.text)
    ADC_IRQHandler                           0x08000a07   Thumb Code     0  cstartup.o(.text)
    CAN_RX1_IRQHandler                       0x08000a07   Thumb Code     0  cstartup.o(.text)
    CAN_SCE_IRQHandler                       0x08000a07   Thumb Code     0  cstartup.o(.text)
    DMAChannel1_IRQHandler                   0x08000a07   Thumb Code     0  cstartup.o(.text)
    DMAChannel2_IRQHandler                   0x08000a07   Thumb Code     0  cstartup.o(.text)
    DMAChannel3_IRQHandler                   0x08000a07   Thumb Code     0  cstartup.o(.text)
    DMAChannel4_IRQHandler                   0x08000a07   Thumb Code     0  cstartup.o(.text)
    DMAChannel5_IRQHandler                   0x08000a07   Thumb Code     0  cstartup.o(.text)
    DMAChannel6_IRQHandler                   0x08000a07   Thumb Code     0  cstartup.o(.text)
    DMAChannel7_IRQHandler                   0x08000a07   Thumb Code     0  cstartup.o(.text)
    EXTI0_IRQHandler                         0x08000a07   Thumb Code     0  cstartup.o(.text)
    EXTI15_10_IRQHandler                     0x08000a07   Thumb Code     0  cstartup.o(.text)
    EXTI1_IRQHandler                         0x08000a07   Thumb Code     0  cstartup.o(.text)
    EXTI2_IRQHandler                         0x08000a07   Thumb Code     0  cstartup.o(.text)
    EXTI3_IRQHandler                         0x08000a07   Thumb Code     0  cstartup.o(.text)
    EXTI4_IRQHandler                         0x08000a07   Thumb Code     0  cstartup.o(.text)
    EXTI9_5_IRQHandler                       0x08000a07   Thumb Code     0  cstartup.o(.text)
    FLASH_IRQHandler                         0x08000a07   Thumb Code     0  cstartup.o(.text)
    I2C1_ER_IRQHandler                       0x08000a07   Thumb Code     0  cstartup.o(.text)
    I2C1_EV_IRQHandler                       0x08000a07   Thumb Code     0  cstartup.o(.text)
    I2C2_ER_IRQHandler                       0x08000a07   Thumb Code     0  cstartup.o(.text)
    I2C2_EV_IRQHandler                       0x08000a07   Thumb Code     0  cstartup.o(.text)
    PVD_IRQHandler                           0x08000a07   Thumb Code     0  cstartup.o(.text)
    RCC_IRQHandler                           0x08000a07   Thumb Code     0  cstartup.o(.text)
    RTCAlarm_IRQHandler                      0x08000a07   Thumb Code     0  cstartup.o(.text)
    RTC_IRQHandler                           0x08000a07   Thumb Code     0  cstartup.o(.text)
    SPI1_IRQHandler                          0x08000a07   Thumb Code     0  cstartup.o(.text)
    SPI2_IRQHandler                          0x08000a07   Thumb Code     0  cstartup.o(.text)
    TAMPER_IRQHandler                        0x08000a07   Thumb Code     0  cstartup.o(.text)
    TIM1_BRK_IRQHandler                      0x08000a07   Thumb Code     0  cstartup.o(.text)
    TIM1_CC_IRQHandler                       0x08000a07   Thumb Code     0  cstartup.o(.text)
    TIM1_TRG_COM_IRQHandler                  0x08000a07   Thumb Code     0  cstartup.o(.text)
    TIM1_UP_IRQHandler                       0x08000a07   Thumb Code     0  cstartup.o(.text)
    TIM2_IRQHandler                          0x08000a07   Thumb Code     0  cstartup.o(.text)
    TIM3_IRQHandler                          0x08000a07   Thumb Code     0  cstartup.o(.text)
    TIM4_IRQHandler                          0x08000a07   Thumb Code     0  cstartup.o(.text)
    USART1_IRQHandler                        0x08000a07   Thumb Code     0  cstartup.o(.text)
    USART2_IRQHandler                        0x08000a07   Thumb Code     0  cstartup.o(.text)
    USART3_IRQHandler                        0x08000a07   Thumb Code     0  cstartup.o(.text)
    USBWakeUp_IRQHandler                     0x08000a07   Thumb Code     0  cstartup.o(.text)
    USB_HP_CAN_TX_IRQHandler                 0x08000a07   Thumb Code     0  cstartup.o(.text)
    USB_LP_CAN_RX0_IRQHandler                0x08000a07   Thumb Code     0  cstartup.o(.text)
    WWDG_IRQHandler                          0x08000a07   Thumb Code     0  cstartup.o(.text)
    GPIO_DeInit                              0x08000a0d   Thumb Code   172  stm32f10x_gpio.o(.text)
    GPIO_AFIODeInit                          0x08000ab9   Thumb Code    20  stm32f10x_gpio.o(.text)
    GPIO_Init                                0x08000acd   Thumb Code   278  stm32f10x_gpio.o(.text)
    GPIO_StructInit                          0x08000be3   Thumb Code    16  stm32f10x_gpio.o(.text)
    GPIO_ReadInputDataBit                    0x08000bf3   Thumb Code    18  stm32f10x_gpio.o(.text)
    GPIO_ReadInputData                       0x08000c05   Thumb Code     8  stm32f10x_gpio.o(.text)
    GPIO_ReadOutputDataBit                   0x08000c0d   Thumb Code    18  stm32f10x_gpio.o(.text)
    GPIO_ReadOutputData                      0x08000c1f   Thumb Code     8  stm32f10x_gpio.o(.text)
    GPIO_SetBits                             0x08000c27   Thumb Code     4  stm32f10x_gpio.o(.text)
    GPIO_ResetBits                           0x08000c2b   Thumb Code     4  stm32f10x_gpio.o(.text)
    GPIO_WriteBit                            0x08000c2f   Thumb Code    10  stm32f10x_gpio.o(.text)
    GPIO_Write                               0x08000c39   Thumb Code     4  stm32f10x_gpio.o(.text)
    GPIO_PinLockConfig                       0x08000c3d   Thumb Code    18  stm32f10x_gpio.o(.text)
    GPIO_EventOutputConfig                   0x08000c4f   Thumb Code    26  stm32f10x_gpio.o(.text)
    GPIO_EventOutputCmd                      0x08000c69   Thumb Code     6  stm32f10x_gpio.o(.text)
    GPIO_PinRemapConfig                      0x08000c6f   Thumb Code   138  stm32f10x_gpio.o(.text)
    GPIO_EXTILineConfig                      0x08000cf9   Thumb Code    66  stm32f10x_gpio.o(.text)
    GPIO_ETH_MediaInterfaceConfig            0x08000d3b   Thumb Code     8  stm32f10x_gpio.o(.text)
    RCC_DeInit                               0x08000d69   Thumb Code    64  stm32f10x_rcc.o(.text)
    RCC_HSEConfig                            0x08000da9   Thumb Code    70  stm32f10x_rcc.o(.text)
    RCC_GetFlagStatus                        0x08000def   Thumb Code    56  stm32f10x_rcc.o(.text)
    RCC_WaitForHSEStartUp                    0x08000e27   Thumb Code    56  stm32f10x_rcc.o(.text)
    RCC_AdjustHSICalibrationValue            0x08000e5f   Thumb Code    20  stm32f10x_rcc.o(.text)
    RCC_HSICmd                               0x08000e73   Thumb Code     6  stm32f10x_rcc.o(.text)
    RCC_PLLConfig                            0x08000e79   Thumb Code    24  stm32f10x_rcc.o(.text)
    RCC_PLLCmd                               0x08000e91   Thumb Code     6  stm32f10x_rcc.o(.text)
    RCC_SYSCLKConfig                         0x08000e97   Thumb Code    18  stm32f10x_rcc.o(.text)
    RCC_GetSYSCLKSource                      0x08000ea9   Thumb Code    10  stm32f10x_rcc.o(.text)
    RCC_HCLKConfig                           0x08000eb3   Thumb Code    18  stm32f10x_rcc.o(.text)
    RCC_PCLK1Config                          0x08000ec5   Thumb Code    18  stm32f10x_rcc.o(.text)
    RCC_PCLK2Config                          0x08000ed7   Thumb Code    20  stm32f10x_rcc.o(.text)
    RCC_ITConfig                             0x08000eeb   Thumb Code    26  stm32f10x_rcc.o(.text)
    RCC_USBCLKConfig                         0x08000f05   Thumb Code     8  stm32f10x_rcc.o(.text)
    RCC_ADCCLKConfig                         0x08000f0d   Thumb Code    18  stm32f10x_rcc.o(.text)
    RCC_LSEConfig                            0x08000f1f   Thumb Code    50  stm32f10x_rcc.o(.text)
    RCC_LSICmd                               0x08000f51   Thumb Code     6  stm32f10x_rcc.o(.text)
    RCC_RTCCLKConfig                         0x08000f57   Thumb Code    12  stm32f10x_rcc.o(.text)
    RCC_RTCCLKCmd                            0x08000f63   Thumb Code     8  stm32f10x_rcc.o(.text)
    RCC_GetClocksFreq                        0x08000f6b   Thumb Code   192  stm32f10x_rcc.o(.text)
    RCC_AHBPeriphClockCmd                    0x0800102b   Thumb Code    26  stm32f10x_rcc.o(.text)
    RCC_APB2PeriphClockCmd                   0x08001045   Thumb Code    26  stm32f10x_rcc.o(.text)
    RCC_APB1PeriphClockCmd                   0x0800105f   Thumb Code    26  stm32f10x_rcc.o(.text)
    RCC_APB2PeriphResetCmd                   0x08001079   Thumb Code    26  stm32f10x_rcc.o(.text)
    RCC_APB1PeriphResetCmd                   0x08001093   Thumb Code    26  stm32f10x_rcc.o(.text)
    RCC_BackupResetCmd                       0x080010ad   Thumb Code     8  stm32f10x_rcc.o(.text)
    RCC_ClockSecuritySystemCmd               0x080010b5   Thumb Code     6  stm32f10x_rcc.o(.text)
    RCC_MCOConfig                            0x080010bb   Thumb Code     6  stm32f10x_rcc.o(.text)
    RCC_ClearFlag                            0x080010c1   Thumb Code    14  stm32f10x_rcc.o(.text)
    RCC_GetITStatus                          0x080010cf   Thumb Code    20  stm32f10x_rcc.o(.text)
    RCC_ClearITPendingBit                    0x080010e3   Thumb Code     6  stm32f10x_rcc.o(.text)
    NVIC_PriorityGroupConfig                 0x0800110d   Thumb Code    10  misc.o(.text)
    NVIC_Init                                0x08001117   Thumb Code   100  misc.o(.text)
    NVIC_SetVectorTable                      0x0800117b   Thumb Code    14  misc.o(.text)
    NVIC_SystemLPConfig                      0x08001189   Thumb Code    34  misc.o(.text)
    SysTick_CLKSourceConfig                  0x080011ab   Thumb Code    40  misc.o(.text)
    vListInitialise                          0x080011e9   Thumb Code    26  list.o(.text)
    vListInitialiseItem                      0x08001203   Thumb Code     6  list.o(.text)
    vListInsertEnd                           0x08001209   Thumb Code    24  list.o(.text)
    vListInsert                              0x08001221   Thumb Code    52  list.o(.text)
    uxListRemove                             0x08001255   Thumb Code    40  list.o(.text)
    xQueueGenericReset                       0x0800127d   Thumb Code   122  queue.o(.text)
    xQueueGenericCreate                      0x08001321   Thumb Code    56  queue.o(.text)
    xQueueGenericSend                        0x0800145f   Thumb Code   276  queue.o(.text)
    xQueueGenericSendFromISR                 0x0800158f   Thumb Code   134  queue.o(.text)
    xQueueGiveFromISR                        0x08001615   Thumb Code   120  queue.o(.text)
    xQueueGenericReceive                     0x080016d7   Thumb Code   312  queue.o(.text)
    xQueueReceiveFromISR                     0x0800180f   Thumb Code   130  queue.o(.text)
    xQueuePeekFromISR                        0x08001891   Thumb Code    74  queue.o(.text)
    uxQueueMessagesWaiting                   0x080018db   Thumb Code    18  queue.o(.text)
    uxQueueSpacesAvailable                   0x080018ed   Thumb Code    24  queue.o(.text)
    uxQueueMessagesWaitingFromISR            0x08001905   Thumb Code     6  queue.o(.text)
    vQueueDelete                             0x0800190b   Thumb Code    14  queue.o(.text)
    uxQueueGetQueueNumber                    0x08001919   Thumb Code     6  queue.o(.text)
    vQueueSetQueueNumber                     0x0800191f   Thumb Code     4  queue.o(.text)
    ucQueueGetQueueType                      0x08001923   Thumb Code     8  queue.o(.text)
    xQueueIsQueueEmptyFromISR                0x0800192b   Thumb Code    14  queue.o(.text)
    xQueueIsQueueFullFromISR                 0x08001939   Thumb Code    18  queue.o(.text)
    xTaskCreate                              0x08001ac9   Thumb Code    92  tasks.o(.text)
    vTaskDelete                              0x08001b61   Thumb Code   176  tasks.o(.text)
    xTaskIncrementTick                       0x08001c11   Thumb Code   238  tasks.o(.text)
    xTaskResumeAll                           0x08001cff   Thumb Code   282  tasks.o(.text)
    vTaskSuspendAll                          0x08001e95   Thumb Code    12  tasks.o(.text)
    vTaskDelayUntil                          0x08001ea1   Thumb Code   106  tasks.o(.text)
    vTaskDelay                               0x08001f0b   Thumb Code    46  tasks.o(.text)
    eTaskGetState                            0x08001f39   Thumb Code    88  tasks.o(.text)
    uxTaskPriorityGet                        0x08001f91   Thumb Code    30  tasks.o(.text)
    uxTaskPriorityGetFromISR                 0x08001faf   Thumb Code    52  tasks.o(.text)
    vTaskPrioritySet                         0x08001fe3   Thumb Code   216  tasks.o(.text)
    vTaskSwitchContext                       0x080020bb   Thumb Code    76  tasks.o(.text)
    vTaskSuspend                             0x08002107   Thumb Code   224  tasks.o(.text)
    vTaskResume                              0x0800221f   Thumb Code   104  tasks.o(.text)
    xTaskResumeFromISR                       0x08002287   Thumb Code   130  tasks.o(.text)
    vTaskStartScheduler                      0x0800237f   Thumb Code    74  tasks.o(.text)
    vTaskEndScheduler                        0x080023c9   Thumb Code    32  tasks.o(.text)
    xTaskGetTickCount                        0x080023e9   Thumb Code     6  tasks.o(.text)
    xTaskGetTickCountFromISR                 0x080023ef   Thumb Code     8  tasks.o(.text)
    uxTaskGetNumberOfTasks                   0x080023f7   Thumb Code     6  tasks.o(.text)
    pcTaskGetName                            0x080023fd   Thumb Code    20  tasks.o(.text)
    vTaskGetTaskInfo                         0x08002427   Thumb Code   112  tasks.o(.text)
    uxTaskGetSystemState                     0x08002501   Thumb Code   152  tasks.o(.text)
    vTaskPlaceOnEventList                    0x08002599   Thumb Code    28  tasks.o(.text)
    vTaskPlaceOnUnorderedEventList           0x080025b5   Thumb Code   116  tasks.o(.text)
    xTaskRemoveFromEventList                 0x08002629   Thumb Code   104  tasks.o(.text)
    xTaskRemoveFromUnorderedEventList        0x08002691   Thumb Code    94  tasks.o(.text)
    vTaskSetTimeOutState                     0x080026ef   Thumb Code    14  tasks.o(.text)
    xTaskCheckForTimeOut                     0x080026fd   Thumb Code    84  tasks.o(.text)
    vTaskMissedYield                         0x08002751   Thumb Code     8  tasks.o(.text)
    uxTaskGetTaskNumber                      0x08002759   Thumb Code    14  tasks.o(.text)
    vTaskSetTaskNumber                       0x08002767   Thumb Code     8  tasks.o(.text)
    xTaskGetCurrentTaskHandle                0x0800276f   Thumb Code     6  tasks.o(.text)
    uxTaskResetEventItemValue                0x08002775   Thumb Code    24  tasks.o(.text)
    ulTaskNotifyTake                         0x0800278d   Thumb Code   108  tasks.o(.text)
    xTaskNotifyWait                          0x080027f9   Thumb Code   150  tasks.o(.text)
    xTaskGenericNotify                       0x0800288f   Thumb Code   178  tasks.o(.text)
    xTaskGenericNotifyFromISR                0x08002941   Thumb Code   264  tasks.o(.text)
    vTaskNotifyGiveFromISR                   0x08002a49   Thumb Code   154  tasks.o(.text)
    xTaskNotifyStateClear                    0x08002ae3   Thumb Code    48  tasks.o(.text)
    pxPortInitialiseStack                    0x08002b43   Thumb Code    26  port.o(.text)
    vPortSetupTimerInterrupt                 0x08002b5d   Thumb Code    14  port.o(.text)
    xPortStartScheduler                      0x08002b6b   Thumb Code    42  port.o(.text)
    vPortEndScheduler                        0x08002b95   Thumb Code     2  port.o(.text)
    vPortEnterCritical                       0x08002b97   Thumb Code    30  port.o(.text)
    vPortExitCritical                        0x08002bb5   Thumb Code    28  port.o(.text)
    xPortSysTickHandler                      0x08002bd1   Thumb Code    48  port.o(.text)
    pvPortMalloc                             0x08002c3b   Thumb Code   166  heap_2.o(.text)
    vPortFree                                0x08002ce1   Thumb Code    56  heap_2.o(.text)
    xPortGetFreeHeapSize                     0x08002d19   Thumb Code     6  heap_2.o(.text)
    vPortInitialiseBlocks                    0x08002d1f   Thumb Code     2  heap_2.o(.text)
    ethernetif_input                         0x08002d8b   Thumb Code    42  ethernetif.o(.text)
    ethernetif_init                          0x08002e19   Thumb Code    58  ethernetif.o(.text)
    sys_mbox_new                             0x08002e6d   Thumb Code    58  sys_arch.o(.text)
    sys_mbox_free                            0x08002ea7   Thumb Code    52  sys_arch.o(.text)
    sys_mbox_post                            0x08002edb   Thumb Code    24  sys_arch.o(.text)
    sys_mbox_trypost                         0x08002ef3   Thumb Code    48  sys_arch.o(.text)
    sys_arch_mbox_fetch                      0x08002f23   Thumb Code    94  sys_arch.o(.text)
    sys_arch_mbox_tryfetch                   0x08002f81   Thumb Code    36  sys_arch.o(.text)
    sys_sem_new                              0x08002fa5   Thumb Code   108  sys_arch.o(.text)
    sys_arch_sem_wait                        0x08003011   Thumb Code    82  sys_arch.o(.text)
    sys_sem_signal                           0x08003063   Thumb Code    18  sys_arch.o(.text)
    sys_sem_free                             0x08003075   Thumb Code    26  sys_arch.o(.text)
    sys_init                                 0x0800308f   Thumb Code    34  sys_arch.o(.text)
    sys_arch_timeouts                        0x080030b1   Thumb Code    42  sys_arch.o(.text)
    sys_arch_protect                         0x080030db   Thumb Code    10  sys_arch.o(.text)
    sys_arch_unprotect                       0x080030e5   Thumb Code    10  sys_arch.o(.text)
    sys_thread_new                           0x080030ef   Thumb Code    86  sys_arch.o(.text)
    sys_assert                               0x08003145   Thumb Code     8  sys_arch.o(.text)
    etharp_tmr                               0x08003177   Thumb Code   154  etharp.o(.text)
    etharp_find_addr                         0x0800351b   Thumb Code    92  etharp.o(.text)
    etharp_ip_input                          0x08003577   Thumb Code    52  etharp.o(.text)
    etharp_arp_input                         0x080035ab   Thumb Code   360  etharp.o(.text)
    etharp_request                           0x080037d7   Thumb Code    36  etharp.o(.text)
    etharp_query                             0x080037fb   Thumb Code   404  etharp.o(.text)
    etharp_output                            0x0800398f   Thumb Code   216  etharp.o(.text)
    ethernet_input                           0x08003a67   Thumb Code   126  etharp.o(.text)
    dns_setserver                            0x08003aed   Thumb Code    28  dns.o(.text)
    dns_init                                 0x08003cd1   Thumb Code    64  dns.o(.text)
    dns_getserver                            0x08003d11   Thumb Code    28  dns.o(.text)
    dns_tmr                                  0x08003f13   Thumb Code    14  dns.o(.text)
    dns_gethostbyname                        0x0800402f   Thumb Code    84  dns.o(.text)
    lwip_init                                0x08004091   Thumb Code    24  init.o(.text)
    mem_init                                 0x08004115   Thumb Code    92  mem.o(.text)
    mem_free                                 0x08004171   Thumb Code   128  mem.o(.text)
    mem_realloc                              0x080041f1   Thumb Code   310  mem.o(.text)
    mem_malloc                               0x08004327   Thumb Code   390  mem.o(.text)
    mem_calloc                               0x080044ad   Thumb Code    34  mem.o(.text)
    memp_init                                0x080044d1   Thumb Code   136  memp.o(.text)
    memp_malloc                              0x08004559   Thumb Code   150  memp.o(.text)
    memp_free                                0x080045ef   Thumb Code    74  memp.o(.text)
    netif_set_gw                             0x0800464d   Thumb Code    12  netif.o(.text)
    netif_set_netmask                        0x08004659   Thumb Code    12  netif.o(.text)
    netif_set_ipaddr                         0x08004665   Thumb Code   110  netif.o(.text)
    netif_set_addr                           0x080046d3   Thumb Code    40  netif.o(.text)
    netif_add                                0x080046fb   Thumb Code    96  netif.o(.text)
    netif_set_default                        0x0800475b   Thumb Code     6  netif.o(.text)
    netif_remove                             0x08004761   Thumb Code    74  netif.o(.text)
    netif_find                               0x080047ab   Thumb Code    64  netif.o(.text)
    netif_set_up                             0x080047eb   Thumb Code    44  netif.o(.text)
    netif_set_down                           0x08004817   Thumb Code    24  netif.o(.text)
    netif_is_up                              0x0800482f   Thumb Code    12  netif.o(.text)
    pbuf_free                                0x080048c1   Thumb Code   108  pbuf.o(.text)
    pbuf_alloc                               0x0800492d   Thumb Code   386  pbuf.o(.text)
    pbuf_realloc                             0x08004aaf   Thumb Code   100  pbuf.o(.text)
    pbuf_header                              0x08004b13   Thumb Code   106  pbuf.o(.text)
    pbuf_clen                                0x08004b7d   Thumb Code    18  pbuf.o(.text)
    pbuf_ref                                 0x08004b8f   Thumb Code    26  pbuf.o(.text)
    pbuf_cat                                 0x08004ba9   Thumb Code    36  pbuf.o(.text)
    pbuf_chain                               0x08004bcd   Thumb Code    22  pbuf.o(.text)
    pbuf_dechain                             0x08004be3   Thumb Code    48  pbuf.o(.text)
    pbuf_copy                                0x08004c13   Thumb Code   114  pbuf.o(.text)
    pbuf_copy_partial                        0x08004c85   Thumb Code   116  pbuf.o(.text)
    pbuf_take                                0x08004cf9   Thumb Code    86  pbuf.o(.text)
    pbuf_coalesce                            0x08004d4f   Thumb Code    56  pbuf.o(.text)
    raw_input                                0x08004d89   Thumb Code   100  raw.o(.text)
    raw_bind                                 0x08004ded   Thumb Code    16  raw.o(.text)
    raw_connect                              0x08004dfd   Thumb Code    16  raw.o(.text)
    raw_recv                                 0x08004e0d   Thumb Code     6  raw.o(.text)
    raw_sendto                               0x08004e13   Thumb Code   150  raw.o(.text)
    raw_send                                 0x08004ea9   Thumb Code    18  raw.o(.text)
    raw_remove                               0x08004ebb   Thumb Code    60  raw.o(.text)
    raw_new                                  0x08004ef7   Thumb Code    42  raw.o(.text)
    sys_mbox_fetch                           0x08004f25   Thumb Code   124  sys.o(.text)
    sys_sem_wait                             0x08004fa1   Thumb Code   116  sys.o(.text)
    sys_timeout                              0x08005015   Thumb Code   144  sys.o(.text)
    sys_untimeout                            0x080050a5   Thumb Code    94  sys.o(.text)
    sys_sem_wait_timeout                     0x08005117   Thumb Code    58  sys.o(.text)
    sys_msleep                               0x08005151   Thumb Code    28  sys.o(.text)
    tcp_seg_free                             0x08005171   Thumb Code    32  tcp.o(.text)
    tcp_segs_free                            0x08005191   Thumb Code    30  tcp.o(.text)
    tcp_pcb_purge                            0x080051af   Thumb Code    76  tcp.o(.text)
    tcp_slowtmr                              0x080051fb   Thumb Code   714  tcp.o(.text)
    tcp_pcb_remove                           0x080054c5   Thumb Code   128  tcp.o(.text)
    tcp_close                                0x08005545   Thumb Code   274  tcp.o(.text)
    tcp_update_rcv_ann_wnd                   0x08005657   Thumb Code    70  tcp.o(.text)
    tcp_recved                               0x0800569d   Thumb Code    62  tcp.o(.text)
    tcp_recv_null                            0x080056db   Thumb Code    46  tcp.o(.text)
    tcp_fasttmr                              0x08005709   Thumb Code   122  tcp.o(.text)
    tcp_tmr                                  0x08005783   Thumb Code    30  tcp.o(.text)
    tcp_abandon                              0x080057a1   Thumb Code   158  tcp.o(.text)
    tcp_bind                                 0x080058a7   Thumb Code   218  tcp.o(.text)
    tcp_listen_with_backlog                  0x08005989   Thumb Code   184  tcp.o(.text)
    tcp_eff_send_mss                         0x08005a41   Thumb Code    46  tcp.o(.text)
    tcp_next_iss                             0x08005a6f   Thumb Code    20  tcp.o(.text)
    tcp_connect                              0x08005a83   Thumb Code   294  tcp.o(.text)
    tcp_setprio                              0x08005ba9   Thumb Code     4  tcp.o(.text)
    tcp_seg_copy                             0x08005bad   Thumb Code    38  tcp.o(.text)
    tcp_alloc                                0x08005c55   Thumb Code   202  tcp.o(.text)
    tcp_new                                  0x08005d1f   Thumb Code    10  tcp.o(.text)
    tcp_arg                                  0x08005d29   Thumb Code     4  tcp.o(.text)
    tcp_recv                                 0x08005d2d   Thumb Code     6  tcp.o(.text)
    tcp_sent                                 0x08005d33   Thumb Code     6  tcp.o(.text)
    tcp_err                                  0x08005d39   Thumb Code     6  tcp.o(.text)
    tcp_accept                               0x08005d3f   Thumb Code     4  tcp.o(.text)
    tcp_poll                                 0x08005d43   Thumb Code    10  tcp.o(.text)
    tcp_debug_state_str                      0x08005d4d   Thumb Code    10  tcp.o(.text)
    tcp_input                                0x08006f67   Thumb Code  1324  tcp_in.o(.text)
    tcp_enqueue                              0x0800754f   Thumb Code   986  tcp_out.o(.text)
    tcp_send_ctrl                            0x08007929   Thumb Code    28  tcp_out.o(.text)
    tcp_write                                0x08007945   Thumb Code    72  tcp_out.o(.text)
    tcp_send_empty_ack                       0x0800798d   Thumb Code   118  tcp_out.o(.text)
    tcp_output                               0x08007ae9   Thumb Code   462  tcp_out.o(.text)
    tcp_rst                                  0x08007cb7   Thumb Code   198  tcp_out.o(.text)
    tcp_rexmit_rto                           0x08007d7d   Thumb Code    58  tcp_out.o(.text)
    tcp_rexmit                               0x08007db7   Thumb Code    80  tcp_out.o(.text)
    tcp_rexmit_fast                          0x08007e07   Thumb Code   132  tcp_out.o(.text)
    tcp_keepalive                            0x08007e8b   Thumb Code   110  tcp_out.o(.text)
    tcp_zero_window_probe                    0x08007ef9   Thumb Code   196  tcp_out.o(.text)
    udp_input                                0x08007fc1   Thumb Code   562  udp.o(.text)
    udp_bind                                 0x080081f3   Thumb Code   102  udp.o(.text)
    udp_sendto_if                            0x08008259   Thumb Code   248  udp.o(.text)
    udp_sendto                               0x08008351   Thumb Code    62  udp.o(.text)
    udp_send                                 0x0800838f   Thumb Code    20  udp.o(.text)
    udp_connect                              0x080083a3   Thumb Code   104  udp.o(.text)
    udp_disconnect                           0x0800840b   Thumb Code    28  udp.o(.text)
    udp_recv                                 0x08008427   Thumb Code     6  udp.o(.text)
    udp_remove                               0x0800842d   Thumb Code    60  udp.o(.text)
    udp_new                                  0x08008469   Thumb Code    28  udp.o(.text)
    icmp_input                               0x0800848d   Thumb Code   524  icmp.o(.text)
    icmp_dest_unreach                        0x0800870f   Thumb Code    18  icmp.o(.text)
    icmp_time_exceeded                       0x08008721   Thumb Code    18  icmp.o(.text)
    htonl                                    0x08008739   Thumb Code    26  inet.o(.text)
    inet_aton                                0x08008753   Thumb Code   336  inet.o(.text)
    inet_addr                                0x080088a3   Thumb Code    24  inet.o(.text)
    inet_ntoa                                0x080088bb   Thumb Code   112  inet.o(.text)
    htons                                    0x0800892b   Thumb Code    12  inet.o(.text)
    ntohs                                    0x08008937   Thumb Code    12  inet.o(.text)
    ntohl                                    0x08008943   Thumb Code    12  inet.o(.text)
    inet_chksum_pseudo                       0x0800899f   Thumb Code   162  inet_chksum.o(.text)
    inet_chksum                              0x08008a41   Thumb Code    20  inet_chksum.o(.text)
    inet_chksum_pbuf                         0x08008a55   Thumb Code    86  inet_chksum.o(.text)
    ip_route                                 0x08008aad   Thumb Code    86  ip.o(.text)
    ip_input                                 0x08008bc9   Thumb Code   596  ip.o(.text)
    ip_output_if                             0x08008e1d   Thumb Code   306  ip.o(.text)
    ip_output                                0x08008f4f   Thumb Code    70  ip.o(.text)
    ip_addr_isbroadcast                      0x08008f9d   Thumb Code    78  ip_addr.o(.text)
    ip_reass_tmr                             0x08009081   Thumb Code    48  ip_frag.o(.text)
    ip_reass                                 0x080092c7   Thumb Code   482  ip_frag.o(.text)
    ip_frag                                  0x080094a9   Thumb Code   336  ip_frag.o(.text)
    vlwIPInit                                0x08009605   Thumb Code    24  lwipentry.o(.text)
    LwIPEntry                                0x0800961d   Thumb Code   106  lwipentry.o(.text)
    netconn_new_with_proto_and_callback      0x0800968d   Thumb Code    72  api_lib.o(.text)
    netconn_delete                           0x080096d5   Thumb Code    40  api_lib.o(.text)
    netconn_getaddr                          0x080096fd   Thumb Code    40  api_lib.o(.text)
    netconn_bind                             0x08009725   Thumb Code    36  api_lib.o(.text)
    netconn_connect                          0x08009749   Thumb Code    36  api_lib.o(.text)
    netconn_disconnect                       0x0800976d   Thumb Code    26  api_lib.o(.text)
    netconn_listen_with_backlog              0x08009787   Thumb Code    28  api_lib.o(.text)
    netconn_accept                           0x080097a3   Thumb Code    32  api_lib.o(.text)
    netconn_recv                             0x080097c3   Thumb Code   284  api_lib.o(.text)
    netconn_send                             0x080098df   Thumb Code    30  api_lib.o(.text)
    netconn_sendto                           0x080098fd   Thumb Code    36  api_lib.o(.text)
    netconn_write                            0x08009921   Thumb Code    40  api_lib.o(.text)
    netconn_close                            0x08009949   Thumb Code    26  api_lib.o(.text)
    netconn_gethostbyname                    0x08009963   Thumb Code    64  api_lib.o(.text)
    netconn_free                             0x08009dff   Thumb Code   114  api_msg.o(.text)
    netconn_alloc                            0x08009e71   Thumb Code   106  api_msg.o(.text)
    do_newconn                               0x08009fd7   Thumb Code    26  api_msg.o(.text)
    do_delconn                               0x08009ff1   Thumb Code   126  api_msg.o(.text)
    do_bind                                  0x0800a06f   Thumb Code   114  api_msg.o(.text)
    do_connect                               0x0800a115   Thumb Code   156  api_msg.o(.text)
    do_disconnect                            0x0800a1b1   Thumb Code    34  api_msg.o(.text)
    do_listen                                0x0800a1d3   Thumb Code   160  api_msg.o(.text)
    do_send                                  0x0800a273   Thumb Code   144  api_msg.o(.text)
    do_recv                                  0x0800a303   Thumb Code    50  api_msg.o(.text)
    do_write                                 0x0800a335   Thumb Code    72  api_msg.o(.text)
    do_getaddr                               0x0800a37d   Thumb Code   172  api_msg.o(.text)
    do_close                                 0x0800a429   Thumb Code    48  api_msg.o(.text)
    do_gethostbyname                         0x0800a485   Thumb Code    40  api_msg.o(.text)
    netbuf_new                               0x0800a4b9   Thumb Code    30  netbuf.o(.text)
    netbuf_delete                            0x0800a4d7   Thumb Code    32  netbuf.o(.text)
    netbuf_alloc                             0x0800a4f7   Thumb Code    46  netbuf.o(.text)
    netbuf_free                              0x0800a525   Thumb Code    22  netbuf.o(.text)
    netbuf_ref                               0x0800a53b   Thumb Code    62  netbuf.o(.text)
    netbuf_chain                             0x0800a579   Thumb Code    28  netbuf.o(.text)
    netbuf_data                              0x0800a595   Thumb Code    28  netbuf.o(.text)
    netbuf_next                              0x0800a5b1   Thumb Code    34  netbuf.o(.text)
    netbuf_first                             0x0800a5d3   Thumb Code     6  netbuf.o(.text)
    lwip_socket_init                         0x0800a5d9   Thumb Code    24  sockets.o(.text)
    lwip_accept                              0x0800a7c7   Thumb Code   330  sockets.o(.text)
    lwip_bind                                0x0800a911   Thumb Code    98  sockets.o(.text)
    lwip_close                               0x0800a973   Thumb Code    70  sockets.o(.text)
    lwip_connect                             0x0800a9b9   Thumb Code   140  sockets.o(.text)
    lwip_listen                              0x0800aa45   Thumb Code    92  sockets.o(.text)
    lwip_recvfrom                            0x0800aaa1   Thumb Code   468  sockets.o(.text)
    lwip_read                                0x0800ac75   Thumb Code    28  sockets.o(.text)
    lwip_recv                                0x0800ac91   Thumb Code    34  sockets.o(.text)
    lwip_sendto                              0x0800acb3   Thumb Code   168  sockets.o(.text)
    lwip_send                                0x0800ad5b   Thumb Code   122  sockets.o(.text)
    lwip_socket                              0x0800add5   Thumb Code   130  sockets.o(.text)
    lwip_write                               0x0800ae57   Thumb Code    22  sockets.o(.text)
    lwip_select                              0x0800af47   Thumb Code   414  sockets.o(.text)
    lwip_shutdown                            0x0800b0e5   Thumb Code    14  sockets.o(.text)
    lwip_getpeername                         0x0800b169   Thumb Code    22  sockets.o(.text)
    lwip_getsockname                         0x0800b17f   Thumb Code    22  sockets.o(.text)
    lwip_getsockopt                          0x0800b2d1   Thumb Code   324  sockets.o(.text)
    lwip_setsockopt                          0x0800b51d   Thumb Code   304  sockets.o(.text)
    lwip_ioctl                               0x0800b64d   Thumb Code   180  sockets.o(.text)
    tcp_timer_needed                         0x0800b72d   Thumb Code    38  tcpip.o(.text)
    tcpip_input                              0x0800b867   Thumb Code    72  tcpip.o(.text)
    tcpip_callback_with_block                0x0800b8af   Thumb Code    92  tcpip.o(.text)
    tcpip_timeout                            0x0800b90b   Thumb Code    64  tcpip.o(.text)
    tcpip_untimeout                          0x0800b94b   Thumb Code    56  tcpip.o(.text)
    tcpip_apimsg                             0x0800b983   Thumb Code    52  tcpip.o(.text)
    tcpip_init                               0x0800b9b7   Thumb Code    48  tcpip.o(.text)
    pbuf_free_callback                       0x0800b9f5   Thumb Code    16  tcpip.o(.text)
    mem_free_callback                        0x0800ba05   Thumb Code    16  tcpip.o(.text)
    __aeabi_memcpy                           0x0800ba59   Thumb Code    36  memcpya.o(.text)
    __aeabi_memcpy4                          0x0800ba59   Thumb Code     0  memcpya.o(.text)
    __aeabi_memcpy8                          0x0800ba59   Thumb Code     0  memcpya.o(.text)
    __aeabi_memset                           0x0800ba7d   Thumb Code    14  memseta.o(.text)
    __aeabi_memset4                          0x0800ba7d   Thumb Code     0  memseta.o(.text)
    __aeabi_memset8                          0x0800ba7d   Thumb Code     0  memseta.o(.text)
    __aeabi_memclr                           0x0800ba8b   Thumb Code     4  memseta.o(.text)
    __aeabi_memclr4                          0x0800ba8b   Thumb Code     0  memseta.o(.text)
    __aeabi_memclr8                          0x0800ba8b   Thumb Code     0  memseta.o(.text)
    _memset$wrapper                          0x0800ba8f   Thumb Code    18  memseta.o(.text)
    strlen                                   0x0800baa1   Thumb Code    14  strlen.o(.text)
    strcmp                                   0x0800baaf   Thumb Code    28  strcmp.o(.text)
    strcpy                                   0x0800bacb   Thumb Code    18  strcpy.o(.text)
    __scatterload                            0x0800badd   Thumb Code    28  init.o(.text)
    __scatterload_rt2                        0x0800badd   Thumb Code     0  init.o(.text)
    __decompress                             0x0800bb01   Thumb Code     0  __dczerorl2.o(.text)
    __decompress1                            0x0800bb01   Thumb Code    86  __dczerorl2.o(.text)
    __scatterload_copy                       0x0800bb57   Thumb Code    14  handlers.o(i.__scatterload_copy)
    __scatterload_null                       0x0800bb65   Thumb Code     2  handlers.o(i.__scatterload_null)
    __scatterload_zeroinit                   0x0800bb67   Thumb Code    14  handlers.o(i.__scatterload_zeroinit)
    ethbroadcast                             0x0800bb74   Data           6  etharp.o(.constdata)
    ethzero                                  0x0800bb7a   Data           6  etharp.o(.constdata)
    tcp_backoff                              0x0800bbb8   Data          13  tcp.o(.constdata)
    tcp_persist_backoff                      0x0800bbc5   Data           7  tcp.o(.constdata)
    ip_addr_any                              0x0800bbcc   Data           4  ip_addr.o(.constdata)
    ip_addr_broadcast                        0x0800bbd0   Data           4  ip_addr.o(.constdata)
    Region$$Table$$Base                      0x0800bcf4   Number         0  anon$$obj.o(Region$$Table)
    Region$$Table$$Limit                     0x0800bd14   Number         0  anon$$obj.o(Region$$Table)
    TCPTimer                                 0x20000000   Data           4  netconfig.o(.data)
    DNSTimer                                 0x20000004   Data           4  netconfig.o(.data)
    ARPTimer                                 0x20000008   Data           4  netconfig.o(.data)
    DHCPfineTimer                            0x2000000c   Data           4  netconfig.o(.data)
    DHCPcoarseTimer                          0x20000010   Data           4  netconfig.o(.data)
    m_mac                                    0x20000014   Data           6  netconfig.o(.data)
    serverIP                                 0x2000001a   Data           4  netconfig.o(.data)
    maskIP                                   0x2000001e   Data           4  netconfig.o(.data)
    gateIP                                   0x20000022   Data           4  netconfig.o(.data)
    serverPORT                               0x20000026   Data           2  netconfig.o(.data)
    global_udppcb                            0x20000028   Data           4  netconfig.o(.data)
    sys_ticks                                0x2000002c   Data           4  clock-arch.o(.data)
    pxCurrentTCB                             0x20000044   Data           4  tasks.o(.data)
    netif_list                               0x200000c0   Data           4  netif.o(.data)
    netif_default                            0x200000c4   Data           4  netif.o(.data)
    tcp_state_str                            0x200000d0   Data          44  tcp.o(.data)
    tcp_ticks                                0x200000fc   Data           4  tcp.o(.data)
    tcp_bound_pcbs                           0x20000100   Data           4  tcp.o(.data)
    tcp_listen_pcbs                          0x20000104   Data           4  tcp.o(.data)
    tcp_active_pcbs                          0x20000108   Data           4  tcp.o(.data)
    tcp_tw_pcbs                              0x2000010c   Data           4  tcp.o(.data)
    tcp_tmp_pcb                              0x20000110   Data           4  tcp.o(.data)
    tcp_input_pcb                            0x20000138   Data           4  tcp_in.o(.data)
    udp_pcbs                                 0x2000013c   Data           4  udp.o(.data)
    current_netif                            0x20000140   Data           4  ip.o(.data)
    current_header                           0x20000144   Data           4  ip.o(.data)
    DM9000AEP                                0x20000170   Data          48  netconfig.o(.bss)
    udpstr                                   0x200001a0   Data          50  netconfig.o(.bss)
    Rx_Data_Buf                              0x2000469c   Data        1516  ethernetif.o(.bss)
    Tx_Data_Buf                              0x20004c88   Data        1516  ethernetif.o(.bss)
    lwip_stats                               0x200091dc   Data         330  stats.o(.bss)
    __initial_sp                             0x20009f70   Data           0  cstartup.o(STACK)



==============================================================================

Memory Map of the image

  Image Entry point : 0x080000ed

  Load Region LR_IROM1 (Base: 0x08000000, Size: 0x0000be84, Max: 0x00040000, ABSOLUTE, COMPRESSED[0x0000bd5c])

    Execution Region ER_IROM1 (Base: 0x08000000, Size: 0x0000bd14, Max: 0x00040000, ABSOLUTE)

    Base Addr    Size         Type   Attr      Idx    E Section Name        Object

    0x08000000   0x000000ec   Data   RO          370    RESET               cstartup.o
    0x080000ec   0x00000000   Code   RO         1545  * .ARM.Collect$$$$00000000  mc_w.l(entry.o)
    0x080000ec   0x00000004   Code   RO         1562    .ARM.Collect$$$$00000001  mc_w.l(entry2.o)
    0x080000f0   0x00000004   Code   RO         1565    .ARM.Collect$$$$00000004  mc_w.l(entry5.o)
    0x080000f4   0x00000000   Code   RO         1567    .ARM.Collect$$$$00000008  mc_w.l(entry7b.o)
    0x080000f4   0x00000000   Code   RO         1569    .ARM.Collect$$$$0000000A  mc_w.l(entry8b.o)
    0x080000f4   0x00000008   Code   RO         1570    .ARM.Collect$$$$0000000B  mc_w.l(entry9a.o)
    0x080000fc   0x00000000   Code   RO         1572    .ARM.Collect$$$$0000000D  mc_w.l(entry10a.o)
    0x080000fc   0x00000000   Code   RO         1574    .ARM.Collect$$$$0000000F  mc_w.l(entry11a.o)
    0x080000fc   0x00000004   Code   RO         1563    .ARM.Collect$$$$00002712  mc_w.l(entry2.o)
    0x08000100   0x00000096   Code   RO          575    .emb_text           port.o
    0x08000196   0x00000002   PAD
    0x08000198   0x00000054   Code   RO            3    .text               main.o
    0x080001ec   0x00000098   Code   RO          181    .text               app_led.o
    0x08000284   0x000001f4   Code   RO          207    .text               netconfig.o
    0x08000478   0x000000d0   Code   RO          326    .text               bsp.o
    0x08000548   0x000004a8   Code   RO          346    .text               dm9000x.o
    0x080009f0   0x0000001c   Code   RO          371    .text               cstartup.o
    0x08000a0c   0x0000035c   Code   RO          377    .text               stm32f10x_gpio.o
    0x08000d68   0x000003a4   Code   RO          397    .text               stm32f10x_rcc.o
    0x0800110c   0x000000dc   Code   RO          445    .text               misc.o
    0x080011e8   0x00000094   Code   RO          511    .text               list.o
    0x0800127c   0x000006d4   Code   RO          523    .text               queue.o
    0x08001950   0x000011dc   Code   RO          538    .text               tasks.o
    0x08002b2c   0x000000e4   Code   RO          576    .text               port.o
    0x08002c10   0x00000124   Code   RO          605    .text               heap_2.o
    0x08002d34   0x00000138   Code   RO          622    .text               ethernetif.o
    0x08002e6c   0x000002ec   Code   RO          658    .text               sys_arch.o
    0x08003158   0x00000994   Code   RO          704    .text               etharp.o
    0x08003aec   0x000005a4   Code   RO          790    .text               dns.o
    0x08004090   0x00000018   Code   RO          808    .text               init.o
    0x080040a8   0x00000426   Code   RO          842    .text               mem.o
    0x080044ce   0x00000002   PAD
    0x080044d0   0x0000017c   Code   RO          860    .text               memp.o
    0x0800464c   0x00000204   Code   RO          893    .text               netif.o
    0x08004850   0x00000536   Code   RO          915    .text               pbuf.o
    0x08004d86   0x00000002   PAD
    0x08004d88   0x0000019c   Code   RO          941    .text               raw.o
    0x08004f24   0x0000024c   Code   RO          967    .text               sys.o
    0x08005170   0x00000c08   Code   RO          988    .text               tcp.o
    0x08005d78   0x0000174c   Code   RO         1009    .text               tcp_in.o
    0x080074c4   0x00000afc   Code   RO         1032    .text               tcp_out.o
    0x08007fc0   0x000004cc   Code   RO         1044    .text               udp.o
    0x0800848c   0x000002ac   Code   RO         1062    .text               icmp.o
    0x08008738   0x0000021c   Code   RO         1080    .text               inet.o
    0x08008954   0x00000156   Code   RO         1093    .text               inet_chksum.o
    0x08008aaa   0x00000002   PAD
    0x08008aac   0x000004f0   Code   RO         1109    .text               ip.o
    0x08008f9c   0x0000004e   Code   RO         1130    .text               ip_addr.o
    0x08008fea   0x00000002   PAD
    0x08008fec   0x00000618   Code   RO         1152    .text               ip_frag.o
    0x08009604   0x00000088   Code   RO         1169    .text               lwipentry.o
    0x0800968c   0x00000348   Code   RO         1266    .text               api_lib.o
    0x080099d4   0x00000ae4   Code   RO         1313    .text               api_msg.o
    0x0800a4b8   0x00000120   Code   RO         1374    .text               netbuf.o
    0x0800a5d8   0x0000112c   Code   RO         1431    .text               sockets.o
    0x0800b704   0x00000354   Code   RO         1488    .text               tcpip.o
    0x0800ba58   0x00000024   Code   RO         1548    .text               mc_w.l(memcpya.o)
    0x0800ba7c   0x00000024   Code   RO         1550    .text               mc_w.l(memseta.o)
    0x0800baa0   0x0000000e   Code   RO         1552    .text               mc_w.l(strlen.o)
    0x0800baae   0x0000001c   Code   RO         1554    .text               mc_w.l(strcmp.o)
    0x0800baca   0x00000012   Code   RO         1556    .text               mc_w.l(strcpy.o)
    0x0800badc   0x00000024   Code   RO         1585    .text               mc_w.l(init.o)
    0x0800bb00   0x00000056   Code   RO         1627    .text               mc_w.l(__dczerorl2.o)
    0x0800bb56   0x0000000e   Code   RO         1621    i.__scatterload_copy  mc_w.l(handlers.o)
    0x0800bb64   0x00000002   Code   RO         1622    i.__scatterload_null  mc_w.l(handlers.o)
    0x0800bb66   0x0000000e   Code   RO         1623    i.__scatterload_zeroinit  mc_w.l(handlers.o)
    0x0800bb74   0x0000000c   Data   RO          706    .constdata          etharp.o
    0x0800bb80   0x00000038   Data   RO          862    .constdata          memp.o
    0x0800bbb8   0x00000014   Data   RO          989    .constdata          tcp.o
    0x0800bbcc   0x00000008   Data   RO         1131    .constdata          ip_addr.o
    0x0800bbd4   0x0000003c   Data   RO         1433    .constdata          sockets.o
    0x0800bc10   0x00000075   Data   RO          990    .conststring        tcp.o
    0x0800bc85   0x00000003   PAD
    0x0800bc88   0x0000006a   Data   RO         1170    .conststring        lwipentry.o
    0x0800bcf2   0x00000002   PAD
    0x0800bcf4   0x00000020   Data   RO         1619    Region$$Table       anon$$obj.o


    Execution Region RW_IRAM1 (Base: 0x20000000, Size: 0x00009f70, Max: 0x0000c000, ABSOLUTE, COMPRESSED[0x00000048])

    Base Addr    Size         Type   Attr      Idx    E Section Name        Object

    0x20000000   0x0000002c   Data   RW          209    .data               netconfig.o
    0x2000002c   0x00000004   Data   RW          294    .data               clock-arch.o
    0x20000030   0x00000014   Data   RW          398    .data               stm32f10x_rcc.o
    0x20000044   0x0000003c   Data   RW          540    .data               tasks.o
    0x20000080   0x00000004   Data   RW          577    .data               port.o
    0x20000084   0x00000018   Data   RW          607    .data               heap_2.o
    0x2000009c   0x00000002   Data   RW          660    .data               sys_arch.o
    0x2000009e   0x00000001   Data   RW          707    .data               etharp.o
    0x2000009f   0x00000001   PAD
    0x200000a0   0x0000000d   Data   RW          792    .data               dns.o
    0x200000ad   0x00000003   PAD
    0x200000b0   0x00000010   Data   RW          844    .data               mem.o
    0x200000c0   0x00000009   Data   RW          894    .data               netif.o
    0x200000c9   0x00000001   Data   RW          916    .data               pbuf.o
    0x200000ca   0x00000002   PAD
    0x200000cc   0x00000004   Data   RW          942    .data               raw.o
    0x200000d0   0x0000004c   Data   RW          991    .data               tcp.o
    0x2000011c   0x00000020   Data   RW         1011    .data               tcp_in.o
    0x2000013c   0x00000004   Data   RW         1045    .data               udp.o
    0x20000140   0x0000000a   Data   RW         1110    .data               ip.o
    0x2000014a   0x00000002   PAD
    0x2000014c   0x00000006   Data   RW         1154    .data               ip_frag.o
    0x20000152   0x00000002   PAD
    0x20000154   0x0000000c   Data   RW         1434    .data               sockets.o
    0x20000160   0x00000010   Data   RW         1489    .data               tcpip.o
    0x20000170   0x00000062   Zero   RW          208    .bss                netconfig.o
    0x200001d2   0x00000002   PAD
    0x200001d4   0x000000c8   Zero   RW          539    .bss                tasks.o
    0x2000029c   0x00004400   Zero   RW          606    .bss                heap_2.o
    0x2000469c   0x00000bd8   Zero   RW          623    .bss                ethernetif.o
    0x20005274   0x00000028   Zero   RW          659    .bss                sys_arch.o
    0x2000529c   0x000000c8   Zero   RW          705    .bss                etharp.o
    0x20005364   0x00000660   Zero   RW          791    .bss                dns.o
    0x200059c4   0x000007e4   Zero   RW          843    .bss                mem.o
    0x200061a8   0x00003033   Zero   RW          861    .bss                memp.o
    0x200091db   0x00000001   PAD
    0x200091dc   0x0000014a   Zero   RW          955    .bss                stats.o
    0x20009326   0x00000002   PAD
    0x20009328   0x00000014   Zero   RW         1010    .bss                tcp_in.o
    0x2000933c   0x00000010   Zero   RW         1081    .bss                inet.o
    0x2000934c   0x000007d4   Zero   RW         1153    .bss                ip_frag.o
    0x20009b20   0x00000050   Zero   RW         1432    .bss                sockets.o
    0x20009b70   0x00000400   Zero   RW          368    STACK               cstartup.o


==============================================================================

Image component sizes


      Code (inc. data)   RO Data    RW Data    ZI Data      Debug   Object Name

       840         50          0          0          0      19572   api_lib.o
      2788         38          0          0          0      26003   api_msg.o
       152          6          0          0          0       1335   app_led.o
       208         10          0          0          0        676   bsp.o
         0          0          0          4          0       2580   clock-arch.o
        28          4        236          0       1024        784   cstartup.o
      1192         38          0          0          0       4538   dm9000x.o
      1444         58          0         13       1632       6133   dns.o
      2452         38         12          1        200      17585   etharp.o
       312         26          0          0       3032       3952   ethernetif.o
         0          0          0          0          0       9524   event_groups.o
       292         20          0         24      17408       3132   heap_2.o
       684          6          0          0          0       2526   icmp.o
       540         12          0          0         16       3132   inet.o
       342          0          0          0          0       5158   inet_chksum.o
        24          0          0          0          0       1140   init.o
      1264         28          0         10          0       6222   ip.o
        78          0          8          0          0       5413   ip_addr.o
      1560         24          0          6       2004       5788   ip_frag.o
       148          0          0          0          0       1806   list.o
       136          6        106          0          0      18997   lwipentry.o
        84         20          0          0          0     249906   main.o
      1062         24          0         16       2020       3818   mem.o
       380         20         56          0      12339       3014   memp.o
       220         22          0          0          0       1753   misc.o
       288          0          0          0          0       6413   netbuf.o
       500         60          0         44         98      16079   netconfig.o
       516         22          0          9          0       5236   netif.o
      1334         12          0          1          0       6092   pbuf.o
       378         28          0          4          0       6980   port.o
      1748         10          0          0          0      10853   queue.o
       412          4          0          4          0       3313   raw.o
      4396         60         60         12         80      37322   sockets.o
         0          0          0          0        330       3317   stats.o
       860         38          0          0          0       5593   stm32f10x_gpio.o
       932         36          0         20          0       8748   stm32f10x_rcc.o
       588          4          0          0          0       3232   sys.o
       748         12          0          2         40       8686   sys_arch.o
      4572        298          0         60        200      28756   tasks.o
      3080        120        137         76          0      18069   tcp.o
      5964        248          0         32         20      14168   tcp_in.o
      2812         26          0          0          0       6886   tcp_out.o
       852         74          0         16          0      20860   tcpip.o
      1228         16          0          4          0       6233   udp.o

    ----------------------------------------------------------------------
     47448       1518        652        368      40448     621323   Object Totals
         0          0         32          0          0          0   (incl. Generated)
        10          0          5         10          5          0   (incl. Padding)

    ----------------------------------------------------------------------

      Code (inc. data)   RO Data    RW Data    ZI Data      Debug   Library Member Name

        86          0          0          0          0          0   __dczerorl2.o
         0          0          0          0          0          0   entry.o
         0          0          0          0          0          0   entry10a.o
         0          0          0          0          0          0   entry11a.o
         8          4          0          0          0          0   entry2.o
         4          0          0          0          0          0   entry5.o
         0          0          0          0          0          0   entry7b.o
         0          0          0          0          0          0   entry8b.o
         8          4          0          0          0          0   entry9a.o
        30          0          0          0          0          0   handlers.o
        36          8          0          0          0         68   init.o
        36          0          0          0          0         68   memcpya.o
        36          0          0          0          0        108   memseta.o
        28          0          0          0          0         76   strcmp.o
        18          0          0          0          0         68   strcpy.o
        14          0          0          0          0         68   strlen.o

    ----------------------------------------------------------------------
       304         16          0          0          0        456   Library Totals
         0          0          0          0          0          0   (incl. Padding)

    ----------------------------------------------------------------------

      Code (inc. data)   RO Data    RW Data    ZI Data      Debug   Library Name

       304         16          0          0          0        456   mc_w.l

    ----------------------------------------------------------------------
       304         16          0          0          0        456   Library Totals

    ----------------------------------------------------------------------

==============================================================================


      Code (inc. data)   RO Data    RW Data    ZI Data      Debug   

     47752       1534        652        368      40448     618423   Grand Totals
     47752       1534        652         72      40448     618423   ELF Image Totals (compressed)
     47752       1534        652         72          0          0   ROM Totals

==============================================================================

    Total RO  Size (Code + RO Data)                48404 (  47.27kB)
    Total RW  Size (RW Data + ZI Data)             40816 (  39.86kB)
    Total ROM Size (Code + RO Data + RW Data)      48476 (  47.34kB)

==============================================================================

