Product: MDK-ARM Standard 5.10
Component: ARM Compiler 5.04 update 1 (build 49)
Tool: armlink [5040049]

==============================================================================

Section Cross References

    main.o(.text) refers to bsp.o(.text) for bsp_init
    main.o(.text) refers to lwipentry.o(.text) for vlwIPInit
    main.o(.text) refers to netconfig.o(.text) for LwIP_Init
    main.o(.text) refers to queue.o(.text) for xQueueCreateMutex
    main.o(.text) refers to app_serial.o(.text) for dbg_string
    main.o(.text) refers to sys_arch.o(.text) for sys_thread_new
    main.o(.text) refers to tasks.o(.text) for xTaskCreate
    main.o(.text) refers to main.o(.bss) for display_source
    main.o(.text) refers to app_display.o(.text) for app_dispaly_show_task
    main.o(.text) refers to app_led.o(.text) for app_led_task_blink
    app_led.o(.text) refers to stm32f10x_rcc.o(.text) for RCC_APB2PeriphClockCmd
    app_led.o(.text) refers to stm32f10x_gpio.o(.text) for GPIO_Init
    app_led.o(.text) refers to tasks.o(.text) for xTaskGetTickCount
    app_led.o(.text) refers to queue.o(.text) for xQueueGenericReceive
    app_led.o(.text) refers to memseta.o(.text) for __aeabi_memset
    app_led.o(.text) refers to app_serial.o(.text) for dbg_string
    app_led.o(.text) refers to app_led.o(.constdata) for .constdata
    netconfig.o(.text) refers to inet.o(.text) for htonl
    netconfig.o(.text) refers to netif.o(.text) for netif_add
    netconfig.o(.text) refers to netconfig.o(.data) for serverIP
    netconfig.o(.text) refers to netconfig.o(.bss) for DM9000AEP
    netconfig.o(.text) refers to tcpip.o(.text) for tcpip_input
    netconfig.o(.text) refers to ethernetif.o(.text) for ethernetif_init
    app_serial.o(.text) refers to queue.o(.text) for xQueueGenericSend
    app_serial.o(.text) refers to stm32f10x_usart.o(.text) for USART_ITConfig
    app_serial.o(.text) refers to tasks.o(.text) for vTaskDelay
    app_serial.o(.text) refers to printfa.o(i.__0vsprintf) for __c89vsprintf
    app_serial.o(.text) refers to stm32f10x_rcc.o(.text) for RCC_APB2PeriphClockCmd
    app_serial.o(.text) refers to stm32f10x_gpio.o(.text) for GPIO_Init
    app_serial.o(.text) refers to misc.o(.text) for NVIC_Init
    app_serial.o(.text) refers to app_serial.o(.data) for xCharsForTx
    app_display.o(.text) refers to app_display.o(i.bsp_74hc595_set_DATA) for bsp_74hc595_set_DATA
    app_display.o(.text) refers to app_display.o(i.bsp_74hc595_set_OFFSET) for bsp_74hc595_set_OFFSET
    app_display.o(.text) refers to app_display.o(i.bsp_74hc595_set_LOCK) for bsp_74hc595_set_LOCK
    app_display.o(.text) refers to app_display.o(i.bsp_74hc595_set_OE) for bsp_74hc595_set_OE
    app_display.o(.text) refers to queue.o(.text) for xQueueGenericReceive
    app_display.o(.text) refers to port.o(.text) for vPortEnterCritical
    app_display.o(.text) refers to tasks.o(.text) for vTaskDelay
    bsp.o(.text) refers to stm32f10x_rcc.o(.text) for RCC_APB2PeriphClockCmd
    bsp.o(.text) refers to stm32f10x_gpio.o(.text) for GPIO_Init
    bsp.o(.text) refers to misc.o(.text) for NVIC_SetVectorTable
    bsp.o(.text) refers to app_serial.o(.text) for serial_init
    bsp.o(.text) refers to i2c_bus.o(.text) for i2c_bus_init
    bsp.o(.text) refers to app_led.o(.text) for app_led_init
    dm9000x.o(.text) refers to stm32f10x_rcc.o(.text) for RCC_APB2PeriphClockCmd
    dm9000x.o(.text) refers to stm32f10x_gpio.o(.text) for GPIO_PinRemapConfig
    dm9000x.o(.text) refers to app_serial.o(.text) for dbg_string
    dm9000x.o(.text) refers to netconfig.o(.data) for m_mac
    i2c_bus.o(.text) refers to stm32f10x_rcc.o(.text) for RCC_APB2PeriphClockCmd
    i2c_bus.o(.text) refers to stm32f10x_gpio.o(.text) for GPIO_Init
    i2c_bus.o(.text) refers to i2c_bus.o(.bss) for i2c_bus
    cstartup.o(RESET) refers to cstartup.o(STACK) for __initial_sp
    cstartup.o(RESET) refers to cstartup.o(.text) for Reset_Handler
    cstartup.o(RESET) refers to port.o(.emb_text) for vPortSVCHandler
    cstartup.o(RESET) refers to port.o(.text) for xPortSysTickHandler
    cstartup.o(RESET) refers to app_serial.o(.text) for USART1_IRQHandler
    cstartup.o(.text) refers to entry.o(.ARM.Collect$$$$00000000) for __main
    stm32f10x_gpio.o(.text) refers to stm32f10x_rcc.o(.text) for RCC_APB2PeriphResetCmd
    stm32f10x_rcc.o(.text) refers to stm32f10x_rcc.o(.data) for APBAHBPrescTable
    system_stm32f10x.o(.text) refers to system_stm32f10x.o(.data) for SystemCoreClock
    stm32f10x_usart.o(.text) refers to stm32f10x_rcc.o(.text) for RCC_APB2PeriphResetCmd
    event_groups.o(.text) refers to heap_2.o(.text) for pvPortMalloc
    event_groups.o(.text) refers to list.o(.text) for vListInitialise
    event_groups.o(.text) refers to tasks.o(.text) for vTaskSuspendAll
    event_groups.o(.text) refers to port.o(.text) for vPortEnterCritical
    queue.o(.text) refers to port.o(.text) for vPortEnterCritical
    queue.o(.text) refers to tasks.o(.text) for xTaskRemoveFromEventList
[...]
    .text                                    0x08001de4   Section        0  list.o(.text)
    .text                                    0x08001e78   Section        0  queue.o(.text)
    prvInitialiseNewQueue                    0x08001ef3   Thumb Code    42  queue.o(.text)
    prvUnlockQueue                           0x08001f55   Thumb Code   126  queue.o(.text)
    prvIsQueueFull                           0x08001fd3   Thumb Code    30  queue.o(.text)
    prvCopyDataToQueue                       0x08001ff1   Thumb Code   124  queue.o(.text)
    prvInitialiseMutex                       0x08002181   Thumb Code    28  queue.o(.text)
    prvIsQueueEmpty                          0x080022c1   Thumb Code    26  queue.o(.text)
    prvCopyDataFromQueue                     0x080022db   Thumb Code    42  queue.o(.text)
    .text                                    0x0800259c   Section        0  tasks.o(.text)
    prvInitialiseTaskLists                   0x0800259d   Thumb Code    70  tasks.o(.text)
    prvAddNewTaskToReadyList                 0x080025e3   Thumb Code   156  tasks.o(.text)
    prvInitialiseNewTask                     0x0800267f   Thumb Code   154  tasks.o(.text)
    prvResetNextTaskUnblockTime              0x08002775   Thumb Code    42  tasks.o(.text)
    prvDeleteTCB                             0x0800279f   Thumb Code    18  tasks.o(.text)
    prvAddCurrentTaskToDelayedList           0x08002a6b   Thumb Code   124  tasks.o(.text)
    prvTaskIsTaskSuspended                   0x08002e3f   Thumb Code    56  tasks.o(.text)
    prvCheckTasksWaitingTermination          0x08002f61   Thumb Code    86  tasks.o(.text)
    prvIdleTask                              0x08002fb7   Thumb Code    32  tasks.o(.text)
    prvTaskCheckFreeStackSpace               0x08003069   Thumb Code    22  tasks.o(.text)
    prvListTasksWithinSingleList             0x080030f1   Thumb Code   106  tasks.o(.text)
    .text                                    0x080038c4   Section        0  port.o(.text)
    prvTaskExitError                         0x080038c5   Thumb Code    22  port.o(.text)
    .text                                    0x080039a8   Section        0  heap_2.o(.text)
    prvHeapInit                              0x080039a9   Thumb Code    42  heap_2.o(.text)
    .text                                    0x08003acc   Section        0  ethernetif.o(.text)
    low_level_input                          0x08003acd   Thumb Code    86  ethernetif.o(.text)
    low_level_init                           0x08003b4d   Thumb Code    50  ethernetif.o(.text)
    low_level_output                         0x08003b7f   Thumb Code    50  ethernetif.o(.text)
    .text                                    0x08003c04   Section        0  sys_arch.o(.text)
    .text                                    0x08003ef0   Section        0  etharp.o(.text)
    free_etharp_q                            0x08003ef1   Thumb Code    30  etharp.o(.text)
    find_entry                               0x08003fa9   Thumb Code   488  etharp.o(.text)
    etharp_send_ip                           0x08004191   Thumb Code    62  etharp.o(.text)
    update_arp_entry                         0x080041cf   Thumb Code   228  etharp.o(.text)
    etharp_raw                               0x080044ab   Thumb Code   196  etharp.o(.text)
    .text                                    0x08004884   Section        0  dns.o(.text)
    dns_parse_name                           0x080048a1   Thumb Code    42  dns.o(.text)
    dns_compare_name                         0x080048cb   Thumb Code    60  dns.o(.text)
    dns_recv                                 0x08004907   Thumb Code   354  dns.o(.text)
    dns_send                                 0x08004ac5   Thumb Code   216  dns.o(.text)
    dns_check_entry                          0x08004b9d   Thumb Code   248  dns.o(.text)
    dns_check_entries                        0x08004c95   Thumb Code    22  dns.o(.text)
    dns_lookup                               0x08004cb9   Thumb Code    86  dns.o(.text)
    dns_enqueue                              0x08004d0f   Thumb Code   184  dns.o(.text)
    .text                                    0x08004e28   Section        0  mem.o(.text)
    plug_holes                               0x08004e29   Thumb Code   108  mem.o(.text)
    .text                                    0x08005250   Section        0  memp.o(.text)
    .text                                    0x080053cc   Section        0  netif.o(.text)
    .text                                    0x080055d0   Section        0  pbuf.o(.text)
    pbuf_free_ooseq                          0x080055d1   Thumb Code    54  pbuf.o(.text)
    pbuf_pool_is_empty                       0x08005607   Thumb Code    58  pbuf.o(.text)
    .text                                    0x08005b08   Section        0  raw.o(.text)
    .text                                    0x08005ca4   Section        0  sys.o(.text)
    sswt_handler                             0x08005e83   Thumb Code    20  sys.o(.text)
    .text                                    0x08005ef0   Section        0  tcp.o(.text)
    tcp_new_port                             0x080065bf   Thumb Code   104  tcp.o(.text)
    tcp_accept_null                          0x08006701   Thumb Code     8  tcp.o(.text)
    tcp_kill_prio                            0x08006953   Thumb Code    78  tcp.o(.text)
    tcp_kill_timewait                        0x080069a1   Thumb Code    52  tcp.o(.text)
    .text                                    0x08006af8   Section        0  tcp_in.o(.text)
    tcp_oos_insert_segment                   0x08006af9   Thumb Code   174  tcp_in.o(.text)
    tcp_receive                              0x08006ba7   Thumb Code  2366  tcp_in.o(.text)
    tcp_parseopt                             0x080074e5   Thumb Code   176  tcp_in.o(.text)
    tcp_process                              0x08007595   Thumb Code  1382  tcp_in.o(.text)
    tcp_listen_input                         0x08007afb   Thumb Code   342  tcp_in.o(.text)
    tcp_timewait_input                       0x08007c51   Thumb Code   150  tcp_in.o(.text)
    .text                                    0x08008244   Section        0  tcp_out.o(.text)
    tcp_output_set_header                    0x08008245   Thumb Code   138  tcp_out.o(.text)
    tcp_output_segment                       0x08008783   Thumb Code   230  tcp_out.o(.text)
    .text                                    0x08008d40   Section        0  udp.o(.text)
    .text                                    0x0800920c   Section        0  icmp.o(.text)
    icmp_send_response                       0x08009419   Thumb Code   118  icmp.o(.text)
    .text                                    0x080094b8   Section        0  inet.o(.text)
    .text                                    0x080096d4   Section        0  inet_chksum.o(.text)
    lwip_standard_chksum                     0x080096d5   Thumb Code    74  inet_chksum.o(.text)
    .text                                    0x0800982c   Section        0  ip.o(.text)
    ip_forward                               0x08009883   Thumb Code   198  ip.o(.text)
    .text                                    0x08009d1c   Section        0  ip_addr.o(.text)
    .text                                    0x08009d6c   Section        0  ip_frag.o(.text)
    ip_reass_dequeue_datagram                0x08009d6d   Thumb Code    36  ip_frag.o(.text)
    ip_reass_free_complete_datagram          0x08009d91   Thumb Code   112  ip_frag.o(.text)
    ip_reass_remove_oldest_datagram          0x08009e31   Thumb Code   118  ip_frag.o(.text)
    ip_reass_enqueue_new_datagram            0x08009ea7   Thumb Code    92  ip_frag.o(.text)
    ip_reass_chain_frag_into_datagram_and_validate 0x08009f03   Thumb Code   324  ip_frag.o(.text)
    .text                                    0x0800a384   Section        0  lwipentry.o(.text)
    .text                                    0x0800a40c   Section        0  api_lib.o(.text)
    .text                                    0x0800a754   Section        0  api_msg.o(.text)
    recv_raw                                 0x0800a755   Thumb Code   162  api_msg.o(.text)
    recv_udp                                 0x0800a7f7   Thumb Code   126  api_msg.o(.text)
    recv_tcp                                 0x0800a875   Thumb Code    96  api_msg.o(.text)
    err_tcp                                  0x0800a8d5   Thumb Code   110  api_msg.o(.text)
    do_writemore                             0x0800a943   Thumb Code   246  api_msg.o(.text)
    sent_tcp                                 0x0800aa39   Thumb Code    76  api_msg.o(.text)
    do_close_internal                        0x0800aa85   Thumb Code   162  api_msg.o(.text)
    poll_tcp                                 0x0800ab27   Thumb Code    38  api_msg.o(.text)
    setup_tcp                                0x0800ab4d   Thumb Code    50  api_msg.o(.text)
    accept_function                          0x0800ac5b   Thumb Code    88  api_msg.o(.text)
    pcb_new                                  0x0800acb3   Thumb Code   164  api_msg.o(.text)
    do_connected                             0x0800ae61   Thumb Code    52  api_msg.o(.text)
    do_dns_found                             0x0800b1d9   Thumb Code    44  api_msg.o(.text)
    .text                                    0x0800b238   Section        0  netbuf.o(.text)
    .text                                    0x0800b358   Section        0  tcpip.o(.text)
    tcpip_tcp_timer                          0x0800b359   Thumb Code    40  tcpip.o(.text)
    ip_reass_timer                           0x0800b3a7   Thumb Code    22  tcpip.o(.text)
    arp_timer                                0x0800b3bd   Thumb Code    22  tcpip.o(.text)
    dns_timer                                0x0800b3d3   Thumb Code    22  tcpip.o(.text)
    tcpip_thread                             0x0800b3e9   Thumb Code   210  tcpip.o(.text)
    pbuf_free_int                            0x0800b637   Thumb Code    14  tcpip.o(.text)
    .text                                    0x0800b6a8   Section        0  memcpya.o(.text)
    .text                                    0x0800b6cc   Section        0  memseta.o(.text)
    .text                                    0x0800b6f0   Section        0  strlen.o(.text)
    .text                                    0x0800b6fe   Section        0  strcmp.o(.text)
    .text                                    0x0800b71a   Section        0  strcpy.o(.text)
    .text                                    0x0800b72c   Section        0  uidiv.o(.text)
    .text                                    0x0800b758   Section        0  uldiv.o(.text)
    .text                                    0x0800b7ba   Section        0  iusefp.o(.text)
    .text                                    0x0800b7ba   Section        0  dadd.o(.text)
    .text                                    0x0800b908   Section        0  dmul.o(.text)
    .text                                    0x0800b9ec   Section        0  ddiv.o(.text)
    .text                                    0x0800baca   Section        0  dfixul.o(.text)
    .text                                    0x0800bafc   Section       40  cdrcmple.o(.text)
    .text                                    0x0800bb24   Section       36  init.o(.text)
    .text                                    0x0800bb48   Section        0  llshl.o(.text)
    .text                                    0x0800bb66   Section        0  llushr.o(.text)
    .text                                    0x0800bb86   Section        0  llsshr.o(.text)
    .text                                    0x0800bbaa   Section        0  depilogue.o(.text)
    .text                                    0x0800bc60   Section        0  __dczerorl2.o(.text)
    i.__0vsprintf                            0x0800bcb8   Section        0  printfa.o(i.__0vsprintf)
    i.__scatterload_copy                     0x0800bcdc   Section       14  handlers.o(i.__scatterload_copy)
    i.__scatterload_null                     0x0800bcea   Section        2  handlers.o(i.__scatterload_null)
    i.__scatterload_zeroinit                 0x0800bcec   Section       14  handlers.o(i.__scatterload_zeroinit)
    i._fp_digits                             0x0800bcfc   Section        0  printfa.o(i._fp_digits)
    _fp_digits                               0x0800bcfd   Thumb Code   334  printfa.o(i._fp_digits)
    i._printf_core                           0x0800be60   Section        0  printfa.o(i._printf_core)
    _printf_core                             0x0800be61   Thumb Code  1744  printfa.o(i._printf_core)
    i._printf_post_padding                   0x0800c53c   Section        0  printfa.o(i._printf_post_padding)
    _printf_post_padding                     0x0800c53d   Thumb Code    36  printfa.o(i._printf_post_padding)
    i._printf_pre_padding                    0x0800c560   Section        0  printfa.o(i._printf_pre_padding)
    _printf_pre_padding                      0x0800c561   Thumb Code    46  printfa.o(i._printf_pre_padding)
    i._sputc                                 0x0800c58e   Section        0  printfa.o(i._sputc)
    _sputc                                   0x0800c58f   Thumb Code    10  printfa.o(i._sputc)
    i.bsp_74hc595_set_DATA                   0x0800c598   Section        0  app_display.o(i.bsp_74hc595_set_DATA)
    i.bsp_74hc595_set_LOCK                   0x0800c5b4   Section        0  app_display.o(i.bsp_74hc595_set_LOCK)
    i.bsp_74hc595_set_OE                     0x0800c5d0   Section        0  app_display.o(i.bsp_74hc595_set_OE)
    i.bsp_74hc595_set_OFFSET                 0x0800c5e8   Section        0  app_display.o(i.bsp_74hc595_set_OFFSET)
    .constdata                               0x0800c604   Section        6  app_led.o(.constdata)
    .constdata                               0x0800c60a   Section       12  etharp.o(.constdata)
    .constdata                               0x0800c616   Section       56  memp.o(.constdata)
    memp_sizes                               0x0800c616   Data          28  memp.o(.constdata)
    memp_num                                 0x0800c632   Data          28  memp.o(.constdata)
    .constdata                               0x0800c64e   Section       20  tcp.o(.constdata)
    .constdata                               0x0800c662   Section        8  ip_addr.o(.constdata)
    .conststring                             0x0800c66c   Section      117  tcp.o(.conststring)
    .conststring                             0x0800c6e4   Section      120  lwipentry.o(.conststring)
    .data                                    0x20000000   Section       44  netconfig.o(.data)
    .data                                    0x2000002c   Section        8  app_serial.o(.data)
    xCharsForTx                              0x2000002c   Data           4  app_serial.o(.data)
    xPort                                    0x20000030   Data           4  app_serial.o(.data)
    .data                                    0x20000034   Section       20  stm32f10x_rcc.o(.data)
    APBAHBPrescTable                         0x20000034   Data          16  stm32f10x_rcc.o(.data)
    ADCPrescTable                            0x20000044   Data           4  stm32f10x_rcc.o(.data)
    .data                                    0x20000048   Section       60  tasks.o(.data)
    pxDelayedTaskList                        0x2000004c   Data           4  tasks.o(.data)
    pxOverflowDelayedTaskList                0x20000050   Data           4  tasks.o(.data)
    uxDeletedTasksWaitingCleanUp             0x20000054   Data           4  tasks.o(.data)
    uxCurrentNumberOfTasks                   0x20000058   Data           4  tasks.o(.data)
    xTickCount                               0x2000005c   Data           4  tasks.o(.data)
    uxTopReadyPriority                       0x20000060   Data           4  tasks.o(.data)
    xSchedulerRunning                        0x20000064   Data           4  tasks.o(.data)
    uxPendedTicks                            0x20000068   Data           4  tasks.o(.data)
    xYieldPending                            0x2000006c   Data           4  tasks.o(.data)
    xNumOfOverflows                          0x20000070   Data           4  tasks.o(.data)
    uxTaskNumber                             0x20000074   Data           4  tasks.o(.data)
    xNextTaskUnblockTime                     0x20000078   Data           4  tasks.o(.data)
    xIdleTaskHandle                          0x2000007c   Data           4  tasks.o(.data)
    uxSchedulerSuspended                     0x20000080   Data           4  tasks.o(.data)
    .data                                    0x20000084   Section        4  port.o(.data)
    uxCriticalNesting                        0x20000084   Data           4  port.o(.data)
    .data                                    0x20000088   Section       24  heap_2.o(.data)
    xStart                                   0x20000088   Data           8  heap_2.o(.data)
    xEnd                                     0x20000090   Data           8  heap_2.o(.data)
    xFreeBytesRemaining                      0x20000098   Data           4  heap_2.o(.data)
    xHeapHasBeenInitialised                  0x2000009c   Data           4  heap_2.o(.data)
    .data                                    0x200000a0   Section        2  sys_arch.o(.data)
    s_nextthread                             0x200000a0   Data           2  sys_arch.o(.data)
    .data                                    0x200000a2   Section        1  etharp.o(.data)
    etharp_cached_entry                      0x200000a2   Data           1  etharp.o(.data)
    .data                                    0x200000a4   Section       13  dns.o(.data)
    dns_pcb                                  0x200000a4   Data           4  dns.o(.data)
    dns_seqno                                0x200000a8   Data           1  dns.o(.data)
    dns_servers                              0x200000a9   Data           8  dns.o(.data)
    .data                                    0x200000b4   Section       16  mem.o(.data)
    ram                                      0x200000b4   Data           4  mem.o(.data)
    ram_end                                  0x200000b8   Data           4  mem.o(.data)
    lfree                                    0x200000bc   Data           4  mem.o(.data)
    mem_sem                                  0x200000c0   Data           4  mem.o(.data)
    .data                                    0x200000c4   Section        9  netif.o(.data)
    netifnum                                 0x200000cc   Data           1  netif.o(.data)
    .data                                    0x200000cd   Section        1  pbuf.o(.data)
    pbuf_free_ooseq_queued                   0x200000cd   Data           1  pbuf.o(.data)
    .data                                    0x200000d0   Section        4  raw.o(.data)
    raw_pcbs                                 0x200000d0   Data           4  raw.o(.data)
    .data                                    0x200000d4   Section       76  tcp.o(.data)
    tcp_timer                                0x20000118   Data           1  tcp.o(.data)
    port                                     0x2000011a   Data           2  tcp.o(.data)
    iss                                      0x2000011c   Data           4  tcp.o(.data)
    .data                                    0x20000120   Section       32  tcp_in.o(.data)
    tcphdr                                   0x20000120   Data           4  tcp_in.o(.data)
    iphdr                                    0x20000124   Data           4  tcp_in.o(.data)
    seqno                                    0x20000128   Data           4  tcp_in.o(.data)
    ackno                                    0x2000012c   Data           4  tcp_in.o(.data)
    flags                                    0x20000130   Data           1  tcp_in.o(.data)
    tcplen                                   0x20000132   Data           2  tcp_in.o(.data)
    recv_flags                               0x20000134   Data           1  tcp_in.o(.data)
    recv_data                                0x20000138   Data           4  tcp_in.o(.data)
    .data                                    0x20000140   Section        4  udp.o(.data)
    .data                                    0x20000144   Section       10  ip.o(.data)
    ip_id                                    0x2000014c   Data           2  ip.o(.data)
    .data                                    0x20000150   Section        6  ip_frag.o(.data)
    reassdatagrams                           0x20000150   Data           4  ip_frag.o(.data)
    ip_reass_pbufcount                       0x20000154   Data           2  ip_frag.o(.data)
    .data                                    0x20000158   Section       16  tcpip.o(.data)
    tcpip_init_done                          0x20000158   Data           4  tcpip.o(.data)
    tcpip_init_done_arg                      0x2000015c   Data           4  tcpip.o(.data)
    mbox                                     0x20000160   Data           4  tcpip.o(.data)
    tcpip_tcp_timer_active                   0x20000164   Data           4  tcpip.o(.data)
    .bss                                     0x20000168   Section       12  main.o(.bss)
    display_source                           0x20000168   Data          12  main.o(.bss)
    .bss                                     0x20000174   Section       98  netconfig.o(.bss)
    .bss                                     0x200001d8   Section       56  i2c_bus.o(.bss)
    i2c_bus                                  0x200001d8   Data          56  i2c_bus.o(.bss)
    .bss                                     0x20000210   Section      300  tasks.o(.bss)
    pxReadyTasksLists                        0x20000210   Data         200  tasks.o(.bss)
    xDelayedTaskList1                        0x200002d8   Data          20  tasks.o(.bss)
    xDelayedTaskList2                        0x200002ec   Data          20  tasks.o(.bss)
    xPendingReadyList                        0x20000300   Data          20  tasks.o(.bss)
    xTasksWaitingTermination                 0x20000314   Data          20  tasks.o(.bss)
    xSuspendedTaskList                       0x20000328   Data          20  tasks.o(.bss)
    .bss                                     0x2000033c   Section    17408  heap_2.o(.bss)
    ucHeap                                   0x2000033c   Data       17408  heap_2.o(.bss)
    .bss                                     0x2000473c   Section     3032  ethernetif.o(.bss)
    .bss                                     0x20005314   Section       40  sys_arch.o(.bss)
    s_timeoutlist                            0x20005314   Data          40  sys_arch.o(.bss)
    .bss                                     0x2000533c   Section      200  etharp.o(.bss)
    arp_table                                0x2000533c   Data         200  etharp.o(.bss)
    .bss                                     0x20005404   Section     1632  dns.o(.bss)
    dns_table                                0x20005404   Data        1120  dns.o(.bss)
    dns_payload                              0x20005864   Data         512  dns.o(.bss)
    .bss                                     0x20005a64   Section     2020  mem.o(.bss)
    ram_heap                                 0x20005a64   Data        2020  mem.o(.bss)
    .bss                                     0x20006248   Section    12339  memp.o(.bss)
    memp_tab                                 0x20006248   Data          56  memp.o(.bss)
    memp_memory                              0x20006280   Data       12283  memp.o(.bss)
    .bss                                     0x2000927c   Section      330  stats.o(.bss)
    .bss                                     0x200093c8   Section       20  tcp_in.o(.bss)
    inseg                                    0x200093c8   Data          20  tcp_in.o(.bss)
    .bss                                     0x200093dc   Section       16  inet.o(.bss)
    str                                      0x200093dc   Data          16  inet.o(.bss)
    .bss                                     0x200093ec   Section     2004  ip_frag.o(.bss)
    buf                                      0x200093ec   Data        2004  ip_frag.o(.bss)
    STACK                                    0x20009bc0   Section     1024  cstartup.o(STACK)

    Global Symbols

    Symbol Name                              Value     Ov Type        Size  Object(Section)

    BuildAttributes$$THM_ISAv4$P$D$K$B$S$PE$A:L22UL41UL21$X:L11$S22US41US21$IEEE1$IW$USESV6$~STKCKD$USESV7$~SHL$OSPACE$ROPI$EBA8$MICROLIB$REQ8$PRES8$EABIv2 0x00000000   Number         0  anon$$obj.o ABSOLUTE
    __ARM_use_no_argv                        0x00000000   Number         0  main.o ABSOLUTE
    __cpp_initialize__aeabi_                  - Undefined Weak Reference
    __cxa_finalize                            - Undefined Weak Reference
    _clock_init                               - Undefined Weak Reference
    _microlib_exit                            - Undefined Weak Reference
    __Vectors                                0x08000000   Data           4  cstartup.o(RESET)
    __main                                   0x080000ed   Thumb Code     0  entry.o(.ARM.Collect$$$$00000000)
    _main_stk                                0x080000ed   Thumb Code     0  entry2.o(.ARM.Collect$$$$00000001)
    _main_scatterload                        0x080000f1   Thumb Code     0  entry5.o(.ARM.Collect$$$$00000004)
    __main_after_scatterload                 0x080000f5   Thumb Code     0  entry5.o(.ARM.Collect$$$$00000004)
    _main_clock                              0x080000f5   Thumb Code     0  entry7b.o(.ARM.Collect$$$$00000008)
    _main_cpp_init                           0x080000f5   Thumb Code     0  entry8b.o(.ARM.Collect$$$$0000000A)
    _main_init                               0x080000f5   Thumb Code     0  entry9a.o(.ARM.Collect$$$$0000000B)
    __rt_final_cpp                           0x080000fd   Thumb Code     0  entry10a.o(.ARM.Collect$$$$0000000D)
    __rt_final_exit                          0x080000fd   Thumb Code     0  entry11a.o(.ARM.Collect$$$$0000000F)
    vPortSVCHandler                          0x08000101   Thumb Code    32  port.o(.emb_text)
    __asm___6_port_c_39a90d8d__prvStartFirstTask 0x08000125   Thumb Code    28  port.o(.emb_text)
    xPortPendSVHandler                       0x08000145   Thumb Code    72  port.o(.emb_text)
    vPortGetIPSR                             0x08000191   Thumb Code     6  port.o(.emb_text)
    main                                     0x08000199   Thumb Code   100  main.o(.text)
    app_led_init                             0x08000241   Thumb Code    46  app_led.o(.text)
    app_led_task_blink                       0x0800026f   Thumb Code   146  app_led.o(.text)
    LwIP_Init                                0x08000311   Thumb Code   256  netconfig.o(.text)
    vStartComTasks                           0x0800049d   Thumb Code    24  app_serial.o(.text)
    dbg_string                               0x080004db   Thumb Code    42  app_serial.o(.text)
    serial_init                              0x08000505   Thumb Code   214  app_serial.o(.text)
    USART1_IRQHandler                        0x080005db   Thumb Code    82  app_serial.o(.text)
    app_dispaly_show_task                    0x080007d1   Thumb Code   114  app_display.o(.text)
    bsp_init                                 0x08000999   Thumb Code    36  bsp.o(.text)
    dm9000x_gpio_inital                      0x080009d9   Thumb Code   144  dm9000x.o(.text)
    dm9000x_read_id                          0x08000b19   Thumb Code    68  dm9000x.o(.text)
    dm9000x_inital                           0x08000b5d   Thumb Code   264  dm9000x.o(.text)
    dm9000x_sendpacket                       0x08000c65   Thumb Code   154  dm9000x.o(.text)
    dm9000x_receivepacket                    0x08000cff   Thumb Code   336  dm9000x.o(.text)
    i2c_bus_init                             0x08001065   Thumb Code   198  i2c_bus.o(.text)
    Reset_Handler                            0x080011e5   Thumb Code     4  cstartup.o(.text)
    NMI_Handler                              0x080011e9   Thumb Code     2  cstartup.o(.text)
    HardFault_Handler                        0x080011eb   Thumb Code     2  cstartup.o(.text)
    MemManage_Handler                        0x080011ed   Thumb Code     2  cstartup.o(.text)
    BusFault_Handler                         0x080011ef   Thumb Code     2  cstartup.o(.text)
    UsageFault_Handler                       0x080011f1   Thumb Code     2  cstartup.o(.text)
    SVC_Handler                              0x080011f3   Thumb Code     2  cstartup.o(.text)
    DebugMon_Handler                         0x080011f5   Thumb Code     2  cstartup.o(.text)
    PendSV_Handler                           0x080011f7   Thumb Code     2  cstartup.o(.text)
    SysTick_Handler                          0x080011f9   Thumb Code     2  cstartup.o(.text)
    ADC_IRQHandler                           0x080011fb   Thumb Code     0  cstartup.o(.text)
    CAN_RX1_IRQHandler                       0x080011fb   Thumb Code     0  cstartup.o(.text)
    CAN_SCE_IRQHandler                       0x080011fb   Thumb Code     0  cstartup.o(.text)
    DMAChannel1_IRQHandler                   0x080011fb   Thumb Code     0  cstartup.o(.text)
    DMAChannel2_IRQHandler                   0x080011fb   Thumb Code     0  cstartup.o(.text)
    DMAChannel3_IRQHandler                   0x080011fb   Thumb Code     0  cstartup.o(.text)
    DMAChannel4_IRQHandler                   0x080011fb   Thumb Code     0  cstartup.o(.text)
    DMAChannel5_IRQHandler                   0x080011fb   Thumb Code     0  cstartup.o(.text)
    DMAChannel6_IRQHandler                   0x080011fb   Thumb Code     0  cstartup.o(.text)
    DMAChannel7_IRQHandler                   0x080011fb   Thumb Code     0  cstartup.o(.text)
    EXTI0_IRQHandler                         0x080011fb   Thumb Code     0  cstartup.o(.text)
    EXTI15_10_IRQHandler                     0x080011fb   Thumb Code     0  cstartup.o(.text)
    EXTI1_IRQHandler                         0x080011fb   Thumb Code     0  cstartup.o(.text)
    EXTI2_IRQHandler                         0x080011fb   Thumb Code     0  cstartup.o(.text)
    EXTI3_IRQHandler                         0x080011fb   Thumb Code     0  cstartup.o(.text)
    EXTI4_IRQHandler                         0x080011fb   Thumb Code     0  cstartup.o(.text)
    EXTI9_5_IRQHandler                       0x080011fb   Thumb Code     0  cstartup.o(.text)
    FLASH_IRQHandler                         0x080011fb   Thumb Code     0  cstartup.o(.text)
    I2C1_ER_IRQHandler                       0x080011fb   Thumb Code     0  cstartup.o(.text)
    I2C1_EV_IRQHandler                       0x080011fb   Thumb Code     0  cstartup.o(.text)
    I2C2_ER_IRQHandler                       0x080011fb   Thumb Code     0  cstartup.o(.text)
    I2C2_EV_IRQHandler                       0x080011fb   Thumb Code     0  cstartup.o(.text)
    PVD_IRQHandler                           0x080011fb   Thumb Code     0  cstartup.o(.text)
    RCC_IRQHandler                           0x080011fb   Thumb Code     0  cstartup.o(.text)
    RTCAlarm_IRQHandler                      0x080011fb   Thumb Code     0  cstartup.o(.text)
    RTC_IRQHandler                           0x080011fb   Thumb Code     0  cstartup.o(.text)
    SPI1_IRQHandler                          0x080011fb   Thumb Code     0  cstartup.o(.text)
    SPI2_IRQHandler                          0x080011fb   Thumb Code     0  cstartup.o(.text)
    TAMPER_IRQHandler                        0x080011fb   Thumb Code     0  cstartup.o(.text)
    TIM1_BRK_IRQHandler                      0x080011fb   Thumb Code     0  cstartup.o(.text)
    TIM1_CC_IRQHandler                       0x080011fb   Thumb Code     0  cstartup.o(.text)
    TIM1_TRG_COM_IRQHandler                  0x080011fb   Thumb Code     0  cstartup.o(.text)
    TIM1_UP_IRQHandler                       0x080011fb   Thumb Code     0  cstartup.o(.text)
    TIM2_IRQHandler                          0x080011fb   Thumb Code     0  cstartup.o(.text)
    TIM3_IRQHandler                          0x080011fb   Thumb Code     0  cstartup.o(.text)
    TIM4_IRQHandler                          0x080011fb   Thumb Code     0  cstartup.o(.text)
    USART2_IRQHandler                        0x080011fb   Thumb Code     0  cstartup.o(.text)
    USART3_IRQHandler                        0x080011fb   Thumb Code     0  cstartup.o(.text)
    USBWakeUp_IRQHandler                     0x080011fb   Thumb Code     0  cstartup.o(.text)
    USB_HP_CAN_TX_IRQHandler                 0x080011fb   Thumb Code     0  cstartup.o(.text)
    USB_LP_CAN_RX0_IRQHandler                0x080011fb   Thumb Code     0  cstartup.o(.text)
    WWDG_IRQHandler                          0x080011fb   Thumb Code     0  cstartup.o(.text)
    GPIO_DeInit                              0x08001201   Thumb Code   172  stm32f10x_gpio.o(.text)
    GPIO_AFIODeInit                          0x080012ad   Thumb Code    20  stm32f10x_gpio.o(.text)
    GPIO_Init                                0x080012c1   Thumb Code   278  stm32f10x_gpio.o(.text)
    GPIO_StructInit                          0x080013d7   Thumb Code    16  stm32f10x_gpio.o(.text)
    GPIO_ReadInputDataBit                    0x080013e7   Thumb Code    18  stm32f10x_gpio.o(.text)
    GPIO_ReadInputData                       0x080013f9   Thumb Code     8  stm32f10x_gpio.o(.text)
    GPIO_ReadOutputDataBit                   0x08001401   Thumb Code    18  stm32f10x_gpio.o(.text)
    GPIO_ReadOutputData                      0x08001413   Thumb Code     8  stm32f10x_gpio.o(.text)
    GPIO_SetBits                             0x0800141b   Thumb Code     4  stm32f10x_gpio.o(.text)
    GPIO_ResetBits                           0x0800141f   Thumb Code     4  stm32f10x_gpio.o(.text)
    GPIO_WriteBit                            0x08001423   Thumb Code    10  stm32f10x_gpio.o(.text)
    GPIO_Write                               0x0800142d   Thumb Code     4  stm32f10x_gpio.o(.text)
    GPIO_PinLockConfig                       0x08001431   Thumb Code    18  stm32f10x_gpio.o(.text)
    GPIO_EventOutputConfig                   0x08001443   Thumb Code    26  stm32f10x_gpio.o(.text)
    GPIO_EventOutputCmd                      0x0800145d   Thumb Code     6  stm32f10x_gpio.o(.text)
    GPIO_PinRemapConfig                      0x08001463   Thumb Code   138  stm32f10x_gpio.o(.text)
    GPIO_EXTILineConfig                      0x080014ed   Thumb Code    66  stm32f10x_gpio.o(.text)
    GPIO_ETH_MediaInterfaceConfig            0x0800152f   Thumb Code     8  stm32f10x_gpio.o(.text)
    RCC_DeInit                               0x0800155d   Thumb Code    64  stm32f10x_rcc.o(.text)
    RCC_HSEConfig                            0x0800159d   Thumb Code    70  stm32f10x_rcc.o(.text)
    RCC_GetFlagStatus                        0x080015e3   Thumb Code    56  stm32f10x_rcc.o(.text)
    RCC_WaitForHSEStartUp                    0x0800161b   Thumb Code    56  stm32f10x_rcc.o(.text)
    RCC_AdjustHSICalibrationValue            0x08001653   Thumb Code    20  stm32f10x_rcc.o(.text)
    RCC_HSICmd                               0x08001667   Thumb Code     6  stm32f10x_rcc.o(.text)
    RCC_PLLConfig                            0x0800166d   Thumb Code    24  stm32f10x_rcc.o(.text)
    RCC_PLLCmd                               0x08001685   Thumb Code     6  stm32f10x_rcc.o(.text)
    RCC_SYSCLKConfig                         0x0800168b   Thumb Code    18  stm32f10x_rcc.o(.text)
    RCC_GetSYSCLKSource                      0x0800169d   Thumb Code    10  stm32f10x_rcc.o(.text)
    RCC_HCLKConfig                           0x080016a7   Thumb Code    18  stm32f10x_rcc.o(.text)
    RCC_PCLK1Config                          0x080016b9   Thumb Code    18  stm32f10x_rcc.o(.text)
    RCC_PCLK2Config                          0x080016cb   Thumb Code    20  stm32f10x_rcc.o(.text)
    RCC_ITConfig                             0x080016df   Thumb Code    26  stm32f10x_rcc.o(.text)
    RCC_USBCLKConfig                         0x080016f9   Thumb Code     8  stm32f10x_rcc.o(.text)
    RCC_ADCCLKConfig                         0x08001701   Thumb Code    18  stm32f10x_rcc.o(.text)
    RCC_LSEConfig                            0x08001713   Thumb Code    50  stm32f10x_rcc.o(.text)
    RCC_LSICmd                               0x08001745   Thumb Code     6  stm32f10x_rcc.o(.text)
    RCC_RTCCLKConfig                         0x0800174b   Thumb Code    12  stm32f10x_rcc.o(.text)
    RCC_RTCCLKCmd                            0x08001757   Thumb Code     8  stm32f10x_rcc.o(.text)
    RCC_GetClocksFreq                        0x0800175f   Thumb Code   192  stm32f10x_rcc.o(.text)
    RCC_AHBPeriphClockCmd                    0x0800181f   Thumb Code    26  stm32f10x_rcc.o(.text)
    RCC_APB2PeriphClockCmd                   0x08001839   Thumb Code    26  stm32f10x_rcc.o(.text)
    RCC_APB1PeriphClockCmd                   0x08001853   Thumb Code    26  stm32f10x_rcc.o(.text)
    RCC_APB2PeriphResetCmd                   0x0800186d   Thumb Code    26  stm32f10x_rcc.o(.text)
    RCC_APB1PeriphResetCmd                   0x08001887   Thumb Code    26  stm32f10x_rcc.o(.text)
    RCC_BackupResetCmd                       0x080018a1   Thumb Code     8  stm32f10x_rcc.o(.text)
    RCC_ClockSecuritySystemCmd               0x080018a9   Thumb Code     6  stm32f10x_rcc.o(.text)
    RCC_MCOConfig                            0x080018af   Thumb Code     6  stm32f10x_rcc.o(.text)
    RCC_ClearFlag                            0x080018b5   Thumb Code    14  stm32f10x_rcc.o(.text)
    RCC_GetITStatus                          0x080018c3   Thumb Code    20  stm32f10x_rcc.o(.text)
    RCC_ClearITPendingBit                    0x080018d7   Thumb Code     6  stm32f10x_rcc.o(.text)
    NVIC_PriorityGroupConfig                 0x08001901   Thumb Code    10  misc.o(.text)
    NVIC_Init                                0x0800190b   Thumb Code   100  misc.o(.text)
    NVIC_SetVectorTable                      0x0800196f   Thumb Code    14  misc.o(.text)
    NVIC_SystemLPConfig                      0x0800197d   Thumb Code    34  misc.o(.text)
    SysTick_CLKSourceConfig                  0x0800199f   Thumb Code    40  misc.o(.text)
    USART_DeInit                             0x080019dd   Thumb Code   134  stm32f10x_usart.o(.text)
    USART_Init                               0x08001a63   Thumb Code   210  stm32f10x_usart.o(.text)
    USART_StructInit                         0x08001b35   Thumb Code    24  stm32f10x_usart.o(.text)
    USART_ClockInit                          0x08001b4d   Thumb Code    34  stm32f10x_usart.o(.text)
    USART_ClockStructInit                    0x08001b6f   Thumb Code    12  stm32f10x_usart.o(.text)
    USART_Cmd                                0x08001b7b   Thumb Code    24  stm32f10x_usart.o(.text)
    USART_ITConfig                           0x08001b93   Thumb Code    74  stm32f10x_usart.o(.text)
    USART_DMACmd                             0x08001bdd   Thumb Code    18  stm32f10x_usart.o(.text)
    USART_SetAddress                         0x08001bef   Thumb Code    18  stm32f10x_usart.o(.text)
    USART_WakeUpConfig                       0x08001c01   Thumb Code    18  stm32f10x_usart.o(.text)
    USART_ReceiverWakeUpCmd                  0x08001c13   Thumb Code    24  stm32f10x_usart.o(.text)
    USART_LINBreakDetectLengthConfig         0x08001c2b   Thumb Code    18  stm32f10x_usart.o(.text)
    USART_LINCmd                             0x08001c3d   Thumb Code    24  stm32f10x_usart.o(.text)
    USART_SendData                           0x08001c55   Thumb Code     8  stm32f10x_usart.o(.text)
    USART_ReceiveData                        0x08001c5d   Thumb Code    10  stm32f10x_usart.o(.text)
    USART_SendBreak                          0x08001c67   Thumb Code    10  stm32f10x_usart.o(.text)
    USART_SetGuardTime                       0x08001c71   Thumb Code    16  stm32f10x_usart.o(.text)
    USART_SetPrescaler                       0x08001c81   Thumb Code    16  stm32f10x_usart.o(.text)
    USART_SmartCardCmd                       0x08001c91   Thumb Code    24  stm32f10x_usart.o(.text)
    USART_SmartCardNACKCmd                   0x08001ca9   Thumb Code    24  stm32f10x_usart.o(.text)
    USART_HalfDuplexCmd                      0x08001cc1   Thumb Code    24  stm32f10x_usart.o(.text)
    USART_OverSampling8Cmd                   0x08001cd9   Thumb Code    22  stm32f10x_usart.o(.text)
    USART_OneBitMethodCmd                    0x08001cef   Thumb Code    24  stm32f10x_usart.o(.text)
    USART_IrDAConfig                         0x08001d07   Thumb Code    18  stm32f10x_usart.o(.text)
    USART_IrDACmd                            0x08001d19   Thumb Code    24  stm32f10x_usart.o(.text)
    USART_GetFlagStatus                      0x08001d31   Thumb Code    26  stm32f10x_usart.o(.text)
    USART_ClearFlag                          0x08001d4b   Thumb Code    18  stm32f10x_usart.o(.text)
    USART_GetITStatus                        0x08001d5d   Thumb Code    84  stm32f10x_usart.o(.text)
    USART_ClearITPendingBit                  0x08001db1   Thumb Code    52  stm32f10x_usart.o(.text)
    vListInitialise                          0x08001de5   Thumb Code    26  list.o(.text)
    vListInitialiseItem                      0x08001dff   Thumb Code     6  list.o(.text)
    vListInsertEnd                           0x08001e05   Thumb Code    24  list.o(.text)
    vListInsert                              0x08001e1d   Thumb Code    52  list.o(.text)
    uxListRemove                             0x08001e51   Thumb Code    40  list.o(.text)
    xQueueGenericReset                       0x08001e79   Thumb Code   122  queue.o(.text)
    xQueueGenericCreate                      0x08001f1d   Thumb Code    56  queue.o(.text)
    xQueueGenericSend                        0x0800206d   Thumb Code   276  queue.o(.text)
    xQueueCreateMutex                        0x0800219d   Thumb Code    34  queue.o(.text)
    xQueueGenericSendFromISR                 0x080021bf   Thumb Code   134  queue.o(.text)
    xQueueGiveFromISR                        0x08002245   Thumb Code   124  queue.o(.text)
    xQueueGenericReceive                     0x08002305   Thumb Code   342  queue.o(.text)
    xQueueReceiveFromISR                     0x0800245b   Thumb Code   130  queue.o(.text)
    xQueuePeekFromISR                        0x080024dd   Thumb Code    74  queue.o(.text)
    uxQueueMessagesWaiting                   0x08002527   Thumb Code    18  queue.o(.text)
    uxQueueSpacesAvailable                   0x08002539   Thumb Code    24  queue.o(.text)
    uxQueueMessagesWaitingFromISR            0x08002551   Thumb Code     6  queue.o(.text)
    vQueueDelete                             0x08002557   Thumb Code    14  queue.o(.text)
    uxQueueGetQueueNumber                    0x08002565   Thumb Code     6  queue.o(.text)
    vQueueSetQueueNumber                     0x0800256b   Thumb Code     4  queue.o(.text)
    ucQueueGetQueueType                      0x0800256f   Thumb Code     8  queue.o(.text)
    xQueueIsQueueEmptyFromISR                0x08002577   Thumb Code    14  queue.o(.text)
    xQueueIsQueueFullFromISR                 0x08002585   Thumb Code    18  queue.o(.text)
    xTaskCreate                              0x08002719   Thumb Code    92  tasks.o(.text)
    vTaskDelete                              0x080027b1   Thumb Code   176  tasks.o(.text)
    xTaskIncrementTick                       0x08002861   Thumb Code   238  tasks.o(.text)
    xTaskResumeAll                           0x0800294f   Thumb Code   284  tasks.o(.text)
    vTaskSuspendAll                          0x08002ae7   Thumb Code    12  tasks.o(.text)
    vTaskDelayUntil                          0x08002af3   Thumb Code   106  tasks.o(.text)
    vTaskDelay                               0x08002b5d   Thumb Code    46  tasks.o(.text)
    eTaskGetState                            0x08002b8b   Thumb Code    88  tasks.o(.text)
    uxTaskPriorityGet                        0x08002be3   Thumb Code    30  tasks.o(.text)
    uxTaskPriorityGetFromISR                 0x08002c01   Thumb Code    52  tasks.o(.text)
    vTaskPrioritySet                         0x08002c35   Thumb Code   226  tasks.o(.text)
    vTaskSwitchContext                       0x08002d17   Thumb Code    76  tasks.o(.text)
    vTaskSuspend                             0x08002d63   Thumb Code   220  tasks.o(.text)
    vTaskResume                              0x08002e77   Thumb Code   104  tasks.o(.text)
    xTaskResumeFromISR                       0x08002edf   Thumb Code   130  tasks.o(.text)
    vTaskStartScheduler                      0x08002fd7   Thumb Code    74  tasks.o(.text)
    vTaskEndScheduler                        0x08003021   Thumb Code    32  tasks.o(.text)
    xTaskGetTickCount                        0x08003041   Thumb Code     6  tasks.o(.text)
    xTaskGetTickCountFromISR                 0x08003047   Thumb Code     8  tasks.o(.text)
    uxTaskGetNumberOfTasks                   0x0800304f   Thumb Code     6  tasks.o(.text)
    pcTaskGetName                            0x08003055   Thumb Code    20  tasks.o(.text)
    vTaskGetTaskInfo                         0x0800307f   Thumb Code   114  tasks.o(.text)
    uxTaskGetSystemState                     0x0800315b   Thumb Code   152  tasks.o(.text)
    vTaskPlaceOnEventList                    0x080031f3   Thumb Code   106  tasks.o(.text)
    vTaskPlaceOnUnorderedEventList           0x0800325d   Thumb Code    40  tasks.o(.text)
    xTaskRemoveFromEventList                 0x08003285   Thumb Code   104  tasks.o(.text)
    xTaskRemoveFromUnorderedEventList        0x080032ed   Thumb Code    94  tasks.o(.text)
    vTaskSetTimeOutState                     0x0800334b   Thumb Code    14  tasks.o(.text)
    xTaskCheckForTimeOut                     0x08003359   Thumb Code    84  tasks.o(.text)
    vTaskMissedYield                         0x080033ad   Thumb Code     8  tasks.o(.text)
    uxTaskGetTaskNumber                      0x080033b5   Thumb Code    14  tasks.o(.text)
    vTaskSetTaskNumber                       0x080033c3   Thumb Code     8  tasks.o(.text)
    xTaskGetCurrentTaskHandle                0x080033cb   Thumb Code     6  tasks.o(.text)
    vTaskPriorityInherit                     0x080033d1   Thumb Code   164  tasks.o(.text)
    xTaskPriorityDisinherit                  0x08003475   Thumb Code   122  tasks.o(.text)
    uxTaskResetEventItemValue                0x080034ef   Thumb Code    24  tasks.o(.text)
    pvTaskIncrementMutexHeldCount            0x08003507   Thumb Code    26  tasks.o(.text)
    ulTaskNotifyTake                         0x08003521   Thumb Code   108  tasks.o(.text)
    xTaskNotifyWait                          0x0800358d   Thumb Code   150  tasks.o(.text)
    xTaskGenericNotify                       0x08003623   Thumb Code   216  tasks.o(.text)
    xTaskGenericNotifyFromISR                0x080036fb   Thumb Code   228  tasks.o(.text)
    vTaskNotifyGiveFromISR                   0x080037df   Thumb Code   154  tasks.o(.text)
    xTaskNotifyStateClear                    0x08003879   Thumb Code    48  tasks.o(.text)
    pxPortInitialiseStack                    0x080038db   Thumb Code    26  port.o(.text)
    vPortSetupTimerInterrupt                 0x080038f5   Thumb Code    14  port.o(.text)
    xPortStartScheduler                      0x08003903   Thumb Code    42  port.o(.text)
    vPortEndScheduler                        0x0800392d   Thumb Code     2  port.o(.text)
    vPortEnterCritical                       0x0800392f   Thumb Code    30  port.o(.text)
    vPortExitCritical                        0x0800394d   Thumb Code    28  port.o(.text)
    xPortSysTickHandler                      0x08003969   Thumb Code    48  port.o(.text)
    pvPortMalloc                             0x080039d3   Thumb Code   166  heap_2.o(.text)
    vPortFree                                0x08003a79   Thumb Code    56  heap_2.o(.text)
    xPortGetFreeHeapSize                     0x08003ab1   Thumb Code     6  heap_2.o(.text)
    vPortInitialiseBlocks                    0x08003ab7   Thumb Code     2  heap_2.o(.text)
    ethernetif_input                         0x08003b23   Thumb Code    42  ethernetif.o(.text)
    ethernetif_init                          0x08003bb1   Thumb Code    58  ethernetif.o(.text)
    sys_mbox_new                             0x08003c05   Thumb Code    58  sys_arch.o(.text)
    sys_mbox_free                            0x08003c3f   Thumb Code    52  sys_arch.o(.text)
    sys_mbox_post                            0x08003c73   Thumb Code    24  sys_arch.o(.text)
    sys_mbox_trypost                         0x08003c8b   Thumb Code    48  sys_arch.o(.text)
    sys_arch_mbox_fetch                      0x08003cbb   Thumb Code    94  sys_arch.o(.text)
    sys_arch_mbox_tryfetch                   0x08003d19   Thumb Code    36  sys_arch.o(.text)
    sys_sem_new                              0x08003d3d   Thumb Code   108  sys_arch.o(.text)
    sys_arch_sem_wait                        0x08003da9   Thumb Code    82  sys_arch.o(.text)
    sys_sem_signal                           0x08003dfb   Thumb Code    18  sys_arch.o(.text)
    sys_sem_free                             0x08003e0d   Thumb Code    26  sys_arch.o(.text)
    sys_init                                 0x08003e27   Thumb Code    34  sys_arch.o(.text)
    sys_arch_timeouts                        0x08003e49   Thumb Code    42  sys_arch.o(.text)
    sys_arch_protect                         0x08003e73   Thumb Code    10  sys_arch.o(.text)
    sys_arch_unprotect                       0x08003e7d   Thumb Code    10  sys_arch.o(.text)
    sys_thread_new                           0x08003e87   Thumb Code    86  sys_arch.o(.text)
    sys_assert                               0x08003edd   Thumb Code     8  sys_arch.o(.text)
    etharp_tmr                               0x08003f0f   Thumb Code   154  etharp.o(.text)
    etharp_find_addr                         0x080042b3   Thumb Code    92  etharp.o(.text)
    etharp_ip_input                          0x0800430f   Thumb Code    52  etharp.o(.text)
    etharp_arp_input                         0x08004343   Thumb Code   360  etharp.o(.text)
    etharp_request                           0x0800456f   Thumb Code    36  etharp.o(.text)
    etharp_query                             0x08004593   Thumb Code   404  etharp.o(.text)
    etharp_output                            0x08004727   Thumb Code   216  etharp.o(.text)
    ethernet_input                           0x080047ff   Thumb Code   126  etharp.o(.text)
    dns_setserver                            0x08004885   Thumb Code    28  dns.o(.text)
    dns_init                                 0x08004a69   Thumb Code    64  dns.o(.text)
    dns_getserver                            0x08004aa9   Thumb Code    28  dns.o(.text)
    dns_tmr                                  0x08004cab   Thumb Code    14  dns.o(.text)
    dns_gethostbyname                        0x08004dc7   Thumb Code    84  dns.o(.text)
    mem_init                                 0x08004e95   Thumb Code    92  mem.o(.text)
    mem_free                                 0x08004ef1   Thumb Code   128  mem.o(.text)
    mem_realloc                              0x08004f71   Thumb Code   310  mem.o(.text)
    mem_malloc                               0x080050a7   Thumb Code   390  mem.o(.text)
    mem_calloc                               0x0800522d   Thumb Code    34  mem.o(.text)
    memp_init                                0x08005251   Thumb Code   136  memp.o(.text)
    memp_malloc                              0x080052d9   Thumb Code   150  memp.o(.text)
    memp_free                                0x0800536f   Thumb Code    74  memp.o(.text)
    netif_set_gw                             0x080053cd   Thumb Code    12  netif.o(.text)
    netif_set_netmask                        0x080053d9   Thumb Code    12  netif.o(.text)
    netif_set_ipaddr                         0x080053e5   Thumb Code   110  netif.o(.text)
    netif_set_addr                           0x08005453   Thumb Code    40  netif.o(.text)
    netif_add                                0x0800547b   Thumb Code    96  netif.o(.text)
    netif_set_default                        0x080054db   Thumb Code     6  netif.o(.text)
    netif_remove                             0x080054e1   Thumb Code    74  netif.o(.text)
    netif_find                               0x0800552b   Thumb Code    64  netif.o(.text)
    netif_set_up                             0x0800556b   Thumb Code    44  netif.o(.text)
    netif_set_down                           0x08005597   Thumb Code    24  netif.o(.text)
    netif_is_up                              0x080055af   Thumb Code    12  netif.o(.text)
    pbuf_free                                0x08005641   Thumb Code   108  pbuf.o(.text)
    pbuf_alloc                               0x080056ad   Thumb Code   386  pbuf.o(.text)
    pbuf_realloc                             0x0800582f   Thumb Code   100  pbuf.o(.text)
    pbuf_header                              0x08005893   Thumb Code   106  pbuf.o(.text)
    pbuf_clen                                0x080058fd   Thumb Code    18  pbuf.o(.text)
    pbuf_ref                                 0x0800590f   Thumb Code    26  pbuf.o(.text)
    pbuf_cat                                 0x08005929   Thumb Code    36  pbuf.o(.text)
    pbuf_chain                               0x0800594d   Thumb Code    22  pbuf.o(.text)
    pbuf_dechain                             0x08005963   Thumb Code    48  pbuf.o(.text)
    pbuf_copy                                0x08005993   Thumb Code   114  pbuf.o(.text)
    pbuf_copy_partial                        0x08005a05   Thumb Code   116  pbuf.o(.text)
    pbuf_take                                0x08005a79   Thumb Code    86  pbuf.o(.text)
    pbuf_coalesce                            0x08005acf   Thumb Code    56  pbuf.o(.text)
    raw_input                                0x08005b09   Thumb Code   100  raw.o(.text)
    raw_bind                                 0x08005b6d   Thumb Code    16  raw.o(.text)
    raw_connect                              0x08005b7d   Thumb Code    16  raw.o(.text)
    raw_recv                                 0x08005b8d   Thumb Code     6  raw.o(.text)
    raw_sendto                               0x08005b93   Thumb Code   150  raw.o(.text)
    raw_send                                 0x08005c29   Thumb Code    18  raw.o(.text)
    raw_remove                               0x08005c3b   Thumb Code    60  raw.o(.text)
    raw_new                                  0x08005c77   Thumb Code    42  raw.o(.text)
    sys_mbox_fetch                           0x08005ca5   Thumb Code   124  sys.o(.text)
    sys_sem_wait                             0x08005d21   Thumb Code   116  sys.o(.text)
    sys_timeout                              0x08005d95   Thumb Code   144  sys.o(.text)
    sys_untimeout                            0x08005e25   Thumb Code    94  sys.o(.text)
    sys_sem_wait_timeout                     0x08005e97   Thumb Code    58  sys.o(.text)
    sys_msleep                               0x08005ed1   Thumb Code    28  sys.o(.text)
    tcp_seg_free                             0x08005ef1   Thumb Code    32  tcp.o(.text)
    tcp_segs_free                            0x08005f11   Thumb Code    30  tcp.o(.text)
    tcp_pcb_purge                            0x08005f2f   Thumb Code    76  tcp.o(.text)
    tcp_slowtmr                              0x08005f7b   Thumb Code   714  tcp.o(.text)
    tcp_pcb_remove                           0x08006245   Thumb Code   128  tcp.o(.text)
    tcp_close                                0x080062c5   Thumb Code   274  tcp.o(.text)
    tcp_update_rcv_ann_wnd                   0x080063d7   Thumb Code    70  tcp.o(.text)
    tcp_recved                               0x0800641d   Thumb Code    62  tcp.o(.text)
    tcp_recv_null                            0x0800645b   Thumb Code    46  tcp.o(.text)
    tcp_fasttmr                              0x08006489   Thumb Code   122  tcp.o(.text)
    tcp_tmr                                  0x08006503   Thumb Code    30  tcp.o(.text)
    tcp_abandon                              0x08006521   Thumb Code   158  tcp.o(.text)
    tcp_bind                                 0x08006627   Thumb Code   218  tcp.o(.text)
    tcp_listen_with_backlog                  0x08006709   Thumb Code   184  tcp.o(.text)
    tcp_eff_send_mss                         0x080067c1   Thumb Code    46  tcp.o(.text)
    tcp_next_iss                             0x080067ef   Thumb Code    20  tcp.o(.text)
    tcp_connect                              0x08006803   Thumb Code   294  tcp.o(.text)
    tcp_setprio                              0x08006929   Thumb Code     4  tcp.o(.text)
    tcp_seg_copy                             0x0800692d   Thumb Code    38  tcp.o(.text)
    tcp_alloc                                0x080069d5   Thumb Code   202  tcp.o(.text)
    tcp_new                                  0x08006a9f   Thumb Code    10  tcp.o(.text)
    tcp_arg                                  0x08006aa9   Thumb Code     4  tcp.o(.text)
    tcp_recv                                 0x08006aad   Thumb Code     6  tcp.o(.text)
    tcp_sent                                 0x08006ab3   Thumb Code     6  tcp.o(.text)
    tcp_err                                  0x08006ab9   Thumb Code     6  tcp.o(.text)
    tcp_accept                               0x08006abf   Thumb Code     4  tcp.o(.text)
    tcp_poll                                 0x08006ac3   Thumb Code    10  tcp.o(.text)
    tcp_debug_state_str                      0x08006acd   Thumb Code    10  tcp.o(.text)
    tcp_input                                0x08007ce7   Thumb Code  1324  tcp_in.o(.text)
    tcp_enqueue                              0x080082cf   Thumb Code   986  tcp_out.o(.text)
    tcp_send_ctrl                            0x080086a9   Thumb Code    28  tcp_out.o(.text)
    tcp_write                                0x080086c5   Thumb Code    72  tcp_out.o(.text)
    tcp_send_empty_ack                       0x0800870d   Thumb Code   118  tcp_out.o(.text)
    tcp_output                               0x08008869   Thumb Code   462  tcp_out.o(.text)
    tcp_rst                                  0x08008a37   Thumb Code   198  tcp_out.o(.text)
    tcp_rexmit_rto                           0x08008afd   Thumb Code    58  tcp_out.o(.text)
    tcp_rexmit                               0x08008b37   Thumb Code    80  tcp_out.o(.text)
    tcp_rexmit_fast                          0x08008b87   Thumb Code   132  tcp_out.o(.text)
    tcp_keepalive                            0x08008c0b   Thumb Code   110  tcp_out.o(.text)
    tcp_zero_window_probe                    0x08008c79   Thumb Code   196  tcp_out.o(.text)
    udp_input                                0x08008d41   Thumb Code   562  udp.o(.text)
    udp_bind                                 0x08008f73   Thumb Code   102  udp.o(.text)
    udp_sendto_if                            0x08008fd9   Thumb Code   248  udp.o(.text)
    udp_sendto                               0x080090d1   Thumb Code    62  udp.o(.text)
    udp_send                                 0x0800910f   Thumb Code    20  udp.o(.text)
    udp_connect                              0x08009123   Thumb Code   104  udp.o(.text)
    udp_disconnect                           0x0800918b   Thumb Code    28  udp.o(.text)
    udp_recv                                 0x080091a7   Thumb Code     6  udp.o(.text)
    udp_remove                               0x080091ad   Thumb Code    60  udp.o(.text)
    udp_new                                  0x080091e9   Thumb Code    28  udp.o(.text)
    icmp_input                               0x0800920d   Thumb Code   524  icmp.o(.text)
    icmp_dest_unreach                        0x0800948f   Thumb Code    18  icmp.o(.text)
    icmp_time_exceeded                       0x080094a1   Thumb Code    18  icmp.o(.text)
    htonl                                    0x080094b9   Thumb Code    26  inet.o(.text)
    inet_aton                                0x080094d3   Thumb Code   336  inet.o(.text)
    inet_addr                                0x08009623   Thumb Code    24  inet.o(.text)
    inet_ntoa                                0x0800963b   Thumb Code   112  inet.o(.text)
    htons                                    0x080096ab   Thumb Code    12  inet.o(.text)
    ntohs                                    0x080096b7   Thumb Code    12  inet.o(.text)
    ntohl                                    0x080096c3   Thumb Code    12  inet.o(.text)
    inet_chksum_pseudo                       0x0800971f   Thumb Code   162  inet_chksum.o(.text)
    inet_chksum                              0x080097c1   Thumb Code    20  inet_chksum.o(.text)
    inet_chksum_pbuf                         0x080097d5   Thumb Code    86  inet_chksum.o(.text)
    ip_route                                 0x0800982d   Thumb Code    86  ip.o(.text)
    ip_input                                 0x08009949   Thumb Code   596  ip.o(.text)
    ip_output_if                             0x08009b9d   Thumb Code   306  ip.o(.text)
    ip_output                                0x08009ccf   Thumb Code    70  ip.o(.text)
    ip_addr_isbroadcast                      0x08009d1d   Thumb Code    78  ip_addr.o(.text)
    ip_reass_tmr                             0x08009e01   Thumb Code    48  ip_frag.o(.text)
    ip_reass                                 0x0800a047   Thumb Code   482  ip_frag.o(.text)
    ip_frag                                  0x0800a229   Thumb Code   336  ip_frag.o(.text)
    vlwIPInit                                0x0800a385   Thumb Code    24  lwipentry.o(.text)
    LwIPEntry                                0x0800a39d   Thumb Code   106  lwipentry.o(.text)
    netconn_new_with_proto_and_callback      0x0800a40d   Thumb Code    72  api_lib.o(.text)
    netconn_delete                           0x0800a455   Thumb Code    40  api_lib.o(.text)
    netconn_getaddr                          0x0800a47d   Thumb Code    40  api_lib.o(.text)
    netconn_bind                             0x0800a4a5   Thumb Code    36  api_lib.o(.text)
    netconn_connect                          0x0800a4c9   Thumb Code    36  api_lib.o(.text)
    netconn_disconnect                       0x0800a4ed   Thumb Code    26  api_lib.o(.text)
    netconn_listen_with_backlog              0x0800a507   Thumb Code    28  api_lib.o(.text)
    netconn_accept                           0x0800a523   Thumb Code    32  api_lib.o(.text)
    netconn_recv                             0x0800a543   Thumb Code   284  api_lib.o(.text)
    netconn_send                             0x0800a65f   Thumb Code    30  api_lib.o(.text)
    netconn_sendto                           0x0800a67d   Thumb Code    36  api_lib.o(.text)
    netconn_write                            0x0800a6a1   Thumb Code    40  api_lib.o(.text)
    netconn_close                            0x0800a6c9   Thumb Code    26  api_lib.o(.text)
    netconn_gethostbyname                    0x0800a6e3   Thumb Code    64  api_lib.o(.text)
    netconn_free                             0x0800ab7f   Thumb Code   114  api_msg.o(.text)
    netconn_alloc                            0x0800abf1   Thumb Code   106  api_msg.o(.text)
    do_newconn                               0x0800ad57   Thumb Code    26  api_msg.o(.text)
    do_delconn                               0x0800ad71   Thumb Code   126  api_msg.o(.text)
    do_bind                                  0x0800adef   Thumb Code   114  api_msg.o(.text)
    do_connect                               0x0800ae95   Thumb Code   156  api_msg.o(.text)
    do_disconnect                            0x0800af31   Thumb Code    34  api_msg.o(.text)
    do_listen                                0x0800af53   Thumb Code   160  api_msg.o(.text)
    do_send                                  0x0800aff3   Thumb Code   144  api_msg.o(.text)
    do_recv                                  0x0800b083   Thumb Code    50  api_msg.o(.text)
    do_write                                 0x0800b0b5   Thumb Code    72  api_msg.o(.text)
    do_getaddr                               0x0800b0fd   Thumb Code   172  api_msg.o(.text)
    do_close                                 0x0800b1a9   Thumb Code    48  api_msg.o(.text)
    do_gethostbyname                         0x0800b205   Thumb Code    40  api_msg.o(.text)
    netbuf_new                               0x0800b239   Thumb Code    30  netbuf.o(.text)
    netbuf_delete                            0x0800b257   Thumb Code    32  netbuf.o(.text)
    netbuf_alloc                             0x0800b277   Thumb Code    46  netbuf.o(.text)
    netbuf_free                              0x0800b2a5   Thumb Code    22  netbuf.o(.text)
    netbuf_ref                               0x0800b2bb   Thumb Code    62  netbuf.o(.text)
    netbuf_chain                             0x0800b2f9   Thumb Code    28  netbuf.o(.text)
    netbuf_data                              0x0800b315   Thumb Code    28  netbuf.o(.text)
    netbuf_next                              0x0800b331   Thumb Code    34  netbuf.o(.text)
    netbuf_first                             0x0800b353   Thumb Code     6  netbuf.o(.text)
    tcp_timer_needed                         0x0800b381   Thumb Code    38  tcpip.o(.text)
    tcpip_input                              0x0800b4bb   Thumb Code    72  tcpip.o(.text)
    tcpip_callback_with_block                0x0800b503   Thumb Code    92  tcpip.o(.text)
    tcpip_timeout                            0x0800b55f   Thumb Code    64  tcpip.o(.text)
    tcpip_untimeout                          0x0800b59f   Thumb Code    56  tcpip.o(.text)
    tcpip_apimsg                             0x0800b5d7   Thumb Code    52  tcpip.o(.text)
    tcpip_init                               0x0800b60b   Thumb Code    44  tcpip.o(.text)
    pbuf_free_callback                       0x0800b645   Thumb Code    16  tcpip.o(.text)
    mem_free_callback                        0x0800b655   Thumb Code    16  tcpip.o(.text)
    __aeabi_memcpy                           0x0800b6a9   Thumb Code    36  memcpya.o(.text)
    __aeabi_memcpy4                          0x0800b6a9   Thumb Code     0  memcpya.o(.text)
    __aeabi_memcpy8                          0x0800b6a9   Thumb Code     0  memcpya.o(.text)
    __aeabi_memset                           0x0800b6cd   Thumb Code    14  memseta.o(.text)
    __aeabi_memset4                          0x0800b6cd   Thumb Code     0  memseta.o(.text)
    __aeabi_memset8                          0x0800b6cd   Thumb Code     0  memseta.o(.text)
    __aeabi_memclr                           0x0800b6db   Thumb Code     4  memseta.o(.text)
    __aeabi_memclr4                          0x0800b6db   Thumb Code     0  memseta.o(.text)
    __aeabi_memclr8                          0x0800b6db   Thumb Code     0  memseta.o(.text)
    _memset$wrapper                          0x0800b6df   Thumb Code    18  memseta.o(.text)
    strlen                                   0x0800b6f1   Thumb Code    14  strlen.o(.text)
    strcmp                                   0x0800b6ff   Thumb Code    28  strcmp.o(.text)
    strcpy                                   0x0800b71b   Thumb Code    18  strcpy.o(.text)
    __aeabi_uidiv                            0x0800b72d   Thumb Code     0  uidiv.o(.text)
    __aeabi_uidivmod                         0x0800b72d   Thumb Code    44  uidiv.o(.text)
    __aeabi_uldivmod                         0x0800b759   Thumb Code    98  uldiv.o(.text)
    __I$use$fp                               0x0800b7bb   Thumb Code     0  iusefp.o(.text)
    __aeabi_dadd                             0x0800b7bb   Thumb Code   322  dadd.o(.text)
    __aeabi_dsub                             0x0800b8fd   Thumb Code     6  dadd.o(.text)
    __aeabi_drsub                            0x0800b903   Thumb Code     6  dadd.o(.text)
    __aeabi_dmul                             0x0800b909   Thumb Code   228  dmul.o(.text)
    __aeabi_ddiv                             0x0800b9ed   Thumb Code   222  ddiv.o(.text)
    __aeabi_d2ulz                            0x0800bacb   Thumb Code    48  dfixul.o(.text)
    __aeabi_cdrcmple                         0x0800bafd   Thumb Code    38  cdrcmple.o(.text)
    __scatterload                            0x0800bb25   Thumb Code    28  init.o(.text)
    __scatterload_rt2                        0x0800bb25   Thumb Code     0  init.o(.text)
    __aeabi_llsl                             0x0800bb49   Thumb Code    30  llshl.o(.text)
    _ll_shift_l                              0x0800bb49   Thumb Code     0  llshl.o(.text)
    __aeabi_llsr                             0x0800bb67   Thumb Code    32  llushr.o(.text)
    _ll_ushift_r                             0x0800bb67   Thumb Code     0  llushr.o(.text)
    __aeabi_lasr                             0x0800bb87   Thumb Code    36  llsshr.o(.text)
    _ll_sshift_r                             0x0800bb87   Thumb Code     0  llsshr.o(.text)
    _double_round                            0x0800bbab   Thumb Code    26  depilogue.o(.text)
    _double_epilogue                         0x0800bbc5   Thumb Code   156  depilogue.o(.text)
    __decompress                             0x0800bc61   Thumb Code     0  __dczerorl2.o(.text)
    __decompress1                            0x0800bc61   Thumb Code    86  __dczerorl2.o(.text)
    __0vsprintf                              0x0800bcb9   Thumb Code    30  printfa.o(i.__0vsprintf)
    __1vsprintf                              0x0800bcb9   Thumb Code     0  printfa.o(i.__0vsprintf)
    __2vsprintf                              0x0800bcb9   Thumb Code     0  printfa.o(i.__0vsprintf)
    __c89vsprintf                            0x0800bcb9   Thumb Code     0  printfa.o(i.__0vsprintf)
    vsprintf                                 0x0800bcb9   Thumb Code     0  printfa.o(i.__0vsprintf)
    __scatterload_copy                       0x0800bcdd   Thumb Code    14  handlers.o(i.__scatterload_copy)
    __scatterload_null                       0x0800bceb   Thumb Code     2  handlers.o(i.__scatterload_null)
    __scatterload_zeroinit                   0x0800bced   Thumb Code    14  handlers.o(i.__scatterload_zeroinit)
    bsp_74hc595_set_DATA                     0x0800c599   Thumb Code    22  app_display.o(i.bsp_74hc595_set_DATA)
    bsp_74hc595_set_LOCK                     0x0800c5b5   Thumb Code    22  app_display.o(i.bsp_74hc595_set_LOCK)
    bsp_74hc595_set_OE                       0x0800c5d1   Thumb Code    20  app_display.o(i.bsp_74hc595_set_OE)
    bsp_74hc595_set_OFFSET                   0x0800c5e9   Thumb Code    22  app_display.o(i.bsp_74hc595_set_OFFSET)
    ethbroadcast                             0x0800c60a   Data           6  etharp.o(.constdata)
    ethzero                                  0x0800c610   Data           6  etharp.o(.constdata)
    tcp_backoff                              0x0800c64e   Data          13  tcp.o(.constdata)
    tcp_persist_backoff                      0x0800c65b   Data           7  tcp.o(.constdata)
    ip_addr_any                              0x0800c662   Data           4  ip_addr.o(.constdata)
    ip_addr_broadcast                        0x0800c666   Data           4  ip_addr.o(.constdata)
    Region$$Table$$Base                      0x0800c75c   Number         0  anon$$obj.o(Region$$Table)
    Region$$Table$$Limit                     0x0800c77c   Number         0  anon$$obj.o(Region$$Table)
    TCPTimer                                 0x20000000   Data           4  netconfig.o(.data)
    DNSTimer                                 0x20000004   Data           4  netconfig.o(.data)
    ARPTimer                                 0x20000008   Data           4  netconfig.o(.data)
    DHCPfineTimer                            0x2000000c   Data           4  netconfig.o(.data)
    DHCPcoarseTimer                          0x20000010   Data           4  netconfig.o(.data)
    m_mac                                    0x20000014   Data           6  netconfig.o(.data)
    serverIP                                 0x2000001a   Data           4  netconfig.o(.data)
    maskIP                                   0x2000001e   Data           4  netconfig.o(.data)
    gateIP                                   0x20000022   Data           4  netconfig.o(.data)
    serverPORT                               0x20000026   Data           2  netconfig.o(.data)
    global_udppcb                            0x20000028   Data           4  netconfig.o(.data)
    pxCurrentTCB                             0x20000048   Data           4  tasks.o(.data)
    netif_list                               0x200000c4   Data           4  netif.o(.data)
    netif_default                            0x200000c8   Data           4  netif.o(.data)
    tcp_state_str                            0x200000d4   Data          44  tcp.o(.data)
    tcp_ticks                                0x20000100   Data           4  tcp.o(.data)
    tcp_bound_pcbs                           0x20000104   Data           4  tcp.o(.data)
    tcp_listen_pcbs                          0x20000108   Data           4  tcp.o(.data)
    tcp_active_pcbs                          0x2000010c   Data           4  tcp.o(.data)
    tcp_tw_pcbs                              0x20000110   Data           4  tcp.o(.data)
    tcp_tmp_pcb                              0x20000114   Data           4  tcp.o(.data)
    tcp_input_pcb                            0x2000013c   Data           4  tcp_in.o(.data)
    udp_pcbs                                 0x20000140   Data           4  udp.o(.data)
    current_netif                            0x20000144   Data           4  ip.o(.data)
    current_header                           0x20000148   Data           4  ip.o(.data)
    DM9000AEP                                0x20000174   Data          48  netconfig.o(.bss)
    udpstr                                   0x200001a4   Data          50  netconfig.o(.bss)
    Rx_Data_Buf                              0x2000473c   Data        1516  ethernetif.o(.bss)
    Tx_Data_Buf                              0x20004d28   Data        1516  ethernetif.o(.bss)
    lwip_stats                               0x2000927c   Data         330  stats.o(.bss)
    __initial_sp                             0x20009fc0   Data           0  cstartup.o(STACK)



==============================================================================

Memory Map of the image

  Image Entry point : 0x080000ed

  Load Region LR_IROM1 (Base: 0x08000000, Size: 0x0000c8e4, Max: 0x00040000, ABSOLUTE, COMPRESSED[0x0000c7c4])

    Execution Region ER_IROM1 (Base: 0x08000000, Size: 0x0000c77c, Max: 0x00040000, ABSOLUTE)

    Base Addr    Size         Type   Attr      Idx    E Section Name        Object

    0x08000000   0x000000ec   Data   RO          497    RESET               cstartup.o
    0x080000ec   0x00000000   Code   RO         1705  * .ARM.Collect$$$$00000000  mc_w.l(entry.o)
    0x080000ec   0x00000004   Code   RO         1750    .ARM.Collect$$$$00000001  mc_w.l(entry2.o)
    0x080000f0   0x00000004   Code   RO         1753    .ARM.Collect$$$$00000004  mc_w.l(entry5.o)
    0x080000f4   0x00000000   Code   RO         1755    .ARM.Collect$$$$00000008  mc_w.l(entry7b.o)
    0x080000f4   0x00000000   Code   RO         1757    .ARM.Collect$$$$0000000A  mc_w.l(entry8b.o)
    0x080000f4   0x00000008   Code   RO         1758    .ARM.Collect$$$$0000000B  mc_w.l(entry9a.o)
    0x080000fc   0x00000000   Code   RO         1760    .ARM.Collect$$$$0000000D  mc_w.l(entry10a.o)
    0x080000fc   0x00000000   Code   RO         1762    .ARM.Collect$$$$0000000F  mc_w.l(entry11a.o)
    0x080000fc   0x00000004   Code   RO         1751    .ARM.Collect$$$$00002712  mc_w.l(entry2.o)
    0x08000100   0x00000096   Code   RO          745    .emb_text           port.o
    0x08000196   0x00000002   PAD
    0x08000198   0x000000a8   Code   RO            3    .text               main.o
    0x08000240   0x000000d0   Code   RO          194    .text               app_led.o
    0x08000310   0x0000011c   Code   RO          231    .text               netconfig.o
    0x0800042c   0x00000220   Code   RO          308    .text               app_serial.o
    0x0800064c   0x00000204   Code   RO          355    .text               app_display.o
    0x08000850   0x0000017c   Code   RO          414    .text               bsp.o
    0x080009cc   0x00000504   Code   RO          450    .text               dm9000x.o
    0x08000ed0   0x00000314   Code   RO          474    .text               i2c_bus.o
    0x080011e4   0x0000001c   Code   RO          498    .text               cstartup.o
    0x08001200   0x0000035c   Code   RO          504    .text               stm32f10x_gpio.o
    0x0800155c   0x000003a4   Code   RO          524    .text               stm32f10x_rcc.o
    0x08001900   0x000000dc   Code   RO          572    .text               misc.o
    0x080019dc   0x00000408   Code   RO          592    .text               stm32f10x_usart.o
    0x08001de4   0x00000094   Code   RO          681    .text               list.o
    0x08001e78   0x00000724   Code   RO          693    .text               queue.o
    0x0800259c   0x00001328   Code   RO          708    .text               tasks.o
    0x080038c4   0x000000e4   Code   RO          746    .text               port.o
    0x080039a8   0x00000124   Code   RO          775    .text               heap_2.o
    0x08003acc   0x00000138   Code   RO          792    .text               ethernetif.o
    0x08003c04   0x000002ec   Code   RO          832    .text               sys_arch.o
    0x08003ef0   0x00000994   Code   RO          878    .text               etharp.o
    0x08004884   0x000005a4   Code   RO          964    .text               dns.o
    0x08004e28   0x00000426   Code   RO         1016    .text               mem.o
    0x0800524e   0x00000002   PAD
    0x08005250   0x0000017c   Code   RO         1034    .text               memp.o
    0x080053cc   0x00000204   Code   RO         1067    .text               netif.o
    0x080055d0   0x00000536   Code   RO         1089    .text               pbuf.o
    0x08005b06   0x00000002   PAD
    0x08005b08   0x0000019c   Code   RO         1115    .text               raw.o
    0x08005ca4   0x0000024c   Code   RO         1141    .text               sys.o
    0x08005ef0   0x00000c08   Code   RO         1162    .text               tcp.o
    0x08006af8   0x0000174c   Code   RO         1183    .text               tcp_in.o
    0x08008244   0x00000afc   Code   RO         1206    .text               tcp_out.o
    0x08008d40   0x000004cc   Code   RO         1218    .text               udp.o
    0x0800920c   0x000002ac   Code   RO         1236    .text               icmp.o
    0x080094b8   0x0000021c   Code   RO         1254    .text               inet.o
    0x080096d4   0x00000156   Code   RO         1267    .text               inet_chksum.o
    0x0800982a   0x00000002   PAD
    0x0800982c   0x000004f0   Code   RO         1283    .text               ip.o
    0x08009d1c   0x0000004e   Code   RO         1304    .text               ip_addr.o
    0x08009d6a   0x00000002   PAD
    0x08009d6c   0x00000618   Code   RO         1326    .text               ip_frag.o
    0x0800a384   0x00000088   Code   RO         1343    .text               lwipentry.o
    0x0800a40c   0x00000348   Code   RO         1426    .text               api_lib.o
    0x0800a754   0x00000ae4   Code   RO         1473    .text               api_msg.o
    0x0800b238   0x00000120   Code   RO         1534    .text               netbuf.o
    0x0800b358   0x00000350   Code   RO         1648    .text               tcpip.o
    0x0800b6a8   0x00000024   Code   RO         1708    .text               mc_w.l(memcpya.o)
    0x0800b6cc   0x00000024   Code   RO         1710    .text               mc_w.l(memseta.o)
    0x0800b6f0   0x0000000e   Code   RO         1712    .text               mc_w.l(strlen.o)
    0x0800b6fe   0x0000001c   Code   RO         1714    .text               mc_w.l(strcmp.o)
    0x0800b71a   0x00000012   Code   RO         1716    .text               mc_w.l(strcpy.o)
    0x0800b72c   0x0000002c   Code   RO         1767    .text               mc_w.l(uidiv.o)
    0x0800b758   0x00000062   Code   RO         1769    .text               mc_w.l(uldiv.o)
    0x0800b7ba   0x00000000   Code   RO         1780    .text               mc_w.l(iusefp.o)
    0x0800b7ba   0x0000014e   Code   RO         1781    .text               mf_w.l(dadd.o)
    0x0800b908   0x000000e4   Code   RO         1783    .text               mf_w.l(dmul.o)
    0x0800b9ec   0x000000de   Code   RO         1785    .text               mf_w.l(ddiv.o)
    0x0800baca   0x00000030   Code   RO         1787    .text               mf_w.l(dfixul.o)
    0x0800bafa   0x00000002   PAD
    0x0800bafc   0x00000028   Code   RO         1789    .text               mf_w.l(cdrcmple.o)
    0x0800bb24   0x00000024   Code   RO         1791    .text               mc_w.l(init.o)
    0x0800bb48   0x0000001e   Code   RO         1794    .text               mc_w.l(llshl.o)
    0x0800bb66   0x00000020   Code   RO         1796    .text               mc_w.l(llushr.o)
    0x0800bb86   0x00000024   Code   RO         1798    .text               mc_w.l(llsshr.o)
    0x0800bbaa   0x000000b6   Code   RO         1831    .text               mf_w.l(depilogue.o)
    0x0800bc60   0x00000056   Code   RO         1843    .text               mc_w.l(__dczerorl2.o)
    0x0800bcb6   0x00000002   PAD
    0x0800bcb8   0x00000024   Code   RO         1727    i.__0vsprintf       mc_w.l(printfa.o)
    0x0800bcdc   0x0000000e   Code   RO         1837    i.__scatterload_copy  mc_w.l(handlers.o)
    0x0800bcea   0x00000002   Code   RO         1838    i.__scatterload_null  mc_w.l(handlers.o)
    0x0800bcec   0x0000000e   Code   RO         1839    i.__scatterload_zeroinit  mc_w.l(handlers.o)
    0x0800bcfa   0x00000002   PAD
    0x0800bcfc   0x00000164   Code   RO         1728    i._fp_digits        mc_w.l(printfa.o)
    0x0800be60   0x000006dc   Code   RO         1729    i._printf_core      mc_w.l(printfa.o)
    0x0800c53c   0x00000024   Code   RO         1730    i._printf_post_padding  mc_w.l(printfa.o)
    0x0800c560   0x0000002e   Code   RO         1731    i._printf_pre_padding  mc_w.l(printfa.o)
    0x0800c58e   0x0000000a   Code   RO         1733    i._sputc            mc_w.l(printfa.o)
    0x0800c598   0x0000001c   Code   RO          385    i.bsp_74hc595_set_DATA  app_display.o
    0x0800c5b4   0x0000001c   Code   RO          375    i.bsp_74hc595_set_LOCK  app_display.o
    0x0800c5d0   0x00000018   Code   RO          370    i.bsp_74hc595_set_OE  app_display.o
    0x0800c5e8   0x0000001c   Code   RO          380    i.bsp_74hc595_set_OFFSET  app_display.o
    0x0800c604   0x00000006   Data   RO          195    .constdata          app_led.o
    0x0800c60a   0x0000000c   Data   RO          880    .constdata          etharp.o
    0x0800c616   0x00000038   Data   RO         1036    .constdata          memp.o
    0x0800c64e   0x00000014   Data   RO         1163    .constdata          tcp.o
    0x0800c662   0x00000008   Data   RO         1305    .constdata          ip_addr.o
    0x0800c66a   0x00000002   PAD
    0x0800c66c   0x00000075   Data   RO         1164    .conststring        tcp.o
    0x0800c6e1   0x00000003   PAD
    0x0800c6e4   0x00000078   Data   RO         1344    .conststring        lwipentry.o
    0x0800c75c   0x00000020   Data   RO         1835    Region$$Table       anon$$obj.o


    Execution Region RW_IRAM1 (Base: 0x20000000, Size: 0x00009fc0, Max: 0x0000c000, ABSOLUTE, COMPRESSED[0x00000048])

    Base Addr    Size         Type   Attr      Idx    E Section Name        Object

    0x20000000   0x0000002c   Data   RW          233    .data               netconfig.o
    0x2000002c   0x00000008   Data   RW          309    .data               app_serial.o
    0x20000034   0x00000014   Data   RW          525    .data               stm32f10x_rcc.o
    0x20000048   0x0000003c   Data   RW          710    .data               tasks.o
    0x20000084   0x00000004   Data   RW          747    .data               port.o
    0x20000088   0x00000018   Data   RW          777    .data               heap_2.o
    0x200000a0   0x00000002   Data   RW          834    .data               sys_arch.o
    0x200000a2   0x00000001   Data   RW          881    .data               etharp.o
    0x200000a3   0x00000001   PAD
    0x200000a4   0x0000000d   Data   RW          966    .data               dns.o
    0x200000b1   0x00000003   PAD
    0x200000b4   0x00000010   Data   RW         1018    .data               mem.o
    0x200000c4   0x00000009   Data   RW         1068    .data               netif.o
    0x200000cd   0x00000001   Data   RW         1090    .data               pbuf.o
    0x200000ce   0x00000002   PAD
    0x200000d0   0x00000004   Data   RW         1116    .data               raw.o
    0x200000d4   0x0000004c   Data   RW         1165    .data               tcp.o
    0x20000120   0x00000020   Data   RW         1185    .data               tcp_in.o
    0x20000140   0x00000004   Data   RW         1219    .data               udp.o
    0x20000144   0x0000000a   Data   RW         1284    .data               ip.o
    0x2000014e   0x00000002   PAD
    0x20000150   0x00000006   Data   RW         1328    .data               ip_frag.o
    0x20000156   0x00000002   PAD
    0x20000158   0x00000010   Data   RW         1649    .data               tcpip.o
    0x20000168   0x0000000c   Zero   RW            4    .bss                main.o
    0x20000174   0x00000062   Zero   RW          232    .bss                netconfig.o
    0x200001d6   0x00000002   PAD
    0x200001d8   0x00000038   Zero   RW          475    .bss                i2c_bus.o
    0x20000210   0x0000012c   Zero   RW          709    .bss                tasks.o
    0x2000033c   0x00004400   Zero   RW          776    .bss                heap_2.o
    0x2000473c   0x00000bd8   Zero   RW          793    .bss                ethernetif.o
    0x20005314   0x00000028   Zero   RW          833    .bss                sys_arch.o
    0x2000533c   0x000000c8   Zero   RW          879    .bss                etharp.o
    0x20005404   0x00000660   Zero   RW          965    .bss                dns.o
    0x20005a64   0x000007e4   Zero   RW         1017    .bss                mem.o
    0x20006248   0x00003033   Zero   RW         1035    .bss                memp.o
    0x2000927b   0x00000001   PAD
    0x2000927c   0x0000014a   Zero   RW         1129    .bss                stats.o
    0x200093c6   0x00000002   PAD
    0x200093c8   0x00000014   Zero   RW         1184    .bss                tcp_in.o
    0x200093dc   0x00000010   Zero   RW         1255    .bss                inet.o
    0x200093ec   0x000007d4   Zero   RW         1327    .bss                ip_frag.o
    0x20009bc0   0x00000400   Zero   RW          495    STACK               cstartup.o


==============================================================================

Image component sizes


      Code (inc. data)   RO Data    RW Data    ZI Data      Debug   Object Name

       840         50          0          0          0      19636   api_lib.o
      2788         38          0          0          0      26087   api_msg.o
       624         36          0          0          0       6898   app_display.o
       208         16          6          0          0       1290   app_led.o
       544         32          0          8          0       8966   app_serial.o
       380         16          0          0          0       1951   bsp.o
        28          4        236          0       1024        792   cstartup.o
      1284         78          0          0          0       4630   dm9000x.o
      1444         58          0         13       1632       6157   dns.o
      2452         38         12          1        200      17649   etharp.o
       312         26          0          0       3032       5319   ethernetif.o
         0          0          0          0          0       9540   event_groups.o
       292         20          0         24      17408       3148   heap_2.o
       788         12          0          0         56       3058   i2c_bus.o
       684          6          0          0          0       2542   icmp.o
       540         12          0          0         16       3140   inet.o
       342          0          0          0          0       5170   inet_chksum.o
         0          0          0          0          0        672   init.o
      1264         28          0         10          0       6242   ip.o
        78          0          8          0          0       5445   ip_addr.o
      1560         24          0          6       2004       5804   ip_frag.o
       148          0          0          0          0       1822   list.o
       136          6        120          0          0      18509   lwipentry.o
       168         68          0          0         12     252871   main.o
      1062         24          0         16       2020       3834   mem.o
       380         20         56          0      12339       3038   memp.o
       220         22          0          0          0       1761   misc.o
       288          0          0          0          0       6433   netbuf.o
       284         28          0         44         98      15345   netconfig.o
       516         22          0          9          0       5260   netif.o
      1334         12          0          1          0       6108   pbuf.o
       378         28          0          4          0       7016   port.o
      1828         10          0          0          0      11211   queue.o
       412          4          0          4          0       3333   raw.o
         0          0          0          0        330       3329   stats.o
       860         38          0          0          0       5605   stm32f10x_gpio.o
       932         36          0         20          0       8772   stm32f10x_rcc.o
      1032         22          0          0          0       8332   stm32f10x_usart.o
       588          4          0          0          0       3248   sys.o
       748         12          0          2         40       8734   sys_arch.o
      4904        302          0         60        300      29607   tasks.o
      3080        120        137         76          0      18085   tcp.o
      5964        248          0         32         20      14188   tcp_in.o
      2812         26          0          0          0       6894   tcp_out.o
       848         74          0         16          0      20920   tcpip.o
      1228         16          0          4          0       6261   udp.o

    ----------------------------------------------------------------------
     46612       1636        612        360      40536     614652   Object Totals
         0          0         32          0          0          0   (incl. Generated)
        10          0          5         10          5          0   (incl. Padding)

    ----------------------------------------------------------------------

      Code (inc. data)   RO Data    RW Data    ZI Data      Debug   Library Member Name

        86          0          0          0          0          0   __dczerorl2.o
         0          0          0          0          0          0   entry.o
         0          0          0          0          0          0   entry10a.o
         0          0          0          0          0          0   entry11a.o
         8          4          0          0          0          0   entry2.o
         4          0          0          0          0          0   entry5.o
         0          0          0          0          0          0   entry7b.o
         0          0          0          0          0          0   entry8b.o
         8          4          0          0          0          0   entry9a.o
        30          0          0          0          0          0   handlers.o
        36          8          0          0          0         68   init.o
         0          0          0          0          0          0   iusefp.o
        30          0          0          0          0         68   llshl.o
        36          0          0          0          0         68   llsshr.o
        32          0          0          0          0         68   llushr.o
        36          0          0          0          0         68   memcpya.o
        36          0          0          0          0        108   memseta.o
      2240         86          0          0          0        508   printfa.o
        28          0          0          0          0         76   strcmp.o
        18          0          0          0          0         68   strcpy.o
        14          0          0          0          0         68   strlen.o
        44          0          0          0          0         80   uidiv.o
        98          0          0          0          0         92   uldiv.o
        40          2          0          0          0         68   cdrcmple.o
       334          0          0          0          0        148   dadd.o
       222          0          0          0          0        100   ddiv.o
       182          0          0          0          0        176   depilogue.o
        48          0          0          0          0         68   dfixul.o
       228          0          0          0          0         96   dmul.o

    ----------------------------------------------------------------------
      3844        104          0          0          0       1996   Library Totals
         6          0          0          0          0          0   (incl. Padding)

    ----------------------------------------------------------------------

      Code (inc. data)   RO Data    RW Data    ZI Data      Debug   Library Name

      2784        102          0          0          0       1340   mc_w.l
      1054          2          0          0          0        656   mf_w.l

    ----------------------------------------------------------------------
      3844        104          0          0          0       1996   Library Totals

    ----------------------------------------------------------------------

==============================================================================


      Code (inc. data)   RO Data    RW Data    ZI Data      Debug   

     50456       1740        612        360      40536     611992   Grand Totals
     50456       1740        612         72      40536     611992   ELF Image Totals (compressed)
     50456       1740        612         72          0          0   ROM Totals

==============================================================================

    Total RO  Size (Code + RO Data)                51068 (  49.87kB)
    Total RW  Size (RW Data + ZI Data)             40896 (  39.94kB)
    Total ROM Size (Code + RO Data + RW Data)      51140 (  49.94kB)

==============================================================================

