Product: MDK-ARM Standard 5.10
Component: ARM Compiler 5.04 update 1 (build 49)
Tool: armlink [5040049]

==============================================================================

Section Cross References

    main.o(.text) refers to bsp.o(.text) for bsp_init
    main.o(.text) refers to app_serial.o(.text) for dbg_string
    main.o(.text) refers to lwipentry.o(.text) for vlwIPInit
    main.o(.text) refers to netconfig.o(.text) for LwIP_Init
    main.o(.text) refers to queue.o(.text) for xQueueCreateMutex
    main.o(.text) refers to sys_arch.o(.text) for sys_thread_new
    main.o(.text) refers to tasks.o(.text) for xTaskCreate
    main.o(.text) refers to main.o(.bss) for global_source
    main.o(.text) refers to app_display.o(.text) for app_display_show_task
    main.o(.text) refers to app_led.o(.text) for app_led_task_blink
    main.o(.text) refers to app_sht10.o(.text) for app_sht10_task
    main.o(.text) refers to app_ds3231.o(.text) for app_ds3231_task
    main.o(.text) refers to app_buz.o(.text) for app_buz_task
    app_led.o(.text) refers to stm32f10x_rcc.o(.text) for RCC_APB2PeriphClockCmd
    app_led.o(.text) refers to stm32f10x_gpio.o(.text) for GPIO_Init
    app_led.o(.text) refers to tasks.o(.text) for xTaskGetTickCount
    app_led.o(.text) refers to queue.o(.text) for xQueueGenericReceive
    app_led.o(.text) refers to memseta.o(.text) for __aeabi_memset
    app_led.o(.text) refers to app_led.o(.constdata) for .constdata
    netconfig.o(.text) refers to inet.o(.text) for htonl
    netconfig.o(.text) refers to netif.o(.text) for netif_add
    netconfig.o(.text) refers to netconfig.o(.data) for serverIP
    netconfig.o(.text) refers to netconfig.o(.bss) for DM9000AEP
    netconfig.o(.text) refers to tcpip.o(.text) for tcpip_input
    netconfig.o(.text) refers to ethernetif.o(.text) for ethernetif_init
    app_serial.o(.text) refers to queue.o(.text) for xQueueGenericSend
    app_serial.o(.text) refers to stm32f10x_usart.o(.text) for USART_ITConfig
    app_serial.o(.text) refers to tasks.o(.text) for vTaskDelay
    app_serial.o(.text) refers to printfa.o(i.__0vsprintf) for __c89vsprintf
    app_serial.o(.text) refers to stm32f10x_rcc.o(.text) for RCC_APB2PeriphClockCmd
    app_serial.o(.text) refers to stm32f10x_gpio.o(.text) for GPIO_Init
    app_serial.o(.text) refers to misc.o(.text) for NVIC_Init
    app_serial.o(.text) refers to app_serial.o(.data) for xCharsForTx
    app_display.o(.text) refers to app_display.o(i.bsp_74hc595_set_DATA) for bsp_74hc595_set_DATA
    app_display.o(.text) refers to app_display.o(i.bsp_74hc595_set_OFFSET) for bsp_74hc595_set_OFFSET
    app_display.o(.text) refers to app_display.o(i.bsp_74hc595_set_LOCK) for bsp_74hc595_set_LOCK
    app_display.o(.text) refers to app_display.o(i.bsp_74hc595_set_OE) for bsp_74hc595_set_OE
    app_display.o(.text) refers to queue.o(.text) for xQueueGenericReceive
    app_display.o(.text) refers to port.o(.text) for vPortEnterCritical
    app_display.o(.text) refers to tasks.o(.text) for vTaskDelay
    app_sht10.o(.text) refers to ffltui.o(.text) for __aeabi_ui2f
    app_sht10.o(.text) refers to fmul.o(.text) for __aeabi_fmul
    app_sht10.o(.text) refers to fadd.o(.text) for __aeabi_fadd
    app_sht10.o(.text) refers to f2d.o(.text) for __aeabi_f2d
    app_sht10.o(.text) refers to ddiv.o(.text) for __aeabi_ddiv
    app_sht10.o(.text) refers to dadd.o(.text) for __aeabi_dadd
    app_sht10.o(.text) refers to d2f.o(.text) for __aeabi_d2f
    app_sht10.o(.text) refers to i2c_bus.o(.text) for i2c_bus_start
    app_sht10.o(.text) refers to tasks.o(.text) for vTaskDelay
    app_sht10.o(.text) refers to app_serial.o(.text) for dbg_string
    app_sht10.o(.text) refers to app_sht10.o(.data) for temp
    app_ds3231.o(.text) refers to i2c_bus.o(.text) for i2c_bus_read_ds3231
    app_ds3231.o(.text) refers to app_ds3231.o(.constdata) for rtc_days_in_month
    app_ds3231.o(.text) refers to queue.o(.text) for xQueueCreateMutex
    app_ds3231.o(.text) refers to app_serial.o(.text) for dbg_string
    app_ds3231.o(.text) refers to stm32f10x_exti.o(.text) for EXTI_GetITStatus
    app_ds3231.o(.text) refers to app_ds3231.o(.data) for timeSync
    app_buz.o(.text) refers to queue.o(.text) for xQueueGenericReceive
    app_buz.o(.text) refers to stm32f10x_tim.o(.text) for TIM_CtrlPWMOutputs
    app_buz.o(.text) refers to tasks.o(.text) for vTaskDelay
    bsp.o(.text) refers to stm32f10x_tim.o(.text) for TIM_TimeBaseInit
    bsp.o(.text) refers to stm32f10x_rcc.o(.text) for RCC_APB2PeriphClockCmd
    bsp.o(.text) refers to stm32f10x_gpio.o(.text) for GPIO_Init
    bsp.o(.text) refers to misc.o(.text) for NVIC_Init
    bsp.o(.text) refers to stm32f10x_exti.o(.text) for EXTI_Init
    bsp.o(.text) refers to app_serial.o(.text) for serial_init
    bsp.o(.text) refers to i2c_bus.o(.text) for i2c_bus_init
    bsp.o(.text) refers to app_led.o(.text) for app_led_init
    dm9000x.o(.text) refers to stm32f10x_rcc.o(.text) for RCC_APB2PeriphClockCmd
[...]
    memp_num                                 0x0800e45a   Data          28  memp.o(.constdata)
    .constdata                               0x0800e476   Section       20  tcp.o(.constdata)
    .constdata                               0x0800e48a   Section        8  ip_addr.o(.constdata)
    .conststring                             0x0800e494   Section      117  tcp.o(.conststring)
    .conststring                             0x0800e50c   Section      120  lwipentry.o(.conststring)
    .data                                    0x20000000   Section       44  netconfig.o(.data)
    .data                                    0x2000002c   Section        8  app_serial.o(.data)
    xCharsForTx                              0x2000002c   Data           4  app_serial.o(.data)
    xPort                                    0x20000030   Data           4  app_serial.o(.data)
    .data                                    0x20000034   Section        8  app_sht10.o(.data)
    .data                                    0x2000003c   Section        4  app_ds3231.o(.data)
    timeSync                                 0x2000003c   Data           4  app_ds3231.o(.data)
    .data                                    0x20000040   Section       20  stm32f10x_rcc.o(.data)
    APBAHBPrescTable                         0x20000040   Data          16  stm32f10x_rcc.o(.data)
    ADCPrescTable                            0x20000050   Data           4  stm32f10x_rcc.o(.data)
    .data                                    0x20000054   Section       60  tasks.o(.data)
    pxDelayedTaskList                        0x20000058   Data           4  tasks.o(.data)
    pxOverflowDelayedTaskList                0x2000005c   Data           4  tasks.o(.data)
    uxDeletedTasksWaitingCleanUp             0x20000060   Data           4  tasks.o(.data)
    uxCurrentNumberOfTasks                   0x20000064   Data           4  tasks.o(.data)
    xTickCount                               0x20000068   Data           4  tasks.o(.data)
    uxTopReadyPriority                       0x2000006c   Data           4  tasks.o(.data)
    xSchedulerRunning                        0x20000070   Data           4  tasks.o(.data)
    uxPendedTicks                            0x20000074   Data           4  tasks.o(.data)
    xYieldPending                            0x20000078   Data           4  tasks.o(.data)
    xNumOfOverflows                          0x2000007c   Data           4  tasks.o(.data)
    uxTaskNumber                             0x20000080   Data           4  tasks.o(.data)
    xNextTaskUnblockTime                     0x20000084   Data           4  tasks.o(.data)
    xIdleTaskHandle                          0x20000088   Data           4  tasks.o(.data)
    uxSchedulerSuspended                     0x2000008c   Data           4  tasks.o(.data)
    .data                                    0x20000090   Section        4  port.o(.data)
    uxCriticalNesting                        0x20000090   Data           4  port.o(.data)
    .data                                    0x20000094   Section       24  heap_2.o(.data)
    xStart                                   0x20000094   Data           8  heap_2.o(.data)
    xEnd                                     0x2000009c   Data           8  heap_2.o(.data)
    xFreeBytesRemaining                      0x200000a4   Data           4  heap_2.o(.data)
    xHeapHasBeenInitialised                  0x200000a8   Data           4  heap_2.o(.data)
    .data                                    0x200000ac   Section        2  sys_arch.o(.data)
    s_nextthread                             0x200000ac   Data           2  sys_arch.o(.data)
    .data                                    0x200000ae   Section        1  etharp.o(.data)
    etharp_cached_entry                      0x200000ae   Data           1  etharp.o(.data)
    .data                                    0x200000b0   Section       13  dns.o(.data)
    dns_pcb                                  0x200000b0   Data           4  dns.o(.data)
    dns_seqno                                0x200000b4   Data           1  dns.o(.data)
    dns_servers                              0x200000b5   Data           8  dns.o(.data)
    .data                                    0x200000c0   Section       16  mem.o(.data)
    ram                                      0x200000c0   Data           4  mem.o(.data)
    ram_end                                  0x200000c4   Data           4  mem.o(.data)
    lfree                                    0x200000c8   Data           4  mem.o(.data)
    mem_sem                                  0x200000cc   Data           4  mem.o(.data)
    .data                                    0x200000d0   Section        9  netif.o(.data)
    netifnum                                 0x200000d8   Data           1  netif.o(.data)
    .data                                    0x200000d9   Section        1  pbuf.o(.data)
    pbuf_free_ooseq_queued                   0x200000d9   Data           1  pbuf.o(.data)
    .data                                    0x200000dc   Section        4  raw.o(.data)
    raw_pcbs                                 0x200000dc   Data           4  raw.o(.data)
    .data                                    0x200000e0   Section       76  tcp.o(.data)
    tcp_timer                                0x20000124   Data           1  tcp.o(.data)
    port                                     0x20000126   Data           2  tcp.o(.data)
    iss                                      0x20000128   Data           4  tcp.o(.data)
    .data                                    0x2000012c   Section       32  tcp_in.o(.data)
    tcphdr                                   0x2000012c   Data           4  tcp_in.o(.data)
    iphdr                                    0x20000130   Data           4  tcp_in.o(.data)
    seqno                                    0x20000134   Data           4  tcp_in.o(.data)
    ackno                                    0x20000138   Data           4  tcp_in.o(.data)
    flags                                    0x2000013c   Data           1  tcp_in.o(.data)
    tcplen                                   0x2000013e   Data           2  tcp_in.o(.data)
    recv_flags                               0x20000140   Data           1  tcp_in.o(.data)
    recv_data                                0x20000144   Data           4  tcp_in.o(.data)
    .data                                    0x2000014c   Section        4  udp.o(.data)
    .data                                    0x20000150   Section       10  ip.o(.data)
    ip_id                                    0x20000158   Data           2  ip.o(.data)
    .data                                    0x2000015c   Section        6  ip_frag.o(.data)
    reassdatagrams                           0x2000015c   Data           4  ip_frag.o(.data)
    ip_reass_pbufcount                       0x20000160   Data           2  ip_frag.o(.data)
    .data                                    0x20000164   Section       16  tcpip.o(.data)
    tcpip_init_done                          0x20000164   Data           4  tcpip.o(.data)
    tcpip_init_done_arg                      0x20000168   Data           4  tcpip.o(.data)
    mbox                                     0x2000016c   Data           4  tcpip.o(.data)
    tcpip_tcp_timer_active                   0x20000170   Data           4  tcpip.o(.data)
    .bss                                     0x20000174   Section       20  main.o(.bss)
    global_source                            0x20000174   Data          20  main.o(.bss)
    .bss                                     0x20000188   Section       98  netconfig.o(.bss)
    .bss                                     0x200001ec   Section       48  i2c_bus.o(.bss)
    i2c_bus                                  0x200001ec   Data          48  i2c_bus.o(.bss)
    .bss                                     0x2000021c   Section      300  tasks.o(.bss)
    pxReadyTasksLists                        0x2000021c   Data         200  tasks.o(.bss)
    xDelayedTaskList1                        0x200002e4   Data          20  tasks.o(.bss)
    xDelayedTaskList2                        0x200002f8   Data          20  tasks.o(.bss)
    xPendingReadyList                        0x2000030c   Data          20  tasks.o(.bss)
    xTasksWaitingTermination                 0x20000320   Data          20  tasks.o(.bss)
    xSuspendedTaskList                       0x20000334   Data          20  tasks.o(.bss)
    .bss                                     0x20000348   Section    17408  heap_2.o(.bss)
    ucHeap                                   0x20000348   Data       17408  heap_2.o(.bss)
    .bss                                     0x20004748   Section     3032  ethernetif.o(.bss)
    .bss                                     0x20005320   Section       40  sys_arch.o(.bss)
    s_timeoutlist                            0x20005320   Data          40  sys_arch.o(.bss)
    .bss                                     0x20005348   Section      200  etharp.o(.bss)
    arp_table                                0x20005348   Data         200  etharp.o(.bss)
    .bss                                     0x20005410   Section     1632  dns.o(.bss)
    dns_table                                0x20005410   Data        1120  dns.o(.bss)
    dns_payload                              0x20005870   Data         512  dns.o(.bss)
    .bss                                     0x20005a70   Section     2020  mem.o(.bss)
    ram_heap                                 0x20005a70   Data        2020  mem.o(.bss)
    .bss                                     0x20006254   Section    12339  memp.o(.bss)
    memp_tab                                 0x20006254   Data          56  memp.o(.bss)
    memp_memory                              0x2000628c   Data       12283  memp.o(.bss)
    .bss                                     0x20009288   Section      330  stats.o(.bss)
    .bss                                     0x200093d4   Section       20  tcp_in.o(.bss)
    inseg                                    0x200093d4   Data          20  tcp_in.o(.bss)
    .bss                                     0x200093e8   Section       16  inet.o(.bss)
    str                                      0x200093e8   Data          16  inet.o(.bss)
    .bss                                     0x200093f8   Section     2004  ip_frag.o(.bss)
    buf                                      0x200093f8   Data        2004  ip_frag.o(.bss)
    STACK                                    0x20009bd0   Section     1024  cstartup.o(STACK)

    Global Symbols

    Symbol Name                              Value     Ov Type        Size  Object(Section)

    BuildAttributes$$THM_ISAv4$P$D$K$B$S$PE$A:L22UL41UL21$X:L11$S22US41US21$IEEE1$IW$USESV6$~STKCKD$USESV7$~SHL$OTIME$ROPI$EBA8$MICROLIB$REQ8$PRES8$EABIv2 0x00000000   Number         0  anon$$obj.o ABSOLUTE
    __ARM_use_no_argv                        0x00000000   Number         0  main.o ABSOLUTE
    __cpp_initialize__aeabi_                  - Undefined Weak Reference
    __cxa_finalize                            - Undefined Weak Reference
    _clock_init                               - Undefined Weak Reference
    _microlib_exit                            - Undefined Weak Reference
    __Vectors                                0x08000000   Data           4  cstartup.o(RESET)
    __main                                   0x080000ed   Thumb Code     0  entry.o(.ARM.Collect$$$$00000000)
    _main_stk                                0x080000ed   Thumb Code     0  entry2.o(.ARM.Collect$$$$00000001)
    _main_scatterload                        0x080000f1   Thumb Code     0  entry5.o(.ARM.Collect$$$$00000004)
    __main_after_scatterload                 0x080000f5   Thumb Code     0  entry5.o(.ARM.Collect$$$$00000004)
    _main_clock                              0x080000f5   Thumb Code     0  entry7b.o(.ARM.Collect$$$$00000008)
    _main_cpp_init                           0x080000f5   Thumb Code     0  entry8b.o(.ARM.Collect$$$$0000000A)
    _main_init                               0x080000f5   Thumb Code     0  entry9a.o(.ARM.Collect$$$$0000000B)
    __rt_final_cpp                           0x080000fd   Thumb Code     0  entry10a.o(.ARM.Collect$$$$0000000D)
    __rt_final_exit                          0x080000fd   Thumb Code     0  entry11a.o(.ARM.Collect$$$$0000000F)
    vPortSVCHandler                          0x08000101   Thumb Code    32  port.o(.emb_text)
    __asm___6_port_c_39a90d8d__prvStartFirstTask 0x08000125   Thumb Code    28  port.o(.emb_text)
    xPortPendSVHandler                       0x08000145   Thumb Code    72  port.o(.emb_text)
    vPortGetIPSR                             0x08000191   Thumb Code     6  port.o(.emb_text)
    main                                     0x08000199   Thumb Code   176  main.o(.text)
    app_led_init                             0x080002c5   Thumb Code    46  app_led.o(.text)
    app_led_task_blink                       0x080002f3   Thumb Code   140  app_led.o(.text)
    LwIP_Init                                0x08000389   Thumb Code   256  netconfig.o(.text)
    vStartComTasks                           0x08000515   Thumb Code    24  app_serial.o(.text)
    dbg_string                               0x08000553   Thumb Code    42  app_serial.o(.text)
    serial_init                              0x0800057d   Thumb Code   214  app_serial.o(.text)
    USART1_IRQHandler                        0x08000653   Thumb Code    82  app_serial.o(.text)
    app_display_show_task                    0x08000849   Thumb Code    90  app_display.o(.text)
    app_sht10_get_res                        0x08000971   Thumb Code   150  app_sht10.o(.text)
    app_sht10_get_info                       0x08000a07   Thumb Code    44  app_sht10.o(.text)
    app_sht10_task                           0x08000a33   Thumb Code    62  app_sht10.o(.text)
    app_ds3231_task                          0x08000fa5   Thumb Code   124  app_ds3231.o(.text)
    EXTI0_IRQHandler                         0x08001021   Thumb Code    52  app_ds3231.o(.text)
    app_buz_task                             0x08001085   Thumb Code    60  app_buz.o(.text)
    bsp_init                                 0x08001317   Thumb Code    48  bsp.o(.text)
    dm9000x_gpio_inital                      0x08001369   Thumb Code    90  dm9000x.o(.text)
    dm9000x_read_id                          0x08001473   Thumb Code    68  dm9000x.o(.text)
    dm9000x_inital                           0x080014b7   Thumb Code   264  dm9000x.o(.text)
    dm9000x_sendpacket                       0x080015bf   Thumb Code   154  dm9000x.o(.text)
    dm9000x_receivepacket                    0x08001659   Thumb Code   254  dm9000x.o(.text)
    i2c_bus_sda_dir                          0x0800183b   Thumb Code    72  i2c_bus.o(.text)
    i2c_bus_start                            0x08001883   Thumb Code   256  i2c_bus.o(.text)
    i2c_bus_init                             0x08001a0d   Thumb Code   218  i2c_bus.o(.text)
    I2C_BUS_SDA_STATE                        0x08001bed   Thumb Code    40  i2c_bus.o(.text)
    i2c_bus_write_byte                       0x08001c15   Thumb Code   266  i2c_bus.o(.text)
    i2c_bus_read_byte                        0x08001d1f   Thumb Code   124  i2c_bus.o(.text)
    i2c_bus_write_ds3231                     0x08001d9b   Thumb Code    80  i2c_bus.o(.text)
    i2c_bus_read_ds3231                      0x08001deb   Thumb Code   106  i2c_bus.o(.text)
    Reset_Handler                            0x08001ee1   Thumb Code     4  cstartup.o(.text)
    NMI_Handler                              0x08001ee5   Thumb Code     2  cstartup.o(.text)
    HardFault_Handler                        0x08001ee7   Thumb Code     2  cstartup.o(.text)
    MemManage_Handler                        0x08001ee9   Thumb Code     2  cstartup.o(.text)
    BusFault_Handler                         0x08001eeb   Thumb Code     2  cstartup.o(.text)
    UsageFault_Handler                       0x08001eed   Thumb Code     2  cstartup.o(.text)
    SVC_Handler                              0x08001eef   Thumb Code     2  cstartup.o(.text)
    DebugMon_Handler                         0x08001ef1   Thumb Code     2  cstartup.o(.text)
    PendSV_Handler                           0x08001ef3   Thumb Code     2  cstartup.o(.text)
    SysTick_Handler                          0x08001ef5   Thumb Code     2  cstartup.o(.text)
    ADC_IRQHandler                           0x08001ef7   Thumb Code     0  cstartup.o(.text)
    CAN_RX1_IRQHandler                       0x08001ef7   Thumb Code     0  cstartup.o(.text)
    CAN_SCE_IRQHandler                       0x08001ef7   Thumb Code     0  cstartup.o(.text)
    DMAChannel1_IRQHandler                   0x08001ef7   Thumb Code     0  cstartup.o(.text)
    DMAChannel2_IRQHandler                   0x08001ef7   Thumb Code     0  cstartup.o(.text)
    DMAChannel3_IRQHandler                   0x08001ef7   Thumb Code     0  cstartup.o(.text)
    DMAChannel4_IRQHandler                   0x08001ef7   Thumb Code     0  cstartup.o(.text)
    DMAChannel5_IRQHandler                   0x08001ef7   Thumb Code     0  cstartup.o(.text)
    DMAChannel6_IRQHandler                   0x08001ef7   Thumb Code     0  cstartup.o(.text)
    DMAChannel7_IRQHandler                   0x08001ef7   Thumb Code     0  cstartup.o(.text)
    EXTI15_10_IRQHandler                     0x08001ef7   Thumb Code     0  cstartup.o(.text)
    EXTI1_IRQHandler                         0x08001ef7   Thumb Code     0  cstartup.o(.text)
    EXTI2_IRQHandler                         0x08001ef7   Thumb Code     0  cstartup.o(.text)
    EXTI3_IRQHandler                         0x08001ef7   Thumb Code     0  cstartup.o(.text)
    EXTI4_IRQHandler                         0x08001ef7   Thumb Code     0  cstartup.o(.text)
    EXTI9_5_IRQHandler                       0x08001ef7   Thumb Code     0  cstartup.o(.text)
    FLASH_IRQHandler                         0x08001ef7   Thumb Code     0  cstartup.o(.text)
    I2C1_ER_IRQHandler                       0x08001ef7   Thumb Code     0  cstartup.o(.text)
    I2C1_EV_IRQHandler                       0x08001ef7   Thumb Code     0  cstartup.o(.text)
    I2C2_ER_IRQHandler                       0x08001ef7   Thumb Code     0  cstartup.o(.text)
    I2C2_EV_IRQHandler                       0x08001ef7   Thumb Code     0  cstartup.o(.text)
    PVD_IRQHandler                           0x08001ef7   Thumb Code     0  cstartup.o(.text)
    RCC_IRQHandler                           0x08001ef7   Thumb Code     0  cstartup.o(.text)
    RTCAlarm_IRQHandler                      0x08001ef7   Thumb Code     0  cstartup.o(.text)
    RTC_IRQHandler                           0x08001ef7   Thumb Code     0  cstartup.o(.text)
    SPI1_IRQHandler                          0x08001ef7   Thumb Code     0  cstartup.o(.text)
    SPI2_IRQHandler                          0x08001ef7   Thumb Code     0  cstartup.o(.text)
    TAMPER_IRQHandler                        0x08001ef7   Thumb Code     0  cstartup.o(.text)
    TIM1_BRK_IRQHandler                      0x08001ef7   Thumb Code     0  cstartup.o(.text)
    TIM1_CC_IRQHandler                       0x08001ef7   Thumb Code     0  cstartup.o(.text)
    TIM1_TRG_COM_IRQHandler                  0x08001ef7   Thumb Code     0  cstartup.o(.text)
    TIM1_UP_IRQHandler                       0x08001ef7   Thumb Code     0  cstartup.o(.text)
    TIM2_IRQHandler                          0x08001ef7   Thumb Code     0  cstartup.o(.text)
    TIM3_IRQHandler                          0x08001ef7   Thumb Code     0  cstartup.o(.text)
    TIM4_IRQHandler                          0x08001ef7   Thumb Code     0  cstartup.o(.text)
    USART2_IRQHandler                        0x08001ef7   Thumb Code     0  cstartup.o(.text)
    USART3_IRQHandler                        0x08001ef7   Thumb Code     0  cstartup.o(.text)
    USBWakeUp_IRQHandler                     0x08001ef7   Thumb Code     0  cstartup.o(.text)
    USB_HP_CAN_TX_IRQHandler                 0x08001ef7   Thumb Code     0  cstartup.o(.text)
    USB_LP_CAN_RX0_IRQHandler                0x08001ef7   Thumb Code     0  cstartup.o(.text)
    WWDG_IRQHandler                          0x08001ef7   Thumb Code     0  cstartup.o(.text)
    GPIO_DeInit                              0x08001efd   Thumb Code   172  stm32f10x_gpio.o(.text)
    GPIO_AFIODeInit                          0x08001fa9   Thumb Code    20  stm32f10x_gpio.o(.text)
    GPIO_Init                                0x08001fbd   Thumb Code   278  stm32f10x_gpio.o(.text)
    GPIO_StructInit                          0x080020d3   Thumb Code    16  stm32f10x_gpio.o(.text)
    GPIO_ReadInputDataBit                    0x080020e3   Thumb Code    18  stm32f10x_gpio.o(.text)
    GPIO_ReadInputData                       0x080020f5   Thumb Code     8  stm32f10x_gpio.o(.text)
    GPIO_ReadOutputDataBit                   0x080020fd   Thumb Code    18  stm32f10x_gpio.o(.text)
    GPIO_ReadOutputData                      0x0800210f   Thumb Code     8  stm32f10x_gpio.o(.text)
    GPIO_SetBits                             0x08002117   Thumb Code     4  stm32f10x_gpio.o(.text)
    GPIO_ResetBits                           0x0800211b   Thumb Code     4  stm32f10x_gpio.o(.text)
    GPIO_WriteBit                            0x0800211f   Thumb Code    10  stm32f10x_gpio.o(.text)
    GPIO_Write                               0x08002129   Thumb Code     4  stm32f10x_gpio.o(.text)
    GPIO_PinLockConfig                       0x0800212d   Thumb Code    18  stm32f10x_gpio.o(.text)
    GPIO_EventOutputConfig                   0x0800213f   Thumb Code    26  stm32f10x_gpio.o(.text)
    GPIO_EventOutputCmd                      0x08002159   Thumb Code     6  stm32f10x_gpio.o(.text)
    GPIO_PinRemapConfig                      0x0800215f   Thumb Code   138  stm32f10x_gpio.o(.text)
    GPIO_EXTILineConfig                      0x080021e9   Thumb Code    66  stm32f10x_gpio.o(.text)
    GPIO_ETH_MediaInterfaceConfig            0x0800222b   Thumb Code     8  stm32f10x_gpio.o(.text)
    RCC_DeInit                               0x08002259   Thumb Code    64  stm32f10x_rcc.o(.text)
    RCC_HSEConfig                            0x08002299   Thumb Code    70  stm32f10x_rcc.o(.text)
    RCC_GetFlagStatus                        0x080022df   Thumb Code    56  stm32f10x_rcc.o(.text)
    RCC_WaitForHSEStartUp                    0x08002317   Thumb Code    56  stm32f10x_rcc.o(.text)
    RCC_AdjustHSICalibrationValue            0x0800234f   Thumb Code    20  stm32f10x_rcc.o(.text)
    RCC_HSICmd                               0x08002363   Thumb Code     6  stm32f10x_rcc.o(.text)
    RCC_PLLConfig                            0x08002369   Thumb Code    24  stm32f10x_rcc.o(.text)
    RCC_PLLCmd                               0x08002381   Thumb Code     6  stm32f10x_rcc.o(.text)
    RCC_SYSCLKConfig                         0x08002387   Thumb Code    18  stm32f10x_rcc.o(.text)
    RCC_GetSYSCLKSource                      0x08002399   Thumb Code    10  stm32f10x_rcc.o(.text)
    RCC_HCLKConfig                           0x080023a3   Thumb Code    18  stm32f10x_rcc.o(.text)
    RCC_PCLK1Config                          0x080023b5   Thumb Code    18  stm32f10x_rcc.o(.text)
    RCC_PCLK2Config                          0x080023c7   Thumb Code    20  stm32f10x_rcc.o(.text)
    RCC_ITConfig                             0x080023db   Thumb Code    26  stm32f10x_rcc.o(.text)
    RCC_USBCLKConfig                         0x080023f5   Thumb Code     8  stm32f10x_rcc.o(.text)
    RCC_ADCCLKConfig                         0x080023fd   Thumb Code    18  stm32f10x_rcc.o(.text)
    RCC_LSEConfig                            0x0800240f   Thumb Code    50  stm32f10x_rcc.o(.text)
    RCC_LSICmd                               0x08002441   Thumb Code     6  stm32f10x_rcc.o(.text)
    RCC_RTCCLKConfig                         0x08002447   Thumb Code    12  stm32f10x_rcc.o(.text)
    RCC_RTCCLKCmd                            0x08002453   Thumb Code     8  stm32f10x_rcc.o(.text)
    RCC_GetClocksFreq                        0x0800245b   Thumb Code   192  stm32f10x_rcc.o(.text)
    RCC_AHBPeriphClockCmd                    0x0800251b   Thumb Code    26  stm32f10x_rcc.o(.text)
    RCC_APB2PeriphClockCmd                   0x08002535   Thumb Code    26  stm32f10x_rcc.o(.text)
    RCC_APB1PeriphClockCmd                   0x0800254f   Thumb Code    26  stm32f10x_rcc.o(.text)
    RCC_APB2PeriphResetCmd                   0x08002569   Thumb Code    26  stm32f10x_rcc.o(.text)
    RCC_APB1PeriphResetCmd                   0x08002583   Thumb Code    26  stm32f10x_rcc.o(.text)
    RCC_BackupResetCmd                       0x0800259d   Thumb Code     8  stm32f10x_rcc.o(.text)
    RCC_ClockSecuritySystemCmd               0x080025a5   Thumb Code     6  stm32f10x_rcc.o(.text)
    RCC_MCOConfig                            0x080025ab   Thumb Code     6  stm32f10x_rcc.o(.text)
    RCC_ClearFlag                            0x080025b1   Thumb Code    14  stm32f10x_rcc.o(.text)
    RCC_GetITStatus                          0x080025bf   Thumb Code    20  stm32f10x_rcc.o(.text)
    RCC_ClearITPendingBit                    0x080025d3   Thumb Code     6  stm32f10x_rcc.o(.text)
    NVIC_PriorityGroupConfig                 0x080025fd   Thumb Code    10  misc.o(.text)
    NVIC_Init                                0x08002607   Thumb Code   100  misc.o(.text)
    NVIC_SetVectorTable                      0x0800266b   Thumb Code    14  misc.o(.text)
    NVIC_SystemLPConfig                      0x08002679   Thumb Code    34  misc.o(.text)
    SysTick_CLKSourceConfig                  0x0800269b   Thumb Code    40  misc.o(.text)
    USART_DeInit                             0x080026d9   Thumb Code   134  stm32f10x_usart.o(.text)
    USART_Init                               0x0800275f   Thumb Code   210  stm32f10x_usart.o(.text)
    USART_StructInit                         0x08002831   Thumb Code    24  stm32f10x_usart.o(.text)
    USART_ClockInit                          0x08002849   Thumb Code    34  stm32f10x_usart.o(.text)
    USART_ClockStructInit                    0x0800286b   Thumb Code    12  stm32f10x_usart.o(.text)
    USART_Cmd                                0x08002877   Thumb Code    24  stm32f10x_usart.o(.text)
    USART_ITConfig                           0x0800288f   Thumb Code    74  stm32f10x_usart.o(.text)
    USART_DMACmd                             0x080028d9   Thumb Code    18  stm32f10x_usart.o(.text)
    USART_SetAddress                         0x080028eb   Thumb Code    18  stm32f10x_usart.o(.text)
    USART_WakeUpConfig                       0x080028fd   Thumb Code    18  stm32f10x_usart.o(.text)
    USART_ReceiverWakeUpCmd                  0x0800290f   Thumb Code    24  stm32f10x_usart.o(.text)
    USART_LINBreakDetectLengthConfig         0x08002927   Thumb Code    18  stm32f10x_usart.o(.text)
    USART_LINCmd                             0x08002939   Thumb Code    24  stm32f10x_usart.o(.text)
    USART_SendData                           0x08002951   Thumb Code     8  stm32f10x_usart.o(.text)
    USART_ReceiveData                        0x08002959   Thumb Code    10  stm32f10x_usart.o(.text)
    USART_SendBreak                          0x08002963   Thumb Code    10  stm32f10x_usart.o(.text)
    USART_SetGuardTime                       0x0800296d   Thumb Code    16  stm32f10x_usart.o(.text)
    USART_SetPrescaler                       0x0800297d   Thumb Code    16  stm32f10x_usart.o(.text)
    USART_SmartCardCmd                       0x0800298d   Thumb Code    24  stm32f10x_usart.o(.text)
    USART_SmartCardNACKCmd                   0x080029a5   Thumb Code    24  stm32f10x_usart.o(.text)
    USART_HalfDuplexCmd                      0x080029bd   Thumb Code    24  stm32f10x_usart.o(.text)
    USART_OverSampling8Cmd                   0x080029d5   Thumb Code    22  stm32f10x_usart.o(.text)
    USART_OneBitMethodCmd                    0x080029eb   Thumb Code    24  stm32f10x_usart.o(.text)
    USART_IrDAConfig                         0x08002a03   Thumb Code    18  stm32f10x_usart.o(.text)
    USART_IrDACmd                            0x08002a15   Thumb Code    24  stm32f10x_usart.o(.text)
    USART_GetFlagStatus                      0x08002a2d   Thumb Code    26  stm32f10x_usart.o(.text)
    USART_ClearFlag                          0x08002a47   Thumb Code    18  stm32f10x_usart.o(.text)
    USART_GetITStatus                        0x08002a59   Thumb Code    84  stm32f10x_usart.o(.text)
    USART_ClearITPendingBit                  0x08002aad   Thumb Code    52  stm32f10x_usart.o(.text)
    EXTI_DeInit                              0x08002ae1   Thumb Code    28  stm32f10x_exti.o(.text)
    EXTI_Init                                0x08002afd   Thumb Code   142  stm32f10x_exti.o(.text)
    EXTI_StructInit                          0x08002b8b   Thumb Code    16  stm32f10x_exti.o(.text)
    EXTI_GenerateSWInterrupt                 0x08002b9b   Thumb Code    16  stm32f10x_exti.o(.text)
    EXTI_GetFlagStatus                       0x08002bab   Thumb Code    22  stm32f10x_exti.o(.text)
    EXTI_ClearFlag                           0x08002bc1   Thumb Code     8  stm32f10x_exti.o(.text)
    EXTI_GetITStatus                         0x08002bc9   Thumb Code    34  stm32f10x_exti.o(.text)
    EXTI_ClearITPendingBit                   0x08002beb   Thumb Code     8  stm32f10x_exti.o(.text)
    TIM_DeInit                               0x08002bfd   Thumb Code   424  stm32f10x_tim.o(.text)
    TIM_TimeBaseInit                         0x08002da5   Thumb Code   122  stm32f10x_tim.o(.text)
    TIM_OC1Init                              0x08002e1f   Thumb Code   132  stm32f10x_tim.o(.text)
    TIM_OC2Init                              0x08002ea3   Thumb Code   154  stm32f10x_tim.o(.text)
    TIM_OC3Init                              0x08002f3d   Thumb Code   150  stm32f10x_tim.o(.text)
    TIM_OC4Init                              0x08002fd3   Thumb Code   182  stm32f10x_tim.o(.text)
    TIM_SetIC4Prescaler                      0x08003089   Thumb Code    26  stm32f10x_tim.o(.text)
    TIM_SetIC3Prescaler                      0x08003125   Thumb Code    18  stm32f10x_tim.o(.text)
    TIM_SetIC2Prescaler                      0x080031b1   Thumb Code    26  stm32f10x_tim.o(.text)
    TIM_SetIC1Prescaler                      0x0800324d   Thumb Code    18  stm32f10x_tim.o(.text)
    TIM_ICInit                               0x080032cb   Thumb Code   150  stm32f10x_tim.o(.text)
    TIM_PWMIConfig                           0x08003361   Thumb Code   124  stm32f10x_tim.o(.text)
    TIM_BDTRConfig                           0x080033dd   Thumb Code    32  stm32f10x_tim.o(.text)
    TIM_TimeBaseStructInit                   0x080033fd   Thumb Code    18  stm32f10x_tim.o(.text)
    TIM_OCStructInit                         0x0800340f   Thumb Code    20  stm32f10x_tim.o(.text)
    TIM_ICStructInit                         0x08003423   Thumb Code    18  stm32f10x_tim.o(.text)
    TIM_BDTRStructInit                       0x08003435   Thumb Code    40  stm32f10x_tim.o(.text)
    TIM_Cmd                                  0x0800345d   Thumb Code    24  stm32f10x_tim.o(.text)
    TIM_CtrlPWMOutputs                       0x08003475   Thumb Code    30  stm32f10x_tim.o(.text)
    TIM_ITConfig                             0x08003493   Thumb Code    18  stm32f10x_tim.o(.text)
    TIM_GenerateEvent                        0x080034a5   Thumb Code     4  stm32f10x_tim.o(.text)
    TIM_DMAConfig                            0x080034a9   Thumb Code    10  stm32f10x_tim.o(.text)
    TIM_DMACmd                               0x080034b3   Thumb Code    18  stm32f10x_tim.o(.text)
    TIM_InternalClockConfig                  0x080034c5   Thumb Code    12  stm32f10x_tim.o(.text)
    TIM_SelectInputTrigger                   0x080034d1   Thumb Code    18  stm32f10x_tim.o(.text)
    TIM_ITRxExternalClockConfig              0x080034e3   Thumb Code    24  stm32f10x_tim.o(.text)
    TIM_TIxExternalClockConfig               0x080034fb   Thumb Code    62  stm32f10x_tim.o(.text)
    TIM_ETRConfig                            0x08003539   Thumb Code    28  stm32f10x_tim.o(.text)
    TIM_ETRClockMode1Config                  0x08003555   Thumb Code    54  stm32f10x_tim.o(.text)
    TIM_ETRClockMode2Config                  0x0800358b   Thumb Code    32  stm32f10x_tim.o(.text)
    TIM_PrescalerConfig                      0x080035ab   Thumb Code     6  stm32f10x_tim.o(.text)
    TIM_CounterModeConfig                    0x080035b1   Thumb Code    18  stm32f10x_tim.o(.text)
    TIM_EncoderInterfaceConfig               0x080035c3   Thumb Code    66  stm32f10x_tim.o(.text)
    TIM_ForcedOC1Config                      0x08003605   Thumb Code    18  stm32f10x_tim.o(.text)
    TIM_ForcedOC2Config                      0x08003617   Thumb Code    26  stm32f10x_tim.o(.text)
    TIM_ForcedOC3Config                      0x08003631   Thumb Code    18  stm32f10x_tim.o(.text)
    TIM_ForcedOC4Config                      0x08003643   Thumb Code    26  stm32f10x_tim.o(.text)
    TIM_ARRPreloadConfig                     0x0800365d   Thumb Code    24  stm32f10x_tim.o(.text)
    TIM_SelectCOM                            0x08003675   Thumb Code    24  stm32f10x_tim.o(.text)
    TIM_SelectCCDMA                          0x0800368d   Thumb Code    24  stm32f10x_tim.o(.text)
    TIM_CCPreloadControl                     0x080036a5   Thumb Code    24  stm32f10x_tim.o(.text)
    TIM_OC1PreloadConfig                     0x080036bd   Thumb Code    18  stm32f10x_tim.o(.text)
    TIM_OC2PreloadConfig                     0x080036cf   Thumb Code    26  stm32f10x_tim.o(.text)
    TIM_OC3PreloadConfig                     0x080036e9   Thumb Code    18  stm32f10x_tim.o(.text)
    TIM_OC4PreloadConfig                     0x080036fb   Thumb Code    26  stm32f10x_tim.o(.text)
    TIM_OC1FastConfig                        0x08003715   Thumb Code    18  stm32f10x_tim.o(.text)
    TIM_OC2FastConfig                        0x08003727   Thumb Code    26  stm32f10x_tim.o(.text)
    TIM_OC3FastConfig                        0x08003741   Thumb Code    18  stm32f10x_tim.o(.text)
    TIM_OC4FastConfig                        0x08003753   Thumb Code    26  stm32f10x_tim.o(.text)
    TIM_ClearOC1Ref                          0x0800376d   Thumb Code    18  stm32f10x_tim.o(.text)
    TIM_ClearOC2Ref                          0x0800377f   Thumb Code    24  stm32f10x_tim.o(.text)
    TIM_ClearOC3Ref                          0x08003797   Thumb Code    18  stm32f10x_tim.o(.text)
    TIM_ClearOC4Ref                          0x080037a9   Thumb Code    24  stm32f10x_tim.o(.text)
    TIM_OC1PolarityConfig                    0x080037c1   Thumb Code    18  stm32f10x_tim.o(.text)
    TIM_OC1NPolarityConfig                   0x080037d3   Thumb Code    18  stm32f10x_tim.o(.text)
    TIM_OC2PolarityConfig                    0x080037e5   Thumb Code    26  stm32f10x_tim.o(.text)
    TIM_OC2NPolarityConfig                   0x080037ff   Thumb Code    26  stm32f10x_tim.o(.text)
    TIM_OC3PolarityConfig                    0x08003819   Thumb Code    26  stm32f10x_tim.o(.text)
    TIM_OC3NPolarityConfig                   0x08003833   Thumb Code    26  stm32f10x_tim.o(.text)
    TIM_OC4PolarityConfig                    0x0800384d   Thumb Code    26  stm32f10x_tim.o(.text)
    TIM_CCxCmd                               0x08003867   Thumb Code    30  stm32f10x_tim.o(.text)
    TIM_CCxNCmd                              0x08003885   Thumb Code    30  stm32f10x_tim.o(.text)
    TIM_SelectOCxM                           0x080038a3   Thumb Code    82  stm32f10x_tim.o(.text)
    TIM_UpdateDisableConfig                  0x080038f5   Thumb Code    24  stm32f10x_tim.o(.text)
    TIM_UpdateRequestConfig                  0x0800390d   Thumb Code    24  stm32f10x_tim.o(.text)
    TIM_SelectHallSensor                     0x08003925   Thumb Code    24  stm32f10x_tim.o(.text)
    TIM_SelectOnePulseMode                   0x0800393d   Thumb Code    18  stm32f10x_tim.o(.text)
    TIM_SelectOutputTrigger                  0x0800394f   Thumb Code    18  stm32f10x_tim.o(.text)
    TIM_SelectSlaveMode                      0x08003961   Thumb Code    18  stm32f10x_tim.o(.text)
    TIM_SelectMasterSlaveMode                0x08003973   Thumb Code    18  stm32f10x_tim.o(.text)
    TIM_SetCounter                           0x08003985   Thumb Code     4  stm32f10x_tim.o(.text)
    TIM_SetAutoreload                        0x08003989   Thumb Code     4  stm32f10x_tim.o(.text)
    TIM_SetCompare1                          0x0800398d   Thumb Code     4  stm32f10x_tim.o(.text)
    TIM_SetCompare2                          0x08003991   Thumb Code     4  stm32f10x_tim.o(.text)
    TIM_SetCompare3                          0x08003995   Thumb Code     4  stm32f10x_tim.o(.text)
    TIM_SetCompare4                          0x08003999   Thumb Code     6  stm32f10x_tim.o(.text)
    TIM_SetClockDivision                     0x0800399f   Thumb Code    18  stm32f10x_tim.o(.text)
    TIM_GetCapture1                          0x080039b1   Thumb Code     6  stm32f10x_tim.o(.text)
    TIM_GetCapture2                          0x080039b7   Thumb Code     6  stm32f10x_tim.o(.text)
    TIM_GetCapture3                          0x080039bd   Thumb Code     6  stm32f10x_tim.o(.text)
    TIM_GetCapture4                          0x080039c3   Thumb Code     8  stm32f10x_tim.o(.text)
    TIM_GetCounter                           0x080039cb   Thumb Code     6  stm32f10x_tim.o(.text)
    TIM_GetPrescaler                         0x080039d1   Thumb Code     6  stm32f10x_tim.o(.text)
    TIM_GetFlagStatus                        0x080039d7   Thumb Code    18  stm32f10x_tim.o(.text)
    TIM_ClearFlag                            0x080039e9   Thumb Code     6  stm32f10x_tim.o(.text)
    TIM_GetITStatus                          0x080039ef   Thumb Code    34  stm32f10x_tim.o(.text)
    TIM_ClearITPendingBit                    0x08003a11   Thumb Code     6  stm32f10x_tim.o(.text)
    vListInitialise                          0x08003a17   Thumb Code    26  list.o(.text)
    vListInitialiseItem                      0x08003a31   Thumb Code     6  list.o(.text)
    vListInsertEnd                           0x08003a37   Thumb Code    24  list.o(.text)
    vListInsert                              0x08003a4f   Thumb Code    52  list.o(.text)
    uxListRemove                             0x08003a83   Thumb Code    40  list.o(.text)
    xQueueGenericReset                       0x08003aad   Thumb Code   122  queue.o(.text)
    xQueueGenericCreate                      0x08003b51   Thumb Code    56  queue.o(.text)
    xQueueGenericSend                        0x08003ca1   Thumb Code   276  queue.o(.text)
    xQueueCreateMutex                        0x08003dd1   Thumb Code    34  queue.o(.text)
    xQueueGenericSendFromISR                 0x08003df3   Thumb Code   134  queue.o(.text)
    xQueueGiveFromISR                        0x08003e79   Thumb Code   124  queue.o(.text)
    xQueueGenericReceive                     0x08003f39   Thumb Code   342  queue.o(.text)
    xQueueReceiveFromISR                     0x0800408f   Thumb Code   130  queue.o(.text)
    xQueuePeekFromISR                        0x08004111   Thumb Code    74  queue.o(.text)
    uxQueueMessagesWaiting                   0x0800415b   Thumb Code    18  queue.o(.text)
    uxQueueSpacesAvailable                   0x0800416d   Thumb Code    24  queue.o(.text)
    uxQueueMessagesWaitingFromISR            0x08004185   Thumb Code     6  queue.o(.text)
    vQueueDelete                             0x0800418b   Thumb Code    14  queue.o(.text)
    uxQueueGetQueueNumber                    0x08004199   Thumb Code     6  queue.o(.text)
    vQueueSetQueueNumber                     0x0800419f   Thumb Code     4  queue.o(.text)
    ucQueueGetQueueType                      0x080041a3   Thumb Code     8  queue.o(.text)
    xQueueIsQueueEmptyFromISR                0x080041ab   Thumb Code    14  queue.o(.text)
    xQueueIsQueueFullFromISR                 0x080041b9   Thumb Code    18  queue.o(.text)
    xTaskCreate                              0x0800434d   Thumb Code    92  tasks.o(.text)
    vTaskDelete                              0x080043e5   Thumb Code   176  tasks.o(.text)
    xTaskIncrementTick                       0x08004495   Thumb Code   238  tasks.o(.text)
    xTaskResumeAll                           0x08004583   Thumb Code   284  tasks.o(.text)
    vTaskSuspendAll                          0x0800471b   Thumb Code    12  tasks.o(.text)
    vTaskDelayUntil                          0x08004727   Thumb Code   106  tasks.o(.text)
    vTaskDelay                               0x08004791   Thumb Code    46  tasks.o(.text)
    eTaskGetState                            0x080047bf   Thumb Code    88  tasks.o(.text)
    uxTaskPriorityGet                        0x08004817   Thumb Code    30  tasks.o(.text)
    uxTaskPriorityGetFromISR                 0x08004835   Thumb Code    52  tasks.o(.text)
    vTaskPrioritySet                         0x08004869   Thumb Code   226  tasks.o(.text)
    vTaskSwitchContext                       0x0800494b   Thumb Code    76  tasks.o(.text)
    vTaskSuspend                             0x08004997   Thumb Code   220  tasks.o(.text)
    vTaskResume                              0x08004aab   Thumb Code   104  tasks.o(.text)
    xTaskResumeFromISR                       0x08004b13   Thumb Code   130  tasks.o(.text)
    vTaskStartScheduler                      0x08004c0b   Thumb Code    74  tasks.o(.text)
    vTaskEndScheduler                        0x08004c55   Thumb Code    32  tasks.o(.text)
    xTaskGetTickCount                        0x08004c75   Thumb Code     6  tasks.o(.text)
    xTaskGetTickCountFromISR                 0x08004c7b   Thumb Code     8  tasks.o(.text)
    uxTaskGetNumberOfTasks                   0x08004c83   Thumb Code     6  tasks.o(.text)
    pcTaskGetName                            0x08004c89   Thumb Code    20  tasks.o(.text)
    vTaskGetTaskInfo                         0x08004cb3   Thumb Code   114  tasks.o(.text)
    uxTaskGetSystemState                     0x08004d8f   Thumb Code   152  tasks.o(.text)
    vTaskPlaceOnEventList                    0x08004e27   Thumb Code   106  tasks.o(.text)
    vTaskPlaceOnUnorderedEventList           0x08004e91   Thumb Code    40  tasks.o(.text)
    xTaskRemoveFromEventList                 0x08004eb9   Thumb Code   104  tasks.o(.text)
    xTaskRemoveFromUnorderedEventList        0x08004f21   Thumb Code    94  tasks.o(.text)
    vTaskSetTimeOutState                     0x08004f7f   Thumb Code    14  tasks.o(.text)
    xTaskCheckForTimeOut                     0x08004f8d   Thumb Code    84  tasks.o(.text)
    vTaskMissedYield                         0x08004fe1   Thumb Code     8  tasks.o(.text)
    uxTaskGetTaskNumber                      0x08004fe9   Thumb Code    14  tasks.o(.text)
    vTaskSetTaskNumber                       0x08004ff7   Thumb Code     8  tasks.o(.text)
    xTaskGetCurrentTaskHandle                0x08004fff   Thumb Code     6  tasks.o(.text)
    vTaskPriorityInherit                     0x08005005   Thumb Code   164  tasks.o(.text)
    xTaskPriorityDisinherit                  0x080050a9   Thumb Code   122  tasks.o(.text)
    uxTaskResetEventItemValue                0x08005123   Thumb Code    24  tasks.o(.text)
    pvTaskIncrementMutexHeldCount            0x0800513b   Thumb Code    26  tasks.o(.text)
    ulTaskNotifyTake                         0x08005155   Thumb Code   108  tasks.o(.text)
    xTaskNotifyWait                          0x080051c1   Thumb Code   150  tasks.o(.text)
    xTaskGenericNotify                       0x08005257   Thumb Code   216  tasks.o(.text)
    xTaskGenericNotifyFromISR                0x0800532f   Thumb Code   228  tasks.o(.text)
    vTaskNotifyGiveFromISR                   0x08005413   Thumb Code   154  tasks.o(.text)
    xTaskNotifyStateClear                    0x080054ad   Thumb Code    48  tasks.o(.text)
    pxPortInitialiseStack                    0x0800550f   Thumb Code    26  port.o(.text)
    vPortSetupTimerInterrupt                 0x08005529   Thumb Code    14  port.o(.text)
    xPortStartScheduler                      0x08005537   Thumb Code    42  port.o(.text)
    vPortEndScheduler                        0x08005561   Thumb Code     2  port.o(.text)
    vPortEnterCritical                       0x08005563   Thumb Code    30  port.o(.text)
    vPortExitCritical                        0x08005581   Thumb Code    28  port.o(.text)
    xPortSysTickHandler                      0x0800559d   Thumb Code    48  port.o(.text)
    pvPortMalloc                             0x08005607   Thumb Code   166  heap_2.o(.text)
    vPortFree                                0x080056ad   Thumb Code    56  heap_2.o(.text)
    xPortGetFreeHeapSize                     0x080056e5   Thumb Code     6  heap_2.o(.text)
    vPortInitialiseBlocks                    0x080056eb   Thumb Code     2  heap_2.o(.text)
    ethernetif_input                         0x08005757   Thumb Code    42  ethernetif.o(.text)
    ethernetif_init                          0x080057e5   Thumb Code    58  ethernetif.o(.text)
    sys_mbox_new                             0x08005839   Thumb Code    58  sys_arch.o(.text)
    sys_mbox_free                            0x08005873   Thumb Code    52  sys_arch.o(.text)
    sys_mbox_post                            0x080058a7   Thumb Code    24  sys_arch.o(.text)
    sys_mbox_trypost                         0x080058bf   Thumb Code    48  sys_arch.o(.text)
    sys_arch_mbox_fetch                      0x080058ef   Thumb Code    94  sys_arch.o(.text)
    sys_arch_mbox_tryfetch                   0x0800594d   Thumb Code    36  sys_arch.o(.text)
    sys_sem_new                              0x08005971   Thumb Code   108  sys_arch.o(.text)
    sys_arch_sem_wait                        0x080059dd   Thumb Code    82  sys_arch.o(.text)
    sys_sem_signal                           0x08005a2f   Thumb Code    18  sys_arch.o(.text)
    sys_sem_free                             0x08005a41   Thumb Code    26  sys_arch.o(.text)
    sys_init                                 0x08005a5b   Thumb Code    34  sys_arch.o(.text)
    sys_arch_timeouts                        0x08005a7d   Thumb Code    42  sys_arch.o(.text)
    sys_arch_protect                         0x08005aa7   Thumb Code    10  sys_arch.o(.text)
    sys_arch_unprotect                       0x08005ab1   Thumb Code    10  sys_arch.o(.text)
    sys_thread_new                           0x08005abb   Thumb Code    86  sys_arch.o(.text)
    sys_assert                               0x08005b11   Thumb Code     8  sys_arch.o(.text)
    etharp_tmr                               0x08005b43   Thumb Code   154  etharp.o(.text)
    etharp_find_addr                         0x08005ee7   Thumb Code    92  etharp.o(.text)
    etharp_ip_input                          0x08005f43   Thumb Code    52  etharp.o(.text)
    etharp_arp_input                         0x08005f77   Thumb Code   360  etharp.o(.text)
    etharp_request                           0x080061a3   Thumb Code    36  etharp.o(.text)
    etharp_query                             0x080061c7   Thumb Code   404  etharp.o(.text)
    etharp_output                            0x0800635b   Thumb Code   216  etharp.o(.text)
    ethernet_input                           0x08006433   Thumb Code   126  etharp.o(.text)
    dns_setserver                            0x080064b9   Thumb Code    28  dns.o(.text)
    dns_init                                 0x0800669d   Thumb Code    64  dns.o(.text)
    dns_getserver                            0x080066dd   Thumb Code    28  dns.o(.text)
    dns_tmr                                  0x080068df   Thumb Code    14  dns.o(.text)
    dns_gethostbyname                        0x080069fb   Thumb Code    84  dns.o(.text)
    mem_init                                 0x08006ac9   Thumb Code    92  mem.o(.text)
    mem_free                                 0x08006b25   Thumb Code   128  mem.o(.text)
    mem_realloc                              0x08006ba5   Thumb Code   310  mem.o(.text)
    mem_malloc                               0x08006cdb   Thumb Code   390  mem.o(.text)
    mem_calloc                               0x08006e61   Thumb Code    34  mem.o(.text)
    memp_init                                0x08006e85   Thumb Code   136  memp.o(.text)
    memp_malloc                              0x08006f0d   Thumb Code   150  memp.o(.text)
    memp_free                                0x08006fa3   Thumb Code    74  memp.o(.text)
    netif_set_gw                             0x08007001   Thumb Code    12  netif.o(.text)
    netif_set_netmask                        0x0800700d   Thumb Code    12  netif.o(.text)
    netif_set_ipaddr                         0x08007019   Thumb Code   110  netif.o(.text)
    netif_set_addr                           0x08007087   Thumb Code    40  netif.o(.text)
    netif_add                                0x080070af   Thumb Code    96  netif.o(.text)
    netif_set_default                        0x0800710f   Thumb Code     6  netif.o(.text)
    netif_remove                             0x08007115   Thumb Code    74  netif.o(.text)
    netif_find                               0x0800715f   Thumb Code    64  netif.o(.text)
    netif_set_up                             0x0800719f   Thumb Code    44  netif.o(.text)
    netif_set_down                           0x080071cb   Thumb Code    24  netif.o(.text)
    netif_is_up                              0x080071e3   Thumb Code    12  netif.o(.text)
    pbuf_free                                0x08007275   Thumb Code   108  pbuf.o(.text)
    pbuf_alloc                               0x080072e1   Thumb Code   386  pbuf.o(.text)
    pbuf_realloc                             0x08007463   Thumb Code   100  pbuf.o(.text)
    pbuf_header                              0x080074c7   Thumb Code   106  pbuf.o(.text)
    pbuf_clen                                0x08007531   Thumb Code    18  pbuf.o(.text)
    pbuf_ref                                 0x08007543   Thumb Code    26  pbuf.o(.text)
    pbuf_cat                                 0x0800755d   Thumb Code    36  pbuf.o(.text)
    pbuf_chain                               0x08007581   Thumb Code    22  pbuf.o(.text)
    pbuf_dechain                             0x08007597   Thumb Code    48  pbuf.o(.text)
    pbuf_copy                                0x080075c7   Thumb Code   114  pbuf.o(.text)
    pbuf_copy_partial                        0x08007639   Thumb Code   116  pbuf.o(.text)
    pbuf_take                                0x080076ad   Thumb Code    86  pbuf.o(.text)
    pbuf_coalesce                            0x08007703   Thumb Code    56  pbuf.o(.text)
    raw_input                                0x0800773d   Thumb Code   100  raw.o(.text)
    raw_bind                                 0x080077a1   Thumb Code    16  raw.o(.text)
    raw_connect                              0x080077b1   Thumb Code    16  raw.o(.text)
    raw_recv                                 0x080077c1   Thumb Code     6  raw.o(.text)
    raw_sendto                               0x080077c7   Thumb Code   150  raw.o(.text)
    raw_send                                 0x0800785d   Thumb Code    18  raw.o(.text)
    raw_remove                               0x0800786f   Thumb Code    60  raw.o(.text)
    raw_new                                  0x080078ab   Thumb Code    42  raw.o(.text)
    sys_mbox_fetch                           0x080078d9   Thumb Code   124  sys.o(.text)
    sys_sem_wait                             0x08007955   Thumb Code   116  sys.o(.text)
    sys_timeout                              0x080079c9   Thumb Code   144  sys.o(.text)
    sys_untimeout                            0x08007a59   Thumb Code    94  sys.o(.text)
    sys_sem_wait_timeout                     0x08007acb   Thumb Code    58  sys.o(.text)
    sys_msleep                               0x08007b05   Thumb Code    28  sys.o(.text)
    tcp_seg_free                             0x08007b25   Thumb Code    32  tcp.o(.text)
    tcp_segs_free                            0x08007b45   Thumb Code    30  tcp.o(.text)
    tcp_pcb_purge                            0x08007b63   Thumb Code    76  tcp.o(.text)
    tcp_slowtmr                              0x08007baf   Thumb Code   714  tcp.o(.text)
    tcp_pcb_remove                           0x08007e79   Thumb Code   128  tcp.o(.text)
    tcp_close                                0x08007ef9   Thumb Code   274  tcp.o(.text)
    tcp_update_rcv_ann_wnd                   0x0800800b   Thumb Code    70  tcp.o(.text)
    tcp_recved                               0x08008051   Thumb Code    62  tcp.o(.text)
    tcp_recv_null                            0x0800808f   Thumb Code    46  tcp.o(.text)
    tcp_fasttmr                              0x080080bd   Thumb Code   122  tcp.o(.text)
    tcp_tmr                                  0x08008137   Thumb Code    30  tcp.o(.text)
    tcp_abandon                              0x08008155   Thumb Code   158  tcp.o(.text)
    tcp_bind                                 0x0800825b   Thumb Code   218  tcp.o(.text)
    tcp_listen_with_backlog                  0x0800833d   Thumb Code   184  tcp.o(.text)
    tcp_eff_send_mss                         0x080083f5   Thumb Code    46  tcp.o(.text)
    tcp_next_iss                             0x08008423   Thumb Code    20  tcp.o(.text)
    tcp_connect                              0x08008437   Thumb Code   294  tcp.o(.text)
    tcp_setprio                              0x0800855d   Thumb Code     4  tcp.o(.text)
    tcp_seg_copy                             0x08008561   Thumb Code    38  tcp.o(.text)
    tcp_alloc                                0x08008609   Thumb Code   202  tcp.o(.text)
    tcp_new                                  0x080086d3   Thumb Code    10  tcp.o(.text)
    tcp_arg                                  0x080086dd   Thumb Code     4  tcp.o(.text)
    tcp_recv                                 0x080086e1   Thumb Code     6  tcp.o(.text)
    tcp_sent                                 0x080086e7   Thumb Code     6  tcp.o(.text)
    tcp_err                                  0x080086ed   Thumb Code     6  tcp.o(.text)
    tcp_accept                               0x080086f3   Thumb Code     4  tcp.o(.text)
    tcp_poll                                 0x080086f7   Thumb Code    10  tcp.o(.text)
    tcp_debug_state_str                      0x08008701   Thumb Code    10  tcp.o(.text)
    tcp_input                                0x0800991b   Thumb Code  1324  tcp_in.o(.text)
    tcp_enqueue                              0x08009f03   Thumb Code   986  tcp_out.o(.text)
    tcp_send_ctrl                            0x0800a2dd   Thumb Code    28  tcp_out.o(.text)
    tcp_write                                0x0800a2f9   Thumb Code    72  tcp_out.o(.text)
    tcp_send_empty_ack                       0x0800a341   Thumb Code   118  tcp_out.o(.text)
    tcp_output                               0x0800a49d   Thumb Code   462  tcp_out.o(.text)
    tcp_rst                                  0x0800a66b   Thumb Code   198  tcp_out.o(.text)
    tcp_rexmit_rto                           0x0800a731   Thumb Code    58  tcp_out.o(.text)
    tcp_rexmit                               0x0800a76b   Thumb Code    80  tcp_out.o(.text)
    tcp_rexmit_fast                          0x0800a7bb   Thumb Code   132  tcp_out.o(.text)
    tcp_keepalive                            0x0800a83f   Thumb Code   110  tcp_out.o(.text)
    tcp_zero_window_probe                    0x0800a8ad   Thumb Code   196  tcp_out.o(.text)
    udp_input                                0x0800a975   Thumb Code   562  udp.o(.text)
    udp_bind                                 0x0800aba7   Thumb Code   102  udp.o(.text)
    udp_sendto_if                            0x0800ac0d   Thumb Code   248  udp.o(.text)
    udp_sendto                               0x0800ad05   Thumb Code    62  udp.o(.text)
    udp_send                                 0x0800ad43   Thumb Code    20  udp.o(.text)
    udp_connect                              0x0800ad57   Thumb Code   104  udp.o(.text)
    udp_disconnect                           0x0800adbf   Thumb Code    28  udp.o(.text)
    udp_recv                                 0x0800addb   Thumb Code     6  udp.o(.text)
    udp_remove                               0x0800ade1   Thumb Code    60  udp.o(.text)
    udp_new                                  0x0800ae1d   Thumb Code    28  udp.o(.text)
    icmp_input                               0x0800ae41   Thumb Code   524  icmp.o(.text)
    icmp_dest_unreach                        0x0800b0c3   Thumb Code    18  icmp.o(.text)
    icmp_time_exceeded                       0x0800b0d5   Thumb Code    18  icmp.o(.text)
    htonl                                    0x0800b0ed   Thumb Code    26  inet.o(.text)
    inet_aton                                0x0800b107   Thumb Code   336  inet.o(.text)
    inet_addr                                0x0800b257   Thumb Code    24  inet.o(.text)
    inet_ntoa                                0x0800b26f   Thumb Code   112  inet.o(.text)
    htons                                    0x0800b2df   Thumb Code    12  inet.o(.text)
    ntohs                                    0x0800b2eb   Thumb Code    12  inet.o(.text)
    ntohl                                    0x0800b2f7   Thumb Code    12  inet.o(.text)
    inet_chksum_pseudo                       0x0800b353   Thumb Code   162  inet_chksum.o(.text)
    inet_chksum                              0x0800b3f5   Thumb Code    20  inet_chksum.o(.text)
    inet_chksum_pbuf                         0x0800b409   Thumb Code    86  inet_chksum.o(.text)
    ip_route                                 0x0800b461   Thumb Code    86  ip.o(.text)
    ip_input                                 0x0800b57d   Thumb Code   596  ip.o(.text)
    ip_output_if                             0x0800b7d1   Thumb Code   306  ip.o(.text)
    ip_output                                0x0800b903   Thumb Code    70  ip.o(.text)
    ip_addr_isbroadcast                      0x0800b951   Thumb Code    78  ip_addr.o(.text)
    ip_reass_tmr                             0x0800ba35   Thumb Code    48  ip_frag.o(.text)
    ip_reass                                 0x0800bc7b   Thumb Code   482  ip_frag.o(.text)
    ip_frag                                  0x0800be5d   Thumb Code   336  ip_frag.o(.text)
    vlwIPInit                                0x0800bfb9   Thumb Code    24  lwipentry.o(.text)
    LwIPEntry                                0x0800bfd1   Thumb Code   106  lwipentry.o(.text)
    netconn_new_with_proto_and_callback      0x0800c041   Thumb Code    72  api_lib.o(.text)
    netconn_delete                           0x0800c089   Thumb Code    40  api_lib.o(.text)
    netconn_getaddr                          0x0800c0b1   Thumb Code    40  api_lib.o(.text)
    netconn_bind                             0x0800c0d9   Thumb Code    36  api_lib.o(.text)
    netconn_connect                          0x0800c0fd   Thumb Code    36  api_lib.o(.text)
    netconn_disconnect                       0x0800c121   Thumb Code    26  api_lib.o(.text)
    netconn_listen_with_backlog              0x0800c13b   Thumb Code    28  api_lib.o(.text)
    netconn_accept                           0x0800c157   Thumb Code    32  api_lib.o(.text)
    netconn_recv                             0x0800c177   Thumb Code   284  api_lib.o(.text)
    netconn_send                             0x0800c293   Thumb Code    30  api_lib.o(.text)
    netconn_sendto                           0x0800c2b1   Thumb Code    36  api_lib.o(.text)
    netconn_write                            0x0800c2d5   Thumb Code    40  api_lib.o(.text)
    netconn_close                            0x0800c2fd   Thumb Code    26  api_lib.o(.text)
    netconn_gethostbyname                    0x0800c317   Thumb Code    64  api_lib.o(.text)
    netconn_free                             0x0800c7b3   Thumb Code   114  api_msg.o(.text)
    netconn_alloc                            0x0800c825   Thumb Code   106  api_msg.o(.text)
    do_newconn                               0x0800c98b   Thumb Code    26  api_msg.o(.text)
    do_delconn                               0x0800c9a5   Thumb Code   126  api_msg.o(.text)
    do_bind                                  0x0800ca23   Thumb Code   114  api_msg.o(.text)
    do_connect                               0x0800cac9   Thumb Code   156  api_msg.o(.text)
    do_disconnect                            0x0800cb65   Thumb Code    34  api_msg.o(.text)
    do_listen                                0x0800cb87   Thumb Code   160  api_msg.o(.text)
    do_send                                  0x0800cc27   Thumb Code   144  api_msg.o(.text)
    do_recv                                  0x0800ccb7   Thumb Code    50  api_msg.o(.text)
    do_write                                 0x0800cce9   Thumb Code    72  api_msg.o(.text)
    do_getaddr                               0x0800cd31   Thumb Code   172  api_msg.o(.text)
    do_close                                 0x0800cddd   Thumb Code    48  api_msg.o(.text)
    do_gethostbyname                         0x0800ce39   Thumb Code    40  api_msg.o(.text)
    netbuf_new                               0x0800ce6d   Thumb Code    30  netbuf.o(.text)
    netbuf_delete                            0x0800ce8b   Thumb Code    32  netbuf.o(.text)
    netbuf_alloc                             0x0800ceab   Thumb Code    46  netbuf.o(.text)
    netbuf_free                              0x0800ced9   Thumb Code    22  netbuf.o(.text)
    netbuf_ref                               0x0800ceef   Thumb Code    62  netbuf.o(.text)
    netbuf_chain                             0x0800cf2d   Thumb Code    28  netbuf.o(.text)
    netbuf_data                              0x0800cf49   Thumb Code    28  netbuf.o(.text)
    netbuf_next                              0x0800cf65   Thumb Code    34  netbuf.o(.text)
    netbuf_first                             0x0800cf87   Thumb Code     6  netbuf.o(.text)
    tcp_timer_needed                         0x0800cfb5   Thumb Code    38  tcpip.o(.text)
    tcpip_input                              0x0800d0ef   Thumb Code    72  tcpip.o(.text)
    tcpip_callback_with_block                0x0800d137   Thumb Code    92  tcpip.o(.text)
    tcpip_timeout                            0x0800d193   Thumb Code    64  tcpip.o(.text)
    tcpip_untimeout                          0x0800d1d3   Thumb Code    56  tcpip.o(.text)
    tcpip_apimsg                             0x0800d20b   Thumb Code    52  tcpip.o(.text)
    tcpip_init                               0x0800d23f   Thumb Code    44  tcpip.o(.text)
    pbuf_free_callback                       0x0800d279   Thumb Code    16  tcpip.o(.text)
    mem_free_callback                        0x0800d289   Thumb Code    16  tcpip.o(.text)
    __aeabi_memcpy                           0x0800d2dd   Thumb Code    36  memcpya.o(.text)
    __aeabi_memcpy4                          0x0800d2dd   Thumb Code     0  memcpya.o(.text)
    __aeabi_memcpy8                          0x0800d2dd   Thumb Code     0  memcpya.o(.text)
    __aeabi_memset                           0x0800d301   Thumb Code    14  memseta.o(.text)
    __aeabi_memset4                          0x0800d301   Thumb Code     0  memseta.o(.text)
    __aeabi_memset8                          0x0800d301   Thumb Code     0  memseta.o(.text)
    __aeabi_memclr                           0x0800d30f   Thumb Code     4  memseta.o(.text)
    __aeabi_memclr4                          0x0800d30f   Thumb Code     0  memseta.o(.text)
    __aeabi_memclr8                          0x0800d30f   Thumb Code     0  memseta.o(.text)
    _memset$wrapper                          0x0800d313   Thumb Code    18  memseta.o(.text)
    strlen                                   0x0800d325   Thumb Code    14  strlen.o(.text)
    strcmp                                   0x0800d333   Thumb Code    28  strcmp.o(.text)
    strcpy                                   0x0800d34f   Thumb Code    18  strcpy.o(.text)
    __aeabi_fadd                             0x0800d361   Thumb Code   164  fadd.o(.text)
    __aeabi_fsub                             0x0800d405   Thumb Code     6  fadd.o(.text)
    __aeabi_frsub                            0x0800d40b   Thumb Code     6  fadd.o(.text)
    __aeabi_fmul                             0x0800d411   Thumb Code   100  fmul.o(.text)
    __aeabi_dadd                             0x0800d475   Thumb Code   322  dadd.o(.text)
    __aeabi_dsub                             0x0800d5b7   Thumb Code     6  dadd.o(.text)
    __aeabi_drsub                            0x0800d5bd   Thumb Code     6  dadd.o(.text)
    __aeabi_ddiv                             0x0800d5c3   Thumb Code   222  ddiv.o(.text)
    __aeabi_ui2f                             0x0800d6a1   Thumb Code    10  ffltui.o(.text)
    __aeabi_f2d                              0x0800d6ab   Thumb Code    38  f2d.o(.text)
    __aeabi_d2f                              0x0800d6d1   Thumb Code    56  d2f.o(.text)
    __aeabi_uidiv                            0x0800d709   Thumb Code     0  uidiv.o(.text)
    __aeabi_uidivmod                         0x0800d709   Thumb Code    44  uidiv.o(.text)
    __aeabi_uldivmod                         0x0800d735   Thumb Code    98  uldiv.o(.text)
    __aeabi_llsl                             0x0800d797   Thumb Code    30  llshl.o(.text)
    _ll_shift_l                              0x0800d797   Thumb Code     0  llshl.o(.text)
    __aeabi_lasr                             0x0800d7b5   Thumb Code    36  llsshr.o(.text)
    _ll_sshift_r                             0x0800d7b5   Thumb Code     0  llsshr.o(.text)
    __I$use$fp                               0x0800d7d9   Thumb Code     0  iusefp.o(.text)
    _float_round                             0x0800d7d9   Thumb Code    18  fepilogue.o(.text)
    _float_epilogue                          0x0800d7eb   Thumb Code    92  fepilogue.o(.text)
    _double_round                            0x0800d847   Thumb Code    26  depilogue.o(.text)
    _double_epilogue                         0x0800d861   Thumb Code   156  depilogue.o(.text)
    __aeabi_dmul                             0x0800d8fd   Thumb Code   228  dmul.o(.text)
    __aeabi_d2ulz                            0x0800d9e1   Thumb Code    48  dfixul.o(.text)
    __aeabi_cdrcmple                         0x0800da11   Thumb Code    38  cdrcmple.o(.text)
    __scatterload                            0x0800da39   Thumb Code    28  init.o(.text)
    __scatterload_rt2                        0x0800da39   Thumb Code     0  init.o(.text)
    __aeabi_llsr                             0x0800da5d   Thumb Code    32  llushr.o(.text)
    _ll_ushift_r                             0x0800da5d   Thumb Code     0  llushr.o(.text)
    __decompress                             0x0800da7d   Thumb Code     0  __dczerorl2.o(.text)
    __decompress1                            0x0800da7d   Thumb Code    86  __dczerorl2.o(.text)
    __0vsprintf                              0x0800dad5   Thumb Code    30  printfa.o(i.__0vsprintf)
    __1vsprintf                              0x0800dad5   Thumb Code     0  printfa.o(i.__0vsprintf)
    __2vsprintf                              0x0800dad5   Thumb Code     0  printfa.o(i.__0vsprintf)
    __c89vsprintf                            0x0800dad5   Thumb Code     0  printfa.o(i.__0vsprintf)
    vsprintf                                 0x0800dad5   Thumb Code     0  printfa.o(i.__0vsprintf)
    __scatterload_copy                       0x0800daf9   Thumb Code    14  handlers.o(i.__scatterload_copy)
    __scatterload_null                       0x0800db07   Thumb Code     2  handlers.o(i.__scatterload_null)
    __scatterload_zeroinit                   0x0800db09   Thumb Code    14  handlers.o(i.__scatterload_zeroinit)
    bsp_74hc595_set_DATA                     0x0800e3b5   Thumb Code    22  app_display.o(i.bsp_74hc595_set_DATA)
    bsp_74hc595_set_LOCK                     0x0800e3d1   Thumb Code    22  app_display.o(i.bsp_74hc595_set_LOCK)
    bsp_74hc595_set_OE                       0x0800e3ed   Thumb Code    20  app_display.o(i.bsp_74hc595_set_OE)
    bsp_74hc595_set_OFFSET                   0x0800e405   Thumb Code    22  app_display.o(i.bsp_74hc595_set_OFFSET)
    ethbroadcast                             0x0800e432   Data           6  etharp.o(.constdata)
    ethzero                                  0x0800e438   Data           6  etharp.o(.constdata)
    tcp_backoff                              0x0800e476   Data          13  tcp.o(.constdata)
    tcp_persist_backoff                      0x0800e483   Data           7  tcp.o(.constdata)
    ip_addr_any                              0x0800e48a   Data           4  ip_addr.o(.constdata)
    ip_addr_broadcast                        0x0800e48e   Data           4  ip_addr.o(.constdata)
    Region$$Table$$Base                      0x0800e584   Number         0  anon$$obj.o(Region$$Table)
    Region$$Table$$Limit                     0x0800e5a4   Number         0  anon$$obj.o(Region$$Table)
    TCPTimer                                 0x20000000   Data           4  netconfig.o(.data)
    DNSTimer                                 0x20000004   Data           4  netconfig.o(.data)
    ARPTimer                                 0x20000008   Data           4  netconfig.o(.data)
    DHCPfineTimer                            0x2000000c   Data           4  netconfig.o(.data)
    DHCPcoarseTimer                          0x20000010   Data           4  netconfig.o(.data)
    m_mac                                    0x20000014   Data           6  netconfig.o(.data)
    serverIP                                 0x2000001a   Data           4  netconfig.o(.data)
    maskIP                                   0x2000001e   Data           4  netconfig.o(.data)
    gateIP                                   0x20000022   Data           4  netconfig.o(.data)
    serverPORT                               0x20000026   Data           2  netconfig.o(.data)
    global_udppcb                            0x20000028   Data           4  netconfig.o(.data)
    hum                                      0x20000034   Data           4  app_sht10.o(.data)
    temp                                     0x20000038   Data           4  app_sht10.o(.data)
    pxCurrentTCB                             0x20000054   Data           4  tasks.o(.data)
    netif_list                               0x200000d0   Data           4  netif.o(.data)
    netif_default                            0x200000d4   Data           4  netif.o(.data)
    tcp_state_str                            0x200000e0   Data          44  tcp.o(.data)
    tcp_ticks                                0x2000010c   Data           4  tcp.o(.data)
    tcp_bound_pcbs                           0x20000110   Data           4  tcp.o(.data)
    tcp_listen_pcbs                          0x20000114   Data           4  tcp.o(.data)
    tcp_active_pcbs                          0x20000118   Data           4  tcp.o(.data)
    tcp_tw_pcbs                              0x2000011c   Data           4  tcp.o(.data)
    tcp_tmp_pcb                              0x20000120   Data           4  tcp.o(.data)
    tcp_input_pcb                            0x20000148   Data           4  tcp_in.o(.data)
    udp_pcbs                                 0x2000014c   Data           4  udp.o(.data)
    current_netif                            0x20000150   Data           4  ip.o(.data)
    current_header                           0x20000154   Data           4  ip.o(.data)
    DM9000AEP                                0x20000188   Data          48  netconfig.o(.bss)
    udpstr                                   0x200001b8   Data          50  netconfig.o(.bss)
    Rx_Data_Buf                              0x20004748   Data        1516  ethernetif.o(.bss)
    Tx_Data_Buf                              0x20004d34   Data        1516  ethernetif.o(.bss)
    lwip_stats                               0x20009288   Data         330  stats.o(.bss)
    __initial_sp                             0x20009fd0   Data           0  cstartup.o(STACK)



==============================================================================

Memory Map of the image

  Image Entry point : 0x080000ed

  Load Region LR_IROM1 (Base: 0x08000000, Size: 0x0000e718, Max: 0x00040000, ABSOLUTE, COMPRESSED[0x0000e5ec])

    Execution Region ER_IROM1 (Base: 0x08000000, Size: 0x0000e5a4, Max: 0x00040000, ABSOLUTE)

    Base Addr    Size         Type   Attr      Idx    E Section Name        Object

    0x08000000   0x000000ec   Data   RO          574    RESET               cstartup.o
    0x080000ec   0x00000000   Code   RO         1799  * .ARM.Collect$$$$00000000  mc_w.l(entry.o)
    0x080000ec   0x00000004   Code   RO         1858    .ARM.Collect$$$$00000001  mc_w.l(entry2.o)
    0x080000f0   0x00000004   Code   RO         1861    .ARM.Collect$$$$00000004  mc_w.l(entry5.o)
    0x080000f4   0x00000000   Code   RO         1863    .ARM.Collect$$$$00000008  mc_w.l(entry7b.o)
    0x080000f4   0x00000000   Code   RO         1865    .ARM.Collect$$$$0000000A  mc_w.l(entry8b.o)
    0x080000f4   0x00000008   Code   RO         1866    .ARM.Collect$$$$0000000B  mc_w.l(entry9a.o)
    0x080000fc   0x00000000   Code   RO         1868    .ARM.Collect$$$$0000000D  mc_w.l(entry10a.o)
    0x080000fc   0x00000000   Code   RO         1870    .ARM.Collect$$$$0000000F  mc_w.l(entry11a.o)
    0x080000fc   0x00000004   Code   RO         1859    .ARM.Collect$$$$00002712  mc_w.l(entry2.o)
    0x08000100   0x00000096   Code   RO          839    .emb_text           port.o
    0x08000196   0x00000002   PAD
    0x08000198   0x0000012c   Code   RO            3    .text               main.o
    0x080002c4   0x000000c4   Code   RO          203    .text               app_led.o
    0x08000388   0x0000011c   Code   RO          240    .text               netconfig.o
    0x080004a4   0x00000220   Code   RO          317    .text               app_serial.o
    0x080006c4   0x000001e8   Code   RO          364    .text               app_display.o
    0x080008ac   0x00000214   Code   RO          420    .text               app_sht10.o
    0x08000ac0   0x000005c4   Code   RO          459    .text               app_ds3231.o
    0x08001084   0x00000040   Code   RO          485    .text               app_buz.o
    0x080010c4   0x00000298   Code   RO          508    .text               bsp.o
    0x0800135c   0x000004c8   Code   RO          528    .text               dm9000x.o
    0x08001824   0x000006bc   Code   RO          552    .text               i2c_bus.o
    0x08001ee0   0x0000001c   Code   RO          575    .text               cstartup.o
    0x08001efc   0x0000035c   Code   RO          581    .text               stm32f10x_gpio.o
    0x08002258   0x000003a4   Code   RO          601    .text               stm32f10x_rcc.o
    0x080025fc   0x000000dc   Code   RO          649    .text               misc.o
    0x080026d8   0x00000408   Code   RO          669    .text               stm32f10x_usart.o
    0x08002ae0   0x0000011c   Code   RO          689    .text               stm32f10x_exti.o
    0x08002bfc   0x00000e1a   Code   RO          709    .text               stm32f10x_tim.o
    0x08003a16   0x00000094   Code   RO          775    .text               list.o
    0x08003aaa   0x00000002   PAD
    0x08003aac   0x00000724   Code   RO          787    .text               queue.o
    0x080041d0   0x00001328   Code   RO          802    .text               tasks.o
    0x080054f8   0x000000e4   Code   RO          840    .text               port.o
    0x080055dc   0x00000124   Code   RO          869    .text               heap_2.o
    0x08005700   0x00000138   Code   RO          886    .text               ethernetif.o
    0x08005838   0x000002ec   Code   RO          926    .text               sys_arch.o
    0x08005b24   0x00000994   Code   RO          972    .text               etharp.o
    0x080064b8   0x000005a4   Code   RO         1058    .text               dns.o
    0x08006a5c   0x00000426   Code   RO         1110    .text               mem.o
    0x08006e82   0x00000002   PAD
    0x08006e84   0x0000017c   Code   RO         1128    .text               memp.o
    0x08007000   0x00000204   Code   RO         1161    .text               netif.o
    0x08007204   0x00000536   Code   RO         1183    .text               pbuf.o
    0x0800773a   0x00000002   PAD
    0x0800773c   0x0000019c   Code   RO         1209    .text               raw.o
    0x080078d8   0x0000024c   Code   RO         1235    .text               sys.o
    0x08007b24   0x00000c08   Code   RO         1256    .text               tcp.o
    0x0800872c   0x0000174c   Code   RO         1277    .text               tcp_in.o
    0x08009e78   0x00000afc   Code   RO         1300    .text               tcp_out.o
    0x0800a974   0x000004cc   Code   RO         1312    .text               udp.o
    0x0800ae40   0x000002ac   Code   RO         1330    .text               icmp.o
    0x0800b0ec   0x0000021c   Code   RO         1348    .text               inet.o
    0x0800b308   0x00000156   Code   RO         1361    .text               inet_chksum.o
    0x0800b45e   0x00000002   PAD
    0x0800b460   0x000004f0   Code   RO         1377    .text               ip.o
    0x0800b950   0x0000004e   Code   RO         1398    .text               ip_addr.o
    0x0800b99e   0x00000002   PAD
    0x0800b9a0   0x00000618   Code   RO         1420    .text               ip_frag.o
    0x0800bfb8   0x00000088   Code   RO         1437    .text               lwipentry.o
    0x0800c040   0x00000348   Code   RO         1520    .text               api_lib.o
    0x0800c388   0x00000ae4   Code   RO         1567    .text               api_msg.o
    0x0800ce6c   0x00000120   Code   RO         1628    .text               netbuf.o
    0x0800cf8c   0x00000350   Code   RO         1742    .text               tcpip.o
    0x0800d2dc   0x00000024   Code   RO         1802    .text               mc_w.l(memcpya.o)
    0x0800d300   0x00000024   Code   RO         1804    .text               mc_w.l(memseta.o)
    0x0800d324   0x0000000e   Code   RO         1806    .text               mc_w.l(strlen.o)
    0x0800d332   0x0000001c   Code   RO         1808    .text               mc_w.l(strcmp.o)
    0x0800d34e   0x00000012   Code   RO         1810    .text               mc_w.l(strcpy.o)
    0x0800d360   0x000000b0   Code   RO         1844    .text               mf_w.l(fadd.o)
    0x0800d410   0x00000064   Code   RO         1846    .text               mf_w.l(fmul.o)
    0x0800d474   0x0000014e   Code   RO         1848    .text               mf_w.l(dadd.o)
    0x0800d5c2   0x000000de   Code   RO         1850    .text               mf_w.l(ddiv.o)
    0x0800d6a0   0x0000000a   Code   RO         1852    .text               mf_w.l(ffltui.o)
    0x0800d6aa   0x00000026   Code   RO         1854    .text               mf_w.l(f2d.o)
    0x0800d6d0   0x00000038   Code   RO         1856    .text               mf_w.l(d2f.o)
    0x0800d708   0x0000002c   Code   RO         1875    .text               mc_w.l(uidiv.o)
    0x0800d734   0x00000062   Code   RO         1877    .text               mc_w.l(uldiv.o)
    0x0800d796   0x0000001e   Code   RO         1879    .text               mc_w.l(llshl.o)
    0x0800d7b4   0x00000024   Code   RO         1881    .text               mc_w.l(llsshr.o)
    0x0800d7d8   0x00000000   Code   RO         1892    .text               mc_w.l(iusefp.o)
    0x0800d7d8   0x0000006e   Code   RO         1893    .text               mf_w.l(fepilogue.o)
    0x0800d846   0x000000b6   Code   RO         1895    .text               mf_w.l(depilogue.o)
    0x0800d8fc   0x000000e4   Code   RO         1897    .text               mf_w.l(dmul.o)
    0x0800d9e0   0x00000030   Code   RO         1899    .text               mf_w.l(dfixul.o)
    0x0800da10   0x00000028   Code   RO         1901    .text               mf_w.l(cdrcmple.o)
    0x0800da38   0x00000024   Code   RO         1903    .text               mc_w.l(init.o)
    0x0800da5c   0x00000020   Code   RO         1906    .text               mc_w.l(llushr.o)
    0x0800da7c   0x00000056   Code   RO         1949    .text               mc_w.l(__dczerorl2.o)
    0x0800dad2   0x00000002   PAD
    0x0800dad4   0x00000024   Code   RO         1821    i.__0vsprintf       mc_w.l(printfa.o)
    0x0800daf8   0x0000000e   Code   RO         1943    i.__scatterload_copy  mc_w.l(handlers.o)
    0x0800db06   0x00000002   Code   RO         1944    i.__scatterload_null  mc_w.l(handlers.o)
    0x0800db08   0x0000000e   Code   RO         1945    i.__scatterload_zeroinit  mc_w.l(handlers.o)
    0x0800db16   0x00000002   PAD
    0x0800db18   0x00000164   Code   RO         1822    i._fp_digits        mc_w.l(printfa.o)
    0x0800dc7c   0x000006dc   Code   RO         1823    i._printf_core      mc_w.l(printfa.o)
    0x0800e358   0x00000024   Code   RO         1824    i._printf_post_padding  mc_w.l(printfa.o)
    0x0800e37c   0x0000002e   Code   RO         1825    i._printf_pre_padding  mc_w.l(printfa.o)
    0x0800e3aa   0x0000000a   Code   RO         1827    i._sputc            mc_w.l(printfa.o)
    0x0800e3b4   0x0000001c   Code   RO          394    i.bsp_74hc595_set_DATA  app_display.o
    0x0800e3d0   0x0000001c   Code   RO          384    i.bsp_74hc595_set_LOCK  app_display.o
    0x0800e3ec   0x00000018   Code   RO          379    i.bsp_74hc595_set_OE  app_display.o
    0x0800e404   0x0000001c   Code   RO          389    i.bsp_74hc595_set_OFFSET  app_display.o
    0x0800e420   0x00000006   Data   RO          204    .constdata          app_led.o
    0x0800e426   0x0000000c   Data   RO          460    .constdata          app_ds3231.o
    0x0800e432   0x0000000c   Data   RO          974    .constdata          etharp.o
    0x0800e43e   0x00000038   Data   RO         1130    .constdata          memp.o
    0x0800e476   0x00000014   Data   RO         1257    .constdata          tcp.o
    0x0800e48a   0x00000008   Data   RO         1399    .constdata          ip_addr.o
    0x0800e492   0x00000002   PAD
    0x0800e494   0x00000075   Data   RO         1258    .conststring        tcp.o
    0x0800e509   0x00000003   PAD
    0x0800e50c   0x00000078   Data   RO         1438    .conststring        lwipentry.o
    0x0800e584   0x00000020   Data   RO         1941    Region$$Table       anon$$obj.o


    Execution Region RW_IRAM1 (Base: 0x20000000, Size: 0x00009fd0, Max: 0x0000c000, ABSOLUTE, COMPRESSED[0x00000048])

    Base Addr    Size         Type   Attr      Idx    E Section Name        Object

    0x20000000   0x0000002c   Data   RW          242    .data               netconfig.o
    0x2000002c   0x00000008   Data   RW          318    .data               app_serial.o
    0x20000034   0x00000008   Data   RW          421    .data               app_sht10.o
    0x2000003c   0x00000004   Data   RW          461    .data               app_ds3231.o
    0x20000040   0x00000014   Data   RW          602    .data               stm32f10x_rcc.o
    0x20000054   0x0000003c   Data   RW          804    .data               tasks.o
    0x20000090   0x00000004   Data   RW          841    .data               port.o
    0x20000094   0x00000018   Data   RW          871    .data               heap_2.o
    0x200000ac   0x00000002   Data   RW          928    .data               sys_arch.o
    0x200000ae   0x00000001   Data   RW          975    .data               etharp.o
    0x200000af   0x00000001   PAD
    0x200000b0   0x0000000d   Data   RW         1060    .data               dns.o
    0x200000bd   0x00000003   PAD
    0x200000c0   0x00000010   Data   RW         1112    .data               mem.o
    0x200000d0   0x00000009   Data   RW         1162    .data               netif.o
    0x200000d9   0x00000001   Data   RW         1184    .data               pbuf.o
    0x200000da   0x00000002   PAD
    0x200000dc   0x00000004   Data   RW         1210    .data               raw.o
    0x200000e0   0x0000004c   Data   RW         1259    .data               tcp.o
    0x2000012c   0x00000020   Data   RW         1279    .data               tcp_in.o
    0x2000014c   0x00000004   Data   RW         1313    .data               udp.o
    0x20000150   0x0000000a   Data   RW         1378    .data               ip.o
    0x2000015a   0x00000002   PAD
    0x2000015c   0x00000006   Data   RW         1422    .data               ip_frag.o
    0x20000162   0x00000002   PAD
    0x20000164   0x00000010   Data   RW         1743    .data               tcpip.o
    0x20000174   0x00000014   Zero   RW            4    .bss                main.o
    0x20000188   0x00000062   Zero   RW          241    .bss                netconfig.o
    0x200001ea   0x00000002   PAD
    0x200001ec   0x00000030   Zero   RW          553    .bss                i2c_bus.o
    0x2000021c   0x0000012c   Zero   RW          803    .bss                tasks.o
    0x20000348   0x00004400   Zero   RW          870    .bss                heap_2.o
    0x20004748   0x00000bd8   Zero   RW          887    .bss                ethernetif.o
    0x20005320   0x00000028   Zero   RW          927    .bss                sys_arch.o
    0x20005348   0x000000c8   Zero   RW          973    .bss                etharp.o
    0x20005410   0x00000660   Zero   RW         1059    .bss                dns.o
    0x20005a70   0x000007e4   Zero   RW         1111    .bss                mem.o
    0x20006254   0x00003033   Zero   RW         1129    .bss                memp.o
    0x20009287   0x00000001   PAD
    0x20009288   0x0000014a   Zero   RW         1223    .bss                stats.o
    0x200093d2   0x00000002   PAD
    0x200093d4   0x00000014   Zero   RW         1278    .bss                tcp_in.o
    0x200093e8   0x00000010   Zero   RW         1349    .bss                inet.o
    0x200093f8   0x000007d4   Zero   RW         1421    .bss                ip_frag.o
    0x20009bcc   0x00000004   PAD
    0x20009bd0   0x00000400   Zero   RW          572    STACK               cstartup.o


==============================================================================

Image component sizes


      Code (inc. data)   RO Data    RW Data    ZI Data      Debug   Object Name

       840         50          0          0          0      19572   api_lib.o
      2788         38          0          0          0      26003   api_msg.o
        64          4          0          0          0      21227   app_buz.o
       596         32          0          0          0       5144   app_display.o
      1476         52         12          4          0       6523   app_ds3231.o
       196         10          6          0          0       1294   app_led.o
       544         32          0          8          0       8946   app_serial.o
       532         80          0          8          0       3233   app_sht10.o
       664         22          0          0          0       1839   bsp.o
        28          4        236          0       1024        784   cstartup.o
      1224         82          0          0          0       4594   dm9000x.o
      1444         58          0         13       1632       6133   dns.o
      2452         38         12          1        200      17585   etharp.o
       312         26          0          0       3032       5295   ethernetif.o
         0          0          0          0          0       9524   event_groups.o
       292         20          0         24      17408       3132   heap_2.o
      1724         18          0          0         48       4929   i2c_bus.o
       684          6          0          0          0       2526   icmp.o
       540         12          0          0         16       3132   inet.o
       342          0          0          0          0       5158   inet_chksum.o
         0          0          0          0          0        664   init.o
      1264         28          0         10          0       6222   ip.o
        78          0          8          0          0       5413   ip_addr.o
      1560         24          0          6       2004       5788   ip_frag.o
       148          0          0          0          0       1806   list.o
       136          6        120          0          0      18441   lwipentry.o
       300        124          0          0         20     253303   main.o
      1062         24          0         16       2020       3818   mem.o
       380         20         56          0      12339       3014   memp.o
       220         22          0          0          0       1753   misc.o
       288          0          0          0          0       6413   netbuf.o
       284         28          0         44         98      15289   netconfig.o
       516         22          0          9          0       5236   netif.o
      1334         12          0          1          0       6092   pbuf.o
       378         28          0          4          0       6980   port.o
      1828         10          0          0          0      11195   queue.o
       412          4          0          4          0       3313   raw.o
         0          0          0          0        330       3317   stats.o
       284         10          0          0          0       2183   stm32f10x_exti.o
       860         38          0          0          0       5593   stm32f10x_gpio.o
       932         36          0         20          0       8748   stm32f10x_rcc.o
      3610         88          0          0          0      22080   stm32f10x_tim.o
      1032         22          0          0          0       8320   stm32f10x_usart.o
       588          4          0          0          0       3232   sys.o
       748         12          0          2         40       8686   sys_arch.o
      4904        302          0         60        300      29563   tasks.o
      3080        120        137         76          0      18069   tcp.o
      5964        248          0         32         20      14168   tcp_in.o
      2812         26          0          0          0       6886   tcp_out.o
       848         74          0         16          0      20856   tcpip.o
      1228         16          0          4          0       6233   udp.o

    ----------------------------------------------------------------------
     53832       1932        624        372      40540     669247   Object Totals
         0          0         32          0          0          0   (incl. Generated)
        12          0          5         10          9          0   (incl. Padding)

    ----------------------------------------------------------------------

      Code (inc. data)   RO Data    RW Data    ZI Data      Debug   Library Member Name

        86          0          0          0          0          0   __dczerorl2.o
         0          0          0          0          0          0   entry.o
         0          0          0          0          0          0   entry10a.o
         0          0          0          0          0          0   entry11a.o
         8          4          0          0          0          0   entry2.o
         4          0          0          0          0          0   entry5.o
         0          0          0          0          0          0   entry7b.o
         0          0          0          0          0          0   entry8b.o
         8          4          0          0          0          0   entry9a.o
        30          0          0          0          0          0   handlers.o
        36          8          0          0          0         68   init.o
         0          0          0          0          0          0   iusefp.o
        30          0          0          0          0         68   llshl.o
        36          0          0          0          0         68   llsshr.o
        32          0          0          0          0         68   llushr.o
        36          0          0          0          0         68   memcpya.o
        36          0          0          0          0        108   memseta.o
      2240         86          0          0          0        508   printfa.o
        28          0          0          0          0         76   strcmp.o
        18          0          0          0          0         68   strcpy.o
        14          0          0          0          0         68   strlen.o
        44          0          0          0          0         80   uidiv.o
        98          0          0          0          0         92   uldiv.o
        40          2          0          0          0         68   cdrcmple.o
        56          0          0          0          0         88   d2f.o
       334          0          0          0          0        148   dadd.o
       222          0          0          0          0        100   ddiv.o
       182          0          0          0          0        176   depilogue.o
        48          0          0          0          0         68   dfixul.o
       228          0          0          0          0         96   dmul.o
        38          0          0          0          0         68   f2d.o
       176          0          0          0          0        140   fadd.o
       110          0          0          0          0        168   fepilogue.o
        10          0          0          0          0         68   ffltui.o
       100          0          0          0          0         76   fmul.o

    ----------------------------------------------------------------------
      4332        104          0          0          0       2604   Library Totals
         4          0          0          0          0          0   (incl. Padding)

    ----------------------------------------------------------------------

      Code (inc. data)   RO Data    RW Data    ZI Data      Debug   Library Name

      2784        102          0          0          0       1340   mc_w.l
      1544          2          0          0          0       1264   mf_w.l

    ----------------------------------------------------------------------
      4332        104          0          0          0       2604   Library Totals

    ----------------------------------------------------------------------

==============================================================================


      Code (inc. data)   RO Data    RW Data    ZI Data      Debug   

     58164       2036        624        372      40540     666415   Grand Totals
     58164       2036        624         72      40540     666415   ELF Image Totals (compressed)
     58164       2036        624         72          0          0   ROM Totals

==============================================================================

    Total RO  Size (Code + RO Data)                58788 (  57.41kB)
    Total RW  Size (RW Data + ZI Data)             40912 (  39.95kB)
    Total ROM Size (Code + RO Data + RW Data)      58860 (  57.48kB)

==============================================================================

