Product: MDK-ARM Standard 5.10
Component: ARM Compiler 5.04 update 1 (build 49)
Tool: armlink [5040049]

==============================================================================

Section Cross References

    main.o(.text) refers to bsp.o(.text) for bsp_init
    main.o(.text) refers to lwipentry.o(.text) for vlwIPInit
    main.o(.text) refers to netconfig.o(.text) for LwIP_Init
    main.o(.text) refers to sys_arch.o(.text) for sys_thread_new
    main.o(.text) refers to tasks.o(.text) for xTaskCreate
    main.o(.text) refers to app_led.o(.text) for vLedTask
    app_led.o(.text) refers to tasks.o(.text) for xTaskGetTickCount
    app_led.o(.text) refers to stm32f10x_gpio.o(.text) for GPIO_SetBits
    app_led.o(.text) refers to app_serial.o(.text) for dbg_string
    netconfig.o(.text) refers to inet.o(.text) for htonl
    netconfig.o(.text) refers to netif.o(.text) for netif_add
    netconfig.o(.text) refers to netconfig.o(.data) for .data
    netconfig.o(.text) refers to netconfig.o(.bss) for .bss
    netconfig.o(.text) refers to tcpip.o(.text) for tcpip_input
    netconfig.o(.text) refers to ethernetif.o(.text) for ethernetif_init
    clock-arch.o(.text) refers to clock-arch.o(.data) for .data
    app_serial.o(.text) refers to tasks.o(.text) for vTaskDelay
    app_serial.o(.text) refers to printfa.o(i.__0vsprintf) for __c89vsprintf
    app_serial.o(.text) refers to queue.o(.text) for xQueueGenericCreate
    app_serial.o(.text) refers to stm32f10x_rcc.o(.text) for RCC_APB2PeriphClockCmd
    app_serial.o(.text) refers to stm32f10x_gpio.o(.text) for GPIO_Init
    app_serial.o(.text) refers to stm32f10x_usart.o(.text) for USART_Init
    app_serial.o(.text) refers to misc.o(.text) for NVIC_Init
    app_serial.o(.text) refers to app_serial.o(.data) for .data
    bsp.o(.text) refers to app_serial.o(.text) for serial_init
    bsp.o(.text) refers to stm32f10x_rcc.o(.text) for RCC_APB2PeriphClockCmd
    bsp.o(.text) refers to stm32f10x_gpio.o(.text) for GPIO_Init
    bsp.o(.text) refers to misc.o(.text) for NVIC_SetVectorTable
    dm9000x.o(.text) refers to stm32f10x_rcc.o(.text) for RCC_APB2PeriphClockCmd
    dm9000x.o(.text) refers to stm32f10x_gpio.o(.text) for GPIO_PinRemapConfig
    cstartup.o(RESET) refers to cstartup.o(STACK) for __initial_sp
    cstartup.o(RESET) refers to cstartup.o(.text) for Reset_Handler
    cstartup.o(RESET) refers to port.o(.emb_text) for vPortSVCHandler
    cstartup.o(RESET) refers to port.o(.text) for xPortSysTickHandler
    cstartup.o(RESET) refers to app_serial.o(.text) for USART1_IRQHandler
    cstartup.o(.text) refers to entry.o(.ARM.Collect$$$$00000000) for __main
    stm32f10x_gpio.o(.text) refers to stm32f10x_rcc.o(.text) for RCC_APB2PeriphResetCmd
    stm32f10x_rcc.o(.text) refers to stm32f10x_rcc.o(.data) for .data
    system_stm32f10x.o(.text) refers to system_stm32f10x.o(.data) for .data
    stm32f10x_usart.o(.text) refers to stm32f10x_rcc.o(.text) for RCC_APB2PeriphResetCmd
    event_groups.o(.text) refers to heap_2.o(.text) for pvPortMalloc
    event_groups.o(.text) refers to list.o(.text) for vListInitialise
    event_groups.o(.text) refers to tasks.o(.text) for vTaskSuspendAll
    event_groups.o(.text) refers to port.o(.text) for vPortEnterCritical
    queue.o(.text) refers to port.o(.text) for vPortEnterCritical
    queue.o(.text) refers to list.o(.text) for vListInitialise
    queue.o(.text) refers to tasks.o(.text) for xTaskRemoveFromEventList
    queue.o(.text) refers to heap_2.o(.text) for pvPortMalloc
    queue.o(.text) refers to memcpya.o(.text) for __aeabi_memcpy
    tasks.o(.text) refers to port.o(.text) for vPortEnterCritical
    tasks.o(.text) refers to list.o(.text) for vListInitialise
    tasks.o(.text) refers to heap_2.o(.text) for pvPortMalloc
    tasks.o(.text) refers to tasks.o(.data) for .data
    tasks.o(.text) refers to tasks.o(.bss) for .bss
    tasks.o(.text) refers to memseta.o(.text) for __aeabi_memset
    port.o(.emb_text) refers to tasks.o(.text) for vTaskSwitchContext
    port.o(.emb_text) refers to tasks.o(.data) for pxCurrentTCB
    port.o(.text) refers to port.o(.emb_text) for __asm___6_port_c_39a90d8d__prvStartFirstTask
    port.o(.text) refers to tasks.o(.text) for xTaskIncrementTick
    port.o(.text) refers to port.o(.data) for .data
    heap_2.o(.text) refers to tasks.o(.text) for vTaskSuspendAll
    heap_2.o(.text) refers to heap_2.o(.data) for .data
    heap_2.o(.text) refers to heap_2.o(.bss) for .bss
    ethernetif.o(.text) refers to dm9000x.o(.text) for dm9000x_receivepacket
    ethernetif.o(.text) refers to pbuf.o(.text) for pbuf_alloc
    ethernetif.o(.text) refers to memcpya.o(.text) for __aeabi_memcpy
    ethernetif.o(.text) refers to mem.o(.text) for mem_malloc
    ethernetif.o(.text) refers to tasks.o(.text) for xTaskCreate
    ethernetif.o(.text) refers to ethernetif.o(.bss) for .bss
    ethernetif.o(.text) refers to etharp.o(.text) for etharp_output
    sys_arch.o(.text) refers to queue.o(.text) for xQueueGenericCreate
[...]
    ..\STMLIB\src\system_stm32f10x.c         0x00000000   Number         0  system_stm32f10x.o ABSOLUTE
    ..\STMLIB\startup\cstartup.s             0x00000000   Number         0  cstartup.o ABSOLUTE
    ..\\APP\\app_led.c                       0x00000000   Number         0  app_led.o ABSOLUTE
    ..\\APP\\app_serial.c                    0x00000000   Number         0  app_serial.o ABSOLUTE
    ..\\APP\\clock-arch.c                    0x00000000   Number         0  clock-arch.o ABSOLUTE
    ..\\APP\\main.c                          0x00000000   Number         0  main.o ABSOLUTE
    ..\\APP\\netconfig.c                     0x00000000   Number         0  netconfig.o ABSOLUTE
    ..\\BSP\\bsp.c                           0x00000000   Number         0  bsp.o ABSOLUTE
    ..\\BSP\\dm9000x.c                       0x00000000   Number         0  dm9000x.o ABSOLUTE
    ..\\FreeRTOS\\portable\\RVDS\\ARM_CM3\\port.c 0x00000000   Number         0  port.o ABSOLUTE
    ..\\Lwip-1.3.2\\src\\LwIPEntry\\LwIPEntry.c 0x00000000   Number         0  lwipentry.o ABSOLUTE
    ..\\Lwip-1.3.2\\src\\netif\\ethernetif.c 0x00000000   Number         0  ethernetif.o ABSOLUTE
    ..\\STMLIB\\src\\misc.c                  0x00000000   Number         0  misc.o ABSOLUTE
    ..\\STMLIB\\src\\stm32f10x_exti.c        0x00000000   Number         0  stm32f10x_exti.o ABSOLUTE
    ..\\STMLIB\\src\\stm32f10x_gpio.c        0x00000000   Number         0  stm32f10x_gpio.o ABSOLUTE
    ..\\STMLIB\\src\\stm32f10x_rcc.c         0x00000000   Number         0  stm32f10x_rcc.o ABSOLUTE
    ..\\STMLIB\\src\\stm32f10x_usart.c       0x00000000   Number         0  stm32f10x_usart.o ABSOLUTE
    ..\\STMLIB\\src\\system_stm32f10x.c      0x00000000   Number         0  system_stm32f10x.o ABSOLUTE
    cdrcmple.s                               0x00000000   Number         0  cdrcmple.o ABSOLUTE
    dc.s                                     0x00000000   Number         0  dc.o ABSOLUTE
    handlers.s                               0x00000000   Number         0  handlers.o ABSOLUTE
    init.s                                   0x00000000   Number         0  init.o ABSOLUTE
    RESET                                    0x08000000   Section      236  cstartup.o(RESET)
    .ARM.Collect$$$$00000000                 0x080000ec   Section        0  entry.o(.ARM.Collect$$$$00000000)
    .ARM.Collect$$$$00000001                 0x080000ec   Section        4  entry2.o(.ARM.Collect$$$$00000001)
    .ARM.Collect$$$$00000004                 0x080000f0   Section        4  entry5.o(.ARM.Collect$$$$00000004)
    .ARM.Collect$$$$00000008                 0x080000f4   Section        0  entry7b.o(.ARM.Collect$$$$00000008)
    .ARM.Collect$$$$0000000A                 0x080000f4   Section        0  entry8b.o(.ARM.Collect$$$$0000000A)
    .ARM.Collect$$$$0000000B                 0x080000f4   Section        8  entry9a.o(.ARM.Collect$$$$0000000B)
    .ARM.Collect$$$$0000000D                 0x080000fc   Section        0  entry10a.o(.ARM.Collect$$$$0000000D)
    .ARM.Collect$$$$0000000F                 0x080000fc   Section        0  entry11a.o(.ARM.Collect$$$$0000000F)
    .ARM.Collect$$$$00002712                 0x080000fc   Section        4  entry2.o(.ARM.Collect$$$$00002712)
    __lit__00000000                          0x080000fc   Data           4  entry2.o(.ARM.Collect$$$$00002712)
    .emb_text                                0x08000100   Section      150  port.o(.emb_text)
    .text                                    0x08000198   Section        0  main.o(.text)
    .text                                    0x080001e8   Section        0  app_led.o(.text)
    .text                                    0x080002ac   Section        0  netconfig.o(.text)
    .text                                    0x08000378   Section        0  app_serial.o(.text)
    vComTxTask                               0x08000379   Thumb Code    60  app_serial.o(.text)
    xSerialPutChar                           0x0800051f   Thumb Code    40  app_serial.o(.text)
    .text                                    0x08000564   Section        0  bsp.o(.text)
    prvSetupHardware                         0x080005ab   Thumb Code   118  bsp.o(.text)
    .text                                    0x08000628   Section        0  dm9000x.o(.text)
    dm9000_out_byte                          0x080006b1   Thumb Code   106  dm9000x.o(.text)
    ior                                      0x0800071b   Thumb Code    92  dm9000x.o(.text)
    iow                                      0x080009c9   Thumb Code    20  dm9000x.o(.text)
    .text                                    0x080009f0   Section       28  cstartup.o(.text)
    .text                                    0x08000a0c   Section        0  stm32f10x_gpio.o(.text)
    .text                                    0x08000c70   Section        0  stm32f10x_rcc.o(.text)
    .text                                    0x08000f28   Section        0  misc.o(.text)
    .text                                    0x08000fd8   Section        0  stm32f10x_usart.o(.text)
    .text                                    0x08001300   Section        0  list.o(.text)
    .text                                    0x08001388   Section        0  queue.o(.text)
    prvUnlockQueue                           0x08001439   Thumb Code   106  queue.o(.text)
    prvCopyDataToQueue                       0x080014a3   Thumb Code    88  queue.o(.text)
    prvCopyDataFromQueue                     0x080016af   Thumb Code    38  queue.o(.text)
    prvIsQueueEmpty                          0x080018c1   Thumb Code    26  queue.o(.text)
    .text                                    0x080018dc   Section        0  tasks.o(.text)
    prvAddNewTaskToReadyList                 0x080018dd   Thumb Code   194  tasks.o(.text)
    prvAddCurrentTaskToDelayedList           0x08001bd3   Thumb Code   102  tasks.o(.text)
    prvIdleTask                              0x08001f7d   Thumb Code    30  tasks.o(.text)
    prvListTasksWithinSingleList             0x08002091   Thumb Code   112  tasks.o(.text)
    prvInitialiseNewTask                     0x080025e3   Thumb Code   132  tasks.o(.text)
    prvResetNextTaskUnblockTime              0x08002667   Thumb Code    26  tasks.o(.text)
    prvDeleteTCB                             0x08002681   Thumb Code    20  tasks.o(.text)
    prvTaskIsTaskSuspended                   0x08002695   Thumb Code    28  tasks.o(.text)
    prvCheckTasksWaitingTermination          0x080026b1   Thumb Code    76  tasks.o(.text)
    .text                                    0x08002708   Section        0  port.o(.text)
    prvTaskExitError                         0x08002709   Thumb Code    16  port.o(.text)
    .text                                    0x080027cc   Section        0  heap_2.o(.text)
    .text                                    0x080028c0   Section        0  ethernetif.o(.text)
    low_level_output                         0x0800291f   Thumb Code    42  ethernetif.o(.text)
    .text                                    0x080029bc   Section        0  sys_arch.o(.text)
    .text                                    0x08002c08   Section        0  etharp.o(.text)
    find_entry                               0x08002c57   Thumb Code   316  etharp.o(.text)
    etharp_send_ip                           0x08002d93   Thumb Code    54  etharp.o(.text)
    update_arp_entry                         0x08002dc9   Thumb Code   162  etharp.o(.text)
    free_etharp_q                            0x08003241   Thumb Code    30  etharp.o(.text)
    etharp_raw                               0x0800325f   Thumb Code   188  etharp.o(.text)
    .text                                    0x08003328   Section        0  dns.o(.text)
    dns_recv                                 0x0800334b   Thumb Code   356  dns.o(.text)
    dns_send                                 0x080034fb   Thumb Code   190  dns.o(.text)
    dns_check_entry                          0x080035b9   Thumb Code   170  dns.o(.text)
    dns_parse_name                           0x08003735   Thumb Code    34  dns.o(.text)
    dns_enqueue                              0x08003757   Thumb Code   136  dns.o(.text)
    .text                                    0x080037e8   Section        0  mem.o(.text)
    plug_holes                               0x08003a95   Thumb Code    78  mem.o(.text)
    .text                                    0x08003af0   Section        0  memp.o(.text)
    .text                                    0x08003bf4   Section        0  netif.o(.text)
    .text                                    0x08003d80   Section        0  pbuf.o(.text)
    pbuf_free_ooseq                          0x08003d81   Thumb Code    42  pbuf.o(.text)
    pbuf_pool_is_empty                       0x08003dab   Thumb Code    54  pbuf.o(.text)
    .text                                    0x080041b4   Section        0  raw.o(.text)
    .text                                    0x08004314   Section        0  sys.o(.text)
    sswt_handler                             0x08004487   Thumb Code    12  sys.o(.text)
    .text                                    0x080044ec   Section        0  tcp.o(.text)
    tcp_new_port                             0x08004a43   Thumb Code    92  tcp.o(.text)
    tcp_accept_null                          0x08004b4f   Thumb Code     6  tcp.o(.text)
    .text                                    0x08004e24   Section        0  tcp_in.o(.text)
    tcp_oos_insert_segment                   0x08004e25   Thumb Code   140  tcp_in.o(.text)
    tcp_receive                              0x08004eb1   Thumb Code  1670  tcp_in.o(.text)
    tcp_parseopt                             0x08005537   Thumb Code   124  tcp_in.o(.text)
    tcp_process                              0x080055b3   Thumb Code   846  tcp_in.o(.text)
    tcp_listen_input                         0x08005901   Thumb Code   236  tcp_in.o(.text)
    tcp_timewait_input                       0x08005d7f   Thumb Code   100  tcp_in.o(.text)
    .text                                    0x08005dec   Section        0  tcp_out.o(.text)
    tcp_output_set_header                    0x08005ded   Thumb Code   124  tcp_out.o(.text)
    tcp_output_segment                       0x0800624f   Thumb Code   208  tcp_out.o(.text)
    .text                                    0x08006774   Section        0  udp.o(.text)
    .text                                    0x08006b38   Section        0  icmp.o(.text)
    icmp_send_response                       0x08006cdf   Thumb Code   112  icmp.o(.text)
    .text                                    0x08006d60   Section        0  inet.o(.text)
    .text                                    0x08006ec8   Section        0  inet_chksum.o(.text)
    lwip_standard_chksum                     0x08006ec9   Thumb Code    60  inet_chksum.o(.text)
    .text                                    0x08006fe0   Section        0  ip.o(.text)
    ip_forward                               0x08007029   Thumb Code   168  ip.o(.text)
    .text                                    0x080073fc   Section        0  ip_addr.o(.text)
    .text                                    0x0800742c   Section        0  ip_frag.o(.text)
    ip_reass_free_complete_datagram          0x0800742d   Thumb Code   106  ip_frag.o(.text)
    ip_reass_remove_oldest_datagram          0x080074bf   Thumb Code   108  ip_frag.o(.text)
    ip_reass_chain_frag_into_datagram_and_validate 0x0800752b   Thumb Code   234  ip_frag.o(.text)
    ip_reass_dequeue_datagram                0x08007929   Thumb Code    30  ip_frag.o(.text)
    .text                                    0x08007950   Section        0  lwipentry.o(.text)
    .text                                    0x080079d0   Section        0  api_lib.o(.text)
    .text                                    0x08007c90   Section        0  api_msg.o(.text)
    recv_raw                                 0x08007c91   Thumb Code   122  api_msg.o(.text)
    recv_udp                                 0x08007d0b   Thumb Code   110  api_msg.o(.text)
    recv_tcp                                 0x08007d79   Thumb Code    74  api_msg.o(.text)
    err_tcp                                  0x08007dc3   Thumb Code   100  api_msg.o(.text)
    do_writemore                             0x08007e27   Thumb Code   180  api_msg.o(.text)
    sent_tcp                                 0x08007edb   Thumb Code    64  api_msg.o(.text)
    do_close_internal                        0x08007f1b   Thumb Code   156  api_msg.o(.text)
    poll_tcp                                 0x08007fb7   Thumb Code    28  api_msg.o(.text)
    setup_tcp                                0x08007fd3   Thumb Code    50  api_msg.o(.text)
    accept_function                          0x080080c5   Thumb Code    76  api_msg.o(.text)
    do_connected                             0x080081ef   Thumb Code    44  api_msg.o(.text)
    do_dns_found                             0x08008495   Thumb Code    26  api_msg.o(.text)
    pcb_new                                  0x080084d3   Thumb Code   136  api_msg.o(.text)
    .text                                    0x08008568   Section        0  netbuf.o(.text)
    .text                                    0x08008668   Section        0  tcpip.o(.text)
    tcpip_tcp_timer                          0x08008669   Thumb Code    40  tcpip.o(.text)
    ip_reass_timer                           0x080086b5   Thumb Code    22  tcpip.o(.text)
    arp_timer                                0x080086cb   Thumb Code    22  tcpip.o(.text)
    dns_timer                                0x080086e1   Thumb Code    22  tcpip.o(.text)
    tcpip_thread                             0x080086f7   Thumb Code   150  tcpip.o(.text)
    pbuf_free_int                            0x080088e9   Thumb Code     4  tcpip.o(.text)
    .text                                    0x08008934   Section        0  memcpya.o(.text)
    .text                                    0x08008958   Section        0  memseta.o(.text)
    .text                                    0x0800897c   Section        0  strlen.o(.text)
    .text                                    0x0800898a   Section        0  strcmp.o(.text)
    .text                                    0x080089a6   Section        0  strcpy.o(.text)
    .text                                    0x080089b8   Section        0  uidiv.o(.text)
    .text                                    0x080089e4   Section        0  uldiv.o(.text)
    .text                                    0x08008a46   Section        0  dadd.o(.text)
    .text                                    0x08008a46   Section        0  iusefp.o(.text)
    .text                                    0x08008b94   Section        0  dmul.o(.text)
    .text                                    0x08008c78   Section        0  ddiv.o(.text)
    .text                                    0x08008d56   Section        0  dfixul.o(.text)
    .text                                    0x08008d88   Section       40  cdrcmple.o(.text)
    .text                                    0x08008db0   Section       36  init.o(.text)
    .text                                    0x08008dd4   Section        0  llshl.o(.text)
    .text                                    0x08008df2   Section        0  llushr.o(.text)
    .text                                    0x08008e12   Section        0  llsshr.o(.text)
    .text                                    0x08008e36   Section        0  depilogue.o(.text)
    .text                                    0x08008eec   Section        0  __dczerorl2.o(.text)
    i.__0vsprintf                            0x08008f44   Section        0  printfa.o(i.__0vsprintf)
    i.__scatterload_copy                     0x08008f68   Section       14  handlers.o(i.__scatterload_copy)
    i.__scatterload_null                     0x08008f76   Section        2  handlers.o(i.__scatterload_null)
    i.__scatterload_zeroinit                 0x08008f78   Section       14  handlers.o(i.__scatterload_zeroinit)
    i._fp_digits                             0x08008f88   Section        0  printfa.o(i._fp_digits)
    _fp_digits                               0x08008f89   Thumb Code   334  printfa.o(i._fp_digits)
    i._printf_core                           0x080090ec   Section        0  printfa.o(i._printf_core)
    _printf_core                             0x080090ed   Thumb Code  1744  printfa.o(i._printf_core)
    i._printf_post_padding                   0x080097c8   Section        0  printfa.o(i._printf_post_padding)
    _printf_post_padding                     0x080097c9   Thumb Code    36  printfa.o(i._printf_post_padding)
    i._printf_pre_padding                    0x080097ec   Section        0  printfa.o(i._printf_pre_padding)
    _printf_pre_padding                      0x080097ed   Thumb Code    46  printfa.o(i._printf_pre_padding)
    i._sputc                                 0x0800981a   Section        0  printfa.o(i._sputc)
    _sputc                                   0x0800981b   Thumb Code    10  printfa.o(i._sputc)
    .constdata                               0x08009824   Section       12  etharp.o(.constdata)
    .constdata                               0x08009830   Section       56  memp.o(.constdata)
    memp_sizes                               0x08009830   Data          28  memp.o(.constdata)
    memp_num                                 0x0800984c   Data          28  memp.o(.constdata)
    .constdata                               0x08009868   Section       20  tcp.o(.constdata)
    .constdata                               0x0800987c   Section        4  ip_addr.o(.constdata)
    .conststring                             0x08009880   Section      117  tcp.o(.conststring)
    .conststring                             0x080098f8   Section      120  lwipentry.o(.conststring)
    .data                                    0x20000000   Section       18  netconfig.o(.data)
    .data                                    0x20000014   Section        8  app_serial.o(.data)
    xPort                                    0x20000014   Data           4  app_serial.o(.data)
    xCharsForTx                              0x20000018   Data           4  app_serial.o(.data)
    .data                                    0x2000001c   Section       20  stm32f10x_rcc.o(.data)
    ADCPrescTable                            0x2000001c   Data           4  stm32f10x_rcc.o(.data)
    APBAHBPrescTable                         0x20000020   Data          16  stm32f10x_rcc.o(.data)
    .data                                    0x20000030   Section       60  tasks.o(.data)
    uxDeletedTasksWaitingCleanUp             0x20000034   Data           4  tasks.o(.data)
    uxCurrentNumberOfTasks                   0x20000038   Data           4  tasks.o(.data)
    xTickCount                               0x2000003c   Data           4  tasks.o(.data)
    uxTopReadyPriority                       0x20000040   Data           4  tasks.o(.data)
    xSchedulerRunning                        0x20000044   Data           4  tasks.o(.data)
    uxPendedTicks                            0x20000048   Data           4  tasks.o(.data)
    xYieldPending                            0x2000004c   Data           4  tasks.o(.data)
    xNumOfOverflows                          0x20000050   Data           4  tasks.o(.data)
    uxTaskNumber                             0x20000054   Data           4  tasks.o(.data)
    xNextTaskUnblockTime                     0x20000058   Data           4  tasks.o(.data)
    xIdleTaskHandle                          0x2000005c   Data           4  tasks.o(.data)
    uxSchedulerSuspended                     0x20000060   Data           4  tasks.o(.data)
    pxDelayedTaskList                        0x20000064   Data           4  tasks.o(.data)
    pxOverflowDelayedTaskList                0x20000068   Data           4  tasks.o(.data)
    .data                                    0x2000006c   Section        4  port.o(.data)
    uxCriticalNesting                        0x2000006c   Data           4  port.o(.data)
    .data                                    0x20000070   Section       24  heap_2.o(.data)
    xFreeBytesRemaining                      0x20000070   Data           4  heap_2.o(.data)
    xHeapHasBeenInitialised                  0x20000074   Data           4  heap_2.o(.data)
    xStart                                   0x20000078   Data           8  heap_2.o(.data)
    xEnd                                     0x20000080   Data           8  heap_2.o(.data)
    .data                                    0x20000088   Section        2  sys_arch.o(.data)
    s_nextthread                             0x20000088   Data           2  sys_arch.o(.data)
    .data                                    0x2000008a   Section        1  etharp.o(.data)
    etharp_cached_entry                      0x2000008a   Data           1  etharp.o(.data)
    .data                                    0x2000008c   Section       16  dns.o(.data)
    dns_seqno                                0x2000008c   Data           1  dns.o(.data)
    dns_pcb                                  0x20000090   Data           4  dns.o(.data)
    dns_servers                              0x20000094   Data           8  dns.o(.data)
    .data                                    0x2000009c   Section       16  mem.o(.data)
    ram                                      0x2000009c   Data           4  mem.o(.data)
    ram_end                                  0x200000a0   Data           4  mem.o(.data)
    lfree                                    0x200000a4   Data           4  mem.o(.data)
    mem_sem                                  0x200000a8   Data           4  mem.o(.data)
    .data                                    0x200000ac   Section       12  netif.o(.data)
    netifnum                                 0x200000ac   Data           1  netif.o(.data)
    .data                                    0x200000b8   Section        1  pbuf.o(.data)
    pbuf_free_ooseq_queued                   0x200000b8   Data           1  pbuf.o(.data)
    .data                                    0x200000bc   Section        4  raw.o(.data)
    raw_pcbs                                 0x200000bc   Data           4  raw.o(.data)
    .data                                    0x200000c0   Section       76  tcp.o(.data)
    tcp_timer                                0x200000c0   Data           1  tcp.o(.data)
    port                                     0x200000c2   Data           2  tcp.o(.data)
    iss                                      0x200000c4   Data           4  tcp.o(.data)
    .data                                    0x2000010c   Section       28  tcp_in.o(.data)
    flags                                    0x2000010c   Data           1  tcp_in.o(.data)
    recv_flags                               0x2000010d   Data           1  tcp_in.o(.data)
    tcplen                                   0x2000010e   Data           2  tcp_in.o(.data)
    tcphdr                                   0x20000110   Data           4  tcp_in.o(.data)
    iphdr                                    0x20000114   Data           4  tcp_in.o(.data)
    seqno                                    0x20000118   Data           4  tcp_in.o(.data)
    ackno                                    0x2000011c   Data           4  tcp_in.o(.data)
    recv_data                                0x20000120   Data           4  tcp_in.o(.data)
    .data                                    0x20000128   Section        4  udp.o(.data)
    .data                                    0x2000012c   Section       12  ip.o(.data)
    ip_id                                    0x2000012c   Data           2  ip.o(.data)
    .data                                    0x20000138   Section        8  ip_frag.o(.data)
    ip_reass_pbufcount                       0x20000138   Data           2  ip_frag.o(.data)
    reassdatagrams                           0x2000013c   Data           4  ip_frag.o(.data)
    .data                                    0x20000140   Section       16  tcpip.o(.data)
    mbox                                     0x20000140   Data           4  tcpip.o(.data)
    tcpip_init_done                          0x20000144   Data           4  tcpip.o(.data)
    tcpip_init_done_arg                      0x20000148   Data           4  tcpip.o(.data)
    tcpip_tcp_timer_active                   0x2000014c   Data           4  tcpip.o(.data)
    .bss                                     0x20000150   Section       48  netconfig.o(.bss)
    .bss                                     0x20000180   Section      300  tasks.o(.bss)
    pxReadyTasksLists                        0x20000180   Data         200  tasks.o(.bss)
    xDelayedTaskList1                        0x20000248   Data          20  tasks.o(.bss)
    xDelayedTaskList2                        0x2000025c   Data          20  tasks.o(.bss)
    xPendingReadyList                        0x20000270   Data          20  tasks.o(.bss)
    xTasksWaitingTermination                 0x20000284   Data          20  tasks.o(.bss)
    xSuspendedTaskList                       0x20000298   Data          20  tasks.o(.bss)
    .bss                                     0x200002ac   Section    17408  heap_2.o(.bss)
    ucHeap                                   0x200002ac   Data       17408  heap_2.o(.bss)
    .bss                                     0x200046ac   Section     3032  ethernetif.o(.bss)
    .bss                                     0x20005284   Section       40  sys_arch.o(.bss)
    s_timeoutlist                            0x20005284   Data          40  sys_arch.o(.bss)
    .bss                                     0x200052ac   Section      200  etharp.o(.bss)
    arp_table                                0x200052ac   Data         200  etharp.o(.bss)
    .bss                                     0x20005374   Section     1632  dns.o(.bss)
    dns_table                                0x20005374   Data        1120  dns.o(.bss)
    dns_payload                              0x200057d4   Data         512  dns.o(.bss)
    .bss                                     0x200059d4   Section     2020  mem.o(.bss)
    ram_heap                                 0x200059d4   Data        2020  mem.o(.bss)
    .bss                                     0x200061b8   Section    12339  memp.o(.bss)
    memp_tab                                 0x200061b8   Data          56  memp.o(.bss)
    memp_memory                              0x200061f0   Data       12283  memp.o(.bss)
    .bss                                     0x200091ec   Section      330  stats.o(.bss)
    .bss                                     0x20009338   Section       20  tcp_in.o(.bss)
    inseg                                    0x20009338   Data          20  tcp_in.o(.bss)
    .bss                                     0x2000934c   Section       16  inet.o(.bss)
    str                                      0x2000934c   Data          16  inet.o(.bss)
    .bss                                     0x2000935c   Section     2004  ip_frag.o(.bss)
    buf                                      0x2000935c   Data        2004  ip_frag.o(.bss)
    STACK                                    0x20009b30   Section     1024  cstartup.o(STACK)

    Global Symbols

    Symbol Name                              Value     Ov Type        Size  Object(Section)

    BuildAttributes$$THM_ISAv4$P$D$K$B$S$PE$A:L22UL41UL21$X:L11$S22US41US21$IEEE1$IW$USESV6$~STKCKD$USESV7$~SHL$OSPACE$ROPI$EBA8$MICROLIB$REQ8$PRES8$EABIv2 0x00000000   Number         0  anon$$obj.o ABSOLUTE
    __ARM_use_no_argv                        0x00000000   Number         0  main.o ABSOLUTE
    __cpp_initialize__aeabi_                  - Undefined Weak Reference
    __cxa_finalize                            - Undefined Weak Reference
    _clock_init                               - Undefined Weak Reference
    _microlib_exit                            - Undefined Weak Reference
    __Vectors                                0x08000000   Data           4  cstartup.o(RESET)
    __main                                   0x080000ed   Thumb Code     0  entry.o(.ARM.Collect$$$$00000000)
    _main_stk                                0x080000ed   Thumb Code     0  entry2.o(.ARM.Collect$$$$00000001)
    _main_scatterload                        0x080000f1   Thumb Code     0  entry5.o(.ARM.Collect$$$$00000004)
    __main_after_scatterload                 0x080000f5   Thumb Code     0  entry5.o(.ARM.Collect$$$$00000004)
    _main_clock                              0x080000f5   Thumb Code     0  entry7b.o(.ARM.Collect$$$$00000008)
    _main_cpp_init                           0x080000f5   Thumb Code     0  entry8b.o(.ARM.Collect$$$$0000000A)
    _main_init                               0x080000f5   Thumb Code     0  entry9a.o(.ARM.Collect$$$$0000000B)
    __rt_final_cpp                           0x080000fd   Thumb Code     0  entry10a.o(.ARM.Collect$$$$0000000D)
    __rt_final_exit                          0x080000fd   Thumb Code     0  entry11a.o(.ARM.Collect$$$$0000000F)
    vPortSVCHandler                          0x08000101   Thumb Code    32  port.o(.emb_text)
    __asm___6_port_c_39a90d8d__prvStartFirstTask 0x08000125   Thumb Code    28  port.o(.emb_text)
    xPortPendSVHandler                       0x08000145   Thumb Code    72  port.o(.emb_text)
    vPortGetIPSR                             0x08000191   Thumb Code     6  port.o(.emb_text)
    main                                     0x08000199   Thumb Code    60  main.o(.text)
    vLedTask                                 0x080001e9   Thumb Code    66  app_led.o(.text)
    vRelay1Task                              0x0800022b   Thumb Code    36  app_led.o(.text)
    vRelay2Task                              0x0800024f   Thumb Code    40  app_led.o(.text)
    vRelay3Task                              0x08000277   Thumb Code    40  app_led.o(.text)
    LwIP_Init                                0x080002ad   Thumb Code   184  netconfig.o(.text)
    app_init                                 0x08000365   Thumb Code     2  netconfig.o(.text)
    vStartComTasks                           0x080003b5   Thumb Code    22  app_serial.o(.text)
    dbg_string                               0x080003cb   Thumb Code    50  app_serial.o(.text)
    serial_init                              0x080003fd   Thumb Code   204  app_serial.o(.text)
    USART1_IRQHandler                        0x080004c9   Thumb Code    86  app_serial.o(.text)
    bsp_init                                 0x08000565   Thumb Code    70  bsp.o(.text)
    dm9000x_gpio_inital                      0x08000629   Thumb Code   136  dm9000x.o(.text)
    dm9000x_read_id                          0x08000777   Thumb Code    54  dm9000x.o(.text)
    dm9000x_inital                           0x080007ad   Thumb Code   216  dm9000x.o(.text)
    dm9000x_sendpacket                       0x08000885   Thumb Code   136  dm9000x.o(.text)
    dm9000x_receivepacket                    0x0800090d   Thumb Code   188  dm9000x.o(.text)
    Reset_Handler                            0x080009f1   Thumb Code     4  cstartup.o(.text)
    NMI_Handler                              0x080009f5   Thumb Code     2  cstartup.o(.text)
    HardFault_Handler                        0x080009f7   Thumb Code     2  cstartup.o(.text)
    MemManage_Handler                        0x080009f9   Thumb Code     2  cstartup.o(.text)
    BusFault_Handler                         0x080009fb   Thumb Code     2  cstartup.o(.text)
    UsageFault_Handler                       0x080009fd   Thumb Code     2  cstartup.o(.text)
    SVC_Handler                              0x080009ff   Thumb Code     2  cstartup.o(.text)
    DebugMon_Handler                         0x08000a01   Thumb Code     2  cstartup.o(.text)
    PendSV_Handler                           0x08000a03   Thumb Code     2  cstartup.o(.text)
    ADC_IRQHandler                           0x08000a07   Thumb Code     0  cstartup.o(.text)
    CAN_RX1_IRQHandler                       0x08000a07   Thumb Code     0  cstartup.o(.text)
    CAN_SCE_IRQHandler                       0x08000a07   Thumb Code     0  cstartup.o(.text)
    DMAChannel1_IRQHandler                   0x08000a07   Thumb Code     0  cstartup.o(.text)
    DMAChannel2_IRQHandler                   0x08000a07   Thumb Code     0  cstartup.o(.text)
    DMAChannel3_IRQHandler                   0x08000a07   Thumb Code     0  cstartup.o(.text)
    DMAChannel4_IRQHandler                   0x08000a07   Thumb Code     0  cstartup.o(.text)
    DMAChannel5_IRQHandler                   0x08000a07   Thumb Code     0  cstartup.o(.text)
    DMAChannel6_IRQHandler                   0x08000a07   Thumb Code     0  cstartup.o(.text)
    DMAChannel7_IRQHandler                   0x08000a07   Thumb Code     0  cstartup.o(.text)
    EXTI0_IRQHandler                         0x08000a07   Thumb Code     0  cstartup.o(.text)
    EXTI15_10_IRQHandler                     0x08000a07   Thumb Code     0  cstartup.o(.text)
    EXTI1_IRQHandler                         0x08000a07   Thumb Code     0  cstartup.o(.text)
    EXTI2_IRQHandler                         0x08000a07   Thumb Code     0  cstartup.o(.text)
    EXTI3_IRQHandler                         0x08000a07   Thumb Code     0  cstartup.o(.text)
    EXTI4_IRQHandler                         0x08000a07   Thumb Code     0  cstartup.o(.text)
    EXTI9_5_IRQHandler                       0x08000a07   Thumb Code     0  cstartup.o(.text)
    FLASH_IRQHandler                         0x08000a07   Thumb Code     0  cstartup.o(.text)
    I2C1_ER_IRQHandler                       0x08000a07   Thumb Code     0  cstartup.o(.text)
    I2C1_EV_IRQHandler                       0x08000a07   Thumb Code     0  cstartup.o(.text)
    I2C2_ER_IRQHandler                       0x08000a07   Thumb Code     0  cstartup.o(.text)
    I2C2_EV_IRQHandler                       0x08000a07   Thumb Code     0  cstartup.o(.text)
    PVD_IRQHandler                           0x08000a07   Thumb Code     0  cstartup.o(.text)
    RCC_IRQHandler                           0x08000a07   Thumb Code     0  cstartup.o(.text)
    RTCAlarm_IRQHandler                      0x08000a07   Thumb Code     0  cstartup.o(.text)
    RTC_IRQHandler                           0x08000a07   Thumb Code     0  cstartup.o(.text)
    SPI1_IRQHandler                          0x08000a07   Thumb Code     0  cstartup.o(.text)
    SPI2_IRQHandler                          0x08000a07   Thumb Code     0  cstartup.o(.text)
    TAMPER_IRQHandler                        0x08000a07   Thumb Code     0  cstartup.o(.text)
    TIM1_BRK_IRQHandler                      0x08000a07   Thumb Code     0  cstartup.o(.text)
    TIM1_CC_IRQHandler                       0x08000a07   Thumb Code     0  cstartup.o(.text)
    TIM1_TRG_COM_IRQHandler                  0x08000a07   Thumb Code     0  cstartup.o(.text)
    TIM1_UP_IRQHandler                       0x08000a07   Thumb Code     0  cstartup.o(.text)
    TIM2_IRQHandler                          0x08000a07   Thumb Code     0  cstartup.o(.text)
    TIM3_IRQHandler                          0x08000a07   Thumb Code     0  cstartup.o(.text)
    TIM4_IRQHandler                          0x08000a07   Thumb Code     0  cstartup.o(.text)
    USART2_IRQHandler                        0x08000a07   Thumb Code     0  cstartup.o(.text)
    USART3_IRQHandler                        0x08000a07   Thumb Code     0  cstartup.o(.text)
    USBWakeUp_IRQHandler                     0x08000a07   Thumb Code     0  cstartup.o(.text)
    USB_HP_CAN_TX_IRQHandler                 0x08000a07   Thumb Code     0  cstartup.o(.text)
    USB_LP_CAN_RX0_IRQHandler                0x08000a07   Thumb Code     0  cstartup.o(.text)
    WWDG_IRQHandler                          0x08000a07   Thumb Code     0  cstartup.o(.text)
    GPIO_DeInit                              0x08000a0d   Thumb Code   152  stm32f10x_gpio.o(.text)
    GPIO_AFIODeInit                          0x08000aa5   Thumb Code    22  stm32f10x_gpio.o(.text)
    GPIO_Init                                0x08000abb   Thumb Code   156  stm32f10x_gpio.o(.text)
    GPIO_StructInit                          0x08000b57   Thumb Code    16  stm32f10x_gpio.o(.text)
    GPIO_ReadInputDataBit                    0x08000b67   Thumb Code    14  stm32f10x_gpio.o(.text)
    GPIO_ReadInputData                       0x08000b75   Thumb Code     6  stm32f10x_gpio.o(.text)
    GPIO_ReadOutputDataBit                   0x08000b7b   Thumb Code    14  stm32f10x_gpio.o(.text)
    GPIO_ReadOutputData                      0x08000b89   Thumb Code     6  stm32f10x_gpio.o(.text)
    GPIO_SetBits                             0x08000b8f   Thumb Code     4  stm32f10x_gpio.o(.text)
    GPIO_ResetBits                           0x08000b93   Thumb Code     4  stm32f10x_gpio.o(.text)
    GPIO_WriteBit                            0x08000b97   Thumb Code    10  stm32f10x_gpio.o(.text)
    GPIO_Write                               0x08000ba1   Thumb Code     4  stm32f10x_gpio.o(.text)
    GPIO_PinLockConfig                       0x08000ba5   Thumb Code    16  stm32f10x_gpio.o(.text)
    GPIO_EventOutputConfig                   0x08000bb5   Thumb Code    22  stm32f10x_gpio.o(.text)
    GPIO_EventOutputCmd                      0x08000bcb   Thumb Code     6  stm32f10x_gpio.o(.text)
    GPIO_PinRemapConfig                      0x08000bd1   Thumb Code    82  stm32f10x_gpio.o(.text)
    GPIO_EXTILineConfig                      0x08000c23   Thumb Code    34  stm32f10x_gpio.o(.text)
    GPIO_ETH_MediaInterfaceConfig            0x08000c45   Thumb Code     8  stm32f10x_gpio.o(.text)
    RCC_DeInit                               0x08000c71   Thumb Code    50  stm32f10x_rcc.o(.text)
    RCC_HSEConfig                            0x08000ca3   Thumb Code    48  stm32f10x_rcc.o(.text)
    RCC_GetFlagStatus                        0x08000cd3   Thumb Code    42  stm32f10x_rcc.o(.text)
    RCC_WaitForHSEStartUp                    0x08000cfd   Thumb Code    44  stm32f10x_rcc.o(.text)
    RCC_AdjustHSICalibrationValue            0x08000d29   Thumb Code    16  stm32f10x_rcc.o(.text)
    RCC_HSICmd                               0x08000d39   Thumb Code     6  stm32f10x_rcc.o(.text)
    RCC_PLLConfig                            0x08000d3f   Thumb Code    16  stm32f10x_rcc.o(.text)
    RCC_PLLCmd                               0x08000d4f   Thumb Code     6  stm32f10x_rcc.o(.text)
    RCC_SYSCLKConfig                         0x08000d55   Thumb Code    14  stm32f10x_rcc.o(.text)
    RCC_GetSYSCLKSource                      0x08000d63   Thumb Code    10  stm32f10x_rcc.o(.text)
    RCC_HCLKConfig                           0x08000d6d   Thumb Code    14  stm32f10x_rcc.o(.text)
    RCC_PCLK1Config                          0x08000d7b   Thumb Code    14  stm32f10x_rcc.o(.text)
    RCC_PCLK2Config                          0x08000d89   Thumb Code    16  stm32f10x_rcc.o(.text)
    RCC_ITConfig                             0x08000d99   Thumb Code    18  stm32f10x_rcc.o(.text)
    RCC_USBCLKConfig                         0x08000dab   Thumb Code     8  stm32f10x_rcc.o(.text)
    RCC_ADCCLKConfig                         0x08000db3   Thumb Code    14  stm32f10x_rcc.o(.text)
    RCC_LSEConfig                            0x08000dc1   Thumb Code    28  stm32f10x_rcc.o(.text)
    RCC_LSICmd                               0x08000ddd   Thumb Code     6  stm32f10x_rcc.o(.text)
    RCC_RTCCLKConfig                         0x08000de3   Thumb Code    10  stm32f10x_rcc.o(.text)
    RCC_RTCCLKCmd                            0x08000ded   Thumb Code     8  stm32f10x_rcc.o(.text)
    RCC_GetClocksFreq                        0x08000df5   Thumb Code   132  stm32f10x_rcc.o(.text)
    RCC_AHBPeriphClockCmd                    0x08000e79   Thumb Code    18  stm32f10x_rcc.o(.text)
    RCC_APB2PeriphClockCmd                   0x08000e8b   Thumb Code    18  stm32f10x_rcc.o(.text)
    RCC_APB1PeriphClockCmd                   0x08000e9d   Thumb Code    18  stm32f10x_rcc.o(.text)
    RCC_APB2PeriphResetCmd                   0x08000eaf   Thumb Code    18  stm32f10x_rcc.o(.text)
    RCC_APB1PeriphResetCmd                   0x08000ec1   Thumb Code    18  stm32f10x_rcc.o(.text)
    RCC_BackupResetCmd                       0x08000ed3   Thumb Code     8  stm32f10x_rcc.o(.text)
    RCC_ClockSecuritySystemCmd               0x08000edb   Thumb Code     6  stm32f10x_rcc.o(.text)
    RCC_MCOConfig                            0x08000ee1   Thumb Code     6  stm32f10x_rcc.o(.text)
    RCC_ClearFlag                            0x08000ee7   Thumb Code    12  stm32f10x_rcc.o(.text)
    RCC_GetITStatus                          0x08000ef3   Thumb Code    16  stm32f10x_rcc.o(.text)
    RCC_ClearITPendingBit                    0x08000f03   Thumb Code     6  stm32f10x_rcc.o(.text)
    NVIC_PriorityGroupConfig                 0x08000f29   Thumb Code    10  misc.o(.text)
    NVIC_Init                                0x08000f33   Thumb Code    94  misc.o(.text)
    NVIC_SetVectorTable                      0x08000f91   Thumb Code    14  misc.o(.text)
    NVIC_SystemLPConfig                      0x08000f9f   Thumb Code    20  misc.o(.text)
    SysTick_CLKSourceConfig                  0x08000fb3   Thumb Code    24  misc.o(.text)
    USART_DeInit                             0x08000fd9   Thumb Code    96  stm32f10x_usart.o(.text)
    USART_Init                               0x08001039   Thumb Code   166  stm32f10x_usart.o(.text)
    USART_StructInit                         0x080010df   Thumb Code    22  stm32f10x_usart.o(.text)
    USART_ClockInit                          0x080010f5   Thumb Code    30  stm32f10x_usart.o(.text)
    USART_ClockStructInit                    0x08001113   Thumb Code    12  stm32f10x_usart.o(.text)
    USART_Cmd                                0x0800111f   Thumb Code    20  stm32f10x_usart.o(.text)
    USART_ITConfig                           0x08001133   Thumb Code    48  stm32f10x_usart.o(.text)
    USART_DMACmd                             0x08001163   Thumb Code    16  stm32f10x_usart.o(.text)
    USART_SetAddress                         0x08001173   Thumb Code    16  stm32f10x_usart.o(.text)
    USART_WakeUpConfig                       0x08001183   Thumb Code    16  stm32f10x_usart.o(.text)
    USART_ReceiverWakeUpCmd                  0x08001193   Thumb Code    20  stm32f10x_usart.o(.text)
    USART_LINBreakDetectLengthConfig         0x080011a7   Thumb Code    16  stm32f10x_usart.o(.text)
    USART_LINCmd                             0x080011b7   Thumb Code    20  stm32f10x_usart.o(.text)
    USART_SendData                           0x080011cb   Thumb Code     8  stm32f10x_usart.o(.text)
    USART_ReceiveData                        0x080011d3   Thumb Code     8  stm32f10x_usart.o(.text)
    USART_SendBreak                          0x080011db   Thumb Code    10  stm32f10x_usart.o(.text)
    USART_SetGuardTime                       0x080011e5   Thumb Code    16  stm32f10x_usart.o(.text)
    USART_SetPrescaler                       0x080011f5   Thumb Code    16  stm32f10x_usart.o(.text)
    USART_SmartCardCmd                       0x08001205   Thumb Code    20  stm32f10x_usart.o(.text)
    USART_SmartCardNACKCmd                   0x08001219   Thumb Code    20  stm32f10x_usart.o(.text)
    USART_HalfDuplexCmd                      0x0800122d   Thumb Code    20  stm32f10x_usart.o(.text)
    USART_OverSampling8Cmd                   0x08001241   Thumb Code    20  stm32f10x_usart.o(.text)
    USART_OneBitMethodCmd                    0x08001255   Thumb Code    20  stm32f10x_usart.o(.text)
    USART_IrDAConfig                         0x08001269   Thumb Code    16  stm32f10x_usart.o(.text)
    USART_IrDACmd                            0x08001279   Thumb Code    20  stm32f10x_usart.o(.text)
    USART_GetFlagStatus                      0x0800128d   Thumb Code    14  stm32f10x_usart.o(.text)
    USART_ClearFlag                          0x0800129b   Thumb Code     6  stm32f10x_usart.o(.text)
    USART_GetITStatus                        0x080012a1   Thumb Code    62  stm32f10x_usart.o(.text)
    USART_ClearITPendingBit                  0x080012df   Thumb Code    12  stm32f10x_usart.o(.text)
    vListInitialise                          0x08001301   Thumb Code    22  list.o(.text)
    vListInitialiseItem                      0x08001317   Thumb Code     6  list.o(.text)
    vListInsertEnd                           0x0800131d   Thumb Code    24  list.o(.text)
    vListInsert                              0x08001335   Thumb Code    48  list.o(.text)
    uxListRemove                             0x08001365   Thumb Code    36  list.o(.text)
    xQueueGenericReset                       0x08001389   Thumb Code   112  queue.o(.text)
    xQueueGenericCreate                      0x080013f9   Thumb Code    64  queue.o(.text)
    xQueueGenericSend                        0x080014fb   Thumb Code   250  queue.o(.text)
    xQueueGenericSendFromISR                 0x080015f5   Thumb Code   100  queue.o(.text)
    xQueueGiveFromISR                        0x08001659   Thumb Code    86  queue.o(.text)
    xQueueGenericReceive                     0x080016d5   Thumb Code   260  queue.o(.text)
    xQueueReceiveFromISR                     0x080017d9   Thumb Code    98  queue.o(.text)
    xQueuePeekFromISR                        0x0800183b   Thumb Code    44  queue.o(.text)
    uxQueueMessagesWaiting                   0x08001867   Thumb Code    18  queue.o(.text)
    uxQueueSpacesAvailable                   0x08001879   Thumb Code    22  queue.o(.text)
    uxQueueMessagesWaitingFromISR            0x0800188f   Thumb Code     4  queue.o(.text)
    vQueueDelete                             0x08001893   Thumb Code     4  queue.o(.text)
    uxQueueGetQueueNumber                    0x08001897   Thumb Code     4  queue.o(.text)
    vQueueSetQueueNumber                     0x0800189b   Thumb Code     4  queue.o(.text)
    ucQueueGetQueueType                      0x0800189f   Thumb Code     6  queue.o(.text)
    xQueueIsQueueEmptyFromISR                0x080018a5   Thumb Code    12  queue.o(.text)
    xQueueIsQueueFullFromISR                 0x080018b1   Thumb Code    16  queue.o(.text)
    xTaskCreate                              0x0800199f   Thumb Code    82  tasks.o(.text)
    vTaskDelete                              0x080019f1   Thumb Code   148  tasks.o(.text)
    xTaskIncrementTick                       0x08001a85   Thumb Code   168  tasks.o(.text)
    xTaskResumeAll                           0x08001b2d   Thumb Code   166  tasks.o(.text)
    vTaskSuspendAll                          0x08001c39   Thumb Code    10  tasks.o(.text)
    vTaskDelayUntil                          0x08001c43   Thumb Code    78  tasks.o(.text)
    vTaskDelay                               0x08001c91   Thumb Code    44  tasks.o(.text)
    eTaskGetState                            0x08001cbd   Thumb Code    92  tasks.o(.text)
    uxTaskPriorityGet                        0x08001d19   Thumb Code    24  tasks.o(.text)
    uxTaskPriorityGetFromISR                 0x08001d31   Thumb Code    32  tasks.o(.text)
    vTaskPrioritySet                         0x08001d51   Thumb Code   160  tasks.o(.text)
    vTaskSwitchContext                       0x08001df1   Thumb Code    60  tasks.o(.text)
    vTaskSuspend                             0x08001e2d   Thumb Code   136  tasks.o(.text)
    vTaskResume                              0x08001eb5   Thumb Code    96  tasks.o(.text)
    xTaskResumeFromISR                       0x08001f15   Thumb Code   104  tasks.o(.text)
    vTaskStartScheduler                      0x08001f9b   Thumb Code    66  tasks.o(.text)
    vTaskEndScheduler                        0x08001fdd   Thumb Code    24  tasks.o(.text)
    xTaskGetTickCount                        0x08001ff5   Thumb Code     6  tasks.o(.text)
    xTaskGetTickCountFromISR                 0x08001ffb   Thumb Code     6  tasks.o(.text)
    uxTaskGetNumberOfTasks                   0x08002001   Thumb Code     6  tasks.o(.text)
    pcTaskGetName                            0x08002007   Thumb Code    10  tasks.o(.text)
    vTaskGetTaskInfo                         0x08002011   Thumb Code   128  tasks.o(.text)
    uxTaskGetSystemState                     0x08002101   Thumb Code   156  tasks.o(.text)
    vTaskPlaceOnEventList                    0x0800219d   Thumb Code    28  tasks.o(.text)
    vTaskPlaceOnUnorderedEventList           0x080021b9   Thumb Code    36  tasks.o(.text)
    xTaskRemoveFromEventList                 0x080021dd   Thumb Code    88  tasks.o(.text)
    xTaskRemoveFromUnorderedEventList        0x08002235   Thumb Code    72  tasks.o(.text)
    vTaskSetTimeOutState                     0x0800227d   Thumb Code    12  tasks.o(.text)
    xTaskCheckForTimeOut                     0x08002289   Thumb Code    66  tasks.o(.text)
    vTaskMissedYield                         0x080022cb   Thumb Code     8  tasks.o(.text)
    uxTaskGetTaskNumber                      0x080022d3   Thumb Code     8  tasks.o(.text)
    vTaskSetTaskNumber                       0x080022db   Thumb Code     8  tasks.o(.text)
    xTaskGetCurrentTaskHandle                0x080022e3   Thumb Code     6  tasks.o(.text)
    uxTaskResetEventItemValue                0x080022e9   Thumb Code    20  tasks.o(.text)
    ulTaskNotifyTake                         0x080022fd   Thumb Code    96  tasks.o(.text)
    xTaskNotifyWait                          0x0800235d   Thumb Code   128  tasks.o(.text)
    xTaskGenericNotify                       0x080023dd   Thumb Code   150  tasks.o(.text)
    xTaskGenericNotifyFromISR                0x08002473   Thumb Code   178  tasks.o(.text)
    vTaskNotifyGiveFromISR                   0x08002525   Thumb Code   146  tasks.o(.text)
    xTaskNotifyStateClear                    0x080025b7   Thumb Code    44  tasks.o(.text)
    pxPortInitialiseStack                    0x08002719   Thumb Code    28  port.o(.text)
    vPortSetupTimerInterrupt                 0x08002735   Thumb Code    14  port.o(.text)
    xPortStartScheduler                      0x08002743   Thumb Code    38  port.o(.text)
    vPortEndScheduler                        0x08002769   Thumb Code     2  port.o(.text)
    vPortEnterCritical                       0x0800276b   Thumb Code    24  port.o(.text)
    vPortExitCritical                        0x08002783   Thumb Code    16  port.o(.text)
    xPortSysTickHandler                      0x08002793   Thumb Code    40  port.o(.text)
    pvPortMalloc                             0x080027cd   Thumb Code   172  heap_2.o(.text)
    vPortFree                                0x08002879   Thumb Code    56  heap_2.o(.text)
    xPortGetFreeHeapSize                     0x080028b1   Thumb Code     6  heap_2.o(.text)
    vPortInitialiseBlocks                    0x080028b7   Thumb Code     2  heap_2.o(.text)
    ethernetif_input                         0x080028c1   Thumb Code    94  ethernetif.o(.text)
    ethernetif_init                          0x08002949   Thumb Code    92  ethernetif.o(.text)
    sys_mbox_new                             0x080029bd   Thumb Code    40  sys_arch.o(.text)
    sys_mbox_free                            0x080029e5   Thumb Code    40  sys_arch.o(.text)
    sys_mbox_post                            0x08002a0d   Thumb Code    26  sys_arch.o(.text)
    sys_mbox_trypost                         0x08002a27   Thumb Code    38  sys_arch.o(.text)
    sys_arch_mbox_fetch                      0x08002a4d   Thumb Code    76  sys_arch.o(.text)
    sys_arch_mbox_tryfetch                   0x08002a99   Thumb Code    28  sys_arch.o(.text)
    sys_sem_new                              0x08002ab5   Thumb Code    88  sys_arch.o(.text)
    sys_arch_sem_wait                        0x08002b0d   Thumb Code    66  sys_arch.o(.text)
    sys_sem_signal                           0x08002b4f   Thumb Code    10  sys_arch.o(.text)
    sys_sem_free                             0x08002b59   Thumb Code    16  sys_arch.o(.text)
    sys_init                                 0x08002b69   Thumb Code    28  sys_arch.o(.text)
    sys_arch_timeouts                        0x08002b85   Thumb Code    38  sys_arch.o(.text)
    sys_arch_protect                         0x08002bab   Thumb Code    10  sys_arch.o(.text)
    sys_arch_unprotect                       0x08002bb5   Thumb Code     4  sys_arch.o(.text)
    sys_thread_new                           0x08002bb9   Thumb Code    60  sys_arch.o(.text)
    sys_assert                               0x08002bf5   Thumb Code     6  sys_arch.o(.text)
    etharp_tmr                               0x08002c09   Thumb Code    78  etharp.o(.text)
    etharp_find_addr                         0x08002e6b   Thumb Code    52  etharp.o(.text)
    etharp_ip_input                          0x08002e9f   Thumb Code    38  etharp.o(.text)
    etharp_arp_input                         0x08002ec5   Thumb Code   262  etharp.o(.text)
    etharp_request                           0x08002fcb   Thumb Code    32  etharp.o(.text)
    etharp_query                             0x08002feb   Thumb Code   314  etharp.o(.text)
    etharp_output                            0x08003125   Thumb Code   186  etharp.o(.text)
    ethernet_input                           0x080031df   Thumb Code    98  etharp.o(.text)
    dns_setserver                            0x08003329   Thumb Code    34  dns.o(.text)
    dns_init                                 0x080034af   Thumb Code    56  dns.o(.text)
    dns_getserver                            0x080034e7   Thumb Code    20  dns.o(.text)
    dns_tmr                                  0x08003663   Thumb Code    28  dns.o(.text)
    dns_gethostbyname                        0x0800367f   Thumb Code   182  dns.o(.text)
    mem_init                                 0x080037e9   Thumb Code    58  mem.o(.text)
    mem_free                                 0x08003823   Thumb Code    98  mem.o(.text)
    mem_realloc                              0x08003885   Thumb Code   252  mem.o(.text)
    mem_malloc                               0x08003981   Thumb Code   250  mem.o(.text)
    mem_calloc                               0x08003a7b   Thumb Code    26  mem.o(.text)
    memp_init                                0x08003af1   Thumb Code   108  memp.o(.text)
    memp_malloc                              0x08003b5d   Thumb Code    80  memp.o(.text)
    memp_free                                0x08003bad   Thumb Code    60  memp.o(.text)
    netif_set_gw                             0x08003bf5   Thumb Code     8  netif.o(.text)
    netif_set_netmask                        0x08003bfd   Thumb Code     8  netif.o(.text)
    netif_set_ipaddr                         0x08003c05   Thumb Code    96  netif.o(.text)
    netif_set_addr                           0x08003c65   Thumb Code    30  netif.o(.text)
    netif_add                                0x08003c83   Thumb Code    68  netif.o(.text)
    netif_set_default                        0x08003cc7   Thumb Code     6  netif.o(.text)
    netif_remove                             0x08003ccd   Thumb Code    52  netif.o(.text)
    netif_find                               0x08003d01   Thumb Code    58  netif.o(.text)
    netif_set_up                             0x08003d3b   Thumb Code    28  netif.o(.text)
    netif_set_down                           0x08003d57   Thumb Code    18  netif.o(.text)
    netif_is_up                              0x08003d69   Thumb Code    10  netif.o(.text)
    pbuf_free                                0x08003de1   Thumb Code    82  pbuf.o(.text)
    pbuf_alloc                               0x08003e33   Thumb Code   280  pbuf.o(.text)
    pbuf_realloc                             0x08003f4b   Thumb Code    78  pbuf.o(.text)
    pbuf_header                              0x08003f99   Thumb Code    90  pbuf.o(.text)
    pbuf_clen                                0x08003ff3   Thumb Code    18  pbuf.o(.text)
    pbuf_ref                                 0x08004005   Thumb Code    26  pbuf.o(.text)
    pbuf_cat                                 0x0800401f   Thumb Code    32  pbuf.o(.text)
    pbuf_chain                               0x0800403f   Thumb Code    16  pbuf.o(.text)
    pbuf_dechain                             0x0800404f   Thumb Code    38  pbuf.o(.text)
    pbuf_copy                                0x08004075   Thumb Code    88  pbuf.o(.text)
    pbuf_copy_partial                        0x080040cd   Thumb Code   100  pbuf.o(.text)
    pbuf_take                                0x08004131   Thumb Code    88  pbuf.o(.text)
    pbuf_coalesce                            0x08004189   Thumb Code    44  pbuf.o(.text)
    raw_input                                0x080041b5   Thumb Code   100  raw.o(.text)
    raw_bind                                 0x08004219   Thumb Code    10  raw.o(.text)
    raw_connect                              0x08004223   Thumb Code    10  raw.o(.text)
    raw_recv                                 0x0800422d   Thumb Code     6  raw.o(.text)
    raw_sendto                               0x08004233   Thumb Code   138  raw.o(.text)
    raw_send                                 0x080042bd   Thumb Code     4  raw.o(.text)
    raw_remove                               0x080042c1   Thumb Code    40  raw.o(.text)
    raw_new                                  0x080042e9   Thumb Code    38  raw.o(.text)
    sys_mbox_fetch                           0x08004315   Thumb Code   100  sys.o(.text)
    sys_sem_wait                             0x08004379   Thumb Code    94  sys.o(.text)
    sys_timeout                              0x080043d7   Thumb Code    98  sys.o(.text)
    sys_untimeout                            0x08004439   Thumb Code    78  sys.o(.text)
    sys_sem_wait_timeout                     0x08004493   Thumb Code    58  sys.o(.text)
    sys_msleep                               0x080044cd   Thumb Code    28  sys.o(.text)
    tcp_seg_free                             0x080044ed   Thumb Code    32  tcp.o(.text)
    tcp_segs_free                            0x0800450d   Thumb Code    26  tcp.o(.text)
    tcp_pcb_purge                            0x08004527   Thumb Code    66  tcp.o(.text)
    tcp_slowtmr                              0x08004569   Thumb Code   572  tcp.o(.text)
    tcp_pcb_remove                           0x080047a5   Thumb Code    88  tcp.o(.text)
    tcp_close                                0x080047fd   Thumb Code   152  tcp.o(.text)
    tcp_update_rcv_ann_wnd                   0x08004895   Thumb Code    52  tcp.o(.text)
    tcp_recved                               0x080048c9   Thumb Code    56  tcp.o(.text)
    tcp_recv_null                            0x08004901   Thumb Code    34  tcp.o(.text)
    tcp_fasttmr                              0x08004923   Thumb Code   110  tcp.o(.text)
    tcp_tmr                                  0x08004991   Thumb Code    26  tcp.o(.text)
    tcp_abandon                              0x080049ab   Thumb Code   152  tcp.o(.text)
    tcp_bind                                 0x08004a9f   Thumb Code   176  tcp.o(.text)
    tcp_listen_with_backlog                  0x08004b55   Thumb Code   124  tcp.o(.text)
    tcp_eff_send_mss                         0x08004bd1   Thumb Code    32  tcp.o(.text)
    tcp_next_iss                             0x08004bf1   Thumb Code    12  tcp.o(.text)
    tcp_connect                              0x08004bfd   Thumb Code   176  tcp.o(.text)
    tcp_setprio                              0x08004cad   Thumb Code     4  tcp.o(.text)
    tcp_seg_copy                             0x08004cb1   Thumb Code    36  tcp.o(.text)
    tcp_alloc                                0x08004cd5   Thumb Code   280  tcp.o(.text)
    tcp_new                                  0x08004ded   Thumb Code     4  tcp.o(.text)
    tcp_arg                                  0x08004df1   Thumb Code     4  tcp.o(.text)
    tcp_recv                                 0x08004df5   Thumb Code     6  tcp.o(.text)
    tcp_sent                                 0x08004dfb   Thumb Code     6  tcp.o(.text)
    tcp_err                                  0x08004e01   Thumb Code     6  tcp.o(.text)
    tcp_accept                               0x08004e07   Thumb Code     4  tcp.o(.text)
    tcp_poll                                 0x08004e0b   Thumb Code    10  tcp.o(.text)
    tcp_debug_state_str                      0x08004e15   Thumb Code     8  tcp.o(.text)
    tcp_input                                0x080059ed   Thumb Code   914  tcp_in.o(.text)
    tcp_enqueue                              0x08005e69   Thumb Code   824  tcp_out.o(.text)
    tcp_send_ctrl                            0x080061a1   Thumb Code    22  tcp_out.o(.text)
    tcp_write                                0x080061b7   Thumb Code    46  tcp_out.o(.text)
    tcp_send_empty_ack                       0x080061e5   Thumb Code   106  tcp_out.o(.text)
    tcp_output                               0x0800631f   Thumb Code   420  tcp_out.o(.text)
    tcp_rst                                  0x080064c3   Thumb Code   184  tcp_out.o(.text)
    tcp_rexmit_rto                           0x0800657b   Thumb Code    44  tcp_out.o(.text)
    tcp_rexmit                               0x080065a7   Thumb Code    72  tcp_out.o(.text)
    tcp_rexmit_fast                          0x080065ef   Thumb Code    92  tcp_out.o(.text)
    tcp_keepalive                            0x0800664b   Thumb Code   114  tcp_out.o(.text)
    tcp_zero_window_probe                    0x080066bd   Thumb Code   180  tcp_out.o(.text)
    udp_input                                0x08006775   Thumb Code   428  udp.o(.text)
    udp_bind                                 0x08006921   Thumb Code    86  udp.o(.text)
    udp_sendto_if                            0x08006977   Thumb Code   218  udp.o(.text)
    udp_sendto                               0x08006a51   Thumb Code    50  udp.o(.text)
    udp_send                                 0x08006a83   Thumb Code     6  udp.o(.text)
    udp_connect                              0x08006a89   Thumb Code    70  udp.o(.text)
    udp_disconnect                           0x08006acf   Thumb Code    20  udp.o(.text)
    udp_recv                                 0x08006ae3   Thumb Code     6  udp.o(.text)
    udp_remove                               0x08006ae9   Thumb Code    40  udp.o(.text)
    udp_new                                  0x08006b11   Thumb Code    26  udp.o(.text)
    icmp_input                               0x08006b39   Thumb Code   422  icmp.o(.text)
    icmp_dest_unreach                        0x08006d4f   Thumb Code     6  icmp.o(.text)
    icmp_time_exceeded                       0x08006d55   Thumb Code     6  icmp.o(.text)
    htonl                                    0x08006d61   Thumb Code     4  inet.o(.text)
    inet_aton                                0x08006d65   Thumb Code   238  inet.o(.text)
    inet_addr                                0x08006e53   Thumb Code    20  inet.o(.text)
    inet_ntoa                                0x08006e67   Thumb Code    80  inet.o(.text)
    htons                                    0x08006eb7   Thumb Code     4  inet.o(.text)
    ntohs                                    0x08006ebb   Thumb Code     4  inet.o(.text)
    ntohl                                    0x08006ebf   Thumb Code     4  inet.o(.text)
    inet_chksum_pseudo                       0x08006f05   Thumb Code   134  inet_chksum.o(.text)
    inet_chksum                              0x08006f8b   Thumb Code    12  inet_chksum.o(.text)
    inet_chksum_pbuf                         0x08006f97   Thumb Code    72  inet_chksum.o(.text)
    ip_route                                 0x08006fe1   Thumb Code    72  ip.o(.text)
    ip_input                                 0x080070d1   Thumb Code   494  ip.o(.text)
    ip_output_if                             0x080072bf   Thumb Code   236  ip.o(.text)
    ip_output                                0x080073ab   Thumb Code    78  ip.o(.text)
    ip_addr_isbroadcast                      0x080073fd   Thumb Code    48  ip_addr.o(.text)
    ip_reass_tmr                             0x08007497   Thumb Code    40  ip_frag.o(.text)
    ip_reass                                 0x08007615   Thumb Code   468  ip_frag.o(.text)
    ip_frag                                  0x080077e9   Thumb Code   320  ip_frag.o(.text)
    vlwIPInit                                0x08007951   Thumb Code    26  lwipentry.o(.text)
    LwIPEntry                                0x0800796b   Thumb Code    98  lwipentry.o(.text)
    netconn_new_with_proto_and_callback      0x080079d1   Thumb Code    66  api_lib.o(.text)
    netconn_delete                           0x08007a13   Thumb Code    36  api_lib.o(.text)
    netconn_getaddr                          0x08007a37   Thumb Code    32  api_lib.o(.text)
    netconn_bind                             0x08007a57   Thumb Code    30  api_lib.o(.text)
    netconn_connect                          0x08007a75   Thumb Code    30  api_lib.o(.text)
    netconn_disconnect                       0x08007a93   Thumb Code    24  api_lib.o(.text)
    netconn_listen_with_backlog              0x08007aab   Thumb Code    24  api_lib.o(.text)
    netconn_accept                           0x08007ac3   Thumb Code    30  api_lib.o(.text)
    netconn_recv                             0x08007ae1   Thumb Code   222  api_lib.o(.text)
    netconn_send                             0x08007bbf   Thumb Code    26  api_lib.o(.text)
    netconn_sendto                           0x08007bd9   Thumb Code    14  api_lib.o(.text)
    netconn_write                            0x08007be7   Thumb Code    32  api_lib.o(.text)
    netconn_close                            0x08007c07   Thumb Code    24  api_lib.o(.text)
    netconn_gethostbyname                    0x08007c1f   Thumb Code    64  api_lib.o(.text)
    netconn_free                             0x08008005   Thumb Code   104  api_msg.o(.text)
    netconn_alloc                            0x0800806d   Thumb Code    88  api_msg.o(.text)
    do_newconn                               0x08008111   Thumb Code    28  api_msg.o(.text)
    do_delconn                               0x0800812d   Thumb Code   102  api_msg.o(.text)
    do_bind                                  0x08008193   Thumb Code    92  api_msg.o(.text)
    do_connect                               0x0800821b   Thumb Code    96  api_msg.o(.text)
    do_disconnect                            0x0800827b   Thumb Code    34  api_msg.o(.text)
    do_listen                                0x0800829d   Thumb Code   142  api_msg.o(.text)
    do_send                                  0x0800832b   Thumb Code   118  api_msg.o(.text)
    do_recv                                  0x080083a1   Thumb Code    46  api_msg.o(.text)
    do_write                                 0x080083cf   Thumb Code    52  api_msg.o(.text)
    do_getaddr                               0x08008403   Thumb Code   114  api_msg.o(.text)
    do_close                                 0x08008475   Thumb Code    32  api_msg.o(.text)
    do_gethostbyname                         0x080084af   Thumb Code    36  api_msg.o(.text)
    netbuf_new                               0x08008569   Thumb Code    24  netbuf.o(.text)
    netbuf_delete                            0x08008581   Thumb Code    34  netbuf.o(.text)
    netbuf_alloc                             0x080085a3   Thumb Code    36  netbuf.o(.text)
    netbuf_free                              0x080085c7   Thumb Code    20  netbuf.o(.text)
    netbuf_ref                               0x080085db   Thumb Code    56  netbuf.o(.text)
    netbuf_chain                             0x08008613   Thumb Code    30  netbuf.o(.text)
    netbuf_data                              0x08008631   Thumb Code    24  netbuf.o(.text)
    netbuf_next                              0x08008649   Thumb Code    26  netbuf.o(.text)
    netbuf_first                             0x08008663   Thumb Code     6  netbuf.o(.text)
    tcp_timer_needed                         0x08008691   Thumb Code    36  tcpip.o(.text)
    tcpip_input                              0x0800878d   Thumb Code    68  tcpip.o(.text)
    tcpip_callback_with_block                0x080087d1   Thumb Code    86  tcpip.o(.text)
    tcpip_timeout                            0x08008827   Thumb Code    58  tcpip.o(.text)
    tcpip_untimeout                          0x08008861   Thumb Code    52  tcpip.o(.text)
    tcpip_apimsg                             0x08008895   Thumb Code    48  tcpip.o(.text)
    tcpip_init                               0x080088c5   Thumb Code    36  tcpip.o(.text)
    pbuf_free_callback                       0x080088ed   Thumb Code     8  tcpip.o(.text)
    mem_free_callback                        0x080088f5   Thumb Code     8  tcpip.o(.text)
    __aeabi_memcpy                           0x08008935   Thumb Code    36  memcpya.o(.text)
    __aeabi_memcpy4                          0x08008935   Thumb Code     0  memcpya.o(.text)
    __aeabi_memcpy8                          0x08008935   Thumb Code     0  memcpya.o(.text)
    __aeabi_memset                           0x08008959   Thumb Code    14  memseta.o(.text)
    __aeabi_memset4                          0x08008959   Thumb Code     0  memseta.o(.text)
    __aeabi_memset8                          0x08008959   Thumb Code     0  memseta.o(.text)
    __aeabi_memclr                           0x08008967   Thumb Code     4  memseta.o(.text)
    __aeabi_memclr4                          0x08008967   Thumb Code     0  memseta.o(.text)
    __aeabi_memclr8                          0x08008967   Thumb Code     0  memseta.o(.text)
    _memset$wrapper                          0x0800896b   Thumb Code    18  memseta.o(.text)
    strlen                                   0x0800897d   Thumb Code    14  strlen.o(.text)
    strcmp                                   0x0800898b   Thumb Code    28  strcmp.o(.text)
    strcpy                                   0x080089a7   Thumb Code    18  strcpy.o(.text)
    __aeabi_uidiv                            0x080089b9   Thumb Code     0  uidiv.o(.text)
    __aeabi_uidivmod                         0x080089b9   Thumb Code    44  uidiv.o(.text)
    __aeabi_uldivmod                         0x080089e5   Thumb Code    98  uldiv.o(.text)
    __I$use$fp                               0x08008a47   Thumb Code     0  iusefp.o(.text)
    __aeabi_dadd                             0x08008a47   Thumb Code   322  dadd.o(.text)
    __aeabi_dsub                             0x08008b89   Thumb Code     6  dadd.o(.text)
    __aeabi_drsub                            0x08008b8f   Thumb Code     6  dadd.o(.text)
    __aeabi_dmul                             0x08008b95   Thumb Code   228  dmul.o(.text)
    __aeabi_ddiv                             0x08008c79   Thumb Code   222  ddiv.o(.text)
    __aeabi_d2ulz                            0x08008d57   Thumb Code    48  dfixul.o(.text)
    __aeabi_cdrcmple                         0x08008d89   Thumb Code    38  cdrcmple.o(.text)
    __scatterload                            0x08008db1   Thumb Code    28  init.o(.text)
    __scatterload_rt2                        0x08008db1   Thumb Code     0  init.o(.text)
    __aeabi_llsl                             0x08008dd5   Thumb Code    30  llshl.o(.text)
    _ll_shift_l                              0x08008dd5   Thumb Code     0  llshl.o(.text)
    __aeabi_llsr                             0x08008df3   Thumb Code    32  llushr.o(.text)
    _ll_ushift_r                             0x08008df3   Thumb Code     0  llushr.o(.text)
    __aeabi_lasr                             0x08008e13   Thumb Code    36  llsshr.o(.text)
    _ll_sshift_r                             0x08008e13   Thumb Code     0  llsshr.o(.text)
    _double_round                            0x08008e37   Thumb Code    26  depilogue.o(.text)
    _double_epilogue                         0x08008e51   Thumb Code   156  depilogue.o(.text)
    __decompress                             0x08008eed   Thumb Code     0  __dczerorl2.o(.text)
    __decompress1                            0x08008eed   Thumb Code    86  __dczerorl2.o(.text)
    __0vsprintf                              0x08008f45   Thumb Code    30  printfa.o(i.__0vsprintf)
    __1vsprintf                              0x08008f45   Thumb Code     0  printfa.o(i.__0vsprintf)
    __2vsprintf                              0x08008f45   Thumb Code     0  printfa.o(i.__0vsprintf)
    __c89vsprintf                            0x08008f45   Thumb Code     0  printfa.o(i.__0vsprintf)
    vsprintf                                 0x08008f45   Thumb Code     0  printfa.o(i.__0vsprintf)
    __scatterload_copy                       0x08008f69   Thumb Code    14  handlers.o(i.__scatterload_copy)
    __scatterload_null                       0x08008f77   Thumb Code     2  handlers.o(i.__scatterload_null)
    __scatterload_zeroinit                   0x08008f79   Thumb Code    14  handlers.o(i.__scatterload_zeroinit)
    ethbroadcast                             0x08009824   Data           6  etharp.o(.constdata)
    ethzero                                  0x0800982a   Data           6  etharp.o(.constdata)
    tcp_persist_backoff                      0x08009868   Data           7  tcp.o(.constdata)
    tcp_backoff                              0x0800986f   Data          13  tcp.o(.constdata)
    ip_addr_any                              0x0800987c   Data           4  ip_addr.o(.constdata)
    Region$$Table$$Base                      0x08009970   Number         0  anon$$obj.o(Region$$Table)
    Region$$Table$$Limit                     0x08009990   Number         0  anon$$obj.o(Region$$Table)
    serverIP                                 0x20000000   Data           4  netconfig.o(.data)
    maskIP                                   0x20000004   Data           4  netconfig.o(.data)
    gateIP                                   0x20000008   Data           4  netconfig.o(.data)
    m_mac                                    0x2000000c   Data           6  netconfig.o(.data)
    pxCurrentTCB                             0x20000030   Data           4  tasks.o(.data)
    netif_list                               0x200000b0   Data           4  netif.o(.data)
    netif_default                            0x200000b4   Data           4  netif.o(.data)
    tcp_ticks                                0x200000c8   Data           4  tcp.o(.data)
    tcp_bound_pcbs                           0x200000cc   Data           4  tcp.o(.data)
    tcp_listen_pcbs                          0x200000d0   Data           4  tcp.o(.data)
    tcp_active_pcbs                          0x200000d4   Data           4  tcp.o(.data)
    tcp_tw_pcbs                              0x200000d8   Data           4  tcp.o(.data)
    tcp_tmp_pcb                              0x200000dc   Data           4  tcp.o(.data)
    tcp_state_str                            0x200000e0   Data          44  tcp.o(.data)
    tcp_input_pcb                            0x20000124   Data           4  tcp_in.o(.data)
    udp_pcbs                                 0x20000128   Data           4  udp.o(.data)
    current_netif                            0x20000130   Data           4  ip.o(.data)
    current_header                           0x20000134   Data           4  ip.o(.data)
    DM9000AEP                                0x20000150   Data          48  netconfig.o(.bss)
    Rx_Data_Buf                              0x200046ac   Data        1516  ethernetif.o(.bss)
    Tx_Data_Buf                              0x20004c98   Data        1516  ethernetif.o(.bss)
    lwip_stats                               0x200091ec   Data         330  stats.o(.bss)
    __initial_sp                             0x20009f30   Data           0  cstartup.o(STACK)



==============================================================================

Memory Map of the image

  Image Entry point : 0x080000ed

  Load Region LR_IROM1 (Base: 0x08000000, Size: 0x00009ae0, Max: 0x00040000, ABSOLUTE, COMPRESSED[0x000099d4])

    Execution Region ER_IROM1 (Base: 0x08000000, Size: 0x00009990, Max: 0x00040000, ABSOLUTE)

    Base Addr    Size         Type   Attr      Idx    E Section Name        Object

    0x08000000   0x000000ec   Data   RO          441    RESET               cstartup.o
    0x080000ec   0x00000000   Code   RO         1660  * .ARM.Collect$$$$00000000  mc_w.l(entry.o)
    0x080000ec   0x00000004   Code   RO         1705    .ARM.Collect$$$$00000001  mc_w.l(entry2.o)
    0x080000f0   0x00000004   Code   RO         1708    .ARM.Collect$$$$00000004  mc_w.l(entry5.o)
    0x080000f4   0x00000000   Code   RO         1710    .ARM.Collect$$$$00000008  mc_w.l(entry7b.o)
    0x080000f4   0x00000000   Code   RO         1712    .ARM.Collect$$$$0000000A  mc_w.l(entry8b.o)
    0x080000f4   0x00000008   Code   RO         1713    .ARM.Collect$$$$0000000B  mc_w.l(entry9a.o)
    0x080000fc   0x00000000   Code   RO         1715    .ARM.Collect$$$$0000000D  mc_w.l(entry10a.o)
    0x080000fc   0x00000000   Code   RO         1717    .ARM.Collect$$$$0000000F  mc_w.l(entry11a.o)
    0x080000fc   0x00000004   Code   RO         1706    .ARM.Collect$$$$00002712  mc_w.l(entry2.o)
    0x08000100   0x00000096   Code   RO          691    .emb_text           port.o
    0x08000196   0x00000002   PAD
    0x08000198   0x00000050   Code   RO            3    .text               main.o
    0x080001e8   0x000000c4   Code   RO          189    .text               app_led.o
    0x080002ac   0x000000cc   Code   RO          222    .text               netconfig.o
    0x08000378   0x000001ec   Code   RO          346    .text               app_serial.o
    0x08000564   0x000000c4   Code   RO          393    .text               bsp.o
    0x08000628   0x000003c8   Code   RO          413    .text               dm9000x.o
    0x080009f0   0x0000001c   Code   RO          442    .text               cstartup.o
    0x08000a0c   0x00000264   Code   RO          448    .text               stm32f10x_gpio.o
    0x08000c70   0x000002b8   Code   RO          468    .text               stm32f10x_rcc.o
    0x08000f28   0x000000b0   Code   RO          516    .text               misc.o
    0x08000fd8   0x00000328   Code   RO          536    .text               stm32f10x_usart.o
    0x08001300   0x00000088   Code   RO          626    .text               list.o
    0x08001388   0x00000552   Code   RO          638    .text               queue.o
    0x080018da   0x00000002   PAD
    0x080018dc   0x00000e2c   Code   RO          653    .text               tasks.o
    0x08002708   0x000000c4   Code   RO          692    .text               port.o
    0x080027cc   0x000000f4   Code   RO          722    .text               heap_2.o
    0x080028c0   0x000000fc   Code   RO          739    .text               ethernetif.o
    0x080029bc   0x0000024c   Code   RO          775    .text               sys_arch.o
    0x08002c08   0x00000720   Code   RO          821    .text               etharp.o
    0x08003328   0x000004c0   Code   RO          908    .text               dns.o
    0x080037e8   0x00000308   Code   RO          961    .text               mem.o
    0x08003af0   0x00000104   Code   RO          979    .text               memp.o
    0x08003bf4   0x0000018c   Code   RO         1012    .text               netif.o
    0x08003d80   0x00000434   Code   RO         1035    .text               pbuf.o
    0x080041b4   0x00000160   Code   RO         1062    .text               raw.o
    0x08004314   0x000001d8   Code   RO         1088    .text               sys.o
    0x080044ec   0x00000938   Code   RO         1109    .text               tcp.o
    0x08004e24   0x00000fc8   Code   RO         1131    .text               tcp_in.o
    0x08005dec   0x00000988   Code   RO         1154    .text               tcp_out.o
    0x08006774   0x000003c4   Code   RO         1166    .text               udp.o
    0x08006b38   0x00000228   Code   RO         1184    .text               icmp.o
    0x08006d60   0x00000168   Code   RO         1202    .text               inet.o
    0x08006ec8   0x00000116   Code   RO         1216    .text               inet_chksum.o
    0x08006fde   0x00000002   PAD
    0x08006fe0   0x0000041c   Code   RO         1232    .text               ip.o
    0x080073fc   0x00000030   Code   RO         1253    .text               ip_addr.o
    0x0800742c   0x00000524   Code   RO         1276    .text               ip_frag.o
    0x08007950   0x00000080   Code   RO         1293    .text               lwipentry.o
    0x080079d0   0x000002c0   Code   RO         1380    .text               api_lib.o
    0x08007c90   0x000008d8   Code   RO         1428    .text               api_msg.o
    0x08008568   0x00000100   Code   RO         1489    .text               netbuf.o
    0x08008668   0x000002cc   Code   RO         1603    .text               tcpip.o
    0x08008934   0x00000024   Code   RO         1663    .text               mc_w.l(memcpya.o)
    0x08008958   0x00000024   Code   RO         1665    .text               mc_w.l(memseta.o)
    0x0800897c   0x0000000e   Code   RO         1667    .text               mc_w.l(strlen.o)
    0x0800898a   0x0000001c   Code   RO         1669    .text               mc_w.l(strcmp.o)
    0x080089a6   0x00000012   Code   RO         1671    .text               mc_w.l(strcpy.o)
    0x080089b8   0x0000002c   Code   RO         1722    .text               mc_w.l(uidiv.o)
    0x080089e4   0x00000062   Code   RO         1724    .text               mc_w.l(uldiv.o)
    0x08008a46   0x00000000   Code   RO         1735    .text               mc_w.l(iusefp.o)
    0x08008a46   0x0000014e   Code   RO         1736    .text               mf_w.l(dadd.o)
    0x08008b94   0x000000e4   Code   RO         1738    .text               mf_w.l(dmul.o)
    0x08008c78   0x000000de   Code   RO         1740    .text               mf_w.l(ddiv.o)
    0x08008d56   0x00000030   Code   RO         1742    .text               mf_w.l(dfixul.o)
    0x08008d86   0x00000002   PAD
    0x08008d88   0x00000028   Code   RO         1744    .text               mf_w.l(cdrcmple.o)
    0x08008db0   0x00000024   Code   RO         1746    .text               mc_w.l(init.o)
    0x08008dd4   0x0000001e   Code   RO         1749    .text               mc_w.l(llshl.o)
    0x08008df2   0x00000020   Code   RO         1751    .text               mc_w.l(llushr.o)
    0x08008e12   0x00000024   Code   RO         1753    .text               mc_w.l(llsshr.o)
    0x08008e36   0x000000b6   Code   RO         1786    .text               mf_w.l(depilogue.o)
    0x08008eec   0x00000056   Code   RO         1798    .text               mc_w.l(__dczerorl2.o)
    0x08008f42   0x00000002   PAD
    0x08008f44   0x00000024   Code   RO         1682    i.__0vsprintf       mc_w.l(printfa.o)
    0x08008f68   0x0000000e   Code   RO         1792    i.__scatterload_copy  mc_w.l(handlers.o)
    0x08008f76   0x00000002   Code   RO         1793    i.__scatterload_null  mc_w.l(handlers.o)
    0x08008f78   0x0000000e   Code   RO         1794    i.__scatterload_zeroinit  mc_w.l(handlers.o)
    0x08008f86   0x00000002   PAD
    0x08008f88   0x00000164   Code   RO         1683    i._fp_digits        mc_w.l(printfa.o)
    0x080090ec   0x000006dc   Code   RO         1684    i._printf_core      mc_w.l(printfa.o)
    0x080097c8   0x00000024   Code   RO         1685    i._printf_post_padding  mc_w.l(printfa.o)
    0x080097ec   0x0000002e   Code   RO         1686    i._printf_pre_padding  mc_w.l(printfa.o)
    0x0800981a   0x0000000a   Code   RO         1688    i._sputc            mc_w.l(printfa.o)
    0x08009824   0x0000000c   Data   RO          823    .constdata          etharp.o
    0x08009830   0x00000038   Data   RO          981    .constdata          memp.o
    0x08009868   0x00000014   Data   RO         1110    .constdata          tcp.o
    0x0800987c   0x00000004   Data   RO         1254    .constdata          ip_addr.o
    0x08009880   0x00000075   Data   RO         1111    .conststring        tcp.o
    0x080098f5   0x00000003   PAD
    0x080098f8   0x00000078   Data   RO         1294    .conststring        lwipentry.o
    0x08009970   0x00000020   Data   RO         1790    Region$$Table       anon$$obj.o


    Execution Region RW_IRAM1 (Base: 0x20000000, Size: 0x00009f30, Max: 0x0000c000, ABSOLUTE, COMPRESSED[0x00000044])

    Base Addr    Size         Type   Attr      Idx    E Section Name        Object

    0x20000000   0x00000012   Data   RW          230    .data               netconfig.o
    0x20000012   0x00000002   PAD
    0x20000014   0x00000008   Data   RW          347    .data               app_serial.o
    0x2000001c   0x00000014   Data   RW          469    .data               stm32f10x_rcc.o
    0x20000030   0x0000003c   Data   RW          655    .data               tasks.o
    0x2000006c   0x00000004   Data   RW          693    .data               port.o
    0x20000070   0x00000018   Data   RW          724    .data               heap_2.o
    0x20000088   0x00000002   Data   RW          777    .data               sys_arch.o
    0x2000008a   0x00000001   Data   RW          824    .data               etharp.o
    0x2000008b   0x00000001   PAD
    0x2000008c   0x00000010   Data   RW          910    .data               dns.o
    0x2000009c   0x00000010   Data   RW          963    .data               mem.o
    0x200000ac   0x0000000c   Data   RW         1013    .data               netif.o
    0x200000b8   0x00000001   Data   RW         1036    .data               pbuf.o
    0x200000b9   0x00000003   PAD
    0x200000bc   0x00000004   Data   RW         1063    .data               raw.o
    0x200000c0   0x0000004c   Data   RW         1112    .data               tcp.o
    0x2000010c   0x0000001c   Data   RW         1133    .data               tcp_in.o
    0x20000128   0x00000004   Data   RW         1167    .data               udp.o
    0x2000012c   0x0000000c   Data   RW         1233    .data               ip.o
    0x20000138   0x00000008   Data   RW         1278    .data               ip_frag.o
    0x20000140   0x00000010   Data   RW         1604    .data               tcpip.o
    0x20000150   0x00000030   Zero   RW          224    .bss                netconfig.o
    0x20000180   0x0000012c   Zero   RW          654    .bss                tasks.o
    0x200002ac   0x00004400   Zero   RW          723    .bss                heap_2.o
    0x200046ac   0x00000bd8   Zero   RW          740    .bss                ethernetif.o
    0x20005284   0x00000028   Zero   RW          776    .bss                sys_arch.o
    0x200052ac   0x000000c8   Zero   RW          822    .bss                etharp.o
    0x20005374   0x00000660   Zero   RW          909    .bss                dns.o
    0x200059d4   0x000007e4   Zero   RW          962    .bss                mem.o
    0x200061b8   0x00003033   Zero   RW          980    .bss                memp.o
    0x200091eb   0x00000001   PAD
    0x200091ec   0x0000014a   Zero   RW         1076    .bss                stats.o
    0x20009336   0x00000002   PAD
    0x20009338   0x00000014   Zero   RW         1132    .bss                tcp_in.o
    0x2000934c   0x00000010   Zero   RW         1203    .bss                inet.o
    0x2000935c   0x000007d4   Zero   RW         1277    .bss                ip_frag.o
    0x20009b30   0x00000400   Zero   RW          439    STACK               cstartup.o


==============================================================================

Image component sizes


      Code (inc. data)   RO Data    RW Data    ZI Data      Debug   Object Name

       704         50          0          0          0      18642   api_lib.o
      2264         38          0          0          0      25067   api_msg.o
       196         14          0          0          0       1435   app_led.o
       492         30          0          8          0       9898   app_serial.o
       196          8          0          0          0       1131   bsp.o
        28          4        236          0       1024        792   cstartup.o
       968         20          0          0          0       4114   dm9000x.o
      1216         50          0         16       1632       5567   dns.o
      1824         30         12          1        200      16427   etharp.o
       252         24          0          0       3032       3644   ethernetif.o
         0          0          0          0          0       9540   event_groups.o
       244          8          0         24      17408       2968   heap_2.o
       552          6          0          0          0       2146   icmp.o
       360         12          0          0         16       2878   inet.o
       278          0          0          0          0       4938   inet_chksum.o
         0          0          0          0          0        672   init.o
      1052         20          0         12          0       5778   ip.o
        48          0          4          0          0       5345   ip_addr.o
      1316         22          0          8       2004       4700   ip_frag.o
       136          0          0          0          0       1650   list.o
       128          4        120          0          0      18469   lwipentry.o
        80         20          0          0          0     253654   main.o
       776         14          0         16       2020       3510   mem.o
       260         12         56          0      12339       3038   memp.o
       176         14          0          0          0       1649   misc.o
       256          0          0          0          0       6197   netbuf.o
       204         18          0         18         48      15486   netconfig.o
       396         14          0         12          0       4846   netif.o
      1076         14          0          1          0       5670   pbuf.o
       346         30          0          4          0       6962   port.o
      1362          6          0          0          0       9145   queue.o
       352          6          0          4          0       2889   raw.o
         0          0          0          0        330       3329   stats.o
       612         36          0          0          0       4925   stm32f10x_gpio.o
       696         32          0         20          0       8036   stm32f10x_rcc.o
       808         22          0          0          0       7252   stm32f10x_usart.o
       472          4          0          0          0       2676   sys.o
       588         14          0          2         40       7962   sys_arch.o
      3628         84          0         60        300      26586   tasks.o
      2360         46        137         76          0      16595   tcp.o
      4040         80          0         28         20      13272   tcp_in.o
      2440         28          0          0          0       5414   tcp_out.o
       716         62          0         16          0      20488   tcpip.o
       964         14          0          4          0       5301   udp.o

    ----------------------------------------------------------------------
     34868        910        600        336      40416     580683   Object Totals
         0          0         32          0          0          0   (incl. Generated)
         6          0          3          6          3          0   (incl. Padding)

    ----------------------------------------------------------------------

      Code (inc. data)   RO Data    RW Data    ZI Data      Debug   Library Member Name

        86          0          0          0          0          0   __dczerorl2.o
         0          0          0          0          0          0   entry.o
         0          0          0          0          0          0   entry10a.o
         0          0          0          0          0          0   entry11a.o
         8          4          0          0          0          0   entry2.o
         4          0          0          0          0          0   entry5.o
         0          0          0          0          0          0   entry7b.o
         0          0          0          0          0          0   entry8b.o
         8          4          0          0          0          0   entry9a.o
        30          0          0          0          0          0   handlers.o
        36          8          0          0          0         68   init.o
         0          0          0          0          0          0   iusefp.o
        30          0          0          0          0         68   llshl.o
        36          0          0          0          0         68   llsshr.o
        32          0          0          0          0         68   llushr.o
        36          0          0          0          0         68   memcpya.o
        36          0          0          0          0        108   memseta.o
      2240         86          0          0          0        508   printfa.o
        28          0          0          0          0         76   strcmp.o
        18          0          0          0          0         68   strcpy.o
        14          0          0          0          0         68   strlen.o
        44          0          0          0          0         80   uidiv.o
        98          0          0          0          0         92   uldiv.o
        40          2          0          0          0         68   cdrcmple.o
       334          0          0          0          0        148   dadd.o
       222          0          0          0          0        100   ddiv.o
       182          0          0          0          0        176   depilogue.o
        48          0          0          0          0         68   dfixul.o
       228          0          0          0          0         96   dmul.o

    ----------------------------------------------------------------------
      3844        104          0          0          0       1996   Library Totals
         6          0          0          0          0          0   (incl. Padding)

    ----------------------------------------------------------------------

      Code (inc. data)   RO Data    RW Data    ZI Data      Debug   Library Name

      2784        102          0          0          0       1340   mc_w.l
      1054          2          0          0          0        656   mf_w.l

    ----------------------------------------------------------------------
      3844        104          0          0          0       1996   Library Totals

    ----------------------------------------------------------------------

==============================================================================


      Code (inc. data)   RO Data    RW Data    ZI Data      Debug   

     38712       1014        600        336      40416     577399   Grand Totals
     38712       1014        600         68      40416     577399   ELF Image Totals (compressed)
     38712       1014        600         68          0          0   ROM Totals

==============================================================================

    Total RO  Size (Code + RO Data)                39312 (  38.39kB)
    Total RW  Size (RW Data + ZI Data)             40752 (  39.80kB)
    Total ROM Size (Code + RO Data + RW Data)      39380 (  38.46kB)

==============================================================================

